Resolving dependencies...
Build profile: -w ghc-9.10.2 -O1
In order, the following will be built (use -v for more details):
 - focuslist-0.1.1.0 (lib:focuslist, test:focuslist-doctests, test:focuslist-test) (first run)
[1 of 2] Compiling Main             ( dist-newstyle/build/x86_64-linux/ghc-9.10.2/focuslist-0.1.1.0/setup/setup.hs, dist-newstyle/build/x86_64-linux/ghc-9.10.2/focuslist-0.1.1.0/setup/Main.o )
[2 of 2] Linking dist-newstyle/build/x86_64-linux/ghc-9.10.2/focuslist-0.1.1.0/setup/setup
Configuring focuslist-0.1.1.0...
Preprocessing test suite 'focuslist-doctests' for focuslist-0.1.1.0...
Building test suite 'focuslist-doctests' for focuslist-0.1.1.0...
[1 of 2] Compiling Build_doctests
[2 of 2] Compiling Main
[3 of 3] Linking dist-newstyle/build/x86_64-linux/ghc-9.10.2/focuslist-0.1.1.0/build/focuslist-doctests/focuslist-doctests
Preprocessing library for focuslist-0.1.1.0...
Building library for focuslist-0.1.1.0...
[1 of 1] Compiling Data.FocusList
Preprocessing test suite 'focuslist-test' for focuslist-0.1.1.0...
Building test suite 'focuslist-test' for focuslist-0.1.1.0...
[1 of 3] Compiling Test.FocusList.Invariants
[2 of 3] Compiling Test.FocusList
test/Test/FocusList.hs:13:23: error: [GHC-61689]
    Module ‘Test.Validity’ does not export ‘GenInvalid’.
    Suggested fix: Perhaps use ‘GenValid’
   |
13 | import Test.Validity (GenInvalid, GenUnchecked, GenValid(genValid), Validity(validate), check, eqSpec, genValidSpec)
   |                       ^^^^^^^^^^

test/Test/FocusList.hs:13:35: error: [GHC-61689]
    Module ‘Test.Validity’ does not export ‘GenUnchecked’.
   |
13 | import Test.Validity (GenInvalid, GenUnchecked, GenValid(genValid), Validity(validate), check, eqSpec, genValidSpec)
   |                                   ^^^^^^^^^^^^

Error: [Cabal-7125]
Failed to build focuslist-0.1.1.0.

HasCallStack backtrace:
  collectBacktraces, called at libraries/ghc-internal/src/GHC/Internal/Exception.hs:169:13 in ghc-internal:GHC.Internal.Exception
  toExceptionWithBacktrace, called at libraries/ghc-internal/src/GHC/Internal/IO.hs:260:11 in ghc-internal:GHC.Internal.IO
  throwIO, called at libraries/ghc-internal/src/GHC/Internal/Control/Exception/Base.hs:195:43 in ghc-internal:GHC.Internal.Control.Exception.Base

