Resolving dependencies...
Build profile: -w ghc-9.10.2 -O1
In order, the following will be built (use -v for more details):
 - swizzle-set-0.2.0.0 (lib) (first run)
 - swizzle-set-0.2.0.0 (test:swizzle-set-test) (first run)
Configuring library for swizzle-set-0.2.0.0...
Preprocessing library for swizzle-set-0.2.0.0...
Building library for swizzle-set-0.2.0.0...
[ 1 of 15] Compiling Paths_swizzle_set
[ 2 of 15] Compiling Template.Tools
[ 3 of 15] Compiling Data.SwizzleSet.Class.TH
[ 4 of 15] Compiling Data.SwizzleSet.Class.Base
src/Data/SwizzleSet/Class/Base.hs:1:1: warning: [GHC-85401] [-Wmissing-export-lists]
    The export item ‘module Data.SwizzleSet.Class.Base’ is missing an export list
  |
1 | {-# LANGUAGE ImportQualifiedPost #-}
  | ^

[ 5 of 15] Compiling Data.SwizzleSet.Instance.TupleBetween53And57
src/Data/SwizzleSet/Instance/TupleBetween53And57.hs:1:1: warning: [GHC-85401] [-Wmissing-export-lists]
    The export item ‘module Data.SwizzleSet.Instance.TupleBetween53And57’ is missing an export list
  |
1 | {-# LANGUAGE TemplateHaskell #-}
  | ^

Error: [Cabal-7125]
Failed to build swizzle-set-0.2.0.0 (which is required by test:swizzle-set-test from swizzle-set-0.2.0.0). The build process was killed (i.e. SIGKILL). The typical reason for this is that there is not enough memory available (e.g. the OS killed a process using lots of memory).

HasCallStack backtrace:
  collectBacktraces, called at libraries/ghc-internal/src/GHC/Internal/Exception.hs:169:13 in ghc-internal:GHC.Internal.Exception
  toExceptionWithBacktrace, called at libraries/ghc-internal/src/GHC/Internal/IO.hs:260:11 in ghc-internal:GHC.Internal.IO
  throwIO, called at libraries/ghc-internal/src/GHC/Internal/Control/Exception/Base.hs:195:43 in ghc-internal:GHC.Internal.Control.Exception.Base

