Resolving dependencies...
Build profile: -w ghc-9.6.5 -O1
In order, the following will be built (use -v for more details):
 - gi-gtk-3.0.41 (lib:gi-gtk) (requires build)
Starting     gi-gtk-3.0.41 (all, legacy fallback: build-type is Custom)
Building     gi-gtk-3.0.41 (all, legacy fallback: build-type is Custom)

Failed to build gi-gtk-3.0.41.
Build log (
/tmp/stackage-work/build-logs/ghc-9.6.5/gi-gtk-3.0.41-e8eadcc4860168f05ca0b4be83f4373413f87984895e019ae4835ad1768ae1df.log
):
[1 of 2] Compiling Main             ( /tmp/workdir-gi-vte/gi-vte-2.91.32/dist-newstyle/tmp/src-1136367/gi-gtk-3.0.41/dist/setup/setup.hs, /tmp/workdir-gi-vte/gi-vte-2.91.32/dist-newstyle/tmp/src-1136367/gi-gtk-3.0.41/dist/setup/Main.o )
[2 of 2] Linking /tmp/workdir-gi-vte/gi-vte-2.91.32/dist-newstyle/tmp/src-1136367/gi-gtk-3.0.41/dist/setup/setup
Configuring gi-gtk-3.0.41...
Preprocessing library for gi-gtk-3.0.41..
Building library for gi-gtk-3.0.41..
[  1 of 696] Compiling GI.Gtk.Config
[  2 of 696] Compiling GI.Gtk.Constants
[  3 of 696] Compiling GI.Gtk.Enums[boot]
[  4 of 696] Compiling GI.Gtk.Enums
[  5 of 696] Compiling GI.Gtk.Flags[boot]
[  6 of 696] Compiling GI.Gtk.Flags
[  7 of 696] Compiling GI.Gtk.Interfaces.ColorChooser[boot]
[  8 of 696] Compiling GI.Gtk.Interfaces.ColorChooser
[  9 of 696] Compiling GI.Gtk.Interfaces.Editable[boot]
[ 10 of 696] Compiling GI.Gtk.Interfaces.Editable
[ 11 of 696] Compiling GI.Gtk.Interfaces.Orientable[boot]
[ 12 of 696] Compiling GI.Gtk.Interfaces.Orientable
[ 13 of 696] Compiling GI.Gtk.Objects.Adjustment[boot]
[ 14 of 696] Compiling GI.Gtk.Objects.Adjustment
[ 15 of 696] Compiling GI.Gtk.Objects.EntryBuffer[boot]
[ 16 of 696] Compiling GI.Gtk.Objects.EntryBuffer
[ 17 of 696] Compiling GI.Gtk.Objects.EntryIconAccessible[boot]
[ 18 of 696] Compiling GI.Gtk.Objects.EntryIconAccessible
[ 19 of 696] Compiling GI.Gtk.Objects.IMContext[boot]
[ 20 of 696] Compiling GI.Gtk.Objects.IMContext
[ 21 of 696] Compiling GI.Gtk.Objects.IMContextSimple[boot]
[ 22 of 696] Compiling GI.Gtk.Objects.IMContextSimple
[ 23 of 696] Compiling GI.Gtk.Objects.RcStyle[boot]
[ 24 of 696] Compiling GI.Gtk.Objects.RcStyle
[ 25 of 696] Compiling GI.Gtk.Structs.AccelKey[boot]
[ 26 of 696] Compiling GI.Gtk.Structs.AccelKey
[ 27 of 696] Compiling GI.Gtk.Structs.AccelGroupEntry[boot]
[ 28 of 696] Compiling GI.Gtk.Structs.AccelGroupEntry
[ 29 of 696] Compiling GI.Gtk.Structs.ActionEntry[boot]
[ 30 of 696] Compiling GI.Gtk.Structs.ActionEntry
[ 31 of 696] Compiling GI.Gtk.Structs.BindingArg[boot]
[ 32 of 696] Compiling GI.Gtk.Structs.BindingArg
[ 33 of 696] Compiling GI.Gtk.Structs.BindingSignal[boot]
[ 34 of 696] Compiling GI.Gtk.Structs.BindingSignal
[ 35 of 696] Compiling GI.Gtk.Structs.BindingSet[boot]
[ 36 of 696] Compiling GI.Gtk.Structs.BindingEntry[boot]
[ 37 of 696] Compiling GI.Gtk.Structs.BindingEntry
[ 38 of 696] Compiling GI.Gtk.Structs.BindingSet
[ 39 of 696] Compiling GI.Gtk.Structs.Border[boot]
[ 40 of 696] Compiling GI.Gtk.Structs.Border
[ 41 of 696] Compiling GI.Gtk.Interfaces.Scrollable[boot]
[ 42 of 696] Compiling GI.Gtk.Interfaces.Scrollable
[ 43 of 696] Compiling GI.Gtk.Structs.CssSection[boot]
[ 44 of 696] Compiling GI.Gtk.Structs.CssSection
[ 45 of 696] Compiling GI.Gtk.Structs.FileFilterInfo[boot]
[ 46 of 696] Compiling GI.Gtk.Structs.FileFilterInfo
[ 47 of 696] Compiling GI.Gtk.Structs.IMContextInfo[boot]
[ 48 of 696] Compiling GI.Gtk.Structs.IMContextInfo
[ 49 of 696] Compiling GI.Gtk.Structs.IconSource[boot]
[ 50 of 696] Compiling GI.Gtk.Structs.IconSource
[ 51 of 696] Compiling GI.Gtk.Structs.LabelSelectionInfo[boot]
[ 52 of 696] Compiling GI.Gtk.Structs.LabelSelectionInfo
[ 53 of 696] Compiling GI.Gtk.Structs.PadActionEntry[boot]
[ 54 of 696] Compiling GI.Gtk.Structs.PadActionEntry
[ 55 of 696] Compiling GI.Gtk.Structs.PageRange[boot]
[ 56 of 696] Compiling GI.Gtk.Structs.PageRange
[ 57 of 696] Compiling GI.Gtk.Structs.PaperSize[boot]
[ 58 of 696] Compiling GI.Gtk.Structs.PaperSize
[ 59 of 696] Compiling GI.Gtk.Objects.PageSetup[boot]
[ 60 of 696] Compiling GI.Gtk.Objects.PageSetup
[ 61 of 696] Compiling GI.Gtk.Objects.PrintContext[boot]
[ 62 of 696] Compiling GI.Gtk.Objects.PrintContext
[ 63 of 696] Compiling GI.Gtk.Interfaces.PrintOperationPreview[boot]
[ 64 of 696] Compiling GI.Gtk.Interfaces.PrintOperationPreview
[ 65 of 696] Compiling GI.Gtk.Structs.RadioActionEntry[boot]
[ 66 of 696] Compiling GI.Gtk.Structs.RadioActionEntry
[ 67 of 696] Compiling GI.Gtk.Structs.RcContext[boot]
[ 68 of 696] Compiling GI.Gtk.Structs.RcContext
[ 69 of 696] Compiling GI.Gtk.Structs.RcProperty[boot]
[ 70 of 696] Compiling GI.Gtk.Structs.RcProperty
[ 71 of 696] Compiling GI.Gtk.Structs.RecentData[boot]
[ 72 of 696] Compiling GI.Gtk.Structs.RecentData
[ 73 of 696] Compiling GI.Gtk.Structs.RecentFilterInfo[boot]
[ 74 of 696] Compiling GI.Gtk.Structs.RecentFilterInfo
[ 75 of 696] Compiling GI.Gtk.Structs.RecentInfo[boot]
[ 76 of 696] Compiling GI.Gtk.Structs.RecentInfo
[ 77 of 696] Compiling GI.Gtk.Objects.RecentManager[boot]
[ 78 of 696] Compiling GI.Gtk.Objects.RecentManager
[ 79 of 696] Compiling GI.Gtk.Structs.RequestedSize[boot]
[ 80 of 696] Compiling GI.Gtk.Structs.RequestedSize
[ 81 of 696] Compiling GI.Gtk.Structs.Requisition[boot]
[ 82 of 696] Compiling GI.Gtk.Structs.Requisition
[ 83 of 696] Compiling GI.Gtk.Structs.SettingsValue[boot]
[ 84 of 696] Compiling GI.Gtk.Structs.SettingsValue
[ 85 of 696] Compiling GI.Gtk.Structs.StockItem[boot]
[ 86 of 696] Compiling GI.Gtk.Structs.StockItem
[ 87 of 696] Compiling GI.Gtk.Structs.TableRowCol[boot]
[ 88 of 696] Compiling GI.Gtk.Structs.TableRowCol
[ 89 of 696] Compiling GI.Gtk.Structs.TargetEntry[boot]
[ 90 of 696] Compiling GI.Gtk.Structs.TargetEntry
[ 91 of 696] Compiling GI.Gtk.Structs.TargetPair[boot]
[ 92 of 696] Compiling GI.Gtk.Structs.TargetPair
[ 93 of 696] Compiling GI.Gtk.Structs.TextAppearance[boot]
[ 94 of 696] Compiling GI.Gtk.Structs.TextAppearance
[ 95 of 696] Compiling GI.Gtk.Structs.TextAttributes[boot]
[ 96 of 696] Compiling GI.Gtk.Structs.TextAttributes
[ 97 of 696] Compiling GI.Gtk.Structs.TextBTree[boot]
[ 98 of 696] Compiling GI.Gtk.Structs.TextBTree
[ 99 of 696] Compiling GI.Gtk.Structs.ThemeEngine[boot]
[100 of 696] Compiling GI.Gtk.Structs.ThemeEngine
[101 of 696] Compiling GI.Gtk.Structs.ToggleActionEntry[boot]
[102 of 696] Compiling GI.Gtk.Structs.ToggleActionEntry
[103 of 696] Compiling GI.Gtk.Structs.TreeIter[boot]
[104 of 696] Compiling GI.Gtk.Structs.TreeIter
[105 of 696] Compiling GI.Gtk.Structs.TreePath[boot]
[106 of 696] Compiling GI.Gtk.Structs.TreePath
[107 of 696] Compiling GI.Gtk.Objects.Settings[boot]
[108 of 696] Compiling GI.Gtk.Objects.TextTagTable[boot]
[109 of 696] Compiling GI.Gtk.Objects.Calendar[boot]
[110 of 696] Compiling GI.Gtk.Objects.Clipboard[boot]
[111 of 696] Compiling GI.Gtk.Objects.FlowBox[boot]
[112 of 696] Compiling GI.Gtk.Objects.FlowBoxChild[boot]
[113 of 696] Compiling GI.Gtk.Objects.IconView[boot]
[114 of 696] Compiling GI.Gtk.Objects.ListBox[boot]
[115 of 696] Compiling GI.Gtk.Objects.ListBoxRow[boot]
[116 of 696] Compiling GI.Gtk.Interfaces.Actionable[boot]
[117 of 696] Compiling GI.Gtk.Objects.ActionGroup[boot]
[118 of 696] Compiling GI.Gtk.Objects.Action[boot]
[119 of 696] Compiling GI.Gtk.Interfaces.Activatable[boot]
[120 of 696] Compiling GI.Gtk.Interfaces.Activatable
[121 of 696] Compiling GI.Gtk.Objects.MenuItem[boot]
[122 of 696] Compiling GI.Gtk.Objects.MenuShell[boot]
[123 of 696] Compiling GI.Gtk.Objects.Menu[boot]
[124 of 696] Compiling GI.Gtk.Objects.IconFactory[boot]
[125 of 696] Compiling GI.Gtk.Structs.SymbolicColor[boot]
[126 of 696] Compiling GI.Gtk.Objects.StyleProperties[boot]
[127 of 696] Compiling GI.Gtk.Structs.SymbolicColor
[128 of 696] Compiling GI.Gtk.Interfaces.StyleProvider[boot]
[129 of 696] Compiling GI.Gtk.Objects.StyleProperties
[130 of 696] Compiling GI.Gtk.Objects.StyleContext[boot]
[131 of 696] Compiling GI.Gtk.Structs.IconSet[boot]
[132 of 696] Compiling GI.Gtk.Objects.Style[boot]
[133 of 696] Compiling GI.Gtk.Objects.EntryCompletion[boot]
[134 of 696] Compiling GI.Gtk.Objects.Entry[boot]
[135 of 696] Compiling GI.Gtk.Objects.Tooltip[boot]
[136 of 696] Compiling GI.Gtk.Objects.TreeSelection[boot]
[137 of 696] Compiling GI.Gtk.Objects.TreeView[boot]
[138 of 696] Compiling GI.Gtk.Interfaces.CellLayout[boot]
[139 of 696] Compiling GI.Gtk.Interfaces.TreeModel[boot]
[140 of 696] Compiling GI.Gtk.Objects.CellAreaContext[boot]
[141 of 696] Compiling GI.Gtk.Objects.CellArea[boot]
[142 of 696] Compiling GI.Gtk.Objects.CellAreaContext
[143 of 696] Compiling GI.Gtk.Objects.AccelGroup[boot]
[144 of 696] Compiling GI.Gtk.Objects.Bin[boot]
[145 of 696] Compiling GI.Gtk.Objects.Container[boot]
[146 of 696] Compiling GI.Gtk.Objects.WindowGroup[boot]
[147 of 696] Compiling GI.Gtk.Objects.Window[boot]
[148 of 696] Compiling GI.Gtk.Objects.Application[boot]
[149 of 696] Compiling GI.Gtk.Objects.Application
[150 of 696] Compiling GI.Gtk.Objects.Builder[boot]
[151 of 696] Compiling GI.Gtk.Interfaces.Buildable[boot]
[152 of 696] Compiling GI.Gtk.Interfaces.Buildable
[153 of 696] Compiling GI.Gtk.Objects.IconFactory
[154 of 696] Compiling GI.Gtk.Interfaces.CellEditable[boot]
[155 of 696] Compiling GI.Gtk.Objects.CellRenderer[boot]
[156 of 696] Compiling GI.Gtk.Objects.TreeViewColumn[boot]
[157 of 696] Compiling GI.Gtk.Structs.SelectionData[boot]
[158 of 696] Compiling GI.Gtk.Objects.TextChildAnchor[boot]
[159 of 696] Compiling GI.Gtk.Objects.TextMark[boot]
[160 of 696] Compiling GI.Gtk.Objects.TextTag[boot]
[161 of 696] Compiling GI.Gtk.Structs.TextIter[boot]
[162 of 696] Compiling GI.Gtk.Objects.TextTag
[163 of 696] Compiling GI.Gtk.Objects.TextBuffer[boot]
[164 of 696] Compiling GI.Gtk.Objects.TextMark
[165 of 696] Compiling GI.Gtk.Structs.SelectionData
[166 of 696] Compiling GI.Gtk.Structs.TargetList[boot]
[167 of 696] Compiling GI.Gtk.Structs.TargetList
[168 of 696] Compiling GI.Gtk.Objects.Widget[boot]
[169 of 696] Compiling GI.Gtk.Objects.TextChildAnchor
[170 of 696] Compiling GI.Gtk.Objects.CellRenderer

<no location info>: error:
    attempting to use module ‘gi-gtk-3.0.41-e8eadcc4860168f05ca0b4be83f4373413f87984895e019ae4835ad1768ae1df:GI.Gtk.Interfaces.Buildable’ (./GI/Gtk/Interfaces/Buildable.hs) which is not loaded
[171 of 696] Compiling GI.Gtk.Interfaces.CellEditable
[172 of 696] Compiling GI.Gtk.Objects.Window
[173 of 696] Compiling GI.Gtk.Objects.WindowGroup
[174 of 696] Compiling GI.Gtk.Objects.Bin
[175 of 696] Compiling GI.Gtk.Objects.Tooltip
[176 of 696] Compiling GI.Gtk.Objects.Entry
[177 of 696] Compiling GI.Gtk.Objects.Style
[178 of 696] Compiling GI.Gtk.Structs.IconSet
[179 of 696] Compiling GI.Gtk.Objects.MenuShell

<no location info>: error:
    attempting to use module ‘gi-gtk-3.0.41-e8eadcc4860168f05ca0b4be83f4373413f87984895e019ae4835ad1768ae1df:GI.Gtk.Interfaces.Actionable’ (./GI/Gtk/Interfaces/Actionable.hs) which is not loaded
[180 of 696] Compiling GI.Gtk.Objects.MenuItem
[181 of 696] Compiling GI.Gtk.Objects.Action
[182 of 696] Compiling GI.Gtk.Interfaces.Actionable
[183 of 696] Compiling GI.Gtk.Objects.ListBoxRow
[184 of 696] Compiling GI.Gtk.Objects.FlowBoxChild
[185 of 696] Compiling GI.Gtk.Structs.WidgetPath[boot]
[186 of 696] Compiling GI.Gtk.Structs.WidgetPath
[210 of 696] Compiling GI.Gtk.Objects.StyleContext

<no location info>: error:
    expectJust checkFamInstConsistency
CallStack (from HasCallStack):
  error, called at compiler/GHC/Data/Maybe.hs:71:27 in ghc:GHC.Data.Maybe
  expectJust, called at compiler/GHC/Tc/Instance/Family.hs:466:30 in ghc:GHC.Tc.Instance.Family
[211 of 696] Compiling GI.Gtk.Interfaces.StyleProvider
[212 of 696] Compiling GI.Gtk.Objects.ThemingEngine[boot]
[214 of 696] Compiling GI.Gtk.Structs.WidgetClass[boot]
[216 of 696] Compiling GI.Gtk.Structs.ContainerClass[boot]
[218 of 696] Compiling GI.Gtk.Objects.PrintSettings[boot]
[220 of 696] Compiling GI.Gtk.Objects.AccelMap[boot]
[222 of 696] Compiling GI.Gtk.Structs.TableChild[boot]
[224 of 696] Compiling GI.Gtk.Structs.FixedChild[boot]
[226 of 696] Compiling GI.Gtk.Objects.EventController[boot]
[228 of 696] Compiling GI.Gtk.Objects.Gesture[boot]
[230 of 696] Compiling GI.Gtk.Objects.GestureZoom[boot]
[232 of 696] Compiling GI.Gtk.Objects.GestureSingle[boot]
[234 of 696] Compiling GI.Gtk.Objects.GestureSwipe[boot]
[236 of 696] Compiling GI.Gtk.Objects.GestureStylus[boot]
[238 of 696] Compiling GI.Gtk.Objects.GestureRotate[boot]
[240 of 696] Compiling GI.Gtk.Objects.GestureMultiPress[boot]
[242 of 696] Compiling GI.Gtk.Objects.GestureLongPress[boot]
[244 of 696] Compiling GI.Gtk.Objects.GestureDrag[boot]
[246 of 696] Compiling GI.Gtk.Objects.GesturePan[boot]
[248 of 696] Compiling GI.Gtk.Objects.EventControllerScroll[boot]
[250 of 696] Compiling GI.Gtk.Objects.EventControllerMotion[boot]
[252 of 696] Compiling GI.Gtk.Objects.EventControllerKey[boot]
[254 of 696] Compiling GI.Gtk.Objects.ToplevelAccessible[boot]
[256 of 696] Compiling GI.Gtk.Objects.PrintOperation[boot]
[258 of 696] Compiling GI.Gtk.Objects.PadController[boot]
[260 of 696] Compiling GI.Gtk.Objects.NativeDialog[boot]
[262 of 696] Compiling GI.Gtk.Objects.MountOperation[boot]
[264 of 696] Compiling GI.Gtk.Interfaces.TreeDragSource[boot]
[266 of 696] Compiling GI.Gtk.Interfaces.TreeDragDest[boot]
[268 of 696] Compiling GI.Gtk.Objects.Spinner[boot]
[270 of 696] Compiling GI.Gtk.Objects.SizeGroup[boot]
[272 of 696] Compiling GI.Gtk.Objects.Separator[boot]
[274 of 696] Compiling GI.Gtk.Objects.VSeparator[boot]
[276 of 696] Compiling GI.Gtk.Objects.RecentFilter[boot]
[278 of 696] Compiling GI.Gtk.Objects.Range[boot]
[280 of 696] Compiling GI.Gtk.Objects.Scrollbar[boot]
[282 of 696] Compiling GI.Gtk.Objects.VScrollbar[boot]
[284 of 696] Compiling GI.Gtk.Objects.Scale[boot]
[286 of 696] Compiling GI.Gtk.Objects.VScale[boot]
[288 of 696] Compiling GI.Gtk.Objects.ProgressBar[boot]
[290 of 696] Compiling GI.Gtk.Objects.Misc[boot]
[292 of 696] Compiling GI.Gtk.Objects.LevelBar[boot]
[294 of 696] Compiling GI.Gtk.Objects.Invisible[boot]
[296 of 696] Compiling GI.Gtk.Structs.Gradient[boot]
[298 of 696] Compiling GI.Gtk.Objects.Image[boot]
[300 of 696] Compiling GI.Gtk.Objects.NumerableIcon[boot]
[302 of 696] Compiling GI.Gtk.Objects.IconTheme[boot]
[303 of 696] Compiling GI.Gtk.Objects.IconInfo[boot]
[306 of 696] Compiling GI.Gtk.Objects.CssProvider[boot]
[308 of 696] Compiling GI.Gtk.Objects.HSeparator[boot]
[310 of 696] Compiling GI.Gtk.Objects.HScrollbar[boot]
[312 of 696] Compiling GI.Gtk.Objects.HScale[boot]
[314 of 696] Compiling GI.Gtk.Objects.HSV[boot]
[316 of 696] Compiling GI.Gtk.Objects.GLArea[boot]
[318 of 696] Compiling GI.Gtk.Objects.FileFilter[boot]
[320 of 696] Compiling GI.Gtk.Objects.DrawingArea[boot]
[322 of 696] Compiling GI.Gtk.Objects.TextView[boot]
[324 of 696] Compiling GI.Gtk.Objects.Table[boot]
[326 of 696] Compiling GI.Gtk.Objects.Stack[boot]
[328 of 696] Compiling GI.Gtk.Objects.Socket[boot]
[330 of 696] Compiling GI.Gtk.Objects.Paned[boot]
[332 of 696] Compiling GI.Gtk.Objects.VPaned[boot]
[334 of 696] Compiling GI.Gtk.Objects.Notebook[boot]
[336 of 696] Compiling GI.Gtk.Objects.Layout[boot]
[338 of 696] Compiling GI.Gtk.Objects.HeaderBar[boot]
[340 of 696] Compiling GI.Gtk.Objects.HPaned[boot]
[342 of 696] Compiling GI.Gtk.Objects.Grid[boot]
[344 of 696] Compiling GI.Gtk.Objects.Fixed[boot]
[346 of 696] Compiling GI.Gtk.Objects.Box[boot]
[348 of 696] Compiling GI.Gtk.Objects.VBox[boot]
[350 of 696] Compiling GI.Gtk.Objects.Statusbar[boot]
[352 of 696] Compiling GI.Gtk.Objects.StackSwitcher[boot]
[354 of 696] Compiling GI.Gtk.Objects.ShortcutsShortcut[boot]
[356 of 696] Compiling GI.Gtk.Objects.ShortcutsSection[boot]
[358 of 696] Compiling GI.Gtk.Objects.ShortcutsGroup[boot]
[360 of 696] Compiling GI.Gtk.Objects.ShortcutLabel[boot]
[362 of 696] Compiling GI.Gtk.Objects.HBox[boot]
[364 of 696] Compiling GI.Gtk.Objects.FontSelection[boot]
[366 of 696] Compiling GI.Gtk.Objects.ColorSelection[boot]
[368 of 696] Compiling GI.Gtk.Objects.ColorChooserWidget[boot]
[370 of 696] Compiling GI.Gtk.Objects.ButtonBox[boot]
[372 of 696] Compiling GI.Gtk.Objects.VButtonBox[boot]
[374 of 696] Compiling GI.Gtk.Objects.HButtonBox[boot]
[376 of 696] Compiling GI.Gtk.Objects.Viewport[boot]
[378 of 696] Compiling GI.Gtk.Objects.StackSidebar[boot]
[380 of 696] Compiling GI.Gtk.Objects.ShortcutsWindow[boot]
[382 of 696] Compiling GI.Gtk.Objects.ScrolledWindow[boot]
[384 of 696] Compiling GI.Gtk.Objects.Revealer[boot]
[386 of 696] Compiling GI.Gtk.Objects.Popover[boot]
[388 of 696] Compiling GI.Gtk.Objects.PopoverMenu[boot]
[390 of 696] Compiling GI.Gtk.Objects.Plug[boot]
[392 of 696] Compiling GI.Gtk.Objects.PlacesSidebar[boot]
[394 of 696] Compiling GI.Gtk.Objects.Overlay[boot]
[396 of 696] Compiling GI.Gtk.Objects.OffscreenWindow[boot]
[398 of 696] Compiling GI.Gtk.Objects.HandleBox[boot]
[400 of 696] Compiling GI.Gtk.Objects.Frame[boot]
[402 of 696] Compiling GI.Gtk.Objects.Expander[boot]
[404 of 696] Compiling GI.Gtk.Objects.EventBox[boot]
[406 of 696] Compiling GI.Gtk.Objects.Dialog[boot]
[408 of 696] Compiling GI.Gtk.Objects.MessageDialog[boot]
[410 of 696] Compiling GI.Gtk.Objects.FontSelectionDialog[boot]
[412 of 696] Compiling GI.Gtk.Objects.ColorSelectionDialog[boot]
[414 of 696] Compiling GI.Gtk.Objects.ColorChooserDialog[boot]
[416 of 696] Compiling GI.Gtk.Objects.Assistant[boot]
[418 of 696] Compiling GI.Gtk.Objects.AspectFrame[boot]
[420 of 696] Compiling GI.Gtk.Objects.Arrow[boot]
[422 of 696] Compiling GI.Gtk.Objects.ApplicationWindow[boot]
[424 of 696] Compiling GI.Gtk.Objects.Alignment[boot]
[426 of 696] Compiling GI.Gtk.Objects.ActionBar[boot]
[428 of 696] Compiling GI.Gtk.Objects.Accessible[boot]
[430 of 696] Compiling GI.Gtk.Objects.WidgetAccessible[boot]
[432 of 696] Compiling GI.Gtk.Objects.SwitchAccessible[boot]
[434 of 696] Compiling GI.Gtk.Objects.SpinnerAccessible[boot]
[436 of 696] Compiling GI.Gtk.Objects.RangeAccessible[boot]
[438 of 696] Compiling GI.Gtk.Objects.ScaleAccessible[boot]
[440 of 696] Compiling GI.Gtk.Objects.ProgressBarAccessible[boot]
[442 of 696] Compiling GI.Gtk.Objects.LevelBarAccessible[boot]
[444 of 696] Compiling GI.Gtk.Objects.LabelAccessible[boot]
[446 of 696] Compiling GI.Gtk.Objects.ImageAccessible[boot]
[448 of 696] Compiling GI.Gtk.Objects.EntryAccessible[boot]
[450 of 696] Compiling GI.Gtk.Objects.SpinButtonAccessible[boot]
[452 of 696] Compiling GI.Gtk.Objects.ContainerAccessible[boot]
[454 of 696] Compiling GI.Gtk.Objects.WindowAccessible[boot]
[456 of 696] Compiling GI.Gtk.Objects.TextViewAccessible[boot]
[458 of 696] Compiling GI.Gtk.Objects.StatusbarAccessible[boot]
[460 of 696] Compiling GI.Gtk.Objects.StackAccessible[boot]
[462 of 696] Compiling GI.Gtk.Objects.SocketAccessible[boot]
[464 of 696] Compiling GI.Gtk.Objects.ScrolledWindowAccessible[boot]
[466 of 696] Compiling GI.Gtk.Objects.PopoverAccessible[boot]
[468 of 696] Compiling GI.Gtk.Objects.PlugAccessible[boot]
[470 of 696] Compiling GI.Gtk.Objects.PanedAccessible[boot]
[472 of 696] Compiling GI.Gtk.Objects.NotebookAccessible[boot]
[474 of 696] Compiling GI.Gtk.Objects.NotebookPageAccessible[boot]
[476 of 696] Compiling GI.Gtk.Objects.MenuShellAccessible[boot]
[478 of 696] Compiling GI.Gtk.Objects.MenuItemAccessible[boot]
[480 of 696] Compiling GI.Gtk.Objects.MenuAccessible[boot]
[482 of 696] Compiling GI.Gtk.Objects.ListBoxRowAccessible[boot]
[484 of 696] Compiling GI.Gtk.Objects.ListBoxAccessible[boot]
[486 of 696] Compiling GI.Gtk.Objects.IconViewAccessible[boot]
[488 of 696] Compiling GI.Gtk.Objects.HeaderBarAccessible[boot]
[490 of 696] Compiling GI.Gtk.Objects.FrameAccessible[boot]
[492 of 696] Compiling GI.Gtk.Objects.FlowBoxChildAccessible[boot]
[494 of 696] Compiling GI.Gtk.Objects.FlowBoxAccessible[boot]
[496 of 696] Compiling GI.Gtk.Objects.FileChooserWidgetAccessible[boot]
[498 of 696] Compiling GI.Gtk.Objects.ExpanderAccessible[boot]
[500 of 696] Compiling GI.Gtk.Objects.ComboBoxAccessible[boot]
[502 of 696] Compiling GI.Gtk.Objects.CheckMenuItemAccessible[boot]
[504 of 696] Compiling GI.Gtk.Objects.RadioMenuItemAccessible[boot]
[506 of 696] Compiling GI.Gtk.Objects.CellAccessible[boot]
[508 of 696] Compiling GI.Gtk.Objects.ContainerCellAccessible[boot]
[510 of 696] Compiling GI.Gtk.Interfaces.CellAccessibleParent[boot]
[512 of 696] Compiling GI.Gtk.Objects.TreeViewAccessible[boot]
[514 of 696] Compiling GI.Gtk.Objects.ButtonAccessible[boot]
[516 of 696] Compiling GI.Gtk.Objects.ToggleButtonAccessible[boot]
[518 of 696] Compiling GI.Gtk.Objects.ScaleButtonAccessible[boot]
[520 of 696] Compiling GI.Gtk.Objects.RadioButtonAccessible[boot]
[522 of 696] Compiling GI.Gtk.Objects.MenuButtonAccessible[boot]
[524 of 696] Compiling GI.Gtk.Objects.LockButtonAccessible[boot]
[526 of 696] Compiling GI.Gtk.Objects.LinkButtonAccessible[boot]
[528 of 696] Compiling GI.Gtk.Objects.ArrowAccessible[boot]
[530 of 696] Compiling GI.Gtk.Objects.AboutDialog[boot]
[532 of 696] Compiling GI.Gtk.Interfaces.ToolShell[boot]
[534 of 696] Compiling GI.Gtk.Interfaces.FileChooser[boot]
[536 of 696] Compiling GI.Gtk.Objects.FileChooserWidget[boot]
[538 of 696] Compiling GI.Gtk.Objects.FileChooserNative[boot]
[540 of 696] Compiling GI.Gtk.Objects.FileChooserDialog[boot]
[542 of 696] Compiling GI.Gtk.Objects.FileChooserButton[boot]
[544 of 696] Compiling GI.Gtk.Objects.RendererCellAccessible[boot]
[546 of 696] Compiling GI.Gtk.Objects.TextCellAccessible[boot]
[548 of 696] Compiling GI.Gtk.Objects.ImageCellAccessible[boot]
[550 of 696] Compiling GI.Gtk.Objects.BooleanCellAccessible[boot]
[552 of 696] Compiling GI.Gtk.Objects.CellRendererToggle[boot]
[554 of 696] Compiling GI.Gtk.Objects.CellRendererText[boot]
[556 of 696] Compiling GI.Gtk.Objects.CellRendererSpinner[boot]
[558 of 696] Compiling GI.Gtk.Objects.CellRendererSpin[boot]
[560 of 696] Compiling GI.Gtk.Objects.CellRendererProgress[boot]
[562 of 696] Compiling GI.Gtk.Objects.CellRendererPixbuf[boot]
[564 of 696] Compiling GI.Gtk.Objects.CellRendererAccel[boot]
[566 of 696] Compiling GI.Gtk.Interfaces.AppChooser[boot]
[568 of 696] Compiling GI.Gtk.Objects.AppChooserDialog[boot]
[570 of 696] Compiling GI.Gtk.Objects.ToggleAction[boot]
[572 of 696] Compiling GI.Gtk.Objects.RadioAction[boot]
[574 of 696] Compiling GI.Gtk.Objects.UIManager[boot]
[576 of 696] Compiling GI.Gtk.Objects.ToolItem[boot]
[578 of 696] Compiling GI.Gtk.Objects.Toolbar[boot]
[580 of 696] Compiling GI.Gtk.Objects.ToolItemGroup[boot]
[582 of 696] Compiling GI.Gtk.Objects.ToolPalette[boot]
[584 of 696] Compiling GI.Gtk.Objects.ToolButton[boot]
[586 of 696] Compiling GI.Gtk.Objects.ToggleToolButton[boot]
[588 of 696] Compiling GI.Gtk.Objects.Switch[boot]
[590 of 696] Compiling GI.Gtk.Objects.SeparatorToolItem[boot]
[592 of 696] Compiling GI.Gtk.Objects.TearoffMenuItem[boot]
[594 of 696] Compiling GI.Gtk.Objects.SeparatorMenuItem[boot]
[596 of 696] Compiling GI.Gtk.Objects.MenuBar[boot]
[598 of 696] Compiling GI.Gtk.Objects.StatusIcon[boot]
[600 of 696] Compiling GI.Gtk.Objects.MenuToolButton[boot]
[602 of 696] Compiling GI.Gtk.Objects.Label[boot]
[604 of 696] Compiling GI.Gtk.Objects.AccelLabel[boot]
[606 of 696] Compiling GI.Gtk.Objects.AppChooserWidget[boot]
[608 of 696] Compiling GI.Gtk.Objects.IMMulticontext[boot]
[610 of 696] Compiling GI.Gtk.Objects.ImageMenuItem[boot]
[612 of 696] Compiling GI.Gtk.Objects.CheckMenuItem[boot]
[614 of 696] Compiling GI.Gtk.Objects.RadioMenuItem[boot]
[616 of 696] Compiling GI.Gtk.Objects.Button[boot]
[618 of 696] Compiling GI.Gtk.Objects.ToggleButton[boot]
[620 of 696] Compiling GI.Gtk.Objects.ScaleButton[boot]
[622 of 696] Compiling GI.Gtk.Objects.VolumeButton[boot]
[624 of 696] Compiling GI.Gtk.Objects.ModelButton[boot]
[626 of 696] Compiling GI.Gtk.Objects.MenuButton[boot]
[628 of 696] Compiling GI.Gtk.Objects.LockButton[boot]
[630 of 696] Compiling GI.Gtk.Objects.LinkButton[boot]
[632 of 696] Compiling GI.Gtk.Objects.InfoBar[boot]
[634 of 696] Compiling GI.Gtk.Objects.ColorButton[boot]
[636 of 696] Compiling GI.Gtk.Objects.CheckButton[boot]
[638 of 696] Compiling GI.Gtk.Objects.RadioButton[boot]
[640 of 696] Compiling GI.Gtk.Objects.RadioToolButton[boot]
[642 of 696] Compiling GI.Gtk.Structs.TreeRowReference[boot]
[644 of 696] Compiling GI.Gtk.Objects.TreeModelFilter[boot]
[646 of 696] Compiling GI.Gtk.Objects.CellRendererCombo[boot]
[648 of 696] Compiling GI.Gtk.Interfaces.TreeSortable[boot]
[650 of 696] Compiling GI.Gtk.Objects.TreeStore[boot]
[652 of 696] Compiling GI.Gtk.Objects.TreeModelSort[boot]
[654 of 696] Compiling GI.Gtk.Objects.ListStore[boot]
[656 of 696] Compiling GI.Gtk.Interfaces.RecentChooser[boot]
[658 of 696] Compiling GI.Gtk.Objects.RecentChooserWidget[boot]
[660 of 696] Compiling GI.Gtk.Objects.RecentChooserMenu[boot]
[662 of 696] Compiling GI.Gtk.Objects.RecentChooserDialog[boot]
[664 of 696] Compiling GI.Gtk.Objects.RecentAction[boot]
[666 of 696] Compiling GI.Gtk.Interfaces.FontChooser[boot]
[668 of 696] Compiling GI.Gtk.Objects.FontChooserWidget[boot]
[670 of 696] Compiling GI.Gtk.Objects.FontChooserDialog[boot]
[672 of 696] Compiling GI.Gtk.Objects.FontButton[boot]
[674 of 696] Compiling GI.Gtk.Objects.SpinButton[boot]
[676 of 696] Compiling GI.Gtk.Objects.SearchEntry[boot]
[678 of 696] Compiling GI.Gtk.Objects.SearchBar[boot]
[680 of 696] Compiling GI.Gtk.Objects.ComboBox[boot]
[682 of 696] Compiling GI.Gtk.Objects.ComboBoxText[boot]
[684 of 696] Compiling GI.Gtk.Objects.CellView[boot]
[686 of 696] Compiling GI.Gtk.Objects.CellAreaBox[boot]
[688 of 696] Compiling GI.Gtk.Objects.AppChooserButton[boot]
[693 of 696] Compiling GI.Gtk.Structs.WindowGeometryInfo[boot]
[694 of 696] Compiling GI.Gtk.Structs.WindowGeometryInfo
Error: [Cabal-7125]
Failed to build gi-gtk-3.0.41. See the build log above for details.

