Resolving dependencies...
Build profile: -w ghc-9.10.2 -O1
In order, the following will be built (use -v for more details):
 - yesod-auth-hashdb-1.7.1.7 (lib) (first run)
 - yesod-auth-hashdb-1.7.1.7 (test:test) (first run)
 - yesod-auth-hashdb-1.7.1.7 (test:integration) (first run)
Configuring library for yesod-auth-hashdb-1.7.1.7...
Preprocessing library for yesod-auth-hashdb-1.7.1.7...
Building library for yesod-auth-hashdb-1.7.1.7...
[1 of 1] Compiling Yesod.Auth.HashDB
Yesod/Auth/HashDB.hs:306:25: warning: [GHC-58520] [-Wtype-equality-requires-operators]
    The use of ‘~’ without TypeOperators
    will become an error in a future GHC release.
    Suggested fix: Perhaps you intended to use TypeOperators
    |
306 |     , AuthEntity master ~ user
    |                         ^

Yesod/Auth/HashDB.hs:308:33: warning: [GHC-58520] [-Wtype-equality-requires-operators]
    The use of ‘~’ without TypeOperators
    will become an error in a future GHC release.
    Suggested fix: Perhaps you intended to use TypeOperators
    |
308 |     , PersistEntityBackend user ~ BaseBackend (YesodPersistBackend master)
    |                                 ^

Configuring test suite 'test' for yesod-auth-hashdb-1.7.1.7...
Preprocessing test suite 'test' for yesod-auth-hashdb-1.7.1.7...
Building test suite 'test' for yesod-auth-hashdb-1.7.1.7...
[1 of 3] Compiling ExampleData
[2 of 3] Compiling NonDBTests
[3 of 3] Compiling Main
[4 of 4] Linking /tmp/workdir-yesod-auth-hashdb/yesod-auth-hashdb-1.7.1.7/dist-newstyle/build/x86_64-linux/ghc-9.10.2/yesod-auth-hashdb-1.7.1.7/t/test/build/test/test
Configuring test suite 'integration' for yesod-auth-hashdb-1.7.1.7...
Preprocessing test suite 'integration' for yesod-auth-hashdb-1.7.1.7...
Building test suite 'integration' for yesod-auth-hashdb-1.7.1.7...
[1 of 4] Compiling TestSite
test/TestSite.hs:134:18: error: [GHC-87543]
    • Ambiguous occurrence ‘show’.
      It could refer to
         either ‘Prelude.show’,
                imported from ‘Prelude’ at test/TestSite.hs:18:8-15
                (and originally defined in ‘ghc-internal-9.1002.0:GHC.Internal.Show’),
             or ‘Data.Text.show’,
                imported from ‘Data.Text’ at test/TestSite.hs:28:1-16.
    • In the quasi-quotation:
        [whamlet|
            <p>Your current auth ID: #{show mname}
            $maybe _ <- mname
                <p>
                    <a href=@{AuthR LogoutR}>Logout
            $nothing
                <p>
                    <a href=@{AuthR LoginR}>Go to the login page
            <p><a href=@{ProtectedR}>Go to protected page
        |]
    |
134 |         [whamlet|
    |                  ^...

Error: [Cabal-7125]
Failed to build test:integration from yesod-auth-hashdb-1.7.1.7.

