Resolving dependencies...
Build profile: -w ghc-9.10.2 -O1
In order, the following will be built (use -v for more details):
 - postgresql-libpq-notify-0.2.0.0 (lib) (first run)
 - tmp-postgres-1.34.1.0 (lib) (requires build)
 - postgresql-libpq-notify-0.2.0.0 (test:test) (first run)
Configuring library for postgresql-libpq-notify-0.2.0.0...
Preprocessing library for postgresql-libpq-notify-0.2.0.0...
Building library for postgresql-libpq-notify-0.2.0.0...
[1 of 1] Compiling Database.PostgreSQL.LibPQ.Notify
Configuring library for tmp-postgres-1.34.1.0...
Preprocessing library for tmp-postgres-1.34.1.0...
Building library for tmp-postgres-1.34.1.0...
[1 of 4] Compiling Database.Postgres.Temp.Internal.Core
src/Database/Postgres/Temp/Internal/Core.hs:161:8: error: [GHC-25897]
    • Couldn't match type ‘ann’
                     with ‘prettyprinter-ansi-terminal-1.1.3:Prettyprinter.Render.Terminal.Internal.AnsiStyle’
      Expected: prettyprinter-1.7.1:Prettyprinter.Internal.Doc ann
        Actual: Doc
      Type synonyms expanded:
      Expected type: prettyprinter-1.7.1:Prettyprinter.Internal.Doc ann
        Actual type: prettyprinter-1.7.1:Prettyprinter.Internal.Doc
                       prettyprinter-ansi-terminal-1.1.3:Prettyprinter.Render.Terminal.Internal.AnsiStyle
      ‘ann’ is a rigid type variable bound by
        the type signature for:
          pretty :: forall ann.
                    CompleteProcessConfig
                    -> prettyprinter-1.7.1:Prettyprinter.Internal.Doc ann
        at src/Database/Postgres/Temp/Internal/Core.hs:160:3-8
    • In the first argument of ‘(<>)’, namely
        ‘text "completeProcessConfigEnvVars:"’
      In the expression:
        text "completeProcessConfigEnvVars:"
          <>
            softline
              <>
                indent
                  2 (vsep (map (uncurry prettyKeyPair) completeProcessConfigEnvVars))
                  <>
                    hardline
                      <>
                        text "completeProcessConfigCmdLine:"
                          <>
                            softline
                              <>
                                text (unwords completeProcessConfigCmdLine)
                                  <>
                                    hardline
                                      <>
                                        text "completeProcessConfigStdIn:"
                                          <+> prettyHandle completeProcessConfigStdIn
                                          <>
                                            hardline
                                              <>
                                                text "completeProcessConfigStdOut:"
                                                  <+> prettyHandle completeProcessConfigStdOut
                                                  <>
                                                    hardline
                                                      <>
                                                        text "completeProcessConfigStdErr:"
                                                          <+>
                                                            prettyHandle completeProcessConfigStdErr
      In an equation for ‘pretty’:
          pretty CompleteProcessConfig {..}
            = text "completeProcessConfigEnvVars:"
                <>
                  softline
                    <>
                      indent
                        2 (vsep (map (uncurry prettyKeyPair) completeProcessConfigEnvVars))
                        <>
                          hardline
                            <>
                              text "completeProcessConfigCmdLine:"
                                <>
                                  softline
                                    <>
                                      text (unwords completeProcessConfigCmdLine)
                                        <>
                                          hardline
                                            <>
                                              text "completeProcessConfigStdIn:"
                                                <+> prettyHandle completeProcessConfigStdIn
                                                <>
                                                  hardline
                                                    <>
                                                      text "completeProcessConfigStdOut:"
                                                        <+> prettyHandle completeProcessConfigStdOut
                                                        <>
                                                          hardline
                                                            <>
                                                              text "completeProcessConfigStdErr:"
                                                                <+>
                                                                  prettyHandle
                                                                    completeProcessConfigStdErr
    • Relevant bindings include
        pretty :: CompleteProcessConfig
                  -> prettyprinter-1.7.1:Prettyprinter.Internal.Doc ann
          (bound at src/Database/Postgres/Temp/Internal/Core.hs:160:3)
    |
161 |     =  text "completeProcessConfigEnvVars:"
    |        ^^^^^^^^^^^^^^^^^^^^^^^^^^^^^^^^^^^^

src/Database/Postgres/Temp/Internal/Core.hs:236:8: error: [GHC-25897]
    • Couldn't match type ‘ann’
                     with ‘prettyprinter-ansi-terminal-1.1.3:Prettyprinter.Render.Terminal.Internal.AnsiStyle’
      Expected: prettyprinter-1.7.1:Prettyprinter.Internal.Doc ann
        Actual: Doc
      Type synonyms expanded:
      Expected type: prettyprinter-1.7.1:Prettyprinter.Internal.Doc ann
        Actual type: prettyprinter-1.7.1:Prettyprinter.Internal.Doc
                       prettyprinter-ansi-terminal-1.1.3:Prettyprinter.Render.Terminal.Internal.AnsiStyle
      ‘ann’ is a rigid type variable bound by
        the type signature for:
          pretty :: forall ann.
                    CompletePostgresPlan
                    -> prettyprinter-1.7.1:Prettyprinter.Internal.Doc ann
        at src/Database/Postgres/Temp/Internal/Core.hs:235:3-8
    • In the first argument of ‘(<>)’, namely
        ‘text "completePostgresPlanProcessConfig:"’
      In the expression:
        text "completePostgresPlanProcessConfig:"
          <>
            softline
              <>
                indent 2 (pretty completePostgresPlanProcessConfig)
                  <>
                    hardline
                      <>
                        text "completePostgresPlanClientOptions:"
                          <+> prettyOptions completePostgresPlanClientOptions
      In an equation for ‘pretty’:
          pretty CompletePostgresPlan {..}
            = text "completePostgresPlanProcessConfig:"
                <>
                  softline
                    <>
                      indent 2 (pretty completePostgresPlanProcessConfig)
                        <>
                          hardline
                            <>
                              text "completePostgresPlanClientOptions:"
                                <+> prettyOptions completePostgresPlanClientOptions
    • Relevant bindings include
        pretty :: CompletePostgresPlan
                  -> prettyprinter-1.7.1:Prettyprinter.Internal.Doc ann
          (bound at src/Database/Postgres/Temp/Internal/Core.hs:235:3)
    |
236 |     =  text "completePostgresPlanProcessConfig:"
    |        ^^^^^^^^^^^^^^^^^^^^^^^^^^^^^^^^^^^^^^^^^

src/Database/Postgres/Temp/Internal/Core.hs:256:9: error: [GHC-25897]
    • Couldn't match type ‘ann’
                     with ‘prettyprinter-ansi-terminal-1.1.3:Prettyprinter.Render.Terminal.Internal.AnsiStyle’
      Expected: prettyprinter-1.7.1:Prettyprinter.Internal.Doc ann
        Actual: Doc
      Type synonyms expanded:
      Expected type: prettyprinter-1.7.1:Prettyprinter.Internal.Doc ann
        Actual type: prettyprinter-1.7.1:Prettyprinter.Internal.Doc
                       prettyprinter-ansi-terminal-1.1.3:Prettyprinter.Render.Terminal.Internal.AnsiStyle
      ‘ann’ is a rigid type variable bound by
        the type signature for:
          pretty :: forall ann.
                    PostgresProcess
                    -> prettyprinter-1.7.1:Prettyprinter.Internal.Doc ann
        at src/Database/Postgres/Temp/Internal/Core.hs:255:3-8
    • In the expression:
        text "postgresProcessClientOptions:"
          <+> prettyOptions postgresProcessClientOptions
      In an equation for ‘pretty’:
          pretty PostgresProcess {..}
            = text "postgresProcessClientOptions:"
                <+> prettyOptions postgresProcessClientOptions
      In the instance declaration for ‘Pretty PostgresProcess’
    • Relevant bindings include
        pretty :: PostgresProcess
                  -> prettyprinter-1.7.1:Prettyprinter.Internal.Doc ann
          (bound at src/Database/Postgres/Temp/Internal/Core.hs:255:3)
    |
256 |     =   text "postgresProcessClientOptions:"
    |         ^^^^^^^^^^^^^^^^^^^^^^^^^^^^^^^^^^^^...

src/Database/Postgres/Temp/Internal/Core.hs:323:8: error: [GHC-25897]
    • Couldn't match type ‘ann’
                     with ‘prettyprinter-ansi-terminal-1.1.3:Prettyprinter.Render.Terminal.Internal.AnsiStyle’
      Expected: prettyprinter-1.7.1:Prettyprinter.Internal.Doc ann
        Actual: Doc
      Type synonyms expanded:
      Expected type: prettyprinter-1.7.1:Prettyprinter.Internal.Doc ann
        Actual type: prettyprinter-1.7.1:Prettyprinter.Internal.Doc
                       prettyprinter-ansi-terminal-1.1.3:Prettyprinter.Render.Terminal.Internal.AnsiStyle
      ‘ann’ is a rigid type variable bound by
        the type signature for:
          pretty :: forall ann.
                    CompleteCopyDirectoryCommand
                    -> prettyprinter-1.7.1:Prettyprinter.Internal.Doc ann
        at src/Database/Postgres/Temp/Internal/Core.hs:322:3-8
    • In the first argument of ‘(<>)’, namely
        ‘text "copyDirectoryCommandSrc:"’
      In the expression:
        text "copyDirectoryCommandSrc:"
          <>
            softline
              <>
                indent 2 (text copyDirectoryCommandSrc)
                  <>
                    hardline
                      <>
                        text "copyDirectoryCommandDst:"
                          <>
                            softline
                              <>
                                indent 2 (text copyDirectoryCommandDst)
                                  <>
                                    hardline
                                      <>
                                        text "copyDirectoryCommandCow:"
                                          <+> pretty copyDirectoryCommandCow
      In an equation for ‘pretty’:
          pretty CompleteCopyDirectoryCommand {..}
            = text "copyDirectoryCommandSrc:"
                <>
                  softline
                    <>
                      indent 2 (text copyDirectoryCommandSrc)
                        <>
                          hardline
                            <>
                              text "copyDirectoryCommandDst:"
                                <>
                                  softline
                                    <>
                                      indent 2 (text copyDirectoryCommandDst)
                                        <>
                                          hardline
                                            <>
                                              text "copyDirectoryCommandCow:"
                                                <+> pretty copyDirectoryCommandCow
    • Relevant bindings include
        pretty :: CompleteCopyDirectoryCommand
                  -> prettyprinter-1.7.1:Prettyprinter.Internal.Doc ann
          (bound at src/Database/Postgres/Temp/Internal/Core.hs:322:3)
    |
323 |     =  text "copyDirectoryCommandSrc:"
    |        ^^^^^^^^^^^^^^^^^^^^^^^^^^^^^^^

src/Database/Postgres/Temp/Internal/Core.hs:361:9: error: [GHC-25897]
    • Couldn't match type ‘ann’
                     with ‘prettyprinter-ansi-terminal-1.1.3:Prettyprinter.Render.Terminal.Internal.AnsiStyle’
      Expected: prettyprinter-1.7.1:Prettyprinter.Internal.Doc ann
        Actual: Doc
      Type synonyms expanded:
      Expected type: prettyprinter-1.7.1:Prettyprinter.Internal.Doc ann
        Actual type: prettyprinter-1.7.1:Prettyprinter.Internal.Doc
                       prettyprinter-ansi-terminal-1.1.3:Prettyprinter.Render.Terminal.Internal.AnsiStyle
      ‘ann’ is a rigid type variable bound by
        the type signature for:
          pretty :: forall ann.
                    InitDbCachePlan
                    -> prettyprinter-1.7.1:Prettyprinter.Internal.Doc ann
        at src/Database/Postgres/Temp/Internal/Core.hs:360:3-8
    • In the first argument of ‘(<>)’, namely
        ‘text "cachePlanDataDirectory:"’
      In the expression:
        text "cachePlanDataDirectory:"
          <>
            softline
              <>
                indent 2 (pretty cachePlanDataDirectory)
                  <>
                    hardline
                      <>
                        text "cachePlanInitDb:"
                          <>
                            softline
                              <>
                                indent 2 (pretty cachePlanInitDb)
                                  <>
                                    hardline
                                      <>
                                        text "cachePlanCopy:"
                                          <> softline <> indent 2 (pretty cachePlanCopy)
      In an equation for ‘pretty’:
          pretty InitDbCachePlan {..}
            = text "cachePlanDataDirectory:"
                <>
                  softline
                    <>
                      indent 2 (pretty cachePlanDataDirectory)
                        <>
                          hardline
                            <>
                              text "cachePlanInitDb:"
                                <>
                                  softline
                                    <>
                                      indent 2 (pretty cachePlanInitDb)
                                        <>
                                          hardline
                                            <>
                                              text "cachePlanCopy:"
                                                <> softline <> indent 2 (pretty cachePlanCopy)
    • Relevant bindings include
        pretty :: InitDbCachePlan
                  -> prettyprinter-1.7.1:Prettyprinter.Internal.Doc ann
          (bound at src/Database/Postgres/Temp/Internal/Core.hs:360:3)
    |
361 |     =   text "cachePlanDataDirectory:"
    |         ^^^^^^^^^^^^^^^^^^^^^^^^^^^^^^

src/Database/Postgres/Temp/Internal/Core.hs:414:9: error: [GHC-25897]
    • Couldn't match type ‘ann’
                     with ‘prettyprinter-ansi-terminal-1.1.3:Prettyprinter.Render.Terminal.Internal.AnsiStyle’
      Expected: prettyprinter-1.7.1:Prettyprinter.Internal.Doc ann
        Actual: Doc
      Type synonyms expanded:
      Expected type: prettyprinter-1.7.1:Prettyprinter.Internal.Doc ann
        Actual type: prettyprinter-1.7.1:Prettyprinter.Internal.Doc
                       prettyprinter-ansi-terminal-1.1.3:Prettyprinter.Render.Terminal.Internal.AnsiStyle
      ‘ann’ is a rigid type variable bound by
        the type signature for:
          pretty :: forall ann.
                    Plan -> prettyprinter-1.7.1:Prettyprinter.Internal.Doc ann
        at src/Database/Postgres/Temp/Internal/Core.hs:413:3-8
    • In the first argument of ‘(<>)’, namely
        ‘text "completePlanInitDb:"’
      In the expression:
        text "completePlanInitDb:"
          <>
            softline
              <>
                indent 2 (pretty $ fmap eitherPretty completePlanInitDb)
                  <>
                    hardline
                      <>
                        text "completePlanCopy:"
                          <>
                            softline
                              <>
                                indent 2 (pretty completePlanCopy)
                                  <>
                                    hardline
                                      <>
                                        text "completePlanCreateDb:"
                                          <>
                                            softline
                                              <>
                                                indent 2 (pretty completePlanCreateDb)
                                                  <>
                                                    hardline
                                                      <>
                                                        text "completePlanPostgres:"
                                                          <>
                                                            softline
                                                              <>
                                                                indent
                                                                  2 (pretty completePlanPostgres)
                                                                  <>
                                                                    hardline
                                                                      <>
                                                                        text "completePlanConfig:"
                                                                          <>
                                                                            softline
                                                                              <>
                                                                                indent
                                                                                  2
                                                                                  (pretty
                                                                                     completePlanConfig)
                                                                                  <>
                                                                                    hardline
                                                                                      <>
                                                                                        text
                                                                                          "completePlanDataDirectory:"
                                                                                          <+>
                                                                                            pretty
                                                                                              completePlanDataDirectory
      In an equation for ‘pretty’:
          pretty Plan {..}
            = text "completePlanInitDb:"
                <>
                  softline
                    <>
                      indent 2 (pretty $ fmap eitherPretty completePlanInitDb)
                        <>
                          hardline
                            <>
                              text "completePlanCopy:"
                                <>
                                  softline
                                    <>
                                      indent 2 (pretty completePlanCopy)
                                        <>
                                          hardline
                                            <>
                                              text "completePlanCreateDb:"
                                                <>
                                                  softline
                                                    <>
                                                      indent 2 (pretty completePlanCreateDb)
                                                        <>
                                                          hardline
                                                            <>
                                                              text "completePlanPostgres:"
                                                                <>
                                                                  softline
                                                                    <>
                                                                      indent
                                                                        2
                                                                        (pretty
                                                                           completePlanPostgres)
                                                                        <>
                                                                          hardline
                                                                            <>
                                                                              text
                                                                                "completePlanConfig:"
                                                                                <>
                                                                                  softline
                                                                                    <>
                                                                                      indent
                                                                                        2
                                                                                        (pretty
                                                                                           completePlanConfig)
                                                                                        <>
                                                                                          hardline
                                                                                            <>
                                                                                              text
                                                                                                "completePlanDataDirectory:"
                                                                                                <+>
                                                                                                  pretty
                                                                                                    completePlanDataDirectory
    • Relevant bindings include
        pretty :: Plan
                  -> prettyprinter-1.7.1:Prettyprinter.Internal.Doc ann
          (bound at src/Database/Postgres/Temp/Internal/Core.hs:413:3)
    |
414 |     =   text "completePlanInitDb:"
    |         ^^^^^^^^^^^^^^^^^^^^^^^^^^

Error: [Cabal-7125]
Failed to build tmp-postgres-1.34.1.0 (which is required by test:test from postgresql-libpq-notify-0.2.0.0).

HasCallStack backtrace:
  collectBacktraces, called at libraries/ghc-internal/src/GHC/Internal/Exception.hs:169:13 in ghc-internal:GHC.Internal.Exception
  toExceptionWithBacktrace, called at libraries/ghc-internal/src/GHC/Internal/IO.hs:260:11 in ghc-internal:GHC.Internal.IO
  throwIO, called at libraries/ghc-internal/src/GHC/Internal/Control/Exception/Base.hs:195:43 in ghc-internal:GHC.Internal.Control.Exception.Base

