Resolving dependencies...
Build profile: -w ghc-9.10.2 -O1
In order, the following will be built (use -v for more details):
 - pipes-fluid-0.6.0.1 (lib) (first run)
 - pipes-misc-0.5.0.0 (lib) (requires build)
 - pipes-fluid-0.6.0.1 (test:pipes-fluid-test) (first run)
Configuring library for pipes-fluid-0.6.0.1...
Preprocessing library for pipes-fluid-0.6.0.1...
Building library for pipes-fluid-0.6.0.1...
[1 of 5] Compiling Pipes.Fluid.Merge
src/Pipes/Fluid/Merge.hs:6:1: warning: [GHC-66111] [-Wunused-imports]
    The import of ‘Data.Semigroup’ is redundant
      except perhaps to import instances from ‘Data.Semigroup’
    To import instances alone, use: import Data.Semigroup()
  |
6 | import Data.Semigroup
  | ^^^^^^^^^^^^^^^^^^^^^

src/Pipes/Fluid/Merge.hs:7:1: warning: [GHC-66111] [-Wunused-imports]
    The import of ‘Data.Foldable’ is redundant
      except perhaps to import instances from ‘Data.Foldable’
    To import instances alone, use: import Data.Foldable()
  |
7 | import Data.Foldable
  | ^^^^^^^^^^^^^^^^^^^^

[2 of 5] Compiling Pipes.Fluid.ImpulseIO
src/Pipes/Fluid/ImpulseIO.hs:25:1: warning: [GHC-66111] [-Wunused-imports]
    The import of ‘Data.Semigroup’ is redundant
      except perhaps to import instances from ‘Data.Semigroup’
    To import instances alone, use: import Data.Semigroup()
   |
25 | import Data.Semigroup
   | ^^^^^^^^^^^^^^^^^^^^^

src/Pipes/Fluid/ImpulseIO.hs:41:1: warning: [GHC-58520] [-Wtype-equality-requires-operators]
    The use of ‘~’ without TypeOperators
    will become an error in a future GHC release.
    Suggested fix: Perhaps you intended to use TypeOperators
   |
41 | makeWrapped ''ImpulseIO
   | ^^^^^^^^^^^^^^^^^^^^^^^

src/Pipes/Fluid/ImpulseIO.hs:48:5: warning: [GHC-50928] [-Wnoncanonical-monoid-instances]
    Noncanonical ‘mappend’ definition detected
    in the instance declaration for ‘Monoid (ImpulseIO m a)’.
    ‘mappend’ will eventually be removed in favour of ‘(<>)’
    Suggested fix:
      Either remove definition for ‘mappend’ (recommended) or define as ‘mappend = (<>)’
      See also: https://gitlab.haskell.org/ghc/ghc/-/wikis/proposal/semigroup-monoid
   |
48 |     mappend = mergeDiscrete
   |     ^^^^^^^^^^^^^^^^^^^^^^^

[3 of 5] Compiling Pipes.Fluid.Impulse
src/Pipes/Fluid/Impulse.hs:19:1: warning: [GHC-66111] [-Wunused-imports]
    The import of ‘Data.Semigroup’ is redundant
      except perhaps to import instances from ‘Data.Semigroup’
    To import instances alone, use: import Data.Semigroup()
   |
19 | import Data.Semigroup
   | ^^^^^^^^^^^^^^^^^^^^^

src/Pipes/Fluid/Impulse.hs:31:1: warning: [GHC-58520] [-Wtype-equality-requires-operators]
    The use of ‘~’ without TypeOperators
    will become an error in a future GHC release.
    Suggested fix: Perhaps you intended to use TypeOperators
   |
31 | makeWrapped ''Impulse
   | ^^^^^^^^^^^^^^^^^^^^^

src/Pipes/Fluid/Impulse.hs:38:5: warning: [GHC-50928] [-Wnoncanonical-monoid-instances]
    Noncanonical ‘mappend’ definition detected
    in the instance declaration for ‘Monoid (Impulse m a)’.
    ‘mappend’ will eventually be removed in favour of ‘(<>)’
    Suggested fix:
      Either remove definition for ‘mappend’ (recommended) or define as ‘mappend = (<>)’
      See also: https://gitlab.haskell.org/ghc/ghc/-/wikis/proposal/semigroup-monoid
   |
38 |     mappend = mergeDiscrete
   |     ^^^^^^^^^^^^^^^^^^^^^^^

[4 of 5] Compiling Pipes.Fluid.Simultaneous
src/Pipes/Fluid/Simultaneous.hs:26:1: warning: [GHC-58520] [-Wtype-equality-requires-operators]
    The use of ‘~’ without TypeOperators
    will become an error in a future GHC release.
    Suggested fix: Perhaps you intended to use TypeOperators
   |
26 | makeWrapped ''Simultaneous
   | ^^^^^^^^^^^^^^^^^^^^^^^^^^

[5 of 5] Compiling Pipes.Fluid
Configuring library for pipes-misc-0.5.0.0...
Preprocessing library for pipes-misc-0.5.0.0...
Building library for pipes-misc-0.5.0.0...
[1 of 6] Compiling Pipes.Misc.Concurrent
[2 of 6] Compiling Pipes.Misc.State.Lazy
src/Pipes/Misc/State/Lazy.hs:13:13: error: [GHC-88464]
    Variable not in scope:
      forever :: P.Proxy () a () a m2 () -> P.Pipe a a m r
   |
13 | store v s = forever $ do
   |             ^^^^^^^

src/Pipes/Misc/State/Lazy.hs:20:13: error: [GHC-88464]
    Variable not in scope:
      forever :: P.Proxy () b0 () (b, b0) m1 () -> P.Pipe a (b, a) m r
   |
20 | restore v = forever $ do
   |             ^^^^^^^

src/Pipes/Misc/State/Lazy.hs:27:14: error: [GHC-88464]
    Variable not in scope:
      forever :: P.Proxy () a0 () b m0 () -> P.Pipe () b m r
   |
27 | restore' v = forever $ do
   |              ^^^^^^^

[3 of 6] Compiling Pipes.Misc.State.Strict
src/Pipes/Misc/State/Strict.hs:12:13: error: [GHC-88464]
    Variable not in scope:
      forever :: P.Proxy () a () a m2 () -> P.Pipe a a m r
   |
12 | store v s = forever $ do
   |             ^^^^^^^

src/Pipes/Misc/State/Strict.hs:19:13: error: [GHC-88464]
    Variable not in scope:
      forever :: P.Proxy () b0 () (b, b0) m1 () -> P.Pipe a (b, a) m r
   |
19 | restore v = forever $ do
   |             ^^^^^^^

src/Pipes/Misc/State/Strict.hs:26:14: error: [GHC-88464]
    Variable not in scope:
      forever :: P.Proxy () a0 () b m0 () -> P.Pipe () b m r
   |
26 | restore' v = forever $ do
   |              ^^^^^^^

[4 of 6] Compiling Pipes.Misc.Util
[5 of 6] Compiling Pipes.Misc.Time
Error: [Cabal-7125]
Failed to build pipes-misc-0.5.0.0 (which is required by test:pipes-fluid-test from pipes-fluid-0.6.0.1).

HasCallStack backtrace:
  collectBacktraces, called at libraries/ghc-internal/src/GHC/Internal/Exception.hs:169:13 in ghc-internal:GHC.Internal.Exception
  toExceptionWithBacktrace, called at libraries/ghc-internal/src/GHC/Internal/IO.hs:260:11 in ghc-internal:GHC.Internal.IO
  throwIO, called at libraries/ghc-internal/src/GHC/Internal/Control/Exception/Base.hs:195:43 in ghc-internal:GHC.Internal.Control.Exception.Base

