Resolving dependencies...
Build profile: -w ghc-9.10.2 -O1
In order, the following will be built (use -v for more details):
 - haskey-btree-0.3.0.1 (lib) (first run)
 - haskey-btree-0.3.0.1 (test:haskey-btree-properties) (first run)
 - haskey-btree-0.3.0.1 (test:haskey-btree-integration) (first run)
Configuring library for haskey-btree-0.3.0.1...
Preprocessing library for haskey-btree-0.3.0.1...
Building library for haskey-btree-0.3.0.1...
[ 1 of 25] Compiling Data.BTree.Impure.Internal.Setup
[ 2 of 25] Compiling Data.BTree.Primitives.Exception
[ 3 of 25] Compiling Data.BTree.Primitives.Height
src/Data/BTree/Primitives/Height.hs:31:27: warning: [GHC-97441] [-Woverflowed-literals]
    Literal -1 is out of the Word8 range 0..255
   |
31 | decrHeight = Height . (+(-1)) . fromHeight
   |                           ^

src/Data/BTree/Primitives/Height.hs:36:33: warning: [GHC-39567] [-Wstar-is-type]
    Using ‘*’ (or its Unicode variant) to mean ‘Data.Kind.Type’
    relies on the StarIsType extension, which will become
    deprecated in the future.
    Suggested fix: Use ‘Type’ from ‘Data.Kind’ instead.
   |
36 | data UHeight (height :: Nat) :: * where
   |                                 ^

[ 4 of 25] Compiling Data.BTree.Primitives.Value
src/Data/BTree/Primitives/Value.hs:5:1: warning: [GHC-66111] [-Wunused-imports]
    The import of ‘Control.Applicative’ is redundant
      except perhaps to import instances from ‘Control.Applicative’
    To import instances alone, use: import Control.Applicative()
  |
5 | import Control.Applicative ((<$>),(<*>))
  | ^^^^^^^^^^^^^^^^^^^^^^^^^^^^^^^^^^^^^^^^

src/Data/BTree/Primitives/Value.hs:9:1: warning: [GHC-66111] [-Wunused-imports]
    The import of ‘Data.Proxy’ is redundant
      except perhaps to import instances from ‘Data.Proxy’
    To import instances alone, use: import Data.Proxy()
  |
9 | import Data.Proxy          (Proxy (..))
  | ^^^^^^^^^^^^^^^^^^^^^^^^^^^^^^^^^^^^^^^

[ 5 of 25] Compiling Data.BTree.Primitives.Key
[ 6 of 25] Compiling Data.BTree.Primitives.Ids
[ 7 of 25] Compiling Data.BTree.Pure.Setup
[ 8 of 25] Compiling Data.BTree.Utils.List
[ 9 of 25] Compiling Data.BTree.Utils.Map
[10 of 25] Compiling Data.BTree.Utils.Vector
[11 of 25] Compiling Data.BTree.Primitives.Index
src/Data/BTree/Primitives/Index.hs:7:1: warning: [GHC-66111] [-Wunused-imports]
    The import of ‘Control.Applicative’ is redundant
      except perhaps to import instances from ‘Control.Applicative’
    To import instances alone, use: import Control.Applicative()
  |
7 | import Control.Applicative ((<$>))
  | ^^^^^^^^^^^^^^^^^^^^^^^^^^^^^^^^^^

src/Data/BTree/Primitives/Index.hs:12:1: warning: [GHC-66111] [-Wunused-imports]
    The import of ‘Data.Foldable’ is redundant
      except perhaps to import instances from ‘Data.Foldable’
    To import instances alone, use: import Data.Foldable()
   |
12 | import Data.Foldable (Foldable)
   | ^^^^^^^^^^^^^^^^^^^^^^^^^^^^^^^

src/Data/BTree/Primitives/Index.hs:13:1: warning: [GHC-66111] [-Wunused-imports]
    The import of ‘Data.Monoid’ is redundant
      except perhaps to import instances from ‘Data.Monoid’
    To import instances alone, use: import Data.Monoid()
   |
13 | import Data.Monoid
   | ^^^^^^^^^^^^^^^^^^

src/Data/BTree/Primitives/Index.hs:14:1: warning: [GHC-66111] [-Wunused-imports]
    The import of ‘Data.Traversable’ is redundant
      except perhaps to import instances from ‘Data.Traversable’
    To import instances alone, use: import Data.Traversable()
   |
14 | import Data.Traversable (Traversable)
   | ^^^^^^^^^^^^^^^^^^^^^^^^^^^^^^^^^^^^^

[12 of 25] Compiling Data.BTree.Primitives.Leaf
src/Data/BTree/Primitives/Leaf.hs:3:1: warning: [GHC-66111] [-Wunused-imports]
    The import of ‘Control.Applicative’ is redundant
      except perhaps to import instances from ‘Control.Applicative’
    To import instances alone, use: import Control.Applicative()
  |
3 | import Control.Applicative ((<$>))
  | ^^^^^^^^^^^^^^^^^^^^^^^^^^^^^^^^^^

src/Data/BTree/Primitives/Leaf.hs:39:18: warning: [GHC-63394] [-Wx-partial]
    In the use of ‘tail’
    (imported from Prelude, but defined in GHC.Internal.List):
    "This is a partial function, it throws an error on empty lists. Replace it with 'drop' 1, or use pattern matching or 'GHC.Internal.Data.List.uncons' instead. Consider refactoring to use "Data.List.NonEmpty"."
   |
39 |         inits' = tail (mapInits items)
   |                  ^^^^

[13 of 25] Compiling Data.BTree.Pure
src/Data/BTree/Pure.hs:48:1: warning: [GHC-66111] [-Wunused-imports]
    The import of ‘Data.Monoid’ is redundant
      except perhaps to import instances from ‘Data.Monoid’
    To import instances alone, use: import Data.Monoid()
   |
48 | import Data.Monoid
   | ^^^^^^^^^^^^^^^^^^

[14 of 25] Compiling Data.BTree.Primitives
[15 of 25] Compiling Data.BTree.Impure.Internal.Structures
src/Data/BTree/Impure/Internal/Structures.hs:28:1: warning: [GHC-66111] [-Wunused-imports]
    The import of ‘Control.Applicative’ is redundant
      except perhaps to import instances from ‘Control.Applicative’
    To import instances alone, use: import Control.Applicative()
   |
28 | import Control.Applicative ((<$>), (<*>))
   | ^^^^^^^^^^^^^^^^^^^^^^^^^^^^^^^^^^^^^^^^^

[16 of 25] Compiling Data.BTree.Alloc.Class
src/Data/BTree/Alloc/Class.hs:10:1: warning: [GHC-66111] [-Wunused-imports]
    The import of ‘Control.Applicative’ is redundant
      except perhaps to import instances from ‘Control.Applicative’
    To import instances alone, use: import Control.Applicative()
   |
10 | import Control.Applicative (Applicative)
   | ^^^^^^^^^^^^^^^^^^^^^^^^^^^^^^^^^^^^^^^^

[17 of 25] Compiling Data.BTree.Impure.Internal.Overflow
src/Data/BTree/Impure/Internal/Overflow.hs:6:1: warning: [GHC-66111] [-Wunused-imports]
    The import of ‘Control.Applicative’ is redundant
      except perhaps to import instances from ‘Control.Applicative’
    To import instances alone, use: import Control.Applicative()
  |
6 | import Control.Applicative ((<$>))
  | ^^^^^^^^^^^^^^^^^^^^^^^^^^^^^^^^^^

[18 of 25] Compiling Data.BTree.Impure.Internal.Lookup
src/Data/BTree/Impure/Internal/Lookup.hs:12:1: warning: [GHC-66111] [-Wunused-imports]
    The import of ‘Control.Applicative’ is redundant
      except perhaps to import instances from ‘Control.Applicative’
    To import instances alone, use: import Control.Applicative()
   |
12 | import Control.Applicative ((<$>))
   | ^^^^^^^^^^^^^^^^^^^^^^^^^^^^^^^^^^

[19 of 25] Compiling Data.BTree.Impure.Internal.Insert
src/Data/BTree/Impure/Internal/Insert.hs:9:1: warning: [GHC-66111] [-Wunused-imports]
    The import of ‘Data.Traversable’ is redundant
      except perhaps to import instances from ‘Data.Traversable’
    To import instances alone, use: import Data.Traversable()
  |
9 | import Data.Traversable (traverse)
  | ^^^^^^^^^^^^^^^^^^^^^^^^^^^^^^^^^^

[20 of 25] Compiling Data.BTree.Impure.Internal.Fold
src/Data/BTree/Impure/Internal/Fold.hs:8:1: warning: [GHC-66111] [-Wunused-imports]
    The import of ‘Data.Monoid’ is redundant
      except perhaps to import instances from ‘Data.Monoid’
    To import instances alone, use: import Data.Monoid()
  |
8 | import Data.Monoid (Monoid, (<>), mempty)
  | ^^^^^^^^^^^^^^^^^^^^^^^^^^^^^^^^^^^^^^^^^

[21 of 25] Compiling Data.BTree.Impure.Internal.Delete
src/Data/BTree/Impure/Internal/Delete.hs:9:1: warning: [GHC-66111] [-Wunused-imports]
    The import of ‘Data.Monoid’ is redundant
      except perhaps to import instances from ‘Data.Monoid’
    To import instances alone, use: import Data.Monoid()
  |
9 | import Data.Monoid
  | ^^^^^^^^^^^^^^^^^^

src/Data/BTree/Impure/Internal/Delete.hs:10:1: warning: [GHC-66111] [-Wunused-imports]
    The import of ‘Data.Traversable’ is redundant
      except perhaps to import instances from ‘Data.Traversable’
    To import instances alone, use: import Data.Traversable()
   |
10 | import Data.Traversable (traverse)
   | ^^^^^^^^^^^^^^^^^^^^^^^^^^^^^^^^^^

[22 of 25] Compiling Data.BTree.Impure
[23 of 25] Compiling Data.BTree.Impure.NonEmpty
src/Data/BTree/Impure/NonEmpty.hs:23:1: warning: [GHC-66111] [-Wunused-imports]
    The import of ‘Control.Applicative’ is redundant
      except perhaps to import instances from ‘Control.Applicative’
    To import instances alone, use: import Control.Applicative()
   |
23 | import Control.Applicative ((<$>), (<*>))
   | ^^^^^^^^^^^^^^^^^^^^^^^^^^^^^^^^^^^^^^^^^

[24 of 25] Compiling Data.BTree.Alloc.Debug
src/Data/BTree/Alloc/Debug.hs:7:1: warning: [GHC-66111] [-Wunused-imports]
    The import of ‘Control.Applicative’ is redundant
      except perhaps to import instances from ‘Control.Applicative’
    To import instances alone, use: import Control.Applicative()
  |
7 | import Control.Applicative (Applicative, (<$>))
  | ^^^^^^^^^^^^^^^^^^^^^^^^^^^^^^^^^^^^^^^^^^^^^^^

[25 of 25] Compiling Data.BTree.Alloc
Configuring test suite 'haskey-btree-properties' for haskey-btree-0.3.0.1...
Preprocessing test suite 'haskey-btree-properties' for haskey-btree-0.3.0.1...
Building test suite 'haskey-btree-properties' for haskey-btree-0.3.0.1...
[ 1 of 10] Compiling Properties.Impure.Fold
[ 2 of 10] Compiling Properties.Impure.Insert
[ 3 of 10] Compiling Properties.Pure
tests/Properties/Pure.hs:15:1: warning: [GHC-66111] [-Wunused-imports]
    The import of ‘Control.Applicative’ is redundant
      except perhaps to import instances from ‘Control.Applicative’
    To import instances alone, use: import Control.Applicative()
   |
15 | import Control.Applicative ((<$>))
   | ^^^^^^^^^^^^^^^^^^^^^^^^^^^^^^^^^^

[ 4 of 10] Compiling Properties.Utils
[ 5 of 10] Compiling Properties.Primitives.Ids
tests/Properties/Primitives/Ids.hs:10:1: warning: [GHC-66111] [-Wunused-imports]
    The import of ‘Control.Applicative’ is redundant
      except perhaps to import instances from ‘Control.Applicative’
    To import instances alone, use: import Control.Applicative()
   |
10 | import Control.Applicative ((<$>))
   | ^^^^^^^^^^^^^^^^^^^^^^^^^^^^^^^^^^

[ 6 of 10] Compiling Properties.Primitives.Leaf
tests/Properties/Primitives/Leaf.hs:36:81: warning: [GHC-63394] [-Wx-partial]
    In the use of ‘tail’
    (imported from Prelude, but defined in GHC.Internal.List):
    "This is a partial function, it throws an error on empty lists. Replace it with 'drop' 1, or use pattern matching or 'GHC.Internal.Data.List.uncons' instead. Consider refactoring to use "Data.List.NonEmpty"."
   |
36 |     , keysMinOK    <- all (\(key, m') -> fst (M.findMin m') >= key) $ zip keys (tail maps)
   |                                                                                 ^^^^

tests/Properties/Primitives/Leaf.hs:53:81: warning: [GHC-63394] [-Wx-partial]
    In the use of ‘tail’
    (imported from Prelude, but defined in GHC.Internal.List):
    "This is a partial function, it throws an error on empty lists. Replace it with 'drop' 1, or use pattern matching or 'GHC.Internal.Data.List.uncons' instead. Consider refactoring to use "Data.List.NonEmpty"."
   |
53 |     , keysMinOK    <- all (\(key, m') -> fst (M.findMin m') >= key) $ zip keys (tail maps)
   |                                                                                 ^^^^

[ 7 of 10] Compiling Properties.Primitives.Index
tests/Properties/Primitives/Index.hs:9:1: warning: [GHC-66111] [-Wunused-imports]
    The import of ‘Control.Applicative’ is redundant
      except perhaps to import instances from ‘Control.Applicative’
    To import instances alone, use: import Control.Applicative()
  |
9 | import Control.Applicative ((<$>))
  | ^^^^^^^^^^^^^^^^^^^^^^^^^^^^^^^^^^

tests/Properties/Primitives/Index.hs:15:1: warning: [GHC-66111] [-Wunused-imports]
    The import of ‘Data.Monoid’ is redundant
      except perhaps to import instances from ‘Data.Monoid’
    To import instances alone, use: import Data.Monoid()
   |
15 | import Data.Monoid ((<>))
   | ^^^^^^^^^^^^^^^^^^^^^^^^^

[ 8 of 10] Compiling Properties.Primitives.Height
[ 9 of 10] Compiling Properties.Impure.Structures
tests/Properties/Impure/Structures.hs:10:1: warning: [GHC-66111] [-Wunused-imports]
    The import of ‘Control.Applicative’ is redundant
      except perhaps to import instances from ‘Control.Applicative’
    To import instances alone, use: import Control.Applicative()
   |
10 | import Control.Applicative ((<$>), (<*>))
   | ^^^^^^^^^^^^^^^^^^^^^^^^^^^^^^^^^^^^^^^^^

[10 of 10] Compiling Main
[11 of 11] Linking /tmp/workdir-haskey-btree/haskey-btree-0.3.0.1/dist-newstyle/build/x86_64-linux/ghc-9.10.2/haskey-btree-0.3.0.1/t/haskey-btree-properties/build/haskey-btree-properties/haskey-btree-properties
Configuring test suite 'haskey-btree-integration' for haskey-btree-0.3.0.1...
Preprocessing test suite 'haskey-btree-integration' for haskey-btree-0.3.0.1...
Building test suite 'haskey-btree-integration' for haskey-btree-0.3.0.1...
[1 of 3] Compiling Integration.WriteOpenRead.Transactions
tests/Integration/WriteOpenRead/Transactions.hs:59:33: error: [GHC-88464]
    Variable not in scope:
      replicateM
        :: Int
           -> StateT (Map k0 v0, [TestAction k0 v0]) Gen ()
           -> StateT (Map k v, [TestAction k v]) Gen a0
    Suggested fix: Perhaps use ‘replicate’ (imported from Prelude)
   |
59 |     (m, actions) <- execStateT (replicateM k next) (db, [])
   |                                 ^^^^^^^^^^

tests/Integration/WriteOpenRead/Transactions.hs:92:29: error: [GHC-88464]
    Variable not in scope:
      replicateM
        :: Int
           -> StateT (Map k1 v1, [TestTransaction k1 v1]) Gen ()
           -> StateT (Map k2 a1, [TestTransaction k v]) Gen a2
    Suggested fix: Perhaps use ‘replicate’ (imported from Prelude)
   |
92 |     (_, txs) <- execStateT (replicateM k next) (M.empty, [])
   |                             ^^^^^^^^^^

Error: [Cabal-7125]
Failed to build test:haskey-btree-integration from haskey-btree-0.3.0.1.

