Resolving dependencies...
Build profile: -w ghc-9.10.2 -O1
In order, the following will be built (use -v for more details):
 - web-view-0.7.0 (lib) (first run)
 - web-view-0.7.0 (test:test) (first run)
Configuring library for web-view-0.7.0...
Preprocessing library for web-view-0.7.0...
Building library for web-view-0.7.0...
[ 1 of 10] Compiling Paths_web_view
[ 2 of 10] Compiling Web.View.Reset
[ 3 of 10] Compiling Web.View.Types
[ 4 of 10] Compiling Web.View.Style
[ 5 of 10] Compiling Web.View.Types.Url
[ 6 of 10] Compiling Web.View.View
[ 7 of 10] Compiling Web.View.Render
src/Web/View/Render.hs:11:1: warning: [GHC-66111] [-Wunused-imports]
    The import of ‘Data.List’ is redundant
      except perhaps to import instances from ‘Data.List’
    To import instances alone, use: import Data.List()
   |
11 | import Data.List (foldl')
   | ^^^^^^^^^^^^^^^^^^^^^^^^^

[ 8 of 10] Compiling Web.View.Element
[ 9 of 10] Compiling Web.View.Layout
[10 of 10] Compiling Web.View
Configuring test suite 'test' for web-view-0.7.0...
Preprocessing test suite 'test' for web-view-0.7.0...
Building test suite 'test' for web-view-0.7.0...
ghc-9.10.2: could not execute: skeletest-preprocessor
Error: [Cabal-7125]
Failed to build test:test from web-view-0.7.0.

HasCallStack backtrace:
  collectBacktraces, called at libraries/ghc-internal/src/GHC/Internal/Exception.hs:169:13 in ghc-internal:GHC.Internal.Exception
  toExceptionWithBacktrace, called at libraries/ghc-internal/src/GHC/Internal/IO.hs:260:11 in ghc-internal:GHC.Internal.IO
  throwIO, called at libraries/ghc-internal/src/GHC/Internal/Control/Exception/Base.hs:195:43 in ghc-internal:GHC.Internal.Control.Exception.Base

