Resolving dependencies...
Build profile: -w ghc-9.10.2 -O1
In order, the following will be built (use -v for more details):
 - persistent-redis-2.13.0.2 (lib) (first run)
 - persistent-redis-2.13.0.2 (test:basic) (first run)
Configuring library for persistent-redis-2.13.0.2...
Preprocessing library for persistent-redis-2.13.0.2...
Building library for persistent-redis-2.13.0.2...
[1 of 7] Compiling Database.Persist.Redis.Config
[2 of 7] Compiling Database.Persist.Redis.Exception
[3 of 7] Compiling Database.Persist.Redis.Parser
[4 of 7] Compiling Database.Persist.Redis.Internal
Database/Persist/Redis/Internal.hs:15:1: warning: [GHC-66111] [-Wunused-imports]
    The import of ‘Control.Monad.Fail’ is redundant
      except perhaps to import instances from ‘Control.Monad.Fail’
    To import instances alone, use: import Control.Monad.Fail()
   |
15 | import Control.Monad.Fail (MonadFail)
   | ^^^^^^^^^^^^^^^^^^^^^^^^^^^^^^^^^^^^^

Database/Persist/Redis/Internal.hs:78:19: warning: [GHC-63394] [-Wx-partial]
    In the use of ‘head’
    (imported from Prelude, but defined in GHC.Internal.List):
    "This is a partial function, it throws an error on empty lists. Use pattern matching, 'Data.List.uncons' or 'Data.Maybe.listToMaybe' instead. Consider refactoring to use "Data.List.NonEmpty"."
   |
78 | unKey = toValue . head . keyToValues
   |                   ^^^^

[5 of 7] Compiling Database.Persist.Redis.Update
[6 of 7] Compiling Database.Persist.Redis.Store
[7 of 7] Compiling Database.Persist.Redis
Configuring test suite 'basic' for persistent-redis-2.13.0.2...
Preprocessing test suite 'basic' for persistent-redis-2.13.0.2...
Building test suite 'basic' for persistent-redis-2.13.0.2...
[1 of 8] Compiling Database.Persist.Redis.Config
[2 of 8] Compiling Database.Persist.Redis.Exception
[3 of 8] Compiling Database.Persist.Redis.Parser
[4 of 8] Compiling Database.Persist.Redis.Internal
Database/Persist/Redis/Internal.hs:78:19: warning: [GHC-63394] [-Wx-partial]
    In the use of ‘head’
    (imported from Prelude, but defined in GHC.Internal.List):
    "This is a partial function, it throws an error on empty lists. Use pattern matching, 'Data.List.uncons' or 'Data.Maybe.listToMaybe' instead. Consider refactoring to use "Data.List.NonEmpty"."
   |
78 | unKey = toValue . head . keyToValues
   |                   ^^^^

[5 of 8] Compiling Database.Persist.Redis.Update
[6 of 8] Compiling Database.Persist.Redis.Store
[7 of 8] Compiling Database.Persist.Redis
[8 of 8] Compiling Main
[9 of 9] Linking dist-newstyle/build/x86_64-linux/ghc-9.10.2/persistent-redis-2.13.0.2/t/basic/build/basic/basic
