Resolving dependencies...
Build profile: -w ghc-9.10.2 -O1
In order, the following will be built (use -v for more details):
 - gogol-drive-1.0.0 (lib) (first run)
Configuring library for gogol-drive-1.0.0...
Preprocessing library for gogol-drive-1.0.0...
Building library for gogol-drive-1.0.0...
[ 1 of 62] Compiling Gogol.Drive.Internal.Sum
[ 2 of 62] Compiling Gogol.Drive.Internal.Product
[ 3 of 62] Compiling Gogol.Drive.Types
[ 4 of 62] Compiling Gogol.Drive.Teamdrives.Update
[ 5 of 62] Compiling Gogol.Drive.Teamdrives.List
[ 6 of 62] Compiling Gogol.Drive.Teamdrives.Get
[ 7 of 62] Compiling Gogol.Drive.Teamdrives.Delete
[ 8 of 62] Compiling Gogol.Drive.Teamdrives.Create
[ 9 of 62] Compiling Gogol.Drive.Revisions.Update
[10 of 62] Compiling Gogol.Drive.Revisions.List
[11 of 62] Compiling Gogol.Drive.Revisions.Get
[12 of 62] Compiling Gogol.Drive.Revisions.Delete
[13 of 62] Compiling Gogol.Drive.Replies.Update
[14 of 62] Compiling Gogol.Drive.Replies.List
[15 of 62] Compiling Gogol.Drive.Replies.Get
[16 of 62] Compiling Gogol.Drive.Replies.Delete
[17 of 62] Compiling Gogol.Drive.Replies.Create
[18 of 62] Compiling Gogol.Drive.Permissions.Update
[19 of 62] Compiling Gogol.Drive.Permissions.List
[20 of 62] Compiling Gogol.Drive.Permissions.Get
[21 of 62] Compiling Gogol.Drive.Permissions.Delete
[22 of 62] Compiling Gogol.Drive.Permissions.Create
[23 of 62] Compiling Gogol.Drive.Operations.List
[24 of 62] Compiling Gogol.Drive.Operations.Get
[25 of 62] Compiling Gogol.Drive.Operations.Delete
[26 of 62] Compiling Gogol.Drive.Operations.Cancel
[27 of 62] Compiling Gogol.Drive.Files.Watch
[28 of 62] Compiling Gogol.Drive.Files.Update
[29 of 62] Compiling Gogol.Drive.Files.ModifyLabels
[30 of 62] Compiling Gogol.Drive.Files.ListLabels
[31 of 62] Compiling Gogol.Drive.Files.List
[32 of 62] Compiling Gogol.Drive.Files.Get
[33 of 62] Compiling Gogol.Drive.Files.GenerateIds
[34 of 62] Compiling Gogol.Drive.Files.Export
[35 of 62] Compiling Gogol.Drive.Files.EmptyTrash
[36 of 62] Compiling Gogol.Drive.Files.Download
[37 of 62] Compiling Gogol.Drive.Files.Delete
[38 of 62] Compiling Gogol.Drive.Files.Create
[39 of 62] Compiling Gogol.Drive.Files.Copy
[40 of 62] Compiling Gogol.Drive.Drives.Update
[41 of 62] Compiling Gogol.Drive.Drives.Unhide
[42 of 62] Compiling Gogol.Drive.Drives.List
[43 of 62] Compiling Gogol.Drive.Drives.Hide
[44 of 62] Compiling Gogol.Drive.Drives.Get
[45 of 62] Compiling Gogol.Drive.Drives.Delete
[46 of 62] Compiling Gogol.Drive.Drives.Create
[47 of 62] Compiling Gogol.Drive.Comments.Update
[48 of 62] Compiling Gogol.Drive.Comments.List
[49 of 62] Compiling Gogol.Drive.Comments.Get
[50 of 62] Compiling Gogol.Drive.Comments.Delete
[51 of 62] Compiling Gogol.Drive.Comments.Create
[52 of 62] Compiling Gogol.Drive.Channels.Stop
[53 of 62] Compiling Gogol.Drive.Changes.Watch
[54 of 62] Compiling Gogol.Drive.Changes.List
[55 of 62] Compiling Gogol.Drive.Changes.GetStartPageToken
[56 of 62] Compiling Gogol.Drive.Apps.List
[57 of 62] Compiling Gogol.Drive.Apps.Get
[58 of 62] Compiling Gogol.Drive.Accessproposals.Resolve
[59 of 62] Compiling Gogol.Drive.Accessproposals.List
[60 of 62] Compiling Gogol.Drive.Accessproposals.Get
[61 of 62] Compiling Gogol.Drive.About.Get
[62 of 62] Compiling Gogol.Drive
