Resolving dependencies...
Build profile: -w ghc-9.10.2 -O1
In order, the following will be built (use -v for more details):
 - ogma-language-c-1.7.0 (lib:ogma-language-c, test:unit-tests) (first run)
[1 of 2] Compiling Main             ( dist-newstyle/build/x86_64-linux/ghc-9.10.2/ogma-language-c-1.7.0/setup/setup.hs, dist-newstyle/build/x86_64-linux/ghc-9.10.2/ogma-language-c-1.7.0/setup/Main.o )
[2 of 2] Linking dist-newstyle/build/x86_64-linux/ghc-9.10.2/ogma-language-c-1.7.0/setup/setup
Configuring ogma-language-c-1.7.0...
Warning: names not unique:
  grammar/C.cf:58:1: DeclarationSpecifiers
  grammar/C.cf:244:1: Expression
This can be an error in some backends.

223 rules accepted

Use Alex 3 to compile Language/C/LexC.x.
writing new file src/Language/C/AbsC.hs
writing new file src/Language/C/PrintC.hs
writing new file src/Language/C/LexC.x
writing new file src/Language/C/ParC.y
writing new file src/Language/C/TestC.hs
writing new file src/Language/C/ErrM.hs
writing new file src/Language/C/SkelC.hs
writing new file src/Language/C/DocC.txt
Preprocessing library for ogma-language-c-1.7.0...
unused rules: 1
shift/reduce conflicts:  4
reduce/reduce conflicts: 27
Building library for ogma-language-c-1.7.0...
[1 of 4] Compiling Language.C.AbsC
[2 of 4] Compiling Language.C.LexC
[3 of 4] Compiling Language.C.ParC
[4 of 4] Compiling Language.C.PrintC
Preprocessing test suite 'unit-tests' for ogma-language-c-1.7.0...
Building test suite 'unit-tests' for ogma-language-c-1.7.0...
[1 of 1] Compiling Main
[2 of 2] Linking dist-newstyle/build/x86_64-linux/ghc-9.10.2/ogma-language-c-1.7.0/build/unit-tests/unit-tests
