Resolving dependencies...
Build profile: -w ghc-9.10.2 -O1
In order, the following will be built (use -v for more details):
 - wild-bind-0.1.2.12 (lib) (first run)
 - wild-bind-0.1.2.12 (test:spec) (first run)
Configuring library for wild-bind-0.1.2.12...
Preprocessing library for wild-bind-0.1.2.12...
Building library for wild-bind-0.1.2.12...
[1 of 7] Compiling WildBind.Description
[2 of 7] Compiling WildBind.Binding
[3 of 7] Compiling WildBind.FrontEnd
[4 of 7] Compiling WildBind.Exec
[5 of 7] Compiling WildBind.Input.NumPad
[6 of 7] Compiling WildBind
[7 of 7] Compiling WildBind.Seq
Configuring test suite 'spec' for wild-bind-0.1.2.12...
Preprocessing test suite 'spec' for wild-bind-0.1.2.12...
Building test suite 'spec' for wild-bind-0.1.2.12...
[1 of 5] Compiling WildBind.ForTest
[2 of 5] Compiling WildBind.ExecSpec
[3 of 5] Compiling WildBind.BindingSpec
test/WildBind/BindingSpec.hs:70:17: warning: [GHC-63394] [-Wx-partial]
    In the use of ‘head’
    (imported from Prelude, but defined in GHC.Internal.List):
    "This is a partial function, it throws an error on empty lists. Use pattern matching, 'Data.List.uncons' or 'Data.Maybe.listToMaybe' instead. Consider refactoring to use "Data.List.NonEmpty"."
   |
70 | generate = fmap head . sample'
   |                 ^^^^

test/WildBind/BindingSpec.hs:310:25: warning: [GHC-63394] [-Wx-partial]
    In the use of ‘head’
    (imported from Prelude, but defined in GHC.Internal.List):
    "This is a partial function, it throws an error on empty lists. Use pattern matching, 'Data.List.uncons' or 'Data.Maybe.listToMaybe' instead. Consider refactoring to use "Data.List.NonEmpty"."
    |
310 |             out_elem <- head <$> show <$> unSB <$> State.get
    |                         ^^^^

test/WildBind/BindingSpec.hs:358:25: warning: [GHC-63394] [-Wx-partial]
    In the use of ‘head’
    (imported from Prelude, but defined in GHC.Internal.List):
    "This is a partial function, it throws an error on empty lists. Use pattern matching, 'Data.List.uncons' or 'Data.Maybe.listToMaybe' instead. Consider refactoring to use "Data.List.NonEmpty"."
    |
358 |             out_elem <- head <$> show <$> unSB <$> State.get
    |                         ^^^^

[4 of 5] Compiling WildBind.SeqSpec
[5 of 5] Compiling Main
[6 of 6] Linking dist-newstyle/build/x86_64-linux/ghc-9.10.2/wild-bind-0.1.2.12/t/spec/build/spec/spec
