Resolving dependencies...
Build profile: -w ghc-9.10.2 -O1
In order, the following will be built (use -v for more details):
 - monadology-0.4 (lib) (first run)
 - monadology-0.4 (test:test) (first run)
Configuring library for monadology-0.4...
Preprocessing library for monadology-0.4...
Building library for monadology-0.4...
[ 1 of 45] Compiling Control.Monad.Ology.General.IO
[ 2 of 45] Compiling Control.Monad.Ology.General.Trans.Trans
[ 3 of 45] Compiling Import
[ 4 of 45] Compiling Control.Monad.Ology.Specific.Result
[ 5 of 45] Compiling Control.Monad.Ology.General.Trans.Coerce
[ 6 of 45] Compiling Control.Monad.Ology.General.Function
[ 7 of 45] Compiling Control.Monad.Ology.General.Trans.Constraint
[ 8 of 45] Compiling Control.Monad.Ology.General.Trans.Hoist
[ 9 of 45] Compiling Control.Monad.Ology.General.Outer
[10 of 45] Compiling Control.Monad.Ology.General.Exception.Class
[11 of 45] Compiling Control.Monad.Ology.General.Inner
[12 of 45] Compiling Control.Monad.Ology.General.Extract
[13 of 45] Compiling Control.Monad.Ology.General.Identity
[14 of 45] Compiling Control.Monad.Ology.Specific.ComposeInner
[15 of 45] Compiling Control.Monad.Ology.General.Trans.Tunnel
[16 of 45] Compiling Control.Monad.Ology.Specific.StepT
[17 of 45] Compiling Control.Monad.Ology.Specific.CoroutineT
[18 of 45] Compiling Control.Monad.Ology.Specific.ComposeOuter
[19 of 45] Compiling Control.Monad.Ology.General.Trans.Unlift
[20 of 45] Compiling Control.Monad.Ology.General.Trans.AskUnlift
[21 of 45] Compiling Control.Monad.Ology.General.Exception
[22 of 45] Compiling Control.Monad.Ology.General.Throw
[23 of 45] Compiling Control.Monad.Ology.General.Coroutine
[24 of 45] Compiling Control.Monad.Ology.General.Cont
[25 of 45] Compiling Control.Monad.Ology.General.Catch
[26 of 45] Compiling Control.Monad.Ology.General
[27 of 45] Compiling Control.Monad.Ology.Specific.WriterT
[28 of 45] Compiling Control.Monad.Ology.Specific.StateT
[29 of 45] Compiling Control.Monad.Ology.Specific.ReaderT
[30 of 45] Compiling Control.Monad.Ology.Specific.MaybeT
[31 of 45] Compiling Control.Monad.Ology.Specific.LifecycleT
[32 of 45] Compiling Control.Monad.Ology.Specific.IdentityT
[33 of 45] Compiling Control.Monad.Ology.Specific.ExceptT
[34 of 45] Compiling Control.Monad.Ology.Specific.StackT
[35 of 45] Compiling Control.Monad.Ology.Specific.ContT
[36 of 45] Compiling Control.Monad.Ology.Specific.ComposeT
[37 of 45] Compiling Control.Monad.Ology.Data.Param
[38 of 45] Compiling Control.Monad.Ology.Data.Prod
[39 of 45] Compiling Control.Monad.Ology.Data.Ref
[40 of 45] Compiling Control.Monad.Ology.Data.Exn
[41 of 45] Compiling Control.Monad.Ology.Specific.ResultT
[42 of 45] Compiling Control.Monad.Ology.Data
[43 of 45] Compiling Control.Monad.Ology.Specific.WithT
[44 of 45] Compiling Control.Monad.Ology.Specific.ReaderStateT
[45 of 45] Compiling Control.Monad.Ology
Configuring test suite 'test' for monadology-0.4...
Preprocessing test suite 'test' for monadology-0.4...
Building test suite 'test' for monadology-0.4...
[1 of 7] Compiling Compose
[2 of 7] Compiling Data
[3 of 7] Compiling Useful
[4 of 7] Compiling Lifecycle
[5 of 7] Compiling Exception
[6 of 7] Compiling Coroutine
[7 of 7] Compiling Main
[8 of 8] Linking dist-newstyle/build/x86_64-linux/ghc-9.10.2/monadology-0.4/t/test/build/test/test
