Resolving dependencies...
Build profile: -w ghc-9.10.2 -O1
In order, the following will be built (use -v for more details):
 - text-iso8601-0.1.1 (lib) (first run)
 - text-iso8601-0.1.1 (test:text-iso8601-tests) (first run)
Configuring library for text-iso8601-0.1.1...
Warning: [git-protocol] Cloning over git:// might lead to an arbitrary code
execution vulnerability. Furthermore, popular forges like GitHub do not
support it. Use https:// or ssh:// instead.
Preprocessing library for text-iso8601-0.1.1...
Building library for text-iso8601-0.1.1...
[1 of 2] Compiling Data.Time.FromText
[2 of 2] Compiling Data.Time.ToText
Configuring test suite 'text-iso8601-tests' for text-iso8601-0.1.1...
Warning: [git-protocol] Cloning over git:// might lead to an arbitrary code
execution vulnerability. Furthermore, popular forges like GitHub do not
support it. Use https:// or ssh:// instead.
Preprocessing test suite 'text-iso8601-tests' for text-iso8601-0.1.1...
Building test suite 'text-iso8601-tests' for text-iso8601-0.1.1...
[1 of 1] Compiling Main
[2 of 2] Linking dist-newstyle/build/x86_64-linux/ghc-9.10.2/text-iso8601-0.1.1/t/text-iso8601-tests/build/text-iso8601-tests/text-iso8601-tests
