Warning: The package description file ./hxt-curl.cabal has warnings:
hxt-curl.cabal:32:37: version operators used. To use version operators the
package needs to specify at least 'cabal-version: >= 1.8'.
hxt-curl.cabal:33:37: version operators used. To use version operators the
package needs to specify at least 'cabal-version: >= 1.8'.
hxt-curl.cabal:34:37: version operators used. To use version operators the
package needs to specify at least 'cabal-version: >= 1.8'.
hxt-curl.cabal:35:37: version operators used. To use version operators the
package needs to specify at least 'cabal-version: >= 1.8'.
hxt-curl.cabal:36:37: version operators used. To use version operators the
package needs to specify at least 'cabal-version: >= 1.8'.
Warning: The package description file
/tmp/workdir-hxt-curl/hxt-curl-9.1.1.1/hxt-curl.cabal has warnings:
/tmp/workdir-hxt-curl/hxt-curl-9.1.1.1/hxt-curl.cabal:32:37: version operators
used. To use version operators the package needs to specify at least
'cabal-version: >= 1.8'.
/tmp/workdir-hxt-curl/hxt-curl-9.1.1.1/hxt-curl.cabal:33:37: version operators
used. To use version operators the package needs to specify at least
'cabal-version: >= 1.8'.
/tmp/workdir-hxt-curl/hxt-curl-9.1.1.1/hxt-curl.cabal:34:37: version operators
used. To use version operators the package needs to specify at least
'cabal-version: >= 1.8'.
/tmp/workdir-hxt-curl/hxt-curl-9.1.1.1/hxt-curl.cabal:35:37: version operators
used. To use version operators the package needs to specify at least
'cabal-version: >= 1.8'.
/tmp/workdir-hxt-curl/hxt-curl-9.1.1.1/hxt-curl.cabal:36:37: version operators
used. To use version operators the package needs to specify at least
'cabal-version: >= 1.8'.
Resolving dependencies...
Build profile: -w ghc-9.10.2 -O1
In order, the following will be built (use -v for more details):
 - hxt-curl-9.1.1.1 (lib:hxt-curl) (first run)
Warning: hxt-curl.cabal:32:37: version operators used. To use version
operators the package needs to specify at least 'cabal-version: >= 1.8'.
Warning: hxt-curl.cabal:33:37: version operators used. To use version
operators the package needs to specify at least 'cabal-version: >= 1.8'.
Warning: hxt-curl.cabal:34:37: version operators used. To use version
operators the package needs to specify at least 'cabal-version: >= 1.8'.
Warning: hxt-curl.cabal:35:37: version operators used. To use version
operators the package needs to specify at least 'cabal-version: >= 1.8'.
Warning: hxt-curl.cabal:36:37: version operators used. To use version
operators the package needs to specify at least 'cabal-version: >= 1.8'.
Configuring hxt-curl-9.1.1.1...
Warning: [git-protocol] Cloning over git:// might lead to an arbitrary code
execution vulnerability. Furthermore, popular forges like GitHub do not
support it. Use https:// or ssh:// instead.
Preprocessing library for hxt-curl-9.1.1.1...
Building library for hxt-curl-9.1.1.1...
[1 of 3] Compiling Text.XML.HXT.IO.GetHTTPLibCurl
src/Text/XML/HXT/IO/GetHTTPLibCurl.hs:284:14: warning: [GHC-63394] [-Wx-partial]
    In the use of ‘tail’
    (imported from Prelude, but defined in GHC.Internal.List):
    "This is a partial function, it throws an error on empty lists. Replace it with 'drop' 1, or use pattern matching or 'GHC.Internal.Data.List.uncons' instead. Consider refactoring to use "Data.List.NonEmpty"."
    |
284 |         v' = tail v
    |              ^^^^

[2 of 3] Compiling Text.XML.HXT.Arrow.LibCurlInput
[3 of 3] Compiling Text.XML.HXT.Curl
