Resolving dependencies...
Build profile: -w ghc-9.10.2 -O1
In order, the following will be built (use -v for more details):
 - hw-excess-0.2.3.0 (lib) (first run)
 - hw-excess-0.2.3.0 (test:hw-excess-test) (first run)
 - hw-excess-0.2.3.0 (test:doctest) (first run)
Configuring library for hw-excess-0.2.3.0...
Preprocessing library for hw-excess-0.2.3.0...
Building library for hw-excess-0.2.3.0...
[ 1 of 18] Compiling HaskellWorks.Data.Excess.Excess0
[ 2 of 18] Compiling HaskellWorks.Data.Excess.Excess1
[ 3 of 18] Compiling HaskellWorks.Data.Excess
[ 4 of 18] Compiling HaskellWorks.Data.Excess.Internal.Branchless
[ 5 of 18] Compiling HaskellWorks.Data.Excess.Internal.Table
[ 6 of 18] Compiling HaskellWorks.Data.Excess.Internal.Triplet8
[ 7 of 18] Compiling HaskellWorks.Data.Excess.Internal.Partial.Table
[ 8 of 18] Compiling HaskellWorks.Data.Excess.MinExcess
src/HaskellWorks/Data/Excess/MinExcess.hs:7:1: warning: [GHC-66111] [-Wunused-imports]
    The import of ‘Control.Applicative’ is redundant
      except perhaps to import instances from ‘Control.Applicative’
    To import instances alone, use: import Control.Applicative()
  |
7 | import Control.Applicative (pure)
  | ^^^^^^^^^^^^^^^^^^^^^^^^^^^^^^^^^

[ 9 of 18] Compiling HaskellWorks.Data.Excess.MinExcess0
[10 of 18] Compiling HaskellWorks.Data.Excess.MinExcess1
[11 of 18] Compiling HaskellWorks.Data.Excess.PartialMinExcess0
[12 of 18] Compiling HaskellWorks.Data.Excess.PartialMinExcess1
[13 of 18] Compiling HaskellWorks.Data.Excess.Triplet
src/HaskellWorks/Data/Excess/Triplet.hs:7:1: warning: [GHC-66111] [-Wunused-imports]
    The import of ‘Control.Applicative’ is redundant
      except perhaps to import instances from ‘Control.Applicative’
    To import instances alone, use: import Control.Applicative()
  |
7 | import Control.Applicative (pure)
  | ^^^^^^^^^^^^^^^^^^^^^^^^^^^^^^^^^

[14 of 18] Compiling HaskellWorks.Data.Excess.PartialMinMaxExcess1
[15 of 18] Compiling HaskellWorks.Data.Excess.PartialMinMaxExcess0
[16 of 18] Compiling HaskellWorks.Data.Excess.MinMaxExcess1
[17 of 18] Compiling HaskellWorks.Data.Excess.MinMaxExcess0
[18 of 18] Compiling Paths_hw_excess
Configuring test suite 'hw-excess-test' for hw-excess-0.2.3.0...
Preprocessing test suite 'hw-excess-test' for hw-excess-0.2.3.0...
Building test suite 'hw-excess-test' for hw-excess-0.2.3.0...
[ 1 of 10] Compiling HaskellWorks.Data.Excess.Internal.BranchlessSpec
[ 2 of 10] Compiling HaskellWorks.Data.Excess.MinExcess0Spec
[ 3 of 10] Compiling HaskellWorks.Data.Excess.MinExcess1Spec
[ 4 of 10] Compiling HaskellWorks.Data.Excess.MinMaxExcess0Spec
[ 5 of 10] Compiling HaskellWorks.Data.Excess.MinMaxExcess1Spec
[ 6 of 10] Compiling HaskellWorks.Data.Excess.PartialMinExcess0Spec
[ 7 of 10] Compiling HaskellWorks.Data.Excess.PartialMinExcess1Spec
[ 8 of 10] Compiling HaskellWorks.Data.Excess.PartialMinMaxExcess0Spec
[ 9 of 10] Compiling HaskellWorks.Data.Excess.PartialMinMaxExcess1Spec
[10 of 10] Compiling Main
[11 of 11] Linking dist-newstyle/build/x86_64-linux/ghc-9.10.2/hw-excess-0.2.3.0/t/hw-excess-test/build/hw-excess-test/hw-excess-test
Configuring test suite 'doctest' for hw-excess-0.2.3.0...
Preprocessing test suite 'doctest' for hw-excess-0.2.3.0...
Building test suite 'doctest' for hw-excess-0.2.3.0...
[1 of 1] Compiling Main
[2 of 2] Linking dist-newstyle/build/x86_64-linux/ghc-9.10.2/hw-excess-0.2.3.0/t/doctest/build/doctest/doctest
