Resolving dependencies...
Build profile: -w ghc-9.10.2 -O1
In order, the following will be built (use -v for more details):
 - ansigraph-0.3.0.5 (lib) (first run)
 - ansigraph-0.3.0.5 (test:test-ansigraph) (first run)
Configuring library for ansigraph-0.3.0.5...
Warning: [git-protocol] Cloning over git:// might lead to an arbitrary code
execution vulnerability. Furthermore, popular forges like GitHub do not
support it. Use https:// or ssh:// instead.
Preprocessing library for ansigraph-0.3.0.5...
Building library for ansigraph-0.3.0.5...
[1 of 7] Compiling System.Console.Ansigraph.Internal.Core
[2 of 7] Compiling System.Console.Ansigraph.Internal.Horizontal
[3 of 7] Compiling System.Console.Ansigraph.Internal.Matrix
[4 of 7] Compiling System.Console.Ansigraph.Core
[5 of 7] Compiling System.Console.Ansigraph.Internal.FlexInstances
[6 of 7] Compiling System.Console.Ansigraph
[7 of 7] Compiling System.Console.Ansigraph.Examples
Configuring test suite 'test-ansigraph' for ansigraph-0.3.0.5...
Warning: [git-protocol] Cloning over git:// might lead to an arbitrary code
execution vulnerability. Furthermore, popular forges like GitHub do not
support it. Use https:// or ssh:// instead.
Preprocessing test suite 'test-ansigraph' for ansigraph-0.3.0.5...
Building test suite 'test-ansigraph' for ansigraph-0.3.0.5...
[1 of 1] Compiling Main
[2 of 2] Linking dist-newstyle/build/x86_64-linux/ghc-9.10.2/ansigraph-0.3.0.5/t/test-ansigraph/build/test-ansigraph/test-ansigraph
