Resolving dependencies...
Build profile: -w ghc-9.10.2 -O1
In order, the following will be built (use -v for more details):
 - pava-0.1.1.4 (lib) (first run)
 - pava-0.1.1.4 (test:pava-test) (first run)
Configuring library for pava-0.1.1.4...
Preprocessing library for pava-0.1.1.4...
Building library for pava-0.1.1.4...
[1 of 4] Compiling Paths_pava
[2 of 4] Compiling Statistics.Pava.Common
[3 of 4] Compiling Statistics.Lcm
src/Statistics/Lcm.hs:44:14: warning: [GHC-63394] [-Wx-partial]
    In the use of ‘tail’
    (imported from Prelude, but defined in GHC.Internal.List):
    "This is a partial function, it throws an error on empty lists. Replace it with 'drop' 1, or use pattern matching or 'GHC.Internal.Data.List.uncons' instead. Consider refactoring to use "Data.List.NonEmpty"."
   |
44 |   else pool (tail xs) (tail ys) (tail ss) x2 y2
   |              ^^^^

src/Statistics/Lcm.hs:44:24: warning: [GHC-63394] [-Wx-partial]
    In the use of ‘tail’
    (imported from Prelude, but defined in GHC.Internal.List):
    "This is a partial function, it throws an error on empty lists. Replace it with 'drop' 1, or use pattern matching or 'GHC.Internal.Data.List.uncons' instead. Consider refactoring to use "Data.List.NonEmpty"."
   |
44 |   else pool (tail xs) (tail ys) (tail ss) x2 y2
   |                        ^^^^

src/Statistics/Lcm.hs:44:34: warning: [GHC-63394] [-Wx-partial]
    In the use of ‘tail’
    (imported from Prelude, but defined in GHC.Internal.List):
    "This is a partial function, it throws an error on empty lists. Replace it with 'drop' 1, or use pattern matching or 'GHC.Internal.Data.List.uncons' instead. Consider refactoring to use "Data.List.NonEmpty"."
   |
44 |   else pool (tail xs) (tail ys) (tail ss) x2 y2
   |                                  ^^^^

[4 of 4] Compiling Statistics.Gcm
src/Statistics/Gcm.hs:43:14: warning: [GHC-63394] [-Wx-partial]
    In the use of ‘tail’
    (imported from Prelude, but defined in GHC.Internal.List):
    "This is a partial function, it throws an error on empty lists. Replace it with 'drop' 1, or use pattern matching or 'GHC.Internal.Data.List.uncons' instead. Consider refactoring to use "Data.List.NonEmpty"."
   |
43 |   else pool (tail xs) (tail ys) (tail ss) x2 y2
   |              ^^^^

src/Statistics/Gcm.hs:43:24: warning: [GHC-63394] [-Wx-partial]
    In the use of ‘tail’
    (imported from Prelude, but defined in GHC.Internal.List):
    "This is a partial function, it throws an error on empty lists. Replace it with 'drop' 1, or use pattern matching or 'GHC.Internal.Data.List.uncons' instead. Consider refactoring to use "Data.List.NonEmpty"."
   |
43 |   else pool (tail xs) (tail ys) (tail ss) x2 y2
   |                        ^^^^

src/Statistics/Gcm.hs:43:34: warning: [GHC-63394] [-Wx-partial]
    In the use of ‘tail’
    (imported from Prelude, but defined in GHC.Internal.List):
    "This is a partial function, it throws an error on empty lists. Replace it with 'drop' 1, or use pattern matching or 'GHC.Internal.Data.List.uncons' instead. Consider refactoring to use "Data.List.NonEmpty"."
   |
43 |   else pool (tail xs) (tail ys) (tail ss) x2 y2
   |                                  ^^^^

Configuring test suite 'pava-test' for pava-0.1.1.4...
Preprocessing test suite 'pava-test' for pava-0.1.1.4...
Building test suite 'pava-test' for pava-0.1.1.4...
[1 of 5] Compiling Paths_pava
[2 of 5] Compiling Statistics.GcmSpec
[3 of 5] Compiling Statistics.LcmSpec
[4 of 5] Compiling Statistics.Pava.CommonSpec
[5 of 5] Compiling Main
[6 of 6] Linking dist-newstyle/build/x86_64-linux/ghc-9.10.2/pava-0.1.1.4/t/pava-test/build/pava-test/pava-test
