Resolving dependencies...
Build profile: -w ghc-9.10.2 -O1
In order, the following will be built (use -v for more details):
 - servant-server-0.20.3.0 (lib) (first run)
 - servant-server-0.20.3.0 (test:spec) (first run)
 - servant-server-0.20.3.0 (exe:greet) (first run)
Configuring library for servant-server-0.20.3.0...
Preprocessing library for servant-server-0.20.3.0...
Building library for servant-server-0.20.3.0...
[ 1 of 19] Compiling Servant.Server.Internal.Context
[ 2 of 19] Compiling Servant.Server.Internal.ResponseRender
[ 3 of 19] Compiling Servant.Server.Internal.ServerError
[ 4 of 19] Compiling Servant.Server.Internal.RouteResult
[ 5 of 19] Compiling Servant.Server.Internal.RoutingApplication
[ 6 of 19] Compiling Servant.Server.Internal.Handler
[ 7 of 19] Compiling Servant.Server.Internal.ErrorFormatter
[ 8 of 19] Compiling Servant.Server.Internal.Router
[ 9 of 19] Compiling Servant.Server.Internal.DelayedIO
[10 of 19] Compiling Servant.Server.Internal.Delayed
[11 of 19] Compiling Servant.Server.Internal.BasicAuth
[12 of 19] Compiling Servant.Server.Internal
src/Servant/Server/Internal.hs:1051:1: warning: [GHC-08585] [-Wmissing-methods]
    • No explicit associated type or default declaration for ‘ServerT’
    • In the instance declaration for ‘HasServer (ty :> sub) context’
     |
1051 | instance {-# OVERLAPPABLE #-} TypeError (NoInstanceForSub
     | ^^^^^^^^^^^^^^^^^^^^^^^^^^^^^^^^^^^^^^^^^^^^^^^^^^^^^^^^^...

src/Servant/Server/Internal.hs:1051:31: warning: [GHC-06201] [-Wmissing-methods]
    • No explicit implementation for
        ‘route’ and ‘hoistServerWithContext’
    • In the instance declaration for ‘HasServer (ty :> sub) context’
     |
1051 | instance {-# OVERLAPPABLE #-} TypeError (NoInstanceForSub
     |                               ^^^^^^^^^^^^^^^^^^^^^^^^^^^...

src/Servant/Server/Internal.hs:1057:1: warning: [GHC-08585] [-Wmissing-methods]
    • No explicit associated type or default declaration for ‘ServerT’
    • In the instance declaration for ‘HasServer api context’
     |
1057 | instance {-# OVERLAPPABLE #-} TypeError (NoInstanceFor (HasServer api context)) => HasServer api context
     | ^^^^^^^^^^^^^^^^^^^^^^^^^^^^^^^^^^^^^^^^^^^^^^^^^^^^^^^^^^^^^^^^^^^^^^^^^^^^^^^^^^^^^^^^^^^^^^^^^^^^^^^^

src/Servant/Server/Internal.hs:1057:31: warning: [GHC-06201] [-Wmissing-methods]
    • No explicit implementation for
        ‘route’ and ‘hoistServerWithContext’
    • In the instance declaration for ‘HasServer api context’
     |
1057 | instance {-# OVERLAPPABLE #-} TypeError (NoInstanceFor (HasServer api context)) => HasServer api context
     |                               ^^^^^^^^^^^^^^^^^^^^^^^^^^^^^^^^^^^^^^^^^^^^^^^^^^^^^^^^^^^^^^^^^^^^^^^^^^

[13 of 19] Compiling Servant.Server.UVerb
[14 of 19] Compiling Servant.Server
[15 of 19] Compiling Servant.Server.StaticFiles
[16 of 19] Compiling Servant.Server.Generic
[17 of 19] Compiling Servant
[18 of 19] Compiling Servant.Server.Experimental.Auth
[19 of 19] Compiling Servant.Utils.StaticFiles
Configuring test suite 'spec' for servant-server-0.20.3.0...
Preprocessing test suite 'spec' for servant-server-0.20.3.0...
Building test suite 'spec' for servant-server-0.20.3.0...
[ 1 of 12] Compiling Servant.ArbitraryMonadServerSpec
[ 2 of 12] Compiling Servant.HoistSpec
[ 3 of 12] Compiling Servant.Server.ErrorSpec
[ 4 of 12] Compiling Servant.Server.Internal.ContextSpec
[ 5 of 12] Compiling Servant.Server.Internal.RoutingApplicationSpec
[ 6 of 12] Compiling Servant.Server.RouterSpec
[ 7 of 12] Compiling Servant.Server.StreamingSpec
test/Servant/Server/StreamingSpec.hs:62:11: warning: [GHC-68441] [-Wdeprecations]
    In the use of record field of Request ‘requestBody’
    (imported from Network.Wai.Internal):
    Deprecated: "requestBody's name is misleading because it only gets a partial chunk of the body. Use getRequestBodyChunk instead when getting the field, and setRequestBodyChunks when setting the field."
   |
62 |           requestBody = streamTestData,
   |           ^^^^^^^^^^^

[ 8 of 12] Compiling Servant.Server.UsingContextSpec.TestCombinators
[ 9 of 12] Compiling Servant.Server.UsingContextSpec
[10 of 12] Compiling Servant.ServerSpec
test/Servant/ServerSpec.hs:277:8: warning: [GHC-62161] [-Wincomplete-uni-patterns]
    Pattern match(es) are non-exhaustive
    In a lambda abstraction:
        Patterns of type ‘[Char]’ not matched:
            []
            (p:_) where p is not one of {'c'}
            ['c']
            ('c':p:_) where p is not one of {'a'}
            ...
    |
277 |       (\ "captured" -> Tagged $ \request_ sendResponse ->
    |        ^^^^^^^^^^^^^^^^^^^^^^^^^^^^^^^^^^^^^^^^^^^^^^^^^^...

test/Servant/ServerSpec.hs:908:1: warning: [GHC-90177] [-Worphans]
    Orphan family instance:
      type instance AuthServerData (AuthProtect "auth") = ()
                      -- Defined at test/Servant/ServerSpec.hs:908:15
    Suggested fix:
      Move the instance declaration to the module of the type family or of the type, or
      wrap the type with a newtype and declare the instance on the new type.
    |
908 | type instance AuthServerData (AuthProtect "auth") = ()
    | ^^^^^^^^^^^^^^^^^^^^^^^^^^^^^^^^^^^^^^^^^^^^^^^^^^^^^^

[11 of 12] Compiling Servant.Server.StaticFilesSpec
[12 of 12] Compiling Main
[13 of 13] Linking dist-newstyle/build/x86_64-linux/ghc-9.10.2/servant-server-0.20.3.0/t/spec/build/spec/spec
Configuring executable 'greet' for servant-server-0.20.3.0...
Preprocessing executable 'greet' for servant-server-0.20.3.0...
Building executable 'greet' for servant-server-0.20.3.0...
[1 of 1] Compiling Main
[2 of 2] Linking dist-newstyle/build/x86_64-linux/ghc-9.10.2/servant-server-0.20.3.0/x/greet/build/greet/greet
