Resolving dependencies...
Build profile: -w ghc-9.10.2 -O1
In order, the following will be built (use -v for more details):
 - bench-show-0.3.2 (lib) (first run)
 - bench-show-0.3.2 (test:test) (first run)
 - bench-show-0.3.2 (test:doc) (first run)
 - bench-show-0.3.2 (exe:bench-show) (first run)
Configuring library for bench-show-0.3.2...
Preprocessing library for bench-show-0.3.2...
Building library for bench-show-0.3.2...
[1 of 7] Compiling BenchShow.Internal.Analysis
lib/BenchShow/Internal/Analysis.hs:210:20: warning: [GHC-62161] [-Wincomplete-uni-patterns]
    Pattern match(es) are non-exhaustive
    In a lambda abstraction:
        Patterns of type ‘[Estimate ConfInt Double]’ not matched:
            []
            [_]
            (_:_:_:_)
    |
210 |     return $ fmap (\[mn,dev] -> (mn, dev))
    |                    ^^^^^^^^^^^^^^^^^^^^^^

lib/BenchShow/Internal/Analysis.hs:320:26: warning: [GHC-63394] [-Wx-partial]
    In the use of ‘head’
    (imported from Prelude, but defined in GHC.Internal.List):
    "This is a partial function, it throws an error on empty lists. Use pattern matching, 'Data.List.uncons' or 'Data.Maybe.listToMaybe' instead. Consider refactoring to use "Data.List.NonEmpty"."
    |
320 |     let len = U.length $ head vectors
    |                          ^^^^

[2 of 7] Compiling BenchShow.Internal.Common
lib/BenchShow/Internal/Common.hs:48:1: warning: [GHC-66111] [-Wunused-imports]
    The import of ‘Data.Foldable’ is redundant
      except perhaps to import instances from ‘Data.Foldable’
    To import instances alone, use: import Data.Foldable()
   |
48 | import Data.Foldable (foldl')
   | ^^^^^^^^^^^^^^^^^^^^^^^^^^^^^

lib/BenchShow/Internal/Common.hs:464:28: warning: [GHC-63394] [-Wx-partial]
    In the use of ‘head’
    (imported from Prelude, but defined in GHC.Internal.List):
    "This is a partial function, it throws an error on empty lists. Use pattern matching, 'Data.List.uncons' or 'Data.Maybe.listToMaybe' instead. Consider refactoring to use "Data.List.NonEmpty"."
    |
464 |             let firstCol = head columns
    |                            ^^^^

lib/BenchShow/Internal/Common.hs:469:34: warning: [GHC-63394] [-Wx-partial]
    In the use of ‘tail’
    (imported from Prelude, but defined in GHC.Internal.List):
    "This is a partial function, it throws an error on empty lists. Replace it with 'drop' 1, or use pattern matching or 'GHC.Internal.Data.List.uncons' instead. Consider refactoring to use "Data.List.NonEmpty"."
    |
469 |             in map colTransform (tail columns)
    |                                  ^^^^

lib/BenchShow/Internal/Common.hs:472:28: warning: [GHC-63394] [-Wx-partial]
    In the use of ‘head’
    (imported from Prelude, but defined in GHC.Internal.List):
    "This is a partial function, it throws an error on empty lists. Use pattern matching, 'Data.List.uncons' or 'Data.Maybe.listToMaybe' instead. Consider refactoring to use "Data.List.NonEmpty"."
    |
472 |             let firstCol = head cols
    |                            ^^^^

lib/BenchShow/Internal/Common.hs:474:34: warning: [GHC-63394] [-Wx-partial]
    In the use of ‘tail’
    (imported from Prelude, but defined in GHC.Internal.List):
    "This is a partial function, it throws an error on empty lists. Replace it with 'drop' 1, or use pattern matching or 'GHC.Internal.Data.List.uncons' instead. Consider refactoring to use "Data.List.NonEmpty"."
    |
474 |             in map colTransform (tail cols)
    |                                  ^^^^

lib/BenchShow/Internal/Common.hs:480:60: warning: [GHC-63394] [-Wx-partial]
    In the use of ‘head’
    (imported from Prelude, but defined in GHC.Internal.List):
    "This is a partial function, it throws an error on empty lists. Use pattern matching, 'Data.List.uncons' or 'Data.Maybe.listToMaybe' instead. Consider refactoring to use "Data.List.NonEmpty"."
    |
480 |                         in ( Just $ map (const estimator) (head cols) : ests
    |                                                            ^^^^

lib/BenchShow/Internal/Common.hs:481:30: warning: [GHC-63394] [-Wx-partial]
    In the use of ‘head’
    (imported from Prelude, but defined in GHC.Internal.List):
    "This is a partial function, it throws an error on empty lists. Use pattern matching, 'Data.List.uncons' or 'Data.Maybe.listToMaybe' instead. Consider refactoring to use "Data.List.NonEmpty"."
    |
481 |                            , head columns : vals
    |                              ^^^^

lib/BenchShow/Internal/Common.hs:484:35: warning: [GHC-63394] [-Wx-partial]
    In the use of ‘head’
    (imported from Prelude, but defined in GHC.Internal.List):
    "This is a partial function, it throws an error on empty lists. Use pattern matching, 'Data.List.uncons' or 'Data.Maybe.listToMaybe' instead. Consider refactoring to use "Data.List.NonEmpty"."
    |
484 |                         (Nothing, head columns : cmpWith f)
    |                                   ^^^^

lib/BenchShow/Internal/Common.hs:492:39: warning: [GHC-63394] [-Wx-partial]
    In the use of ‘head’
    (imported from Prelude, but defined in GHC.Internal.List):
    "This is a partial function, it throws an error on empty lists. Use pattern matching, 'Data.List.uncons' or 'Data.Maybe.listToMaybe' instead. Consider refactoring to use "Data.List.NonEmpty"."
    |
492 |                         TextReport -> head columns
    |                                       ^^^^

lib/BenchShow/Internal/Common.hs:494:29: warning: [GHC-63394] [-Wx-partial]
    In the use of ‘head’
    (imported from Prelude, but defined in GHC.Internal.List):
    "This is a partial function, it throws an error on empty lists. Use pattern matching, 'Data.List.uncons' or 'Data.Maybe.listToMaybe' instead. Consider refactoring to use "Data.List.NonEmpty"."
    |
494 |                             head columns
    |                             ^^^^

lib/BenchShow/Internal/Common.hs:496:58: warning: [GHC-63394] [-Wx-partial]
    In the use of ‘head’
    (imported from Prelude, but defined in GHC.Internal.List):
    "This is a partial function, it throws an error on empty lists. Use pattern matching, 'Data.List.uncons' or 'Data.Maybe.listToMaybe' instead. Consider refactoring to use "Data.List.NonEmpty"."
    |
496 |                             map (\(n,_) -> (n,baseVal)) (head columns)
    |                                                          ^^^^

lib/BenchShow/Internal/Common.hs:500:56: warning: [GHC-63394] [-Wx-partial]
    In the use of ‘head’
    (imported from Prelude, but defined in GHC.Internal.List):
    "This is a partial function, it throws an error on empty lists. Use pattern matching, 'Data.List.uncons' or 'Data.Maybe.listToMaybe' instead. Consider refactoring to use "Data.List.NonEmpty"."
    |
500 |                     in ( Just $ map (const estimator) (head cols) : ests
    |                                                        ^^^^

lib/BenchShow/Internal/Common.hs:756:19: warning: [GHC-63394] [-Wx-partial]
    In the use of ‘head’
    (imported from Prelude, but defined in GHC.Internal.List):
    "This is a partial function, it throws an error on empty lists. Use pattern matching, 'Data.List.uncons' or 'Data.Maybe.listToMaybe' instead. Consider refactoring to use "Data.List.NonEmpty"."
    |
756 |     let headRow = head csvlines
    |                   ^^^^

lib/BenchShow/Internal/Common.hs:810:37: warning: [GHC-62161] [-Wincomplete-uni-patterns]
    Pattern match(es) are non-exhaustive
    In a lambda abstraction:
        Patterns of type ‘[[Char]]’ not matched: []
    |
810 |             let findField x = find (\(y:_) -> map toLower y == x)
    |                                     ^^^^^^^^^^^^^^^^^^^^^^^^^^^^

lib/BenchShow/Internal/Common.hs:811:46: warning: [GHC-63394] [-Wx-partial]
    In the use of ‘head’
    (imported from Prelude, but defined in GHC.Internal.List):
    "This is a partial function, it throws an error on empty lists. Use pattern matching, 'Data.List.uncons' or 'Data.Maybe.listToMaybe' instead. Consider refactoring to use "Data.List.NonEmpty"."
    |
811 |                 iterCol = replicate (length (head xs) - 1) "1"
    |                                              ^^^^

lib/BenchShow/Internal/Common.hs:812:42: warning: [GHC-63394] [-Wx-partial]
    In the use of ‘tail’
    (imported from Prelude, but defined in GHC.Internal.List):
    "This is a partial function, it throws an error on empty lists. Replace it with 'drop' 1, or use pattern matching or 'GHC.Internal.Data.List.uncons' instead. Consider refactoring to use "Data.List.NonEmpty"."
    |
812 |             in   fromMaybe iterCol (fmap tail $ findField "iters" xs)
    |                                          ^^^^

lib/BenchShow/Internal/Common.hs:813:47: warning: [GHC-63394] [-Wx-partial]
    In the use of ‘tail’
    (imported from Prelude, but defined in GHC.Internal.List):
    "This is a partial function, it throws an error on empty lists. Replace it with 'drop' 1, or use pattern matching or 'GHC.Internal.Data.List.uncons' instead. Consider refactoring to use "Data.List.NonEmpty"."
    |
813 |                : fromMaybe nameNotFound (fmap tail $ findField "name" xs)
    |                                               ^^^^

lib/BenchShow/Internal/Common.hs:814:22: warning: [GHC-63394] [-Wx-partial]
    In the use of ‘tail’
    (imported from Prelude, but defined in GHC.Internal.List):
    "This is a partial function, it throws an error on empty lists. Replace it with 'drop' 1, or use pattern matching or 'GHC.Internal.Data.List.uncons' instead. Consider refactoring to use "Data.List.NonEmpty"."
    |
814 |                : map tail (filter notNameIters xs)
    |                      ^^^^

lib/BenchShow/Internal/Common.hs:835:42: warning: [GHC-63394] [-Wx-partial]
    In the use of ‘tail’
    (imported from Prelude, but defined in GHC.Internal.List):
    "This is a partial function, it throws an error on empty lists. Replace it with 'drop' 1, or use pattern matching or 'GHC.Internal.Data.List.uncons' instead. Consider refactoring to use "Data.List.NonEmpty"."
    |
835 |             pcols'' = map (map fromRt) $ tail $ transpose pcols'
    |                                          ^^^^

lib/BenchShow/Internal/Common.hs:836:42: warning: [GHC-63394] [-Wx-partial]
    In the use of ‘tail’
    (imported from Prelude, but defined in GHC.Internal.List):
    "This is a partial function, it throws an error on empty lists. Replace it with 'drop' 1, or use pattern matching or 'GHC.Internal.Data.List.uncons' instead. Consider refactoring to use "Data.List.NonEmpty"."
    |
836 |             rcols'' = map (map fromRt) $ tail $ transpose rcols'
    |                                          ^^^^

lib/BenchShow/Internal/Common.hs:856:24: warning: [GHC-63394] [-Wx-partial]
    In the use of ‘head’
    (imported from Prelude, but defined in GHC.Internal.List):
    "This is a partial function, it throws an error on empty lists. Use pattern matching, 'Data.List.uncons' or 'Data.Maybe.listToMaybe' instead. Consider refactoring to use "Data.List.NonEmpty"."
    |
856 |     let header = snd $ head csvlines
    |                        ^^^^

lib/BenchShow/Internal/Common.hs:857:47: warning: [GHC-63394] [-Wx-partial]
    In the use of ‘tail’
    (imported from Prelude, but defined in GHC.Internal.List):
    "This is a partial function, it throws an error on empty lists. Replace it with 'drop' 1, or use pattern matching or 'GHC.Internal.Data.List.uncons' instead. Consider refactoring to use "Data.List.NonEmpty"."
    |
857 |         ls = linesBy (\x -> snd x == header) (tail csvlines)
    |                                               ^^^^

lib/BenchShow/Internal/Common.hs:948:29: warning: [GHC-63394] [-Wx-partial]
    In the use of ‘head’
    (imported from Prelude, but defined in GHC.Internal.List):
    "This is a partial function, it throws an error on empty lists. Use pattern matching, 'Data.List.uncons' or 'Data.Maybe.listToMaybe' instead. Consider refactoring to use "Data.List.NonEmpty"."
    |
948 |             let allFields = head csvlines
    |                             ^^^^

lib/BenchShow/Internal/Common.hs:969:43: warning: [GHC-63394] [-Wx-partial]
    In the use of ‘head’
    (imported from Prelude, but defined in GHC.Internal.List):
    "This is a partial function, it throws an error on empty lists. Use pattern matching, 'Data.List.uncons' or 'Data.Maybe.listToMaybe' instead. Consider refactoring to use "Data.List.NonEmpty"."
    |
969 |             let initPreds = matrixPreds $ head matrices
    |                                           ^^^^

lib/BenchShow/Internal/Common.hs:970:49: warning: [GHC-63394] [-Wx-partial]
    In the use of ‘tail’
    (imported from Prelude, but defined in GHC.Internal.List):
    "This is a partial function, it throws an error on empty lists. Replace it with 'drop' 1, or use pattern matching or 'GHC.Internal.Data.List.uncons' instead. Consider refactoring to use "Data.List.NonEmpty"."
    |
970 |             in foldl' intersectPreds initPreds (tail matrices)
    |                                                 ^^^^

lib/BenchShow/Internal/Common.hs:975:32: warning: [GHC-63394] [-Wx-partial]
    In the use of ‘head’
    (imported from Prelude, but defined in GHC.Internal.List):
    "This is a partial function, it throws an error on empty lists. Use pattern matching, 'Data.List.uncons' or 'Data.Maybe.listToMaybe' instead. Consider refactoring to use "Data.List.NonEmpty"."
    |
975 |     pcols = iterPredColNames $ head matrices
    |                                ^^^^

lib/BenchShow/Internal/Common.hs:1006:56: warning: [GHC-63394] [-Wx-partial]
    In the use of ‘head’
    (imported from Prelude, but defined in GHC.Internal.List):
    "This is a partial function, it throws an error on empty lists. Use pattern matching, 'Data.List.uncons' or 'Data.Maybe.listToMaybe' instead. Consider refactoring to use "Data.List.NonEmpty"."
     |
1006 |             let initBenches = map fst $ groupBenches $ head matrices
     |                                                        ^^^^

lib/BenchShow/Internal/Common.hs:1007:53: warning: [GHC-63394] [-Wx-partial]
    In the use of ‘tail’
    (imported from Prelude, but defined in GHC.Internal.List):
    "This is a partial function, it throws an error on empty lists. Replace it with 'drop' 1, or use pattern matching or 'GHC.Internal.Data.List.uncons' instead. Consider refactoring to use "Data.List.NonEmpty"."
     |
1007 |             in foldl' intersectBenches initBenches (tail matrices)
     |                                                     ^^^^

lib/BenchShow/Internal/Common.hs:1150:27: warning: [GHC-63394] [-Wx-partial]
    In the use of ‘head’
    (imported from Prelude, but defined in GHC.Internal.List):
    "This is a partial function, it throws an error on empty lists. Use pattern matching, 'Data.List.uncons' or 'Data.Maybe.listToMaybe' instead. Consider refactoring to use "Data.List.NonEmpty"."
     |
1150 |                     then [head sortedCols]
     |                           ^^^^

lib/BenchShow/Internal/Common.hs:1202:21: warning: [GHC-63394] [-Wx-partial]
    In the use of ‘tail’
    (imported from Prelude, but defined in GHC.Internal.List):
    "This is a partial function, it throws an error on empty lists. Replace it with 'drop' 1, or use pattern matching or 'GHC.Internal.Data.List.uncons' instead. Consider refactoring to use "Data.List.NonEmpty"."
     |
1202 |                then tail xs
     |                     ^^^^

[3 of 7] Compiling BenchShow.Internal.Graph
lib/BenchShow/Internal/Graph.hs:101:51: warning: [GHC-63394] [-Wx-partial]
    In the use of ‘head’
    (imported from Prelude, but defined in GHC.Internal.List):
    "This is a partial function, it throws an error on empty lists. Use pattern matching, 'Data.List.uncons' or 'Data.Maybe.listToMaybe' instead. Consider refactoring to use "Data.List.NonEmpty"."
    |
101 |         RelativeUnit ulabel multiplier = colUnit (head reportColumns)
    |                                                   ^^^^

[4 of 7] Compiling BenchShow.Internal.Pretty
lib/BenchShow/Internal/Pretty.hs:26:1: warning: [GHC-15328] [-Wdeprecations]
    Module ‘Text.PrettyPrint.ANSI.Leijen’ is deprecated:
      "Compatibility module for users of ansi-wl-pprint - use \"Prettyprinter\" instead"
   |
26 | import Text.PrettyPrint.ANSI.Leijen hiding ((<$>))
   | ^^^^^^^^^^^^^^^^^^^^^^^^^^^^^^^^^^^^^^^^^^^^^^^^^^

[5 of 7] Compiling BenchShow.Internal.Report
lib/BenchShow/Internal/Report.hs:33:32: warning: [GHC-68441] [-Wdeprecations]
    In the use of type constructor or class ‘Doc’
    (imported from BenchShow.Internal.Pretty, but defined in Text.PrettyPrint.ANSI.Leijen):
    Deprecated: "Compatibility module for users of ansi-wl-pprint - use "Prettyprinter" instead"
   |
33 | colorCode :: Word -> Double -> Doc -> Doc
   |                                ^^^

lib/BenchShow/Internal/Report.hs:33:39: warning: [GHC-68441] [-Wdeprecations]
    In the use of type constructor or class ‘Doc’
    (imported from BenchShow.Internal.Pretty, but defined in Text.PrettyPrint.ANSI.Leijen):
    Deprecated: "Compatibility module for users of ansi-wl-pprint - use "Prettyprinter" instead"
   |
33 | colorCode :: Word -> Double -> Doc -> Doc
   |                                       ^^^

lib/BenchShow/Internal/Report.hs:36:10: warning: [GHC-68441] [-Wdeprecations]
    In the use of ‘dullred’
    (imported from BenchShow.Internal.Pretty, but defined in Text.PrettyPrint.ANSI.Leijen):
    Deprecated: "Compatibility module for users of ansi-wl-pprint - use "Prettyprinter" instead"
   |
36 |     then dullred
   |          ^^^^^^^

lib/BenchShow/Internal/Report.hs:38:15: warning: [GHC-68441] [-Wdeprecations]
    In the use of ‘dullgreen’
    (imported from BenchShow.Internal.Pretty, but defined in Text.PrettyPrint.ANSI.Leijen):
    Deprecated: "Compatibility module for users of ansi-wl-pprint - use "Prettyprinter" instead"
   |
38 |          then dullgreen
   |               ^^^^^^^^^

lib/BenchShow/Internal/Report.hs:55:17: warning: [GHC-62161] [-Wincomplete-uni-patterns]
    Pattern match(es) are non-exhaustive
    In a pattern binding:
        Patterns of type ‘[ReportColumn]’ not matched: []
   |
55 |             let firstCol : tailCols = reportColumns
   |                 ^^^^^^^^^^^^^^^^^^^^^^^^^^^^^^^^^^^

lib/BenchShow/Internal/Report.hs:59:51: warning: [GHC-68441] [-Wdeprecations]
    In the use of ‘dullred’
    (imported from BenchShow.Internal.Pretty, but defined in Text.PrettyPrint.ANSI.Leijen):
    Deprecated: "Compatibility module for users of ansi-wl-pprint - use "Prettyprinter" instead"
   |
59 |                                     if x > 0 then dullred else dullgreen
   |                                                   ^^^^^^^

lib/BenchShow/Internal/Report.hs:59:64: warning: [GHC-68441] [-Wdeprecations]
    In the use of ‘dullgreen’
    (imported from BenchShow.Internal.Pretty, but defined in Text.PrettyPrint.ANSI.Leijen):
    Deprecated: "Compatibility module for users of ansi-wl-pprint - use "Prettyprinter" instead"
   |
59 |                                     if x > 0 then dullred else dullgreen
   |                                                                ^^^^^^^^^

lib/BenchShow/Internal/Report.hs:80:49: warning: [GHC-63394] [-Wx-partial]
    In the use of ‘tail’
    (imported from Prelude, but defined in GHC.Internal.List):
    "This is a partial function, it throws an error on empty lists. Replace it with 'drop' 1, or use pattern matching or 'GHC.Internal.Data.List.uncons' instead. Consider refactoring to use "Data.List.NonEmpty"."
   |
80 |                         <$> ZipList (map Just $ tail ests)
   |                                                 ^^^^

lib/BenchShow/Internal/Report.hs:86:31: warning: [GHC-68441] [-Wdeprecations]
    In the use of ‘<+>’
    (imported from BenchShow.Internal.Pretty, but defined in Text.PrettyPrint.ANSI.Leijen):
    Deprecated: "Compatibility module for users of ansi-wl-pprint - use "Prettyprinter" instead"
   |
86 |         rows = foldl (zipWith (<+>)) (renderCol benchcol) groupcols
   |                               ^^^^^

lib/BenchShow/Internal/Report.hs:87:5: warning: [GHC-68441] [-Wdeprecations]
    In the use of ‘putDoc’
    (imported from BenchShow.Internal.Pretty, but defined in Text.PrettyPrint.ANSI.Leijen):
    Deprecated: "Compatibility module for users of ansi-wl-pprint - use "Prettyprinter" instead"
   |
87 |     putDoc $ vcat rows
   |     ^^^^^^

lib/BenchShow/Internal/Report.hs:87:14: warning: [GHC-68441] [-Wdeprecations]
    In the use of ‘vcat’
    (imported from BenchShow.Internal.Pretty, but defined in Text.PrettyPrint.ANSI.Leijen):
    Deprecated: "Compatibility module for users of ansi-wl-pprint - use "Prettyprinter" instead"
   |
87 |     putDoc $ vcat rows
   |              ^^^^

lib/BenchShow/Internal/Report.hs:95:17: warning: [GHC-68441] [-Wdeprecations]
    In the use of ‘fill’
    (imported from BenchShow.Internal.Pretty, but defined in Text.PrettyPrint.ANSI.Leijen):
    Deprecated: "Compatibility module for users of ansi-wl-pprint - use "Prettyprinter" instead"
   |
95 |         in map (fill maxlen . text) (h : replicate maxlen '-' : rows)
   |                 ^^^^

lib/BenchShow/Internal/Report.hs:95:31: warning: [GHC-68441] [-Wdeprecations]
    In the use of ‘text’
    (imported from BenchShow.Internal.Pretty, but defined in Text.PrettyPrint.ANSI.Leijen):
    Deprecated: "Compatibility module for users of ansi-wl-pprint - use "Prettyprinter" instead"
   |
95 |         in map (fill maxlen . text) (h : replicate maxlen '-' : rows)
   |                               ^^^^

lib/BenchShow/Internal/Report.hs:101:23: warning: [GHC-68441] [-Wdeprecations]
    In the use of ‘indent’
    (imported from BenchShow.Internal.Pretty, but defined in Text.PrettyPrint.ANSI.Leijen):
    Deprecated: "Compatibility module for users of ansi-wl-pprint - use "Prettyprinter" instead"
    |
101 |         in map (\x -> indent (maxlen - length x) $ text x)
    |                       ^^^^^^

lib/BenchShow/Internal/Report.hs:101:52: warning: [GHC-68441] [-Wdeprecations]
    In the use of ‘text’
    (imported from BenchShow.Internal.Pretty, but defined in Text.PrettyPrint.ANSI.Leijen):
    Deprecated: "Compatibility module for users of ansi-wl-pprint - use "Prettyprinter" instead"
    |
101 |         in map (\x -> indent (maxlen - length x) $ text x)
    |                                                    ^^^^

[6 of 7] Compiling BenchShow
[7 of 7] Compiling BenchShow.Tutorial
Configuring test suite 'test' for bench-show-0.3.2...
Preprocessing test suite 'test' for bench-show-0.3.2...
Building test suite 'test' for bench-show-0.3.2...
[1 of 1] Compiling Main
[2 of 2] Linking dist-newstyle/build/x86_64-linux/ghc-9.10.2/bench-show-0.3.2/t/test/build/test/test
Configuring test suite 'doc' for bench-show-0.3.2...
Preprocessing test suite 'doc' for bench-show-0.3.2...
Building test suite 'doc' for bench-show-0.3.2...
[1 of 1] Compiling Main
[2 of 2] Linking dist-newstyle/build/x86_64-linux/ghc-9.10.2/bench-show-0.3.2/t/doc/build/doc/doc
Configuring executable 'bench-show' for bench-show-0.3.2...
Preprocessing executable 'bench-show' for bench-show-0.3.2...
Building executable 'bench-show' for bench-show-0.3.2...
[1 of 2] Compiling Paths_bench_show
[2 of 2] Compiling Main
[3 of 3] Linking dist-newstyle/build/x86_64-linux/ghc-9.10.2/bench-show-0.3.2/x/bench-show/build/bench-show/bench-show
