Resolving dependencies...
Build profile: -w ghc-9.10.2 -O1
In order, the following will be built (use -v for more details):
 - rattletrap-14.1.3 (lib) (first run)
 - rattletrap-14.1.3 (test:rattletrap-test-suite) (first run)
 - rattletrap-14.1.3 (exe:rattletrap) (first run)
Configuring library for rattletrap-14.1.3...
Preprocessing library for rattletrap-14.1.3...
Building library for rattletrap-14.1.3...
[  1 of 143] Compiling Paths_rattletrap
[  2 of 143] Compiling Rattletrap.BitBuilder
[  3 of 143] Compiling Rattletrap.BitString
[  4 of 143] Compiling Rattletrap.BytePut
[  5 of 143] Compiling Rattletrap.BitPut
[  6 of 143] Compiling Rattletrap.Console.Flag
[  7 of 143] Compiling Rattletrap.Console.Mode
[  8 of 143] Compiling Rattletrap.Console.Config
[  9 of 143] Compiling Rattletrap.Console.Option
[ 10 of 143] Compiling Rattletrap.Exception.CrcMismatch
[ 11 of 143] Compiling Rattletrap.Exception.Empty
[ 12 of 143] Compiling Rattletrap.Exception.Fail
[ 13 of 143] Compiling Rattletrap.Exception.InvalidComponent
[ 14 of 143] Compiling Rattletrap.Exception.InvalidJson
[ 15 of 143] Compiling Rattletrap.Exception.MissingAttributeLimit
[ 16 of 143] Compiling Rattletrap.Exception.MissingAttributeName
[ 17 of 143] Compiling Rattletrap.Exception.MissingClassName
[ 18 of 143] Compiling Rattletrap.Exception.MissingObjectName
[ 19 of 143] Compiling Rattletrap.Exception.MissingProductName
[ 20 of 143] Compiling Rattletrap.Exception.NotEnoughInput
[ 21 of 143] Compiling Rattletrap.Exception.UnknownActor
[ 22 of 143] Compiling Rattletrap.Exception.UnknownAttribute
[ 23 of 143] Compiling Rattletrap.Exception.UnknownName
[ 24 of 143] Compiling Rattletrap.Exception.UnknownProduct
[ 25 of 143] Compiling Rattletrap.Exception.UnknownProperty
[ 26 of 143] Compiling Rattletrap.Exception.UnknownSystemId
[ 27 of 143] Compiling Rattletrap.Get
[ 28 of 143] Compiling Rattletrap.ByteGet
[ 29 of 143] Compiling Rattletrap.BitGet
[ 30 of 143] Compiling Rattletrap.Type.AttributeType
[ 31 of 143] Compiling Rattletrap.Data
[ 32 of 143] Compiling Rattletrap.Utility.Bytes
[ 33 of 143] Compiling Rattletrap.Utility.Crc
[ 34 of 143] Compiling Rattletrap.Utility.Json
[ 35 of 143] Compiling Rattletrap.Schema
[ 36 of 143] Compiling Rattletrap.Type.U8
[ 37 of 143] Compiling Rattletrap.Type.U64
[ 38 of 143] Compiling Rattletrap.Type.U32
[ 39 of 143] Compiling Rattletrap.Type.Section
[ 40 of 143] Compiling Rattletrap.Type.Replication.Destroyed
[ 41 of 143] Compiling Rattletrap.Type.RemoteId.Xbox
[ 42 of 143] Compiling Rattletrap.Type.RemoteId.Switch
[ 43 of 143] Compiling Rattletrap.Type.RemoteId.Steam
[ 44 of 143] Compiling Rattletrap.Type.RemoteId.Splitscreen
[ 45 of 143] Compiling Rattletrap.Type.RemoteId.QQ
[ 46 of 143] Compiling Rattletrap.Type.Property.QWord
[ 47 of 143] Compiling Rattletrap.Type.Property.Bool
[ 48 of 143] Compiling Rattletrap.Type.List
[ 49 of 143] Compiling Rattletrap.Type.I8
[ 50 of 143] Compiling Rattletrap.Type.I64
[ 51 of 143] Compiling Rattletrap.Type.I32
[ 52 of 143] Compiling Rattletrap.Type.Str
[ 53 of 143] Compiling Rattletrap.Type.RemoteId.Epic
[ 54 of 143] Compiling Rattletrap.Type.Property.Str
[ 55 of 143] Compiling Rattletrap.Type.Property.Name
[ 56 of 143] Compiling Rattletrap.Type.Property.Byte
[ 57 of 143] Compiling Rattletrap.Type.Message
[ 58 of 143] Compiling Rattletrap.Type.Mark
[ 59 of 143] Compiling Rattletrap.Type.Property.Int
[ 60 of 143] Compiling Rattletrap.Type.ObjectTarget
[ 61 of 143] Compiling Rattletrap.Type.F32
[ 62 of 143] Compiling Rattletrap.Type.Property.Float
[ 63 of 143] Compiling Rattletrap.Type.Keyframe
[ 64 of 143] Compiling Rattletrap.Type.Dictionary
[ 65 of 143] Compiling Rattletrap.Type.Property.Struct
[ 66 of 143] Compiling Rattletrap.Type.Property.Array
[ 67 of 143] Compiling Rattletrap.Type.PropertyValue
[ 68 of 143] Compiling Rattletrap.Type.Property
[ 69 of 143] Compiling Rattletrap.Type.CompressedWord
[ 70 of 143] Compiling Rattletrap.Type.Quaternion
[ 71 of 143] Compiling Rattletrap.Type.CompressedWordVector
[ 72 of 143] Compiling Rattletrap.Type.ClassMapping
[ 73 of 143] Compiling Rattletrap.Type.AttributeMapping
[ 74 of 143] Compiling Rattletrap.Type.Cache
[ 75 of 143] Compiling Rattletrap.Type.ClassAttributeMap
[ 76 of 143] Compiling Rattletrap.Type.Attribute.Title
[ 77 of 143] Compiling Rattletrap.Type.Attribute.TeamPaint
[ 78 of 143] Compiling Rattletrap.Type.Attribute.String
[ 79 of 143] Compiling Rattletrap.Type.Attribute.StatEvent
[ 80 of 143] Compiling Rattletrap.Type.Attribute.QWord
[ 81 of 143] Compiling Rattletrap.Type.Attribute.PrivateMatchSettings
[ 82 of 143] Compiling Rattletrap.Type.Attribute.PlayerHistoryKey
[ 83 of 143] Compiling Rattletrap.Type.Attribute.PickupInfo
[ 84 of 143] Compiling Rattletrap.Type.Attribute.MusicStinger
[ 85 of 143] Compiling Rattletrap.Type.Attribute.Int64
[ 86 of 143] Compiling Rattletrap.Type.Attribute.Int
[ 87 of 143] Compiling Rattletrap.Type.Attribute.GameServer
[ 88 of 143] Compiling Rattletrap.Type.Attribute.Float
[ 89 of 143] Compiling Rattletrap.Type.Attribute.FlaggedInt
[ 90 of 143] Compiling Rattletrap.Type.Attribute.RepStatTitle
[ 91 of 143] Compiling Rattletrap.Type.Attribute.FlaggedByte
[ 92 of 143] Compiling Rattletrap.Type.Attribute.Enum
[ 93 of 143] Compiling Rattletrap.Type.Attribute.ClubColors
[ 94 of 143] Compiling Rattletrap.Type.Attribute.Byte
[ 95 of 143] Compiling Rattletrap.Type.Attribute.Boost
[ 96 of 143] Compiling Rattletrap.Type.Attribute.Boolean
[ 97 of 143] Compiling Rattletrap.Utility.Monad
[ 98 of 143] Compiling Rattletrap.Type.Version
[ 99 of 143] Compiling Rattletrap.Type.Vector
[100 of 143] Compiling Rattletrap.Type.Rotation
[101 of 143] Compiling Rattletrap.Type.RemoteId.PsyNet
[102 of 143] Compiling Rattletrap.Type.RemoteId.PlayStation
[103 of 143] Compiling Rattletrap.Type.RemoteId
[104 of 143] Compiling Rattletrap.Type.Header
[105 of 143] Compiling Rattletrap.Type.Attribute.UniqueId
[106 of 143] Compiling Rattletrap.Type.Attribute.PartyLeader
[107 of 143] Compiling Rattletrap.Type.Attribute.Location
[108 of 143] Compiling Rattletrap.Type.Attribute.GameMode
[109 of 143] Compiling Rattletrap.Type.Attribute.Explosion
[110 of 143] Compiling Rattletrap.Type.Attribute.ExtendedExplosion
[111 of 143] Compiling Rattletrap.Type.Attribute.Demolish
[112 of 143] Compiling Rattletrap.Type.Attribute.DamageState
[113 of 143] Compiling Rattletrap.Type.Attribute.CustomDemolish
[114 of 143] Compiling Rattletrap.Type.Attribute.CustomDemolishExtended
[115 of 143] Compiling Rattletrap.Type.Attribute.AppliedDamage
[116 of 143] Compiling Rattletrap.Type.Int8Vector
[117 of 143] Compiling Rattletrap.Type.Attribute.WeldedInfo
[118 of 143] Compiling Rattletrap.Type.Attribute.Rotation
[119 of 143] Compiling Rattletrap.Type.Initialization
[120 of 143] Compiling Rattletrap.Type.Replication.Spawned
[121 of 143] Compiling Rattletrap.Type.Attribute.RigidBodyState
[122 of 143] Compiling Rattletrap.Type.Attribute.Reservation
[123 of 143] Compiling Rattletrap.Type.Attribute.ProductValue
[124 of 143] Compiling Rattletrap.Type.Attribute.Product
[125 of 143] Compiling Rattletrap.Type.Attribute.LoadoutOnline
[126 of 143] Compiling Rattletrap.Type.Attribute.LoadoutsOnline
[127 of 143] Compiling Rattletrap.Type.Attribute.PickupNew
[128 of 143] Compiling Rattletrap.Type.Attribute.Pickup
[129 of 143] Compiling Rattletrap.Type.Attribute.Loadout
[130 of 143] Compiling Rattletrap.Type.Attribute.Loadouts
[131 of 143] Compiling Rattletrap.Type.Attribute.CamSettings
[132 of 143] Compiling Rattletrap.Type.AttributeValue
[133 of 143] Compiling Rattletrap.Type.Attribute
[134 of 143] Compiling Rattletrap.Type.Replication.Updated
[135 of 143] Compiling Rattletrap.Type.ReplicationValue
[136 of 143] Compiling Rattletrap.Type.Replication
[137 of 143] Compiling Rattletrap.Type.Frame
[138 of 143] Compiling Rattletrap.Type.Content
[139 of 143] Compiling Rattletrap.Version
[140 of 143] Compiling Rattletrap.Type.Replay
[141 of 143] Compiling Rattletrap.Utility.Helper
[142 of 143] Compiling Rattletrap.Console.Main
[143 of 143] Compiling Rattletrap
Configuring test suite 'rattletrap-test-suite' for rattletrap-14.1.3...
Preprocessing test suite 'rattletrap-test-suite' for rattletrap-14.1.3...
Building test suite 'rattletrap-test-suite' for rattletrap-14.1.3...
[1 of 1] Compiling Main
[2 of 2] Linking dist-newstyle/build/x86_64-linux/ghc-9.10.2/rattletrap-14.1.3/t/rattletrap-test-suite/build/rattletrap-test-suite/rattletrap-test-suite
Configuring executable 'rattletrap' for rattletrap-14.1.3...
Preprocessing executable 'rattletrap' for rattletrap-14.1.3...
Building executable 'rattletrap' for rattletrap-14.1.3...
[1 of 1] Compiling Main
[2 of 2] Linking dist-newstyle/build/x86_64-linux/ghc-9.10.2/rattletrap-14.1.3/x/rattletrap/build/rattletrap/rattletrap
