Resolving dependencies...
Build profile: -w ghc-9.10.2 -O1
In order, the following will be built (use -v for more details):
 - haskell-src-meta-0.8.15 (lib) (first run)
 - haskell-src-meta-0.8.15 (test:unit) (first run)
 - haskell-src-meta-0.8.15 (test:splices) (first run)
 - haskell-src-meta-0.8.15 (test:examples) (first run)
Configuring library for haskell-src-meta-0.8.15...
Preprocessing library for haskell-src-meta-0.8.15...
Building library for haskell-src-meta-0.8.15...
[1 of 6] Compiling Language.Haskell.Meta.Extensions
[2 of 6] Compiling Language.Haskell.Meta.THCompat
[3 of 6] Compiling Language.Haskell.Meta.Syntax.Translate
[4 of 6] Compiling Language.Haskell.Meta.Parse
[5 of 6] Compiling Language.Haskell.Meta
[6 of 6] Compiling Language.Haskell.Meta.Utils
Configuring test suite 'unit' for haskell-src-meta-0.8.15...
Preprocessing test suite 'unit' for haskell-src-meta-0.8.15...
Building test suite 'unit' for haskell-src-meta-0.8.15...
[1 of 1] Compiling Main
[2 of 2] Linking /tmp/workdir-haskell-src-meta/haskell-src-meta-0.8.15/dist-newstyle/build/x86_64-linux/ghc-9.10.2/haskell-src-meta-0.8.15/t/unit/build/unit/unit
Configuring test suite 'splices' for haskell-src-meta-0.8.15...
Preprocessing test suite 'splices' for haskell-src-meta-0.8.15...
Building test suite 'splices' for haskell-src-meta-0.8.15...
[1 of 1] Compiling Main
[2 of 2] Linking /tmp/workdir-haskell-src-meta/haskell-src-meta-0.8.15/dist-newstyle/build/x86_64-linux/ghc-9.10.2/haskell-src-meta-0.8.15/t/splices/build/splices/splices
Configuring test suite 'examples' for haskell-src-meta-0.8.15...
Preprocessing test suite 'examples' for haskell-src-meta-0.8.15...
Building test suite 'examples' for haskell-src-meta-0.8.15...
[1 of 5] Compiling BF
[2 of 5] Compiling Hs
[3 of 5] Compiling HsHere
[4 of 5] Compiling SKI
[5 of 5] Compiling Main
[6 of 6] Linking /tmp/workdir-haskell-src-meta/haskell-src-meta-0.8.15/dist-newstyle/build/x86_64-linux/ghc-9.10.2/haskell-src-meta-0.8.15/t/examples/build/examples/examples
