Resolving dependencies...
Build profile: -w ghc-9.10.2 -O1
In order, the following will be built (use -v for more details):
 - alex-3.5.4.0 (exe:alex) (first run)
 - alex-3.5.4.0 (test:tests-debug) (first run)
 - alex-3.5.4.0 (test:tests) (first run)
Configuring executable 'alex' for alex-3.5.4.0...
Preprocessing executable 'alex' for alex-3.5.4.0...
Building executable 'alex' for alex-3.5.4.0...
[ 1 of 19] Compiling DFS
[ 2 of 19] Compiling Data.Ranged.Boundaries
[ 3 of 19] Compiling Data.Ranged.Ranges
[ 4 of 19] Compiling Data.Ranged.RangedSet
[ 5 of 19] Compiling Data.Ranged
[ 6 of 19] Compiling Paths_alex
[ 7 of 19] Compiling UTF8
[ 8 of 19] Compiling CharSet
[ 9 of 19] Compiling Util
[10 of 19] Compiling AbsSyn
[11 of 19] Compiling ParseMonad
[12 of 19] Compiling Scan
[13 of 19] Compiling Parser
[14 of 19] Compiling Output
[15 of 19] Compiling NFA
[16 of 19] Compiling Info
[17 of 19] Compiling DFAMin
[18 of 19] Compiling DFA
[19 of 19] Compiling Main
[20 of 20] Linking dist-newstyle/build/x86_64-linux/ghc-9.10.2/alex-3.5.4.0/x/alex/build/alex/alex
Configuring test suite 'tests-debug' for alex-3.5.4.0...
Preprocessing test suite 'tests-debug' for alex-3.5.4.0...
Building test suite 'tests-debug' for alex-3.5.4.0...
[1 of 1] Compiling Main
[2 of 2] Linking dist-newstyle/build/x86_64-linux/ghc-9.10.2/alex-3.5.4.0/t/tests-debug/build/tests-debug/tests-debug
Configuring test suite 'tests' for alex-3.5.4.0...
Preprocessing test suite 'tests' for alex-3.5.4.0...
Building test suite 'tests' for alex-3.5.4.0...
[1 of 1] Compiling Main
[2 of 2] Linking dist-newstyle/build/x86_64-linux/ghc-9.10.2/alex-3.5.4.0/t/tests/build/tests/tests
