Resolving dependencies...
Build profile: -w ghc-9.10.2 -O1
In order, the following will be built (use -v for more details):
 - xml-1.3.14 (lib:xml) (first run)
Warning: xml.cabal:18:32: version operators used. To use version operators the
package needs to specify at least 'cabal-version: >= 1.8'.
Configuring xml-1.3.14...
Preprocessing library for xml-1.3.14...
Building library for xml-1.3.14...
[1 of 7] Compiling Text.XML.Light.Types
[2 of 7] Compiling Text.XML.Light.Proc
[3 of 7] Compiling Text.XML.Light.Output
[4 of 7] Compiling Text.XML.Light.Lexer
Text/XML/Light/Lexer.hs:119:1: warning: [GHC-94817] [-Wtabs]
    Tab character found here, and in one further location.
    Suggested fix: Please use spaces instead.
    |
119 |          | otherwise           = munch ('>':acc) (nesting-1) ds
    | ^^^^^^^^

Text/XML/Light/Lexer.hs:149:39: warning: [GHC-63394] [-Wx-partial]
    In the use of ‘head’
    (imported from Prelude, but defined in GHC.Internal.List):
    "This is a partial function, it throws an error on empty lists. Use pattern matching, 'Data.List.uncons' or 'Data.Maybe.listToMaybe' instead. Consider refactoring to use "Data.List.NonEmpty"."
    |
149 |                     in TokStart (fst (head cs)) n as b : ts
    |                                       ^^^^

[5 of 7] Compiling Text.XML.Light.Input
[6 of 7] Compiling Text.XML.Light.Cursor
[7 of 7] Compiling Text.XML.Light
