Resolving dependencies...
Build profile: -w ghc-9.10.2 -O1
In order, the following will be built (use -v for more details):
 - gogol-youtube-1.0.0 (lib) (first run)
Configuring library for gogol-youtube-1.0.0...
Warning: [git-protocol] Cloning over git:// might lead to an arbitrary code
execution vulnerability. Furthermore, popular forges like GitHub do not
support it. Use https:// or ssh:// instead.
Preprocessing library for gogol-youtube-1.0.0...
Building library for gogol-youtube-1.0.0...
[ 1 of 86] Compiling Gogol.YouTube.Internal.Sum
[ 2 of 86] Compiling Gogol.YouTube.Internal.Product
[ 3 of 86] Compiling Gogol.YouTube.Types
[ 4 of 86] Compiling Gogol.YouTube.Thumbnails.Set
[ 5 of 86] Compiling Gogol.YouTube.ThirdPartyLinks.Update
[ 6 of 86] Compiling Gogol.YouTube.ThirdPartyLinks.List
[ 7 of 86] Compiling Gogol.YouTube.ThirdPartyLinks.Insert
[ 8 of 86] Compiling Gogol.YouTube.ThirdPartyLinks.Delete
[ 9 of 86] Compiling Gogol.YouTube.Tests.Insert
[10 of 86] Compiling Gogol.YouTube.SuperChatEvents.List
[11 of 86] Compiling Gogol.YouTube.Subscriptions.List
[12 of 86] Compiling Gogol.YouTube.Subscriptions.Insert
[13 of 86] Compiling Gogol.YouTube.Subscriptions.Delete
[14 of 86] Compiling Gogol.YouTube.Search.List
[15 of 86] Compiling Gogol.YouTube.Playlists.Update
[16 of 86] Compiling Gogol.YouTube.Playlists.List
[17 of 86] Compiling Gogol.YouTube.Playlists.Insert
[18 of 86] Compiling Gogol.YouTube.Playlists.Delete
[19 of 86] Compiling Gogol.YouTube.PlaylistItems.Update
[20 of 86] Compiling Gogol.YouTube.PlaylistItems.List
[21 of 86] Compiling Gogol.YouTube.PlaylistItems.Insert
[22 of 86] Compiling Gogol.YouTube.PlaylistItems.Delete
[23 of 86] Compiling Gogol.YouTube.PlaylistImages.Update
[24 of 86] Compiling Gogol.YouTube.PlaylistImages.List
[25 of 86] Compiling Gogol.YouTube.PlaylistImages.Insert
[26 of 86] Compiling Gogol.YouTube.PlaylistImages.Delete
[27 of 86] Compiling Gogol.YouTube.MembershipsLevels.List
[28 of 86] Compiling Gogol.YouTube.Members.List
[29 of 86] Compiling Gogol.YouTube.LiveStreams.Update
[30 of 86] Compiling Gogol.YouTube.LiveStreams.List
[31 of 86] Compiling Gogol.YouTube.LiveStreams.Insert
[32 of 86] Compiling Gogol.YouTube.LiveStreams.Delete
[33 of 86] Compiling Gogol.YouTube.LiveChatModerators.List
[34 of 86] Compiling Gogol.YouTube.LiveChatModerators.Insert
[35 of 86] Compiling Gogol.YouTube.LiveChatModerators.Delete
[36 of 86] Compiling Gogol.YouTube.LiveChatMessages.Transition
[37 of 86] Compiling Gogol.YouTube.LiveChatMessages.List
[38 of 86] Compiling Gogol.YouTube.LiveChatMessages.Insert
[39 of 86] Compiling Gogol.YouTube.LiveChatMessages.Delete
[40 of 86] Compiling Gogol.YouTube.LiveChatBans.Insert
[41 of 86] Compiling Gogol.YouTube.LiveChatBans.Delete
[42 of 86] Compiling Gogol.YouTube.LiveBroadcasts.Update
[43 of 86] Compiling Gogol.YouTube.LiveBroadcasts.Transition
[44 of 86] Compiling Gogol.YouTube.LiveBroadcasts.List
[45 of 86] Compiling Gogol.YouTube.LiveBroadcasts.InsertCuepoint
[46 of 86] Compiling Gogol.YouTube.LiveBroadcasts.Insert
[47 of 86] Compiling Gogol.YouTube.LiveBroadcasts.Delete
[48 of 86] Compiling Gogol.YouTube.LiveBroadcasts.Bind
[49 of 86] Compiling Gogol.YouTube.I18nRegions.List
[50 of 86] Compiling Gogol.YouTube.I18nLanguages.List
[51 of 86] Compiling Gogol.YouTube.Comments.Update
[52 of 86] Compiling Gogol.YouTube.Comments.SetModerationStatus
[53 of 86] Compiling Gogol.YouTube.Comments.MarkAsSpam
[54 of 86] Compiling Gogol.YouTube.Comments.List
[55 of 86] Compiling Gogol.YouTube.Comments.Insert
[56 of 86] Compiling Gogol.YouTube.Comments.Delete
[57 of 86] Compiling Gogol.YouTube.CommentThreads.List
[58 of 86] Compiling Gogol.YouTube.CommentThreads.Insert
[59 of 86] Compiling Gogol.YouTube.Channels.Update
[60 of 86] Compiling Gogol.YouTube.Channels.List
[61 of 86] Compiling Gogol.YouTube.ChannelSections.Update
[62 of 86] Compiling Gogol.YouTube.ChannelSections.List
[63 of 86] Compiling Gogol.YouTube.ChannelSections.Insert
[64 of 86] Compiling Gogol.YouTube.ChannelSections.Delete
[65 of 86] Compiling Gogol.YouTube.ChannelBanners.Insert
[66 of 86] Compiling Gogol.YouTube.Captions.Update
[67 of 86] Compiling Gogol.YouTube.Captions.List
[68 of 86] Compiling Gogol.YouTube.Captions.Insert
[69 of 86] Compiling Gogol.YouTube.Captions.Download
[70 of 86] Compiling Gogol.YouTube.Captions.Delete
[71 of 86] Compiling Gogol.YouTube.Activities.List
[72 of 86] Compiling Gogol.YouTube.AbuseReports.Insert
[73 of 86] Compiling Gogol.YouTube.V3.UpdateCommentThreads
[74 of 86] Compiling Gogol.YouTube.VideoAbuseReportReasons.List
[75 of 86] Compiling Gogol.YouTube.VideoCategories.List
[76 of 86] Compiling Gogol.YouTube.VideoTrainability.Get
[77 of 86] Compiling Gogol.YouTube.Videos.Delete
[78 of 86] Compiling Gogol.YouTube.Videos.GetRating
[79 of 86] Compiling Gogol.YouTube.Videos.Insert
[80 of 86] Compiling Gogol.YouTube.Videos.List
[81 of 86] Compiling Gogol.YouTube.Videos.Rate
[82 of 86] Compiling Gogol.YouTube.Videos.ReportAbuse
[83 of 86] Compiling Gogol.YouTube.Videos.Update
[84 of 86] Compiling Gogol.YouTube.Watermarks.Set
[85 of 86] Compiling Gogol.YouTube.Watermarks.Unset
[86 of 86] Compiling Gogol.YouTube
