Resolving dependencies...
Build profile: -w ghc-9.10.2 -O1
In order, the following will be built (use -v for more details):
 - postgresql-binary-0.14.1 (lib) (first run)
 - postgresql-binary-0.14.1 (test:tasty) (first run)
Configuring library for postgresql-binary-0.14.1...
Preprocessing library for postgresql-binary-0.14.1...
Building library for postgresql-binary-0.14.1...
[ 1 of 10] Compiling PostgreSQL.Binary.Prelude
[ 2 of 10] Compiling PostgreSQL.Binary.Numeric
[ 3 of 10] Compiling PostgreSQL.Binary.Integral
[ 4 of 10] Compiling PostgreSQL.Binary.Inet
[ 5 of 10] Compiling PostgreSQL.Binary.BuilderPrim
[ 6 of 10] Compiling PostgreSQL.Binary.Time
[ 7 of 10] Compiling PostgreSQL.Binary.Interval
[ 8 of 10] Compiling PostgreSQL.Binary.Encoding.Builders
[ 9 of 10] Compiling PostgreSQL.Binary.Encoding
[10 of 10] Compiling PostgreSQL.Binary.Decoding
Configuring test suite 'tasty' for postgresql-binary-0.14.1...
Preprocessing test suite 'tasty' for postgresql-binary-0.14.1...
Building test suite 'tasty' for postgresql-binary-0.14.1...
[ 1 of 10] Compiling Main.Prelude
[ 2 of 10] Compiling Main.PTI
[ 3 of 10] Compiling Main.Gens
[ 4 of 10] Compiling Main.DB
[ 5 of 10] Compiling Main.Composite
[ 6 of 10] Compiling Main.Apx
[ 7 of 10] Compiling Main.TextEncoder
[ 8 of 10] Compiling Main.IO
[ 9 of 10] Compiling Main.Properties
[10 of 10] Compiling Main
[11 of 11] Linking dist-newstyle/build/x86_64-linux/ghc-9.10.2/postgresql-binary-0.14.1/t/tasty/build/tasty/tasty
