Resolving dependencies...
Build profile: -w ghc-9.10.2 -O1
In order, the following will be built (use -v for more details):
 - dhall-1.42.2 (lib) (first run)
 - dhall-1.42.2 (test:doctest) (first run)
 - dhall-1.42.2 (test:tasty) (first run)
 - dhall-1.42.2 (exe:dhall) (first run)
Configuring library for dhall-1.42.2...
Preprocessing library for dhall-1.42.2...
Building library for dhall-1.42.2...
[ 1 of 77] Compiling Dhall.Context
[ 2 of 77] Compiling Dhall.Crypto
[ 3 of 77] Compiling Dhall.Import.Manager
[ 4 of 77] Compiling Dhall.Map
[ 5 of 77] Compiling Dhall.Optics
[ 6 of 77] Compiling Dhall.Set
src/Dhall/Set.hs:30:1: warning: [GHC-66111] [-Wunused-imports]
    The import of ‘Data.List’ is redundant
      except perhaps to import instances from ‘Data.List’
    To import instances alone, use: import Data.List()
   |
30 | import Data.List                  (foldl')
   | ^^^^^^^^^^^^^^^^^^^^^^^^^^^^^^^^^^^^^^^^^^

[ 7 of 77] Compiling Dhall.Syntax.Const
[ 8 of 77] Compiling Dhall.Syntax.Types[boot]
[ 9 of 77] Compiling Dhall.Syntax.Types
[10 of 77] Compiling Dhall.Syntax.Var
[11 of 77] Compiling Dhall.Syntax.Chunks[boot]
[12 of 77] Compiling Dhall.Syntax.Expr[boot]
[13 of 77] Compiling Dhall.Syntax.RecordField
[14 of 77] Compiling Dhall.Syntax.FunctionBinding
[15 of 77] Compiling Dhall.Syntax.Binding
[16 of 77] Compiling Dhall.Util[boot]
[17 of 77] Compiling Dhall.Src
[18 of 77] Compiling Dhall.Pretty.Internal[boot]
[19 of 77] Compiling Dhall.Syntax.Chunks
[20 of 77] Compiling Dhall.Syntax.Expr
[21 of 77] Compiling Dhall.Syntax.Operations[boot]
[22 of 77] Compiling Dhall.Syntax.Instances.Pretty[boot]
[23 of 77] Compiling Dhall.Syntax.MultiLet
[24 of 77] Compiling Dhall.Syntax.Operations
[25 of 77] Compiling Dhall.Syntax.Instances.Functor
[26 of 77] Compiling Dhall.Syntax.Instances.Applicative
[27 of 77] Compiling Dhall.Syntax.Instances.Monad
[28 of 77] Compiling Dhall.Syntax.Instances.Bifunctor
[29 of 77] Compiling Dhall.Syntax.Instances.Data
[30 of 77] Compiling Dhall.Syntax.Instances.Foldable
[31 of 77] Compiling Dhall.Syntax.Instances.Traversable
[32 of 77] Compiling Dhall.Syntax.Instances.Lift
[33 of 77] Compiling Dhall.Syntax.Import
[34 of 77] Compiling Dhall.Syntax.Instances.Pretty
[35 of 77] Compiling Dhall.Syntax.Instances.Show
[36 of 77] Compiling Dhall.Syntax.Instances.Eq
[37 of 77] Compiling Dhall.Syntax.Instances.Ord
[38 of 77] Compiling Dhall.Syntax.Instances.NFData
[39 of 77] Compiling Dhall.Syntax
[40 of 77] Compiling Dhall.Pretty.Internal
[41 of 77] Compiling Dhall.Pretty
[42 of 77] Compiling Dhall.Eval
[43 of 77] Compiling Dhall.Normalize
[44 of 77] Compiling Dhall.Parser.Combinators
[45 of 77] Compiling Dhall.Parser.Token
[46 of 77] Compiling Dhall.Parser.Expression
src/Dhall/Parser/Expression.hs:18:1: warning: [GHC-66111] [-Wunused-imports]
    The import of ‘Data.Foldable’ is redundant
      except perhaps to import instances from ‘Data.Foldable’
    To import instances alone, use: import Data.Foldable()
   |
18 | import Data.Foldable           (foldl')
   | ^^^^^^^^^^^^^^^^^^^^^^^^^^^^^^^^^^^^^^^

[47 of 77] Compiling Dhall.Core
[48 of 77] Compiling Dhall.Parser
[49 of 77] Compiling Dhall.Util
[50 of 77] Compiling Dhall.URL
[51 of 77] Compiling Dhall.Substitution
[52 of 77] Compiling Dhall.Binary
[53 of 77] Compiling Dhall.Diff
[54 of 77] Compiling Dhall.TypeCheck
[55 of 77] Compiling Dhall.Tags
src/Dhall/Tags.hs:11:28: warning: [GHC-38856] [-Wunused-imports]
    The import of ‘foldl'’ from module ‘Data.List’ is redundant
   |
11 | import Data.List          (foldl', isSuffixOf)
   |                            ^^^^^^

src/Dhall/Tags.hs:264:73: warning: [GHC-63394] [-Wx-partial]
    In the use of ‘head’
    (imported from Prelude, but defined in GHC.Internal.List):
    "This is a partial function, it throws an error on empty lists. Use pattern matching, 'Data.List.uncons' or 'Data.Maybe.listToMaybe' instead. Consider refactoring to use "Data.List.NonEmpty"."
    |
264 |                                    contents <- fmap (filter ((/=) '.' . head))
    |                                                                         ^^^^

[56 of 77] Compiling Dhall.Marshal.Internal
[57 of 77] Compiling Dhall.Marshal.Encode
[58 of 77] Compiling Dhall.Lint
[59 of 77] Compiling Dhall.Import.Types
[60 of 77] Compiling Dhall.Import.Headers
[61 of 77] Compiling Dhall.Package
[62 of 77] Compiling Dhall.Marshal.Decode
src/Dhall/Marshal/Decode.hs:1302:50: warning: [GHC-63394] [-Wx-partial]
    In the use of ‘head’
    (imported from Prelude, but defined in GHC.Internal.List):
    "This is a partial function, it throws an error on empty lists. Use pattern matching, 'Data.List.uncons' or 'Data.Maybe.listToMaybe' instead. Consider refactoring to use "Data.List.NonEmpty"."
     |
1302 |                      <> (Data.Text.pack $ show $ head duplicates)
     |                                                  ^^^^

src/Dhall/Marshal/Decode.hs:1306:31: warning: [GHC-63394] [-Wx-partial]
    In the use of ‘head’
    (imported from Prelude, but defined in GHC.Internal.List):
    "This is a partial function, it throws an error on empty lists. Use pattern matching, 'Data.List.uncons' or 'Data.Maybe.listToMaybe' instead. Consider refactoring to use "Data.List.NonEmpty"."
     |
1306 |                      , show $ head duplicates
     |                               ^^^^

[63 of 77] Compiling Dhall.DirectoryTree.Types
[64 of 77] Compiling Dhall.Import.HTTP
[65 of 77] Compiling Dhall.Import
[66 of 77] Compiling Dhall.Schemas
[67 of 77] Compiling Dhall
[68 of 77] Compiling Dhall.Tutorial
[69 of 77] Compiling Dhall.TH
[70 of 77] Compiling Dhall.Deriving
[71 of 77] Compiling Dhall.Freeze
[72 of 77] Compiling Dhall.Format
[73 of 77] Compiling Dhall.DirectoryTree
[74 of 77] Compiling Paths_dhall
[75 of 77] Compiling Dhall.Version
[76 of 77] Compiling Dhall.Repl
[77 of 77] Compiling Dhall.Main
Configuring test suite 'doctest' for dhall-1.42.2...
Preprocessing test suite 'doctest' for dhall-1.42.2...
Building test suite 'doctest' for dhall-1.42.2...
[1 of 1] Compiling Main
[2 of 2] Linking /tmp/workdir-dhall/dhall-1.42.2/dist-newstyle/build/x86_64-linux/ghc-9.10.2/dhall-1.42.2/t/doctest/build/doctest/doctest
Configuring test suite 'tasty' for dhall-1.42.2...
Preprocessing test suite 'tasty' for dhall-1.42.2...
Building test suite 'tasty' for dhall-1.42.2...
[ 1 of 21] Compiling Dhall.Test.Dhall
[ 2 of 21] Compiling Dhall.Test.DirectoryTree
[ 3 of 21] Compiling Dhall.Test.Package
[ 4 of 21] Compiling Dhall.Test.Substitution
[ 5 of 21] Compiling Dhall.Test.TH
[ 6 of 21] Compiling Dhall.Test.Util
tests/Dhall/Test/Util.hs:31:55: warning: [GHC-38856] [-Wunused-imports]
    The import of ‘liftA2’
    from module ‘Control.Applicative’ is redundant
   |
31 | import Control.Applicative              (Alternative, liftA2, (<|>))
   |                                                       ^^^^^^

[ 7 of 21] Compiling Dhall.Test.TypeInference
[ 8 of 21] Compiling Dhall.Test.Tutorial
[ 9 of 21] Compiling Dhall.Test.Tags
[10 of 21] Compiling Dhall.Test.SemanticHash
[11 of 21] Compiling Dhall.Test.Schemas
[12 of 21] Compiling Dhall.Test.Regression
[13 of 21] Compiling Dhall.Test.Parser
[14 of 21] Compiling Dhall.Test.Normalization
[15 of 21] Compiling Dhall.Test.Lint
[16 of 21] Compiling Dhall.Test.Import
[17 of 21] Compiling Dhall.Test.Freeze
[18 of 21] Compiling Dhall.Test.Format
[19 of 21] Compiling Dhall.Test.QuickCheck
[20 of 21] Compiling Dhall.Test.Diff
[21 of 21] Compiling Main
[22 of 22] Linking /tmp/workdir-dhall/dhall-1.42.2/dist-newstyle/build/x86_64-linux/ghc-9.10.2/dhall-1.42.2/t/tasty/build/tasty/tasty
Configuring executable 'dhall' for dhall-1.42.2...
Preprocessing executable 'dhall' for dhall-1.42.2...
Building executable 'dhall' for dhall-1.42.2...
[1 of 1] Compiling Main
[2 of 2] Linking /tmp/workdir-dhall/dhall-1.42.2/dist-newstyle/build/x86_64-linux/ghc-9.10.2/dhall-1.42.2/x/dhall/build/dhall/dhall
