Warning: The package description file ./download-curl.cabal has warnings:
download-curl.cabal:59:37: version operators used. To use version operators
the package needs to specify at least 'cabal-version: >= 1.8'.
download-curl.cabal:57:38: version operators used. To use version operators
the package needs to specify at least 'cabal-version: >= 1.8'.
download-curl.cabal:60:43: version operators used. To use version operators
the package needs to specify at least 'cabal-version: >= 1.8'.
Warning: The package description file
/tmp/workdir-download-curl/download-curl-0.1.4/download-curl.cabal has
warnings:
/tmp/workdir-download-curl/download-curl-0.1.4/download-curl.cabal:59:37:
version operators used. To use version operators the package needs to specify
at least 'cabal-version: >= 1.8'.
/tmp/workdir-download-curl/download-curl-0.1.4/download-curl.cabal:57:38:
version operators used. To use version operators the package needs to specify
at least 'cabal-version: >= 1.8'.
/tmp/workdir-download-curl/download-curl-0.1.4/download-curl.cabal:60:43:
version operators used. To use version operators the package needs to specify
at least 'cabal-version: >= 1.8'.
Resolving dependencies...
Build profile: -w ghc-9.10.2 -O1
In order, the following will be built (use -v for more details):
 - download-curl-0.1.4 (lib:download-curl) (first run)
Warning: download-curl.cabal:59:37: version operators used. To use version
operators the package needs to specify at least 'cabal-version: >= 1.8'.
Warning: download-curl.cabal:57:38: version operators used. To use version
operators the package needs to specify at least 'cabal-version: >= 1.8'.
Warning: download-curl.cabal:60:43: version operators used. To use version
operators the package needs to specify at least 'cabal-version: >= 1.8'.
Configuring download-curl-0.1.4...
Preprocessing library for download-curl-0.1.4...
Building library for download-curl-0.1.4...
[1 of 2] Compiling Network.Curl.Download
Network/Curl/Download.hs:157:5: warning: [GHC-68441] [-Wdeprecations]
    In the use of ‘memcpy’
    (imported from Data.ByteString.Internal, but defined in Data.ByteString.Internal.Type):
    Deprecated: "Use Foreign.Marshal.Utils.copyBytes instead"
    |
157 |     S.memcpy (dest' `plusPtr` n) src (fromIntegral m)
    |     ^^^^^^^^

[2 of 2] Compiling Network.Curl.Download.Lazy
Network/Curl/Download/Lazy.hs:107:22: warning: [GHC-68441] [-Wdeprecations]
    In the use of ‘memcpy’
    (imported from Data.ByteString.Internal, but defined in Data.ByteString.Internal.Type):
    Deprecated: "Use Foreign.Marshal.Utils.copyBytes instead"
    |
107 |             \dest -> S.memcpy dest (castPtr src) (fromIntegral n'))
    |                      ^^^^^^^^

