Resolving dependencies...
Build profile: -w ghc-9.10.2 -O1
In order, the following will be built (use -v for more details):
 - rhbzquery-0.4.5 (exe:rhbzquery) (first run)
 - rhbzquery-0.4.5 (test:test) (first run)
Configuring executable 'rhbzquery' for rhbzquery-0.4.5...
Preprocessing executable 'rhbzquery' for rhbzquery-0.4.5...
Building executable 'rhbzquery' for rhbzquery-0.4.5...
[1 of 8] Compiling Bugzilla
[2 of 8] Compiling Common
[3 of 8] Compiling ParseArg
[4 of 8] Compiling Help
src/Help.hs:12:1: warning: [GHC-15328] [-Wdeprecations]
    Module ‘Text.PrettyPrint.ANSI.Leijen’ is deprecated:
      "Compatibility module for users of ansi-wl-pprint - use \"Prettyprinter\" instead"
   |
12 | import qualified Text.PrettyPrint.ANSI.Leijen as P
   | ^^^^^^^^^^^^^^^^^^^^^^^^^^^^^^^^^^^^^^^^^^^^^^^^^^

src/Help.hs:16:17: warning: [GHC-68441] [-Wdeprecations]
    In the use of type constructor or class ‘Doc’
    (imported from Text.PrettyPrint.ANSI.Leijen):
    Deprecated: "Compatibility module for users of ansi-wl-pprint - use "Prettyprinter" instead"
   |
16 | detailedHelp :: P.Doc
   |                 ^^^^^

src/Help.hs:18:3: warning: [GHC-68441] [-Wdeprecations]
    In the use of ‘vcat’ (imported from Text.PrettyPrint.ANSI.Leijen):
    Deprecated: "Compatibility module for users of ansi-wl-pprint - use "Prettyprinter" instead"
   |
18 |   P.vcat
   |   ^^^^^^

src/Help.hs:19:5: warning: [GHC-68441] [-Wdeprecations]
    In the use of ‘empty’ (imported from Text.PrettyPrint.ANSI.Leijen):
    Deprecated: "Compatibility module for users of ansi-wl-pprint - use "Prettyprinter" instead"
   |
19 |   [ P.empty
   |     ^^^^^^^

src/Help.hs:20:5: warning: [GHC-68441] [-Wdeprecations]
    In the use of ‘text’ (imported from Text.PrettyPrint.ANSI.Leijen):
    Deprecated: "Compatibility module for users of ansi-wl-pprint - use "Prettyprinter" instead"
   |
20 |   , P.text "Tool for generating bugzilla queries"
   |     ^^^^^^

src/Help.hs:21:5: warning: [GHC-68441] [-Wdeprecations]
    In the use of ‘empty’ (imported from Text.PrettyPrint.ANSI.Leijen):
    Deprecated: "Compatibility module for users of ansi-wl-pprint - use "Prettyprinter" instead"
   |
21 |   , P.empty
   |     ^^^^^^^

src/Help.hs:22:5: warning: [GHC-68441] [-Wdeprecations]
    In the use of ‘text’ (imported from Text.PrettyPrint.ANSI.Leijen):
    Deprecated: "Compatibility module for users of ansi-wl-pprint - use "Prettyprinter" instead"
   |
22 |   , P.text "STATUS = " <> P.lbrace <> P.align (P.fillCat (P.punctuate P.comma (map P.text (map lower statusList ++ ["all (open and closed)", "'<STATE'", "'>STATE'"]))) <> P.rbrace)
   |     ^^^^^^

src/Help.hs:22:27: warning: [GHC-68441] [-Wdeprecations]
    In the use of ‘lbrace’
    (imported from Text.PrettyPrint.ANSI.Leijen):
    Deprecated: "Compatibility module for users of ansi-wl-pprint - use "Prettyprinter" instead"
   |
22 |   , P.text "STATUS = " <> P.lbrace <> P.align (P.fillCat (P.punctuate P.comma (map P.text (map lower statusList ++ ["all (open and closed)", "'<STATE'", "'>STATE'"]))) <> P.rbrace)
   |                           ^^^^^^^^

src/Help.hs:22:39: warning: [GHC-68441] [-Wdeprecations]
    In the use of ‘align’ (imported from Text.PrettyPrint.ANSI.Leijen):
    Deprecated: "Compatibility module for users of ansi-wl-pprint - use "Prettyprinter" instead"
   |
22 |   , P.text "STATUS = " <> P.lbrace <> P.align (P.fillCat (P.punctuate P.comma (map P.text (map lower statusList ++ ["all (open and closed)", "'<STATE'", "'>STATE'"]))) <> P.rbrace)
   |                                       ^^^^^^^

src/Help.hs:22:48: warning: [GHC-68441] [-Wdeprecations]
    In the use of ‘fillCat’
    (imported from Text.PrettyPrint.ANSI.Leijen):
    Deprecated: "Compatibility module for users of ansi-wl-pprint - use "Prettyprinter" instead"
   |
22 |   , P.text "STATUS = " <> P.lbrace <> P.align (P.fillCat (P.punctuate P.comma (map P.text (map lower statusList ++ ["all (open and closed)", "'<STATE'", "'>STATE'"]))) <> P.rbrace)
   |                                                ^^^^^^^^^

src/Help.hs:22:59: warning: [GHC-68441] [-Wdeprecations]
    In the use of ‘punctuate’
    (imported from Text.PrettyPrint.ANSI.Leijen):
    Deprecated: "Compatibility module for users of ansi-wl-pprint - use "Prettyprinter" instead"
   |
22 |   , P.text "STATUS = " <> P.lbrace <> P.align (P.fillCat (P.punctuate P.comma (map P.text (map lower statusList ++ ["all (open and closed)", "'<STATE'", "'>STATE'"]))) <> P.rbrace)
   |                                                           ^^^^^^^^^^^

src/Help.hs:22:71: warning: [GHC-68441] [-Wdeprecations]
    In the use of ‘comma’ (imported from Text.PrettyPrint.ANSI.Leijen):
    Deprecated: "Compatibility module for users of ansi-wl-pprint - use "Prettyprinter" instead"
   |
22 |   , P.text "STATUS = " <> P.lbrace <> P.align (P.fillCat (P.punctuate P.comma (map P.text (map lower statusList ++ ["all (open and closed)", "'<STATE'", "'>STATE'"]))) <> P.rbrace)
   |                                                                       ^^^^^^^

src/Help.hs:22:84: warning: [GHC-68441] [-Wdeprecations]
    In the use of ‘text’ (imported from Text.PrettyPrint.ANSI.Leijen):
    Deprecated: "Compatibility module for users of ansi-wl-pprint - use "Prettyprinter" instead"
   |
22 |   , P.text "STATUS = " <> P.lbrace <> P.align (P.fillCat (P.punctuate P.comma (map P.text (map lower statusList ++ ["all (open and closed)", "'<STATE'", "'>STATE'"]))) <> P.rbrace)
   |                                                                                    ^^^^^^

src/Help.hs:22:172: warning: [GHC-68441] [-Wdeprecations]
    In the use of ‘rbrace’
    (imported from Text.PrettyPrint.ANSI.Leijen):
    Deprecated: "Compatibility module for users of ansi-wl-pprint - use "Prettyprinter" instead"
   |
22 |   , P.text "STATUS = " <> P.lbrace <> P.align (P.fillCat (P.punctuate P.comma (map P.text (map lower statusList ++ ["all (open and closed)", "'<STATE'", "'>STATE'"]))) <> P.rbrace)
   |                                                                                                                                                                            ^^^^^^^^

src/Help.hs:23:5: warning: [GHC-68441] [-Wdeprecations]
    In the use of ‘text’ (imported from Text.PrettyPrint.ANSI.Leijen):
    Deprecated: "Compatibility module for users of ansi-wl-pprint - use "Prettyprinter" instead"
   |
23 |   , P.text "PRODUCTVERSION = " <> P.lbrace <> P.align (P.fillCat (P.punctuate P.comma (map P.text ["rawhide", "fedora", "fXY", "epel", "epelX", "rhel8", "rhel7", "rhelX.Z"])) <> P.rbrace)
   |     ^^^^^^

src/Help.hs:23:35: warning: [GHC-68441] [-Wdeprecations]
    In the use of ‘lbrace’
    (imported from Text.PrettyPrint.ANSI.Leijen):
    Deprecated: "Compatibility module for users of ansi-wl-pprint - use "Prettyprinter" instead"
   |
23 |   , P.text "PRODUCTVERSION = " <> P.lbrace <> P.align (P.fillCat (P.punctuate P.comma (map P.text ["rawhide", "fedora", "fXY", "epel", "epelX", "rhel8", "rhel7", "rhelX.Z"])) <> P.rbrace)
   |                                   ^^^^^^^^

src/Help.hs:23:47: warning: [GHC-68441] [-Wdeprecations]
    In the use of ‘align’ (imported from Text.PrettyPrint.ANSI.Leijen):
    Deprecated: "Compatibility module for users of ansi-wl-pprint - use "Prettyprinter" instead"
   |
23 |   , P.text "PRODUCTVERSION = " <> P.lbrace <> P.align (P.fillCat (P.punctuate P.comma (map P.text ["rawhide", "fedora", "fXY", "epel", "epelX", "rhel8", "rhel7", "rhelX.Z"])) <> P.rbrace)
   |                                               ^^^^^^^

src/Help.hs:23:56: warning: [GHC-68441] [-Wdeprecations]
    In the use of ‘fillCat’
    (imported from Text.PrettyPrint.ANSI.Leijen):
    Deprecated: "Compatibility module for users of ansi-wl-pprint - use "Prettyprinter" instead"
   |
23 |   , P.text "PRODUCTVERSION = " <> P.lbrace <> P.align (P.fillCat (P.punctuate P.comma (map P.text ["rawhide", "fedora", "fXY", "epel", "epelX", "rhel8", "rhel7", "rhelX.Z"])) <> P.rbrace)
   |                                                        ^^^^^^^^^

src/Help.hs:23:67: warning: [GHC-68441] [-Wdeprecations]
    In the use of ‘punctuate’
    (imported from Text.PrettyPrint.ANSI.Leijen):
    Deprecated: "Compatibility module for users of ansi-wl-pprint - use "Prettyprinter" instead"
   |
23 |   , P.text "PRODUCTVERSION = " <> P.lbrace <> P.align (P.fillCat (P.punctuate P.comma (map P.text ["rawhide", "fedora", "fXY", "epel", "epelX", "rhel8", "rhel7", "rhelX.Z"])) <> P.rbrace)
   |                                                                   ^^^^^^^^^^^

src/Help.hs:23:79: warning: [GHC-68441] [-Wdeprecations]
    In the use of ‘comma’ (imported from Text.PrettyPrint.ANSI.Leijen):
    Deprecated: "Compatibility module for users of ansi-wl-pprint - use "Prettyprinter" instead"
   |
23 |   , P.text "PRODUCTVERSION = " <> P.lbrace <> P.align (P.fillCat (P.punctuate P.comma (map P.text ["rawhide", "fedora", "fXY", "epel", "epelX", "rhel8", "rhel7", "rhelX.Z"])) <> P.rbrace)
   |                                                                               ^^^^^^^

src/Help.hs:23:92: warning: [GHC-68441] [-Wdeprecations]
    In the use of ‘text’ (imported from Text.PrettyPrint.ANSI.Leijen):
    Deprecated: "Compatibility module for users of ansi-wl-pprint - use "Prettyprinter" instead"
   |
23 |   , P.text "PRODUCTVERSION = " <> P.lbrace <> P.align (P.fillCat (P.punctuate P.comma (map P.text ["rawhide", "fedora", "fXY", "epel", "epelX", "rhel8", "rhel7", "rhelX.Z"])) <> P.rbrace)
   |                                                                                            ^^^^^^

src/Help.hs:23:179: warning: [GHC-68441] [-Wdeprecations]
    In the use of ‘rbrace’
    (imported from Text.PrettyPrint.ANSI.Leijen):
    Deprecated: "Compatibility module for users of ansi-wl-pprint - use "Prettyprinter" instead"
   |
23 |   , P.text "PRODUCTVERSION = " <> P.lbrace <> P.align (P.fillCat (P.punctuate P.comma (map P.text ["rawhide", "fedora", "fXY", "epel", "epelX", "rhel8", "rhel7", "rhelX.Z"])) <> P.rbrace)
   |                                                                                                                                                                                   ^^^^^^^^

src/Help.hs:24:5: warning: [GHC-68441] [-Wdeprecations]
    In the use of ‘text’ (imported from Text.PrettyPrint.ANSI.Leijen):
    Deprecated: "Compatibility module for users of ansi-wl-pprint - use "Prettyprinter" instead"
   |
24 |   , P.text "op = search operator (eg '~' for substring: \"summary~akeyword\")"
   |     ^^^^^^

src/Help.hs:25:5: warning: [GHC-68441] [-Wdeprecations]
    In the use of ‘empty’ (imported from Text.PrettyPrint.ANSI.Leijen):
    Deprecated: "Compatibility module for users of ansi-wl-pprint - use "Prettyprinter" instead"
   |
25 |   , P.empty
   |     ^^^^^^^

src/Help.hs:26:5: warning: [GHC-68441] [-Wdeprecations]
    In the use of ‘text’ (imported from Text.PrettyPrint.ANSI.Leijen):
    Deprecated: "Compatibility module for users of ansi-wl-pprint - use "Prettyprinter" instead"
   |
26 |   , P.text "See https://github.com/juhp/rhbzquery#readme for examples"
   |     ^^^^^^

[5 of 8] Compiling Fields
src/Fields.hs:54:69: warning: [GHC-63394] [-Wx-partial]
    In the use of ‘tail’
    (imported from Data.List.Extra, but defined in GHC.Internal.List):
    "This is a partial function, it throws an error on empty lists. Replace it with 'drop' 1, or use pattern matching or 'GHC.Internal.Data.List.uncons' instead. Consider refactoring to use "Data.List.NonEmpty"."
   |
54 |     ArgStatusAfter st -> (i, [(BzParameter "bug_status", s) | s <- (tail . dropWhile (/= st)) statusList])
   |                                                                     ^^^^

[6 of 8] Compiling Paths_rhbzquery
[7 of 8] Compiling User
[8 of 8] Compiling Main
src/Main.hs:77:34: warning: [GHC-63394] [-Wx-partial]
    In the use of ‘tail’
    (imported from Data.List.Extra, but defined in GHC.Internal.List):
    "This is a partial function, it throws an error on empty lists. Replace it with 'drop' 1, or use pattern matching or 'GHC.Internal.Data.List.uncons' instead. Consider refactoring to use "Data.List.NonEmpty"."
   |
77 |           if '?' `elem` url then tail (dropWhile (/= '?') url) else url
   |                                  ^^^^

[9 of 9] Linking /tmp/workdir-rhbzquery/rhbzquery-0.4.5/dist-newstyle/build/x86_64-linux/ghc-9.10.2/rhbzquery-0.4.5/x/rhbzquery/build/rhbzquery/rhbzquery
Configuring test suite 'test' for rhbzquery-0.4.5...
Preprocessing test suite 'test' for rhbzquery-0.4.5...
Building test suite 'test' for rhbzquery-0.4.5...
[1 of 1] Compiling Main
[2 of 2] Linking /tmp/workdir-rhbzquery/rhbzquery-0.4.5/dist-newstyle/build/x86_64-linux/ghc-9.10.2/rhbzquery-0.4.5/t/test/build/test/test
