Resolving dependencies...
Build profile: -w ghc-9.10.2 -O1
In order, the following will be built (use -v for more details):
 - foldl-1.4.18 (lib) (first run)
 - foldl-1.4.18 (test:doctest) (first run)
Configuring library for foldl-1.4.18...
Preprocessing library for foldl-1.4.18...
Building library for foldl-1.4.18...
[1 of 9] Compiling Control.Foldl.Internal
[2 of 9] Compiling Control.Foldl.Optics
[3 of 9] Compiling Control.Foldl.Util.MVector
[4 of 9] Compiling Control.Foldl.Util.Vector
[5 of 9] Compiling Control.Foldl
[6 of 9] Compiling Control.Foldl.Text
[7 of 9] Compiling Control.Foldl.NonEmpty
src/Control/Foldl/NonEmpty.hs:64:29: warning: [GHC-38856] [-Wunused-imports]
    The import of ‘liftA2’
    from module ‘Control.Applicative’ is redundant
   |
64 | import Control.Applicative (liftA2, Const(..))
   |                             ^^^^^^

[8 of 9] Compiling Control.Foldl.ByteString
[9 of 9] Compiling Control.Scanl
Configuring test suite 'doctest' for foldl-1.4.18...
Preprocessing test suite 'doctest' for foldl-1.4.18...
Building test suite 'doctest' for foldl-1.4.18...
[1 of 1] Compiling Main
[2 of 2] Linking dist-newstyle/build/x86_64-linux/ghc-9.10.2/foldl-1.4.18/t/doctest/build/doctest/doctest
