Resolving dependencies...
Build profile: -w ghc-9.10.2 -O1
In order, the following will be built (use -v for more details):
 - gogol-books-1.0.0 (lib) (first run)
Configuring library for gogol-books-1.0.0...
Preprocessing library for gogol-books-1.0.0...
Building library for gogol-books-1.0.0...
[ 1 of 55] Compiling Gogol.Books.Internal.Sum
[ 2 of 55] Compiling Gogol.Books.Internal.Product
[ 3 of 55] Compiling Gogol.Books.Types
[ 4 of 55] Compiling Gogol.Books.Series.Membership.Get
[ 5 of 55] Compiling Gogol.Books.Series.Get
[ 6 of 55] Compiling Gogol.Books.Promooffer.Get
[ 7 of 55] Compiling Gogol.Books.Promooffer.Dismiss
[ 8 of 55] Compiling Gogol.Books.Promooffer.Accept
[ 9 of 55] Compiling Gogol.Books.Personalizedstream.Get
[10 of 55] Compiling Gogol.Books.Onboarding.ListCategoryVolumes
[11 of 55] Compiling Gogol.Books.Onboarding.ListCategories
[12 of 55] Compiling Gogol.Books.Notification.Get
[13 of 55] Compiling Gogol.Books.Mylibrary.Readingpositions.SetPosition
[14 of 55] Compiling Gogol.Books.Mylibrary.Readingpositions.Get
[15 of 55] Compiling Gogol.Books.Mylibrary.Bookshelves.Volumes.List
[16 of 55] Compiling Gogol.Books.Mylibrary.Bookshelves.RemoveVolume
[17 of 55] Compiling Gogol.Books.Mylibrary.Bookshelves.MoveVolume
[18 of 55] Compiling Gogol.Books.Mylibrary.Bookshelves.List
[19 of 55] Compiling Gogol.Books.Mylibrary.Bookshelves.Get
[20 of 55] Compiling Gogol.Books.Mylibrary.Bookshelves.ClearVolumes
[21 of 55] Compiling Gogol.Books.Mylibrary.Bookshelves.AddVolume
[22 of 55] Compiling Gogol.Books.Mylibrary.Annotations.Update
[23 of 55] Compiling Gogol.Books.Mylibrary.Annotations.Summary
[24 of 55] Compiling Gogol.Books.Mylibrary.Annotations.List
[25 of 55] Compiling Gogol.Books.Mylibrary.Annotations.Insert
[26 of 55] Compiling Gogol.Books.Mylibrary.Annotations.Delete
[27 of 55] Compiling Gogol.Books.Myconfig.UpdateUserSettings
[28 of 55] Compiling Gogol.Books.Myconfig.SyncVolumeLicenses
[29 of 55] Compiling Gogol.Books.Myconfig.RequestAccess
[30 of 55] Compiling Gogol.Books.Myconfig.ReleaseDownloadAccess
[31 of 55] Compiling Gogol.Books.Myconfig.GetUserSettings
[32 of 55] Compiling Gogol.Books.Layers.VolumeAnnotations.List
[33 of 55] Compiling Gogol.Books.Layers.VolumeAnnotations.Get
[34 of 55] Compiling Gogol.Books.Layers.List
[35 of 55] Compiling Gogol.Books.Layers.Get
[36 of 55] Compiling Gogol.Books.Layers.AnnotationData.List
[37 of 55] Compiling Gogol.Books.Layers.AnnotationData.Get
[38 of 55] Compiling Gogol.Books.Familysharing.Unshare
[39 of 55] Compiling Gogol.Books.Familysharing.Share
[40 of 55] Compiling Gogol.Books.Familysharing.GetFamilyInfo
[41 of 55] Compiling Gogol.Books.Dictionary.ListOfflineMetadata
[42 of 55] Compiling Gogol.Books.Cloudloading.UpdateBook
[43 of 55] Compiling Gogol.Books.Cloudloading.DeleteBook
[44 of 55] Compiling Gogol.Books.Cloudloading.AddBook
[45 of 55] Compiling Gogol.Books.Bookshelves.Volumes.List
[46 of 55] Compiling Gogol.Books.Bookshelves.List
[47 of 55] Compiling Gogol.Books.Bookshelves.Get
[48 of 55] Compiling Gogol.Books.Volumes.Associated.List
[49 of 55] Compiling Gogol.Books.Volumes.Get
[50 of 55] Compiling Gogol.Books.Volumes.List
[51 of 55] Compiling Gogol.Books.Volumes.Mybooks.List
[52 of 55] Compiling Gogol.Books.Volumes.Recommended.List
[53 of 55] Compiling Gogol.Books.Volumes.Recommended.Rate
[54 of 55] Compiling Gogol.Books.Volumes.Useruploaded.List
[55 of 55] Compiling Gogol.Books
