Resolving dependencies...
Build profile: -w ghc-9.10.2 -O1
In order, the following will be built (use -v for more details):
 - shellwords-0.1.4.3 (lib) (first run)
 - shellwords-0.1.4.3 (test:hspec) (first run)
Configuring library for shellwords-0.1.4.3...
Preprocessing library for shellwords-0.1.4.3...
Building library for shellwords-0.1.4.3...
[1 of 5] Compiling Paths_shellwords
[2 of 5] Compiling ShellWords.Quote
[3 of 5] Compiling Text.Megaparsec.Compat
[4 of 5] Compiling ShellWords.Parse
[5 of 5] Compiling ShellWords
Configuring test suite 'hspec' for shellwords-0.1.4.3...
Preprocessing test suite 'hspec' for shellwords-0.1.4.3...
Building test suite 'hspec' for shellwords-0.1.4.3...
[1 of 4] Compiling Paths_shellwords
[2 of 4] Compiling ShellWords.ParseSpec
[3 of 4] Compiling ShellWords.QuoteSpec
[4 of 4] Compiling Main
[5 of 5] Linking /tmp/workdir-shellwords/shellwords-0.1.4.3/dist-newstyle/build/x86_64-linux/ghc-9.10.2/shellwords-0.1.4.3/t/hspec/build/hspec/hspec
