Resolving dependencies...
Build profile: -w ghc-9.10.2 -O1
In order, the following will be built (use -v for more details):
 - slynx-0.8.0.0 (lib) (first run)
 - slynx-0.8.0.0 (exe:slynx) (first run)
Configuring library for slynx-0.8.0.0...
Preprocessing library for slynx-0.8.0.0...
Building library for slynx-0.8.0.0...
[ 1 of 17] Compiling Paths_slynx
[ 2 of 17] Compiling SLynx.Simulate.Options
[ 3 of 17] Compiling SLynx.Simulate.PhyloModel
src/SLynx/Simulate/PhyloModel.hs:170:17: warning: [GHC-63394] [-Wx-partial]
    In the use of ‘head’
    (imported from Prelude, but defined in GHC.Internal.List):
    "This is a partial function, it throws an error on empty lists. Use pattern matching, 'Data.List.uncons' or 'Data.Maybe.listToMaybe' instead. Consider refactoring to use "Data.List.NonEmpty"."
    |
170 |     then fail $ head errs
    |                 ^^^^

[ 4 of 17] Compiling SLynx.Simulate.Simulate
src/SLynx/Simulate/Simulate.hs:63:13: warning: [GHC-63394] [-Wx-partial]
    In the use of ‘head’
    (imported from Data.List, but defined in GHC.Internal.List):
    "This is a partial function, it throws an error on empty lists. Use pattern matching, 'Data.List.uncons' or 'Data.Maybe.listToMaybe' instead. Consider refactoring to use "Data.List.NonEmpty"."
   |
63 | dispv p v = head $ tail $ lines $ L.dispf p (L.asRow v)
   |             ^^^^

src/SLynx/Simulate/Simulate.hs:63:20: warning: [GHC-63394] [-Wx-partial]
    In the use of ‘tail’
    (imported from Data.List, but defined in GHC.Internal.List):
    "This is a partial function, it throws an error on empty lists. Replace it with 'drop' 1, or use pattern matching or 'GHC.Internal.Data.List.uncons' instead. Consider refactoring to use "Data.List.NonEmpty"."
   |
63 | dispv p v = head $ tail $ lines $ L.dispf p (L.asRow v)
   |                    ^^^^

src/SLynx/Simulate/Simulate.hs:68:49: warning: [GHC-63394] [-Wx-partial]
    In the use of ‘tail’
    (imported from Data.List, but defined in GHC.Internal.List):
    "This is a partial function, it throws an error on empty lists. Replace it with 'drop' 1, or use pattern matching or 'GHC.Internal.Data.List.uncons' instead. Consider refactoring to use "Data.List.NonEmpty"."
   |
68 |   intercalate "\n" $ map (replicate i ' ' ++) $ tail $ lines $ L.dispf p m
   |                                                 ^^^^

[ 5 of 17] Compiling SLynx.Tools
[ 6 of 17] Compiling SLynx.SubSample.Options
[ 7 of 17] Compiling SLynx.SubSample.SubSample
[ 8 of 17] Compiling SLynx.Filter.Options
[ 9 of 17] Compiling SLynx.Filter.Filter
[10 of 17] Compiling SLynx.Examine.Options
[11 of 17] Compiling SLynx.Examine.Examine
[12 of 17] Compiling SLynx.Concatenate.Options
[13 of 17] Compiling SLynx.Concatenate.Concatenate
[14 of 17] Compiling SLynx.Translate.Options
[15 of 17] Compiling SLynx.Options
[16 of 17] Compiling SLynx.Translate.Translate
[17 of 17] Compiling SLynx.SLynx
Configuring executable 'slynx' for slynx-0.8.0.0...
Preprocessing executable 'slynx' for slynx-0.8.0.0...
Building executable 'slynx' for slynx-0.8.0.0...
[1 of 2] Compiling Main
[2 of 2] Compiling Paths_slynx
[3 of 3] Linking /tmp/workdir-slynx/slynx-0.8.0.0/dist-newstyle/build/x86_64-linux/ghc-9.10.2/slynx-0.8.0.0/x/slynx/build/slynx/slynx
