Resolving dependencies...
Build profile: -w ghc-9.10.2 -O1
In order, the following will be built (use -v for more details):
 - fsnotify-0.4.3.0 (lib) (first run)
 - fsnotify-0.4.3.0 (test:tests) (first run)
 - fsnotify-0.4.3.0 (exe:example) (first run)
Configuring library for fsnotify-0.4.3.0...
Preprocessing library for fsnotify-0.4.3.0...
Building library for fsnotify-0.4.3.0...
[1 of 9] Compiling System.FSNotify.Find
[2 of 9] Compiling System.FSNotify.Path
[3 of 9] Compiling System.FSNotify.Types
[4 of 9] Compiling System.FSNotify.Listener
[5 of 9] Compiling System.FSNotify.Polling
[6 of 9] Compiling System.FSNotify.Linux.Util
[7 of 9] Compiling System.FSNotify.Linux
[8 of 9] Compiling System.FSNotify
[9 of 9] Compiling System.FSNotify.Devel
Configuring test suite 'tests' for fsnotify-0.4.3.0...
Preprocessing test suite 'tests' for fsnotify-0.4.3.0...
Building test suite 'tests' for fsnotify-0.4.3.0...
[1 of 4] Compiling FSNotify.Test.Util
[2 of 4] Compiling FSNotify.Test.EventTests
test/FSNotify/Test/EventTests.hs:91:147: warning: [GHC-40910] [-Wunused-matches]
    Defined but not used: ‘f’
   |
91 |     it "works if there is bad symlink" $ withFolder' (\f -> liftIO $ createSymLink (f <> ".doesNotExist") f) $ \() (TestFolderContext _watchedDir f getEvents _clearEvents) -> do
   |                                                                                                                                                   ^

[3 of 4] Compiling Main
[4 of 4] Compiling Paths_fsnotify
[5 of 5] Linking /tmp/workdir-fsnotify/fsnotify-0.4.3.0/dist-newstyle/build/x86_64-linux/ghc-9.10.2/fsnotify-0.4.3.0/t/tests/build/tests/tests
Configuring executable 'example' for fsnotify-0.4.3.0...
Preprocessing executable 'example' for fsnotify-0.4.3.0...
Building executable 'example' for fsnotify-0.4.3.0...
[1 of 2] Compiling Main
[2 of 2] Compiling Paths_fsnotify
[3 of 3] Linking /tmp/workdir-fsnotify/fsnotify-0.4.3.0/dist-newstyle/build/x86_64-linux/ghc-9.10.2/fsnotify-0.4.3.0/x/example/build/example/example
