Resolving dependencies...
Build profile: -w ghc-9.10.2 -O1
In order, the following will be built (use -v for more details):
 - bin-0.1.4 (lib) (first run)
Configuring library for bin-0.1.4...
Preprocessing library for bin-0.1.4...
Building library for bin-0.1.4...
[1 of 8] Compiling Data.BinP
src/Data/BinP.hs:28:1: warning: [GHC-66111] [-Wunused-imports]
    The import of ‘Data.Monoid’ is redundant
      except perhaps to import instances from ‘Data.Monoid’
    To import instances alone, use: import Data.Monoid()
   |
28 | import Data.Monoid     (mappend)
   | ^^^^^^^^^^^^^^^^^^^^^^^^^^^^^^^^

[2 of 8] Compiling Data.Bin
[3 of 8] Compiling Data.Wrd
[4 of 8] Compiling TrustworthyCompat
[5 of 8] Compiling Data.Type.BinP
[6 of 8] Compiling Data.Type.Bin
[7 of 8] Compiling Data.BinP.PosP
src/Data/BinP/PosP.hs:273:28: warning: [GHC-58520] [-Wtype-equality-requires-operators]
    The use of ‘~’ without TypeOperators
    will become an error in a future GHC release.
    Suggested fix: Perhaps you intended to use TypeOperators
    |
273 | pop :: (SBinPI a, B.Pred b ~ 'B.BP a, Succ a ~ b) => PosP a -> PosP b
    |                            ^

src/Data/BinP/PosP.hs:273:28: warning: [GHC-12003] [-Wtype-equality-out-of-scope]
    • The ‘~’ operator is out of scope.
      Assuming it to stand for an equality constraint.
    • NB: ‘~’ used to be built-in syntax but now is a regular type operator
          exported from Data.Type.Equality and Prelude.
      If you are using a custom Prelude, consider re-exporting it.
    • This will become an error in a future GHC release.
    |
273 | pop :: (SBinPI a, B.Pred b ~ 'B.BP a, Succ a ~ b) => PosP a -> PosP b
    |                            ^

src/Data/BinP/PosP.hs:273:46: warning: [GHC-58520] [-Wtype-equality-requires-operators]
    The use of ‘~’ without TypeOperators
    will become an error in a future GHC release.
    Suggested fix: Perhaps you intended to use TypeOperators
    |
273 | pop :: (SBinPI a, B.Pred b ~ 'B.BP a, Succ a ~ b) => PosP a -> PosP b
    |                                              ^

src/Data/BinP/PosP.hs:273:46: warning: [GHC-12003] [-Wtype-equality-out-of-scope]
    • The ‘~’ operator is out of scope.
      Assuming it to stand for an equality constraint.
    • NB: ‘~’ used to be built-in syntax but now is a regular type operator
          exported from Data.Type.Equality and Prelude.
      If you are using a custom Prelude, consider re-exporting it.
    • This will become an error in a future GHC release.
    |
273 | pop :: (SBinPI a, B.Pred b ~ 'B.BP a, Succ a ~ b) => PosP a -> PosP b
    |                                              ^

src/Data/BinP/PosP.hs:325:12: warning: [GHC-58520] [-Wtype-equality-requires-operators]
    The use of ‘~’ without TypeOperators
    will become an error in a future GHC release.
    Suggested fix: Perhaps you intended to use TypeOperators
    |
325 | instance b ~ 'BE => Boring.Boring (PosP b) where
    |            ^

src/Data/BinP/PosP.hs:325:12: warning: [GHC-12003] [-Wtype-equality-out-of-scope]
    • The ‘~’ operator is out of scope.
      Assuming it to stand for an equality constraint.
    • NB: ‘~’ used to be built-in syntax but now is a regular type operator
          exported from Data.Type.Equality and Prelude.
      If you are using a custom Prelude, consider re-exporting it.
    • This will become an error in a future GHC release.
    |
325 | instance b ~ 'BE => Boring.Boring (PosP b) where
    |            ^

[8 of 8] Compiling Data.Bin.Pos
src/Data/Bin/Pos.hs:118:23: warning: [GHC-58520] [-Wtype-equality-requires-operators]
    The use of ‘~’ without TypeOperators
    will become an error in a future GHC release.
    Suggested fix: Perhaps you intended to use TypeOperators
    |
118 | instance (SBinPI n, b ~ 'BP n) => Bounded (Pos b) where
    |                       ^

src/Data/Bin/Pos.hs:118:23: warning: [GHC-12003] [-Wtype-equality-out-of-scope]
    • The ‘~’ operator is out of scope.
      Assuming it to stand for an equality constraint.
    • NB: ‘~’ used to be built-in syntax but now is a regular type operator
          exported from Data.Type.Equality and Prelude.
      If you are using a custom Prelude, consider re-exporting it.
    • This will become an error in a future GHC release.
    |
118 | instance (SBinPI n, b ~ 'BP n) => Bounded (Pos b) where
    |                       ^

src/Data/Bin/Pos.hs:130:23: warning: [GHC-58520] [-Wtype-equality-requires-operators]
    The use of ‘~’ without TypeOperators
    will become an error in a future GHC release.
    Suggested fix: Perhaps you intended to use TypeOperators
    |
130 | instance (SBinPI n, b ~ 'BP n) => QC.Arbitrary (Pos b) where
    |                       ^

src/Data/Bin/Pos.hs:130:23: warning: [GHC-12003] [-Wtype-equality-out-of-scope]
    • The ‘~’ operator is out of scope.
      Assuming it to stand for an equality constraint.
    • NB: ‘~’ used to be built-in syntax but now is a regular type operator
          exported from Data.Type.Equality and Prelude.
      If you are using a custom Prelude, consider re-exporting it.
    • This will become an error in a future GHC release.
    |
130 | instance (SBinPI n, b ~ 'BP n) => QC.Arbitrary (Pos b) where
    |                       ^

src/Data/Bin/Pos.hs:136:23: warning: [GHC-58520] [-Wtype-equality-requires-operators]
    The use of ‘~’ without TypeOperators
    will become an error in a future GHC release.
    Suggested fix: Perhaps you intended to use TypeOperators
    |
136 | instance (SBinPI n, b ~ 'BP n) => QC.Function (Pos b) where
    |                       ^

src/Data/Bin/Pos.hs:136:23: warning: [GHC-12003] [-Wtype-equality-out-of-scope]
    • The ‘~’ operator is out of scope.
      Assuming it to stand for an equality constraint.
    • NB: ‘~’ used to be built-in syntax but now is a regular type operator
          exported from Data.Type.Equality and Prelude.
      If you are using a custom Prelude, consider re-exporting it.
    • This will become an error in a future GHC release.
    |
136 | instance (SBinPI n, b ~ 'BP n) => QC.Function (Pos b) where
    |                       ^

src/Data/Bin/Pos.hs:204:26: warning: [GHC-58520] [-Wtype-equality-requires-operators]
    The use of ‘~’ without TypeOperators
    will become an error in a future GHC release.
    Suggested fix: Perhaps you intended to use TypeOperators
    |
204 | pop :: (SBinPI a, Pred b ~ 'BP a, BP.Succ a ~ b) => Pos ('BP a) -> Pos ('BP b)
    |                          ^

src/Data/Bin/Pos.hs:204:26: warning: [GHC-12003] [-Wtype-equality-out-of-scope]
    • The ‘~’ operator is out of scope.
      Assuming it to stand for an equality constraint.
    • NB: ‘~’ used to be built-in syntax but now is a regular type operator
          exported from Data.Type.Equality and Prelude.
      If you are using a custom Prelude, consider re-exporting it.
    • This will become an error in a future GHC release.
    |
204 | pop :: (SBinPI a, Pred b ~ 'BP a, BP.Succ a ~ b) => Pos ('BP a) -> Pos ('BP b)
    |                          ^

src/Data/Bin/Pos.hs:204:45: warning: [GHC-58520] [-Wtype-equality-requires-operators]
    The use of ‘~’ without TypeOperators
    will become an error in a future GHC release.
    Suggested fix: Perhaps you intended to use TypeOperators
    |
204 | pop :: (SBinPI a, Pred b ~ 'BP a, BP.Succ a ~ b) => Pos ('BP a) -> Pos ('BP b)
    |                                             ^

src/Data/Bin/Pos.hs:204:45: warning: [GHC-12003] [-Wtype-equality-out-of-scope]
    • The ‘~’ operator is out of scope.
      Assuming it to stand for an equality constraint.
    • NB: ‘~’ used to be built-in syntax but now is a regular type operator
          exported from Data.Type.Equality and Prelude.
      If you are using a custom Prelude, consider re-exporting it.
    • This will become an error in a future GHC release.
    |
204 | pop :: (SBinPI a, Pred b ~ 'BP a, BP.Succ a ~ b) => Pos ('BP a) -> Pos ('BP b)
    |                                             ^

src/Data/Bin/Pos.hs:238:12: warning: [GHC-58520] [-Wtype-equality-requires-operators]
    The use of ‘~’ without TypeOperators
    will become an error in a future GHC release.
    Suggested fix: Perhaps you intended to use TypeOperators
    |
238 | instance b ~ 'BP 'BE => Boring.Boring (Pos b) where
    |            ^

src/Data/Bin/Pos.hs:238:12: warning: [GHC-12003] [-Wtype-equality-out-of-scope]
    • The ‘~’ operator is out of scope.
      Assuming it to stand for an equality constraint.
    • NB: ‘~’ used to be built-in syntax but now is a regular type operator
          exported from Data.Type.Equality and Prelude.
      If you are using a custom Prelude, consider re-exporting it.
    • This will become an error in a future GHC release.
    |
238 | instance b ~ 'BP 'BE => Boring.Boring (Pos b) where
    |            ^

src/Data/Bin/Pos.hs:242:12: warning: [GHC-58520] [-Wtype-equality-requires-operators]
    The use of ‘~’ without TypeOperators
    will become an error in a future GHC release.
    Suggested fix: Perhaps you intended to use TypeOperators
    |
242 | instance b ~ 'BZ => Boring.Absurd (Pos b) where
    |            ^

src/Data/Bin/Pos.hs:242:12: warning: [GHC-12003] [-Wtype-equality-out-of-scope]
    • The ‘~’ operator is out of scope.
      Assuming it to stand for an equality constraint.
    • NB: ‘~’ used to be built-in syntax but now is a regular type operator
          exported from Data.Type.Equality and Prelude.
      If you are using a custom Prelude, consider re-exporting it.
    • This will become an error in a future GHC release.
    |
242 | instance b ~ 'BZ => Boring.Absurd (Pos b) where
    |            ^

