Build profile: -w ghc-9.6.5 -O1
In order, the following will be built (use -v for more details):
 - servant-auth-0.4.1.0 (lib) (first run)
Configuring library for servant-auth-0.4.1.0...
Preprocessing library for servant-auth-0.4.1.0...
Building library for servant-auth-0.4.1.0...
[1 of 2] Compiling Servant.Auth

src/Servant/Auth.hs:16:22: warning: [GHC-39567] [-Wstar-is-type]
    Using ‘*’ (or its Unicode variant) to mean ‘Data.Kind.Type’
    relies on the StarIsType extension, which will become
    deprecated in the future.
    Suggested fix: Use ‘Type’ from ‘Data.Kind’ instead.
   |
16 | data Auth (auths :: [*]) val
   |                      ^

src/Servant/Auth.hs:19:48: warning: [GHC-39567] [-Wstar-is-type]
    Using ‘*’ (or its Unicode variant) to mean ‘Data.Kind.Type’
    relies on the StarIsType extension, which will become
    deprecated in the future.
    Suggested fix: Use ‘Type’ from ‘Data.Kind’ instead.
   |
19 | instance HasLink sub => HasLink (Auth (tag :: [*]) value :> sub) where
   |                                                ^

src/Servant/Auth.hs:21:30: warning: [GHC-39567] [-Wstar-is-type]
    Using ‘*’ (or its Unicode variant) to mean ‘Data.Kind.Type’
    relies on the StarIsType extension, which will become
    deprecated in the future.
    Suggested fix: Use ‘Type’ from ‘Data.Kind’ instead.
   |
21 |   type MkLink (Auth (tag :: [*]) value :> sub) a = MkLink sub a
   |                              ^
[2 of 2] Compiling Servant.Auth.JWT

src/Servant/Auth/JWT.hs:27:44: warning: [GHC-68441] [-Wdeprecations]
    In the use of ‘unregisteredClaims’ (imported from Crypto.JWT):
    Deprecated: "use a [subtype](#g:subtypes) to define additional claims"
   |
27 |   decodeJWT m = case KM.lookup "dat" (m ^. Jose.unregisteredClaims) of
   |                                            ^^^^^^^^^^^^^^^^^^^^^^^

src/Servant/Auth/JWT.hs:40:17: warning: [GHC-68441] [-Wdeprecations]
    In the use of ‘addClaim’ (imported from Crypto.JWT):
    Deprecated: "use a [subtype](#g:subtypes) to define additional claims"
   |
40 |   encodeJWT a = Jose.addClaim "dat" (toJSON a) Jose.emptyClaimsSet
   |                 ^^^^^^^^^^^^^
