Resolving dependencies...
Build profile: -w ghc-9.10.2 -O1
In order, the following will be built (use -v for more details):
 - numhask-0.13.1.0 (lib) (first run)
 - numhask-0.13.1.0 (test:doctests) (first run)
Configuring library for numhask-0.13.1.0...
Preprocessing library for numhask-0.13.1.0...
Building library for numhask-0.13.1.0...
[ 1 of 16] Compiling NumHask.Algebra.Additive
[ 2 of 16] Compiling NumHask.Algebra.Group
[ 3 of 16] Compiling NumHask.Algebra.Multiplicative
[ 4 of 16] Compiling NumHask.Algebra.Ring
[ 5 of 16] Compiling NumHask.Algebra.Action
[ 6 of 16] Compiling NumHask.Data.Integral
[ 7 of 16] Compiling NumHask.Algebra.Field
[ 8 of 16] Compiling NumHask.Algebra.Lattice
[ 9 of 16] Compiling NumHask.Algebra.Metric
[10 of 16] Compiling NumHask.Data.Complex
[11 of 16] Compiling NumHask.Data.Rational
[12 of 16] Compiling NumHask.Data.Wrapped
[13 of 16] Compiling NumHask.Data.Positive
[14 of 16] Compiling NumHask.Exception
[15 of 16] Compiling NumHask
[16 of 16] Compiling NumHask.Prelude
Configuring test suite 'doctests' for numhask-0.13.1.0...
Preprocessing test suite 'doctests' for numhask-0.13.1.0...
Building test suite 'doctests' for numhask-0.13.1.0...
[1 of 1] Compiling Main
[2 of 2] Linking dist-newstyle/build/x86_64-linux/ghc-9.10.2/numhask-0.13.1.0/t/doctests/build/doctests/doctests
