Resolving dependencies...
Build profile: -w ghc-9.10.2 -O1
In order, the following will be built (use -v for more details):
 - dunai-0.14.1 (lib) (first run)
 - dunai-0.14.1 (test:regression-tests) (first run)
Configuring library for dunai-0.14.1...
Preprocessing library for dunai-0.14.1...
Building library for dunai-0.14.1...
[ 1 of 22] Compiling Control.Arrow.Util
[ 2 of 22] Compiling Data.MonadicStreamFunction.InternalCore
[ 3 of 22] Compiling Data.MonadicStreamFunction.Core
[ 4 of 22] Compiling Data.MonadicStreamFunction.Instances.VectorSpace
[ 5 of 22] Compiling Data.MonadicStreamFunction.Instances.Num
[ 6 of 22] Compiling Data.MonadicStreamFunction.Instances.ArrowPlus
[ 7 of 22] Compiling Data.MonadicStreamFunction.Instances.ArrowLoop
[ 8 of 22] Compiling Data.MonadicStreamFunction.Instances.ArrowChoice
[ 9 of 22] Compiling Control.Monad.Trans.MSF.State
[10 of 22] Compiling Control.Monad.Trans.MSF.List
src/Control/Monad/Trans/MSF/List.hs:28:1: warning: [GHC-66111] [-Wunused-imports]
    The import of ‘Control.Monad’ is redundant
      except perhaps to import instances from ‘Control.Monad’
    To import instances alone, use: import Control.Monad()
   |
28 | import           Control.Monad    (sequence)
   | ^^^^^^^^^^^^^^^^^^^^^^^^^^^^^^^^^^^^^^^^^^^^

[11 of 22] Compiling Data.MonadicStreamFunction.Util
[12 of 22] Compiling Data.MonadicStreamFunction.Async
[13 of 22] Compiling Data.MonadicStreamFunction
[14 of 22] Compiling Data.MonadicStreamFunction.ReactHandle
[15 of 22] Compiling Data.MonadicStreamFunction.Parallel
[16 of 22] Compiling Control.Monad.Trans.MSF.Writer
[17 of 22] Compiling Control.Monad.Trans.MSF.Reader
[18 of 22] Compiling Control.Monad.Trans.MSF.Random
[19 of 22] Compiling Control.Monad.Trans.MSF.RWS
[20 of 22] Compiling Control.Monad.Trans.MSF.Except
[21 of 22] Compiling Control.Monad.Trans.MSF.Maybe
[22 of 22] Compiling Control.Monad.Trans.MSF
Configuring test suite 'regression-tests' for dunai-0.14.1...
Preprocessing test suite 'regression-tests' for dunai-0.14.1...
Building test suite 'regression-tests' for dunai-0.14.1...
[1 of 1] Compiling Main
[2 of 2] Linking dist-newstyle/build/x86_64-linux/ghc-9.10.2/dunai-0.14.1/t/regression-tests/build/regression-tests/regression-tests
