Resolving dependencies...
Build profile: -w ghc-9.10.2 -O1
In order, the following will be built (use -v for more details):
 - auto-update-0.2.6 (lib) (first run)
 - auto-update-0.2.6 (test:spec) (first run)
Configuring library for auto-update-0.2.6...
Preprocessing library for auto-update-0.2.6...
Building library for auto-update-0.2.6...
[1 of 9] Compiling Control.AutoUpdate.Types
[2 of 9] Compiling Control.AutoUpdate.Thread
[3 of 9] Compiling Control.AutoUpdate.Event
[4 of 9] Compiling Control.AutoUpdate.Internal
[5 of 9] Compiling Control.AutoUpdate
[6 of 9] Compiling Control.Debounce.Internal
[7 of 9] Compiling Control.Debounce
[8 of 9] Compiling Control.Reaper.Internal
[9 of 9] Compiling Control.Reaper
Configuring test suite 'spec' for auto-update-0.2.6...
Preprocessing test suite 'spec' for auto-update-0.2.6...
Building test suite 'spec' for auto-update-0.2.6...
[1 of 4] Compiling Control.AutoUpdateSpec
[2 of 4] Compiling Control.DebounceSpec
[3 of 4] Compiling Control.ReaperSpec
[4 of 4] Compiling Main
[5 of 5] Linking dist-newstyle/build/x86_64-linux/ghc-9.10.2/auto-update-0.2.6/t/spec/build/spec/spec
