Resolving dependencies...
Build profile: -w ghc-9.10.2 -O1
In order, the following will be built (use -v for more details):
 - gi-gtksource5-5.0.2 (lib:gi-gtksource5) (first run)
[1 of 2] Compiling Main             ( /tmp/workdir-gi-gtksource5/gi-gtksource5-5.0.2/dist-newstyle/build/x86_64-linux/ghc-9.10.2/gi-gtksource5-5.0.2/setup/setup.hs, /tmp/workdir-gi-gtksource5/gi-gtksource5-5.0.2/dist-newstyle/build/x86_64-linux/ghc-9.10.2/gi-gtksource5-5.0.2/setup/Main.o )
[2 of 2] Linking /tmp/workdir-gi-gtksource5/gi-gtksource5-5.0.2/dist-newstyle/build/x86_64-linux/ghc-9.10.2/gi-gtksource5-5.0.2/setup/setup
Configuring gi-gtksource5-5.0.2...
Preprocessing library for gi-gtksource5-5.0.2...
Building library for gi-gtksource5-5.0.2...
[  1 of 106] Compiling GI.GtkSource.Callbacks
[  2 of 106] Compiling GI.GtkSource.Config
[  3 of 106] Compiling GI.GtkSource.Constants
[  4 of 106] Compiling GI.GtkSource.Enums[boot]
[  5 of 106] Compiling GI.GtkSource.Enums
[  6 of 106] Compiling GI.GtkSource.Flags[boot]
[  7 of 106] Compiling GI.GtkSource.Flags
[  8 of 106] Compiling GI.GtkSource.Functions
[  9 of 106] Compiling GI.GtkSource.Interfaces.CompletionProposal[boot]
[ 10 of 106] Compiling GI.GtkSource.Interfaces.CompletionProposal
[ 11 of 106] Compiling GI.GtkSource.Objects.CompletionCell[boot]
[ 12 of 106] Compiling GI.GtkSource.Objects.CompletionCell
[ 13 of 106] Compiling GI.GtkSource.Objects.GutterLines[boot]
[ 14 of 106] Compiling GI.GtkSource.Objects.GutterLines
[ 15 of 106] Compiling GI.GtkSource.Objects.HoverDisplay[boot]
[ 16 of 106] Compiling GI.GtkSource.Objects.HoverDisplay
[ 17 of 106] Compiling GI.GtkSource.Objects.Language[boot]
[ 18 of 106] Compiling GI.GtkSource.Objects.Language
[ 19 of 106] Compiling GI.GtkSource.Objects.LanguageManager[boot]
[ 20 of 106] Compiling GI.GtkSource.Objects.LanguageManager
[ 21 of 106] Compiling GI.GtkSource.Objects.Mark[boot]
[ 22 of 106] Compiling GI.GtkSource.Objects.Mark
[ 23 of 106] Compiling GI.GtkSource.Objects.MarkAttributes[boot]
[ 24 of 106] Compiling GI.GtkSource.Objects.MarkAttributes
[ 25 of 106] Compiling GI.GtkSource.Objects.SearchSettings[boot]
[ 26 of 106] Compiling GI.GtkSource.Objects.SearchSettings
[ 27 of 106] Compiling GI.GtkSource.Objects.SnippetContext[boot]
[ 28 of 106] Compiling GI.GtkSource.Objects.SnippetContext
[ 29 of 106] Compiling GI.GtkSource.Objects.SnippetChunk[boot]
[ 30 of 106] Compiling GI.GtkSource.Objects.SnippetChunk
[ 31 of 106] Compiling GI.GtkSource.Objects.Snippet[boot]
[ 32 of 106] Compiling GI.GtkSource.Objects.Snippet
[ 33 of 106] Compiling GI.GtkSource.Objects.SnippetManager[boot]
[ 34 of 106] Compiling GI.GtkSource.Objects.SnippetManager
[ 35 of 106] Compiling GI.GtkSource.Objects.SpaceDrawer[boot]
[ 36 of 106] Compiling GI.GtkSource.Objects.SpaceDrawer
[ 37 of 106] Compiling GI.GtkSource.Objects.Style[boot]
[ 38 of 106] Compiling GI.GtkSource.Objects.Style
[ 39 of 106] Compiling GI.GtkSource.Objects.StyleScheme[boot]
[ 40 of 106] Compiling GI.GtkSource.Objects.StyleScheme
[ 41 of 106] Compiling GI.GtkSource.Objects.Buffer[boot]
[ 42 of 106] Compiling GI.GtkSource.Objects.Buffer
[ 43 of 106] Compiling GI.GtkSource.Objects.SearchContext[boot]
[ 44 of 106] Compiling GI.GtkSource.Objects.SearchContext
[ 45 of 106] Compiling GI.GtkSource.Interfaces.StyleSchemeChooser[boot]
[ 46 of 106] Compiling GI.GtkSource.Interfaces.StyleSchemeChooser
[ 47 of 106] Compiling GI.GtkSource.Objects.StyleSchemeChooserButton[boot]
[ 48 of 106] Compiling GI.GtkSource.Objects.StyleSchemeChooserButton
[ 49 of 106] Compiling GI.GtkSource.Objects.StyleSchemeChooserWidget[boot]
[ 50 of 106] Compiling GI.GtkSource.Objects.StyleSchemeChooserWidget
[ 51 of 106] Compiling GI.GtkSource.Objects.StyleSchemeManager[boot]
[ 52 of 106] Compiling GI.GtkSource.Objects.StyleSchemeManager
[ 53 of 106] Compiling GI.GtkSource.Objects.StyleSchemePreview[boot]
[ 54 of 106] Compiling GI.GtkSource.Objects.StyleSchemePreview
[ 55 of 106] Compiling GI.GtkSource.Objects.Tag[boot]
[ 56 of 106] Compiling GI.GtkSource.Objects.Tag
[ 57 of 106] Compiling GI.GtkSource.Interfaces.CompletionProvider[boot]
[ 58 of 106] Compiling GI.GtkSource.Interfaces.HoverProvider[boot]
[ 59 of 106] Compiling GI.GtkSource.Interfaces.Indenter[boot]
[ 60 of 106] Compiling GI.GtkSource.Objects.Completion[boot]
[ 61 of 106] Compiling GI.GtkSource.Objects.CompletionContext[boot]
[ 62 of 106] Compiling GI.GtkSource.Objects.Gutter[boot]
[ 63 of 106] Compiling GI.GtkSource.Objects.GutterRenderer[boot]
[ 64 of 106] Compiling GI.GtkSource.Objects.Hover[boot]
[ 65 of 106] Compiling GI.GtkSource.Objects.HoverContext[boot]
[ 66 of 106] Compiling GI.GtkSource.Objects.View[boot]
[ 67 of 106] Compiling GI.GtkSource.Objects.View
[ 68 of 106] Compiling GI.GtkSource.Objects.HoverContext
[ 69 of 106] Compiling GI.GtkSource.Objects.Hover
[ 70 of 106] Compiling GI.GtkSource.Objects.GutterRenderer
[ 71 of 106] Compiling GI.GtkSource.Objects.Gutter
[ 72 of 106] Compiling GI.GtkSource.Objects.CompletionContext
[ 73 of 106] Compiling GI.GtkSource.Objects.Completion
[ 74 of 106] Compiling GI.GtkSource.Interfaces.Indenter
[ 75 of 106] Compiling GI.GtkSource.Interfaces.HoverProvider
[ 76 of 106] Compiling GI.GtkSource.Interfaces.CompletionProvider
[ 77 of 106] Compiling GI.GtkSource.Objects.PrintCompositor[boot]
[ 78 of 106] Compiling GI.GtkSource.Objects.PrintCompositor
[ 79 of 106] Compiling GI.GtkSource.Objects.Map[boot]
[ 80 of 106] Compiling GI.GtkSource.Objects.Map
[ 81 of 106] Compiling GI.GtkSource.Objects.GutterRendererText[boot]
[ 82 of 106] Compiling GI.GtkSource.Objects.GutterRendererText
[ 83 of 106] Compiling GI.GtkSource.Objects.GutterRendererPixbuf[boot]
[ 84 of 106] Compiling GI.GtkSource.Objects.GutterRendererPixbuf
[ 85 of 106] Compiling GI.GtkSource.Objects.CompletionWords[boot]
[ 86 of 106] Compiling GI.GtkSource.Objects.CompletionWords
[ 87 of 106] Compiling GI.GtkSource.Objects.CompletionSnippets[boot]
[ 88 of 106] Compiling GI.GtkSource.Objects.CompletionSnippets
[ 89 of 106] Compiling GI.GtkSource.Interfaces
[ 90 of 106] Compiling GI.GtkSource.Objects.VimIMContext[boot]
[ 91 of 106] Compiling GI.GtkSource.Objects.VimIMContext
[ 92 of 106] Compiling GI.GtkSource.Structs.Encoding[boot]
[ 93 of 106] Compiling GI.GtkSource.Structs.Encoding
[ 94 of 106] Compiling GI.GtkSource.Objects.File[boot]
[ 95 of 106] Compiling GI.GtkSource.Objects.File
[ 96 of 106] Compiling GI.GtkSource.Objects.FileSaver[boot]
[ 97 of 106] Compiling GI.GtkSource.Objects.FileSaver
[ 98 of 106] Compiling GI.GtkSource.Objects.FileLoader[boot]
[ 99 of 106] Compiling GI.GtkSource.Objects.FileLoader
[100 of 106] Compiling GI.GtkSource.Structs.RegionIter[boot]
[101 of 106] Compiling GI.GtkSource.Structs.RegionIter
[102 of 106] Compiling GI.GtkSource.Structs
[103 of 106] Compiling GI.GtkSource.Objects.Region[boot]
[104 of 106] Compiling GI.GtkSource.Objects.Region
[105 of 106] Compiling GI.GtkSource.Objects
[106 of 106] Compiling GI.GtkSource
