Resolving dependencies...
Build profile: -w ghc-9.10.2 -O1
In order, the following will be built (use -v for more details):
 - inf-backprop-0.1.1.0 (lib) (first run)
 - inf-backprop-0.1.1.0 (test:doctests) (first run)
Configuring library for inf-backprop-0.1.1.0...
Preprocessing library for inf-backprop-0.1.1.0...
Building library for inf-backprop-0.1.1.0...
[ 1 of 10] Compiling Control.CatBifunctor
[ 2 of 10] Compiling IsomorphismClass.Extra
[ 3 of 10] Compiling IsomorphismClass.Isomorphism
[ 4 of 10] Compiling NumHask.Extra
[ 5 of 10] Compiling InfBackprop.Common
[ 6 of 10] Compiling Paths_inf_backprop
[ 7 of 10] Compiling Prelude.InfBackprop
[ 8 of 10] Compiling Debug.LoggingBackprop
[ 9 of 10] Compiling InfBackprop
[10 of 10] Compiling InfBackprop.Tutorial
Configuring test suite 'doctests' for inf-backprop-0.1.1.0...
Preprocessing test suite 'doctests' for inf-backprop-0.1.1.0...
Building test suite 'doctests' for inf-backprop-0.1.1.0...
[1 of 2] Compiling Main
[2 of 2] Compiling Paths_inf_backprop
[3 of 3] Linking dist-newstyle/build/x86_64-linux/ghc-9.10.2/inf-backprop-0.1.1.0/t/doctests/build/doctests/doctests
