Resolving dependencies...
Build profile: -w ghc-9.10.2 -O1
In order, the following will be built (use -v for more details):
 - pred-set-0.0.1 (lib) (first run)
Configuring library for pred-set-0.0.1...
Preprocessing library for pred-set-0.0.1...
Building library for pred-set-0.0.1...
[1 of 1] Compiling Data.PredSet.Mutable
src/Data/PredSet/Mutable.hs:23:5: warning: [GHC-40910] [-Wunused-top-binds]
    Defined but not used: record field of CachedPred ‘cachedPredPred’
   |
23 |   { cachedPredPred  :: !(k -> Maybe a)
   |     ^^^^^^^^^^^^^^

src/Data/PredSet/Mutable.hs:24:5: warning: [GHC-40910] [-Wunused-top-binds]
    Defined but not used: record field of CachedPred ‘cachedPredCache’
   |
24 |   , cachedPredCache :: {-# UNPACK #-} !(HashTable s k a)
   |     ^^^^^^^^^^^^^^^

src/Data/PredSet/Mutable.hs:42:5: warning: [GHC-40910] [-Wunused-top-binds]
    Defined but not used: record field of PredSet ‘getPredSet’
   |
42 |   { getPredSet :: HSet s
   |     ^^^^^^^^^^

src/Data/PredSet/Mutable.hs:46:5: warning: [GHC-40910] [-Wunused-top-binds]
    Defined but not used: record field of PredKey ‘getPredKey’
   |
46 |   { getPredKey :: HKey (CachedPred s k a)
   |     ^^^^^^^^^^

