Resolving dependencies...
Build profile: -w ghc-9.10.2 -O1
In order, the following will be built (use -v for more details):
 - mmsyn7ukr-array-0.3.0.0 (lib) (first run)
Configuring library for mmsyn7ukr-array-0.3.0.0...
Preprocessing library for mmsyn7ukr-array-0.3.0.0...
Building library for mmsyn7ukr-array-0.3.0.0...
[1 of 4] Compiling Paths_mmsyn7ukr_array
[2 of 4] Compiling SoXBasics.Arr
SoXBasics/Arr.hs:78:19: warning: [GHC-63394] [-Wx-partial]
    In the use of ‘head’
    (imported from Prelude, but defined in GHC.Internal.List):
    "This is a partial function, it throws an error on empty lists. Use pattern matching, 'Data.List.uncons' or 'Data.Maybe.listToMaybe' instead. Consider refactoring to use "Data.List.NonEmpty"."
   |
78 |                 | head xs == '-' && head ys == '-' = if compare xs ys /= LT then (xs, False) else (ys, False)
   |                   ^^^^

SoXBasics/Arr.hs:78:37: warning: [GHC-63394] [-Wx-partial]
    In the use of ‘head’
    (imported from Prelude, but defined in GHC.Internal.List):
    "This is a partial function, it throws an error on empty lists. Use pattern matching, 'Data.List.uncons' or 'Data.Maybe.listToMaybe' instead. Consider refactoring to use "Data.List.NonEmpty"."
   |
78 |                 | head xs == '-' && head ys == '-' = if compare xs ys /= LT then (xs, False) else (ys, False)
   |                                     ^^^^

SoXBasics/Arr.hs:79:19: warning: [GHC-63394] [-Wx-partial]
    In the use of ‘head’
    (imported from Prelude, but defined in GHC.Internal.List):
    "This is a partial function, it throws an error on empty lists. Use pattern matching, 'Data.List.uncons' or 'Data.Maybe.listToMaybe' instead. Consider refactoring to use "Data.List.NonEmpty"."
   |
79 |                 | head xs /= '-' && head ys /= '-' = if compare xs ys == GT then (xs, True) else (ys, True)
   |                   ^^^^

SoXBasics/Arr.hs:79:37: warning: [GHC-63394] [-Wx-partial]
    In the use of ‘head’
    (imported from Prelude, but defined in GHC.Internal.List):
    "This is a partial function, it throws an error on empty lists. Use pattern matching, 'Data.List.uncons' or 'Data.Maybe.listToMaybe' instead. Consider refactoring to use "Data.List.NonEmpty"."
   |
79 |                 | head xs /= '-' && head ys /= '-' = if compare xs ys == GT then (xs, True) else (ys, True)
   |                                     ^^^^

SoXBasics/Arr.hs:80:19: warning: [GHC-63394] [-Wx-partial]
    In the use of ‘head’
    (imported from Prelude, but defined in GHC.Internal.List):
    "This is a partial function, it throws an error on empty lists. Use pattern matching, 'Data.List.uncons' or 'Data.Maybe.listToMaybe' instead. Consider refactoring to use "Data.List.NonEmpty"."
   |
80 |                 | head xs == '-' && head ys /= '-' = if compare (tail xs) ys /= LT then (xs, False) else (ys, True)
   |                   ^^^^

SoXBasics/Arr.hs:80:37: warning: [GHC-63394] [-Wx-partial]
    In the use of ‘head’
    (imported from Prelude, but defined in GHC.Internal.List):
    "This is a partial function, it throws an error on empty lists. Use pattern matching, 'Data.List.uncons' or 'Data.Maybe.listToMaybe' instead. Consider refactoring to use "Data.List.NonEmpty"."
   |
80 |                 | head xs == '-' && head ys /= '-' = if compare (tail xs) ys /= LT then (xs, False) else (ys, True)
   |                                     ^^^^

SoXBasics/Arr.hs:80:66: warning: [GHC-63394] [-Wx-partial]
    In the use of ‘tail’
    (imported from Prelude, but defined in GHC.Internal.List):
    "This is a partial function, it throws an error on empty lists. Replace it with 'drop' 1, or use pattern matching or 'GHC.Internal.Data.List.uncons' instead. Consider refactoring to use "Data.List.NonEmpty"."
   |
80 |                 | head xs == '-' && head ys /= '-' = if compare (tail xs) ys /= LT then (xs, False) else (ys, True)
   |                                                                  ^^^^

SoXBasics/Arr.hs:81:46: warning: [GHC-63394] [-Wx-partial]
    In the use of ‘tail’
    (imported from Prelude, but defined in GHC.Internal.List):
    "This is a partial function, it throws an error on empty lists. Replace it with 'drop' 1, or use pattern matching or 'GHC.Internal.Data.List.uncons' instead. Consider refactoring to use "Data.List.NonEmpty"."
   |
81 |                 | otherwise = if compare xs (tail ys) == GT then (xs, True) else (ys, False)
   |                                              ^^^^

SoXBasics/Arr.hs:88:73: warning: [GHC-63394] [-Wx-partial]
    In the use of ‘head’
    (imported from Prelude, but defined in GHC.Internal.List):
    "This is a partial function, it throws an error on empty lists. Use pattern matching, 'Data.List.uncons' or 'Data.Maybe.listToMaybe' instead. Consider refactoring to use "Data.List.NonEmpty"."
   |
88 |     let zs = lines herr in return (let u = (words $ zs !! 3) !! 2 in if head u == '-' then take 9 u else take 8 u)
   |                                                                         ^^^^

SoXBasics/Arr.hs:98:74: warning: [GHC-63394] [-Wx-partial]
    In the use of ‘head’
    (imported from Prelude, but defined in GHC.Internal.List):
    "This is a partial function, it throws an error on empty lists. Use pattern matching, 'Data.List.uncons' or 'Data.Maybe.listToMaybe' instead. Consider refactoring to use "Data.List.NonEmpty"."
   |
98 |     let zs = lines herr1 in return (let u = (words $ zs !! 4) !! 2 in if head u == '-' then take 9 u else take 8 u)
   |                                                                          ^^^^

SoXBasics/Arr.hs:663:86: warning: [GHC-63394] [-Wx-partial]
    In the use of ‘tail’
    (imported from Prelude, but defined in GHC.Internal.List):
    "This is a partial function, it throws an error on empty lists. Replace it with 'drop' 1, or use pattern matching or 'GHC.Internal.Data.List.uncons' instead. Consider refactoring to use "Data.List.NonEmpty"."
    |
663 |     (code, _, _) <- readProcessWithExitCode (fromJust (showE "sox")) [fileA, "8." ++ tail fileA, "vol", showFFloat Nothing ampl $ show 0, "amplitude"] ""
    |                                                                                      ^^^^

SoXBasics/Arr.hs:666:39: warning: [GHC-63394] [-Wx-partial]
    In the use of ‘tail’
    (imported from Prelude, but defined in GHC.Internal.List):
    "This is a partial function, it throws an error on empty lists. Replace it with 'drop' 1, or use pattern matching or 'GHC.Internal.Data.List.uncons' instead. Consider refactoring to use "Data.List.NonEmpty"."
    |
666 |         e1 <- doesFileExist $ "8." ++ tail fileA
    |                                       ^^^^

SoXBasics/Arr.hs:669:34: warning: [GHC-63394] [-Wx-partial]
    In the use of ‘tail’
    (imported from Prelude, but defined in GHC.Internal.List):
    "This is a partial function, it throws an error on empty lists. Replace it with 'drop' 1, or use pattern matching or 'GHC.Internal.Data.List.uncons' instead. Consider refactoring to use "Data.List.NonEmpty"."
    |
669 |             removeFile $ "8." ++ tail fileA
    |                                  ^^^^

SoXBasics/Arr.hs:673:43: warning: [GHC-63394] [-Wx-partial]
    In the use of ‘tail’
    (imported from Prelude, but defined in GHC.Internal.List):
    "This is a partial function, it throws an error on empty lists. Replace it with 'drop' 1, or use pattern matching or 'GHC.Internal.Data.List.uncons' instead. Consider refactoring to use "Data.List.NonEmpty"."
    |
673 |         file8e <- doesFileExist $ "8." ++ tail fileA
    |                                           ^^^^

SoXBasics/Arr.hs:711:84: warning: [GHC-63394] [-Wx-partial]
    In the use of ‘head’
    (imported from Prelude, but defined in GHC.Internal.List):
    "This is a partial function, it throws an error on empty lists. Use pattern matching, 'Data.List.uncons' or 'Data.Maybe.listToMaybe' instead. Consider refactoring to use "Data.List.NonEmpty"."
    |
711 |           let lns = map (last . words) . drop 3 . take 5 . lines $ herr in return (head lns, last lns)
    |                                                                                    ^^^^

[3 of 4] Compiling Processing_mmsyn7ukr_array
Processing_mmsyn7ukr_array.hs:230:36: warning: [GHC-63394] [-Wx-partial]
    In the use of ‘head’
    (imported from Prelude, but defined in GHC.Internal.List):
    "This is a partial function, it throws an error on empty lists. Use pattern matching, 'Data.List.uncons' or 'Data.Maybe.listToMaybe' instead. Consider refactoring to use "Data.List.NonEmpty"."
    |
230 |   mapM_ removeFile . filter (\x -> head x `elem` (['2'..'9'] ++ "_" ++ "x")) $ filenames
    |                                    ^^^^

Processing_mmsyn7ukr_array.hs:236:36: warning: [GHC-63394] [-Wx-partial]
    In the use of ‘head’
    (imported from Prelude, but defined in GHC.Internal.List):
    "This is a partial function, it throws an error on empty lists. Use pattern matching, 'Data.List.uncons' or 'Data.Maybe.listToMaybe' instead. Consider refactoring to use "Data.List.NonEmpty"."
    |
236 |   mapM_ removeFile . filter (\x -> head x == 'n') $ filenames
    |                                    ^^^^

[4 of 4] Compiling SoXBasics1.Arr
