Resolving dependencies...
Build profile: -w ghc-9.10.2 -O1
In order, the following will be built (use -v for more details):
 - lexer-applicative-2.1.0.2 (lib) (first run)
 - lexer-applicative-2.1.0.2 (test:test) (first run)
Configuring library for lexer-applicative-2.1.0.2...
Warning: [git-protocol] Cloning over git:// might lead to an arbitrary code
execution vulnerability. Furthermore, popular forges like GitHub do not
support it. Use https:// or ssh:// instead.
Preprocessing library for lexer-applicative-2.1.0.2...
Building library for lexer-applicative-2.1.0.2...
[1 of 1] Compiling Language.Lexer.Applicative
src/Language/Lexer/Applicative.hs:27:1: warning: [GHC-66111] [-Wunused-imports]
    The import of ‘Data.Semigroup’ is redundant
      except perhaps to import instances from ‘Data.Semigroup’
    To import instances alone, use: import Data.Semigroup()
   |
27 | import Data.Semigroup (Semigroup(..))
   | ^^^^^^^^^^^^^^^^^^^^^^^^^^^^^^^^^^^^^

Configuring test suite 'test' for lexer-applicative-2.1.0.2...
Warning: [git-protocol] Cloning over git:// might lead to an arbitrary code
execution vulnerability. Furthermore, popular forges like GitHub do not
support it. Use https:// or ssh:// instead.
Preprocessing test suite 'test' for lexer-applicative-2.1.0.2...
Building test suite 'test' for lexer-applicative-2.1.0.2...
[1 of 1] Compiling Main
[2 of 2] Linking dist-newstyle/build/x86_64-linux/ghc-9.10.2/lexer-applicative-2.1.0.2/t/test/build/test/test
