Resolving dependencies...
Build profile: -w ghc-9.10.2 -O1
In order, the following will be built (use -v for more details):
 - gitlab-haskell-1.1.0.0 (lib) (first run)
 - gitlab-haskell-1.1.0.0 (test:test-gitlab-haskell) (first run)
Configuring library for gitlab-haskell-1.1.0.0...
Preprocessing library for gitlab-haskell-1.1.0.0...
Building library for gitlab-haskell-1.1.0.0...
[ 1 of 24] Compiling GitLab.Types
[ 2 of 24] Compiling GitLab.SystemHooks.Types
[ 3 of 24] Compiling GitLab.SystemHooks.GitLabSystemHooks
[ 4 of 24] Compiling GitLab.WebRequests.GitLabWebCalls
[ 5 of 24] Compiling GitLab.API.Version
[ 6 of 24] Compiling GitLab.API.Users
[ 7 of 24] Compiling GitLab.API.Todos
[ 8 of 24] Compiling GitLab.API.Tags
[ 9 of 24] Compiling GitLab.API.RepositoryFiles
[10 of 24] Compiling GitLab.API.Repositories
[11 of 24] Compiling GitLab.API.Pipelines
[12 of 24] Compiling GitLab.API.Notes
[13 of 24] Compiling GitLab.API.MergeRequests
[14 of 24] Compiling GitLab.API.Members
[15 of 24] Compiling GitLab.API.Jobs
[16 of 24] Compiling GitLab.API.Issues
[17 of 24] Compiling GitLab.API.Groups
[18 of 24] Compiling GitLab.API.Discussions
[19 of 24] Compiling GitLab.API.Commits
[20 of 24] Compiling GitLab.API.Projects
[21 of 24] Compiling GitLab.SystemHooks.Rules
[22 of 24] Compiling GitLab.API.Branches
[23 of 24] Compiling GitLab.API.Boards
[24 of 24] Compiling GitLab
Configuring test suite 'test-gitlab-haskell' for gitlab-haskell-1.1.0.0...
Preprocessing test suite 'test-gitlab-haskell' for gitlab-haskell-1.1.0.0...
Building test suite 'test-gitlab-haskell' for gitlab-haskell-1.1.0.0...
[ 1 of 22] Compiling API.Common
tests/API/Common.hs:97:1: warning: [GHC-15328] [-Wdeprecations]
    Module ‘Text.PrettyPrint.ANSI.Leijen’ is deprecated:
      "Compatibility module for users of ansi-wl-pprint - use \"Prettyprinter\" instead"
   |
97 | import qualified Text.PrettyPrint.ANSI.Leijen as WL
   | ^^^^^^^^^^^^^^^^^^^^^^^^^^^^^^^^^^^^^^^^^^^^^^^^^^^

tests/API/Common.hs:128:7: warning: [GHC-62161] [-Wincomplete-uni-patterns]
    Pattern match(es) are non-exhaustive
    In a pattern binding:
        Patterns of type ‘Maybe Value’ not matched: Nothing
    |
128 |   let (Just jsonFromCustomType) = decode (encode decodedCustomType) :: Maybe Value
    |       ^^^^^^^^^^^^^^^^^^^^^^^^^^^^^^^^^^^^^^^^^^^^^^^^^^^^^^^^^^^^^^^^^^^^^^^^^^^^

tests/API/Common.hs:143:11: warning: [GHC-68441] [-Wdeprecations]
    In the use of type constructor or class ‘Doc’
    (imported from Text.PrettyPrint.ANSI.Leijen):
    Deprecated: "Compatibility module for users of ansi-wl-pprint - use "Prettyprinter" instead"
    |
143 | showWL :: WL.Doc -> String
    |           ^^^^^^

tests/API/Common.hs:144:14: warning: [GHC-68441] [-Wdeprecations]
    In the use of ‘displayS’
    (imported from Text.PrettyPrint.ANSI.Leijen):
    Deprecated: "Compatibility module for users of ansi-wl-pprint - use "Prettyprinter" instead"
    |
144 | showWL doc = WL.displayS (WL.renderSmart 0.4 80 doc) ""
    |              ^^^^^^^^^^^

tests/API/Common.hs:144:27: warning: [GHC-68441] [-Wdeprecations]
    In the use of ‘renderSmart’
    (imported from Text.PrettyPrint.ANSI.Leijen):
    Deprecated: "Compatibility module for users of ansi-wl-pprint - use "Prettyprinter" instead"
    |
144 | showWL doc = WL.displayS (WL.renderSmart 0.4 80 doc) ""
    |                           ^^^^^^^^^^^^^^

[ 2 of 22] Compiling API.CommitsTests
[ 3 of 22] Compiling API.BranchesTests
[ 4 of 22] Compiling API.BoardsTests
[ 5 of 22] Compiling API.DiscussionsTests
[ 6 of 22] Compiling API.EventsTests
[ 7 of 22] Compiling API.GroupsTests
[ 8 of 22] Compiling API.IssuesTests
[ 9 of 22] Compiling API.JobsTests
[10 of 22] Compiling API.MembersTests
[11 of 22] Compiling API.MergeRequestsTests
[12 of 22] Compiling API.NotesTests
[13 of 22] Compiling API.PipelinesTests
[14 of 22] Compiling API.ProjectsTests
[15 of 22] Compiling API.RepositoriesTests
[16 of 22] Compiling API.RepositoryFilesTests
[17 of 22] Compiling API.TagsTests
[18 of 22] Compiling API.TodosTests
[19 of 22] Compiling API.UsersTests
[20 of 22] Compiling API.VersionTests
[21 of 22] Compiling SystemHookTests
[22 of 22] Compiling Main
[23 of 23] Linking /tmp/workdir-gitlab-haskell/gitlab-haskell-1.1.0.0/dist-newstyle/build/x86_64-linux/ghc-9.10.2/gitlab-haskell-1.1.0.0/t/test-gitlab-haskell/build/test-gitlab-haskell/test-gitlab-haskell
