Resolving dependencies...
Build profile: -w ghc-9.10.2 -O1
In order, the following will be built (use -v for more details):
 - autodocodec-0.5.0.0 (lib) (first run)
 - autodocodec-0.5.0.0 (test:autodocodec-doctest) (first run)
Configuring library for autodocodec-0.5.0.0...
Preprocessing library for autodocodec-0.5.0.0...
Building library for autodocodec-0.5.0.0...
[1 of 9] Compiling Autodocodec.Aeson.Compat
[2 of 9] Compiling Autodocodec.Codec
[3 of 9] Compiling Autodocodec.Class
[4 of 9] Compiling Autodocodec.Aeson.Encode
[5 of 9] Compiling Autodocodec.Aeson.Decode
[6 of 9] Compiling Autodocodec.DerivingVia
[7 of 9] Compiling Autodocodec.Aeson
[8 of 9] Compiling Autodocodec
[9 of 9] Compiling Paths_autodocodec
Configuring test suite 'autodocodec-doctest' for autodocodec-0.5.0.0...
Preprocessing test suite 'autodocodec-doctest' for autodocodec-0.5.0.0...
Building test suite 'autodocodec-doctest' for autodocodec-0.5.0.0...
[1 of 2] Compiling DocTest
[2 of 2] Compiling Paths_autodocodec
[3 of 3] Linking dist-newstyle/build/x86_64-linux/ghc-9.10.2/autodocodec-0.5.0.0/t/autodocodec-doctest/build/autodocodec-doctest/autodocodec-doctest
