Resolving dependencies...
Build profile: -w ghc-9.10.2 -O1
In order, the following will be built (use -v for more details):
 - gogol-classroom-1.0.0 (lib) (first run)
Configuring library for gogol-classroom-1.0.0...
Preprocessing library for gogol-classroom-1.0.0...
Building library for gogol-classroom-1.0.0...
[ 1 of 99] Compiling Gogol.Classroom.Internal.Sum
[ 2 of 99] Compiling Gogol.Classroom.Internal.Product
[ 3 of 99] Compiling Gogol.Classroom.Types
[ 4 of 99] Compiling Gogol.Classroom.Registrations.Delete
[ 5 of 99] Compiling Gogol.Classroom.Registrations.Create
[ 6 of 99] Compiling Gogol.Classroom.Invitations.List
[ 7 of 99] Compiling Gogol.Classroom.Invitations.Get
[ 8 of 99] Compiling Gogol.Classroom.Invitations.Delete
[ 9 of 99] Compiling Gogol.Classroom.Invitations.Create
[10 of 99] Compiling Gogol.Classroom.Invitations.Accept
[11 of 99] Compiling Gogol.Classroom.Courses.Update
[12 of 99] Compiling Gogol.Classroom.Courses.Topics.Patch
[13 of 99] Compiling Gogol.Classroom.Courses.Topics.List
[14 of 99] Compiling Gogol.Classroom.Courses.Topics.Get
[15 of 99] Compiling Gogol.Classroom.Courses.Topics.Delete
[16 of 99] Compiling Gogol.Classroom.Courses.Topics.Create
[17 of 99] Compiling Gogol.Classroom.Courses.Teachers.List
[18 of 99] Compiling Gogol.Classroom.Courses.Teachers.Get
[19 of 99] Compiling Gogol.Classroom.Courses.Teachers.Delete
[20 of 99] Compiling Gogol.Classroom.Courses.Teachers.Create
[21 of 99] Compiling Gogol.Classroom.Courses.Students.List
[22 of 99] Compiling Gogol.Classroom.Courses.Students.Get
[23 of 99] Compiling Gogol.Classroom.Courses.Students.Delete
[24 of 99] Compiling Gogol.Classroom.Courses.Students.Create
[25 of 99] Compiling Gogol.Classroom.Courses.Posts.GetAddOnContext
[26 of 99] Compiling Gogol.Classroom.Courses.Posts.AddOnAttachments.StudentSubmissions.Patch
[27 of 99] Compiling Gogol.Classroom.Courses.Posts.AddOnAttachments.StudentSubmissions.Get
[28 of 99] Compiling Gogol.Classroom.Courses.Posts.AddOnAttachments.Patch
[29 of 99] Compiling Gogol.Classroom.Courses.Posts.AddOnAttachments.List
[30 of 99] Compiling Gogol.Classroom.Courses.Posts.AddOnAttachments.Get
[31 of 99] Compiling Gogol.Classroom.Courses.Posts.AddOnAttachments.Delete
[32 of 99] Compiling Gogol.Classroom.Courses.Posts.AddOnAttachments.Create
[33 of 99] Compiling Gogol.Classroom.Courses.Patch
[34 of 99] Compiling Gogol.Classroom.Courses.List
[35 of 99] Compiling Gogol.Classroom.Courses.Get
[36 of 99] Compiling Gogol.Classroom.Courses.Delete
[37 of 99] Compiling Gogol.Classroom.Courses.Create
[38 of 99] Compiling Gogol.Classroom.Courses.CourseWorkMaterials.Patch
[39 of 99] Compiling Gogol.Classroom.Courses.CourseWorkMaterials.List
[40 of 99] Compiling Gogol.Classroom.Courses.CourseWorkMaterials.GetAddOnContext
[41 of 99] Compiling Gogol.Classroom.Courses.CourseWorkMaterials.Get
[42 of 99] Compiling Gogol.Classroom.Courses.CourseWorkMaterials.Delete
[43 of 99] Compiling Gogol.Classroom.Courses.CourseWorkMaterials.Create
[44 of 99] Compiling Gogol.Classroom.Courses.CourseWorkMaterials.AddOnAttachments.Patch
[45 of 99] Compiling Gogol.Classroom.Courses.CourseWorkMaterials.AddOnAttachments.List
[46 of 99] Compiling Gogol.Classroom.Courses.CourseWorkMaterials.AddOnAttachments.Get
[47 of 99] Compiling Gogol.Classroom.Courses.CourseWorkMaterials.AddOnAttachments.Delete
[48 of 99] Compiling Gogol.Classroom.Courses.CourseWorkMaterials.AddOnAttachments.Create
[49 of 99] Compiling Gogol.Classroom.Courses.CourseWork.UpdateRubric
[50 of 99] Compiling Gogol.Classroom.Courses.CourseWork.StudentSubmissions.TurnIn
[51 of 99] Compiling Gogol.Classroom.Courses.CourseWork.StudentSubmissions.Return
[52 of 99] Compiling Gogol.Classroom.Courses.CourseWork.StudentSubmissions.Reclaim
[53 of 99] Compiling Gogol.Classroom.Courses.CourseWork.StudentSubmissions.Patch
[54 of 99] Compiling Gogol.Classroom.Courses.CourseWork.StudentSubmissions.ModifyAttachments
[55 of 99] Compiling Gogol.Classroom.Courses.CourseWork.StudentSubmissions.List
[56 of 99] Compiling Gogol.Classroom.Courses.CourseWork.StudentSubmissions.Get
[57 of 99] Compiling Gogol.Classroom.Courses.CourseWork.Rubrics.Patch
[58 of 99] Compiling Gogol.Classroom.Courses.CourseWork.Rubrics.List
[59 of 99] Compiling Gogol.Classroom.Courses.CourseWork.Rubrics.Get
[60 of 99] Compiling Gogol.Classroom.Courses.CourseWork.Rubrics.Delete
[61 of 99] Compiling Gogol.Classroom.Courses.CourseWork.Rubrics.Create
[62 of 99] Compiling Gogol.Classroom.Courses.CourseWork.Patch
[63 of 99] Compiling Gogol.Classroom.Courses.CourseWork.ModifyAssignees
[64 of 99] Compiling Gogol.Classroom.Courses.CourseWork.List
[65 of 99] Compiling Gogol.Classroom.Courses.CourseWork.GetAddOnContext
[66 of 99] Compiling Gogol.Classroom.Courses.CourseWork.Get
[67 of 99] Compiling Gogol.Classroom.Courses.CourseWork.Delete
[68 of 99] Compiling Gogol.Classroom.Courses.CourseWork.Create
[69 of 99] Compiling Gogol.Classroom.Courses.CourseWork.AddOnAttachments.StudentSubmissions.Patch
[70 of 99] Compiling Gogol.Classroom.Courses.CourseWork.AddOnAttachments.StudentSubmissions.Get
[71 of 99] Compiling Gogol.Classroom.Courses.CourseWork.AddOnAttachments.Patch
[72 of 99] Compiling Gogol.Classroom.Courses.CourseWork.AddOnAttachments.List
[73 of 99] Compiling Gogol.Classroom.Courses.CourseWork.AddOnAttachments.Get
[74 of 99] Compiling Gogol.Classroom.Courses.CourseWork.AddOnAttachments.Delete
[75 of 99] Compiling Gogol.Classroom.Courses.CourseWork.AddOnAttachments.Create
[76 of 99] Compiling Gogol.Classroom.Courses.Announcements.Patch
[77 of 99] Compiling Gogol.Classroom.Courses.Announcements.ModifyAssignees
[78 of 99] Compiling Gogol.Classroom.Courses.Announcements.List
[79 of 99] Compiling Gogol.Classroom.Courses.Announcements.GetAddOnContext
[80 of 99] Compiling Gogol.Classroom.Courses.Announcements.Get
[81 of 99] Compiling Gogol.Classroom.Courses.Announcements.Delete
[82 of 99] Compiling Gogol.Classroom.Courses.Announcements.Create
[83 of 99] Compiling Gogol.Classroom.Courses.Announcements.AddOnAttachments.Patch
[84 of 99] Compiling Gogol.Classroom.Courses.Announcements.AddOnAttachments.List
[85 of 99] Compiling Gogol.Classroom.Courses.Announcements.AddOnAttachments.Get
[86 of 99] Compiling Gogol.Classroom.Courses.Announcements.AddOnAttachments.Delete
[87 of 99] Compiling Gogol.Classroom.Courses.Announcements.AddOnAttachments.Create
[88 of 99] Compiling Gogol.Classroom.Courses.Aliases.List
[89 of 99] Compiling Gogol.Classroom.Courses.Aliases.Delete
[90 of 99] Compiling Gogol.Classroom.Courses.Aliases.Create
[91 of 99] Compiling Gogol.Classroom.UserProfiles.Get
[92 of 99] Compiling Gogol.Classroom.UserProfiles.GuardianInvitations.Create
[93 of 99] Compiling Gogol.Classroom.UserProfiles.GuardianInvitations.Get
[94 of 99] Compiling Gogol.Classroom.UserProfiles.GuardianInvitations.List
[95 of 99] Compiling Gogol.Classroom.UserProfiles.GuardianInvitations.Patch
[96 of 99] Compiling Gogol.Classroom.UserProfiles.Guardians.Delete
[97 of 99] Compiling Gogol.Classroom.UserProfiles.Guardians.Get
[98 of 99] Compiling Gogol.Classroom.UserProfiles.Guardians.List
[99 of 99] Compiling Gogol.Classroom
