Resolving dependencies...
Build profile: -w ghc-9.10.2 -O1
In order, the following will be built (use -v for more details):
 - edit-distance-vector-1.0.0.4 (lib) (first run)
 - edit-distance-vector-1.0.0.4 (test:properties) (first run)
Configuring library for edit-distance-vector-1.0.0.4...
Preprocessing library for edit-distance-vector-1.0.0.4...
Building library for edit-distance-vector-1.0.0.4...
[1 of 1] Compiling Data.Vector.Distance
Configuring test suite 'properties' for edit-distance-vector-1.0.0.4...
Preprocessing test suite 'properties' for edit-distance-vector-1.0.0.4...
Building test suite 'properties' for edit-distance-vector-1.0.0.4...
[1 of 1] Compiling Main
test/properties.hs:30:19: warning: [GHC-63394] [-Wx-partial]
    In the use of ‘tail’
    (imported from Prelude, but defined in GHC.Internal.List):
    "This is a partial function, it throws an error on empty lists. Replace it with 'drop' 1, or use pattern matching or 'GHC.Internal.Data.List.uncons' instead. Consider refactoring to use "Data.List.NonEmpty"."
   |
30 |         l' = h <> tail t
   |                   ^^^^

test/properties.hs:38:27: warning: [GHC-63394] [-Wx-partial]
    In the use of ‘tail’
    (imported from Prelude, but defined in GHC.Internal.List):
    "This is a partial function, it throws an error on empty lists. Replace it with 'drop' 1, or use pattern matching or 'GHC.Internal.Data.List.uncons' instead. Consider refactoring to use "Data.List.NonEmpty"."
   |
38 |         l' = h <> [a'] <> tail t
   |                           ^^^^

[2 of 2] Linking /tmp/workdir-edit-distance-vector/edit-distance-vector-1.0.0.4/dist-newstyle/build/x86_64-linux/ghc-9.10.2/edit-distance-vector-1.0.0.4/t/properties/build/properties/properties
