Resolving dependencies...
Build profile: -w ghc-9.10.2 -O1
In order, the following will be built (use -v for more details):
 - vty-unix-0.2.0.0 (lib) (first run)
 - vty-unix-0.2.0.0 (exe:vty-unix-build-width-table) (first run)
Configuring library for vty-unix-0.2.0.0...
Preprocessing library for vty-unix-0.2.0.0...
Building library for vty-unix-0.2.0.0...
[ 1 of 18] Compiling Data.Terminfo.Parse
[ 2 of 18] Compiling Data.Terminfo.Eval
[ 3 of 18] Compiling Graphics.Vty.Platform.Unix.Input.Classify.Types
[ 4 of 18] Compiling Graphics.Vty.Platform.Unix.Input.Classify.Parse
[ 5 of 18] Compiling Graphics.Vty.Platform.Unix.Input.Focus
[ 6 of 18] Compiling Graphics.Vty.Platform.Unix.Input.Mouse
[ 7 of 18] Compiling Graphics.Vty.Platform.Unix.Input.Paste
[ 8 of 18] Compiling Graphics.Vty.Platform.Unix.Input.Classify
src/Graphics/Vty/Platform/Unix/Input/Classify.hs:51:78: warning: [GHC-63394] [-Wx-partial]
    In the use of ‘tail’
    (imported from Prelude, but defined in GHC.Internal.List):
    "This is a partial function, it throws an error on empty lists. Replace it with 'drop' 1, or use pattern matching or 'GHC.Internal.Data.List.uncons' instead. Consider refactoring to use "Data.List.NonEmpty"."
   |
51 |                     let inputPrefixes = reverse . take maxValidInputLength . tail . BS8.inits $ inputBlock
   |                                                                              ^^^^

[ 9 of 18] Compiling Graphics.Vty.Platform.Unix.Input.Terminfo.ANSIVT
src/Graphics/Vty/Platform/Unix/Input/Terminfo/ANSIVT.hs:66:62: warning: [GHC-63394] [-Wx-partial]
    In the use of ‘head’
    (imported from Prelude, but defined in GHC.Internal.List):
    "This is a partial function, it throws an error on empty lists. Use pattern matching, 'Data.List.uncons' or 'Data.Maybe.listToMaybe' instead. Consider refactoring to use "Data.List.NonEmpty"."
   |
66 |     let f ff nrs m = [ ("\ESC["++show n++"~",EvKey (KFun $ n-head nrs+ff) m) | n <- nrs ] in
   |                                                              ^^^^

[10 of 18] Compiling Graphics.Vty.Platform.Unix.Input.Terminfo
[11 of 18] Compiling Graphics.Vty.Platform.Unix.Output.Color
[12 of 18] Compiling Graphics.Vty.Platform.Unix.Output.TerminfoBased
src/Graphics/Vty/Platform/Unix/Output/TerminfoBased.hs:209:39: warning: [GHC-68441] [-Wdeprecations]
    In the use of ‘tiGetStr’
    (imported from System.Console.Terminfo, but defined in System.Console.Terminfo.Base):
    Deprecated: "use tiGetOutput instead."
    |
209 |     = case Terminfo.getCapability ti (Terminfo.tiGetStr capName) of
    |                                       ^^^^^^^^^^^^^^^^^

src/Graphics/Vty/Platform/Unix/Output/TerminfoBased.hs:215:39: warning: [GHC-68441] [-Wdeprecations]
    In the use of ‘tiGetStr’
    (imported from System.Console.Terminfo, but defined in System.Console.Terminfo.Base):
    Deprecated: "use tiGetOutput instead."
    |
215 |     = case Terminfo.getCapability ti (Terminfo.tiGetStr capName) of
    |                                       ^^^^^^^^^^^^^^^^^

[13 of 18] Compiling Graphics.Vty.Platform.Unix.Output.XTermColor
[14 of 18] Compiling Graphics.Vty.Platform.Unix.Settings
[15 of 18] Compiling Graphics.Vty.Platform.Unix.Output
[16 of 18] Compiling Graphics.Vty.Platform.Unix.Input.Loop
[17 of 18] Compiling Graphics.Vty.Platform.Unix.Input
[18 of 18] Compiling Graphics.Vty.Platform.Unix
Configuring executable 'vty-unix-build-width-table' for vty-unix-0.2.0.0...
Preprocessing executable 'vty-unix-build-width-table' for vty-unix-0.2.0.0...
Building executable 'vty-unix-build-width-table' for vty-unix-0.2.0.0...
[1 of 1] Compiling Main
[2 of 2] Linking /tmp/workdir-vty-unix/vty-unix-0.2.0.0/dist-newstyle/build/x86_64-linux/ghc-9.10.2/vty-unix-0.2.0.0/x/vty-unix-build-width-table/build/vty-unix-build-width-table/vty-unix-build-width-table
