Resolving dependencies...
Build profile: -w ghc-9.10.2 -O1
In order, the following will be built (use -v for more details):
 - smtp-mail-0.5.0.0 (lib) (first run)
Configuring library for smtp-mail-0.5.0.0...
Preprocessing library for smtp-mail-0.5.0.0...
Building library for smtp-mail-0.5.0.0...
[1 of 3] Compiling Network.Mail.SMTP.Auth
[2 of 3] Compiling Network.Mail.SMTP.Types
[3 of 3] Compiling Network.Mail.SMTP
Network/Mail/SMTP.hs:199:30: warning: [GHC-63394] [-Wx-partial]
    In the use of ‘tail’
    (imported from Prelude, but defined in GHC.Internal.List):
    "This is a partial function, it throws an error on empty lists. Replace it with 'drop' 1, or use pattern matching or 'GHC.Internal.Data.List.uncons' instead. Consider refactoring to use "Data.List.NonEmpty"."
    |
199 |       then return (SMTPC st (tail $ B8.lines initialMsg))
    |                              ^^^^

Network/Mail/SMTP.hs:202:27: warning: [GHC-63394] [-Wx-partial]
    In the use of ‘tail’
    (imported from Prelude, but defined in GHC.Internal.List):
    "This is a partial function, it throws an error on empty lists. Replace it with 'drop' 1, or use pattern matching or 'GHC.Internal.Data.List.uncons' instead. Consider refactoring to use "Data.List.NonEmpty"."
    |
202 |         return (SMTPC st (tail $ B8.lines msg))
    |                           ^^^^

Network/Mail/SMTP.hs:216:23: warning: [GHC-63394] [-Wx-partial]
    In the use of ‘tail’
    (imported from Prelude, but defined in GHC.Internal.List):
    "This is a partial function, it throws an error on empty lists. Replace it with 'drop' 1, or use pattern matching or 'GHC.Internal.Data.List.uncons' instead. Consider refactoring to use "Data.List.NonEmpty"."
    |
216 |     return (SMTPC st (tail $ B8.lines msg))
    |                       ^^^^

Network/Mail/SMTP.hs:303:9: warning: [GHC-53633] [-Woverlapping-patterns]
    Pattern match is redundant
    In a case alternative: DATA {} -> ...
    |
303 |         DATA{}       ->
    |         ^^^^^^^^^^^^^^^...

Network/Mail/SMTP.hs:305:9: warning: [GHC-53633] [-Woverlapping-patterns]
    Pattern match is redundant
    In a case alternative: AUTH {} -> ...
    |
305 |         AUTH{}       ->
    |         ^^^^^^^^^^^^^^^...

