Resolving dependencies...
Build profile: -w ghc-9.10.2 -O1
In order, the following will be built (use -v for more details):
 - microstache-1.0.3 (lib) (first run)
 - microstache-1.0.3 (test:spec) (first run)
 - microstache-1.0.3 (test:mustache-spec) (first run)
Configuring library for microstache-1.0.3...
Preprocessing library for microstache-1.0.3...
Building library for microstache-1.0.3...
[1 of 5] Compiling Text.Microstache.Type
src/Text/Microstache/Type.hs:36:1: warning: [GHC-66111] [-Wunused-imports]
    The import of ‘Data.Monoid’ is redundant
      except perhaps to import instances from ‘Data.Monoid’
    To import instances alone, use: import Data.Monoid()
   |
36 | import Data.Monoid       (Monoid (..))
   | ^^^^^^^^^^^^^^^^^^^^^^^^^^^^^^^^^^^^^^

src/Text/Microstache/Type.hs:37:1: warning: [GHC-66111] [-Wunused-imports]
    The import of ‘Data.Semigroup’ is redundant
      except perhaps to import instances from ‘Data.Semigroup’
    To import instances alone, use: import Data.Semigroup()
   |
37 | import Data.Semigroup    (Semigroup (..))
   | ^^^^^^^^^^^^^^^^^^^^^^^^^^^^^^^^^^^^^^^^^

src/Text/Microstache/Type.hs:41:1: warning: [GHC-66111] [-Wunused-imports]
    The import of ‘Data.Word’ is redundant
      except perhaps to import instances from ‘Data.Word’
    To import instances alone, use: import Data.Word()
   |
41 | import Data.Word         (Word)
   | ^^^^^^^^^^^^^^^^^^^^^^^^^^^^^^^

[2 of 5] Compiling Text.Microstache.Render
src/Text/Microstache/Render.hs:26:1: warning: [GHC-66111] [-Wunused-imports]
    The import of ‘Data.Monoid’ is redundant
      except perhaps to import instances from ‘Data.Monoid’
    To import instances alone, use: import Data.Monoid()
   |
26 | import Data.Monoid                (mempty)
   | ^^^^^^^^^^^^^^^^^^^^^^^^^^^^^^^^^^^^^^^^^^

src/Text/Microstache/Render.hs:27:1: warning: [GHC-66111] [-Wunused-imports]
    The import of ‘Data.Semigroup’ is redundant
      except perhaps to import instances from ‘Data.Semigroup’
    To import instances alone, use: import Data.Semigroup()
   |
27 | import Data.Semigroup             ((<>))
   | ^^^^^^^^^^^^^^^^^^^^^^^^^^^^^^^^^^^^^^^^

src/Text/Microstache/Render.hs:29:1: warning: [GHC-66111] [-Wunused-imports]
    The import of ‘Data.Word’ is redundant
      except perhaps to import instances from ‘Data.Word’
    To import instances alone, use: import Data.Word()
   |
29 | import Data.Word                  (Word)
   | ^^^^^^^^^^^^^^^^^^^^^^^^^^^^^^^^^^^^^^^^

[3 of 5] Compiling Text.Microstache.Parser
src/Text/Microstache/Parser.hs:18:1: warning: [GHC-38856] [-Wunused-imports]
    The import of ‘<$, <$>’
    from module ‘Control.Applicative’ is redundant
   |
18 | import Control.Applicative   (Alternative (..), (<$), (<$>))
   | ^^^^^^^^^^^^^^^^^^^^^^^^^^^^^^^^^^^^^^^^^^^^^^^^^^^^^^^^^^^^

src/Text/Microstache/Parser.hs:25:1: warning: [GHC-66111] [-Wunused-imports]
    The import of ‘Data.Word’ is redundant
      except perhaps to import instances from ‘Data.Word’
    To import instances alone, use: import Data.Word()
   |
25 | import Data.Word             (Word)
   | ^^^^^^^^^^^^^^^^^^^^^^^^^^^^^^^^^^^

[4 of 5] Compiling Text.Microstache.Compile
[5 of 5] Compiling Text.Microstache
Configuring test suite 'spec' for microstache-1.0.3...
Preprocessing test suite 'spec' for microstache-1.0.3...
Building test suite 'spec' for microstache-1.0.3...
[1 of 5] Compiling Test.Hspec
tasty-as-hspec/Test/Hspec.hs:58:12: warning: [GHC-12003] [-Wtype-equality-out-of-scope]
    • The ‘~’ operator is out of scope.
      Assuming it to stand for an equality constraint.
    • NB: ‘~’ used to be built-in syntax but now is a regular type operator
          exported from Data.Type.Equality and Prelude.
      If you are using a custom Prelude, consider re-exporting it.
    • This will become an error in a future GHC release.
   |
58 | instance a ~ () =>  Describe (TestTreeM a) where
   |            ^

[2 of 5] Compiling Text.Microstache.ParserSpec
[3 of 5] Compiling Text.Microstache.RenderSpec
[4 of 5] Compiling Text.Microstache.TypeSpec
[5 of 5] Compiling Main
[6 of 6] Linking /tmp/workdir-microstache/microstache-1.0.3/dist-newstyle/build/x86_64-linux/ghc-9.10.2/microstache-1.0.3/t/spec/build/spec/spec
Configuring test suite 'mustache-spec' for microstache-1.0.3...
Preprocessing test suite 'mustache-spec' for microstache-1.0.3...
Building test suite 'mustache-spec' for microstache-1.0.3...
[1 of 2] Compiling Test.Hspec
tasty-as-hspec/Test/Hspec.hs:58:12: warning: [GHC-12003] [-Wtype-equality-out-of-scope]
    • The ‘~’ operator is out of scope.
      Assuming it to stand for an equality constraint.
    • NB: ‘~’ used to be built-in syntax but now is a regular type operator
          exported from Data.Type.Equality and Prelude.
      If you are using a custom Prelude, consider re-exporting it.
    • This will become an error in a future GHC release.
   |
58 | instance a ~ () =>  Describe (TestTreeM a) where
   |            ^

[2 of 2] Compiling Main
[3 of 3] Linking /tmp/workdir-microstache/microstache-1.0.3/dist-newstyle/build/x86_64-linux/ghc-9.10.2/microstache-1.0.3/t/mustache-spec/build/mustache-spec/mustache-spec
