Resolving dependencies...
Build profile: -w ghc-9.10.2 -O1
In order, the following will be built (use -v for more details):
 - monoid-subclasses-1.2.6 (lib) (first run)
 - monoid-subclasses-1.2.6 (test:Main) (first run)
Configuring library for monoid-subclasses-1.2.6...
Preprocessing library for monoid-subclasses-1.2.6...
Building library for monoid-subclasses-1.2.6...
[ 1 of 16] Compiling Data.Monoid.Null
[ 2 of 16] Compiling Data.Semigroup.Cancellative
[ 3 of 16] Compiling Data.Monoid.Monus
src/Data/Monoid/Monus.hs:320:36: warning: [GHC-63394] [-Wx-partial]
    In the use of ‘tail’
    (imported from Prelude, but defined in GHC.Internal.List):
    "This is a partial function, it throws an error on empty lists. Replace it with 'drop' 1, or use pattern matching or 'GHC.Internal.Data.List.uncons' instead. Consider refactoring to use "Data.List.NonEmpty"."
    |
320 |                  | otherwise = go (tail x)
    |                                    ^^^^

src/Data/Monoid/Monus.hs:327:36: warning: [GHC-63394] [-Wx-partial]
    In the use of ‘tail’
    (imported from Prelude, but defined in GHC.Internal.List):
    "This is a partial function, it throws an error on empty lists. Replace it with 'drop' 1, or use pattern matching or 'GHC.Internal.Data.List.uncons' instead. Consider refactoring to use "Data.List.NonEmpty"."
    |
327 |                  | otherwise = go (tail x)
    |                                    ^^^^

[ 4 of 16] Compiling Data.Monoid.GCD
src/Data/Monoid/GCD.hs:75:1: warning: [GHC-66111] [-Wunused-imports]
    The qualified import of ‘Data.Text.Encoding’ is redundant
      except perhaps to import instances from ‘Data.Text.Encoding’
    To import instances alone, use: import Data.Text.Encoding()
   |
75 | import qualified Data.Text.Encoding as TextEncoding
   | ^^^^^^^^^^^^^^^^^^^^^^^^^^^^^^^^^^^^^^^^^^^^^^^^^^^

src/Data/Monoid/GCD.hs:83:1: warning: [GHC-66111] [-Wunused-imports]
    The qualified import of ‘Data.Text.Lazy.Encoding’ is redundant
      except perhaps to import instances from ‘Data.Text.Lazy.Encoding’
    To import instances alone, use: import Data.Text.Lazy.Encoding()
   |
83 | import qualified Data.Text.Lazy.Encoding as LazyEncoding
   | ^^^^^^^^^^^^^^^^^^^^^^^^^^^^^^^^^^^^^^^^^^^^^^^^^^^^^^^^

src/Data/Monoid/GCD.hs:97:1: warning: [GHC-66111] [-Wunused-imports]
    The import of ‘Data.Maybe’ is redundant
      except perhaps to import instances from ‘Data.Maybe’
    To import instances alone, use: import Data.Maybe()
   |
97 | import Data.Maybe (isJust)
   | ^^^^^^^^^^^^^^^^^^^^^^^^^^

src/Data/Monoid/GCD.hs:211:13: warning: [GHC-62161] [-Wincomplete-uni-patterns]
    Pattern match(es) are non-exhaustive
    In a pattern binding:
        Patterns of type ‘Maybe m’ not matched: Nothing
    |
211 |             Just x' = stripPrefix p x
    |             ^^^^^^^^^^^^^^^^^^^^^^^^^

src/Data/Monoid/GCD.hs:212:13: warning: [GHC-62161] [-Wincomplete-uni-patterns]
    Pattern match(es) are non-exhaustive
    In a pattern binding:
        Patterns of type ‘Maybe m’ not matched: Nothing
    |
212 |             Just y' = stripPrefix p y
    |             ^^^^^^^^^^^^^^^^^^^^^^^^^

src/Data/Monoid/GCD.hs:274:13: warning: [GHC-62161] [-Wincomplete-uni-patterns]
    Pattern match(es) are non-exhaustive
    In a pattern binding:
        Patterns of type ‘Maybe m’ not matched: Nothing
    |
274 |             Just x' = stripSuffix s x
    |             ^^^^^^^^^^^^^^^^^^^^^^^^^

src/Data/Monoid/GCD.hs:275:13: warning: [GHC-62161] [-Wincomplete-uni-patterns]
    Pattern match(es) are non-exhaustive
    In a pattern binding:
        Patterns of type ‘Maybe m’ not matched: Nothing
    |
275 |             Just y' = stripSuffix s y
    |             ^^^^^^^^^^^^^^^^^^^^^^^^^

[ 5 of 16] Compiling Data.Monoid.LCM
src/Data/Monoid/LCM.hs:37:1: warning: [GHC-66111] [-Wunused-imports]
    The import of ‘Data.Maybe’ is redundant
      except perhaps to import instances from ‘Data.Maybe’
    To import instances alone, use: import Data.Maybe()
   |
37 | import Data.Maybe (isJust)
   | ^^^^^^^^^^^^^^^^^^^^^^^^^^

src/Data/Monoid/LCM.hs:38:1: warning: [GHC-66111] [-Wunused-imports]
    The import of ‘Data.Semigroup.Cancellative’ is redundant
      except perhaps to import instances from ‘Data.Semigroup.Cancellative’
    To import instances alone, use: import Data.Semigroup.Cancellative()
   |
38 | import Data.Semigroup.Cancellative (Reductive ((</>)))
   | ^^^^^^^^^^^^^^^^^^^^^^^^^^^^^^^^^^^^^^^^^^^^^^^^^^^^^^

src/Data/Monoid/LCM.hs:39:1: warning: [GHC-66111] [-Wunused-imports]
    The import of ‘Data.Semigroup.Commutative’ is redundant
      except perhaps to import instances from ‘Data.Semigroup.Commutative’
    To import instances alone, use: import Data.Semigroup.Commutative()
   |
39 | import Data.Semigroup.Commutative (Commutative)
   | ^^^^^^^^^^^^^^^^^^^^^^^^^^^^^^^^^^^^^^^^^^^^^^^

[ 6 of 16] Compiling Data.Monoid.Cancellative
src/Data/Monoid/Cancellative.hs:38:1: warning: [GHC-66111] [-Wunused-imports]
    The import of ‘Data.Monoid’ is redundant
      except perhaps to import instances from ‘Data.Monoid’
    To import instances alone, use: import Data.Monoid()
   |
38 | import Data.Monoid (Monoid)
   | ^^^^^^^^^^^^^^^^^^^^^^^^^^^

[ 7 of 16] Compiling Data.Semigroup.Factorial
[ 8 of 16] Compiling Data.Monoid.Factorial
src/Data/Monoid/Factorial.hs:208:77: warning: [GHC-63394] [-Wx-partial]
    In the use of ‘tail’
    (imported from Data.List, but defined in GHC.Internal.List):
    "This is a partial function, it throws an error on empty lists. Replace it with 'drop' 1, or use pattern matching or 'GHC.Internal.Data.List.uncons' instead. Consider refactoring to use "Data.List.NonEmpty"."
    |
208 |    inits (a, b) = List.map (flip (,) mempty) (inits a) ++ List.map ((,) a) (List.tail $ inits b)
    |                                                                             ^^^^^^^^^

src/Data/Monoid/Factorial.hs:209:77: warning: [GHC-63394] [-Wx-partial]
    In the use of ‘tail’
    (imported from Data.List, but defined in GHC.Internal.List):
    "This is a partial function, it throws an error on empty lists. Replace it with 'drop' 1, or use pattern matching or 'GHC.Internal.Data.List.uncons' instead. Consider refactoring to use "Data.List.NonEmpty"."
    |
209 |    tails (a, b) = List.map (flip (,) b) (tails a) ++ List.map ((,) mempty) (List.tail $ tails b)
    |                                                                             ^^^^^^^^^

src/Data/Monoid/Factorial.hs:225:25: warning: [GHC-62161] [-Wincomplete-uni-patterns]
    Pattern match(es) are non-exhaustive
    In an irrefutable pattern: Patterns of type ‘[a]’ not matched: []
    |
225 |             combine x (~(y:rest), False) = (mappend x y : rest, True)
    |                         ^^^^^^^^

src/Data/Monoid/Factorial.hs:252:59: warning: [GHC-63394] [-Wx-partial]
    In the use of ‘tail’
    (imported from Data.List, but defined in GHC.Internal.List):
    "This is a partial function, it throws an error on empty lists. Replace it with 'drop' 1, or use pattern matching or 'GHC.Internal.Data.List.uncons' instead. Consider refactoring to use "Data.List.NonEmpty"."
    |
252 |                      ++ List.map (\b1-> (a, b1, mempty)) (List.tail $ inits b)
    |                                                           ^^^^^^^^^

src/Data/Monoid/Factorial.hs:253:54: warning: [GHC-63394] [-Wx-partial]
    In the use of ‘tail’
    (imported from Data.List, but defined in GHC.Internal.List):
    "This is a partial function, it throws an error on empty lists. Replace it with 'drop' 1, or use pattern matching or 'GHC.Internal.Data.List.uncons' instead. Consider refactoring to use "Data.List.NonEmpty"."
    |
253 |                      ++ List.map (\c1-> (a, b, c1)) (List.tail $ inits c)
    |                                                      ^^^^^^^^^

src/Data/Monoid/Factorial.hs:255:59: warning: [GHC-63394] [-Wx-partial]
    In the use of ‘tail’
    (imported from Data.List, but defined in GHC.Internal.List):
    "This is a partial function, it throws an error on empty lists. Replace it with 'drop' 1, or use pattern matching or 'GHC.Internal.Data.List.uncons' instead. Consider refactoring to use "Data.List.NonEmpty"."
    |
255 |                      ++ List.map (\b1-> (mempty, b1, c)) (List.tail $ tails b)
    |                                                           ^^^^^^^^^

src/Data/Monoid/Factorial.hs:256:64: warning: [GHC-63394] [-Wx-partial]
    In the use of ‘tail’
    (imported from Data.List, but defined in GHC.Internal.List):
    "This is a partial function, it throws an error on empty lists. Replace it with 'drop' 1, or use pattern matching or 'GHC.Internal.Data.List.uncons' instead. Consider refactoring to use "Data.List.NonEmpty"."
    |
256 |                      ++ List.map (\c1-> (mempty, mempty, c1)) (List.tail $ tails c)
    |                                                                ^^^^^^^^^

src/Data/Monoid/Factorial.hs:309:70: warning: [GHC-63394] [-Wx-partial]
    In the use of ‘tail’
    (imported from Data.List, but defined in GHC.Internal.List):
    "This is a partial function, it throws an error on empty lists. Replace it with 'drop' 1, or use pattern matching or 'GHC.Internal.Data.List.uncons' instead. Consider refactoring to use "Data.List.NonEmpty"."
    |
309 |                         ++ List.map (\b1-> (a, b1, mempty, mempty)) (List.tail $ inits b)
    |                                                                      ^^^^^^^^^

src/Data/Monoid/Factorial.hs:310:65: warning: [GHC-63394] [-Wx-partial]
    In the use of ‘tail’
    (imported from Data.List, but defined in GHC.Internal.List):
    "This is a partial function, it throws an error on empty lists. Replace it with 'drop' 1, or use pattern matching or 'GHC.Internal.Data.List.uncons' instead. Consider refactoring to use "Data.List.NonEmpty"."
    |
310 |                         ++ List.map (\c1-> (a, b, c1, mempty)) (List.tail $ inits c)
    |                                                                 ^^^^^^^^^

src/Data/Monoid/Factorial.hs:311:60: warning: [GHC-63394] [-Wx-partial]
    In the use of ‘tail’
    (imported from Data.List, but defined in GHC.Internal.List):
    "This is a partial function, it throws an error on empty lists. Replace it with 'drop' 1, or use pattern matching or 'GHC.Internal.Data.List.uncons' instead. Consider refactoring to use "Data.List.NonEmpty"."
    |
311 |                         ++ List.map (\d1-> (a, b, c, d1)) (List.tail $ inits d)
    |                                                            ^^^^^^^^^

src/Data/Monoid/Factorial.hs:313:65: warning: [GHC-63394] [-Wx-partial]
    In the use of ‘tail’
    (imported from Data.List, but defined in GHC.Internal.List):
    "This is a partial function, it throws an error on empty lists. Replace it with 'drop' 1, or use pattern matching or 'GHC.Internal.Data.List.uncons' instead. Consider refactoring to use "Data.List.NonEmpty"."
    |
313 |                         ++ List.map (\b1-> (mempty, b1, c, d)) (List.tail $ tails b)
    |                                                                 ^^^^^^^^^

src/Data/Monoid/Factorial.hs:314:70: warning: [GHC-63394] [-Wx-partial]
    In the use of ‘tail’
    (imported from Data.List, but defined in GHC.Internal.List):
    "This is a partial function, it throws an error on empty lists. Replace it with 'drop' 1, or use pattern matching or 'GHC.Internal.Data.List.uncons' instead. Consider refactoring to use "Data.List.NonEmpty"."
    |
314 |                         ++ List.map (\c1-> (mempty, mempty, c1, d)) (List.tail $ tails c)
    |                                                                      ^^^^^^^^^

src/Data/Monoid/Factorial.hs:315:75: warning: [GHC-63394] [-Wx-partial]
    In the use of ‘tail’
    (imported from Data.List, but defined in GHC.Internal.List):
    "This is a partial function, it throws an error on empty lists. Replace it with 'drop' 1, or use pattern matching or 'GHC.Internal.Data.List.uncons' instead. Consider refactoring to use "Data.List.NonEmpty"."
    |
315 |                         ++ List.map (\d1-> (mempty, mempty, mempty, d1)) (List.tail $ tails d)
    |                                                                           ^^^^^^^^^

src/Data/Monoid/Factorial.hs:371:26: warning: [GHC-62161] [-Wincomplete-uni-patterns]
    Pattern match(es) are non-exhaustive
    In an irrefutable pattern: Patterns of type ‘[a]’ not matched: []
    |
371 |             splitLast f ~(x:rest) = splitLast (f . (x:)) rest
    |                          ^^^^^^^^

[ 9 of 16] Compiling Data.Monoid.Textual
[10 of 16] Compiling Data.Monoid.Instances.CharVector
[11 of 16] Compiling Data.Monoid.Instances.Stateful
src/Data/Monoid/Instances/Stateful.hs:27:1: warning: [GHC-66111] [-Wunused-imports]
    The import of ‘Data.Semigroup’ is redundant
      except perhaps to import instances from ‘Data.Semigroup’
    To import instances alone, use: import Data.Semigroup()
   |
27 | import Data.Semigroup (Semigroup(..))
   | ^^^^^^^^^^^^^^^^^^^^^^^^^^^^^^^^^^^^^

src/Data/Monoid/Instances/Stateful.hs:28:1: warning: [GHC-66111] [-Wunused-imports]
    The import of ‘Data.Monoid’ is redundant
      except perhaps to import instances from ‘Data.Monoid’
    To import instances alone, use: import Data.Monoid()
   |
28 | import Data.Monoid (Monoid(..))
   | ^^^^^^^^^^^^^^^^^^^^^^^^^^^^^^^

src/Data/Monoid/Instances/Stateful.hs:217:24: warning: [GHC-62161] [-Wincomplete-uni-patterns]
    Pattern match(es) are non-exhaustive
    In an irrefutable pattern: Patterns of type ‘[b]’ not matched: []
    |
217 |             restore f ~(hd:tl) = restore (f . (Stateful (hd, mempty):)) tl
    |                        ^^^^^^^

[12 of 16] Compiling Data.Monoid.Instances.PrefixMemory
src/Data/Monoid/Instances/PrefixMemory.hs:20:1: warning: [GHC-66111] [-Wunused-imports]
    The import of ‘Data.Semigroup’ is redundant
      except perhaps to import instances from ‘Data.Semigroup’
    To import instances alone, use: import Data.Semigroup()
   |
20 | import Data.Semigroup (Semigroup(..))
   | ^^^^^^^^^^^^^^^^^^^^^^^^^^^^^^^^^^^^^

src/Data/Monoid/Instances/PrefixMemory.hs:21:21: warning: [GHC-38856] [-Wunused-imports]
    The import of ‘Monoid’ from module ‘Data.Monoid’ is redundant
   |
21 | import Data.Monoid (Monoid(..), Endo(..))
   |                     ^^^^^^^^^^

src/Data/Monoid/Instances/PrefixMemory.hs:106:40: warning: [GHC-63394] [-Wx-partial]
    In the use of ‘tail’
    (imported from Data.List, but defined in GHC.Internal.List):
    "This is a partial function, it throws an error on empty lists. Replace it with 'drop' 1, or use pattern matching or 'GHC.Internal.Data.List.uncons' instead. Consider refactoring to use "Data.List.NonEmpty"."
    |
106 |    factors (Shadowed p c) = rewrap <$> List.tail (inits c)
    |                                        ^^^^^^^^^

[13 of 16] Compiling Data.Monoid.Instances.Positioned
src/Data/Monoid/Instances/Positioned.hs:33:1: warning: [GHC-66111] [-Wunused-imports]
    The import of ‘Data.Semigroup’ is redundant
      except perhaps to import instances from ‘Data.Semigroup’
    To import instances alone, use: import Data.Semigroup()
   |
33 | import Data.Semigroup (Semigroup(..))
   | ^^^^^^^^^^^^^^^^^^^^^^^^^^^^^^^^^^^^^

src/Data/Monoid/Instances/Positioned.hs:34:21: warning: [GHC-38856] [-Wunused-imports]
    The import of ‘Monoid’ from module ‘Data.Monoid’ is redundant
   |
34 | import Data.Monoid (Monoid(..), Endo(..))
   |                     ^^^^^^^^^^

[14 of 16] Compiling Data.Monoid.Instances.Measured
src/Data/Monoid/Instances/Measured.hs:21:1: warning: [GHC-66111] [-Wunused-imports]
    The import of ‘Data.Semigroup’ is redundant
      except perhaps to import instances from ‘Data.Semigroup’
    To import instances alone, use: import Data.Semigroup()
   |
21 | import Data.Semigroup (Semigroup(..))
   | ^^^^^^^^^^^^^^^^^^^^^^^^^^^^^^^^^^^^^

src/Data/Monoid/Instances/Measured.hs:22:1: warning: [GHC-66111] [-Wunused-imports]
    The import of ‘Data.Monoid’ is redundant
      except perhaps to import instances from ‘Data.Monoid’
    To import instances alone, use: import Data.Monoid()
   |
22 | import Data.Monoid (Monoid(..))
   | ^^^^^^^^^^^^^^^^^^^^^^^^^^^^^^^

[15 of 16] Compiling Data.Monoid.Instances.Concat
src/Data/Monoid/Instances/Concat.hs:23:1: warning: [GHC-66111] [-Wunused-imports]
    The import of ‘Data.Semigroup’ is redundant
      except perhaps to import instances from ‘Data.Semigroup’
    To import instances alone, use: import Data.Semigroup()
   |
23 | import Data.Semigroup (Semigroup(..))
   | ^^^^^^^^^^^^^^^^^^^^^^^^^^^^^^^^^^^^^

src/Data/Monoid/Instances/Concat.hs:24:21: warning: [GHC-38856] [-Wunused-imports]
    The import of ‘Monoid’ from module ‘Data.Monoid’ is redundant
   |
24 | import Data.Monoid (Monoid(..), First(..), Sum(..))
   |                     ^^^^^^^^^^

src/Data/Monoid/Instances/Concat.hs:199:26: warning: [GHC-62161] [-Wincomplete-uni-patterns]
    Pattern match(es) are non-exhaustive
    In an irrefutable pattern:
        Patterns of type ‘[Concat a]’ not matched: []
    |
199 |       where splitNext a ~(xp:xs) =
    |                          ^^^^^^^

src/Data/Monoid/Instances/Concat.hs:282:26: warning: [GHC-62161] [-Wincomplete-uni-patterns]
    Pattern match(es) are non-exhaustive
    In an irrefutable pattern:
        Patterns of type ‘[Concat p]’ not matched: []
    |
282 |       where splitNext a ~(xp:xs) =
    |                          ^^^^^^^

[16 of 16] Compiling Data.Monoid.Instances.ByteString.UTF8
src/Data/Monoid/Instances/ByteString/UTF8.hs:59:1: warning: [GHC-66111] [-Wunused-imports]
    The import of ‘Data.Semigroup’ is redundant
      except perhaps to import instances from ‘Data.Semigroup’
    To import instances alone, use: import Data.Semigroup()
   |
59 | import Data.Semigroup (Semigroup(..))
   | ^^^^^^^^^^^^^^^^^^^^^^^^^^^^^^^^^^^^^

src/Data/Monoid/Instances/ByteString/UTF8.hs:60:1: warning: [GHC-66111] [-Wunused-imports]
    The import of ‘Data.Monoid’ is redundant
      except perhaps to import instances from ‘Data.Monoid’
    To import instances alone, use: import Data.Monoid()
   |
60 | import Data.Monoid (Monoid(..))
   | ^^^^^^^^^^^^^^^^^^^^^^^^^^^^^^^

Configuring test suite 'Main' for monoid-subclasses-1.2.6...
Preprocessing test suite 'Main' for monoid-subclasses-1.2.6...
Building test suite 'Main' for monoid-subclasses-1.2.6...
[1 of 1] Compiling Main
[2 of 2] Linking dist-newstyle/build/x86_64-linux/ghc-9.10.2/monoid-subclasses-1.2.6/t/Main/build/Main/Main
