Resolving dependencies...
Build profile: -w ghc-9.10.2 -O1
In order, the following will be built (use -v for more details):
 - functor-combinators-0.4.1.4 (lib) (first run)
 - functor-combinators-0.4.1.4 (test:functor-combinators-test) (first run)
Configuring library for functor-combinators-0.4.1.4...
Preprocessing library for functor-combinators-0.4.1.4...
Building library for functor-combinators-0.4.1.4...
[ 1 of 29] Compiling Control.Monad.Freer.Church
[ 2 of 29] Compiling Control.Natural.IsoF
[ 3 of 29] Compiling Data.Functor.Contravariant.Divise
[ 4 of 29] Compiling Data.Functor.Contravariant.Decide
[ 5 of 29] Compiling Data.Functor.Contravariant.Conclude
[ 6 of 29] Compiling Control.Applicative.Step
[ 7 of 29] Compiling Control.Applicative.ListF
[ 8 of 29] Compiling Data.Functor.Contravariant.Night
[ 9 of 29] Compiling Data.Functor.Invariant.Inplicative
[10 of 29] Compiling Data.Functor.Combinator.Unsafe
[11 of 29] Compiling Data.Functor.Invariant.Internative
[12 of 29] Compiling Data.Functor.Invariant.Night
[13 of 29] Compiling Data.HFunctor.Internal
[14 of 29] Compiling Data.HFunctor
[15 of 29] Compiling Data.HFunctor.Interpret
[16 of 29] Compiling Data.HFunctor.HTraversable
[17 of 29] Compiling Data.HBifunctor
[18 of 29] Compiling Data.HFunctor.Chain.Internal
[19 of 29] Compiling Data.Functor.Contravariant.Divisible.Free
[20 of 29] Compiling Data.Functor.Apply.Free
[21 of 29] Compiling Data.HBifunctor.Associative
[22 of 29] Compiling Data.HBifunctor.Tensor.Internal
[23 of 29] Compiling Data.HBifunctor.Tensor
[24 of 29] Compiling Data.HFunctor.Chain
[25 of 29] Compiling Data.Functor.Invariant.Internative.Free
[26 of 29] Compiling Data.Functor.Invariant.Inplicative.Free
[27 of 29] Compiling Data.HFunctor.Final
[28 of 29] Compiling Data.Functor.Combinator
[29 of 29] Compiling Data.HFunctor.Route
Configuring test suite 'functor-combinators-test' for functor-combinators-0.4.1.4...
Preprocessing test suite 'functor-combinators-test' for functor-combinators-0.4.1.4...
Building test suite 'functor-combinators-test' for functor-combinators-0.4.1.4...
[1 of 5] Compiling Paths_functor_combinators
[2 of 5] Compiling Tests.Util
[3 of 5] Compiling Tests.HFunctor
[4 of 5] Compiling Tests.HBifunctor
[5 of 5] Compiling Main
[6 of 6] Linking dist-newstyle/build/x86_64-linux/ghc-9.10.2/functor-combinators-0.4.1.4/t/functor-combinators-test/build/functor-combinators-test/functor-combinators-test
