Resolving dependencies...
Build profile: -w ghc-9.10.2 -O1
In order, the following will be built (use -v for more details):
 - RoundingFiasco-0.1.0.0 (lib) (first run)
 - RoundingFiasco-0.1.0.0 (test:RoundingFiasco-test) (first run)
Configuring library for RoundingFiasco-0.1.0.0...
Preprocessing library for RoundingFiasco-0.1.0.0...
Building library for RoundingFiasco-0.1.0.0...
[1 of 1] Compiling Rounding
source/Rounding.hs:220:23: warning: [GHC-68441] [-Wdeprecations]
    In the use of ‘stgDoubleToWord64’
    (imported from GHC.Float, but defined in GHC.Internal.Float):
    Deprecated: "Use castDoubleToWord64# instead"
    |
220 |     value_as_word64 = stgDoubleToWord64 value
    |                       ^^^^^^^^^^^^^^^^^

source/Rounding.hs:248:23: warning: [GHC-68441] [-Wdeprecations]
    In the use of ‘stgFloatToWord32’
    (imported from GHC.Float, but defined in GHC.Internal.Float):
    Deprecated: "Use castFloatToWord32# instead"
    |
248 |     value_as_word32 = stgFloatToWord32 value
    |                       ^^^^^^^^^^^^^^^^

source/Rounding.hs:281:23: warning: [GHC-68441] [-Wdeprecations]
    In the use of ‘stgDoubleToWord64’
    (imported from GHC.Float, but defined in GHC.Internal.Float):
    Deprecated: "Use castDoubleToWord64# instead"
    |
281 |     value_as_word64 = stgDoubleToWord64 value
    |                       ^^^^^^^^^^^^^^^^^

source/Rounding.hs:328:22: warning: [GHC-68441] [-Wdeprecations]
    In the use of ‘stgWord64ToDouble’
    (imported from GHC.Float, but defined in GHC.Internal.Float):
    Deprecated: "Use castWord64ToDouble# instead"
    |
328 |                   -> stgWord64ToDouble (plusWord64# 1#Word64 value_as_word64)
    |                      ^^^^^^^^^^^^^^^^^

source/Rounding.hs:339:28: warning: [GHC-68441] [-Wdeprecations]
    In the use of ‘stgWord64ToDouble’
    (imported from GHC.Float, but defined in GHC.Internal.Float):
    Deprecated: "Use castWord64ToDouble# instead"
    |
339 |                         -> stgWord64ToDouble (subWord64# value_as_word64 1#Word64)
    |                            ^^^^^^^^^^^^^^^^^

source/Rounding.hs:412:23: warning: [GHC-68441] [-Wdeprecations]
    In the use of ‘stgFloatToWord32’
    (imported from GHC.Float, but defined in GHC.Internal.Float):
    Deprecated: "Use castFloatToWord32# instead"
    |
412 |     value_as_word64 = stgFloatToWord32 value
    |                       ^^^^^^^^^^^^^^^^

source/Rounding.hs:459:22: warning: [GHC-68441] [-Wdeprecations]
    In the use of ‘stgWord32ToFloat’
    (imported from GHC.Float, but defined in GHC.Internal.Float):
    Deprecated: "Use castWord32ToFloat# instead"
    |
459 |                   -> stgWord32ToFloat (plusWord32# 1#Word32 value_as_word64)
    |                      ^^^^^^^^^^^^^^^^

source/Rounding.hs:470:28: warning: [GHC-68441] [-Wdeprecations]
    In the use of ‘stgWord32ToFloat’
    (imported from GHC.Float, but defined in GHC.Internal.Float):
    Deprecated: "Use castWord32ToFloat# instead"
    |
470 |                         -> stgWord32ToFloat (minusWord32# value_as_word64 1#Word32)
    |                            ^^^^^^^^^^^^^^^^

Configuring test suite 'RoundingFiasco-test' for RoundingFiasco-0.1.0.0...
Preprocessing test suite 'RoundingFiasco-test' for RoundingFiasco-0.1.0.0...
Building test suite 'RoundingFiasco-test' for RoundingFiasco-0.1.0.0...
[1 of 1] Compiling Main
[2 of 2] Linking dist-newstyle/build/x86_64-linux/ghc-9.10.2/RoundingFiasco-0.1.0.0/t/RoundingFiasco-test/build/RoundingFiasco-test/RoundingFiasco-test
