Resolving dependencies...
Build profile: -w ghc-9.10.2 -O1
In order, the following will be built (use -v for more details):
 - melf-1.3.1 (lib) (first run)
 - melf-1.3.1 (exe:hobjlayout) (first run)
 - melf-1.3.1 (exe:hobjdump) (first run)
 - melf-1.3.1 (test:golden) (first run)
 - melf-1.3.1 (test:exceptions) (first run)
 - melf-1.3.1 (test:examples) (first run)
Configuring library for melf-1.3.1...
Preprocessing library for melf-1.3.1...
Building library for melf-1.3.1...
[ 1 of 11] Compiling Control.Exception.ChainedException
[ 2 of 11] Compiling Data.Elf.Constants.TH
[ 3 of 11] Compiling Data.Endian
[ 4 of 11] Compiling Data.Elf.Constants.Data
[ 5 of 11] Compiling Data.Elf.Constants
[ 6 of 11] Compiling Data.BList
[ 7 of 11] Compiling Data.Elf.Headers
[ 8 of 11] Compiling Data.Interval
[ 9 of 11] Compiling Data.Internal.Elf
[10 of 11] Compiling Data.Elf
[11 of 11] Compiling Data.Elf.PrettyPrint
Configuring executable 'hobjlayout' for melf-1.3.1...
Preprocessing executable 'hobjlayout' for melf-1.3.1...
Building executable 'hobjlayout' for melf-1.3.1...
[1 of 2] Compiling Main
[2 of 2] Compiling Paths_melf
[3 of 3] Linking /tmp/workdir-melf/melf-1.3.1/dist-newstyle/build/x86_64-linux/ghc-9.10.2/melf-1.3.1/x/hobjlayout/build/hobjlayout/hobjlayout
Configuring executable 'hobjdump' for melf-1.3.1...
Preprocessing executable 'hobjdump' for melf-1.3.1...
Building executable 'hobjdump' for melf-1.3.1...
[1 of 2] Compiling Main
[2 of 2] Compiling Paths_melf
[3 of 3] Linking /tmp/workdir-melf/melf-1.3.1/dist-newstyle/build/x86_64-linux/ghc-9.10.2/melf-1.3.1/x/hobjdump/build/hobjdump/hobjdump
Configuring test suite 'golden' for melf-1.3.1...
Preprocessing test suite 'golden' for melf-1.3.1...
Building test suite 'golden' for melf-1.3.1...
[1 of 2] Compiling Main
[2 of 2] Compiling Paths_melf
[3 of 3] Linking /tmp/workdir-melf/melf-1.3.1/dist-newstyle/build/x86_64-linux/ghc-9.10.2/melf-1.3.1/t/golden/build/golden/golden
Configuring test suite 'exceptions' for melf-1.3.1...
Preprocessing test suite 'exceptions' for melf-1.3.1...
Building test suite 'exceptions' for melf-1.3.1...
[1 of 2] Compiling Main
[2 of 2] Compiling Paths_melf
[3 of 3] Linking /tmp/workdir-melf/melf-1.3.1/dist-newstyle/build/x86_64-linux/ghc-9.10.2/melf-1.3.1/t/exceptions/build/exceptions/exceptions
Configuring test suite 'examples' for melf-1.3.1...
Preprocessing test suite 'examples' for melf-1.3.1...
Building test suite 'examples' for melf-1.3.1...
[1 of 6] Compiling AsmAArch64
[2 of 6] Compiling DummyLd
[3 of 6] Compiling ForwardLabel
[4 of 6] Compiling HelloWorld
[5 of 6] Compiling Main
[6 of 6] Compiling Paths_melf
[7 of 7] Linking /tmp/workdir-melf/melf-1.3.1/dist-newstyle/build/x86_64-linux/ghc-9.10.2/melf-1.3.1/t/examples/build/examples/examples
