Resolving dependencies...
Build profile: -w ghc-9.10.2 -O1
In order, the following will be built (use -v for more details):
 - hledger-lib-1.43.2 (lib) (first run)
 - hledger-lib-1.43.2 (test:doctest) (first run)
 - hledger-lib-1.43.2 (test:unittest) (first run)
Configuring library for hledger-lib-1.43.2...
Preprocessing library for hledger-lib-1.43.2...
Building library for hledger-lib-1.43.2...
[ 1 of 63] Compiling Hledger.Data.Currency
[ 2 of 63] Compiling Hledger.Utils.Regex
[ 3 of 63] Compiling Hledger.Data.Types
[ 4 of 63] Compiling Hledger.Data.Period
[ 5 of 63] Compiling Hledger.Write.Html.Attribute
[ 6 of 63] Compiling Paths_hledger_lib
[ 7 of 63] Compiling Text.WideString
[ 8 of 63] Compiling Text.Tabular.AsciiWide
[ 9 of 63] Compiling Hledger.Utils.Text
[10 of 63] Compiling Hledger.Utils.IO
[11 of 63] Compiling Hledger.Utils.Debug
[12 of 63] Compiling Hledger.Utils.Parse
[13 of 63] Compiling Hledger.Utils.Test
[14 of 63] Compiling Hledger.Utils.String
[15 of 63] Compiling Hledger.Utils
[16 of 63] Compiling Hledger.Write.Csv
[17 of 63] Compiling Hledger.Data.RawOptions
[18 of 63] Compiling Hledger.Data.Dates
[19 of 63] Compiling Hledger.Data.AccountName
[20 of 63] Compiling Hledger.Data.StringFormat
[21 of 63] Compiling Hledger.Data.Amount
[22 of 63] Compiling Hledger.Write.Spreadsheet
[23 of 63] Compiling Hledger.Write.Ods
[24 of 63] Compiling Hledger.Write.Html.HtmlCommon
[25 of 63] Compiling Hledger.Write.Html.Lucid
[26 of 63] Compiling Hledger.Write.Html
[27 of 63] Compiling Hledger.Write.Html.Blaze
[28 of 63] Compiling Hledger.Data.Valuation
[29 of 63] Compiling Hledger.Data.Posting
[30 of 63] Compiling Hledger.Data.Transaction
[31 of 63] Compiling Hledger.Write.Beancount
[32 of 63] Compiling Hledger.Query
[33 of 63] Compiling Hledger.Data.TransactionModifier
[34 of 63] Compiling Hledger.Data.Timeclock
[35 of 63] Compiling Hledger.Data.PeriodicTransaction
[36 of 63] Compiling Hledger.Data.Json
[37 of 63] Compiling Hledger.Data.Journal
[38 of 63] Compiling Hledger.Data.Errors
[39 of 63] Compiling Hledger.Data.JournalChecks.Uniqueleafnames
[40 of 63] Compiling Hledger.Data.JournalChecks.Ordereddates
[41 of 63] Compiling Hledger.Data.Balancing
[42 of 63] Compiling Hledger.Read.InputOptions
[43 of 63] Compiling Hledger.Data.JournalChecks
[44 of 63] Compiling Hledger.Data.Account
[45 of 63] Compiling Hledger.Data.Ledger
[46 of 63] Compiling Hledger.Data
[47 of 63] Compiling Hledger.Reports.ReportOptions
[48 of 63] Compiling Hledger.Reports.ReportTypes
[49 of 63] Compiling Hledger.Reports.PostingsReport
[50 of 63] Compiling Hledger.Reports.MultiBalanceReport
[51 of 63] Compiling Hledger.Reports.EntriesReport
[52 of 63] Compiling Hledger.Reports.BudgetReport
[53 of 63] Compiling Hledger.Reports.BalanceReport
[54 of 63] Compiling Hledger.Reports.AccountTransactionsReport
[55 of 63] Compiling Hledger.Reports
[56 of 63] Compiling Hledger.Read.Common
[57 of 63] Compiling Hledger.Read.TimedotReader
[58 of 63] Compiling Hledger.Read.TimeclockReader
[59 of 63] Compiling Hledger.Read.RulesReader
[60 of 63] Compiling Hledger.Read.CsvReader
[61 of 63] Compiling Hledger.Read.JournalReader
[62 of 63] Compiling Hledger.Read
[63 of 63] Compiling Hledger
Configuring test suite 'doctest' for hledger-lib-1.43.2...
Preprocessing test suite 'doctest' for hledger-lib-1.43.2...
Building test suite 'doctest' for hledger-lib-1.43.2...
[1 of 1] Compiling Main
[2 of 2] Linking /tmp/workdir-hledger-lib/hledger-lib-1.43.2/dist-newstyle/build/x86_64-linux/ghc-9.10.2/hledger-lib-1.43.2/t/doctest/build/doctest/doctest
Configuring test suite 'unittest' for hledger-lib-1.43.2...
Preprocessing test suite 'unittest' for hledger-lib-1.43.2...
Building test suite 'unittest' for hledger-lib-1.43.2...
[1 of 1] Compiling Main
[2 of 2] Linking /tmp/workdir-hledger-lib/hledger-lib-1.43.2/dist-newstyle/build/x86_64-linux/ghc-9.10.2/hledger-lib-1.43.2/t/unittest/build/unittest/unittest
