Resolving dependencies...
Build profile: -w ghc-9.10.2 -O1
In order, the following will be built (use -v for more details):
 - lawful-conversions-0.1.7 (lib) (first run)
 - lawful-conversions-0.1.7 (test:test) (first run)
Configuring library for lawful-conversions-0.1.7...
Preprocessing library for lawful-conversions-0.1.7...
Building library for lawful-conversions-0.1.7...
[ 1 of 71] Compiling LawfulConversions.Prelude
[ 2 of 71] Compiling LawfulConversions.Classes
[ 3 of 71] Compiling LawfulConversions.Optics
[ 4 of 71] Compiling LawfulConversions.Properties
[ 5 of 71] Compiling LawfulConversions.Proxies.ViaIsSome
[ 6 of 71] Compiling LawfulConversions.Proxies
[ 7 of 71] Compiling LawfulConversions.Relations.BoxedVectorAndList
[ 8 of 71] Compiling LawfulConversions.Relations.BoxedVectorAndSeq
[ 9 of 71] Compiling LawfulConversions.Relations.ByteArrayAndShortByteString
[10 of 71] Compiling LawfulConversions.Relations.ByteArrayAndTextArray
[11 of 71] Compiling LawfulConversions.Relations.ByteArrayAndWord8List
[12 of 71] Compiling LawfulConversions.Relations.ByteStringAndLazyByteString
[13 of 71] Compiling LawfulConversions.Relations.ByteStringAndLazyByteStringBuilder
[14 of 71] Compiling LawfulConversions.Relations.ByteStringAndLazyText
[15 of 71] Compiling LawfulConversions.Relations.ByteStringAndShortByteString
[16 of 71] Compiling LawfulConversions.Relations.ByteArrayAndByteString
[17 of 71] Compiling LawfulConversions.Relations.ByteStringAndString
[18 of 71] Compiling LawfulConversions.Relations.ByteStringAndText
[19 of 71] Compiling LawfulConversions.Relations.ByteStringAndTextArray
[20 of 71] Compiling LawfulConversions.Relations.ByteStringAndWord8List
[21 of 71] Compiling LawfulConversions.Relations.DayAndString
[22 of 71] Compiling LawfulConversions.Relations.Int16AndWord16
[23 of 71] Compiling LawfulConversions.Relations.Int32AndWord32
[24 of 71] Compiling LawfulConversions.Relations.Int64AndWord64
[25 of 71] Compiling LawfulConversions.Relations.Int8AndWord8
[26 of 71] Compiling LawfulConversions.Relations.IntAndWord
[27 of 71] Compiling LawfulConversions.Relations.IntMapAndMapOfInt
[28 of 71] Compiling LawfulConversions.Relations.IntSetAndSetOfInt
[29 of 71] Compiling LawfulConversions.Relations.LazyByteStringAndLazyByteStringBuilder
[30 of 71] Compiling LawfulConversions.Relations.LazyByteStringAndLazyText
[31 of 71] Compiling LawfulConversions.Relations.LazyByteStringAndShortByteString
[32 of 71] Compiling LawfulConversions.Relations.ByteArrayAndLazyByteString
[33 of 71] Compiling LawfulConversions.Relations.LazyByteStringAndString
[34 of 71] Compiling LawfulConversions.Relations.LazyByteStringAndText
[35 of 71] Compiling LawfulConversions.Relations.LazyByteStringAndTextArray
[36 of 71] Compiling LawfulConversions.Relations.LazyByteStringAndWord8List
[37 of 71] Compiling LawfulConversions.Relations.LazyByteStringBuilderAndShortByteString
[38 of 71] Compiling LawfulConversions.Relations.ByteArrayAndLazyByteStringBuilder
[39 of 71] Compiling LawfulConversions.Relations.LazyByteStringBuilderAndTextArray
[40 of 71] Compiling LawfulConversions.Relations.LazyByteStringBuilderAndWord8List
[41 of 71] Compiling LawfulConversions.Relations.LazyTextAndLazyTextBuilder
[42 of 71] Compiling LawfulConversions.Relations.LazyTextAndStrictTextBuilder
[43 of 71] Compiling LawfulConversions.Relations.LazyTextAndText
[44 of 71] Compiling LawfulConversions.Relations.LazyTextAndUuid
[45 of 71] Compiling LawfulConversions.Relations.LazyTextBuilderAndStrictTextBuilder
[46 of 71] Compiling LawfulConversions.Relations.LazyTextBuilderAndText
[47 of 71] Compiling LawfulConversions.Relations.LazyTextBuilderAndUuid
[48 of 71] Compiling LawfulConversions.Relations.ListAndSeq
[49 of 71] Compiling LawfulConversions.Relations.ShortByteStringAndTextArray
[50 of 71] Compiling LawfulConversions.Relations.ShortByteStringAndWord8List
[51 of 71] Compiling LawfulConversions.Relations.StrictTextBuilderAndText
[52 of 71] Compiling LawfulConversions.Relations.StrictTextBuilderAndUuid
[53 of 71] Compiling LawfulConversions.Relations.StringAndText
[54 of 71] Compiling LawfulConversions.Relations.StrictTextBuilderAndString
[55 of 71] Compiling LawfulConversions.Relations.LazyTextBuilderAndString
[56 of 71] Compiling LawfulConversions.Relations.DayAndLazyTextBuilder
[57 of 71] Compiling LawfulConversions.Relations.LazyTextAndString
[58 of 71] Compiling LawfulConversions.Relations.DayAndLazyText
[59 of 71] Compiling LawfulConversions.Relations.DayAndText
[60 of 71] Compiling LawfulConversions.Relations.DayAndStrictTextBuilder
[61 of 71] Compiling LawfulConversions.Relations.StringAndUtcTime
[62 of 71] Compiling LawfulConversions.Relations.StrictTextBuilderAndUtcTime
[63 of 71] Compiling LawfulConversions.Relations.LazyTextBuilderAndUtcTime
[64 of 71] Compiling LawfulConversions.Relations.LazyTextAndUtcTime
[65 of 71] Compiling LawfulConversions.Relations.StringAndUuid
[66 of 71] Compiling LawfulConversions.Relations.TextAndUtcTime
[67 of 71] Compiling LawfulConversions.Relations.TextAndUuid
[68 of 71] Compiling LawfulConversions.Relations.TextArrayAndWord8List
[69 of 71] Compiling LawfulConversions.Relations
[70 of 71] Compiling LawfulConversions
[71 of 71] Compiling LawfulConversions.TextCompat.Array
Configuring test suite 'test' for lawful-conversions-0.1.7...
Preprocessing test suite 'test' for lawful-conversions-0.1.7...
Building test suite 'test' for lawful-conversions-0.1.7...
[1 of 2] Compiling Test.ExtraInstances
[2 of 2] Compiling Main
[3 of 3] Linking dist-newstyle/build/x86_64-linux/ghc-9.10.2/lawful-conversions-0.1.7/t/test/build/test/test
