Resolving dependencies...
Build profile: -w ghc-9.10.2 -O1
In order, the following will be built (use -v for more details):
 - tce-conf-1.3 (lib) (first run)
 - tce-conf-1.3 (test:test-hsmisc) (first run)
 - tce-conf-1.3 (exe:ReadConf-example) (first run)
 - tce-conf-1.3 (exe:KVConf-example) (first run)
Configuring library for tce-conf-1.3...
Preprocessing library for tce-conf-1.3...
Building library for tce-conf-1.3...
[1 of 2] Compiling TCE.Data.KVConf
src/TCE/Data/KVConf.hs:88:15: warning: [GHC-63394] [-Wx-partial]
    In the use of ‘tail’
    (imported from Prelude, but defined in GHC.Internal.List):
    "This is a partial function, it throws an error on empty lists. Replace it with 'drop' 1, or use pattern matching or 'GHC.Internal.Data.List.uncons' instead. Consider refactoring to use "Data.List.NonEmpty"."
   |
88 | tailSafe l  = tail l
   |               ^^^^

[2 of 2] Compiling TCE.Data.ReadConf
Configuring test suite 'test-hsmisc' for tce-conf-1.3...
Preprocessing test suite 'test-hsmisc' for tce-conf-1.3...
Building test suite 'test-hsmisc' for tce-conf-1.3...
[1 of 5] Compiling TCE.Data.KVConf
src/TCE/Data/KVConf.hs:88:15: warning: [GHC-63394] [-Wx-partial]
    In the use of ‘tail’
    (imported from Prelude, but defined in GHC.Internal.List):
    "This is a partial function, it throws an error on empty lists. Replace it with 'drop' 1, or use pattern matching or 'GHC.Internal.Data.List.uncons' instead. Consider refactoring to use "Data.List.NonEmpty"."
   |
88 | tailSafe l  = tail l
   |               ^^^^

[2 of 5] Compiling KVConf
[3 of 5] Compiling TCE.Data.ReadConf
[4 of 5] Compiling ReadConf
[5 of 5] Compiling Main
[6 of 6] Linking dist-newstyle/build/x86_64-linux/ghc-9.10.2/tce-conf-1.3/t/test-hsmisc/build/test-hsmisc/test-hsmisc
Configuring executable 'ReadConf-example' for tce-conf-1.3...
Preprocessing executable 'ReadConf-example' for tce-conf-1.3...
Building executable 'ReadConf-example' for tce-conf-1.3...
[1 of 1] Compiling Main
[2 of 2] Linking dist-newstyle/build/x86_64-linux/ghc-9.10.2/tce-conf-1.3/x/ReadConf-example/build/ReadConf-example/ReadConf-example
Configuring executable 'KVConf-example' for tce-conf-1.3...
Preprocessing executable 'KVConf-example' for tce-conf-1.3...
Building executable 'KVConf-example' for tce-conf-1.3...
[1 of 1] Compiling Main
[2 of 2] Linking dist-newstyle/build/x86_64-linux/ghc-9.10.2/tce-conf-1.3/x/KVConf-example/build/KVConf-example/KVConf-example
