Resolving dependencies...
Build profile: -w ghc-9.10.2 -O1
In order, the following will be built (use -v for more details):
 - string-class-0.1.7.2 (lib) (first run)
Configuring library for string-class-0.1.7.2...
Preprocessing library for string-class-0.1.7.2...
Building library for string-class-0.1.7.2...
[1 of 1] Compiling Data.String.Class
src/Data/String/Class.hs:18:1: warning: [GHC-66111] [-Wunused-imports]
    The import of ‘Control.Applicative’ is redundant
      except perhaps to import instances from ‘Control.Applicative’
    To import instances alone, use: import Control.Applicative()
   |
18 | import Control.Applicative hiding (empty)
   | ^^^^^^^^^^^^^^^^^^^^^^^^^^^^^^^^^^^^^^^^^

src/Data/String/Class.hs:26:1: warning: [GHC-66111] [-Wunused-imports]
    The import of ‘Data.Semigroup’ is redundant
      except perhaps to import instances from ‘Data.Semigroup’
    To import instances alone, use: import Data.Semigroup()
   |
26 | import Data.Semigroup
   | ^^^^^^^^^^^^^^^^^^^^^

src/Data/String/Class.hs:27:1: warning: [GHC-66111] [-Wunused-imports]
    The import of ‘Data.Monoid’ is redundant
      except perhaps to import instances from ‘Data.Monoid’
    To import instances alone, use: import Data.Monoid()
   |
27 | import Data.Monoid hiding ((<>))
   | ^^^^^^^^^^^^^^^^^^^^^^^^^^^^^^^^

src/Data/String/Class.hs:442:21: warning: [GHC-63394] [-Wx-partial]
    In the use of ‘head’
    (imported from Data.List, but defined in GHC.Internal.List):
    "This is a partial function, it throws an error on empty lists. Use pattern matching, 'Data.List.uncons' or 'Data.Maybe.listToMaybe' instead. Consider refactoring to use "Data.List.NonEmpty"."
    |
442 |     head          = List.head
    |                     ^^^^^^^^^

src/Data/String/Class.hs:443:21: warning: [GHC-63394] [-Wx-partial]
    In the use of ‘tail’
    (imported from Data.List, but defined in GHC.Internal.List):
    "This is a partial function, it throws an error on empty lists. Replace it with 'drop' 1, or use pattern matching or 'GHC.Internal.Data.List.uncons' instead. Consider refactoring to use "Data.List.NonEmpty"."
    |
443 |     tail          = List.tail
    |                     ^^^^^^^^^

src/Data/String/Class.hs:841:20: warning: [GHC-68441] [-Wdeprecations]
    In the use of ‘hGetLine’ (imported from Data.ByteString):
    Deprecated: "Deprecated since @bytestring-0.12@. Use 'Data.ByteString.Char8.hGetLine' instead. (Functions that rely on ASCII encodings belong in "Data.ByteString.Char8")"
    |
841 |     hGetLine     = S.hGetLine
    |                    ^^^^^^^^^^

src/Data/String/Class.hs:851:20: warning: [GHC-68441] [-Wdeprecations]
    In the use of ‘getLine’ (imported from Data.ByteString):
    Deprecated: "Deprecated since @bytestring-0.12@. Use 'Data.ByteString.Char8.getLine' instead. (Functions that rely on ASCII encodings belong in "Data.ByteString.Char8")"
    |
851 |     getLine      = S.getLine
    |                    ^^^^^^^^^

src/Data/String/Class.hs:872:42: warning: [GHC-68441] [-Wdeprecations]
    In the use of ‘hGetLine’ (imported from Data.ByteString):
    Deprecated: "Deprecated since @bytestring-0.12@. Use 'Data.ByteString.Char8.hGetLine' instead. (Functions that rely on ASCII encodings belong in "Data.ByteString.Char8")"
    |
872 |     hGetLine     = (toStringCells <$>) . S.hGetLine
    |                                          ^^^^^^^^^^

src/Data/String/Class.hs:882:38: warning: [GHC-68441] [-Wdeprecations]
    In the use of ‘getLine’ (imported from Data.ByteString):
    Deprecated: "Deprecated since @bytestring-0.12@. Use 'Data.ByteString.Char8.getLine' instead. (Functions that rely on ASCII encodings belong in "Data.ByteString.Char8")"
    |
882 |     getLine      = toStringCells <$> S.getLine
    |                                      ^^^^^^^^^

