Resolving dependencies...
Build profile: -w ghc-9.10.2 -O1
In order, the following will be built (use -v for more details):
 - reducers-3.12.5 (lib) (first run)
Configuring library for reducers-3.12.5...
Warning: [git-protocol] Cloning over git:// might lead to an arbitrary code
execution vulnerability. Furthermore, popular forges like GitHub do not
support it. Use https:// or ssh:// instead.
Preprocessing library for reducers-3.12.5...
Building library for reducers-3.12.5...
[ 1 of 14] Compiling Data.Semigroup.Instances
[ 2 of 14] Compiling Data.Semigroup.Reducer
[ 3 of 14] Compiling Data.Semigroup.MonadPlus
[ 4 of 14] Compiling Data.Semigroup.Monad
[ 5 of 14] Compiling Data.Semigroup.Apply
[ 6 of 14] Compiling Data.Semigroup.Applicative
[ 7 of 14] Compiling Data.Semigroup.Alternative
[ 8 of 14] Compiling Data.Semigroup.Alt
[ 9 of 14] Compiling Data.Generator
[10 of 14] Compiling Data.Semigroup.Generator
[11 of 14] Compiling Data.Generator.Combinators
[12 of 14] Compiling Data.Semigroup.Reducer.With
[13 of 14] Compiling Data.Semigroup.Self
[14 of 14] Compiling Data.Semigroup.Union
