Resolving dependencies...
Build profile: -w ghc-9.10.2 -O1
In order, the following will be built (use -v for more details):
 - gogol-webmaster-tools-1.0.0 (lib) (first run)
Configuring library for gogol-webmaster-tools-1.0.0...
Warning: [git-protocol] Cloning over git:// might lead to an arbitrary code
execution vulnerability. Furthermore, popular forges like GitHub do not
support it. Use https:// or ssh:// instead.
Preprocessing library for gogol-webmaster-tools-1.0.0...
Building library for gogol-webmaster-tools-1.0.0...
[ 1 of 13] Compiling Gogol.WebmasterTools.Internal.Sum
[ 2 of 13] Compiling Gogol.WebmasterTools.Internal.Product
[ 3 of 13] Compiling Gogol.WebmasterTools.Types
[ 4 of 13] Compiling Gogol.WebmasterTools.Webmasters.Searchanalytics.Query
[ 5 of 13] Compiling Gogol.WebmasterTools.Webmasters.Sitemaps.Delete
[ 6 of 13] Compiling Gogol.WebmasterTools.Webmasters.Sitemaps.Get
[ 7 of 13] Compiling Gogol.WebmasterTools.Webmasters.Sitemaps.List
[ 8 of 13] Compiling Gogol.WebmasterTools.Webmasters.Sitemaps.Submit
[ 9 of 13] Compiling Gogol.WebmasterTools.Webmasters.Sites.Add
[10 of 13] Compiling Gogol.WebmasterTools.Webmasters.Sites.Delete
[11 of 13] Compiling Gogol.WebmasterTools.Webmasters.Sites.Get
[12 of 13] Compiling Gogol.WebmasterTools.Webmasters.Sites.List
[13 of 13] Compiling Gogol.WebmasterTools
