Build profile: -w ghc-9.6.5 -O1
In order, the following will be built (use -v for more details):
 - servant-auth-swagger-0.2.10.2 (lib) (first run)
 - servant-auth-swagger-0.2.10.2 (test:spec) (first run)
Configuring library for servant-auth-swagger-0.2.10.2...
Preprocessing library for servant-auth-swagger-0.2.10.2...
Building library for servant-auth-swagger-0.2.10.2...
[1 of 1] Compiling Servant.Auth.Swagger

src/Servant/Auth/Swagger.hs:69:29: warning: [GHC-39567] [-Wstar-is-type]
    Using ‘*’ (or its Unicode variant) to mean ‘Data.Kind.Type’
    relies on the StarIsType extension, which will become
    deprecated in the future.
    Suggested fix: Use ‘Type’ from ‘Data.Kind’ instead.
   |
69 | class AllHasSecurity (x :: [*]) where
   |                             ^
Configuring test suite 'spec' for servant-auth-swagger-0.2.10.2...
Preprocessing test suite 'spec' for servant-auth-swagger-0.2.10.2...
Building test suite 'spec' for servant-auth-swagger-0.2.10.2...
[1 of 2] Compiling Servant.Auth.SwaggerSpec

test/Servant/Auth/SwaggerSpec.hs:8:1: warning: [-Wunused-imports]
    The import of ‘Servant.Auth.Swagger’ is redundant
      except perhaps to import instances from ‘Servant.Auth.Swagger’
    To import instances alone, use: import Servant.Auth.Swagger()
  |
8 | import Servant.Auth.Swagger
  | ^^^^^^^^^^^^^^^^^^^^^^^^^^^
[2 of 2] Compiling Main
[3 of 3] Linking /tmp/workdir-servant-auth-swagger/servant-auth-swagger-0.2.10.2/dist-newstyle/build/x86_64-linux/ghc-9.6.5/servant-auth-swagger-0.2.10.2/t/spec/build/spec/spec
