Resolving dependencies...
Build profile: -w ghc-9.10.2 -O1
In order, the following will be built (use -v for more details):
 - xls-0.1.3 (lib) (first run)
 - xls-0.1.3 (exe:xls2csv) (first run)
 - xls-0.1.3 (test:test) (first run)
Configuring library for xls-0.1.3...
Preprocessing library for xls-0.1.3...
Building library for xls-0.1.3...
[1 of 1] Compiling Data.Xls
Configuring executable 'xls2csv' for xls-0.1.3...
Preprocessing executable 'xls2csv' for xls-0.1.3...
Building executable 'xls2csv' for xls-0.1.3...
[1 of 1] Compiling Main
[2 of 2] Linking /tmp/workdir-xls/xls-0.1.3/dist-newstyle/build/x86_64-linux/ghc-9.10.2/xls-0.1.3/x/xls2csv/build/xls2csv/xls2csv
Configuring test suite 'test' for xls-0.1.3...
Preprocessing test suite 'test' for xls-0.1.3...
Building test suite 'test' for xls-0.1.3...
[1 of 1] Compiling Main
[2 of 2] Linking /tmp/workdir-xls/xls-0.1.3/dist-newstyle/build/x86_64-linux/ghc-9.10.2/xls-0.1.3/t/test/build/test/test
