Resolving dependencies...
Build profile: -w ghc-9.10.2 -O1
In order, the following will be built (use -v for more details):
 - speculate-0.4.20 (lib) (first run)
 - speculate-0.4.20 (test:utils) (first run)
 - speculate-0.4.20 (test:reason) (first run)
 - speculate-0.4.20 (test:order) (first run)
 - speculate-0.4.20 (test:expr) (first run)
 - speculate-0.4.20 (test:eval) (first run)
 - speculate-0.4.20 (test:engine) (first run)
 - speculate-0.4.20 (test:creason) (first run)
Configuring library for speculate-0.4.20...
Preprocessing library for speculate-0.4.20...
Building library for speculate-0.4.20...
[ 1 of 31] Compiling Test.Speculate.Utils.Class
[ 2 of 31] Compiling Test.Speculate.Utils.Colour
[ 3 of 31] Compiling Test.Speculate.Utils.List
[ 4 of 31] Compiling Test.Speculate.Utils.Memoize
[ 5 of 31] Compiling Test.Speculate.Utils.Ord
[ 6 of 31] Compiling Test.Speculate.Utils.PrettyPrint
src/Test/Speculate/Utils/PrettyPrint.hs:35:39: warning: [GHC-63394] [-Wx-partial]
    In the use of ‘head’
    (imported from Prelude, but defined in GHC.Internal.List):
    "This is a partial function, it throws an error on empty lists. Use pattern matching, 'Data.List.uncons' or 'Data.Maybe.listToMaybe' instead. Consider refactoring to use "Data.List.NonEmpty"."
   |
35 | above cs ds  =  if last cs == '\n' || head ds == '\n'
   |                                       ^^^^

[ 7 of 31] Compiling Test.Speculate.Utils.String
[ 8 of 31] Compiling Test.Speculate.Utils.Misc
[ 9 of 31] Compiling Test.Speculate.Utils.Tiers
[10 of 31] Compiling Test.Speculate.Utils.Timeout
[11 of 31] Compiling Test.Speculate.Utils.Tuple
[12 of 31] Compiling Test.Speculate.Utils
[13 of 31] Compiling Test.Speculate.Utils.Digraph
[14 of 31] Compiling Test.Speculate.Expr.Core
[15 of 31] Compiling Test.Speculate.Expr.Instance
src/Test/Speculate/Expr/Instance.hs:72:50: warning: [GHC-63394] [-Wx-partial]
    In the use of ‘head’
    (imported from Prelude, but defined in GHC.Internal.List):
    "This is a partial function, it throws an error on empty lists. Use pattern matching, 'Data.List.uncons' or 'Data.Maybe.listToMaybe' instead. Consider refactoring to use "Data.List.NonEmpty"."
   |
72 |        ++ ", offending type: " ++ show (typeOf . head $ head xss)
   |                                                  ^^^^

src/Test/Speculate/Expr/Instance.hs:72:57: warning: [GHC-63394] [-Wx-partial]
    In the use of ‘head’
    (imported from Prelude, but defined in GHC.Internal.List):
    "This is a partial function, it throws an error on empty lists. Use pattern matching, 'Data.List.uncons' or 'Data.Maybe.listToMaybe' instead. Consider refactoring to use "Data.List.NonEmpty"."
   |
72 |        ++ ", offending type: " ++ show (typeOf . head $ head xss)
   |                                                         ^^^^

src/Test/Speculate/Expr/Instance.hs:95:23: warning: [GHC-63394] [-Wx-partial]
    In the use of ‘head’
    (imported from Prelude, but defined in GHC.Internal.List):
    "This is a partial function, it throws an error on empty lists. Use pattern matching, 'Data.List.uncons' or 'Data.Maybe.listToMaybe' instead. Consider refactoring to use "Data.List.NonEmpty"."
   |
95 |                , typ (head . concat $ tiers) == t]
   |                       ^^^^

[16 of 31] Compiling Test.Speculate.Expr.Equate
[17 of 31] Compiling Test.Speculate.Expr.Ground
[18 of 31] Compiling Test.Speculate.Expr
[19 of 31] Compiling Test.Speculate.Sanity
[20 of 31] Compiling Test.Speculate.Reason.Order
[21 of 31] Compiling Test.Speculate.Reason
[22 of 31] Compiling Test.Speculate.SemiReason
[23 of 31] Compiling Test.Speculate.CondReason
[24 of 31] Compiling Test.Speculate.Pretty
[25 of 31] Compiling Test.Speculate.Engine
src/Test/Speculate/Engine.hs:86:42: warning: [GHC-63394] [-Wx-partial]
    In the use of ‘head’
    (imported from Data.List, but defined in GHC.Internal.List):
    "This is a partial function, it throws an error on empty lists. Use pattern matching, 'Data.List.uncons' or 'Data.Maybe.listToMaybe' instead. Consider refactoring to use "Data.List.NonEmpty"."
   |
86 |            `concatMap` expansionsOfType (head es) (map nam es) e
   |                                          ^^^^

[26 of 31] Compiling Test.Speculate.Args
[27 of 31] Compiling Test.Speculate.Report
src/Test/Speculate/Report.hs:39:62: warning: [GHC-63394] [-Wx-partial]
    In the use of ‘head’
    (imported from Prelude, but defined in GHC.Internal.List):
    "This is a partial function, it throws an error on empty lists. Use pattern matching, 'Data.List.uncons' or 'Data.Maybe.listToMaybe' instead. Consider refactoring to use "Data.List.NonEmpty"."
   |
39 |   when (showConstants args) . putStrLn . unlines $ map show (head dss)
   |                                                              ^^^^

[28 of 31] Compiling Test.Speculate
[29 of 31] Compiling Test.Speculate.Function.A1000
[30 of 31] Compiling Test.Speculate.Function.A100
[31 of 31] Compiling Test.Speculate.Function.A10
Configuring test suite 'utils' for speculate-0.4.20...
Preprocessing test suite 'utils' for speculate-0.4.20...
Building test suite 'utils' for speculate-0.4.20...
[1 of 3] Compiling Test.ListableExpr
[2 of 3] Compiling Test
test/Test.hs:212:25: warning: [GHC-63394] [-Wx-partial]
    In the use of ‘tail’
    (imported from Prelude, but defined in GHC.Internal.List):
    "This is a partial function, it throws an error on empty lists. Replace it with 'drop' 1, or use pattern matching or 'GHC.Internal.Data.List.uncons' instead. Consider refactoring to use "Data.List.NonEmpty"."
    |
212 |     listLines ss = '[':(tail . unlines $ map (", " ++) ss) ++ "]"
    |                         ^^^^

[3 of 3] Compiling Main
[4 of 4] Linking /tmp/workdir-speculate/speculate-0.4.20/dist-newstyle/build/x86_64-linux/ghc-9.10.2/speculate-0.4.20/t/utils/build/utils/utils
Configuring test suite 'reason' for speculate-0.4.20...
Preprocessing test suite 'reason' for speculate-0.4.20...
Building test suite 'reason' for speculate-0.4.20...
[1 of 3] Compiling Test.ListableExpr
[2 of 3] Compiling Test
test/Test.hs:212:25: warning: [GHC-63394] [-Wx-partial]
    In the use of ‘tail’
    (imported from Prelude, but defined in GHC.Internal.List):
    "This is a partial function, it throws an error on empty lists. Replace it with 'drop' 1, or use pattern matching or 'GHC.Internal.Data.List.uncons' instead. Consider refactoring to use "Data.List.NonEmpty"."
    |
212 |     listLines ss = '[':(tail . unlines $ map (", " ++) ss) ++ "]"
    |                         ^^^^

[3 of 3] Compiling Main
[4 of 4] Linking /tmp/workdir-speculate/speculate-0.4.20/dist-newstyle/build/x86_64-linux/ghc-9.10.2/speculate-0.4.20/t/reason/build/reason/reason
Configuring test suite 'order' for speculate-0.4.20...
Preprocessing test suite 'order' for speculate-0.4.20...
Building test suite 'order' for speculate-0.4.20...
[1 of 3] Compiling Test.ListableExpr
[2 of 3] Compiling Test
test/Test.hs:212:25: warning: [GHC-63394] [-Wx-partial]
    In the use of ‘tail’
    (imported from Prelude, but defined in GHC.Internal.List):
    "This is a partial function, it throws an error on empty lists. Replace it with 'drop' 1, or use pattern matching or 'GHC.Internal.Data.List.uncons' instead. Consider refactoring to use "Data.List.NonEmpty"."
    |
212 |     listLines ss = '[':(tail . unlines $ map (", " ++) ss) ++ "]"
    |                         ^^^^

[3 of 3] Compiling Main
[4 of 4] Linking /tmp/workdir-speculate/speculate-0.4.20/dist-newstyle/build/x86_64-linux/ghc-9.10.2/speculate-0.4.20/t/order/build/order/order
Configuring test suite 'expr' for speculate-0.4.20...
Preprocessing test suite 'expr' for speculate-0.4.20...
Building test suite 'expr' for speculate-0.4.20...
[1 of 3] Compiling Test.ListableExpr
[2 of 3] Compiling Test
test/Test.hs:212:25: warning: [GHC-63394] [-Wx-partial]
    In the use of ‘tail’
    (imported from Prelude, but defined in GHC.Internal.List):
    "This is a partial function, it throws an error on empty lists. Replace it with 'drop' 1, or use pattern matching or 'GHC.Internal.Data.List.uncons' instead. Consider refactoring to use "Data.List.NonEmpty"."
    |
212 |     listLines ss = '[':(tail . unlines $ map (", " ++) ss) ++ "]"
    |                         ^^^^

[3 of 3] Compiling Main
[4 of 4] Linking /tmp/workdir-speculate/speculate-0.4.20/dist-newstyle/build/x86_64-linux/ghc-9.10.2/speculate-0.4.20/t/expr/build/expr/expr
Configuring test suite 'eval' for speculate-0.4.20...
Preprocessing test suite 'eval' for speculate-0.4.20...
Building test suite 'eval' for speculate-0.4.20...
[1 of 3] Compiling Test.ListableExpr
[2 of 3] Compiling Test
test/Test.hs:212:25: warning: [GHC-63394] [-Wx-partial]
    In the use of ‘tail’
    (imported from Prelude, but defined in GHC.Internal.List):
    "This is a partial function, it throws an error on empty lists. Replace it with 'drop' 1, or use pattern matching or 'GHC.Internal.Data.List.uncons' instead. Consider refactoring to use "Data.List.NonEmpty"."
    |
212 |     listLines ss = '[':(tail . unlines $ map (", " ++) ss) ++ "]"
    |                         ^^^^

[3 of 3] Compiling Main
[4 of 4] Linking /tmp/workdir-speculate/speculate-0.4.20/dist-newstyle/build/x86_64-linux/ghc-9.10.2/speculate-0.4.20/t/eval/build/eval/eval
Configuring test suite 'engine' for speculate-0.4.20...
Preprocessing test suite 'engine' for speculate-0.4.20...
Building test suite 'engine' for speculate-0.4.20...
[1 of 3] Compiling Test.ListableExpr
[2 of 3] Compiling Test
test/Test.hs:212:25: warning: [GHC-63394] [-Wx-partial]
    In the use of ‘tail’
    (imported from Prelude, but defined in GHC.Internal.List):
    "This is a partial function, it throws an error on empty lists. Replace it with 'drop' 1, or use pattern matching or 'GHC.Internal.Data.List.uncons' instead. Consider refactoring to use "Data.List.NonEmpty"."
    |
212 |     listLines ss = '[':(tail . unlines $ map (", " ++) ss) ++ "]"
    |                         ^^^^

[3 of 3] Compiling Main
[4 of 4] Linking /tmp/workdir-speculate/speculate-0.4.20/dist-newstyle/build/x86_64-linux/ghc-9.10.2/speculate-0.4.20/t/engine/build/engine/engine
Configuring test suite 'creason' for speculate-0.4.20...
Preprocessing test suite 'creason' for speculate-0.4.20...
Building test suite 'creason' for speculate-0.4.20...
[1 of 3] Compiling Test.ListableExpr
[2 of 3] Compiling Test
test/Test.hs:212:25: warning: [GHC-63394] [-Wx-partial]
    In the use of ‘tail’
    (imported from Prelude, but defined in GHC.Internal.List):
    "This is a partial function, it throws an error on empty lists. Replace it with 'drop' 1, or use pattern matching or 'GHC.Internal.Data.List.uncons' instead. Consider refactoring to use "Data.List.NonEmpty"."
    |
212 |     listLines ss = '[':(tail . unlines $ map (", " ++) ss) ++ "]"
    |                         ^^^^

[3 of 3] Compiling Main
[4 of 4] Linking /tmp/workdir-speculate/speculate-0.4.20/dist-newstyle/build/x86_64-linux/ghc-9.10.2/speculate-0.4.20/t/creason/build/creason/creason
