Resolving dependencies...
Build profile: -w ghc-9.10.2 -O1
In order, the following will be built (use -v for more details):
 - postgresql-libpq-0.11.0.0 (lib) (first run)
 - postgresql-libpq-0.11.0.0 (test:smoke) (first run)
Configuring library for postgresql-libpq-0.11.0.0...
Preprocessing library for postgresql-libpq-0.11.0.0...
Building library for postgresql-libpq-0.11.0.0...
[1 of 9] Compiling Database.PostgreSQL.LibPQ.Compat
[2 of 9] Compiling Database.PostgreSQL.LibPQ.Enums
[3 of 9] Compiling Database.PostgreSQL.LibPQ.Internal
[4 of 9] Compiling Database.PostgreSQL.LibPQ.Marshal
[5 of 9] Compiling Database.PostgreSQL.LibPQ.Notify
[6 of 9] Compiling Database.PostgreSQL.LibPQ.Oid
[7 of 9] Compiling Database.PostgreSQL.LibPQ.FFI
[8 of 9] Compiling Database.PostgreSQL.LibPQ.Ptr
[9 of 9] Compiling Database.PostgreSQL.LibPQ
Configuring test suite 'smoke' for postgresql-libpq-0.11.0.0...
Preprocessing test suite 'smoke' for postgresql-libpq-0.11.0.0...
Building test suite 'smoke' for postgresql-libpq-0.11.0.0...
[1 of 1] Compiling Main
[2 of 2] Linking /tmp/workdir-postgresql-libpq/postgresql-libpq-0.11.0.0/dist-newstyle/build/x86_64-linux/ghc-9.10.2/postgresql-libpq-0.11.0.0/t/smoke/build/smoke/smoke
