Resolving dependencies...
Build profile: -w ghc-9.10.2 -O1
In order, the following will be built (use -v for more details):
 - crypton-x509-store-1.6.11 (lib) (first run)
 - crypton-x509-store-1.6.11 (test:test-x509-store) (first run)
Configuring library for crypton-x509-store-1.6.11...
Preprocessing library for crypton-x509-store-1.6.11...
Building library for crypton-x509-store-1.6.11...
[1 of 3] Compiling Data.X509.CertificateStore
Data/X509/CertificateStore.hs:17:19: warning: [GHC-38856] [-Wunused-imports]
    The import of ‘foldl'’ from module ‘Data.List’ is redundant
   |
17 | import Data.List (foldl', isPrefixOf)
   |                   ^^^^^^

Data/X509/CertificateStore.hs:19:1: warning: [GHC-66111] [-Wunused-imports]
    The import of ‘Data.Semigroup’ is redundant
      except perhaps to import instances from ‘Data.Semigroup’
    To import instances alone, use: import Data.Semigroup()
   |
19 | import           Data.Semigroup
   | ^^^^^^^^^^^^^^^^^^^^^^^^^^^^^^^

Data/X509/CertificateStore.hs:23:1: warning: [GHC-66111] [-Wunused-imports]
    The import of ‘Control.Applicative’ is redundant
      except perhaps to import instances from ‘Control.Applicative’
    To import instances alone, use: import Control.Applicative()
   |
23 | import Control.Applicative ((<$>))
   | ^^^^^^^^^^^^^^^^^^^^^^^^^^^^^^^^^^

[2 of 3] Compiling Data.X509.Memory
[3 of 3] Compiling Data.X509.File
Data/X509/File.hs:7:1: warning: [GHC-66111] [-Wunused-imports]
    The import of ‘Control.Applicative’ is redundant
      except perhaps to import instances from ‘Control.Applicative’
    To import instances alone, use: import Control.Applicative()
  |
7 | import Control.Applicative
  | ^^^^^^^^^^^^^^^^^^^^^^^^^^

Data/X509/File.hs:9:1: warning: [GHC-66111] [-Wunused-imports]
    The import of ‘Data.ASN1.BinaryEncoding’ is redundant
      except perhaps to import instances from ‘Data.ASN1.BinaryEncoding’
    To import instances alone, use: import Data.ASN1.BinaryEncoding()
  |
9 | import Data.ASN1.BinaryEncoding
  | ^^^^^^^^^^^^^^^^^^^^^^^^^^^^^^^

Data/X509/File.hs:10:1: warning: [GHC-66111] [-Wunused-imports]
    The import of ‘Data.ASN1.Encoding’ is redundant
      except perhaps to import instances from ‘Data.ASN1.Encoding’
    To import instances alone, use: import Data.ASN1.Encoding()
   |
10 | import Data.ASN1.Encoding
   | ^^^^^^^^^^^^^^^^^^^^^^^^^

Data/X509/File.hs:14:35: warning: [GHC-38856] [-Wunused-imports]
    The import of ‘PEM(pemName)’ from module ‘Data.PEM’ is redundant
   |
14 | import Data.PEM (PEM, pemContent, pemName, pemParseLBS)
   |                                   ^^^^^^^

Configuring test suite 'test-x509-store' for crypton-x509-store-1.6.11...
Preprocessing test suite 'test-x509-store' for crypton-x509-store-1.6.11...
Building test suite 'test-x509-store' for crypton-x509-store-1.6.11...
[1 of 1] Compiling Main
[2 of 2] Linking /tmp/workdir-crypton-x509-store/crypton-x509-store-1.6.11/dist-newstyle/build/x86_64-linux/ghc-9.10.2/crypton-x509-store-1.6.11/t/test-x509-store/build/test-x509-store/test-x509-store
