Resolving dependencies...
Build profile: -w ghc-9.10.2 -O1
In order, the following will be built (use -v for more details):
 - ptr-0.16.8.7 (lib) (first run)
 - ptr-0.16.8.7 (test:tests) (first run)
Configuring library for ptr-0.16.8.7...
Preprocessing library for ptr-0.16.8.7...
Building library for ptr-0.16.8.7...
[ 1 of 17] Compiling Ptr.Prelude
[ 2 of 17] Compiling Ptr.List
[ 3 of 17] Compiling Ptr.Receive.Core
[ 4 of 17] Compiling Ptr.UncheckedShifting
[ 5 of 17] Compiling Ptr.IO
[ 6 of 17] Compiling Ptr.PokeIO
[ 7 of 17] Compiling Ptr.PokeAndPeek
[ 8 of 17] Compiling Ptr.Poke
[ 9 of 17] Compiling Ptr.Poking
[10 of 17] Compiling Ptr.ParseUnbound
[11 of 17] Compiling Ptr.Parse
[12 of 17] Compiling Ptr.Peek
[13 of 17] Compiling Ptr.Receive
[14 of 17] Compiling Ptr.ByteString
[15 of 17] Compiling Ptr.Util.ByteString
[16 of 17] Compiling Ptr.Util.Word8Predicates
[17 of 17] Compiling Ptr.Read
Configuring test suite 'tests' for ptr-0.16.8.7...
Preprocessing test suite 'tests' for ptr-0.16.8.7...
Building test suite 'tests' for ptr-0.16.8.7...
[1 of 1] Compiling Main
[2 of 2] Linking /tmp/workdir-ptr/ptr-0.16.8.7/dist-newstyle/build/x86_64-linux/ghc-9.10.2/ptr-0.16.8.7/t/tests/build/tests/tests
