Resolving dependencies...
Build profile: -w ghc-9.10.2 -O1
In order, the following will be built (use -v for more details):
 - csv-conduit-1.0.1.1 (lib) (first run)
 - csv-conduit-1.0.1.1 (test:test) (first run)
Configuring library for csv-conduit-1.0.1.1...
Warning: [git-protocol] Cloning over git:// might lead to an arbitrary code
execution vulnerability. Furthermore, popular forges like GitHub do not
support it. Use https:// or ssh:// instead.
Preprocessing library for csv-conduit-1.0.1.1...
Building library for csv-conduit-1.0.1.1...
[1 of 7] Compiling Data.CSV.Conduit.Monoid
[2 of 7] Compiling Data.CSV.Conduit.Conversion.Internal
[3 of 7] Compiling Data.CSV.Conduit.Conversion
[4 of 7] Compiling Data.CSV.Conduit.Types
[5 of 7] Compiling Data.CSV.Conduit.Parser.Text
[6 of 7] Compiling Data.CSV.Conduit.Parser.ByteString
[7 of 7] Compiling Data.CSV.Conduit
Configuring test suite 'test' for csv-conduit-1.0.1.1...
Warning: [git-protocol] Cloning over git:// might lead to an arbitrary code
execution vulnerability. Furthermore, popular forges like GitHub do not
support it. Use https:// or ssh:// instead.
Preprocessing test suite 'test' for csv-conduit-1.0.1.1...
Building test suite 'test' for csv-conduit-1.0.1.1...
[1 of 1] Compiling Main
[2 of 2] Linking dist-newstyle/build/x86_64-linux/ghc-9.10.2/csv-conduit-1.0.1.1/t/test/build/test/test
