Resolving dependencies...
Build profile: -w ghc-9.10.2 -O1
In order, the following will be built (use -v for more details):
 - thyme-0.4.1 (lib) (first run)
 - thyme-0.4.1 (test:sanity) (first run)
 - thyme-0.4.1 (test:rewrite) (first run)
Configuring library for thyme-0.4.1...
Preprocessing library for thyme-0.4.1...
Building library for thyme-0.4.1...
[ 1 of 22] Compiling Control.Lens
[ 2 of 22] Compiling Data.Thyme.Format.Internal
[ 3 of 22] Compiling Data.Thyme.Calendar.Internal
[ 4 of 22] Compiling Data.Thyme.Calendar.MonthDay
[ 5 of 22] Compiling Data.Thyme.Internal.Micro
[ 6 of 22] Compiling Data.Thyme.Clock.Internal
src/Data/Thyme/Clock/Internal.hs:60:28: warning: [GHC-58520] [-Wtype-equality-requires-operators]
    The use of ‘~’ without TypeOperators
    will become an error in a future GHC release.
    Suggested fix: Perhaps you intended to use TypeOperators
   |
60 | class (HasBasis t, Basis t ~ (), Scalar t ~ Rational) => TimeDiff t where
   |                            ^

src/Data/Thyme/Clock/Internal.hs:60:43: warning: [GHC-58520] [-Wtype-equality-requires-operators]
    The use of ‘~’ without TypeOperators
    will become an error in a future GHC release.
    Suggested fix: Perhaps you intended to use TypeOperators
   |
60 | class (HasBasis t, Basis t ~ (), Scalar t ~ Rational) => TimeDiff t where
   |                                           ^

[ 7 of 22] Compiling Data.Thyme.Format.Human
src/Data/Thyme/Format/Human.hs:52:37: warning: [GHC-63394] [-Wx-partial]
    In the use of ‘tail’
    (imported from Prelude, but defined in GHC.Internal.List):
    "This is a partial function, it throws an error on empty lists. Replace it with 'drop' 1, or use pattern matching or 'GHC.Internal.Data.List.uncons' instead. Consider refactoring to use "Data.List.NonEmpty"."
   |
52 |         zipWith (approx us . unit) (tail units) units
   |                                     ^^^^

[ 8 of 22] Compiling Data.Thyme.Clock.POSIX
[ 9 of 22] Compiling Data.Thyme.Clock
[10 of 22] Compiling Data.Thyme.Calendar
[11 of 22] Compiling Data.Thyme.Calendar.WeekdayOfMonth
[12 of 22] Compiling Data.Thyme.Calendar.OrdinalDate
[13 of 22] Compiling Data.Thyme.Calendar.WeekDate
[14 of 22] Compiling Data.Thyme.LocalTime
[15 of 22] Compiling Data.Thyme.Clock.TAI
[16 of 22] Compiling Data.Thyme.Format
[17 of 22] Compiling Data.Thyme
[18 of 22] Compiling Data.Thyme.Format.Aeson
[19 of 22] Compiling Data.Thyme.TrueName
[20 of 22] Compiling Data.Thyme.Time.Core
[21 of 22] Compiling Data.Thyme.Time
[22 of 22] Compiling Data.Thyme.Docs
Configuring test suite 'sanity' for thyme-0.4.1...
Preprocessing test suite 'sanity' for thyme-0.4.1...
Building test suite 'sanity' for thyme-0.4.1...
[1 of 3] Compiling Control.Lens
[2 of 3] Compiling Common
[3 of 3] Compiling Main
tests/sanity.hs:95:5: warning: [GHC-63397] [-Wname-shadowing]
    This binding for ‘isSuccess’ shadows the existing binding
      imported from ‘Test.QuickCheck’ at tests/sanity.hs:19:1-22
      (and originally defined in ‘Test.QuickCheck.Test’)
   |
95 |     isSuccess r = case r of Success {} -> True; _ -> False
   |     ^^^^^^^^^

[4 of 4] Linking /tmp/workdir-thyme/thyme-0.4.1/dist-newstyle/build/x86_64-linux/ghc-9.10.2/thyme-0.4.1/t/sanity/build/sanity/sanity
Configuring test suite 'rewrite' for thyme-0.4.1...
Preprocessing test suite 'rewrite' for thyme-0.4.1...
Building test suite 'rewrite' for thyme-0.4.1...
[1 of 1] Compiling Main
[2 of 2] Linking /tmp/workdir-thyme/thyme-0.4.1/dist-newstyle/build/x86_64-linux/ghc-9.10.2/thyme-0.4.1/t/rewrite/build/rewrite/rewrite
