Resolving dependencies...
Build profile: -w ghc-9.10.2 -O1
In order, the following will be built (use -v for more details):
 - ghc-typelits-presburger-0.7.4.2 (lib) (first run)
 - ghc-typelits-presburger-0.7.4.2 (test:test-typeltis-presburger) (first run)
Configuring library for ghc-typelits-presburger-0.7.4.2...
Preprocessing library for ghc-typelits-presburger-0.7.4.2...
Building library for ghc-typelits-presburger-0.7.4.2...
[1 of 6] Compiling Data.Integer.SAT
src/Data/Integer/SAT.hs:48:1: warning: [GHC-38856] [-Wunused-imports]
    The import of ‘<$>, Applicative’
    from module ‘Control.Applicative’ is redundant
   |
48 | import Control.Applicative (Alternative (..), Applicative (..), (<$>))
   | ^^^^^^^^^^^^^^^^^^^^^^^^^^^^^^^^^^^^^^^^^^^^^^^^^^^^^^^^^^^^^^^^^^^^^^

[2 of 6] Compiling GHC.TypeLits.Presburger.Flags
[3 of 6] Compiling GHC.TypeLits.Presburger.Compat
src/GHC/TypeLits/Presburger/Compat.hs:18:1: warning: [GHC-66111] [-Wunused-imports]
    The import of ‘GHC.TypeLits.Presburger.Flags’ is redundant
      except perhaps to import instances from ‘GHC.TypeLits.Presburger.Flags’
    To import instances alone, use: import GHC.TypeLits.Presburger.Flags()
   |
18 | import GHC.TypeLits.Presburger.Flags
   | ^^^^^^^^^^^^^^^^^^^^^^^^^^^^^^^^^^^^

src/GHC/TypeLits/Presburger/Compat.hs:42:65: warning: [GHC-38856] [-Wunused-imports]
    The import of ‘Role’ from module ‘GHC.Plugins’ is redundant
   |
42 | import GHC.Plugins as GHC.TypeLits.Presburger.Compat (mkUnivCo, Role(..))
   |                                                                 ^^^^^^^^

src/GHC/TypeLits/Presburger/Compat.hs:84:1: warning: [GHC-66111] [-Wunused-imports]
    The import of ‘GHC.Builtin.Names’ is redundant
      except perhaps to import instances from ‘GHC.Builtin.Names’
    To import instances alone, use: import GHC.Builtin.Names()
   |
84 | import GHC.Builtin.Names (mkBaseModule)
   | ^^^^^^^^^^^^^^^^^^^^^^^^^^^^^^^^^^^^^^^

src/GHC/TypeLits/Presburger/Compat.hs:135:3: warning: [GHC-38856] [-Wunused-imports]
    The import of ‘mkTyConTy’ from module ‘GHC.Plugins’ is redundant
    |
135 |   mkTyConTy,
    |   ^^^^^^^^^

src/GHC/TypeLits/Presburger/Compat.hs:171:1: warning: [GHC-66111] [-Wunused-imports]
    The import of ‘GHC.Tc.Types’ is redundant
      except perhaps to import instances from ‘GHC.Tc.Types’
    To import instances alone, use: import GHC.Tc.Types()
    |
171 | import GHC.Tc.Types as GHC.TypeLits.Presburger.Compat (TcPlugin (..))
    | ^^^^^^^^^^^^^^^^^^^^^^^^^^^^^^^^^^^^^^^^^^^^^^^^^^^^^^^^^^^^^^^^^^^^^

src/GHC/TypeLits/Presburger/Compat.hs:172:1: warning: [GHC-66111] [-Wunused-imports]
    The import of ‘GHC.Tc.Types.Constraint’ is redundant
      except perhaps to import instances from ‘GHC.Tc.Types.Constraint’
    To import instances alone, use: import GHC.Tc.Types.Constraint()
    |
172 | import GHC.Tc.Types.Constraint as GHC.TypeLits.Presburger.Compat (
    | ^^^^^^^^^^^^^^^^^^^^^^^^^^^^^^^^^^^^^^^^^^^^^^^^^^^^^^^^^^^^^^^^^^...

src/GHC/TypeLits/Presburger/Compat.hs:188:47: warning: [GHC-38856] [-Wunused-imports]
    The import of ‘toUnitId’ from module ‘GHC.Unit.Types’ is redundant
    |
188 | import GHC.Unit.Types (UnitId (..), fsToUnit, toUnitId)
    |                                               ^^^^^^^^

[4 of 6] Compiling GHC.TypeLits.Presburger.Types
src/GHC/TypeLits/Presburger/Types.hs:41:1: warning: [GHC-66111] [-Wunused-imports]
    The import of ‘Data.Char’ is redundant
      except perhaps to import instances from ‘Data.Char’
    To import instances alone, use: import Data.Char()
   |
41 | import Data.Char (isDigit)
   | ^^^^^^^^^^^^^^^^^^^^^^^^^^

src/GHC/TypeLits/Presburger/Types.hs:49:1: warning: [GHC-66111] [-Wunused-imports]
    The qualified import of ‘Data.List’ is redundant
      except perhaps to import instances from ‘Data.List’
    To import instances alone, use: import Data.List()
   |
49 | import qualified Data.List as L
   | ^^^^^^^^^^^^^^^^^^^^^^^^^^^^^^^

src/GHC/TypeLits/Presburger/Types.hs:55:5: warning: [GHC-38856] [-Wunused-imports]
    The import of ‘listToMaybe’ from module ‘Data.Maybe’ is redundant
   |
55 |     listToMaybe,
   |     ^^^^^^^^^^^

src/GHC/TypeLits/Presburger/Types.hs:62:1: warning: [GHC-66111] [-Wunused-imports]
    The import of ‘GHC.TypeLits.Presburger.Flags’ is redundant
      except perhaps to import instances from ‘GHC.TypeLits.Presburger.Flags’
    To import instances alone, use: import GHC.TypeLits.Presburger.Flags()
   |
62 | import GHC.TypeLits.Presburger.Flags
   | ^^^^^^^^^^^^^^^^^^^^^^^^^^^^^^^^^^^^

[5 of 6] Compiling GHC.TypeLits.Presburger
[6 of 6] Compiling Paths_ghc_typelits_presburger
Configuring test suite 'test-typeltis-presburger' for ghc-typelits-presburger-0.7.4.2...
Preprocessing test suite 'test-typeltis-presburger' for ghc-typelits-presburger-0.7.4.2...
Building test suite 'test-typeltis-presburger' for ghc-typelits-presburger-0.7.4.2...
<no location info>: warning: [GHC-42258] [-Wunused-packages]
    The following packages were specified via -package or -package-id flags,
    but were not needed for compilation:
      - equational-reasoning-0.7.1.0 (exposed by flag -package-id equational-reasoning-0.7.1.0-3d935af16b2ab9c78a6f71c1874cd86b41e585a307da44a6f39a7c42567e3427)
      - tasty-discover-5.0.2 (exposed by flag -package-id tasty-discover-5.0.2-b33c2c0fca91b989e3fa3f5fe6f32c8cd098e5d8fd7d600f3c50ae4bad270473)
      - tasty-expected-failure-0.12.3 (exposed by flag -package-id tasty-expected-failure-0.12.3-f7fb238da90bbb84a29e2b6ebcb1d23b2f3008d5ba8404abe8cc425794bac86e)

[1 of 6] Compiling Paths_ghc_typelits_presburger
[2 of 6] Compiling Shared
[3 of 6] Compiling ErrorsWithPlugin
test/ErrorsWithPlugin.hs:1:1: warning: [GHC-85401] [-Wmissing-export-lists]
    The export item ‘module ErrorsWithPlugin’ is missing an export list
  |
1 | {-# LANGUAGE DataKinds #-}
  | ^

test/ErrorsWithPlugin.hs:11:1: warning: [GHC-62161] [-Wincomplete-patterns]
    Pattern match(es) are non-exhaustive
    In an equation for ‘zipMVec’:
        Patterns of type ‘Vec n a’, ‘Vec n b’ not matched:
            Nil (_ :- _)
            (_ :- _) Nil
   |
11 | zipMVec Nil Nil = Nil
   | ^^^^^^^^^^^^^^^^^^^^^...

test/ErrorsWithPlugin.hs:12:18: warning: [GHC-40910] [-Wunused-matches]
    Defined but not used: ‘as’
   |
12 | zipMVec zs@(a :- as) (b :- bs) = (a, b) :- zipMVec zs bs
   |                  ^^

test/ErrorsWithPlugin.hs:12:34: warning: [GHC-25897] [-Wdeferred-type-errors]
    • Could not deduce ‘n1 ~ n’
        arising from reasoning about an injective type family using constraints:
          ‘(n ghc-internal-9.1002.0:GHC.Internal.TypeNats.+ 1) ~ n’
            arising from a type equality
              Vec (n ghc-internal-9.1002.0:GHC.Internal.TypeNats.+ 1) (a, b)
              ~
              Vec n (a, b) at test/ErrorsWithPlugin.hs:12:34-56
          ‘(n1 ghc-internal-9.1002.0:GHC.Internal.TypeNats.+ 1) ~ n’
            arising from a pattern with constructor:
                           :- :: forall a (n1 :: GHC.Num.Natural.Natural).
                                 a
                                 -> Vec n1 a
                                 -> Vec (n1 ghc-internal-9.1002.0:GHC.Internal.TypeNats.+ 1) a,
                         in an equation for ‘zipMVec’ at test/ErrorsWithPlugin.hs:12:13-19
      from the context: n
                        ~ (n1 ghc-internal-9.1002.0:GHC.Internal.TypeNats.+ 1)
        bound by a pattern with constructor:
                   :- :: forall a (n1 :: GHC.Num.Natural.Natural).
                         a
                         -> Vec n1 a
                         -> Vec (n1 ghc-internal-9.1002.0:GHC.Internal.TypeNats.+ 1) a,
                 in an equation for ‘zipMVec’
        at test/ErrorsWithPlugin.hs:12:13-19
      or from: n ~ (n2 ghc-internal-9.1002.0:GHC.Internal.TypeNats.+ 1)
        bound by a pattern with constructor:
                   :- :: forall a (n1 :: GHC.Num.Natural.Natural).
                         a
                         -> Vec n1 a
                         -> Vec (n1 ghc-internal-9.1002.0:GHC.Internal.TypeNats.+ 1) a,
                 in an equation for ‘zipMVec’
        at test/ErrorsWithPlugin.hs:12:23-29
      ‘n1’ is a rigid type variable bound by
        a pattern with constructor:
          :- :: forall a (n1 :: GHC.Num.Natural.Natural).
                a
                -> Vec n1 a
                -> Vec (n1 ghc-internal-9.1002.0:GHC.Internal.TypeNats.+ 1) a,
        in an equation for ‘zipMVec’
        at test/ErrorsWithPlugin.hs:12:13-19
      ‘n’ is a rigid type variable bound by
        the type signature for:
          zipMVec :: forall (n :: ghc-internal-9.1002.0:GHC.Internal.TypeNats.Nat)
                            a b.
                     Vec n a -> Vec n b -> Vec n (a, b)
        at test/ErrorsWithPlugin.hs:10:1-45
    • In the expression: (a, b) :- zipMVec zs bs
      In an equation for ‘zipMVec’:
          zipMVec zs@(a :- as) (b :- bs) = (a, b) :- zipMVec zs bs
    • Relevant bindings include
        as :: Vec n1 a (bound at test/ErrorsWithPlugin.hs:12:18)
        zs :: Vec n a (bound at test/ErrorsWithPlugin.hs:12:9)
        zipMVec :: Vec n a -> Vec n b -> Vec n (a, b)
          (bound at test/ErrorsWithPlugin.hs:11:1)
   |
12 | zipMVec zs@(a :- as) (b :- bs) = (a, b) :- zipMVec zs bs
   |                                  ^^^^^^^^^^^^^^^^^^^^^^^

test/ErrorsWithPlugin.hs:12:34: warning: [GHC-25897] [-Wdeferred-type-errors]
    • Could not deduce ‘(n
                         ghc-internal-9.1002.0:GHC.Internal.TypeNats.+ 1)
                        ~ n’
      from the context: n
                        ~ (n1 ghc-internal-9.1002.0:GHC.Internal.TypeNats.+ 1)
        bound by a pattern with constructor:
                   :- :: forall a (n1 :: GHC.Num.Natural.Natural).
                         a
                         -> Vec n1 a
                         -> Vec (n1 ghc-internal-9.1002.0:GHC.Internal.TypeNats.+ 1) a,
                 in an equation for ‘zipMVec’
        at test/ErrorsWithPlugin.hs:12:13-19
      or from: n ~ (n2 ghc-internal-9.1002.0:GHC.Internal.TypeNats.+ 1)
        bound by a pattern with constructor:
                   :- :: forall a (n1 :: GHC.Num.Natural.Natural).
                         a
                         -> Vec n1 a
                         -> Vec (n1 ghc-internal-9.1002.0:GHC.Internal.TypeNats.+ 1) a,
                 in an equation for ‘zipMVec’
        at test/ErrorsWithPlugin.hs:12:23-29
      Expected: Vec n (a, b)
        Actual: Vec
                  (n ghc-internal-9.1002.0:GHC.Internal.TypeNats.+ 1) (a, b)
      ‘n’ is a rigid type variable bound by
        the type signature for:
          zipMVec :: forall (n :: ghc-internal-9.1002.0:GHC.Internal.TypeNats.Nat)
                            a b.
                     Vec n a -> Vec n b -> Vec n (a, b)
        at test/ErrorsWithPlugin.hs:10:1-45
    • In the expression: (a, b) :- zipMVec zs bs
      In an equation for ‘zipMVec’:
          zipMVec zs@(a :- as) (b :- bs) = (a, b) :- zipMVec zs bs
    • Relevant bindings include
        zs :: Vec n a (bound at test/ErrorsWithPlugin.hs:12:9)
        zipMVec :: Vec n a -> Vec n b -> Vec n (a, b)
          (bound at test/ErrorsWithPlugin.hs:11:1)
   |
12 | zipMVec zs@(a :- as) (b :- bs) = (a, b) :- zipMVec zs bs
   |                                  ^^^^^^^^^^^^^^^^^^^^^^^

test/ErrorsWithPlugin.hs:19:31: warning: [GHC-25897] [-Wdeferred-type-errors]
    • Could not deduce ‘n1 ~ n’
      from the context: n
                        ~ (n1 ghc-internal-9.1002.0:GHC.Internal.TypeNats.+ 1)
        bound by a pattern with constructor:
                   :- :: forall a (n1 :: GHC.Num.Natural.Natural).
                         a
                         -> Vec n1 a
                         -> Vec (n1 ghc-internal-9.1002.0:GHC.Internal.TypeNats.+ 1) a,
                 in an equation for ‘unSpin’
        at test/ErrorsWithPlugin.hs:19:12-18
      Expected: Vec n a
        Actual: Vec n1 a
      ‘n1’ is a rigid type variable bound by
        a pattern with constructor:
          :- :: forall a (n1 :: GHC.Num.Natural.Natural).
                a
                -> Vec n1 a
                -> Vec (n1 ghc-internal-9.1002.0:GHC.Internal.TypeNats.+ 1) a,
        in an equation for ‘unSpin’
        at test/ErrorsWithPlugin.hs:19:12-18
      ‘n’ is a rigid type variable bound by
        the type signature for:
          unSpin :: forall (n :: ghc-internal-9.1002.0:GHC.Internal.TypeNats.Nat)
                           a.
                    Vec n a -> ()
        at test/ErrorsWithPlugin.hs:17:1-23
    • In the second argument of ‘spin’, namely ‘ws’
      In the expression: spin zs ws
      In an equation for ‘unSpin’: unSpin zs@(_ :- ws) = spin zs ws
    • Relevant bindings include
        ws :: Vec n1 a (bound at test/ErrorsWithPlugin.hs:19:17)
        zs :: Vec n a (bound at test/ErrorsWithPlugin.hs:19:8)
        unSpin :: Vec n a -> () (bound at test/ErrorsWithPlugin.hs:18:1)
   |
19 | unSpin zs@(_ :- ws) = spin zs ws
   |                               ^^

[4 of 6] Compiling ErrorsNoPlugin
test/ErrorsNoPlugin.hs:1:1: warning: [GHC-85401] [-Wmissing-export-lists]
    The export item ‘module ErrorsNoPlugin’ is missing an export list
  |
1 | {-# LANGUAGE DataKinds #-}
  | ^

test/ErrorsNoPlugin.hs:10:1: warning: [GHC-62161] [-Wincomplete-patterns]
    Pattern match(es) are non-exhaustive
    In an equation for ‘zipMVec’:
        Patterns of type ‘Vec n a’, ‘Vec n b’ not matched:
            Nil (_ :- _)
            (_ :- _) Nil
   |
10 | zipMVec Nil Nil = Nil
   | ^^^^^^^^^^^^^^^^^^^^^...

test/ErrorsNoPlugin.hs:11:18: warning: [GHC-40910] [-Wunused-matches]
    Defined but not used: ‘as’
   |
11 | zipMVec zs@(a :- as) (b :- bs) = (a, b) :- zipMVec zs bs
   |                  ^^

test/ErrorsNoPlugin.hs:11:34: warning: [GHC-25897] [-Wdeferred-type-errors]
    • Could not deduce ‘n1 ~ n’
        arising from reasoning about an injective type family using constraints:
          ‘(n ghc-internal-9.1002.0:GHC.Internal.TypeNats.+ 1) ~ n’
            arising from a type equality
              Vec (n ghc-internal-9.1002.0:GHC.Internal.TypeNats.+ 1) (a, b)
              ~
              Vec n (a, b) at test/ErrorsNoPlugin.hs:11:34-56
          ‘(n1 ghc-internal-9.1002.0:GHC.Internal.TypeNats.+ 1) ~ n’
            arising from a pattern with constructor:
                           :- :: forall a (n1 :: GHC.Num.Natural.Natural).
                                 a
                                 -> Vec n1 a
                                 -> Vec (n1 ghc-internal-9.1002.0:GHC.Internal.TypeNats.+ 1) a,
                         in an equation for ‘zipMVec’ at test/ErrorsNoPlugin.hs:11:13-19
      from the context: n
                        ~ (n1 ghc-internal-9.1002.0:GHC.Internal.TypeNats.+ 1)
        bound by a pattern with constructor:
                   :- :: forall a (n1 :: GHC.Num.Natural.Natural).
                         a
                         -> Vec n1 a
                         -> Vec (n1 ghc-internal-9.1002.0:GHC.Internal.TypeNats.+ 1) a,
                 in an equation for ‘zipMVec’
        at test/ErrorsNoPlugin.hs:11:13-19
      or from: n ~ (n2 ghc-internal-9.1002.0:GHC.Internal.TypeNats.+ 1)
        bound by a pattern with constructor:
                   :- :: forall a (n1 :: GHC.Num.Natural.Natural).
                         a
                         -> Vec n1 a
                         -> Vec (n1 ghc-internal-9.1002.0:GHC.Internal.TypeNats.+ 1) a,
                 in an equation for ‘zipMVec’
        at test/ErrorsNoPlugin.hs:11:23-29
      ‘n1’ is a rigid type variable bound by
        a pattern with constructor:
          :- :: forall a (n1 :: GHC.Num.Natural.Natural).
                a
                -> Vec n1 a
                -> Vec (n1 ghc-internal-9.1002.0:GHC.Internal.TypeNats.+ 1) a,
        in an equation for ‘zipMVec’
        at test/ErrorsNoPlugin.hs:11:13-19
      ‘n’ is a rigid type variable bound by
        the type signature for:
          zipMVec :: forall (n :: ghc-internal-9.1002.0:GHC.Internal.TypeNats.Nat)
                            a b.
                     Vec n a -> Vec n b -> Vec n (a, b)
        at test/ErrorsNoPlugin.hs:9:1-45
    • In the expression: (a, b) :- zipMVec zs bs
      In an equation for ‘zipMVec’:
          zipMVec zs@(a :- as) (b :- bs) = (a, b) :- zipMVec zs bs
    • Relevant bindings include
        as :: Vec n1 a (bound at test/ErrorsNoPlugin.hs:11:18)
        zs :: Vec n a (bound at test/ErrorsNoPlugin.hs:11:9)
        zipMVec :: Vec n a -> Vec n b -> Vec n (a, b)
          (bound at test/ErrorsNoPlugin.hs:10:1)
   |
11 | zipMVec zs@(a :- as) (b :- bs) = (a, b) :- zipMVec zs bs
   |                                  ^^^^^^^^^^^^^^^^^^^^^^^

test/ErrorsNoPlugin.hs:11:34: warning: [GHC-25897] [-Wdeferred-type-errors]
    • Could not deduce ‘(n
                         ghc-internal-9.1002.0:GHC.Internal.TypeNats.+ 1)
                        ~ n’
      from the context: n
                        ~ (n1 ghc-internal-9.1002.0:GHC.Internal.TypeNats.+ 1)
        bound by a pattern with constructor:
                   :- :: forall a (n1 :: GHC.Num.Natural.Natural).
                         a
                         -> Vec n1 a
                         -> Vec (n1 ghc-internal-9.1002.0:GHC.Internal.TypeNats.+ 1) a,
                 in an equation for ‘zipMVec’
        at test/ErrorsNoPlugin.hs:11:13-19
      or from: n ~ (n2 ghc-internal-9.1002.0:GHC.Internal.TypeNats.+ 1)
        bound by a pattern with constructor:
                   :- :: forall a (n1 :: GHC.Num.Natural.Natural).
                         a
                         -> Vec n1 a
                         -> Vec (n1 ghc-internal-9.1002.0:GHC.Internal.TypeNats.+ 1) a,
                 in an equation for ‘zipMVec’
        at test/ErrorsNoPlugin.hs:11:23-29
      Expected: Vec n (a, b)
        Actual: Vec
                  (n ghc-internal-9.1002.0:GHC.Internal.TypeNats.+ 1) (a, b)
      ‘n’ is a rigid type variable bound by
        the type signature for:
          zipMVec :: forall (n :: ghc-internal-9.1002.0:GHC.Internal.TypeNats.Nat)
                            a b.
                     Vec n a -> Vec n b -> Vec n (a, b)
        at test/ErrorsNoPlugin.hs:9:1-45
    • In the expression: (a, b) :- zipMVec zs bs
      In an equation for ‘zipMVec’:
          zipMVec zs@(a :- as) (b :- bs) = (a, b) :- zipMVec zs bs
    • Relevant bindings include
        zs :: Vec n a (bound at test/ErrorsNoPlugin.hs:11:9)
        zipMVec :: Vec n a -> Vec n b -> Vec n (a, b)
          (bound at test/ErrorsNoPlugin.hs:10:1)
   |
11 | zipMVec zs@(a :- as) (b :- bs) = (a, b) :- zipMVec zs bs
   |                                  ^^^^^^^^^^^^^^^^^^^^^^^

test/ErrorsNoPlugin.hs:18:31: warning: [GHC-25897] [-Wdeferred-type-errors]
    • Could not deduce ‘n1 ~ n’
      from the context: n
                        ~ (n1 ghc-internal-9.1002.0:GHC.Internal.TypeNats.+ 1)
        bound by a pattern with constructor:
                   :- :: forall a (n1 :: GHC.Num.Natural.Natural).
                         a
                         -> Vec n1 a
                         -> Vec (n1 ghc-internal-9.1002.0:GHC.Internal.TypeNats.+ 1) a,
                 in an equation for ‘unSpin’
        at test/ErrorsNoPlugin.hs:18:12-18
      Expected: Vec n a
        Actual: Vec n1 a
      ‘n1’ is a rigid type variable bound by
        a pattern with constructor:
          :- :: forall a (n1 :: GHC.Num.Natural.Natural).
                a
                -> Vec n1 a
                -> Vec (n1 ghc-internal-9.1002.0:GHC.Internal.TypeNats.+ 1) a,
        in an equation for ‘unSpin’
        at test/ErrorsNoPlugin.hs:18:12-18
      ‘n’ is a rigid type variable bound by
        the type signature for:
          unSpin :: forall (n :: ghc-internal-9.1002.0:GHC.Internal.TypeNats.Nat)
                           a.
                    Vec n a -> ()
        at test/ErrorsNoPlugin.hs:16:1-23
    • In the second argument of ‘spin’, namely ‘ws’
      In the expression: spin zs ws
      In an equation for ‘unSpin’: unSpin zs@(_ :- ws) = spin zs ws
    • Relevant bindings include
        ws :: Vec n1 a (bound at test/ErrorsNoPlugin.hs:18:17)
        zs :: Vec n a (bound at test/ErrorsNoPlugin.hs:18:8)
        unSpin :: Vec n a -> () (bound at test/ErrorsNoPlugin.hs:17:1)
   |
18 | unSpin zs@(_ :- ws) = spin zs ws
   |                               ^^

[5 of 6] Compiling GHC.TypeLits.PresburgerSpec
test/GHC/TypeLits/PresburgerSpec.hs:1:1: warning: [GHC-85401] [-Wmissing-export-lists]
    The export item ‘module GHC.TypeLits.PresburgerSpec’ is missing an export list
  |
1 | {-# LANGUAGE OverloadedStrings #-}
  | ^

[6 of 6] Compiling Main
<no location info>: warning: [GHC-42258] [-Wunused-packages]
    The following packages were specified via -package or -package-id flags,
    but were not needed for compilation:
      - equational-reasoning-0.7.1.0 (exposed by flag -package-id equational-reasoning-0.7.1.0-3d935af16b2ab9c78a6f71c1874cd86b41e585a307da44a6f39a7c42567e3427)
      - tasty-discover-5.0.2 (exposed by flag -package-id tasty-discover-5.0.2-b33c2c0fca91b989e3fa3f5fe6f32c8cd098e5d8fd7d600f3c50ae4bad270473)
      - tasty-expected-failure-0.12.3 (exposed by flag -package-id tasty-expected-failure-0.12.3-f7fb238da90bbb84a29e2b6ebcb1d23b2f3008d5ba8404abe8cc425794bac86e)

[7 of 7] Linking /tmp/workdir-ghc-typelits-presburger/ghc-typelits-presburger-0.7.4.2/dist-newstyle/build/x86_64-linux/ghc-9.10.2/ghc-typelits-presburger-0.7.4.2/t/test-typeltis-presburger/build/test-typeltis-presburger/test-typeltis-presburger
