Resolving dependencies...
Build profile: -w ghc-9.10.2 -O1
In order, the following will be built (use -v for more details):
 - bech32-1.1.9 (lib) (first run)
 - bech32-1.1.9 (exe:bech32) (first run)
 - bech32-1.1.9 (test:bech32-test) (first run)
Configuring library for bech32-1.1.9...
Preprocessing library for bech32-1.1.9...
Building library for bech32-1.1.9...
[1 of 2] Compiling Codec.Binary.Bech32.Internal
[2 of 2] Compiling Codec.Binary.Bech32
Configuring executable 'bech32' for bech32-1.1.9...
Preprocessing executable 'bech32' for bech32-1.1.9...
Building executable 'bech32' for bech32-1.1.9...
[1 of 2] Compiling Paths_bech32
[2 of 2] Compiling Main
[3 of 3] Linking /tmp/workdir-bech32/bech32-1.1.9/dist-newstyle/build/x86_64-linux/ghc-9.10.2/bech32-1.1.9/x/bech32/build/bech32/bech32
Configuring test suite 'bech32-test' for bech32-1.1.9...
Preprocessing test suite 'bech32-test' for bech32-1.1.9...
Building test suite 'bech32-test' for bech32-1.1.9...
[1 of 3] Compiling AppSpec
[2 of 3] Compiling Codec.Binary.Bech32Spec
[3 of 3] Compiling Main
[4 of 4] Linking /tmp/workdir-bech32/bech32-1.1.9/dist-newstyle/build/x86_64-linux/ghc-9.10.2/bech32-1.1.9/t/bech32-test/build/bech32-test/bech32-test
