Resolving dependencies...
Build profile: -w ghc-9.10.2 -O1
In order, the following will be built (use -v for more details):
 - horizontal-rule-0.7.0.0 (lib) (first run)
 - horizontal-rule-0.7.0.0 (exe:hr) (first run)
 - horizontal-rule-0.7.0.0 (test:horizontal-rule-test) (first run)
Configuring library for horizontal-rule-0.7.0.0...
Preprocessing library for horizontal-rule-0.7.0.0...
Building library for horizontal-rule-0.7.0.0...
[1 of 3] Compiling HR.Monad.Terminal
[2 of 3] Compiling Paths_horizontal_rule
[3 of 3] Compiling HR
Configuring executable 'hr' for horizontal-rule-0.7.0.0...
Preprocessing executable 'hr' for horizontal-rule-0.7.0.0...
Building executable 'hr' for horizontal-rule-0.7.0.0...
[1 of 2] Compiling LibOA
[2 of 2] Compiling Main
[3 of 3] Linking dist-newstyle/build/x86_64-linux/ghc-9.10.2/horizontal-rule-0.7.0.0/x/hr/build/hr/hr
Configuring test suite 'horizontal-rule-test' for horizontal-rule-0.7.0.0...
Preprocessing test suite 'horizontal-rule-test' for horizontal-rule-0.7.0.0...
Building test suite 'horizontal-rule-test' for horizontal-rule-0.7.0.0...
[ 1 of 21] Compiling HR.Test
[ 2 of 21] Compiling Test.HMock.Internal.Util
[ 3 of 21] Compiling Test.HMock.Internal.TH
[ 4 of 21] Compiling Test.HMock.Multiplicity
[ 5 of 21] Compiling Test.HMock.Internal.ExpectSet
[ 6 of 21] Compiling Test.HMock.Internal.State[boot]
[ 7 of 21] Compiling Test.HMock.Mockable
[ 8 of 21] Compiling Test.HMock.Internal.Rule
[ 9 of 21] Compiling Test.HMock.Rule
[10 of 21] Compiling Test.HMock.ExpectContext
[11 of 21] Compiling Test.HMock.Internal.Step
[12 of 21] Compiling Test.HMock.Internal.State
[13 of 21] Compiling Test.HMock.MockT
[14 of 21] Compiling Test.HMock.MockMethod
test/Test/HMock/MockMethod.hs:90:67: warning: [GHC-63394] [-Wx-partial]
    In the use of ‘head’
    (imported from Prelude, but defined in GHC.Internal.List):
    "This is a partial function, it throws an error on empty lists. Use pattern matching, 'Data.List.uncons' or 'Data.Maybe.listToMaybe' instead. Consider refactoring to use "Data.List.NonEmpty"."
   |
90 |     ambigSev <- mockSetupSTM $ readTVar . mockAmbiguitySeverity . head $ states
   |                                                                   ^^^^

test/Test/HMock/MockMethod.hs:92:61: warning: [GHC-63394] [-Wx-partial]
    In the use of ‘head’
    (imported from Prelude, but defined in GHC.Internal.List):
    "This is a partial function, it throws an error on empty lists. Use pattern matching, 'Data.List.uncons' or 'Data.Maybe.listToMaybe' instead. Consider refactoring to use "Data.List.NonEmpty"."
   |
92 |       mockSetupSTM $ readTVar . mockUninterestingSeverity . head $ states
   |                                                             ^^^^

test/Test/HMock/MockMethod.hs:93:68: warning: [GHC-63394] [-Wx-partial]
    In the use of ‘head’
    (imported from Prelude, but defined in GHC.Internal.List):
    "This is a partial function, it throws an error on empty lists. Use pattern matching, 'Data.List.uncons' or 'Data.Maybe.listToMaybe' instead. Consider refactoring to use "Data.List.NonEmpty"."
   |
93 |     unexpSev <- mockSetupSTM $ readTVar . mockUnexpectedSeverity . head $ states
   |                                                                    ^^^^

[15 of 21] Compiling Test.Predicates.Internal.FlowMatcher
[16 of 21] Compiling Test.Predicates.Internal.Util
[17 of 21] Compiling Test.Predicates
test/Test/Predicates.hs:1129:15: warning: [GHC-53633] [-Woverlapping-patterns]
    Pattern match is redundant
    In a multi-way if alternative: | signum x < 0 -> ...
     |
1129 |             | signum x < 0 -> "value is positive"
     |               ^^^^^^^^^^^^

[18 of 21] Compiling Test.HMock.TH
test/Test/HMock/TH.hs:29:19: warning: [GHC-38856] [-Wunused-imports]
    The import of ‘foldl'’ from module ‘Data.List’ is redundant
   |
29 | import Data.List (foldl', (\\))
   |                   ^^^^^^

[19 of 21] Compiling Test.HMock
[20 of 21] Compiling HR.Mock
[21 of 21] Compiling Main
[22 of 22] Linking dist-newstyle/build/x86_64-linux/ghc-9.10.2/horizontal-rule-0.7.0.0/t/horizontal-rule-test/build/horizontal-rule-test/horizontal-rule-test
