Resolving dependencies...
Build profile: -w ghc-9.10.2 -O1
In order, the following will be built (use -v for more details):
 - elf-0.31 (lib) (first run)
 - elf-0.31 (test:tests) (first run)
Configuring library for elf-0.31...
Preprocessing library for elf-0.31...
Building library for elf-0.31...
[1 of 1] Compiling Data.Elf
src/Data/Elf.hs:565:94: warning: [GHC-63394] [-Wx-partial]
    In the use of ‘head’
    (imported from Prelude, but defined in GHC.Internal.List):
    "This is a partial function, it throws an error on empty lists. Use pattern matching, 'Data.List.uncons' or 'Data.Maybe.listToMaybe' instead. Consider refactoring to use "Data.List.NonEmpty"."
    |
565 |         (shstroff, shstrsize)                          = parseEntry getElf_Shdr_OffsetSize $ head $ drop (fromIntegral e_shstrndx) sh
    |                                                                                              ^^^^

Configuring test suite 'tests' for elf-0.31...
Preprocessing test suite 'tests' for elf-0.31...
Building test suite 'tests' for elf-0.31...
[1 of 2] Compiling Data.ElfSpec
[2 of 2] Compiling Main
[3 of 3] Linking dist-newstyle/build/x86_64-linux/ghc-9.10.2/elf-0.31/t/tests/build/tests/tests
