Resolving dependencies...
Build profile: -w ghc-9.10.2 -O1
In order, the following will be built (use -v for more details):
 - hetero-parameter-list-with-typelevel-tools-0.1.0.1 (lib) (first run)
 - hetero-parameter-list-with-typelevel-tools-0.1.0.1 (test:hetero-parameter-list-with-typelevel-tools-test) (first run)
Configuring library for hetero-parameter-list-with-typelevel-tools-0.1.0.1...
Preprocessing library for hetero-parameter-list-with-typelevel-tools-0.1.0.1...
Building library for hetero-parameter-list-with-typelevel-tools-0.1.0.1...
[1 of 3] Compiling Data.HeteroParList.Tuple.TH
src/Data/HeteroParList/Tuple/TH.hs:1:1: warning: [GHC-85401] [-Wmissing-export-lists]
    The export item ‘module Data.HeteroParList.Tuple.TH’ is missing an export list
  |
1 | {-# LANGUAGE TemplateHaskell #-}
  | ^

src/Data/HeteroParList/Tuple/TH.hs:16:1: warning: [GHC-66111] [-Wunused-imports]
    The qualified import of ‘Data.TypeLevel.Tuple.MapIndex’ is redundant
      except perhaps to import instances from ‘Data.TypeLevel.Tuple.MapIndex’
    To import instances alone, use: import Data.TypeLevel.Tuple.MapIndex()
   |
16 | import Data.TypeLevel.Tuple.MapIndex qualified as TMapIndex
   | ^^^^^^^^^^^^^^^^^^^^^^^^^^^^^^^^^^^^^^^^^^^^^^^^^^^^^^^^^^^

[2 of 3] Compiling Data.HeteroParList.Tuple
src/Data/HeteroParList/Tuple.hs:1:1: warning: [GHC-85401] [-Wmissing-export-lists]
    The export item ‘module Data.HeteroParList.Tuple’ is missing an export list
  |
1 | {-# LANGUAGE ImportQualifiedPost #-}
  | ^

[3 of 3] Compiling Paths_hetero_parameter_list_with_typelevel_tools
Configuring test suite 'hetero-parameter-list-with-typelevel-tools-test' for hetero-parameter-list-with-typelevel-tools-0.1.0.1...
Preprocessing test suite 'hetero-parameter-list-with-typelevel-tools-test' for hetero-parameter-list-with-typelevel-tools-0.1.0.1...
Building test suite 'hetero-parameter-list-with-typelevel-tools-test' for hetero-parameter-list-with-typelevel-tools-0.1.0.1...
[1 of 2] Compiling Main
[2 of 2] Compiling Paths_hetero_parameter_list_with_typelevel_tools
[3 of 3] Linking /tmp/workdir-hetero-parameter-list-with-typelevel-tools/hetero-parameter-list-with-typelevel-tools-0.1.0.1/dist-newstyle/build/x86_64-linux/ghc-9.10.2/hetero-parameter-list-with-typelevel-tools-0.1.0.1/t/hetero-parameter-list-with-typelevel-tools-test/build/hetero-parameter-list-with-typelevel-tools-test/hetero-parameter-list-with-typelevel-tools-test
