Resolving dependencies...
Build profile: -w ghc-9.10.2 -O1
In order, the following will be built (use -v for more details):
 - constraints-extras-0.4.0.2 (lib) (first run)
 - constraints-extras-0.4.0.2 (exe:readme) (first run)
Configuring library for constraints-extras-0.4.0.2...
Preprocessing library for constraints-extras-0.4.0.2...
Building library for constraints-extras-0.4.0.2...
[1 of 4] Compiling Data.Constraint.Compose
[2 of 4] Compiling Data.Constraint.Flip
[3 of 4] Compiling Data.Constraint.Extras
[4 of 4] Compiling Data.Constraint.Extras.TH
Configuring executable 'readme' for constraints-extras-0.4.0.2...
Preprocessing executable 'readme' for constraints-extras-0.4.0.2...
Building executable 'readme' for constraints-extras-0.4.0.2...
[1 of 1] Compiling Main
README.lhs:29:13: warning: [GHC-39567] [-Wstar-is-type]
    Using ‘*’ (or its Unicode variant) to mean ‘Data.Kind.Type’
    relies on the StarIsType extension, which will become
    deprecated in the future.
    Suggested fix: Use ‘Type’ from ‘Data.Kind’ instead.
   |
29 | > data A :: * -> * where
   |             ^

README.lhs:29:18: warning: [GHC-39567] [-Wstar-is-type]
    Using ‘*’ (or its Unicode variant) to mean ‘Data.Kind.Type’
    relies on the StarIsType extension, which will become
    deprecated in the future.
    Suggested fix: Use ‘Type’ from ‘Data.Kind’ instead.
   |
29 | > data A :: * -> * where
   |                  ^

README.lhs:35:13: warning: [GHC-39567] [-Wstar-is-type]
    Using ‘*’ (or its Unicode variant) to mean ‘Data.Kind.Type’
    relies on the StarIsType extension, which will become
    deprecated in the future.
    Suggested fix: Use ‘Type’ from ‘Data.Kind’ instead.
   |
35 | > data B :: * -> * where
   |             ^

README.lhs:35:18: warning: [GHC-39567] [-Wstar-is-type]
    Using ‘*’ (or its Unicode variant) to mean ‘Data.Kind.Type’
    relies on the StarIsType extension, which will become
    deprecated in the future.
    Suggested fix: Use ‘Type’ from ‘Data.Kind’ instead.
   |
35 | > data B :: * -> * where
   |                  ^

README.lhs:41:14: warning: [GHC-39567] [-Wstar-is-type]
    Using ‘*’ (or its Unicode variant) to mean ‘Data.Kind.Type’
    relies on the StarIsType extension, which will become
    deprecated in the future.
    Suggested fix: Use ‘Type’ from ‘Data.Kind’ instead.
   |
41 | > data V :: (* -> *) -> * where
   |              ^

README.lhs:41:19: warning: [GHC-39567] [-Wstar-is-type]
    Using ‘*’ (or its Unicode variant) to mean ‘Data.Kind.Type’
    relies on the StarIsType extension, which will become
    deprecated in the future.
    Suggested fix: Use ‘Type’ from ‘Data.Kind’ instead.
   |
41 | > data V :: (* -> *) -> * where
   |                   ^

README.lhs:41:25: warning: [GHC-39567] [-Wstar-is-type]
    Using ‘*’ (or its Unicode variant) to mean ‘Data.Kind.Type’
    relies on the StarIsType extension, which will become
    deprecated in the future.
    Suggested fix: Use ‘Type’ from ‘Data.Kind’ instead.
   |
41 | > data V :: (* -> *) -> * where
   |                         ^

README.lhs:46:24: warning: [GHC-39567] [-Wstar-is-type]
    Using ‘*’ (or its Unicode variant) to mean ‘Data.Kind.Type’
    relies on the StarIsType extension, which will become
    deprecated in the future.
    Suggested fix: Use ‘Type’ from ‘Data.Kind’ instead.
   |
46 | > data family Fam a :: * -> *
   |                        ^

README.lhs:46:29: warning: [GHC-39567] [-Wstar-is-type]
    Using ‘*’ (or its Unicode variant) to mean ‘Data.Kind.Type’
    relies on the StarIsType extension, which will become
    deprecated in the future.
    Suggested fix: Use ‘Type’ from ‘Data.Kind’ instead.
   |
46 | > data family Fam a :: * -> *
   |                             ^

README.lhs:47:27: warning: [GHC-39567] [-Wstar-is-type]
    Using ‘*’ (or its Unicode variant) to mean ‘Data.Kind.Type’
    relies on the StarIsType extension, which will become
    deprecated in the future.
    Suggested fix: Use ‘Type’ from ‘Data.Kind’ instead.
   |
47 | > data instance Fam () :: * -> * where
   |                           ^

README.lhs:47:32: warning: [GHC-39567] [-Wstar-is-type]
    Using ‘*’ (or its Unicode variant) to mean ‘Data.Kind.Type’
    relies on the StarIsType extension, which will become
    deprecated in the future.
    Suggested fix: Use ‘Type’ from ‘Data.Kind’ instead.
   |
47 | > data instance Fam () :: * -> * where
   |                                ^

[2 of 2] Linking /tmp/workdir-constraints-extras/constraints-extras-0.4.0.2/dist-newstyle/build/x86_64-linux/ghc-9.10.2/constraints-extras-0.4.0.2/x/readme/build/readme/readme
