Warning: The package description file ./zot.cabal has warnings:
zot.cabal:43:29: version operators used. To use version operators the package
needs to specify at least 'cabal-version: >= 1.8'.
Warning: The package description file /tmp/workdir-zot/zot-0.0.3/zot.cabal has
warnings: /tmp/workdir-zot/zot-0.0.3/zot.cabal:43:29: version operators used.
To use version operators the package needs to specify at least 'cabal-version:
>= 1.8'.
Resolving dependencies...
Build profile: -w ghc-9.10.2 -O1
In order, the following will be built (use -v for more details):
 - zot-0.0.3 (exe:zot) (first run)
Warning: zot.cabal:43:29: version operators used. To use version operators the
package needs to specify at least 'cabal-version: >= 1.8'.
Configuring zot-0.0.3...
Warning: [git-protocol] Cloning over git:// might lead to an arbitrary code
execution vulnerability. Furthermore, popular forges like GitHub do not
support it. Use https:// or ssh:// instead.
Preprocessing executable 'zot' for zot-0.0.3...
Building executable 'zot' for zot-0.0.3...
[1 of 8] Compiling Parse
[2 of 8] Compiling LambdaToSki
src/LambdaToSki.hs:49:26: warning: [GHC-63394] [-Wx-partial]
    In the use of ‘head’
    (imported from Prelude, but defined in GHC.Internal.List):
    "This is a partial function, it throws an error on empty lists. Use pattern matching, 'Data.List.uncons' or 'Data.Maybe.listToMaybe' instead. Consider refactoring to use "Data.List.NonEmpty"."
   |
49 | readLambda = fst . fst . head . ( parseLambda >*> eof ) . lexer
   |                          ^^^^

src/LambdaToSki.hs:59:19: warning: [GHC-62161] [-Wincomplete-uni-patterns]
    Pattern match(es) are non-exhaustive
    In a lambda abstraction:
        Patterns of type ‘(String,
                           ([String], (String, Lambda)))’ not matched:
            ([], _)
            ((p:_), _) where p is not one of {'\\'}
            (('\\':_:_), _)
            (['\\'], (_, ([], _)))
            ...
   |
59 |         `build` ( \( "\\", ( ps, ( "->", e ) ) ) -> makeFun ps e )
   |                   ^^^^^^^^^^^^^^^^^^^^^^^^^^^^^^^^^^^^^^^^^^^^^^

src/LambdaToSki.hs:62:32: warning: [GHC-63394] [-Wx-partial]
    In the use of ‘head’
    (imported from Prelude, but defined in GHC.Internal.List):
    "This is a partial function, it throws an error on empty lists. Use pattern matching, 'Data.List.uncons' or 'Data.Maybe.listToMaybe' instead. Consider refactoring to use "Data.List.NonEmpty"."
   |
62 | parseAtom = ( spot ( isLower . head ) `build` Var ) `alt` parseParens
   |                                ^^^^

src/LambdaToSki.hs:68:40: warning: [GHC-63394] [-Wx-partial]
    In the use of ‘head’
    (imported from Prelude, but defined in GHC.Internal.List):
    "This is a partial function, it throws an error on empty lists. Use pattern matching, 'Data.List.uncons' or 'Data.Maybe.listToMaybe' instead. Consider refactoring to use "Data.List.NonEmpty"."
   |
68 | parseParams = list1 $ spot $ isLower . head
   |                                        ^^^^

[3 of 8] Compiling SKI
[4 of 8] Compiling SkiToLambda
src/SkiToLambda.hs:61:9: warning: [GHC-62161] [-Wincomplete-uni-patterns]
    Pattern match(es) are non-exhaustive
    In a pattern binding:
        Patterns of type ‘[(Lambda -> Lambda, Lambda)]’ not matched:
            []
            [(_, _)]
            [(_, _), (_, _)]
            ((_, _):(_, _):(_, _):_:_)
   |
61 |         [ ( fx, x ), ( fy, y ), ( fz, z ) ] =
   |         ^^^^^^^^^^^^^^^^^^^^^^^^^^^^^^^^^^^^^...

[5 of 8] Compiling SkiToZot
[6 of 8] Compiling Zot
[7 of 8] Compiling ZotToSki
src/ZotToSki.hs:9:18: warning: [GHC-63394] [-Wx-partial]
    In the use of ‘head’
    (imported from Prelude, but defined in GHC.Internal.List):
    "This is a partial function, it throws an error on empty lists. Use pattern matching, 'Data.List.uncons' or 'Data.Maybe.listToMaybe' instead. Consider refactoring to use "Data.List.NonEmpty"."
  |
9 | zotToSKI = fst . head . ( parseZot >*> eof `build` fst )
  |                  ^^^^

[8 of 8] Compiling Main
src/zot.hs:14:15: warning: [GHC-62161] [-Wincomplete-uni-patterns]
    Pattern match(es) are non-exhaustive
    In an irrefutable pattern:
        Patterns of type ‘[String]’ not matched: []
   |
14 |         ca@( ~( cmd : args ) ) <- getArgs
   |               ^^^^^^^^^^^^^^

[9 of 9] Linking dist-newstyle/build/x86_64-linux/ghc-9.10.2/zot-0.0.3/build/zot/zot
