Resolving dependencies...
Build profile: -w ghc-9.10.2 -O1
In order, the following will be built (use -v for more details):
 - deferred-folds-0.9.18.7 (lib) (first run)
 - deferred-folds-0.9.18.7 (test:test) (first run)
Configuring library for deferred-folds-0.9.18.7...
Warning: [git-protocol] Cloning over git:// might lead to an arbitrary code
execution vulnerability. Furthermore, popular forges like GitHub do not
support it. Use https:// or ssh:// instead.
Preprocessing library for deferred-folds-0.9.18.7...
Building library for deferred-folds-0.9.18.7...
[ 1 of 11] Compiling DeferredFolds.Prelude
[ 2 of 11] Compiling DeferredFolds.Types
[ 3 of 11] Compiling DeferredFolds.Defs.UnfoldrM
[ 4 of 11] Compiling DeferredFolds.Defs.UnfoldlM
[ 5 of 11] Compiling DeferredFolds.Defs.Unfoldl
[ 6 of 11] Compiling DeferredFolds.Unfoldl
[ 7 of 11] Compiling DeferredFolds.UnfoldlM
[ 8 of 11] Compiling DeferredFolds.UnfoldrM
[ 9 of 11] Compiling DeferredFolds.Util.TextArray
[10 of 11] Compiling DeferredFolds.Defs.Unfoldr
[11 of 11] Compiling DeferredFolds.Unfoldr
Configuring test suite 'test' for deferred-folds-0.9.18.7...
Warning: [git-protocol] Cloning over git:// might lead to an arbitrary code
execution vulnerability. Furthermore, popular forges like GitHub do not
support it. Use https:// or ssh:// instead.
Preprocessing test suite 'test' for deferred-folds-0.9.18.7...
Building test suite 'test' for deferred-folds-0.9.18.7...
[1 of 1] Compiling Main
[2 of 2] Linking dist-newstyle/build/x86_64-linux/ghc-9.10.2/deferred-folds-0.9.18.7/t/test/build/test/test
