Resolving dependencies...
Build profile: -w ghc-9.6.5 -O1
In order, the following will be built (use -v for more details):
 - bytestring-builder-0.10.8.2.0 (lib) (requires build)
 - regex-compat-0.95.2.1 (lib) (requires build)
 - wai-logger-2.4.0 (lib:wai-logger) (requires build)
 - text-show-3.10.5 (lib) (requires build)
 - wai-extra-3.1.15 (lib) (requires download & build)
 - scotty-0.20.1 (lib) (requires build)
 - kansas-comet-0.4.2 (lib) (requires build)
Downloading  wai-extra-3.1.15
Starting     regex-compat-0.95.2.1 (lib)
Starting     wai-logger-2.4.0 (all, legacy fallback: build-type is Custom)
Starting     bytestring-builder-0.10.8.2.0 (lib)
Building     regex-compat-0.95.2.1 (lib)
Building     bytestring-builder-0.10.8.2.0 (lib)
Installing   bytestring-builder-0.10.8.2.0 (lib)
Downloaded   wai-extra-3.1.15
Installing   regex-compat-0.95.2.1 (lib)
Completed    bytestring-builder-0.10.8.2.0 (lib)
Starting     text-show-3.10.5 (lib)
Completed    regex-compat-0.95.2.1 (lib)
Building     wai-logger-2.4.0 (all, legacy fallback: build-type is Custom)
Building     text-show-3.10.5 (lib)
Installing   wai-logger-2.4.0 (all, legacy fallback: build-type is Custom)
Completed    wai-logger-2.4.0 (all, legacy fallback: build-type is Custom)
Starting     wai-extra-3.1.15 (lib)
Building     wai-extra-3.1.15 (lib)
Installing   wai-extra-3.1.15 (lib)
Completed    wai-extra-3.1.15 (lib)
Starting     scotty-0.20.1 (lib)
Building     scotty-0.20.1 (lib)
Installing   scotty-0.20.1 (lib)
Completed    scotty-0.20.1 (lib)
Starting     kansas-comet-0.4.2 (lib)
Building     kansas-comet-0.4.2 (lib)
Installing   kansas-comet-0.4.2 (lib)
Completed    kansas-comet-0.4.2 (lib)
Installing   text-show-3.10.5 (lib)
Completed    text-show-3.10.5 (lib)
