Resolving dependencies...
Build profile: -w ghc-9.10.2 -O1
In order, the following will be built (use -v for more details):
 - pseudo-boolean-0.1.12.0 (lib) (first run)
 - pseudo-boolean-0.1.12.0 (test:TestPBFile) (first run)
Configuring library for pseudo-boolean-0.1.12.0...
Warning: [git-protocol] Cloning over git:// might lead to an arbitrary code
execution vulnerability. Furthermore, popular forges like GitHub do not
support it. Use https:// or ssh:// instead.
Preprocessing library for pseudo-boolean-0.1.12.0...
Building library for pseudo-boolean-0.1.12.0...
[1 of 8] Compiling Data.PseudoBoolean.Internal.TextUtil
[2 of 8] Compiling Data.PseudoBoolean.Types
[3 of 8] Compiling Data.PseudoBoolean.Parsec
src/Data/PseudoBoolean/Parsec.hs:38:1: warning: [GHC-66111] [-Wunused-imports]
    The import of ‘Control.Applicative’ is redundant
      except perhaps to import instances from ‘Control.Applicative’
    To import instances alone, use: import Control.Applicative()
   |
38 | import Control.Applicative ((<*))
   | ^^^^^^^^^^^^^^^^^^^^^^^^^^^^^^^^^

[4 of 8] Compiling Data.PseudoBoolean.Megaparsec
src/Data/PseudoBoolean/Megaparsec.hs:43:1: warning: [GHC-66111] [-Wunused-imports]
    The import of ‘Control.Applicative’ is redundant
      except perhaps to import instances from ‘Control.Applicative’
    To import instances alone, use: import Control.Applicative()
   |
43 | import Control.Applicative ((<*))
   | ^^^^^^^^^^^^^^^^^^^^^^^^^^^^^^^^^

[5 of 8] Compiling Data.PseudoBoolean.ByteStringBuilder
src/Data/PseudoBoolean/ByteStringBuilder.hs:36:1: warning: [GHC-66111] [-Wunused-imports]
    The import of ‘Data.Monoid’ is redundant
      except perhaps to import instances from ‘Data.Monoid’
    To import instances alone, use: import Data.Monoid()
   |
36 | import Data.Monoid hiding (Sum (..))
   | ^^^^^^^^^^^^^^^^^^^^^^^^^^^^^^^^^^^^

[6 of 8] Compiling Data.PseudoBoolean.Builder
src/Data/PseudoBoolean/Builder.hs:31:1: warning: [GHC-66111] [-Wunused-imports]
    The import of ‘Data.Monoid’ is redundant
      except perhaps to import instances from ‘Data.Monoid’
    To import instances alone, use: import Data.Monoid()
   |
31 | import Data.Monoid hiding (Sum (..))
   | ^^^^^^^^^^^^^^^^^^^^^^^^^^^^^^^^^^^^

[7 of 8] Compiling Data.PseudoBoolean.Attoparsec
src/Data/PseudoBoolean/Attoparsec.hs:36:36: warning: [GHC-38856] [-Wunused-imports]
    The import of ‘<*’ from module ‘Control.Applicative’ is redundant
   |
36 | import Control.Applicative ((<|>), (<*))
   |                                    ^^^^

[8 of 8] Compiling Data.PseudoBoolean
Configuring test suite 'TestPBFile' for pseudo-boolean-0.1.12.0...
Warning: [git-protocol] Cloning over git:// might lead to an arbitrary code
execution vulnerability. Furthermore, popular forges like GitHub do not
support it. Use https:// or ssh:// instead.
Preprocessing test suite 'TestPBFile' for pseudo-boolean-0.1.12.0...
Building test suite 'TestPBFile' for pseudo-boolean-0.1.12.0...
[1 of 1] Compiling Main
test/TestPBFile.hs:5:1: warning: [GHC-66111] [-Wunused-imports]
    The import of ‘Data.Either’ is redundant
      except perhaps to import instances from ‘Data.Either’
    To import instances alone, use: import Data.Either()
  |
5 | import Data.Either
  | ^^^^^^^^^^^^^^^^^^

test/TestPBFile.hs:9:1: warning: [GHC-66111] [-Wunused-imports]
    The import of ‘Test.Tasty’ is redundant
      except perhaps to import instances from ‘Test.Tasty’
    To import instances alone, use: import Test.Tasty()
  |
9 | import Test.Tasty
  | ^^^^^^^^^^^^^^^^^

test/TestPBFile.hs:18:1: warning: [GHC-38417] [-Wmissing-signatures]
    Top-level binding with no type signature: case_exampleLIN :: IO ()
   |
18 | case_exampleLIN  = checkOPBString "exampleLIN"  exampleLIN
   | ^^^^^^^^^^^^^^^

test/TestPBFile.hs:19:1: warning: [GHC-38417] [-Wmissing-signatures]
    Top-level binding with no type signature: case_exampleNLC1 :: IO ()
   |
19 | case_exampleNLC1 = checkOPBString "exampleNLC1" exampleNLC1
   | ^^^^^^^^^^^^^^^^

test/TestPBFile.hs:20:1: warning: [GHC-38417] [-Wmissing-signatures]
    Top-level binding with no type signature: case_exampleNLC2 :: IO ()
   |
20 | case_exampleNLC2 = checkOPBString "exampleNLC2" exampleNLC2
   | ^^^^^^^^^^^^^^^^

test/TestPBFile.hs:21:1: warning: [GHC-38417] [-Wmissing-signatures]
    Top-level binding with no type signature: case_exampleWBO1 :: IO ()
   |
21 | case_exampleWBO1 = checkWBOString "exampleWBO1" exampleWBO1
   | ^^^^^^^^^^^^^^^^

test/TestPBFile.hs:22:1: warning: [GHC-38417] [-Wmissing-signatures]
    Top-level binding with no type signature: case_exampleWBO2 :: IO ()
   |
22 | case_exampleWBO2 = checkWBOString "exampleWBO2" exampleWBO2
   | ^^^^^^^^^^^^^^^^

test/TestPBFile.hs:23:1: warning: [GHC-38417] [-Wmissing-signatures]
    Top-level binding with no type signature: case_exampleWBO3 :: IO ()
   |
23 | case_exampleWBO3 = checkWBOString "exampleWBO3" exampleWBO3
   | ^^^^^^^^^^^^^^^^

test/TestPBFile.hs:25:1: warning: [GHC-38417] [-Wmissing-signatures]
    Top-level binding with no type signature:
      case_exampleLIN_file :: IO ()
   |
25 | case_exampleLIN_file  = checkOPBFile "test/samples/example-lin.opb"
   | ^^^^^^^^^^^^^^^^^^^^

test/TestPBFile.hs:26:1: warning: [GHC-38417] [-Wmissing-signatures]
    Top-level binding with no type signature:
      case_exampleNLC1_file :: IO ()
   |
26 | case_exampleNLC1_file = checkOPBFile "test/samples/example-nlc-1.opb"
   | ^^^^^^^^^^^^^^^^^^^^^

test/TestPBFile.hs:27:1: warning: [GHC-38417] [-Wmissing-signatures]
    Top-level binding with no type signature:
      case_exampleNLC2_file :: IO ()
   |
27 | case_exampleNLC2_file = checkOPBFile "test/samples/example-nlc-2.opb"
   | ^^^^^^^^^^^^^^^^^^^^^

test/TestPBFile.hs:28:1: warning: [GHC-38417] [-Wmissing-signatures]
    Top-level binding with no type signature:
      case_exampleWBO1_file :: IO ()
   |
28 | case_exampleWBO1_file = checkWBOFile "test/samples/example1.wbo"
   | ^^^^^^^^^^^^^^^^^^^^^

test/TestPBFile.hs:29:1: warning: [GHC-38417] [-Wmissing-signatures]
    Top-level binding with no type signature:
      case_exampleWBO2_file :: IO ()
   |
29 | case_exampleWBO2_file = checkWBOFile "test/samples/example2.wbo"
   | ^^^^^^^^^^^^^^^^^^^^^

test/TestPBFile.hs:30:1: warning: [GHC-38417] [-Wmissing-signatures]
    Top-level binding with no type signature:
      case_exampleWBO3_file :: IO ()
   |
30 | case_exampleWBO3_file = checkWBOFile "test/samples/example3.wbo"
   | ^^^^^^^^^^^^^^^^^^^^^

test/TestPBFile.hs:32:1: warning: [GHC-38417] [-Wmissing-signatures]
    Top-level binding with no type signature:
      case_exampleLIN_PBS_file :: IO ()
   |
32 | case_exampleLIN_PBS_file = checkOPBFile "test/samples/example-lin-pbs.opb"
   | ^^^^^^^^^^^^^^^^^^^^^^^^

test/TestPBFile.hs:33:1: warning: [GHC-38417] [-Wmissing-signatures]
    Top-level binding with no type signature:
      case_exampleLIN_nohint_file :: IO ()
   |
33 | case_exampleLIN_nohint_file = checkOPBFile "test/samples/example-lin-nohint.opb"
   | ^^^^^^^^^^^^^^^^^^^^^^^^^^^

test/TestPBFile.hs:34:1: warning: [GHC-38417] [-Wmissing-signatures]
    Top-level binding with no type signature:
      case_exampleLIN_nospaces_file :: IO ()
   |
34 | case_exampleLIN_nospaces_file = checkOPBFile "test/samples/example-lin-nospaces.opb"
   | ^^^^^^^^^^^^^^^^^^^^^^^^^^^^^

test/TestPBFile.hs:35:1: warning: [GHC-38417] [-Wmissing-signatures]
    Top-level binding with no type signature:
      case_exampleWBO1_nohint_file :: IO ()
   |
35 | case_exampleWBO1_nohint_file = checkWBOFile "test/samples/example1-nohint.wbo"
   | ^^^^^^^^^^^^^^^^^^^^^^^^^^^^

test/TestPBFile.hs:36:1: warning: [GHC-38417] [-Wmissing-signatures]
    Top-level binding with no type signature:
      case_exampleWBO1_notop_file :: IO ()
   |
36 | case_exampleWBO1_notop_file = checkWBOFile "test/samples/example1-notop.wbo"
   | ^^^^^^^^^^^^^^^^^^^^^^^^^^^

test/TestPBFile.hs:37:1: warning: [GHC-38417] [-Wmissing-signatures]
    Top-level binding with no type signature:
      case_exampleWBO1_nospaces_file :: IO ()
   |
37 | case_exampleWBO1_nospaces_file = checkWBOFile "test/samples/example1-nospaces.wbo"
   | ^^^^^^^^^^^^^^^^^^^^^^^^^^^^^^

test/TestPBFile.hs:39:1: warning: [GHC-38417] [-Wmissing-signatures]
    Top-level binding with no type signature:
      case_normalized_1096_cudf_paranoid :: IO ()
   |
39 | case_normalized_1096_cudf_paranoid  = checkOPBFile "test/samples/normalized-1096.cudf.paranoid.opb"
   | ^^^^^^^^^^^^^^^^^^^^^^^^^^^^^^^^^^

test/TestPBFile.hs:40:1: warning: [GHC-38417] [-Wmissing-signatures]
    Top-level binding with no type signature:
      case_normalized_mds_50_10_4 :: IO ()
   |
40 | case_normalized_mds_50_10_4 = checkOPBFile "test/samples/normalized-mds_50_10_4.opb"
   | ^^^^^^^^^^^^^^^^^^^^^^^^^^^

test/TestPBFile.hs:41:1: warning: [GHC-38417] [-Wmissing-signatures]
    Top-level binding with no type signature:
      case_normalized_opt_market_split_4_30_2 :: IO ()
   |
41 | case_normalized_opt_market_split_4_30_2 = checkOPBFile "test/samples/normalized-opt-market-split_4_30_2.opb"
   | ^^^^^^^^^^^^^^^^^^^^^^^^^^^^^^^^^^^^^^^

test/TestPBFile.hs:42:1: warning: [GHC-38417] [-Wmissing-signatures]
    Top-level binding with no type signature:
      case_pigeonhole_5_4 :: IO ()
   |
42 | case_pigeonhole_5_4 = checkOPBFile "test/samples/pigeonhole_5_4.opb"
   | ^^^^^^^^^^^^^^^^^^^

test/TestPBFile.hs:44:1: warning: [GHC-38417] [-Wmissing-signatures]
    Top-level binding with no type signature:
      case_invalid_obj_empty_sum :: IO ()
   |
44 | case_invalid_obj_empty_sum = checkOPBFile "test/samples/invalid-obj-empty-sum.opb"
   | ^^^^^^^^^^^^^^^^^^^^^^^^^^

test/TestPBFile.hs:45:1: warning: [GHC-38417] [-Wmissing-signatures]
    Top-level binding with no type signature:
      case_invalid_lhs_empty_sum :: IO ()
   |
45 | case_invalid_lhs_empty_sum = checkOPBFile "test/samples/invalid-lhs-empty-sum.opb"
   | ^^^^^^^^^^^^^^^^^^^^^^^^^^

test/TestPBFile.hs:46:1: warning: [GHC-38417] [-Wmissing-signatures]
    Top-level binding with no type signature:
      case_invalid_lhs_empty_sum_wbo :: IO ()
   |
46 | case_invalid_lhs_empty_sum_wbo = checkWBOFile "test/samples/invalid-lhs-empty-sum.wbo"
   | ^^^^^^^^^^^^^^^^^^^^^^^^^^^^^^

test/TestPBFile.hs:48:1: warning: [GHC-38417] [-Wmissing-signatures]
    Top-level binding with no type signature:
      case_trailing_junk :: IO ()
   |
48 | case_trailing_junk = do
   | ^^^^^^^^^^^^^^^^^^

test/TestPBFile.hs:74:1: warning: [GHC-38417] [-Wmissing-signatures]
    Top-level binding with no type signature: case_min_eol :: IO ()
   |
74 | case_min_eol = do
   | ^^^^^^^^^^^^

test/TestPBFile.hs:100:1: warning: [GHC-38417] [-Wmissing-signatures]
    Top-level binding with no type signature:
      case_empty_constraints :: IO ()
    |
100 | case_empty_constraints = do
    | ^^^^^^^^^^^^^^^^^^^^^^

test/TestPBFile.hs:117:1: warning: [GHC-38417] [-Wmissing-signatures]
    Top-level binding with no type signature:
      case_wbo_empty_constraints :: IO ()
    |
117 | case_wbo_empty_constraints = do
    | ^^^^^^^^^^^^^^^^^^^^^^^^^^

test/TestPBFile.hs:134:1: warning: [GHC-38417] [-Wmissing-signatures]
    Top-level binding with no type signature:
      case_trailing_spaces_before_eol :: IO ()
    |
134 | case_trailing_spaces_before_eol = do
    | ^^^^^^^^^^^^^^^^^^^^^^^^^^^^^^^

test/TestPBFile.hs:159:1: warning: [GHC-38417] [-Wmissing-signatures]
    Top-level binding with no type signature:
      case_trailing_spaces_before_eof :: IO ()
    |
159 | case_trailing_spaces_before_eof = do
    | ^^^^^^^^^^^^^^^^^^^^^^^^^^^^^^^

test/TestPBFile.hs:185:1: warning: [GHC-38417] [-Wmissing-signatures]
    Top-level binding with no type signature:
      case_leading_spaces :: IO ()
    |
185 | case_leading_spaces = do
    | ^^^^^^^^^^^^^^^^^^^

test/TestPBFile.hs:214:1: warning: [GHC-38417] [-Wmissing-signatures]
    Top-level binding with no type signature:
      prop_readUnsignedInteger :: Property
    |
214 | prop_readUnsignedInteger = 
    | ^^^^^^^^^^^^^^^^^^^^^^^^

test/TestPBFile.hs:401:1: warning: [GHC-40910] [-Wunused-top-binds]
    Defined but not used: ‘testOPB’
    |
401 | testOPB s = sf == sf2
    | ^^^^^^^

test/TestPBFile.hs:403:5: warning: [GHC-62161] [-Wincomplete-uni-patterns]
    Pattern match(es) are non-exhaustive
    In a pattern binding:
        Patterns of type ‘Either
                            parsec-3.1.18.0-inplace:Text.Parsec.Error.ParseError
                            Formula’ not matched:
            Left _
    |
403 |     Right sf  = parseOPBString "-" s
    |     ^^^^^^^^^^^^^^^^^^^^^^^^^^^^^^^^

test/TestPBFile.hs:404:5: warning: [GHC-62161] [-Wincomplete-uni-patterns]
    Pattern match(es) are non-exhaustive
    In a pattern binding:
        Patterns of type ‘Either
                            parsec-3.1.18.0-inplace:Text.Parsec.Error.ParseError
                            Formula’ not matched:
            Left _
    |
404 |     Right sf2 = parseOPBString "-" (toOPBString sf)
    |     ^^^^^^^^^^^^^^^^^^^^^^^^^^^^^^^^^^^^^^^^^^^^^^^

test/TestPBFile.hs:407:1: warning: [GHC-40910] [-Wunused-top-binds]
    Defined but not used: ‘testWBO’
    |
407 | testWBO s = sf == sf2
    | ^^^^^^^

test/TestPBFile.hs:409:5: warning: [GHC-62161] [-Wincomplete-uni-patterns]
    Pattern match(es) are non-exhaustive
    In a pattern binding:
        Patterns of type ‘Either
                            parsec-3.1.18.0-inplace:Text.Parsec.Error.ParseError
                            SoftFormula’ not matched:
            Left _
    |
409 |     Right sf  = parseWBOString "-" s
    |     ^^^^^^^^^^^^^^^^^^^^^^^^^^^^^^^^

test/TestPBFile.hs:410:5: warning: [GHC-62161] [-Wincomplete-uni-patterns]
    Pattern match(es) are non-exhaustive
    In a pattern binding:
        Patterns of type ‘Either
                            parsec-3.1.18.0-inplace:Text.Parsec.Error.ParseError
                            SoftFormula’ not matched:
            Left _
    |
410 |     Right sf2 = parseWBOString "-" (toWBOString sf)
    |     ^^^^^^^^^^^^^^^^^^^^^^^^^^^^^^^^^^^^^^^^^^^^^^^

[2 of 2] Linking dist-newstyle/build/x86_64-linux/ghc-9.10.2/pseudo-boolean-0.1.12.0/t/TestPBFile/build/TestPBFile/TestPBFile
