Resolving dependencies...
Build profile: -w ghc-9.10.2 -O1
In order, the following will be built (use -v for more details):
 - wai-middleware-delegate-0.2.0.1 (lib) (first run)
 - wai-middleware-delegate-0.2.0.1 (test:integration-test) (first run)
Configuring library for wai-middleware-delegate-0.2.0.1...
Preprocessing library for wai-middleware-delegate-0.2.0.1...
Building library for wai-middleware-delegate-0.2.0.1...
[1 of 1] Compiling Network.Wai.Middleware.Delegate
Configuring test suite 'integration-test' for wai-middleware-delegate-0.2.0.1...
Preprocessing test suite 'integration-test' for wai-middleware-delegate-0.2.0.1...
Building test suite 'integration-test' for wai-middleware-delegate-0.2.0.1...
[1 of 8] Compiling Network.Connection.CPP
[2 of 8] Compiling Paths_wai_middleware_delegate
[3 of 8] Compiling Test.HttpReply
[4 of 8] Compiling Test.Fetch
[5 of 8] Compiling Test.NginxGateway
[6 of 8] Compiling Test.TestRequests
[7 of 8] Compiling Main
[8 of 8] Compiling Test.WithExtras
[9 of 9] Linking dist-newstyle/build/x86_64-linux/ghc-9.10.2/wai-middleware-delegate-0.2.0.1/t/integration-test/build/integration-test/integration-test
