Resolving dependencies...
Build profile: -w ghc-9.10.2 -O1
In order, the following will be built (use -v for more details):
 - postgresql-libpq-configure-0.11 (lib) (first run)
Configuring library for postgresql-libpq-configure-0.11...
configure: WARNING: unrecognized options: --with-compiler
checking for gcc... /usr/bin/gcc
checking whether the C compiler works... yes
checking for C compiler default output file name... a.out
checking for suffix of executables... 
checking whether we are cross compiling... no
checking for suffix of object files... o
checking whether the compiler supports GNU C... yes
checking whether /usr/bin/gcc accepts -g... yes
checking for /usr/bin/gcc option to enable C11 features... none needed
checking for a sed that does not truncate output... /usr/bin/sed
checking for pkg-config... /usr/bin/pkg-config
checking pkg-config is at least version 0.9.0... yes
checking for gawk... gawk
checking for stdio.h... yes
checking for stdlib.h... yes
checking for string.h... yes
checking for inttypes.h... yes
checking for stdint.h... yes
checking for strings.h... yes
checking for sys/stat.h... yes
checking for sys/types.h... yes
checking for unistd.h... yes
checking for pkg-config... (cached) /usr/bin/pkg-config
checking pkg-config is at least version 0.9.0... yes
checking for the PostgreSQL libraries CPPFLAGS... -I/usr/include/postgresql 
checking for the PostgreSQL libraries LDFLAGS... 
checking for the PostgreSQL libraries LIBS... -lpq 
checking for the PostgreSQL version... 16.9
checking for libpq-fe.h... yes
checking for the PostgreSQL library linking is working... yes
configure: creating ./config.status
config.status: creating postgresql-libpq-configure.buildinfo
configure: WARNING: unrecognized options: --with-compiler
Preprocessing library for postgresql-libpq-configure-0.11...
Building library for postgresql-libpq-configure-0.11...
