Resolving dependencies...
Build profile: -w ghc-9.10.2 -O1
In order, the following will be built (use -v for more details):
 - prettyprinter-1.7.1 (lib) (first run)
 - prettyprinter-1.7.1 (test:doctest) (first run)
Configuring library for prettyprinter-1.7.1...
Warning: [git-protocol] Cloning over git:// might lead to an arbitrary code
execution vulnerability. Furthermore, popular forges like GitHub do not
support it. Use https:// or ssh:// instead.
Preprocessing library for prettyprinter-1.7.1...
Building library for prettyprinter-1.7.1...
[ 1 of 32] Compiling Data.Text
src-text/Data/Text.hs:17:8: warning: [GHC-63394] [-Wx-partial]
    In the use of ‘head’
    (imported from Data.List, but defined in GHC.Internal.List):
    "This is a partial function, it throws an error on empty lists. Use pattern matching, 'Data.List.uncons' or 'Data.Maybe.listToMaybe' instead. Consider refactoring to use "Data.List.NonEmpty"."
   |
17 | head = Data.List.head
   |        ^^^^^^^^^^^^^^

[ 2 of 32] Compiling Data.Text.IO
[ 3 of 32] Compiling Data.Text.Lazy
[ 4 of 32] Compiling Data.Text.Lazy.Builder
[ 5 of 32] Compiling Prettyprinter.Render.Util.Panic
[ 6 of 32] Compiling Prettyprinter.Internal
src/Prettyprinter/Internal.hs:92:1: warning: [GHC-66111] [-Wunused-imports]
    The qualified import of ‘Data.Text.Lazy’ is redundant
      except perhaps to import instances from ‘Data.Text.Lazy’
    To import instances alone, use: import Data.Text.Lazy()
   |
92 | import qualified Data.Text.Lazy      as Lazy
   | ^^^^^^^^^^^^^^^^^^^^^^^^^^^^^^^^^^^^^^^^^^^^

[ 7 of 32] Compiling Prettyprinter.Render.String
[ 8 of 32] Compiling Data.Text.Prettyprint.Doc.Render.String
[ 9 of 32] Compiling Prettyprinter.Internal.Type
[10 of 32] Compiling Data.Text.Prettyprint.Doc.Internal.Type
[11 of 32] Compiling Prettyprinter.Internal.Debug
[12 of 32] Compiling Data.Text.Prettyprint.Doc.Internal.Debug
[13 of 32] Compiling Data.Text.Prettyprint.Doc.Internal
[14 of 32] Compiling Data.Text.Prettyprint.Doc.Render.Util.Panic
[15 of 32] Compiling Prettyprinter.Render.Util.StackMachine
src/Prettyprinter/Render/Util/StackMachine.hs:34:1: warning: [GHC-66111] [-Wunused-imports]
    The import of ‘Control.Applicative’ is redundant
      except perhaps to import instances from ‘Control.Applicative’
    To import instances alone, use: import Control.Applicative()
   |
34 | import           Control.Applicative
   | ^^^^^^^^^^^^^^^^^^^^^^^^^^^^^^^^^^^^

[16 of 32] Compiling Data.Text.Prettyprint.Doc.Render.Util.StackMachine
[17 of 32] Compiling Prettyprinter.Symbols.Ascii
[18 of 32] Compiling Prettyprinter
[19 of 32] Compiling Prettyprinter.Render.Util.SimpleDocTree
[20 of 32] Compiling Data.Text.Prettyprint.Doc.Render.Util.SimpleDocTree
[21 of 32] Compiling Prettyprinter.Render.Tutorials.TreeRenderingTutorial
[22 of 32] Compiling Data.Text.Prettyprint.Doc.Render.Tutorials.TreeRenderingTutorial
[23 of 32] Compiling Prettyprinter.Render.Tutorials.StackMachineTutorial
[24 of 32] Compiling Data.Text.Prettyprint.Doc.Render.Tutorials.StackMachineTutorial
src/Data/Text/Prettyprint/Doc/Render/Tutorials/StackMachineTutorial.hs:7:1: warning: [GHC-15328] [-Wdeprecations]
    Module ‘Prettyprinter.Render.Tutorials.StackMachineTutorial’ is deprecated:
      "Writing your own stack machine is probably more efficient and customizable; also consider using »renderSimplyDecorated(A)« instead"
  |
7 | import Prettyprinter.Render.Tutorials.StackMachineTutorial
  | ^^^^^^^^^^^^^^^^^^^^^^^^^^^^^^^^^^^^^^^^^^^^^^^^^^^^^^^^^^

[25 of 32] Compiling Prettyprinter.Render.Text
src/Prettyprinter/Render/Text.hs:59:1: warning: [GHC-40910] [-Wunused-top-binds]
    Defined but not used: ‘renderLazy’
   |
59 | renderLazy = TLB.toLazyText . go
   | ^^^^^^^^^^

src/Prettyprinter/Render/Text.hs:73:1: warning: [GHC-40910] [-Wunused-top-binds]
    Defined but not used: ‘renderStrict’
   |
73 | renderStrict = TL.toStrict . renderLazy
   | ^^^^^^^^^^^^

[26 of 32] Compiling Data.Text.Prettyprint.Doc.Render.Text
[27 of 32] Compiling Data.Text.Prettyprint.Doc
[28 of 32] Compiling Data.Text.Prettyprint.Doc.Symbols.Ascii
[29 of 32] Compiling Prettyprinter.Symbols.Unicode
[30 of 32] Compiling Data.Text.Prettyprint.Doc.Symbols.Unicode
[31 of 32] Compiling Prettyprinter.Util
[32 of 32] Compiling Data.Text.Prettyprint.Doc.Util
Configuring test suite 'doctest' for prettyprinter-1.7.1...
Warning: [git-protocol] Cloning over git:// might lead to an arbitrary code
execution vulnerability. Furthermore, popular forges like GitHub do not
support it. Use https:// or ssh:// instead.
Preprocessing test suite 'doctest' for prettyprinter-1.7.1...
Building test suite 'doctest' for prettyprinter-1.7.1...
[1 of 1] Compiling Main
[2 of 2] Linking dist-newstyle/build/x86_64-linux/ghc-9.10.2/prettyprinter-1.7.1/t/doctest/build/doctest/doctest
