Resolving dependencies...
Build profile: -w ghc-9.10.2 -O1
In order, the following will be built (use -v for more details):
 - text-manipulate-0.3.1.0 (lib) (first run)
 - text-manipulate-0.3.1.0 (test:tests) (first run)
Configuring library for text-manipulate-0.3.1.0...
Warning: [git-protocol] Cloning over git:// might lead to an arbitrary code
execution vulnerability. Furthermore, popular forges like GitHub do not
support it. Use https:// or ssh:// instead.
Preprocessing library for text-manipulate-0.3.1.0...
Building library for text-manipulate-0.3.1.0...
[1 of 4] Compiling Data.Text.Manipulate.Internal.Types
[2 of 4] Compiling Data.Text.Manipulate.Internal.Fusion
[3 of 4] Compiling Data.Text.Lazy.Manipulate
[4 of 4] Compiling Data.Text.Manipulate
Configuring test suite 'tests' for text-manipulate-0.3.1.0...
Warning: [git-protocol] Cloning over git:// might lead to an arbitrary code
execution vulnerability. Furthermore, popular forges like GitHub do not
support it. Use https:// or ssh:// instead.
Preprocessing test suite 'tests' for text-manipulate-0.3.1.0...
Building test suite 'tests' for text-manipulate-0.3.1.0...
[1 of 1] Compiling Main
[2 of 2] Linking dist-newstyle/build/x86_64-linux/ghc-9.10.2/text-manipulate-0.3.1.0/t/tests/build/tests/tests
