Resolving dependencies...
Build profile: -w ghc-9.10.2 -O1
In order, the following will be built (use -v for more details):
 - unliftio-0.2.25.1 (lib) (first run)
 - unliftio-0.2.25.1 (test:unliftio-spec) (first run)
Configuring library for unliftio-0.2.25.1...
Preprocessing library for unliftio-0.2.25.1...
Building library for unliftio-0.2.25.1...
[ 1 of 23] Compiling Paths_unliftio
[ 2 of 23] Compiling UnliftIO.Chan
[ 3 of 23] Compiling UnliftIO.Directory
[ 4 of 23] Compiling UnliftIO.Environment
[ 5 of 23] Compiling UnliftIO.Exception
[ 6 of 23] Compiling UnliftIO.Exception.Lens
[ 7 of 23] Compiling UnliftIO.Foreign
[ 8 of 23] Compiling UnliftIO.IO
[ 9 of 23] Compiling UnliftIO.IORef
[10 of 23] Compiling UnliftIO.Internals.Async
[11 of 23] Compiling UnliftIO.Async
[12 of 23] Compiling UnliftIO.MVar
[13 of 23] Compiling UnliftIO.IO.File.Posix
[14 of 23] Compiling UnliftIO.IO.File
[15 of 23] Compiling UnliftIO.Concurrent
[16 of 23] Compiling UnliftIO.Memoize
[17 of 23] Compiling UnliftIO.Process
[18 of 23] Compiling UnliftIO.QSem
[19 of 23] Compiling UnliftIO.QSemN
[20 of 23] Compiling UnliftIO.STM
[21 of 23] Compiling UnliftIO.Temporary
[22 of 23] Compiling UnliftIO.Timeout
[23 of 23] Compiling UnliftIO
Configuring test suite 'unliftio-spec' for unliftio-0.2.25.1...
Preprocessing test suite 'unliftio-spec' for unliftio-0.2.25.1...
Building test suite 'unliftio-spec' for unliftio-0.2.25.1...
[1 of 9] Compiling Paths_unliftio
[2 of 9] Compiling UnliftIO.AsyncSpec
[3 of 9] Compiling UnliftIO.DirectorySpec
[4 of 9] Compiling UnliftIO.ExceptionSpec
[5 of 9] Compiling UnliftIO.IO.FileSpec
test/UnliftIO/IO/FileSpec.hs:88:11: warning: [GHC-68441] [-Wdeprecations]
    In the use of ‘hGetLine’ (imported from Data.ByteString):
    Deprecated: "Deprecated since @bytestring-0.12@. Use 'Data.ByteString.Char8.hGetLine' instead. (Functions that rely on ASCII encodings belong in "Data.ByteString.Char8")"
   |
88 |           B.hGetLine h `shouldReturn` hello
   |           ^^^^^^^^^^

test/UnliftIO/IO/FileSpec.hs:106:11: warning: [GHC-68441] [-Wdeprecations]
    In the use of ‘hGetLine’ (imported from Data.ByteString):
    Deprecated: "Deprecated since @bytestring-0.12@. Use 'Data.ByteString.Char8.hGetLine' instead. (Functions that rely on ASCII encodings belong in "Data.ByteString.Char8")"
    |
106 |           B.hGetLine h `shouldReturn` hello
    |           ^^^^^^^^^^

test/UnliftIO/IO/FileSpec.hs:117:13: warning: [GHC-68441] [-Wdeprecations]
    In the use of ‘hGetLine’ (imported from Data.ByteString):
    Deprecated: "Deprecated since @bytestring-0.12@. Use 'Data.ByteString.Char8.hGetLine' instead. (Functions that rely on ASCII encodings belong in "Data.ByteString.Char8")"
    |
117 |             B.hGetLine h `shouldReturn` hello
    |             ^^^^^^^^^^

[6 of 9] Compiling UnliftIO.IOSpec
[7 of 9] Compiling UnliftIO.MemoizeSpec
[8 of 9] Compiling UnliftIO.PooledAsyncSpec
[9 of 9] Compiling Main
[10 of 10] Linking /tmp/workdir-unliftio/unliftio-0.2.25.1/dist-newstyle/build/x86_64-linux/ghc-9.10.2/unliftio-0.2.25.1/t/unliftio-spec/build/unliftio-spec/unliftio-spec
