Resolving dependencies...
Build profile: -w ghc-9.10.2 -O1
In order, the following will be built (use -v for more details):
 - gogol-admin-reports-1.0.0 (lib) (first run)
Configuring library for gogol-admin-reports-1.0.0...
Warning: [git-protocol] Cloning over git:// might lead to an arbitrary code
execution vulnerability. Furthermore, popular forges like GitHub do not
support it. Use https:// or ssh:// instead.
Preprocessing library for gogol-admin-reports-1.0.0...
Building library for gogol-admin-reports-1.0.0...
[ 1 of 10] Compiling Gogol.Admin.Reports.Internal.Sum
[ 2 of 10] Compiling Gogol.Admin.Reports.Internal.Product
[ 3 of 10] Compiling Gogol.Admin.Reports.Types
[ 4 of 10] Compiling Gogol.Admin.Reports.EntityUsageReports.Get
[ 5 of 10] Compiling Gogol.Admin.Reports.CustomerUsageReports.Get
[ 6 of 10] Compiling Gogol.Admin.Reports.Admin.Channels.Stop
[ 7 of 10] Compiling Gogol.Admin.Reports.Activities.Watch
[ 8 of 10] Compiling Gogol.Admin.Reports.Activities.List
[ 9 of 10] Compiling Gogol.Admin.Reports.UserUsageReport.Get
[10 of 10] Compiling Gogol.Admin.Reports
