Resolving dependencies...
Build profile: -w ghc-9.10.2 -O1
In order, the following will be built (use -v for more details):
 - oeis2-1.0.9 (lib) (first run)
 - oeis2-1.0.9 (test:oeis2-test) (first run)
Configuring library for oeis2-1.0.9...
Preprocessing library for oeis2-1.0.9...
Building library for oeis2-1.0.9...
[1 of 4] Compiling Math.OEIS.Types
[2 of 4] Compiling Math.OEIS.Internal
src/Math/OEIS/Internal.hs:54:24: warning: [GHC-63394] [-Wx-partial]
    In the use of ‘tail’
    (imported from Data.List, but defined in GHC.Internal.List):
    "This is a partial function, it throws an error on empty lists. Replace it with 'drop' 1, or use pattern matching or 'GHC.Internal.Data.List.uncons' instead. Consider refactoring to use "Data.List.NonEmpty"."
   |
54 | showSeqData = T.pack . tail . init . show
   |                        ^^^^

[3 of 4] Compiling Math.OEIS
[4 of 4] Compiling Paths_oeis2
Configuring test suite 'oeis2-test' for oeis2-1.0.9...
Preprocessing test suite 'oeis2-test' for oeis2-1.0.9...
Building test suite 'oeis2-test' for oeis2-1.0.9...
[1 of 2] Compiling Main
[2 of 2] Compiling Paths_oeis2
[3 of 3] Linking dist-newstyle/build/x86_64-linux/ghc-9.10.2/oeis2-1.0.9/t/oeis2-test/build/oeis2-test/oeis2-test
