Resolving dependencies...
Build profile: -w ghc-9.10.2 -O1
In order, the following will be built (use -v for more details):
 - radix-tree-1.1.0.0 (lib) (first run)
 - radix-tree-1.1.0.0 (test:properties) (first run)
Configuring library for radix-tree-1.1.0.0...
Preprocessing library for radix-tree-1.1.0.0...
Building library for radix-tree-1.1.0.0...
[ 1 of 61] Compiling Data.ByteArray.NonEmpty
[ 2 of 61] Compiling Data.Patricia.Word.Common
[ 3 of 61] Compiling Data.RadixNTree.Word8.Key
[ 4 of 61] Compiling Data.RadixNTree.Word8.Common
[ 5 of 61] Compiling Data.Radix1Tree.Word8.Key.Unsafe
[ 6 of 61] Compiling Data.Radix1Tree.Word8.Key
[ 7 of 61] Compiling Data.RadixTree.Word8.Key
[ 8 of 61] Compiling Data.RadixTree.Word8.Key.Unsafe
[ 9 of 61] Compiling Numeric.Long
[10 of 61] Compiling Radix.Common
[11 of 61] Compiling Radix.Exception
[12 of 61] Compiling Radix.Word.Foundation
[13 of 61] Compiling Radix.Word.Debug
[14 of 61] Compiling Radix.Word.Common
[15 of 61] Compiling Data.Zebra.Word.Internal
[16 of 61] Compiling Data.Zebra.Word.Unsafe
[17 of 61] Compiling Data.Zebra.Word
[18 of 61] Compiling Data.Zebra.Word.Debug
[19 of 61] Compiling Data.Patricia.Word.Strict.Internal
src/Data/Patricia/Word/Strict/Internal.hs:186:1: warning: [GHC-66111] [-Wunused-imports]
    The import of ‘Control.Applicative’ is redundant
      except perhaps to import instances from ‘Control.Applicative’
    To import instances alone, use: import Control.Applicative()
    |
186 | import           Control.Applicative
    | ^^^^^^^^^^^^^^^^^^^^^^^^^^^^^^^^^^^^

[20 of 61] Compiling Data.Patricia.Word.Strict.Unsafe
[21 of 61] Compiling Data.Patricia.Word.Strict.TH
[22 of 61] Compiling Data.Patricia.Word.Lazy.Internal
src/Data/Patricia/Word/Lazy/Internal.hs:161:1: warning: [GHC-66111] [-Wunused-imports]
    The import of ‘Control.Applicative’ is redundant
      except perhaps to import instances from ‘Control.Applicative’
    To import instances alone, use: import Control.Applicative()
    |
161 | import           Control.Applicative
    | ^^^^^^^^^^^^^^^^^^^^^^^^^^^^^^^^^^^^

[23 of 61] Compiling Data.Patricia.Word.Lazy.Unsafe
[24 of 61] Compiling Data.Patricia.Word.Lazy.TH
[25 of 61] Compiling Data.Patricia.Word.Conversion
[26 of 61] Compiling Data.Patricia.Word.Strict
[27 of 61] Compiling Data.Patricia.Word.Lazy
[28 of 61] Compiling Data.Patricia.Word.Debug
[29 of 61] Compiling Data.Patricia.Word.Strict.Debug
[30 of 61] Compiling Data.Patricia.Word.Lazy.Debug
[31 of 61] Compiling Radix.Word8.Foundation
[32 of 61] Compiling Radix.Word8.Debug
[33 of 61] Compiling Data.RadixNTree.Word8.Strict
[34 of 61] Compiling Data.RadixTree.Word8.Strict.Unsafe
[35 of 61] Compiling Data.RadixNTree.Word8.Strict.TH
[36 of 61] Compiling Data.RadixTree.Word8.Strict.TH
[37 of 61] Compiling Data.Radix1Tree.Word8.Strict.TH
[38 of 61] Compiling Data.RadixNTree.Word8.Strict.Pointer
[39 of 61] Compiling Data.RadixTree.Word8.Strict.Pointer
[40 of 61] Compiling Data.Radix1Tree.Word8.Strict.Pointer
[41 of 61] Compiling Data.RadixNTree.Word8.Lazy
[42 of 61] Compiling Data.RadixTree.Word8.Lazy.Unsafe
[43 of 61] Compiling Data.RadixNTree.Word8.Lazy.TH
[44 of 61] Compiling Data.RadixTree.Word8.Lazy.TH
[45 of 61] Compiling Data.Radix1Tree.Word8.Lazy.TH
[46 of 61] Compiling Data.RadixNTree.Word8.Conversion
[47 of 61] Compiling Data.RadixTree.Word8.Strict
[48 of 61] Compiling Data.RadixTree.Word8.Lazy
[49 of 61] Compiling Data.Radix1Tree.Word8.Strict
[50 of 61] Compiling Data.Radix1Tree.Word8.Lazy
[51 of 61] Compiling Data.RadixNTree.Word8.Debug
[52 of 61] Compiling Data.RadixNTree.Word8.Strict.Debug
[53 of 61] Compiling Data.RadixTree.Word8.Strict.Debug
[54 of 61] Compiling Data.Radix1Tree.Word8.Strict.Debug
[55 of 61] Compiling Data.RadixNTree.Word8.Lazy.Debug
[56 of 61] Compiling Data.RadixTree.Word8.Lazy.Debug
[57 of 61] Compiling Data.Radix1Tree.Word8.Lazy.Debug
[58 of 61] Compiling Data.Radix1Tree.Word8.Strict.Zipper
[59 of 61] Compiling Data.Radix1Tree.Word8.Strict.Unsafe
[60 of 61] Compiling Data.Radix1Tree.Word8.Lazy.Zipper
[61 of 61] Compiling Data.Radix1Tree.Word8.Lazy.Unsafe
Configuring test suite 'properties' for radix-tree-1.1.0.0...
Preprocessing test suite 'properties' for radix-tree-1.1.0.0...
Building test suite 'properties' for radix-tree-1.1.0.0...
[ 1 of 14] Compiling No.Set.Word
[ 2 of 14] Compiling No.Tree
[ 3 of 14] Compiling Test.Kit
[ 4 of 14] Compiling Test.RadixNTree.Word8.Key
[ 5 of 14] Compiling Test.Random
[ 6 of 14] Compiling Test.RadixNTree.Word8.Sample
[ 7 of 14] Compiling Test.RadixTree.Word8.Strict
[ 8 of 14] Compiling Test.RadixTree.Word8.Lazy
[ 9 of 14] Compiling Test.Patricia.Word.Sample
[10 of 14] Compiling Test.Patricia.Word.Strict
[11 of 14] Compiling Test.Patricia.Word.Lazy
[12 of 14] Compiling Test.Zebra.Word.Sample
test/properties/Test/Zebra/Word/Sample.hs:31:1: warning: [GHC-66111] [-Wunused-imports]
    The import of ‘Data.Foldable’ is redundant
      except perhaps to import instances from ‘Data.Foldable’
    To import instances alone, use: import Data.Foldable()
   |
31 | import           Data.Foldable (foldl')
   | ^^^^^^^^^^^^^^^^^^^^^^^^^^^^^^^^^^^^^^^

[13 of 14] Compiling Test.Zebra.Word
[14 of 14] Compiling Main
[15 of 15] Linking dist-newstyle/build/x86_64-linux/ghc-9.10.2/radix-tree-1.1.0.0/t/properties/build/properties/properties
