Warning: The package description file ./crypto-random-api.cabal has warnings:
crypto-random-api.cabal:17:34: version operators used. To use version
operators the package needs to specify at least 'cabal-version: >= 1.8'.
Warning: The package description file
/tmp/workdir-crypto-random-api/crypto-random-api-0.2.0/crypto-random-api.cabal
has warnings:
/tmp/workdir-crypto-random-api/crypto-random-api-0.2.0/crypto-random-api.cabal:17:34:
version operators used. To use version operators the package needs to specify
at least 'cabal-version: >= 1.8'.
Resolving dependencies...
Build profile: -w ghc-9.10.2 -O1
In order, the following will be built (use -v for more details):
 - crypto-random-api-0.2.0 (lib:crypto-random-api) (first run)
Warning: crypto-random-api.cabal:17:34: version operators used. To use version
operators the package needs to specify at least 'cabal-version: >= 1.8'.
Configuring crypto-random-api-0.2.0...
Warning: [git-protocol] Cloning over git:// might lead to an arbitrary code
execution vulnerability. Furthermore, popular forges like GitHub do not
support it. Use https:// or ssh:// instead.
Preprocessing library for crypto-random-api-0.2.0...
Building library for crypto-random-api-0.2.0...
[1 of 1] Compiling Crypto.Random.API
