Resolving dependencies...
Build profile: -w ghc-9.10.2 -O1
In order, the following will be built (use -v for more details):
 - crypto-api-0.13.3 (lib:crypto-api) (first run)
Configuring crypto-api-0.13.3...
Preprocessing library for crypto-api-0.13.3...
Building library for crypto-api-0.13.3...
[ 1 of 11] Compiling Crypto.CPoly
[ 2 of 11] Compiling Crypto.Types
[ 3 of 11] Compiling Crypto.Util
[ 4 of 11] Compiling Crypto.Random
[ 5 of 11] Compiling Crypto.Classes[boot]
[ 6 of 11] Compiling Crypto.Modes[boot]
[ 7 of 11] Compiling Crypto.Classes
Crypto/Classes.hs:449:20: warning: [GHC-63394] [-Wx-partial]
    In the use of ‘head’
    (imported from Prelude, but defined in GHC.Internal.List):
    "This is a partial function, it throws an error on empty lists. Use pattern matching, 'Data.List.uncons' or 'Data.Maybe.listToMaybe' instead. Consider refactoring to use "Data.List.NonEmpty"."
    |
449 |            newIV = head $ genericDrop ((ivLen - 1 + L.length msg) `div` ivLen) ivStr
    |                    ^^^^

[ 8 of 11] Compiling Crypto.Modes
[ 9 of 11] Compiling Crypto.Padding
[10 of 11] Compiling Crypto.HMAC
[11 of 11] Compiling Crypto.Classes.Exceptions
