Resolving dependencies...
Build profile: -w ghc-9.10.2 -O1
In order, the following will be built (use -v for more details):
 - css-syntax-0.1.0.2 (lib) (first run)
 - css-syntax-0.1.0.2 (test:spec) (first run)
Configuring library for css-syntax-0.1.0.2...
Warning: [git-protocol] Cloning over git:// might lead to an arbitrary code
execution vulnerability. Furthermore, popular forges like GitHub do not
support it. Use https:// or ssh:// instead.
Preprocessing library for css-syntax-0.1.0.2...
Building library for css-syntax-0.1.0.2...
[1 of 1] Compiling Data.CSS.Syntax.Tokens
Configuring test suite 'spec' for css-syntax-0.1.0.2...
Warning: [git-protocol] Cloning over git:// might lead to an arbitrary code
execution vulnerability. Furthermore, popular forges like GitHub do not
support it. Use https:// or ssh:// instead.
Preprocessing test suite 'spec' for css-syntax-0.1.0.2...
Building test suite 'spec' for css-syntax-0.1.0.2...
[1 of 2] Compiling Data.CSS.Syntax.Tokens
[2 of 2] Compiling Main
[3 of 3] Linking dist-newstyle/build/x86_64-linux/ghc-9.10.2/css-syntax-0.1.0.2/t/spec/build/spec/spec
