Resolving dependencies...
Build profile: -w ghc-9.10.2 -O1
In order, the following will be built (use -v for more details):
 - vessel-0.3.0.2 (lib) (first run)
 - vessel-0.3.0.2 (lib:vessel-tutorial) (first run)
Configuring library for vessel-0.3.0.2...
Preprocessing library for vessel-0.3.0.2...
Building library for vessel-0.3.0.2...
[ 1 of 14] Compiling Data.Vessel.Internal
[ 2 of 14] Compiling Data.Vessel.Disperse
[ 3 of 14] Compiling Data.Vessel.Class
[ 4 of 14] Compiling Data.Vessel.Selectable
[ 5 of 14] Compiling Data.Vessel.DependentMap
[ 6 of 14] Compiling Data.Vessel.ViewMorphism
[ 7 of 14] Compiling Data.Vessel.Vessel
[ 8 of 14] Compiling Data.Vessel.SubVessel
[ 9 of 14] Compiling Data.Vessel.Single
[10 of 14] Compiling Data.Vessel.Map
[11 of 14] Compiling Data.Vessel.Identity
[12 of 14] Compiling Data.Vessel.Path
[13 of 14] Compiling Data.Vessel
[14 of 14] Compiling Data.Vessel.Void
Configuring library 'vessel-tutorial' for vessel-0.3.0.2...
Preprocessing library 'vessel-tutorial' for vessel-0.3.0.2...
Building library 'vessel-tutorial' for vessel-0.3.0.2...
[1 of 1] Compiling Tutorial
