Resolving dependencies...
Build profile: -w ghc-9.10.2 -O1
In order, the following will be built (use -v for more details):
 - hp2pretty-0.10.1 (exe:hp2pretty) (first run)
Configuring executable 'hp2pretty' for hp2pretty-0.10.1...
Preprocessing executable 'hp2pretty' for hp2pretty-0.10.1...
Building executable 'hp2pretty' for hp2pretty-0.10.1...
[ 1 of 11] Compiling Args
src/Args.hs:4:1: warning: [GHC-66111] [-Wunused-imports]
    The import of ‘Data.Semigroup’ is redundant
      except perhaps to import instances from ‘Data.Semigroup’
    To import instances alone, use: import Data.Semigroup()
  |
4 | import Data.Semigroup ((<>))
  | ^^^^^^^^^^^^^^^^^^^^^^^^^^^^

[ 2 of 11] Compiling Pattern
src/Pattern.hs:10:19: warning: [GHC-63394] [-Wx-partial]
    In the use of ‘tail’
    (imported from Prelude, but defined in GHC.Internal.List):
    "This is a partial function, it throws an error on empty lists. Replace it with 'drop' 1, or use pattern matching or 'GHC.Internal.Data.List.uncons' instead. Consider refactoring to use "Data.List.NonEmpty"."
   |
10 | loop ps = zip ps (tail (cycle ps))
   |                   ^^^^

[ 3 of 11] Compiling Graphics
[ 4 of 11] Compiling Prune
src/Prune.hs:10:19: warning: [GHC-38856] [-Wunused-imports]
    The import of ‘foldl'’ from module ‘Data.List’ is redundant
   |
10 | import Data.List (foldl', sortBy)
   |                   ^^^^^^

[ 5 of 11] Compiling SVG
src/SVG.hs:7:1: warning: [GHC-66111] [-Wunused-imports]
    The import of ‘Data.Monoid’ is redundant
      except perhaps to import instances from ‘Data.Monoid’
    To import instances alone, use: import Data.Monoid()
  |
7 | import Data.Monoid ((<>), mconcat)
  | ^^^^^^^^^^^^^^^^^^^^^^^^^^^^^^^^^^

[ 6 of 11] Compiling Types
[ 7 of 11] Compiling Total
src/Total.hs:5:1: warning: [GHC-66111] [-Wunused-imports]
    The import of ‘Data.List’ is redundant
      except perhaps to import instances from ‘Data.List’
    To import instances alone, use: import Data.List()
  |
5 | import Data.List (foldl')
  | ^^^^^^^^^^^^^^^^^^^^^^^^^

src/Total.hs:31:7: warning: [GHC-62161] [-Wincomplete-uni-patterns]
    Pattern match(es) are non-exhaustive
    In a pattern binding:
        Patterns of type ‘[Text]’ not matched:
            []
            [_]
            [_, _]
            [_, _, _]
            ...
   |
31 |       [job, date, smpU, valU] =
   |       ^^^^^^^^^^^^^^^^^^^^^^^^^...

src/Total.hs:80:7: warning: [GHC-62161] [-Wincomplete-uni-patterns]
    Pattern match(es) are non-exhaustive
    In a pattern binding:
        Patterns of type ‘[Text]’ not matched:
            []
            [_]
            (_:_:_:_)
   |
80 |   let [k,vs] = words s
   |       ^^^^^^^^^^^^^^^^

[ 8 of 11] Compiling Print
src/Print.hs:80:22: warning: [GHC-40910] [-Wunused-matches]
    Defined but not used: ‘label’
   |
80 | printKey' gfx defs c label =
   |                      ^^^^^

[ 9 of 11] Compiling Pretty
src/Pretty.hs:39:18: warning: [GHC-63394] [-Wx-partial]
    In the use of ‘head’
    (imported from Prelude, but defined in GHC.Internal.List):
    "This is a partial function, it throws an error on empty lists. Use pattern matching, 'Data.List.uncons' or 'Data.Maybe.listToMaybe' instead. Consider refactoring to use "Data.List.NonEmpty"."
   |
39 | nearestNice k0 = head . dropWhile (< k0) $ nices
   |                  ^^^^

[10 of 11] Compiling Bands
src/Bands.hs:21:64: warning: [GHC-62161] [-Wincomplete-uni-patterns]
    Pattern match(es) are non-exhaustive
    In a lambda abstraction:
        Patterns of type ‘(Int, [Text])’ not matched: (_, [])
   |
21 |   forM_ (zip [1 ..] . chunkSamples . drop 4 . lines $ input) $ \(i, (t:ss)) -> do
   |                                                                ^^^^^^^^^^^^^^^^^^...

src/Bands.hs:24:11: warning: [GHC-62161] [-Wincomplete-uni-patterns]
    Pattern match(es) are non-exhaustive
    In a pattern binding:
        Patterns of type ‘[Text]’ not matched:
            []
            [_]
            (_:_:_:_)
   |
24 |       let [k,vs] = words s
   |           ^^^^^^^^^^^^^^^^

[11 of 11] Compiling Main
src/Main.hs:11:1: warning: [GHC-66111] [-Wunused-imports]
    The import of ‘Data.Semigroup’ is redundant
      except perhaps to import instances from ‘Data.Semigroup’
    To import instances alone, use: import Data.Semigroup()
   |
11 | import Data.Semigroup ((<>))
   | ^^^^^^^^^^^^^^^^^^^^^^^^^^^^

[12 of 12] Linking /tmp/workdir-hp2pretty/hp2pretty-0.10.1/dist-newstyle/build/x86_64-linux/ghc-9.10.2/hp2pretty-0.10.1/x/hp2pretty/build/hp2pretty/hp2pretty
