Warning: The package description file ./cql-io.cabal has warnings:
cql-io.cabal:14:29: Packages with 'cabal-version: 1.12' or later should
specify a specific version of the Cabal spec of the form 'cabal-version: x.y'.
Use 'cabal-version: 2.0'.
Warning: The package description file
/tmp/workdir-cql-io/cql-io-1.1.1/cql-io.cabal has warnings:
/tmp/workdir-cql-io/cql-io-1.1.1/cql-io.cabal:14:29: Packages with
'cabal-version: 1.12' or later should specify a specific version of the Cabal
spec of the form 'cabal-version: x.y'. Use 'cabal-version: 2.0'.
Resolving dependencies...
Build profile: -w ghc-9.10.2 -O1
In order, the following will be built (use -v for more details):
 - cql-io-1.1.1 (lib:cql-io-lib) (first run)
 - cql-io-1.1.1 (lib) (first run)
 - cql-io-1.1.1 (test:cql-io-tests) (first run)
Warning: cql-io.cabal:14:29: Packages with 'cabal-version: 1.12' or later
should specify a specific version of the Cabal spec of the form
'cabal-version: x.y'. Use 'cabal-version: 2.0'.
Configuring library 'cql-io-lib' for cql-io-1.1.1...
Preprocessing library 'cql-io-lib' for cql-io-1.1.1...
Building library 'cql-io-lib' for cql-io-1.1.1...
[ 1 of 20] Compiling Database.CQL.IO.Cluster.Discovery
[ 2 of 20] Compiling Database.CQL.IO.Cluster.Host
[ 3 of 20] Compiling Database.CQL.IO.Cluster.Policies
[ 4 of 20] Compiling Database.CQL.IO.Connection.Settings
[ 5 of 20] Compiling Database.CQL.IO.Exception
[ 6 of 20] Compiling Database.CQL.IO.Hexdump
src/lib/Database/CQL/IO/Hexdump.hs:21:1: warning: [GHC-66111] [-Wunused-imports]
    The import of ‘Data.Semigroup’ is redundant
      except perhaps to import instances from ‘Data.Semigroup’
    To import instances alone, use: import Data.Semigroup()
   |
21 | import Data.Semigroup ((<>))
   | ^^^^^^^^^^^^^^^^^^^^^^^^^^^^

[ 7 of 20] Compiling Database.CQL.IO.Jobs
[ 8 of 20] Compiling Database.CQL.IO.Log
src/lib/Database/CQL/IO/Log.hs:19:1: warning: [GHC-66111] [-Wunused-imports]
    The import of ‘Data.Semigroup’ is redundant
      except perhaps to import instances from ‘Data.Semigroup’
    To import instances alone, use: import Data.Semigroup()
   |
19 | import Data.Semigroup ((<>))
   | ^^^^^^^^^^^^^^^^^^^^^^^^^^^^

[ 9 of 20] Compiling Database.CQL.IO.PrepQuery
src/lib/Database/CQL/IO/PrepQuery.hs:23:1: warning: [GHC-66111] [-Wunused-imports]
    The import of ‘Crypto.Hash.Algorithms’ is redundant
      except perhaps to import instances from ‘Crypto.Hash.Algorithms’
    To import instances alone, use: import Crypto.Hash.Algorithms()
   |
23 | import Crypto.Hash.Algorithms (SHA1)
   | ^^^^^^^^^^^^^^^^^^^^^^^^^^^^^^^^^^^^

[10 of 20] Compiling Database.CQL.IO.Protocol
src/lib/Database/CQL/IO/Protocol.hs:12:1: warning: [GHC-66111] [-Wunused-imports]
    The import of ‘Data.Monoid’ is redundant
      except perhaps to import instances from ‘Data.Monoid’
    To import instances alone, use: import Data.Monoid()
   |
12 | import Data.Monoid ((<>))
   | ^^^^^^^^^^^^^^^^^^^^^^^^^

[11 of 20] Compiling Database.CQL.IO.Signal
[12 of 20] Compiling Database.CQL.IO.Sync
[13 of 20] Compiling Database.CQL.IO.Tickets
[14 of 20] Compiling Database.CQL.IO.Timeouts
[15 of 20] Compiling Database.CQL.IO.Connection.Socket
[16 of 20] Compiling Database.CQL.IO.Connection
src/lib/Database/CQL/IO/Connection.hs:50:1: warning: [GHC-66111] [-Wunused-imports]
    The import of ‘Data.Semigroup’ is redundant
      except perhaps to import instances from ‘Data.Semigroup’
    To import instances alone, use: import Data.Semigroup()
   |
50 | import Data.Semigroup ((<>))
   | ^^^^^^^^^^^^^^^^^^^^^^^^^^^^

[17 of 20] Compiling Database.CQL.IO.Pool
src/lib/Database/CQL/IO/Pool.hs:33:1: warning: [GHC-38856] [-Wunused-imports]
    The import of ‘forM_, mapM_’
    from module ‘Data.Foldable’ is redundant
   |
33 | import Data.Foldable (forM_, mapM_, find)
   | ^^^^^^^^^^^^^^^^^^^^^^^^^^^^^^^^^^^^^^^^^

src/lib/Database/CQL/IO/Pool.hs:38:1: warning: [GHC-66111] [-Wunused-imports]
    The import of ‘Data.Semigroup’ is redundant
      except perhaps to import instances from ‘Data.Semigroup’
    To import instances alone, use: import Data.Semigroup()
   |
38 | import Data.Semigroup ((<>))
   | ^^^^^^^^^^^^^^^^^^^^^^^^^^^^

src/lib/Database/CQL/IO/Pool.hs:150:13: warning: [GHC-62161] [-Wincomplete-uni-patterns]
    Pattern match(es) are non-exhaustive
    In a pattern binding:
        Patterns of type ‘ViewL Resource’ not matched: EmptyL
    |
150 |         let r :< rr = Seq.viewl $ Seq.unstableSortBy (compare `on` refcnt) c
    |             ^^^^^^^^^^^^^^^^^^^^^^^^^^^^^^^^^^^^^^^^^^^^^^^^^^^^^^^^^^^^^^^^

[18 of 20] Compiling Database.CQL.IO.Settings
src/lib/Database/CQL/IO/Settings.hs:18:1: warning: [GHC-66111] [-Wunused-imports]
    The import of ‘Data.Semigroup’ is redundant
      except perhaps to import instances from ‘Data.Semigroup’
    To import instances alone, use: import Data.Semigroup()
   |
18 | import Data.Semigroup ((<>))
   | ^^^^^^^^^^^^^^^^^^^^^^^^^^^^

src/lib/Database/CQL/IO/Settings.hs:27:1: warning: [GHC-66111] [-Wunused-imports]
    The import of ‘Database.CQL.IO.Timeouts’ is redundant
      except perhaps to import instances from ‘Database.CQL.IO.Timeouts’
    To import instances alone, use: import Database.CQL.IO.Timeouts()
   |
27 | import Database.CQL.IO.Timeouts (Milliseconds (..))
   | ^^^^^^^^^^^^^^^^^^^^^^^^^^^^^^^^^^^^^^^^^^^^^^^^^^^

[19 of 20] Compiling Database.CQL.IO.Client
[20 of 20] Compiling Database.CQL.IO.Batch
Warning: cql-io.cabal:14:29: Packages with 'cabal-version: 1.12' or later
should specify a specific version of the Cabal spec of the form
'cabal-version: x.y'. Use 'cabal-version: 2.0'.
Configuring library for cql-io-1.1.1...
Preprocessing library for cql-io-1.1.1...
Building library for cql-io-1.1.1...
[1 of 1] Compiling Database.CQL.IO
Warning: cql-io.cabal:14:29: Packages with 'cabal-version: 1.12' or later
should specify a specific version of the Cabal spec of the form
'cabal-version: x.y'. Use 'cabal-version: 2.0'.
Configuring test suite 'cql-io-tests' for cql-io-1.1.1...
Preprocessing test suite 'cql-io-tests' for cql-io-1.1.1...
Building test suite 'cql-io-tests' for cql-io-1.1.1...
[1 of 3] Compiling Test.Database.CQL.IO
src/test/Test/Database/CQL/IO.hs:252:13: warning: [GHC-63394] [-Wx-partial]
    In the use of ‘head’
    (imported from Prelude, but defined in GHC.Internal.List):
    "This is a partial function, it throws an error on empty lists. Use pattern matching, 'Data.List.uncons' or 'Data.Maybe.listToMaybe' instead. Consider refactoring to use "Data.List.NonEmpty"."
    |
252 |     _row <- head <$> trans ins (params (1, "ascii-1"))
    |             ^^^^

src/test/Test/Database/CQL/IO.hs:256:13: warning: [GHC-63394] [-Wx-partial]
    In the use of ‘head’
    (imported from Prelude, but defined in GHC.Internal.List):
    "This is a partial function, it throws an error on empty lists. Use pattern matching, 'Data.List.uncons' or 'Data.Maybe.listToMaybe' instead. Consider refactoring to use "Data.List.NonEmpty"."
    |
256 |     _row <- head <$> trans ins (params (1, "ascii-1"))
    |             ^^^^

src/test/Test/Database/CQL/IO.hs:267:13: warning: [GHC-63394] [-Wx-partial]
    In the use of ‘head’
    (imported from Prelude, but defined in GHC.Internal.List):
    "This is a partial function, it throws an error on empty lists. Use pattern matching, 'Data.List.uncons' or 'Data.Maybe.listToMaybe' instead. Consider refactoring to use "Data.List.NonEmpty"."
    |
267 |     _row <- head <$> trans upd (params ("ascii-2", 1, "ascii-1"))
    |             ^^^^

src/test/Test/Database/CQL/IO.hs:271:13: warning: [GHC-63394] [-Wx-partial]
    In the use of ‘head’
    (imported from Prelude, but defined in GHC.Internal.List):
    "This is a partial function, it throws an error on empty lists. Use pattern matching, 'Data.List.uncons' or 'Data.Maybe.listToMaybe' instead. Consider refactoring to use "Data.List.NonEmpty"."
    |
271 |     _row <- head <$> trans upd (params ("ascii-2", 1, "ascii-1"))
    |             ^^^^

[2 of 3] Compiling Test.Database.CQL.IO.Jobs
[3 of 3] Compiling Main
[4 of 4] Linking dist-newstyle/build/x86_64-linux/ghc-9.10.2/cql-io-1.1.1/t/cql-io-tests/build/cql-io-tests/cql-io-tests
