Build profile: -w ghc-9.6.5 -O1
In order, the following will be built (use -v for more details):
 - mwc-random-0.15.0.2 (lib) (first run)
 - mwc-random-0.15.0.2 (test:mwc-prop-tests) (first run)
 - mwc-random-0.15.0.2 (test:mwc-doctests) (first run)
Configuring library for mwc-random-0.15.0.2...
Preprocessing library for mwc-random-0.15.0.2...
Building library for mwc-random-0.15.0.2...
[1 of 4] Compiling System.Random.MWC.CondensedTable
[2 of 4] Compiling System.Random.MWC.Distributions
[3 of 4] Compiling System.Random.MWC.SeedSource

System/Random/MWC/SeedSource.hs:33:22: warning: [GHC-47082] [-Woperator-whitespace-ext-conflict]
    The prefix use of a ‘%’ would denote a multiplicity annotation
      were the LinearTypes extension enabled.
    Suggested fix: Add whitespace after the ‘%’.
   |
33 |   c <- (numerator . (%cpuTimePrecision)) `liftM` getCPUTime
   |                      ^
[4 of 4] Compiling System.Random.MWC

System/Random/MWC.hs:452:13: warning: [GHC-58520] [-Wtype-equality-requires-operators]
    The use of ‘~’ without TypeOperators
    will become an error in a future GHC release.
    Suggested fix: Perhaps you intended to use TypeOperators
    |
452 | instance (s ~ PrimState m, PrimMonad m) => Random.StatefulGen (Gen s) m where
    |             ^

System/Random/MWC.hs:626:27: warning: [GHC-39567] [-Wstar-is-type]
    Using ‘*’ (or its Unicode variant) to mean ‘Data.Kind.Type’
    relies on the StarIsType extension, which will become
    deprecated in the future.
    Suggested fix: Use ‘Type’ from ‘Data.Kind’ instead.
    |
626 | type family Unsigned a :: *
    |                           ^
Configuring test suite 'mwc-prop-tests' for mwc-random-0.15.0.2...
Preprocessing test suite 'mwc-prop-tests' for mwc-random-0.15.0.2...
Building test suite 'mwc-prop-tests' for mwc-random-0.15.0.2...
[1 of 1] Compiling Main
[2 of 2] Linking /tmp/workdir-mwc-random/mwc-random-0.15.0.2/dist-newstyle/build/x86_64-linux/ghc-9.6.5/mwc-random-0.15.0.2/t/mwc-prop-tests/build/mwc-prop-tests/mwc-prop-tests
Configuring test suite 'mwc-doctests' for mwc-random-0.15.0.2...
Preprocessing test suite 'mwc-doctests' for mwc-random-0.15.0.2...
Building test suite 'mwc-doctests' for mwc-random-0.15.0.2...
[1 of 1] Compiling Main
[2 of 2] Linking /tmp/workdir-mwc-random/mwc-random-0.15.0.2/dist-newstyle/build/x86_64-linux/ghc-9.6.5/mwc-random-0.15.0.2/t/mwc-doctests/build/mwc-doctests/mwc-doctests
