Resolving dependencies...
Build profile: -w ghc-9.10.2 -O1
In order, the following will be built (use -v for more details):
 - shellify-0.14.0.2 (lib) (first run)
 - shellify-0.14.0.2 (exe:nix-shellify) (first run)
 - shellify-0.14.0.2 (test:haskelltest-test) (first run)
Configuring library for shellify-0.14.0.2...
Preprocessing library for shellify-0.14.0.2...
Building library for shellify-0.14.0.2...
[1 of 7] Compiling Constants
[2 of 7] Compiling FlakeTemplate
[3 of 7] Compiling Paths_shellify
[4 of 7] Compiling Options
[5 of 7] Compiling ShellifyTemplate
[6 of 7] Compiling TemplateGeneration
src/TemplateGeneration.hs:62:27: warning: [GHC-63394] [-Wx-partial]
    In the use of ‘head’
    (imported from Prelude, but defined in GHC.Internal.List):
    "This is a partial function, it throws an error on empty lists. Use pattern matching, 'Data.List.uncons' or 'Data.Maybe.listToMaybe' instead. Consider refactoring to use "Data.List.NonEmpty"."
   |
62 |                         = head $ splitOn "#" input
   |                           ^^^^

src/TemplateGeneration.hs:67:27: warning: [GHC-63394] [-Wx-partial]
    In the use of ‘head’
    (imported from Prelude, but defined in GHC.Internal.List):
    "This is a partial function, it throws an error on empty lists. Use pattern matching, 'Data.List.uncons' or 'Data.Maybe.listToMaybe' instead. Consider refactoring to use "Data.List.NonEmpty"."
   |
67 |                         = head $ tail $ splitOn "#" input
   |                           ^^^^

src/TemplateGeneration.hs:67:34: warning: [GHC-63394] [-Wx-partial]
    In the use of ‘tail’
    (imported from Prelude, but defined in GHC.Internal.List):
    "This is a partial function, it throws an error on empty lists. Replace it with 'drop' 1, or use pattern matching or 'GHC.Internal.Data.List.uncons' instead. Consider refactoring to use "Data.List.NonEmpty"."
   |
67 |                         = head $ tail $ splitOn "#" input
   |                                  ^^^^

[7 of 7] Compiling Shellify
Configuring executable 'nix-shellify' for shellify-0.14.0.2...
Preprocessing executable 'nix-shellify' for shellify-0.14.0.2...
Building executable 'nix-shellify' for shellify-0.14.0.2...
[1 of 1] Compiling Main
[2 of 2] Linking /tmp/workdir-shellify/shellify-0.14.0.2/dist-newstyle/build/x86_64-linux/ghc-9.10.2/shellify-0.14.0.2/x/nix-shellify/build/nix-shellify/nix-shellify
Configuring test suite 'haskelltest-test' for shellify-0.14.0.2...
Preprocessing test suite 'haskelltest-test' for shellify-0.14.0.2...
Building test suite 'haskelltest-test' for shellify-0.14.0.2...
[1 of 3] Compiling Paths_shellify
[2 of 3] Compiling TestHelpers
[3 of 3] Compiling Main
[4 of 4] Linking /tmp/workdir-shellify/shellify-0.14.0.2/dist-newstyle/build/x86_64-linux/ghc-9.10.2/shellify-0.14.0.2/t/haskelltest-test/build/haskelltest-test/haskelltest-test
