Resolving dependencies...
Build profile: -w ghc-9.10.2 -O1
In order, the following will be built (use -v for more details):
 - http-client-0.7.19 (lib) (first run)
 - http-client-0.7.19 (test:spec-nonet) (first run)
 - http-client-0.7.19 (test:spec) (first run)
Configuring library for http-client-0.7.19...
Preprocessing library for http-client-0.7.19...
Building library for http-client-0.7.19...
[ 1 of 19] Compiling Data.KeyedPool
[ 2 of 19] Compiling Network.HTTP.Client.Types
[ 3 of 19] Compiling Network.HTTP.Client.Connection
[ 4 of 19] Compiling Network.HTTP.Client.Headers
[ 5 of 19] Compiling Network.HTTP.Client.Body
[ 6 of 19] Compiling Network.HTTP.Client.Util
[ 7 of 19] Compiling Network.HTTP.Client.Request
[ 8 of 19] Compiling Network.HTTP.Client.Response
[ 9 of 19] Compiling Network.HTTP.Proxy
[10 of 19] Compiling Network.HTTP.Client.Manager
[11 of 19] Compiling Network.PublicSuffixList.Types
[12 of 19] Compiling Network.PublicSuffixList.Serialize
[13 of 19] Compiling Network.PublicSuffixList.DataStructure
[14 of 19] Compiling Network.PublicSuffixList.Lookup
publicsuffixlist/Network/PublicSuffixList/Lookup.hs:69:63: warning: [GHC-63394] [-Wx-partial]
    In the use of ‘tail’
    (imported from Prelude, but defined in GHC.Internal.List):
    "This is a partial function, it throws an error on empty lists. Replace it with 'drop' 1, or use pattern matching or 'GHC.Internal.Data.List.uncons' instead. Consider refactoring to use "Data.List.NonEmpty"."
   |
69 |         output _ (OffEnd True x) = Just $ T.intercalate "." $ tail $ T.splitOn "." x
   |                                                               ^^^^

[15 of 19] Compiling Network.HTTP.Client.Cookies
[16 of 19] Compiling Network.HTTP.Client.Core
[17 of 19] Compiling Network.HTTP.Client.Internal
[18 of 19] Compiling Network.HTTP.Client
[19 of 19] Compiling Network.HTTP.Client.MultipartFormData
Configuring test suite 'spec-nonet' for http-client-0.7.19...
Preprocessing test suite 'spec-nonet' for http-client-0.7.19...
Building test suite 'spec-nonet' for http-client-0.7.19...
[1 of 9] Compiling Network.HTTP.Client.BodySpec
[2 of 9] Compiling Network.HTTP.Client.ConnectionSpec
[3 of 9] Compiling Network.HTTP.Client.CookieSpec
[4 of 9] Compiling Network.HTTP.Client.HeadersSpec
[5 of 9] Compiling Network.HTTP.Client.RequestBodySpec
[6 of 9] Compiling Network.HTTP.Client.RequestSpec
[7 of 9] Compiling Network.HTTP.Client.ResponseSpec
[8 of 9] Compiling Network.HTTP.ClientSpec
test-nonet/Network/HTTP/ClientSpec.hs:203:23: warning: [GHC-63394] [-Wx-partial]
    In the use of ‘tail’
    (imported from Prelude, but defined in GHC.Internal.List):
    "This is a partial function, it throws an error on empty lists. Replace it with 'drop' 1, or use pattern matching or 'GHC.Internal.Data.List.uncons' instead. Consider refactoring to use "Data.List.NonEmpty"."
    |
203 |             map fst $ tail $ hrRedirects hr
    |                       ^^^^

test-nonet/Network/HTTP/ClientSpec.hs:215:23: warning: [GHC-63394] [-Wx-partial]
    In the use of ‘tail’
    (imported from Prelude, but defined in GHC.Internal.List):
    "This is a partial function, it throws an error on empty lists. Replace it with 'drop' 1, or use pattern matching or 'GHC.Internal.Data.List.uncons' instead. Consider refactoring to use "Data.List.NonEmpty"."
    |
215 |             map fst $ tail $ hrRedirects hr
    |                       ^^^^

test-nonet/Network/HTTP/ClientSpec.hs:227:23: warning: [GHC-63394] [-Wx-partial]
    In the use of ‘tail’
    (imported from Prelude, but defined in GHC.Internal.List):
    "This is a partial function, it throws an error on empty lists. Replace it with 'drop' 1, or use pattern matching or 'GHC.Internal.Data.List.uncons' instead. Consider refactoring to use "Data.List.NonEmpty"."
    |
227 |             map fst $ tail $ hrRedirects hr
    |                       ^^^^

[9 of 9] Compiling Main
[10 of 10] Linking dist-newstyle/build/x86_64-linux/ghc-9.10.2/http-client-0.7.19/t/spec-nonet/build/spec-nonet/spec-nonet
Configuring test suite 'spec' for http-client-0.7.19...
Preprocessing test suite 'spec' for http-client-0.7.19...
Building test suite 'spec' for http-client-0.7.19...
[1 of 2] Compiling Network.HTTP.ClientSpec
[2 of 2] Compiling Main
[3 of 3] Linking dist-newstyle/build/x86_64-linux/ghc-9.10.2/http-client-0.7.19/t/spec/build/spec/spec
