Resolving dependencies...
Build profile: -w ghc-9.10.2 -O1
In order, the following will be built (use -v for more details):
 - morpheus-graphql-server-0.28.1 (lib) (first run)
 - morpheus-graphql-server-0.28.1 (test:morpheus-graphql-server-test) (first run)
Configuring library for morpheus-graphql-server-0.28.1...
Preprocessing library for morpheus-graphql-server-0.28.1...
Building library for morpheus-graphql-server-0.28.1...
[ 1 of 41] Compiling Data.Morpheus.Generic.Proxy
[ 2 of 41] Compiling Data.Morpheus.Generic.Gmap
[ 3 of 41] Compiling Data.Morpheus.Generic.GScan
[ 4 of 41] Compiling Data.Morpheus.Generic.GRep
[ 5 of 41] Compiling Data.Morpheus.Generic.Fields
[ 6 of 41] Compiling Data.Morpheus.Generic.RefType
[ 7 of 41] Compiling Data.Morpheus.Generic.Cons
[ 8 of 41] Compiling Data.Morpheus.Generic
[ 9 of 41] Compiling Data.Morpheus.Server.CodeGen.Internal
[10 of 41] Compiling Data.Morpheus.Server.Playground
[11 of 41] Compiling Data.Morpheus.Server.Types.Kind
[12 of 41] Compiling Data.Morpheus.Server.Deriving.Utils.Kinded
[13 of 41] Compiling Data.Morpheus.Server.Deriving.Utils.Types
[14 of 41] Compiling Data.Morpheus.Server.Types.NamedResolvers
[15 of 41] Compiling Data.Morpheus.Server.Types.Types
[16 of 41] Compiling Data.Morpheus.Server.Types.TypeName
[17 of 41] Compiling Data.Morpheus.Server.Types.Internal
[18 of 41] Compiling Data.Morpheus.Server.Deriving.Utils.GScan
[19 of 41] Compiling Data.Morpheus.Server.Resolvers
[20 of 41] Compiling Data.Morpheus.Server.Types.Visitors
[21 of 41] Compiling Data.Morpheus.Server.Types.Directives
[22 of 41] Compiling Data.Morpheus.Server.Deriving.Utils.Use
[23 of 41] Compiling Data.Morpheus.Server.Deriving.Kinded.Arguments
[24 of 41] Compiling Data.Morpheus.Server.Deriving.Internal.Value
[25 of 41] Compiling Data.Morpheus.Server.Deriving.Internal.Directive
[26 of 41] Compiling Data.Morpheus.Server.Deriving.Kinded.Value
[27 of 41] Compiling Data.Morpheus.Server.Deriving.Kinded.NamedResolverFun
[28 of 41] Compiling Data.Morpheus.Server.Deriving.Kinded.NamedResolver
[29 of 41] Compiling Data.Morpheus.Server.Deriving.Kinded.Channels
[30 of 41] Compiling Data.Morpheus.Server.Deriving.Internal.Type
[31 of 41] Compiling Data.Morpheus.Server.Deriving.Kinded.Type
[32 of 41] Compiling Data.Morpheus.Server.Deriving.Internal.Resolver
[33 of 41] Compiling Data.Morpheus.Server.Deriving.Kinded.Resolver
[34 of 41] Compiling Data.Morpheus.Server.Types.GQLType
[35 of 41] Compiling Data.Morpheus.Server.Deriving.Schema
[36 of 41] Compiling Data.Morpheus.Server.Deriving.Resolvers
[37 of 41] Compiling Data.Morpheus.Server.Types.DirectiveDefinitions
[38 of 41] Compiling Data.Morpheus.Server.Types
[39 of 41] Compiling Data.Morpheus.Server.Deriving.App
[40 of 41] Compiling Data.Morpheus.Server
[41 of 41] Compiling Paths_morpheus_graphql_server
Configuring test suite 'morpheus-graphql-server-test' for morpheus-graphql-server-0.28.1...
Preprocessing test suite 'morpheus-graphql-server-test' for morpheus-graphql-server-0.28.1...
Building test suite 'morpheus-graphql-server-test' for morpheus-graphql-server-0.28.1...
[ 1 of 32] Compiling Feature.Collision.CategoryCollisionFail
[ 2 of 32] Compiling Feature.Collision.CategoryCollisionSuccess
[ 3 of 32] Compiling Feature.Collision.NameCollisionHelper
[ 4 of 32] Compiling Feature.Collision.NameCollision
[ 5 of 32] Compiling Feature.Directive.Definition
[ 6 of 32] Compiling Feature.Directive.EnumVisitor
[ 7 of 32] Compiling Feature.Directive.FieldVisitor
[ 8 of 32] Compiling Feature.Directive.TypeVisitor
[ 9 of 32] Compiling Feature.Inference.Names
[10 of 32] Compiling Feature.Inference.ObjectAndEnum
[11 of 32] Compiling Feature.Inference.TaggedArguments
[12 of 32] Compiling Feature.Inference.TaggedArgumentsFail
[13 of 32] Compiling Feature.Inference.TypeGuards
[14 of 32] Compiling Feature.Inference.TypeInference
[15 of 32] Compiling Feature.Inference.UnionType
[16 of 32] Compiling Feature.Inference.WrappedType
[17 of 32] Compiling Feature.Input.Collections
[18 of 32] Compiling Feature.Input.Enums
[19 of 32] Compiling Feature.Input.Objects
[20 of 32] Compiling Feature.Input.Scalars
[21 of 32] Compiling Feature.Input.Variables
[22 of 32] Compiling Feature.NamedResolvers.DB
[23 of 32] Compiling Feature.NamedResolvers.Scalars
[24 of 32] Compiling Feature.NamedResolvers.Realms
[25 of 32] Compiling Feature.NamedResolvers.RealmsApp
[26 of 32] Compiling Feature.NamedResolvers.Entities
[27 of 32] Compiling Feature.NamedResolvers.Deities
[28 of 32] Compiling Feature.NamedResolvers.DeitiesApp
test/Feature/NamedResolvers/DeitiesApp.hs:15:1: warning: [GHC-66111] [-Wunused-imports]
    The import of ‘Control.Monad.Except’ is redundant
      except perhaps to import instances from ‘Control.Monad.Except’
    To import instances alone, use: import Control.Monad.Except()
   |
15 | import Control.Monad.Except
   | ^^^^^^^^^^^^^^^^^^^^^^^^^^^

[29 of 32] Compiling Feature.NamedResolvers.EntitiesApp
[30 of 32] Compiling Feature.NamedResolvers.API
[31 of 32] Compiling Main
test/Spec.hs:10:1: warning: [GHC-66111] [-Wunused-imports]
    The import of ‘Data.Morpheus.Server.Types’ is redundant
      except perhaps to import instances from ‘Data.Morpheus.Server.Types’
    To import instances alone, use: import Data.Morpheus.Server.Types()
   |
10 | import Data.Morpheus.Server.Types (GQLRequest (..), GQLResponse (..))
   | ^^^^^^^^^^^^^^^^^^^^^^^^^^^^^^^^^^^^^^^^^^^^^^^^^^^^^^^^^^^^^^^^^^^^^

[32 of 32] Compiling Paths_morpheus_graphql_server
[33 of 33] Linking dist-newstyle/build/x86_64-linux/ghc-9.10.2/morpheus-graphql-server-0.28.1/t/morpheus-graphql-server-test/build/morpheus-graphql-server-test/morpheus-graphql-server-test
