Resolving dependencies...
Build profile: -w ghc-9.10.2 -O1
In order, the following will be built (use -v for more details):
 - repa-algorithms-3.4.2.0 (lib) (first run)
Configuring library for repa-algorithms-3.4.2.0...
Preprocessing library for repa-algorithms-3.4.2.0...
Building library for repa-algorithms-3.4.2.0...
/tmp/ghc1935354-18.rsp: warning: [GHC-53692] [-Wdeprecated-flags]
    -funfolding-keeness-factor=1000 is deprecated: -funfolding-keeness-factor is no longer respected as of GHC 9.0

[ 1 of 10] Compiling Data.Array.Repa.Algorithms.ColorRamp
[ 2 of 10] Compiling Data.Array.Repa.Algorithms.Complex
[ 3 of 10] Compiling Data.Array.Repa.Algorithms.Convolve
[ 4 of 10] Compiling Data.Array.Repa.Algorithms.DFT.Center
[ 5 of 10] Compiling Data.Array.Repa.Algorithms.DFT.Roots
[ 6 of 10] Compiling Data.Array.Repa.Algorithms.DFT
[ 7 of 10] Compiling Data.Array.Repa.Algorithms.FFT
[ 8 of 10] Compiling Data.Array.Repa.Algorithms.Matrix
Data/Array/Repa/Algorithms/Matrix.hs:30:1: warning: [GHC-66111] [-Wunused-imports]
    The import of ‘Control.Monad’ is redundant
      except perhaps to import instances from ‘Control.Monad’
    To import instances alone, use: import Control.Monad()
   |
30 | import Control.Monad
   | ^^^^^^^^^^^^^^^^^^^^

[ 9 of 10] Compiling Data.Array.Repa.Algorithms.Pixel
[10 of 10] Compiling Data.Array.Repa.Algorithms.Randomish
