Resolving dependencies...
Build profile: -w ghc-9.10.2 -O1
In order, the following will be built (use -v for more details):
 - call-stack-0.4.0 (lib) (first run)
 - call-stack-0.4.0 (test:spec) (first run)
Configuring library for call-stack-0.4.0...
Preprocessing library for call-stack-0.4.0...
Building library for call-stack-0.4.0...
[1 of 3] Compiling Data.SrcLoc
[2 of 3] Compiling Data.CallStack
[3 of 3] Compiling Paths_call_stack
Configuring test suite 'spec' for call-stack-0.4.0...
Preprocessing test suite 'spec' for call-stack-0.4.0...
Building test suite 'spec' for call-stack-0.4.0...
[1 of 5] Compiling Example
[2 of 5] Compiling Paths_call_stack
[3 of 5] Compiling Util
[4 of 5] Compiling Data.CallStackSpec
[5 of 5] Compiling Main
[6 of 6] Linking dist-newstyle/build/x86_64-linux/ghc-9.10.2/call-stack-0.4.0/t/spec/build/spec/spec
