Resolving dependencies...
Build profile: -w ghc-9.10.2 -O1
In order, the following will be built (use -v for more details):
 - data-prometheus-0.1.0.0 (lib) (first run)
 - data-prometheus-0.1.0.0 (test:data-prometheus-tests) (first run)
Configuring library for data-prometheus-0.1.0.0...
Preprocessing library for data-prometheus-0.1.0.0...
Building library for data-prometheus-0.1.0.0...
[1 of 5] Compiling Data.Prometheus.Types
[2 of 5] Compiling Data.Prometheus.Parse
[3 of 5] Compiling Data.Prometheus.Monad
[4 of 5] Compiling Data.Prometheus.Pretty
[5 of 5] Compiling Data.Prometheus
Configuring test suite 'data-prometheus-tests' for data-prometheus-0.1.0.0...
Preprocessing test suite 'data-prometheus-tests' for data-prometheus-0.1.0.0...
Building test suite 'data-prometheus-tests' for data-prometheus-0.1.0.0...
[1 of 5] Compiling SpecHelper
[2 of 5] Compiling PrettySpec
[3 of 5] Compiling ParseSpec
[4 of 5] Compiling MonadSpec
[5 of 5] Compiling Main
[6 of 6] Linking dist-newstyle/build/x86_64-linux/ghc-9.10.2/data-prometheus-0.1.0.0/t/data-prometheus-tests/build/data-prometheus-tests/data-prometheus-tests
