Resolving dependencies...
Build profile: -w ghc-9.10.2 -O1
In order, the following will be built (use -v for more details):
 - sphinx-0.6.1 (lib) (first run)
Configuring library for sphinx-0.6.1...
Preprocessing library for sphinx-0.6.1...
Building library for sphinx-0.6.1...
[1 of 7] Compiling Text.Search.Sphinx.ExcerptConfiguration
[2 of 7] Compiling Text.Search.Sphinx.Types
[3 of 7] Compiling Text.Search.Sphinx.Put
[4 of 7] Compiling Text.Search.Sphinx.Indexable
Text/Search/Sphinx/Indexable.hs:28:55: warning: [GHC-63394] [-Wx-partial]
    In the use of ‘head’
    (imported from Prelude, but defined in GHC.Internal.List):
    "This is a partial function, it throws an error on empty lists. Use pattern matching, 'Data.List.uncons' or 'Data.Maybe.listToMaybe' instead. Consider refactoring to use "Data.List.NonEmpty"."
   |
28 |       sphinxEl "schema" << (map schemaField $ schema (head $ items))
   |                                                       ^^^^

[5 of 7] Compiling Text.Search.Sphinx.Get
[6 of 7] Compiling Text.Search.Sphinx.Configuration
[7 of 7] Compiling Text.Search.Sphinx
Text/Search/Sphinx.hs:86:23: warning: [GHC-63394] [-Wx-partial]
    In the use of ‘head’
    (imported from Prelude, but defined in GHC.Internal.List):
    "This is a partial function, it throws an error on empty lists. Use pattern matching, 'Data.List.uncons' or 'Data.Maybe.listToMaybe' instead. Consider refactoring to use "Data.List.NonEmpty"."
   |
86 |       T.Ok rs -> case head rs of
   |                       ^^^^

