Resolving dependencies...
Build profile: -w ghc-9.10.2 -O1
In order, the following will be built (use -v for more details):
 - primitive-0.9.1.0 (lib) (first run)
 - primitive-0.9.1.0 (test:test-qc) (first run)
Configuring library for primitive-0.9.1.0...
Preprocessing library for primitive-0.9.1.0...
Building library for primitive-0.9.1.0...
[ 1 of 14] Compiling Data.Primitive.Internal.Read
[ 2 of 14] Compiling Data.Primitive.MachDeps
[ 3 of 14] Compiling Data.Primitive.Internal.Operations
[ 4 of 14] Compiling Control.Monad.Primitive
[ 5 of 14] Compiling Data.Primitive.MVar
[ 6 of 14] Compiling Data.Primitive.Array
[ 7 of 14] Compiling Data.Primitive.MutVar
[ 8 of 14] Compiling Data.Primitive.SmallArray
[ 9 of 14] Compiling Data.Primitive.Types
[10 of 14] Compiling Data.Primitive.ByteArray
[11 of 14] Compiling Data.Primitive.PrimArray
[12 of 14] Compiling Data.Primitive.Ptr
[13 of 14] Compiling Data.Primitive
[14 of 14] Compiling Data.Primitive.PrimVar
Configuring test suite 'test-qc' for primitive-0.9.1.0...
Preprocessing test suite 'test-qc' for primitive-0.9.1.0...
Building test suite 'test-qc' for primitive-0.9.1.0...
test/Main.hs:17:14: warning: [GHC-53692] [-Wdeprecated-flags]
    -XTypeInType is deprecated: use -XDataKinds and -XPolyKinds instead
   |
17 | {-# LANGUAGE TypeInType #-}
   |              ^^^^^^^^^^

[1 of 2] Compiling PrimLaws
[2 of 2] Compiling Main
test/Main.hs:17:14: warning: [GHC-53692] [-Wdeprecated-flags]
    -XTypeInType is deprecated: use -XDataKinds and -XPolyKinds instead
   |
17 | {-# LANGUAGE TypeInType #-}
   |              ^^^^^^^^^^

[3 of 3] Linking /tmp/workdir-primitive/primitive-0.9.1.0/dist-newstyle/build/x86_64-linux/ghc-9.10.2/primitive-0.9.1.0/t/test-qc/build/test-qc/test-qc
