Resolving dependencies...
Build profile: -w ghc-9.10.2 -O1
In order, the following will be built (use -v for more details):
 - fuzzy-0.1.1.0 (lib) (first run)
 - fuzzy-0.1.1.0 (test:tests) (first run)
Configuring library for fuzzy-0.1.1.0...
Preprocessing library for fuzzy-0.1.1.0...
Building library for fuzzy-0.1.1.0...
[1 of 1] Compiling Text.Fuzzy
Configuring test suite 'tests' for fuzzy-0.1.1.0...
Preprocessing test suite 'tests' for fuzzy-0.1.1.0...
Building test suite 'tests' for fuzzy-0.1.1.0...
[1 of 1] Compiling Main
tests/tests.hs:48:16: warning: [GHC-63394] [-Wx-partial]
    In the use of ‘head’
    (imported from Prelude, but defined in GHC.Internal.List):
    "This is a partial function, it throws an error on empty lists. Use pattern matching, 'Data.List.uncons' or 'Data.Maybe.listToMaybe' instead. Consider refactoring to use "Data.List.NonEmpty"."
   |
48 |         (@?=) (head (F.filter "cb" ["cab", "acb"] "" "" id True) )
   |                ^^^^

tests/tests.hs:49:16: warning: [GHC-63394] [-Wx-partial]
    In the use of ‘head’
    (imported from Prelude, but defined in GHC.Internal.List):
    "This is a partial function, it throws an error on empty lists. Use pattern matching, 'Data.List.uncons' or 'Data.Maybe.listToMaybe' instead. Consider refactoring to use "Data.List.NonEmpty"."
   |
49 |               (head (F.filter "cb" ["acb"] "" "" id True))
   |                ^^^^

[2 of 2] Linking dist-newstyle/build/x86_64-linux/ghc-9.10.2/fuzzy-0.1.1.0/t/tests/build/tests/tests
