Resolving dependencies...
Build profile: -w ghc-9.10.2 -O1
In order, the following will be built (use -v for more details):
 - recursion-schemes-5.2.3 (lib) (first run)
 - recursion-schemes-5.2.3 (test:Expr) (first run)
Configuring library for recursion-schemes-5.2.3...
Preprocessing library for recursion-schemes-5.2.3...
Building library for recursion-schemes-5.2.3...
[1 of 4] Compiling Data.Functor.Base
[2 of 4] Compiling Data.Functor.Foldable
[3 of 4] Compiling Data.Functor.Foldable.TH
[4 of 4] Compiling Paths_recursion_schemes
Configuring test suite 'Expr' for recursion-schemes-5.2.3...
Preprocessing test suite 'Expr' for recursion-schemes-5.2.3...
Building test suite 'Expr' for recursion-schemes-5.2.3...
[1 of 1] Compiling Main
examples/Expr.hs:10:1: warning: [GHC-66111] [-Wunused-imports]
    The import of ‘Data.List’ is redundant
      except perhaps to import instances from ‘Data.List’
    To import instances alone, use: import Data.List()
   |
10 | import Data.List (foldl')
   | ^^^^^^^^^^^^^^^^^^^^^^^^^

[2 of 2] Linking /tmp/workdir-recursion-schemes/recursion-schemes-5.2.3/dist-newstyle/build/x86_64-linux/ghc-9.10.2/recursion-schemes-5.2.3/t/Expr/build/Expr/Expr
