Resolving dependencies...
Build profile: -w ghc-9.10.2 -O1
In order, the following will be built (use -v for more details):
 - http-api-data-0.6.2 (lib) (first run)
 - http-api-data-0.6.2 (test:spec) (first run)
Configuring library for http-api-data-0.6.2...
Preprocessing library for http-api-data-0.6.2...
Building library for http-api-data-0.6.2...
[1 of 4] Compiling Web.Internal.HttpApiData
src/Web/Internal/HttpApiData.hs:35:1: warning: [GHC-66111] [-Wunused-imports]
    The import of ‘Data.Semigroup’ is redundant
      except perhaps to import instances from ‘Data.Semigroup’
    To import instances alone, use: import Data.Semigroup()
   |
35 | import           Data.Semigroup               (Semigroup (..))
   | ^^^^^^^^^^^^^^^^^^^^^^^^^^^^^^^^^^^^^^^^^^^^^^^^^^^^^^^^^^^^^^

[2 of 4] Compiling Web.Internal.FormUrlEncoded
src/Web/Internal/FormUrlEncoded.hs:40:1: warning: [GHC-66111] [-Wunused-imports]
    The import of ‘Data.Semigroup’ is redundant
      except perhaps to import instances from ‘Data.Semigroup’
    To import instances alone, use: import Data.Semigroup()
   |
40 | import           Data.Semigroup             (Semigroup (..))
   | ^^^^^^^^^^^^^^^^^^^^^^^^^^^^^^^^^^^^^^^^^^^^^^^^^^^^^^^^^^^^

src/Web/Internal/FormUrlEncoded.hs:58:1: warning: [GHC-66111] [-Wunused-imports]
    The import of ‘Numeric.Natural’ is redundant
      except perhaps to import instances from ‘Numeric.Natural’
    To import instances alone, use: import Numeric.Natural()
   |
58 | import           Numeric.Natural            (Natural)
   | ^^^^^^^^^^^^^^^^^^^^^^^^^^^^^^^^^^^^^^^^^^^^^^^^^^^^^

src/Web/Internal/FormUrlEncoded.hs:336:23: warning: [GHC-39567] [-Wstar-is-type]
    Using ‘*’ (or its Unicode variant) to mean ‘Data.Kind.Type’
    relies on the StarIsType extension, which will become
    deprecated in the future.
    Suggested fix: Use ‘Type’ from ‘Data.Kind’ instead.
    |
336 | class GToForm t (f :: * -> *) where
    |                       ^

src/Web/Internal/FormUrlEncoded.hs:336:28: warning: [GHC-39567] [-Wstar-is-type]
    Using ‘*’ (or its Unicode variant) to mean ‘Data.Kind.Type’
    relies on the StarIsType extension, which will become
    deprecated in the future.
    Suggested fix: Use ‘Type’ from ‘Data.Kind’ instead.
    |
336 | class GToForm t (f :: * -> *) where
    |                            ^

src/Web/Internal/FormUrlEncoded.hs:484:25: warning: [GHC-39567] [-Wstar-is-type]
    Using ‘*’ (or its Unicode variant) to mean ‘Data.Kind.Type’
    relies on the StarIsType extension, which will become
    deprecated in the future.
    Suggested fix: Use ‘Type’ from ‘Data.Kind’ instead.
    |
484 | class GFromForm t (f :: * -> *) where
    |                         ^

src/Web/Internal/FormUrlEncoded.hs:484:30: warning: [GHC-39567] [-Wstar-is-type]
    Using ‘*’ (or its Unicode variant) to mean ‘Data.Kind.Type’
    relies on the StarIsType extension, which will become
    deprecated in the future.
    Suggested fix: Use ‘Type’ from ‘Data.Kind’ instead.
    |
484 | class GFromForm t (f :: * -> *) where
    |                              ^

[3 of 4] Compiling Web.FormUrlEncoded
[4 of 4] Compiling Web.HttpApiData
Configuring test suite 'spec' for http-api-data-0.6.2...
Preprocessing test suite 'spec' for http-api-data-0.6.2...
Building test suite 'spec' for http-api-data-0.6.2...
[1 of 4] Compiling Web.Internal.TestInstances
test/Web/Internal/TestInstances.hs:11:1: warning: [GHC-66111] [-Wunused-imports]
    The import of ‘Control.Applicative’ is redundant
      except perhaps to import instances from ‘Control.Applicative’
    To import instances alone, use: import Control.Applicative()
   |
11 | import           Control.Applicative
   | ^^^^^^^^^^^^^^^^^^^^^^^^^^^^^^^^^^^^

[2 of 4] Compiling Web.Internal.HttpApiDataSpec
[3 of 4] Compiling Web.Internal.FormUrlEncodedSpec
test/Web/Internal/FormUrlEncodedSpec.hs:42:11: warning: [GHC-62161] [-Wincomplete-uni-patterns]
    Pattern match(es) are non-exhaustive
    In a pattern binding:
        Patterns of type ‘Either Text SimpleRec’ not matched: Left _
   |
42 |           Right r1 = fromForm f1 :: Either Text SimpleRec
   |           ^^^^^^^^^^^^^^^^^^^^^^^^^^^^^^^^^^^^^^^^^^^^^^^

test/Web/Internal/FormUrlEncodedSpec.hs:47:11: warning: [GHC-62161] [-Wincomplete-uni-patterns]
    Pattern match(es) are non-exhaustive
    In a pattern binding:
        Patterns of type ‘Either Text SimpleRec’ not matched: Right _
   |
47 |           Left e = fromForm f :: Either Text SimpleRec
   |           ^^^^^^^^^^^^^^^^^^^^^^^^^^^^^^^^^^^^^^^^^^^^

[4 of 4] Compiling Main
[5 of 5] Linking /tmp/workdir-http-api-data/http-api-data-0.6.2/dist-newstyle/build/x86_64-linux/ghc-9.10.2/http-api-data-0.6.2/t/spec/build/spec/spec
