Resolving dependencies...
Build profile: -w ghc-9.10.2 -O1
In order, the following will be built (use -v for more details):
 - monad-chronicle-1.1 (lib) (first run)
Configuring library for monad-chronicle-1.1...
Preprocessing library for monad-chronicle-1.1...
Building library for monad-chronicle-1.1...
[1 of 3] Compiling Control.Monad.Trans.Chronicle
src/Control/Monad/Trans/Chronicle.hs:82:5: warning: [GHC-22705] [-Wnoncanonical-monad-instances]
    Noncanonical ‘return’ definition detected
    in the instance declaration for ‘Monad (ChronicleT c m)’.
    ‘return’ will eventually be removed in favour of ‘pure’
    Suggested fix:
      Either remove definition for ‘return’ (recommended) or define as ‘return = pure’
      See also: https://gitlab.haskell.org/ghc/ghc/-/wikis/proposal/monad-of-no-return
   |
82 |     return = ChronicleT . return . return
   |     ^^^^^^^^^^^^^^^^^^^^^^^^^^^^^^^^^^^^^

[2 of 3] Compiling Control.Monad.Chronicle.Class
[3 of 3] Compiling Control.Monad.Chronicle
