Resolving dependencies...
Build profile: -w ghc-9.10.2 -O1
In order, the following will be built (use -v for more details):
 - zenc-0.1.2 (lib) (first run)
 - zenc-0.1.2 (test:tests) (first run)
Configuring library for zenc-0.1.2...
Preprocessing library for zenc-0.1.2...
Building library for zenc-0.1.2...
[1 of 1] Compiling Text.Encoding.Z
Text/Encoding/Z.hs:116:46: warning: [GHC-63394] [-Wx-partial]
    In the use of ‘head’
    (imported from Prelude, but defined in GHC.Internal.List):
    "This is a partial function, it throws an error on empty lists. Use pattern matching, 'Data.List.uncons' or 'Data.Maybe.listToMaybe' instead. Consider refactoring to use "Data.List.NonEmpty"."
    |
116 | encode_as_unicode_char c = 'z' : if isDigit (head hex_str) then hex_str
    |                                              ^^^^

Configuring test suite 'tests' for zenc-0.1.2...
Preprocessing test suite 'tests' for zenc-0.1.2...
Building test suite 'tests' for zenc-0.1.2...
[1 of 2] Compiling Text.Encoding.Z
Text/Encoding/Z.hs:116:46: warning: [GHC-63394] [-Wx-partial]
    In the use of ‘head’
    (imported from Prelude, but defined in GHC.Internal.List):
    "This is a partial function, it throws an error on empty lists. Use pattern matching, 'Data.List.uncons' or 'Data.Maybe.listToMaybe' instead. Consider refactoring to use "Data.List.NonEmpty"."
    |
116 | encode_as_unicode_char c = 'z' : if isDigit (head hex_str) then hex_str
    |                                              ^^^^

[2 of 2] Compiling Main
[3 of 3] Linking /tmp/workdir-zenc/zenc-0.1.2/dist-newstyle/build/x86_64-linux/ghc-9.10.2/zenc-0.1.2/t/tests/build/tests/tests
