Resolving dependencies...
Build profile: -w ghc-9.10.2 -O1
In order, the following will be built (use -v for more details):
 - sandwich-webdriver-0.3.0.1 (lib) (first run)
 - sandwich-webdriver-0.3.0.1 (test:sandwich-webdriver-test) (first run)
Configuring library for sandwich-webdriver-0.3.0.1...
Preprocessing library for sandwich-webdriver-0.3.0.1...
Building library for sandwich-webdriver-0.3.0.1...
[ 1 of 34] Compiling Paths_sandwich_webdriver
[ 2 of 34] Compiling Test.Sandwich.WebDriver.Internal.Binaries.Chrome.Types
[ 3 of 34] Compiling Test.Sandwich.WebDriver.Internal.Binaries.DetectPlatform
[ 4 of 34] Compiling Test.Sandwich.WebDriver.Internal.Binaries.Ffmpeg.Types
[ 5 of 34] Compiling Test.Sandwich.WebDriver.Internal.Binaries.Ffmpeg
[ 6 of 34] Compiling Test.Sandwich.WebDriver.Internal.Binaries.Firefox.Types
[ 7 of 34] Compiling Test.Sandwich.WebDriver.Internal.Binaries.Selenium.Types
[ 8 of 34] Compiling Test.Sandwich.WebDriver.Internal.Binaries.Xvfb.Types
[ 9 of 34] Compiling Test.Sandwich.WebDriver.Internal.Binaries.Xvfb
[10 of 34] Compiling Test.Sandwich.WebDriver.Internal.Capabilities
[11 of 34] Compiling Test.Sandwich.WebDriver.Internal.Types
[12 of 34] Compiling Test.Sandwich.WebDriver.Internal.Screenshots
[13 of 34] Compiling Test.Sandwich.WebDriver.Internal.OnDemand
[14 of 34] Compiling Test.Sandwich.WebDriver.Internal.StartWebDriver.Xvfb
[15 of 34] Compiling Test.Sandwich.WebDriver.Internal.Util
[16 of 34] Compiling Test.Sandwich.WebDriver.Internal.Binaries.Firefox.Detect
[17 of 34] Compiling Test.Sandwich.WebDriver.Internal.Binaries.Common
[18 of 34] Compiling Test.Sandwich.WebDriver.Internal.Binaries.Selenium
[19 of 34] Compiling Test.Sandwich.WebDriver.Internal.Binaries.Firefox
[20 of 34] Compiling Test.Sandwich.WebDriver.Internal.Binaries.Chrome.Detect
[21 of 34] Compiling Test.Sandwich.WebDriver.Internal.Capabilities.Extra
[22 of 34] Compiling Test.Sandwich.WebDriver.Internal.Binaries.Chrome
[23 of 34] Compiling Test.Sandwich.WebDriver.Internal.Dependencies
[24 of 34] Compiling Test.Sandwich.WebDriver.Internal.StartWebDriver
[25 of 34] Compiling Test.Sandwich.WebDriver.Config
[26 of 34] Compiling Test.Sandwich.WebDriver.Binaries
[27 of 34] Compiling Test.Sandwich.WebDriver.Resolution
[28 of 34] Compiling Test.Sandwich.WebDriver.Types
[29 of 34] Compiling Test.Sandwich.WebDriver.Internal.Action
[30 of 34] Compiling Test.Sandwich.WebDriver.Video.Types
[31 of 34] Compiling Test.Sandwich.WebDriver.Video.Internal
[32 of 34] Compiling Test.Sandwich.WebDriver.Windows
[33 of 34] Compiling Test.Sandwich.WebDriver.Video
[34 of 34] Compiling Test.Sandwich.WebDriver
Configuring test suite 'sandwich-webdriver-test' for sandwich-webdriver-0.3.0.1...
Preprocessing test suite 'sandwich-webdriver-test' for sandwich-webdriver-0.3.0.1...
Building test suite 'sandwich-webdriver-test' for sandwich-webdriver-0.3.0.1...
[1 of 3] Compiling Main
[2 of 3] Compiling Paths_sandwich_webdriver
[3 of 3] Compiling Test.Sandwich.WebDriver.Resolution
[4 of 4] Linking dist-newstyle/build/x86_64-linux/ghc-9.10.2/sandwich-webdriver-0.3.0.1/t/sandwich-webdriver-test/build/sandwich-webdriver-test/sandwich-webdriver-test
