Warning: The package description file ./mersenne-random.cabal has warnings:
mersenne-random.cabal:69:36: version operators used. To use version operators
the package needs to specify at least 'cabal-version: >= 1.8'.
Warning: The package description file
/tmp/workdir-mersenne-random/mersenne-random-1.0.0.1/mersenne-random.cabal has
warnings:
/tmp/workdir-mersenne-random/mersenne-random-1.0.0.1/mersenne-random.cabal:69:36:
version operators used. To use version operators the package needs to specify
at least 'cabal-version: >= 1.8'.
Resolving dependencies...
Build profile: -w ghc-9.10.2 -O1
In order, the following will be built (use -v for more details):
 - mersenne-random-1.0.0.1 (lib:mersenne-random) (first run)
Warning: mersenne-random.cabal:69:36: version operators used. To use version
operators the package needs to specify at least 'cabal-version: >= 1.8'.
Configuring mersenne-random-1.0.0.1...
Preprocessing library for mersenne-random-1.0.0.1...
Building library for mersenne-random-1.0.0.1...
[1 of 1] Compiling System.Random.Mersenne
System/Random/Mersenne.hs:57:22: warning: [GHC-94817] [-Wtabs]
    Tab character found here.
    Suggested fix: Please use spaces instead.
   |
57 | import System.CPUTime   ( getCPUTime )
   |                      ^^^

