Resolving dependencies...
Build profile: -w ghc-9.10.2 -O1
In order, the following will be built (use -v for more details):
 - fileplow-0.1.0.0 (lib) (first run)
 - fileplow-0.1.0.0 (test:fileplow-test) (first run)
Configuring library for fileplow-0.1.0.0...
Preprocessing library for fileplow-0.1.0.0...
Building library for fileplow-0.1.0.0...
[1 of 2] Compiling Data.FilePlow
src/Data/FilePlow.hs:30:16: warning: [GHC-68441] [-Wdeprecations]
    In the use of ‘hGetLine’ (imported from Data.ByteString):
    Deprecated: "Deprecated since @bytestring-0.12@. Use 'Data.ByteString.Char8.hGetLine' instead. (Functions that rely on ASCII encodings belong in "Data.ByteString.Char8")"
   |
30 |     pGetLine = BS.hGetLine
   |                ^^^^^^^^^^^

[2 of 2] Compiling Data.FilePlow.Ordered
Configuring test suite 'fileplow-test' for fileplow-0.1.0.0...
Preprocessing test suite 'fileplow-test' for fileplow-0.1.0.0...
Building test suite 'fileplow-test' for fileplow-0.1.0.0...
[1 of 1] Compiling Main
[2 of 2] Linking /tmp/workdir-fileplow/fileplow-0.1.0.0/dist-newstyle/build/x86_64-linux/ghc-9.10.2/fileplow-0.1.0.0/t/fileplow-test/build/fileplow-test/fileplow-test
