Warning: The package description file ./yesod-newsfeed.cabal has warnings:
yesod-newsfeed.cabal:17:57: version operators used. To use version operators
the package needs to specify at least 'cabal-version: >= 1.8'.
yesod-newsfeed.cabal:18:57: version operators used. To use version operators
the package needs to specify at least 'cabal-version: >= 1.8'.
Warning: The package description file
/tmp/workdir-yesod-newsfeed/yesod-newsfeed-1.7.0.0/yesod-newsfeed.cabal has
warnings:
/tmp/workdir-yesod-newsfeed/yesod-newsfeed-1.7.0.0/yesod-newsfeed.cabal:17:57:
version operators used. To use version operators the package needs to specify
at least 'cabal-version: >= 1.8'.
/tmp/workdir-yesod-newsfeed/yesod-newsfeed-1.7.0.0/yesod-newsfeed.cabal:18:57:
version operators used. To use version operators the package needs to specify
at least 'cabal-version: >= 1.8'.
Resolving dependencies...
Build profile: -w ghc-9.10.2 -O1
In order, the following will be built (use -v for more details):
 - yesod-newsfeed-1.7.0.0 (lib:yesod-newsfeed) (first run)
Warning: yesod-newsfeed.cabal:17:57: version operators used. To use version
operators the package needs to specify at least 'cabal-version: >= 1.8'.
Warning: yesod-newsfeed.cabal:18:57: version operators used. To use version
operators the package needs to specify at least 'cabal-version: >= 1.8'.
Configuring yesod-newsfeed-1.7.0.0...
Preprocessing library for yesod-newsfeed-1.7.0.0...
Building library for yesod-newsfeed-1.7.0.0...
[1 of 4] Compiling Yesod.FeedTypes
[2 of 4] Compiling Yesod.AtomFeed
[3 of 4] Compiling Yesod.RssFeed
[4 of 4] Compiling Yesod.Feed
