Resolving dependencies...
Build profile: -w ghc-9.10.2 -O1
In order, the following will be built (use -v for more details):
 - github-rest-1.2.1 (lib) (first run)
 - github-rest-1.2.1 (test:github-rest-test) (first run)
Configuring library for github-rest-1.2.1...
Preprocessing library for github-rest-1.2.1...
Building library for github-rest-1.2.1...
[1 of 8] Compiling GitHub.REST.Auth
[2 of 8] Compiling GitHub.REST.KeyValue
[3 of 8] Compiling GitHub.REST.Endpoint
[4 of 8] Compiling GitHub.REST.PageLinks
[5 of 8] Compiling GitHub.REST.Monad.Class
[6 of 8] Compiling GitHub.REST.Monad
[7 of 8] Compiling GitHub.REST
[8 of 8] Compiling Paths_github_rest
Configuring test suite 'github-rest-test' for github-rest-1.2.1...
Preprocessing test suite 'github-rest-test' for github-rest-1.2.1...
Building test suite 'github-rest-test' for github-rest-1.2.1...
[1 of 8] Compiling Auth
[2 of 8] Compiling Endpoint
[3 of 8] Compiling Helpers
[4 of 8] Compiling MockQuery
[5 of 8] Compiling PageLinks
[6 of 8] Compiling Paths_github_rest
[7 of 8] Compiling Query
[8 of 8] Compiling Main
[9 of 9] Linking dist-newstyle/build/x86_64-linux/ghc-9.10.2/github-rest-1.2.1/t/github-rest-test/build/github-rest-test/github-rest-test
