Resolving dependencies...
Build profile: -w ghc-9.10.2 -O1
In order, the following will be built (use -v for more details):
 - natural-transformation-0.4.1 (lib) (first run)
 - natural-transformation-0.4.1 (test:natural-transformation-properties) (first run)
Configuring library for natural-transformation-0.4.1...
Preprocessing library for natural-transformation-0.4.1...
Building library for natural-transformation-0.4.1...
[1 of 3] Compiling Control.Natural
[2 of 3] Compiling Control.Natural.RULES
src/Control/Natural/RULES.hs:28:11: warning: [GHC-87502] [-Winline-rule-shadowing]
    Rule "natural free theorem" may never fire
      because rule "Class op fmap" for ‘fmap’ might fire first
    Suggested fix: Add phase [n] or [~n] to the competing rule
   |
28 | {-# RULES "natural free theorem" [~]
   |           ^^^^^^^^^^^^^^^^^^^^^^^^^^...

src/Control/Natural/RULES.hs:28:11: warning: [GHC-95396] [-Winline-rule-shadowing]
    Rule "natural free theorem" may never fire
      because ‘#’ might inline first
    Suggested fix: Add an INLINE[n] or NOINLINE[n] pragma for ‘#’
   |
28 | {-# RULES "natural free theorem" [~]
   |           ^^^^^^^^^^^^^^^^^^^^^^^^^^...

src/Control/Natural/RULES.hs:28:11: warning: [GHC-95396] [-Winline-rule-shadowing]
    Rule "natural free theorem" may never fire
      because ‘.’ might inline first
    Suggested fix: Add an INLINE[n] or NOINLINE[n] pragma for ‘.’
   |
28 | {-# RULES "natural free theorem" [~]
   |           ^^^^^^^^^^^^^^^^^^^^^^^^^^...

[3 of 3] Compiling Control.Object
Configuring test suite 'natural-transformation-properties' for natural-transformation-0.4.1...
Preprocessing test suite 'natural-transformation-properties' for natural-transformation-0.4.1...
Building test suite 'natural-transformation-properties' for natural-transformation-0.4.1...
[1 of 1] Compiling Main
[2 of 2] Linking /tmp/workdir-natural-transformation/natural-transformation-0.4.1/dist-newstyle/build/x86_64-linux/ghc-9.10.2/natural-transformation-0.4.1/t/natural-transformation-properties/build/natural-transformation-properties/natural-transformation-properties
