Resolving dependencies...
Build profile: -w ghc-9.10.2 -O1
In order, the following will be built (use -v for more details):
 - unicode-data-0.6.0 (lib) (first run)
 - unicode-data-0.6.0 (test:test) (first run)
Configuring library for unicode-data-0.6.0...
Preprocessing library for unicode-data-0.6.0...
Building library for unicode-data-0.6.0...
[ 1 of 33] Compiling Unicode.Internal.Bits
[ 2 of 33] Compiling Unicode.Internal.Char.Blocks
[ 3 of 33] Compiling Unicode.Char.General.Blocks
[ 4 of 33] Compiling Unicode.Internal.Char.CaseFolding
[ 5 of 33] Compiling Unicode.Internal.Char.DerivedCoreProperties
[ 6 of 33] Compiling Unicode.Internal.Char.DerivedNumericValues
[ 7 of 33] Compiling Unicode.Char.Numeric
[ 8 of 33] Compiling Unicode.Internal.Char.PropList
[ 9 of 33] Compiling Unicode.Char.Identifiers
[10 of 33] Compiling Unicode.Internal.Char.SpecialCasing.LowerCaseMapping
[11 of 33] Compiling Unicode.Internal.Char.SpecialCasing.TitleCaseMapping
[12 of 33] Compiling Unicode.Internal.Char.SpecialCasing.UpperCaseMapping
[13 of 33] Compiling Unicode.Internal.Char.UnicodeData.CombiningClass
[14 of 33] Compiling Unicode.Internal.Char.UnicodeData.Compositions
[15 of 33] Compiling Unicode.Internal.Char.UnicodeData.Decomposable
[16 of 33] Compiling Unicode.Internal.Char.UnicodeData.DecomposableK
[17 of 33] Compiling Unicode.Internal.Char.UnicodeData.Decompositions
[18 of 33] Compiling Unicode.Internal.Char.UnicodeData.DecompositionsK2
[19 of 33] Compiling Unicode.Internal.Char.UnicodeData.DecompositionsK
[20 of 33] Compiling Unicode.Internal.Char.UnicodeData.GeneralCategory
[21 of 33] Compiling Unicode.Char.Numeric.Compat
[22 of 33] Compiling Unicode.Char.General.Compat
[23 of 33] Compiling Unicode.Internal.Char.UnicodeData.SimpleLowerCaseMapping
[24 of 33] Compiling Unicode.Internal.Char.UnicodeData.SimpleTitleCaseMapping
[25 of 33] Compiling Unicode.Internal.Char.UnicodeData.SimpleUpperCaseMapping
[26 of 33] Compiling Unicode.Char.Case.Compat
[27 of 33] Compiling Unicode.Internal.Char.Version
[28 of 33] Compiling Unicode.Internal.Division
[29 of 33] Compiling Unicode.Char.General
[30 of 33] Compiling Unicode.Char.Normalization
[31 of 33] Compiling Unicode.Internal.Unfold
[32 of 33] Compiling Unicode.Char.Case
[33 of 33] Compiling Unicode.Char
Configuring test suite 'test' for unicode-data-0.6.0...
Preprocessing test suite 'test' for unicode-data-0.6.0...
Building test suite 'test' for unicode-data-0.6.0...
[1 of 2] Compiling Unicode.CharSpec
[2 of 2] Compiling Main
[3 of 3] Linking dist-newstyle/build/x86_64-linux/ghc-9.10.2/unicode-data-0.6.0/t/test/build/test/test
