Resolving dependencies...
Build profile: -w ghc-9.10.2 -O1
In order, the following will be built (use -v for more details):
 - vec-0.5.1 (lib) (first run)
 - vec-0.5.1 (test:inspection) (first run)
Configuring library for vec-0.5.1...
Preprocessing library for vec-0.5.1...
Building library for vec-0.5.1...
[1 of 6] Compiling Control.Lens.Yocto
[2 of 6] Compiling Data.Vec.Pull
src/Data/Vec/Pull.hs:142:24: warning: [GHC-58520] [-Wtype-equality-requires-operators]
    The use of ‘~’ without TypeOperators
    will become an error in a future GHC release.
    Suggested fix: Perhaps you intended to use TypeOperators
    |
142 | instance (N.SNatI m, n ~ 'S m)  => I.Foldable1 (Vec n) where
    |                        ^

src/Data/Vec/Pull.hs:142:24: warning: [GHC-12003] [-Wtype-equality-out-of-scope]
    • The ‘~’ operator is out of scope.
      Assuming it to stand for an equality constraint.
    • NB: ‘~’ used to be built-in syntax but now is a regular type operator
          exported from Data.Type.Equality and Prelude.
      If you are using a custom Prelude, consider re-exporting it.
    • This will become an error in a future GHC release.
    |
142 | instance (N.SNatI m, n ~ 'S m)  => I.Foldable1 (Vec n) where
    |                        ^

src/Data/Vec/Pull.hs:156:5: warning: [GHC-22705] [-Wnoncanonical-monad-instances]
    Noncanonical ‘(>>)’ definition detected
    in the instance declaration for ‘Monad (Vec n)’.
    ‘(>>)’ will eventually be removed in favour of ‘(*>)’
    Suggested fix:
      Either remove definition for ‘(>>)’ (recommended) or define as ‘(>>) = (*>)’
      See also: https://gitlab.haskell.org/ghc/ghc/-/wikis/proposal/monad-of-no-return
    |
156 |     _ >> x = x
    |     ^^^^^^^^^^

src/Data/Vec/Pull.hs:175:5: warning: [GHC-50928] [-Wnoncanonical-monoid-instances]
    Noncanonical ‘mappend’ definition detected
    in the instance declaration for ‘Monoid (Vec n a)’.
    ‘mappend’ will eventually be removed in favour of ‘(<>)’
    Suggested fix:
      Either remove definition for ‘mappend’ (recommended) or define as ‘mappend = (<>)’
      See also: https://gitlab.haskell.org/ghc/ghc/-/wikis/proposal/semigroup-monoid
    |
175 |     Vec a `mappend` Vec b = Vec (mappend a b)
    |     ^^^^^^^^^^^^^^^^^^^^^^^^^^^^^^^^^^^^^^^^^

src/Data/Vec/Pull.hs:190:12: warning: [GHC-58520] [-Wtype-equality-requires-operators]
    The use of ‘~’ without TypeOperators
    will become an error in a future GHC release.
    Suggested fix: Perhaps you intended to use TypeOperators
    |
190 | instance n ~ 'N.Z => Boring (Vec n a) where
    |            ^

src/Data/Vec/Pull.hs:190:12: warning: [GHC-12003] [-Wtype-equality-out-of-scope]
    • The ‘~’ operator is out of scope.
      Assuming it to stand for an equality constraint.
    • NB: ‘~’ used to be built-in syntax but now is a regular type operator
          exported from Data.Type.Equality and Prelude.
      If you are using a custom Prelude, consider re-exporting it.
    • This will become an error in a future GHC release.
    |
190 | instance n ~ 'N.Z => Boring (Vec n a) where
    |            ^

[3 of 6] Compiling Data.Vec.DataFamily.SpineStrict
src/Data/Vec/DataFamily/SpineStrict.hs:249:24: warning: [GHC-58520] [-Wtype-equality-requires-operators]
    The use of ‘~’ without TypeOperators
    will become an error in a future GHC release.
    Suggested fix: Perhaps you intended to use TypeOperators
    |
249 | instance (N.SNatI m, n ~ 'S m) => I.Foldable1 (Vec n) where
    |                        ^

src/Data/Vec/DataFamily/SpineStrict.hs:249:24: warning: [GHC-12003] [-Wtype-equality-out-of-scope]
    • The ‘~’ operator is out of scope.
      Assuming it to stand for an equality constraint.
    • NB: ‘~’ used to be built-in syntax but now is a regular type operator
          exported from Data.Type.Equality and Prelude.
      If you are using a custom Prelude, consider re-exporting it.
    • This will become an error in a future GHC release.
    |
249 | instance (N.SNatI m, n ~ 'S m) => I.Foldable1 (Vec n) where
    |                        ^

src/Data/Vec/DataFamily/SpineStrict.hs:252:24: warning: [GHC-58520] [-Wtype-equality-requires-operators]
    The use of ‘~’ without TypeOperators
    will become an error in a future GHC release.
    Suggested fix: Perhaps you intended to use TypeOperators
    |
252 | instance (N.SNatI m, n ~ 'S m) => I.Traversable1 (Vec n) where
    |                        ^

src/Data/Vec/DataFamily/SpineStrict.hs:252:24: warning: [GHC-12003] [-Wtype-equality-out-of-scope]
    • The ‘~’ operator is out of scope.
      Assuming it to stand for an equality constraint.
    • NB: ‘~’ used to be built-in syntax but now is a regular type operator
          exported from Data.Type.Equality and Prelude.
      If you are using a custom Prelude, consider re-exporting it.
    • This will become an error in a future GHC release.
    |
252 | instance (N.SNatI m, n ~ 'S m) => I.Traversable1 (Vec n) where
    |                        ^

src/Data/Vec/DataFamily/SpineStrict.hs:297:5: warning: [GHC-22705] [-Wnoncanonical-monad-instances]
    Noncanonical ‘(>>)’ definition detected
    in the instance declaration for ‘Monad (Vec n)’.
    ‘(>>)’ will eventually be removed in favour of ‘(*>)’
    Suggested fix:
      Either remove definition for ‘(>>)’ (recommended) or define as ‘(>>) = (*>)’
      See also: https://gitlab.haskell.org/ghc/ghc/-/wikis/proposal/monad-of-no-return
    |
297 |     _ >> x = x
    |     ^^^^^^^^^^

src/Data/Vec/DataFamily/SpineStrict.hs:316:5: warning: [GHC-50928] [-Wnoncanonical-monoid-instances]
    Noncanonical ‘mappend’ definition detected
    in the instance declaration for ‘Monoid (Vec n a)’.
    ‘mappend’ will eventually be removed in favour of ‘(<>)’
    Suggested fix:
      Either remove definition for ‘mappend’ (recommended) or define as ‘mappend = (<>)’
      See also: https://gitlab.haskell.org/ghc/ghc/-/wikis/proposal/semigroup-monoid
    |
316 |     mappend = zipWith mappend
    |     ^^^^^^^^^^^^^^^^^^^^^^^^^

[4 of 6] Compiling SafeCompat
[5 of 6] Compiling Data.Vec.Lazy
src/Data/Vec/Lazy.hs:208:12: warning: [GHC-58520] [-Wtype-equality-requires-operators]
    The use of ‘~’ without TypeOperators
    will become an error in a future GHC release.
    Suggested fix: Perhaps you intended to use TypeOperators
    |
208 | instance n ~ 'S m => I.Foldable1 (Vec n) where
    |            ^

src/Data/Vec/Lazy.hs:208:12: warning: [GHC-12003] [-Wtype-equality-out-of-scope]
    • The ‘~’ operator is out of scope.
      Assuming it to stand for an equality constraint.
    • NB: ‘~’ used to be built-in syntax but now is a regular type operator
          exported from Data.Type.Equality and Prelude.
      If you are using a custom Prelude, consider re-exporting it.
    • This will become an error in a future GHC release.
    |
208 | instance n ~ 'S m => I.Foldable1 (Vec n) where
    |            ^

src/Data/Vec/Lazy.hs:211:12: warning: [GHC-58520] [-Wtype-equality-requires-operators]
    The use of ‘~’ without TypeOperators
    will become an error in a future GHC release.
    Suggested fix: Perhaps you intended to use TypeOperators
    |
211 | instance n ~ 'S m => I.Traversable1 (Vec n) where
    |            ^

src/Data/Vec/Lazy.hs:211:12: warning: [GHC-12003] [-Wtype-equality-out-of-scope]
    • The ‘~’ operator is out of scope.
      Assuming it to stand for an equality constraint.
    • NB: ‘~’ used to be built-in syntax but now is a regular type operator
          exported from Data.Type.Equality and Prelude.
      If you are using a custom Prelude, consider re-exporting it.
    • This will become an error in a future GHC release.
    |
211 | instance n ~ 'S m => I.Traversable1 (Vec n) where
    |            ^

src/Data/Vec/Lazy.hs:235:5: warning: [GHC-22705] [-Wnoncanonical-monad-instances]
    Noncanonical ‘(>>)’ definition detected
    in the instance declaration for ‘Monad (Vec n)’.
    ‘(>>)’ will eventually be removed in favour of ‘(*>)’
    Suggested fix:
      Either remove definition for ‘(>>)’ (recommended) or define as ‘(>>) = (*>)’
      See also: https://gitlab.haskell.org/ghc/ghc/-/wikis/proposal/monad-of-no-return
    |
235 |     _ >> x = x
    |     ^^^^^^^^^^

src/Data/Vec/Lazy.hs:254:5: warning: [GHC-50928] [-Wnoncanonical-monoid-instances]
    Noncanonical ‘mappend’ definition detected
    in the instance declaration for ‘Monoid (Vec n a)’.
    ‘mappend’ will eventually be removed in favour of ‘(<>)’
    Suggested fix:
      Either remove definition for ‘mappend’ (recommended) or define as ‘mappend = (<>)’
      See also: https://gitlab.haskell.org/ghc/ghc/-/wikis/proposal/semigroup-monoid
    |
254 |     mappend = zipWith mappend
    |     ^^^^^^^^^^^^^^^^^^^^^^^^^

src/Data/Vec/Lazy.hs:269:12: warning: [GHC-58520] [-Wtype-equality-requires-operators]
    The use of ‘~’ without TypeOperators
    will become an error in a future GHC release.
    Suggested fix: Perhaps you intended to use TypeOperators
    |
269 | instance n ~ 'N.Z => Boring (Vec n a) where
    |            ^

src/Data/Vec/Lazy.hs:269:12: warning: [GHC-12003] [-Wtype-equality-out-of-scope]
    • The ‘~’ operator is out of scope.
      Assuming it to stand for an equality constraint.
    • NB: ‘~’ used to be built-in syntax but now is a regular type operator
          exported from Data.Type.Equality and Prelude.
      If you are using a custom Prelude, consider re-exporting it.
    • This will become an error in a future GHC release.
    |
269 | instance n ~ 'N.Z => Boring (Vec n a) where
    |            ^

src/Data/Vec/Lazy.hs:827:13: warning: [GHC-58520] [-Wtype-equality-requires-operators]
    The use of ‘~’ without TypeOperators
    will become an error in a future GHC release.
    Suggested fix: Perhaps you intended to use TypeOperators
    |
827 | instance (a ~ a', b ~ b') => VecEach (a, a') (b, b') a b where
    |             ^

src/Data/Vec/Lazy.hs:827:13: warning: [GHC-12003] [-Wtype-equality-out-of-scope]
    • The ‘~’ operator is out of scope.
      Assuming it to stand for an equality constraint.
    • NB: ‘~’ used to be built-in syntax but now is a regular type operator
          exported from Data.Type.Equality and Prelude.
      If you are using a custom Prelude, consider re-exporting it.
    • This will become an error in a future GHC release.
    |
827 | instance (a ~ a', b ~ b') => VecEach (a, a') (b, b') a b where
    |             ^

src/Data/Vec/Lazy.hs:827:21: warning: [GHC-58520] [-Wtype-equality-requires-operators]
    The use of ‘~’ without TypeOperators
    will become an error in a future GHC release.
    Suggested fix: Perhaps you intended to use TypeOperators
    |
827 | instance (a ~ a', b ~ b') => VecEach (a, a') (b, b') a b where
    |                     ^

src/Data/Vec/Lazy.hs:827:21: warning: [GHC-12003] [-Wtype-equality-out-of-scope]
    • The ‘~’ operator is out of scope.
      Assuming it to stand for an equality constraint.
    • NB: ‘~’ used to be built-in syntax but now is a regular type operator
          exported from Data.Type.Equality and Prelude.
      If you are using a custom Prelude, consider re-exporting it.
    • This will become an error in a future GHC release.
    |
827 | instance (a ~ a', b ~ b') => VecEach (a, a') (b, b') a b where
    |                     ^

src/Data/Vec/Lazy.hs:834:13: warning: [GHC-58520] [-Wtype-equality-requires-operators]
    The use of ‘~’ without TypeOperators
    will become an error in a future GHC release.
    Suggested fix: Perhaps you intended to use TypeOperators
    |
834 | instance (a ~ a2, a ~ a3, b ~ b2, b ~ b3) => VecEach (a, a2, a3) (b, b2, b3) a b where
    |             ^

src/Data/Vec/Lazy.hs:834:13: warning: [GHC-12003] [-Wtype-equality-out-of-scope]
    • The ‘~’ operator is out of scope.
      Assuming it to stand for an equality constraint.
    • NB: ‘~’ used to be built-in syntax but now is a regular type operator
          exported from Data.Type.Equality and Prelude.
      If you are using a custom Prelude, consider re-exporting it.
    • This will become an error in a future GHC release.
    |
834 | instance (a ~ a2, a ~ a3, b ~ b2, b ~ b3) => VecEach (a, a2, a3) (b, b2, b3) a b where
    |             ^

src/Data/Vec/Lazy.hs:834:21: warning: [GHC-58520] [-Wtype-equality-requires-operators]
    The use of ‘~’ without TypeOperators
    will become an error in a future GHC release.
    Suggested fix: Perhaps you intended to use TypeOperators
    |
834 | instance (a ~ a2, a ~ a3, b ~ b2, b ~ b3) => VecEach (a, a2, a3) (b, b2, b3) a b where
    |                     ^

src/Data/Vec/Lazy.hs:834:21: warning: [GHC-12003] [-Wtype-equality-out-of-scope]
    • The ‘~’ operator is out of scope.
      Assuming it to stand for an equality constraint.
    • NB: ‘~’ used to be built-in syntax but now is a regular type operator
          exported from Data.Type.Equality and Prelude.
      If you are using a custom Prelude, consider re-exporting it.
    • This will become an error in a future GHC release.
    |
834 | instance (a ~ a2, a ~ a3, b ~ b2, b ~ b3) => VecEach (a, a2, a3) (b, b2, b3) a b where
    |                     ^

src/Data/Vec/Lazy.hs:834:29: warning: [GHC-58520] [-Wtype-equality-requires-operators]
    The use of ‘~’ without TypeOperators
    will become an error in a future GHC release.
    Suggested fix: Perhaps you intended to use TypeOperators
    |
834 | instance (a ~ a2, a ~ a3, b ~ b2, b ~ b3) => VecEach (a, a2, a3) (b, b2, b3) a b where
    |                             ^

src/Data/Vec/Lazy.hs:834:29: warning: [GHC-12003] [-Wtype-equality-out-of-scope]
    • The ‘~’ operator is out of scope.
      Assuming it to stand for an equality constraint.
    • NB: ‘~’ used to be built-in syntax but now is a regular type operator
          exported from Data.Type.Equality and Prelude.
      If you are using a custom Prelude, consider re-exporting it.
    • This will become an error in a future GHC release.
    |
834 | instance (a ~ a2, a ~ a3, b ~ b2, b ~ b3) => VecEach (a, a2, a3) (b, b2, b3) a b where
    |                             ^

src/Data/Vec/Lazy.hs:834:37: warning: [GHC-58520] [-Wtype-equality-requires-operators]
    The use of ‘~’ without TypeOperators
    will become an error in a future GHC release.
    Suggested fix: Perhaps you intended to use TypeOperators
    |
834 | instance (a ~ a2, a ~ a3, b ~ b2, b ~ b3) => VecEach (a, a2, a3) (b, b2, b3) a b where
    |                                     ^

src/Data/Vec/Lazy.hs:834:37: warning: [GHC-12003] [-Wtype-equality-out-of-scope]
    • The ‘~’ operator is out of scope.
      Assuming it to stand for an equality constraint.
    • NB: ‘~’ used to be built-in syntax but now is a regular type operator
          exported from Data.Type.Equality and Prelude.
      If you are using a custom Prelude, consider re-exporting it.
    • This will become an error in a future GHC release.
    |
834 | instance (a ~ a2, a ~ a3, b ~ b2, b ~ b3) => VecEach (a, a2, a3) (b, b2, b3) a b where
    |                                     ^

src/Data/Vec/Lazy.hs:841:13: warning: [GHC-58520] [-Wtype-equality-requires-operators]
    The use of ‘~’ without TypeOperators
    will become an error in a future GHC release.
    Suggested fix: Perhaps you intended to use TypeOperators
    |
841 | instance (a ~ a2, a ~ a3, a ~ a4, b ~ b2, b ~ b3, b ~ b4) => VecEach (a, a2, a3, a4) (b, b2, b3, b4) a b where
    |             ^

src/Data/Vec/Lazy.hs:841:13: warning: [GHC-12003] [-Wtype-equality-out-of-scope]
    • The ‘~’ operator is out of scope.
      Assuming it to stand for an equality constraint.
    • NB: ‘~’ used to be built-in syntax but now is a regular type operator
          exported from Data.Type.Equality and Prelude.
      If you are using a custom Prelude, consider re-exporting it.
    • This will become an error in a future GHC release.
    |
841 | instance (a ~ a2, a ~ a3, a ~ a4, b ~ b2, b ~ b3, b ~ b4) => VecEach (a, a2, a3, a4) (b, b2, b3, b4) a b where
    |             ^

src/Data/Vec/Lazy.hs:841:21: warning: [GHC-58520] [-Wtype-equality-requires-operators]
    The use of ‘~’ without TypeOperators
    will become an error in a future GHC release.
    Suggested fix: Perhaps you intended to use TypeOperators
    |
841 | instance (a ~ a2, a ~ a3, a ~ a4, b ~ b2, b ~ b3, b ~ b4) => VecEach (a, a2, a3, a4) (b, b2, b3, b4) a b where
    |                     ^

src/Data/Vec/Lazy.hs:841:21: warning: [GHC-12003] [-Wtype-equality-out-of-scope]
    • The ‘~’ operator is out of scope.
      Assuming it to stand for an equality constraint.
    • NB: ‘~’ used to be built-in syntax but now is a regular type operator
          exported from Data.Type.Equality and Prelude.
      If you are using a custom Prelude, consider re-exporting it.
    • This will become an error in a future GHC release.
    |
841 | instance (a ~ a2, a ~ a3, a ~ a4, b ~ b2, b ~ b3, b ~ b4) => VecEach (a, a2, a3, a4) (b, b2, b3, b4) a b where
    |                     ^

src/Data/Vec/Lazy.hs:841:29: warning: [GHC-58520] [-Wtype-equality-requires-operators]
    The use of ‘~’ without TypeOperators
    will become an error in a future GHC release.
    Suggested fix: Perhaps you intended to use TypeOperators
    |
841 | instance (a ~ a2, a ~ a3, a ~ a4, b ~ b2, b ~ b3, b ~ b4) => VecEach (a, a2, a3, a4) (b, b2, b3, b4) a b where
    |                             ^

src/Data/Vec/Lazy.hs:841:29: warning: [GHC-12003] [-Wtype-equality-out-of-scope]
    • The ‘~’ operator is out of scope.
      Assuming it to stand for an equality constraint.
    • NB: ‘~’ used to be built-in syntax but now is a regular type operator
          exported from Data.Type.Equality and Prelude.
      If you are using a custom Prelude, consider re-exporting it.
    • This will become an error in a future GHC release.
    |
841 | instance (a ~ a2, a ~ a3, a ~ a4, b ~ b2, b ~ b3, b ~ b4) => VecEach (a, a2, a3, a4) (b, b2, b3, b4) a b where
    |                             ^

src/Data/Vec/Lazy.hs:841:37: warning: [GHC-58520] [-Wtype-equality-requires-operators]
    The use of ‘~’ without TypeOperators
    will become an error in a future GHC release.
    Suggested fix: Perhaps you intended to use TypeOperators
    |
841 | instance (a ~ a2, a ~ a3, a ~ a4, b ~ b2, b ~ b3, b ~ b4) => VecEach (a, a2, a3, a4) (b, b2, b3, b4) a b where
    |                                     ^

src/Data/Vec/Lazy.hs:841:37: warning: [GHC-12003] [-Wtype-equality-out-of-scope]
    • The ‘~’ operator is out of scope.
      Assuming it to stand for an equality constraint.
    • NB: ‘~’ used to be built-in syntax but now is a regular type operator
          exported from Data.Type.Equality and Prelude.
      If you are using a custom Prelude, consider re-exporting it.
    • This will become an error in a future GHC release.
    |
841 | instance (a ~ a2, a ~ a3, a ~ a4, b ~ b2, b ~ b3, b ~ b4) => VecEach (a, a2, a3, a4) (b, b2, b3, b4) a b where
    |                                     ^

src/Data/Vec/Lazy.hs:841:45: warning: [GHC-58520] [-Wtype-equality-requires-operators]
    The use of ‘~’ without TypeOperators
    will become an error in a future GHC release.
    Suggested fix: Perhaps you intended to use TypeOperators
    |
841 | instance (a ~ a2, a ~ a3, a ~ a4, b ~ b2, b ~ b3, b ~ b4) => VecEach (a, a2, a3, a4) (b, b2, b3, b4) a b where
    |                                             ^

src/Data/Vec/Lazy.hs:841:45: warning: [GHC-12003] [-Wtype-equality-out-of-scope]
    • The ‘~’ operator is out of scope.
      Assuming it to stand for an equality constraint.
    • NB: ‘~’ used to be built-in syntax but now is a regular type operator
          exported from Data.Type.Equality and Prelude.
      If you are using a custom Prelude, consider re-exporting it.
    • This will become an error in a future GHC release.
    |
841 | instance (a ~ a2, a ~ a3, a ~ a4, b ~ b2, b ~ b3, b ~ b4) => VecEach (a, a2, a3, a4) (b, b2, b3, b4) a b where
    |                                             ^

src/Data/Vec/Lazy.hs:841:53: warning: [GHC-58520] [-Wtype-equality-requires-operators]
    The use of ‘~’ without TypeOperators
    will become an error in a future GHC release.
    Suggested fix: Perhaps you intended to use TypeOperators
    |
841 | instance (a ~ a2, a ~ a3, a ~ a4, b ~ b2, b ~ b3, b ~ b4) => VecEach (a, a2, a3, a4) (b, b2, b3, b4) a b where
    |                                                     ^

src/Data/Vec/Lazy.hs:841:53: warning: [GHC-12003] [-Wtype-equality-out-of-scope]
    • The ‘~’ operator is out of scope.
      Assuming it to stand for an equality constraint.
    • NB: ‘~’ used to be built-in syntax but now is a regular type operator
          exported from Data.Type.Equality and Prelude.
      If you are using a custom Prelude, consider re-exporting it.
    • This will become an error in a future GHC release.
    |
841 | instance (a ~ a2, a ~ a3, a ~ a4, b ~ b2, b ~ b3, b ~ b4) => VecEach (a, a2, a3, a4) (b, b2, b3, b4) a b where
    |                                                     ^

[6 of 6] Compiling Data.Vec.Lazy.Inline
Configuring test suite 'inspection' for vec-0.5.1...
Preprocessing test suite 'inspection' for vec-0.5.1...
Building test suite 'inspection' for vec-0.5.1...
[1 of 3] Compiling Inspection
test/Inspection.hs:39:1: lhsInline === rhsZipWith passed.
test/Inspection.hs:40:1: lhsNormal === rhsZipWith failed expectedly.
test/Inspection.hs:55:1: lhsIMap === rhsIMap passed.
test/Inspection.hs:56:1: lhsIMap' === rhsIMap failed expectedly.
test/Inspection.hs:89:1: lhsJoin === rhsJoin passed.
test/Inspection.hs:90:1: lhsJoin' === rhsJoin failed expectedly.
test/Inspection.hs:105:1: lhsSnoc === rhsSnoc passed.
test/Inspection.hs:106:1: lhsSnoc' === rhsSnoc failed expectedly.
test/Inspection.hs:121:1: lhsReverse === rhsReverse passed.
test/Inspection.hs:122:1: lhsReverse' === rhsReverse failed expectedly.
test/Inspection.hs:137:1: lhsLast === rhsLast passed.
test/Inspection.hs:138:1: lhsLast' === rhsLast failed expectedly.
test/Inspection.hs:153:1: lhsInit === rhsInit passed.
test/Inspection.hs:154:1: lhsInit' === rhsInit failed expectedly.
test/Inspection.hs:169:1: lhsToNonEmpty === rhsToNonEmpty passed.
test/Inspection.hs:170:1: lhsToNonEmpty' === rhsToNonEmpty failed expectedly.
inspection testing successful
      expected successes: 8
       expected failures: 8
[2 of 3] Compiling Inspection.DataFamily.SpineStrict
test/Inspection/DataFamily/SpineStrict.hs:34:1: lhsInline === rhsZipWith passed.
test/Inspection/DataFamily/SpineStrict.hs:46:1: lhsIMap === rhsIMap passed.
test/Inspection/DataFamily/SpineStrict.hs:59:1: lhsDotProduct === rhsDotProduct passed.
test/Inspection/DataFamily/SpineStrict.hs:71:1: lhsJoin === rhsJoin passed.
test/Inspection/DataFamily/SpineStrict.hs:83:1: lhsSnoc === rhsSnoc passed.
test/Inspection/DataFamily/SpineStrict.hs:95:1: lhsReverse === rhsReverse passed.
inspection testing successful
      expected successes: 6
[3 of 3] Compiling Main
[4 of 4] Linking dist-newstyle/build/x86_64-linux/ghc-9.10.2/vec-0.5.1/t/inspection/build/inspection/inspection
