Resolving dependencies...
Build profile: -w ghc-9.10.2 -O1
In order, the following will be built (use -v for more details):
 - network-3.2.7.0 (lib:network, test:spec) (first run)
Configuring network-3.2.7.0...
configure: WARNING: unrecognized options: --with-compiler
checking build system type... x86_64-pc-linux-gnu
checking host system type... x86_64-pc-linux-gnu
checking for gcc... /usr/bin/gcc
checking whether the C compiler works... yes
checking for C compiler default output file name... a.out
checking for suffix of executables... 
checking whether we are cross compiling... no
checking for suffix of object files... o
checking whether the compiler supports GNU C... yes
checking whether /usr/bin/gcc accepts -g... yes
checking for /usr/bin/gcc option to enable C11 features... none needed
checking for an ANSI C-conforming const... yes
checking for stdio.h... yes
checking for stdlib.h... yes
checking for string.h... yes
checking for inttypes.h... yes
checking for stdint.h... yes
checking for strings.h... yes
checking for sys/stat.h... yes
checking for sys/types.h... yes
checking for unistd.h... yes
checking for limits.h... yes
checking for stdlib.h... (cached) yes
checking for unistd.h... (cached) yes
checking for sys/types.h... (cached) yes
checking for fcntl.h... yes
checking for sys/uio.h... yes
checking for sys/socket.h... yes
checking for netinet/in.h... yes
checking for netinet/tcp.h... yes
checking for sys/un.h... yes
checking for arpa/inet.h... yes
checking for netdb.h... yes
checking for net/if.h... yes
checking for netioapi.h... no
checking for struct ucred... yes
checking for gai_strerror... yes
checking for gethostent... yes
checking for accept4... yes
checking for getpeereid... no
checking for /usr/bin/gcc options needed to detect all undeclared functions... none needed
checking whether AI_ADDRCONFIG is declared... yes
checking whether AI_ALL is declared... yes
checking whether AI_NUMERICSERV is declared... yes
checking whether AI_V4MAPPED is declared... yes
checking whether IPV6_V6ONLY is declared... yes
checking whether IPPROTO_IP is declared... yes
checking whether IPPROTO_TCP is declared... yes
checking whether IPPROTO_IPV6 is declared... yes
checking whether SO_PEERCRED is declared... yes
checking for struct msghdr.msg_control... yes
checking for struct msghdr.msg_accrights... no
checking for struct sockaddr.sa_len... no
configure: creating ./network.buildinfo
configure: creating ./config.status
config.status: creating include/HsNetworkConfig.h
configure: WARNING: unrecognized options: --with-compiler
Preprocessing library for network-3.2.7.0...
Building library for network-3.2.7.0...
[ 1 of 29] Compiling Network.Socket.Imports
[ 2 of 29] Compiling Network.Socket.If
[ 3 of 29] Compiling Network.Socket.Flag
[ 4 of 29] Compiling Network.Socket.Cbits
[ 5 of 29] Compiling Network.Socket.Fcntl
[ 6 of 29] Compiling Network.Socket.Posix.IOVec
[ 7 of 29] Compiling Network.Socket.ReadShow
[ 8 of 29] Compiling Network.Socket.Types
[ 9 of 29] Compiling Network.Socket.STM
[10 of 29] Compiling Network.Socket.Posix.Cmsg
[11 of 29] Compiling Network.Socket.Internal
[12 of 29] Compiling Network.Socket.Posix.MsgHdr
[13 of 29] Compiling Network.Socket.Posix.CmsgHdr
[14 of 29] Compiling Network.Socket.Options
[15 of 29] Compiling Network.Socket.Syscall
[16 of 29] Compiling Network.Socket.Name
[17 of 29] Compiling Network.Socket.Info
[18 of 29] Compiling Network.Socket.Handle
[19 of 29] Compiling Network.Socket.ByteString.Internal
[20 of 29] Compiling Network.Socket.Buffer
[21 of 29] Compiling Network.Socket.SockAddr
[22 of 29] Compiling Network.Socket.Shutdown
[23 of 29] Compiling Network.Socket.ByteString.IO
[24 of 29] Compiling Network.Socket.ByteString.Lazy.Posix
[25 of 29] Compiling Network.Socket.ByteString
[26 of 29] Compiling Network.Socket.Address
[27 of 29] Compiling Network.Socket.Unix
[28 of 29] Compiling Network.Socket
[29 of 29] Compiling Network.Socket.ByteString.Lazy
Preprocessing test suite 'spec' for network-3.2.7.0...
Building test suite 'spec' for network-3.2.7.0...
[1 of 5] Compiling Network.Test.Common
[2 of 5] Compiling Network.SocketSpec
[3 of 5] Compiling Network.Socket.ByteStringSpec
[4 of 5] Compiling Network.Socket.ByteString.LazySpec
[5 of 5] Compiling Main
[6 of 6] Linking /tmp/workdir-network/network-3.2.7.0/dist-newstyle/build/x86_64-linux/ghc-9.10.2/network-3.2.7.0/build/spec/spec
