Warning: The package description file ./simple-reflect.cabal has warnings:
simple-reflect.cabal:25:38: version operators used. To use version operators
the package needs to specify at least 'cabal-version: >= 1.8'.
Warning: The package description file
/tmp/workdir-simple-reflect/simple-reflect-0.3.3/simple-reflect.cabal has
warnings:
/tmp/workdir-simple-reflect/simple-reflect-0.3.3/simple-reflect.cabal:25:38:
version operators used. To use version operators the package needs to specify
at least 'cabal-version: >= 1.8'.
Resolving dependencies...
Build profile: -w ghc-9.10.2 -O1
In order, the following will be built (use -v for more details):
 - simple-reflect-0.3.3 (lib:simple-reflect) (first run)
Warning: simple-reflect.cabal:25:38: version operators used. To use version
operators the package needs to specify at least 'cabal-version: >= 1.8'.
Configuring simple-reflect-0.3.3...
Preprocessing library for simple-reflect-0.3.3...
Building library for simple-reflect-0.3.3...
[1 of 3] Compiling Debug.SimpleReflect.Expr
[2 of 3] Compiling Debug.SimpleReflect.Vars
[3 of 3] Compiling Debug.SimpleReflect
