Resolving dependencies...
Build profile: -w ghc-9.10.2 -O1
In order, the following will be built (use -v for more details):
 - ral-0.2.2 (lib) (first run)
Configuring library for ral-0.2.2...
Preprocessing library for ral-0.2.2...
Building library for ral-0.2.2...
[ 1 of 11] Compiling Data.RAList.Tree.Internal
[ 2 of 11] Compiling Data.RAList.Tree
[ 3 of 11] Compiling Data.RAList.NonEmpty.Internal
[ 4 of 11] Compiling Data.RAList.Internal
[ 5 of 11] Compiling Data.RAList.NonEmpty
[ 6 of 11] Compiling Data.RAList
[ 7 of 11] Compiling Data.RAVec.Tree
[ 8 of 11] Compiling Data.RAVec.Tree.DF
src/Data/RAVec/Tree/DF.hs:249:5: warning: [GHC-50928] [-Wnoncanonical-monoid-instances]
    Noncanonical ‘mappend’ definition detected
    in the instance declaration for ‘Monoid (Tree n a)’.
    ‘mappend’ will eventually be removed in favour of ‘(<>)’
    Suggested fix:
      Either remove definition for ‘mappend’ (recommended) or define as ‘mappend = (<>)’
      See also: https://gitlab.haskell.org/ghc/ghc/-/wikis/proposal/semigroup-monoid
    |
249 |     mappend = zipWith mappend
    |     ^^^^^^^^^^^^^^^^^^^^^^^^^

[ 9 of 11] Compiling TrustworthyCompat
[10 of 11] Compiling Data.RAVec.NonEmpty
src/Data/RAVec/NonEmpty.hs:273:5: warning: [GHC-50928] [-Wnoncanonical-monoid-instances]
    Noncanonical ‘mappend’ definition detected
    in the instance declaration for ‘Monoid (NERAVec b a)’.
    ‘mappend’ will eventually be removed in favour of ‘(<>)’
    Suggested fix:
      Either remove definition for ‘mappend’ (recommended) or define as ‘mappend = (<>)’
      See also: https://gitlab.haskell.org/ghc/ghc/-/wikis/proposal/semigroup-monoid
    |
273 |     mappend = zipWith mappend
    |     ^^^^^^^^^^^^^^^^^^^^^^^^^

src/Data/RAVec/NonEmpty.hs:277:5: warning: [GHC-50928] [-Wnoncanonical-monoid-instances]
    Noncanonical ‘mappend’ definition detected
    in the instance declaration for ‘Monoid (NERAVec' n b a)’.
    ‘mappend’ will eventually be removed in favour of ‘(<>)’
    Suggested fix:
      Either remove definition for ‘mappend’ (recommended) or define as ‘mappend = (<>)’
      See also: https://gitlab.haskell.org/ghc/ghc/-/wikis/proposal/semigroup-monoid
    |
277 |     mappend = zipWith' mappend
    |     ^^^^^^^^^^^^^^^^^^^^^^^^^^

[11 of 11] Compiling Data.RAVec
src/Data/RAVec.hs:177:12: warning: [GHC-12003] [-Wtype-equality-out-of-scope]
    • The ‘~’ operator is out of scope.
      Assuming it to stand for an equality constraint.
    • NB: ‘~’ used to be built-in syntax but now is a regular type operator
          exported from Data.Type.Equality and Prelude.
      If you are using a custom Prelude, consider re-exporting it.
    • This will become an error in a future GHC release.
    |
177 | instance b ~ 'BP n => I.Foldable1 (RAVec b) where
    |            ^

src/Data/RAVec.hs:181:12: warning: [GHC-12003] [-Wtype-equality-out-of-scope]
    • The ‘~’ operator is out of scope.
      Assuming it to stand for an equality constraint.
    • NB: ‘~’ used to be built-in syntax but now is a regular type operator
          exported from Data.Type.Equality and Prelude.
      If you are using a custom Prelude, consider re-exporting it.
    • This will become an error in a future GHC release.
    |
181 | instance b ~ 'BP n => I.Traversable1 (RAVec b) where
    |            ^

src/Data/RAVec.hs:219:5: warning: [GHC-50928] [-Wnoncanonical-monoid-instances]
    Noncanonical ‘mappend’ definition detected
    in the instance declaration for ‘Monoid (RAVec b a)’.
    ‘mappend’ will eventually be removed in favour of ‘(<>)’
    Suggested fix:
      Either remove definition for ‘mappend’ (recommended) or define as ‘mappend = (<>)’
      See also: https://gitlab.haskell.org/ghc/ghc/-/wikis/proposal/semigroup-monoid
    |
219 |     mappend = zipWith mappend
    |     ^^^^^^^^^^^^^^^^^^^^^^^^^

src/Data/RAVec.hs:232:12: warning: [GHC-12003] [-Wtype-equality-out-of-scope]
    • The ‘~’ operator is out of scope.
      Assuming it to stand for an equality constraint.
    • NB: ‘~’ used to be built-in syntax but now is a regular type operator
          exported from Data.Type.Equality and Prelude.
      If you are using a custom Prelude, consider re-exporting it.
    • This will become an error in a future GHC release.
    |
232 | instance b ~ 'BZ => Boring (RAVec b a) where
    |            ^

