Resolving dependencies...
Build profile: -w ghc-9.10.2 -O1
In order, the following will be built (use -v for more details):
 - rpmbuild-order-0.4.12 (lib) (first run)
 - rpmbuild-order-0.4.12 (exe:rpmbuild-order) (first run)
 - rpmbuild-order-0.4.12 (test:test) (first run)
Configuring library for rpmbuild-order-0.4.12...
Preprocessing library for rpmbuild-order-0.4.12...
Building library for rpmbuild-order-0.4.12...
[1 of 3] Compiling Distribution.RPM.Build.ProvReqs
src/Distribution/RPM/Build/ProvReqs.hs:105:13: warning: [GHC-63394] [-Wx-partial]
    In the use of ‘head’
    (imported from Data.List.Extra, but defined in GHC.Internal.List):
    "This is a partial function, it throws an error on empty lists. Use pattern matching, 'Data.List.uncons' or 'Data.Maybe.listToMaybe' instead. Consider refactoring to use "Data.List.NonEmpty"."
    |
105 |       case (head . words) br of
    |             ^^^^

src/Distribution/RPM/Build/ProvReqs.hs:142:24: warning: [GHC-63394] [-Wx-partial]
    In the use of ‘head’
    (imported from Data.List.Extra, but defined in GHC.Internal.List):
    "This is a partial function, it throws an error on empty lists. Use pattern matching, 'Data.List.uncons' or 'Data.Maybe.listToMaybe' instead. Consider refactoring to use "Data.List.NonEmpty"."
    |
142 |     then return $ map (head . words) $ lines out
    |                        ^^^^

[2 of 3] Compiling Distribution.RPM.Build.Graph
src/Distribution/RPM/Build/Graph.hs:435:109: warning: [GHC-63394] [-Wx-partial]
    In the use of ‘head’
    (imported from Data.List.Extra, but defined in GHC.Internal.List):
    "This is a partial function, it throws an error on empty lists. Use pattern matching, 'Data.List.uncons' or 'Data.Maybe.listToMaybe' instead. Consider refactoring to use "Data.List.NonEmpty"."
    |
435 |   createGraph3 ignoredBRs rpmopts verbose lenient (not rev) mdir (filter (\d -> d `notElem` excludedPkgs && head d /= '.') deps) >>=
    |                                                                                                             ^^^^

[3 of 3] Compiling Distribution.RPM.Build.Order
Configuring executable 'rpmbuild-order' for rpmbuild-order-0.4.12...
Preprocessing executable 'rpmbuild-order' for rpmbuild-order-0.4.12...
Building executable 'rpmbuild-order' for rpmbuild-order-0.4.12...
[1 of 2] Compiling Paths_rpmbuild_order
[2 of 2] Compiling Main
[3 of 3] Linking dist-newstyle/build/x86_64-linux/ghc-9.10.2/rpmbuild-order-0.4.12/x/rpmbuild-order/build/rpmbuild-order/rpmbuild-order
Configuring test suite 'test' for rpmbuild-order-0.4.12...
Preprocessing test suite 'test' for rpmbuild-order-0.4.12...
Building test suite 'test' for rpmbuild-order-0.4.12...
[1 of 1] Compiling Main
[2 of 2] Linking dist-newstyle/build/x86_64-linux/ghc-9.10.2/rpmbuild-order-0.4.12/t/test/build/test/test
