Resolving dependencies...
Build profile: -w ghc-9.10.2 -O1
In order, the following will be built (use -v for more details):
 - servant-client-core-0.20.3.0 (lib) (first run)
 - servant-client-core-0.20.3.0 (test:spec) (first run)
Configuring library for servant-client-core-0.20.3.0...
Preprocessing library for servant-client-core-0.20.3.0...
Building library for servant-client-core-0.20.3.0...
[ 1 of 15] Compiling Servant.Client.Core.BaseUrl
[ 2 of 15] Compiling Servant.Client.Core.Internal
[ 3 of 15] Compiling Servant.Client.Core.Request
[ 4 of 15] Compiling Servant.Client.Core.BasicAuth
[ 5 of 15] Compiling Servant.Client.Core.Auth
[ 6 of 15] Compiling Servant.Client.Core.Response
[ 7 of 15] Compiling Servant.Client.Core.MultiVerb.ResponseUnrender
[ 8 of 15] Compiling Servant.Client.Core.ClientError
[ 9 of 15] Compiling Servant.Client.Core.RunClient
[10 of 15] Compiling Servant.Client.Core.ServerSentEvents
src/Servant/Client/Core/ServerSentEvents.hs:45:1: warning: [GHC-66111] [-Wunused-imports]
    The import of ‘Data.Semigroup’ is redundant
      except perhaps to import instances from ‘Data.Semigroup’
    To import instances alone, use: import Data.Semigroup()
   |
45 | import           Data.Semigroup             (Semigroup (..))
   | ^^^^^^^^^^^^^^^^^^^^^^^^^^^^^^^^^^^^^^^^^^^^^^^^^^^^^^^^^^^^

[11 of 15] Compiling Servant.Client.Core.HasClient
[12 of 15] Compiling Servant.Client.Core.Reexport
[13 of 15] Compiling Servant.Client.Core
[14 of 15] Compiling Servant.Client.Free
[15 of 15] Compiling Servant.Client.Generic
Configuring test suite 'spec' for servant-client-core-0.20.3.0...
Preprocessing test suite 'spec' for servant-client-core-0.20.3.0...
Building test suite 'spec' for servant-client-core-0.20.3.0...
[1 of 4] Compiling Servant.Client.Core.Internal.BaseUrlSpec
[2 of 4] Compiling Servant.Client.Core.RequestSpec
[3 of 4] Compiling Servant.Client.Core.ServerSentEventsSpec
[4 of 4] Compiling Main
[5 of 5] Linking /tmp/workdir-servant-client-core/servant-client-core-0.20.3.0/dist-newstyle/build/x86_64-linux/ghc-9.10.2/servant-client-core-0.20.3.0/t/spec/build/spec/spec
