Resolving dependencies...
Build profile: -w ghc-9.10.2 -O1
In order, the following will be built (use -v for more details):
 - pdf-toolbox-document-0.1.4 (lib) (first run)
 - pdf-toolbox-document-0.1.4 (test:test) (first run)
Configuring library for pdf-toolbox-document-0.1.4...
Warning: [git-protocol] Cloning over git:// might lead to an arbitrary code
execution vulnerability. Furthermore, popular forges like GitHub do not
support it. Use https:// or ssh:// instead.
Preprocessing library for pdf-toolbox-document-0.1.4...
Building library for pdf-toolbox-document-0.1.4...
[ 1 of 12] Compiling Prelude
[ 2 of 12] Compiling Pdf.Document.Types
[ 3 of 12] Compiling Pdf.Document.Internal.Util
[ 4 of 12] Compiling Pdf.Document.Internal.Types
[ 5 of 12] Compiling Pdf.Document.Pdf
[ 6 of 12] Compiling Pdf.Document.PageNode
[ 7 of 12] Compiling Pdf.Document.Info
[ 8 of 12] Compiling Pdf.Document.FontDict
[ 9 of 12] Compiling Pdf.Document.Page
[10 of 12] Compiling Pdf.Document.Document
[11 of 12] Compiling Pdf.Document.Catalog
[12 of 12] Compiling Pdf.Document
Configuring test suite 'test' for pdf-toolbox-document-0.1.4...
Warning: [git-protocol] Cloning over git:// might lead to an arbitrary code
execution vulnerability. Furthermore, popular forges like GitHub do not
support it. Use https:// or ssh:// instead.
Preprocessing test suite 'test' for pdf-toolbox-document-0.1.4...
Building test suite 'test' for pdf-toolbox-document-0.1.4...
[1 of 2] Compiling Test.Internal.Util
[2 of 2] Compiling Main
[3 of 3] Linking dist-newstyle/build/x86_64-linux/ghc-9.10.2/pdf-toolbox-document-0.1.4/t/test/build/test/test
