Resolving dependencies...
Build profile: -w ghc-9.10.2 -O1
In order, the following will be built (use -v for more details):
 - isomorphism-class-0.3.1.2 (lib) (first run)
 - isomorphism-class-0.3.1.2 (test:test) (first run)
Configuring library for isomorphism-class-0.3.1.2...
Preprocessing library for isomorphism-class-0.3.1.2...
Building library for isomorphism-class-0.3.1.2...
[ 1 of 48] Compiling IsomorphismClass.Prelude
[ 2 of 48] Compiling IsomorphismClass.Classes.IsomorphicTo
[ 3 of 48] Compiling IsomorphismClass.Classes
[ 4 of 48] Compiling IsomorphismClass.Optics
[ 5 of 48] Compiling IsomorphismClass.Properties
[ 6 of 48] Compiling IsomorphismClass.Relations.BoxedVectorAndList
[ 7 of 48] Compiling IsomorphismClass.Relations.BoxedVectorAndSeq
[ 8 of 48] Compiling IsomorphismClass.Relations.ByteArrayAndShortByteString
[ 9 of 48] Compiling IsomorphismClass.Relations.ByteArrayAndTextArray
[10 of 48] Compiling IsomorphismClass.Relations.ByteArrayAndWord8List
[11 of 48] Compiling IsomorphismClass.Relations.ByteStringAndLazyByteString
[12 of 48] Compiling IsomorphismClass.Relations.ByteStringAndLazyByteStringBuilder
[13 of 48] Compiling IsomorphismClass.Relations.ByteStringAndShortByteString
[14 of 48] Compiling IsomorphismClass.Relations.ByteArrayAndByteString
[15 of 48] Compiling IsomorphismClass.Relations.ByteStringAndTextArray
[16 of 48] Compiling IsomorphismClass.Relations.ByteStringAndWord8List
[17 of 48] Compiling IsomorphismClass.Relations.DiffTimeAndNominalDiffTime
[18 of 48] Compiling IsomorphismClass.Relations.DiffTimeAndPico
[19 of 48] Compiling IsomorphismClass.Relations.Int16AndWord16
[20 of 48] Compiling IsomorphismClass.Relations.Int32AndWord32
[21 of 48] Compiling IsomorphismClass.Relations.Int64AndWord64
[22 of 48] Compiling IsomorphismClass.Relations.Int8AndWord8
[23 of 48] Compiling IsomorphismClass.Relations.IntAndWord
[24 of 48] Compiling IsomorphismClass.Relations.IntMapAndMapOfInt
[25 of 48] Compiling IsomorphismClass.Relations.IntSetAndSetOfInt
[26 of 48] Compiling IsomorphismClass.Relations.LazyByteStringAndLazyByteStringBuilder
[27 of 48] Compiling IsomorphismClass.Relations.LazyByteStringAndShortByteString
[28 of 48] Compiling IsomorphismClass.Relations.ByteArrayAndLazyByteString
[29 of 48] Compiling IsomorphismClass.Relations.LazyByteStringAndTextArray
[30 of 48] Compiling IsomorphismClass.Relations.LazyByteStringAndWord8List
[31 of 48] Compiling IsomorphismClass.Relations.LazyByteStringBuilderAndShortByteString
[32 of 48] Compiling IsomorphismClass.Relations.ByteArrayAndLazyByteStringBuilder
[33 of 48] Compiling IsomorphismClass.Relations.LazyByteStringBuilderAndTextArray
[34 of 48] Compiling IsomorphismClass.Relations.LazyByteStringBuilderAndWord8List
[35 of 48] Compiling IsomorphismClass.Relations.LazyTextAndLazyTextBuilder
[36 of 48] Compiling IsomorphismClass.Relations.LazyTextAndStrictTextBuilder
library/IsomorphismClass/Relations/LazyTextAndStrictTextBuilder.hs:13:43: warning: [GHC-68441] [-Wdeprecations]
    In the use of type constructor or class ‘StrictBuilder’
    (imported from Data.Text.Encoding, but defined in Data.Text.Internal.StrictBuilder):
    Deprecated: "Use StrictTextBuilder instead"
   |
13 | instance IsomorphicTo Data.Text.Lazy.Text Data.Text.Encoding.StrictBuilder where
   |                                           ^^^^^^^^^^^^^^^^^^^^^^^^^^^^^^^^

library/IsomorphismClass/Relations/LazyTextAndStrictTextBuilder.hs:16:23: warning: [GHC-68441] [-Wdeprecations]
    In the use of type constructor or class ‘StrictBuilder’
    (imported from Data.Text.Encoding, but defined in Data.Text.Internal.StrictBuilder):
    Deprecated: "Use StrictTextBuilder instead"
   |
16 | instance IsomorphicTo Data.Text.Encoding.StrictBuilder Data.Text.Lazy.Text where
   |                       ^^^^^^^^^^^^^^^^^^^^^^^^^^^^^^^^

[37 of 48] Compiling IsomorphismClass.Relations.LazyTextAndText
[38 of 48] Compiling IsomorphismClass.Relations.LazyTextBuilderAndStrictTextBuilder
library/IsomorphismClass/Relations/LazyTextBuilderAndStrictTextBuilder.hs:14:54: warning: [GHC-68441] [-Wdeprecations]
    In the use of type constructor or class ‘StrictBuilder’
    (imported from Data.Text.Encoding, but defined in Data.Text.Internal.StrictBuilder):
    Deprecated: "Use StrictTextBuilder instead"
   |
14 | instance IsomorphicTo Data.Text.Lazy.Builder.Builder Data.Text.Encoding.StrictBuilder where
   |                                                      ^^^^^^^^^^^^^^^^^^^^^^^^^^^^^^^^

library/IsomorphismClass/Relations/LazyTextBuilderAndStrictTextBuilder.hs:17:23: warning: [GHC-68441] [-Wdeprecations]
    In the use of type constructor or class ‘StrictBuilder’
    (imported from Data.Text.Encoding, but defined in Data.Text.Internal.StrictBuilder):
    Deprecated: "Use StrictTextBuilder instead"
   |
17 | instance IsomorphicTo Data.Text.Encoding.StrictBuilder Data.Text.Lazy.Builder.Builder where
   |                       ^^^^^^^^^^^^^^^^^^^^^^^^^^^^^^^^

[39 of 48] Compiling IsomorphismClass.Relations.LazyTextBuilderAndText
[40 of 48] Compiling IsomorphismClass.Relations.ListAndSeq
[41 of 48] Compiling IsomorphismClass.Relations.NominalDiffTimeAndPico
[42 of 48] Compiling IsomorphismClass.Relations.ShortByteStringAndTextArray
[43 of 48] Compiling IsomorphismClass.Relations.ShortByteStringAndWord8List
[44 of 48] Compiling IsomorphismClass.Relations.StrictTextBuilderAndText
library/IsomorphismClass/Relations/StrictTextBuilderAndText.hs:12:28: warning: [GHC-68441] [-Wdeprecations]
    In the use of type constructor or class ‘StrictBuilder’
    (imported from Data.Text.Encoding, but defined in Data.Text.Internal.StrictBuilder):
    Deprecated: "Use StrictTextBuilder instead"
   |
12 | instance IsomorphicTo Text Data.Text.Encoding.StrictBuilder where
   |                            ^^^^^^^^^^^^^^^^^^^^^^^^^^^^^^^^

library/IsomorphismClass/Relations/StrictTextBuilderAndText.hs:15:23: warning: [GHC-68441] [-Wdeprecations]
    In the use of type constructor or class ‘StrictBuilder’
    (imported from Data.Text.Encoding, but defined in Data.Text.Internal.StrictBuilder):
    Deprecated: "Use StrictTextBuilder instead"
   |
15 | instance IsomorphicTo Data.Text.Encoding.StrictBuilder Text where
   |                       ^^^^^^^^^^^^^^^^^^^^^^^^^^^^^^^^

[45 of 48] Compiling IsomorphismClass.Relations.TextArrayAndWord8List
[46 of 48] Compiling IsomorphismClass.Relations
[47 of 48] Compiling IsomorphismClass
[48 of 48] Compiling IsomorphismClass.TextCompat.Array
Configuring test suite 'test' for isomorphism-class-0.3.1.2...
Preprocessing test suite 'test' for isomorphism-class-0.3.1.2...
Building test suite 'test' for isomorphism-class-0.3.1.2...
[1 of 2] Compiling Test.ExtraInstances
[2 of 2] Compiling Main
[3 of 3] Linking /tmp/workdir-isomorphism-class/isomorphism-class-0.3.1.2/dist-newstyle/build/x86_64-linux/ghc-9.10.2/isomorphism-class-0.3.1.2/t/test/build/test/test
