Resolving dependencies...
Build profile: -w ghc-9.10.2 -O1
In order, the following will be built (use -v for more details):
 - recv-0.1.1 (lib) (first run)
 - recv-0.1.1 (test:spec) (first run)
Configuring library for recv-0.1.1...
Preprocessing library for recv-0.1.1...
Building library for recv-0.1.1...
[1 of 4] Compiling Network.Socket.BufferPool.Types
[2 of 4] Compiling Network.Socket.BufferPool.Buffer
[3 of 4] Compiling Network.Socket.BufferPool.Recv
[4 of 4] Compiling Network.Socket.BufferPool
Configuring test suite 'spec' for recv-0.1.1...
Preprocessing test suite 'spec' for recv-0.1.1...
Building test suite 'spec' for recv-0.1.1...
[1 of 6] Compiling Network.Socket.BufferPool.Types
[2 of 6] Compiling Network.Socket.BufferPool.Buffer
[3 of 6] Compiling Network.Socket.BufferPool.Recv
[4 of 6] Compiling Network.Socket.BufferPool
[5 of 6] Compiling BufferPoolSpec
[6 of 6] Compiling Main
[7 of 7] Linking /tmp/workdir-recv/recv-0.1.1/dist-newstyle/build/x86_64-linux/ghc-9.10.2/recv-0.1.1/t/spec/build/spec/spec
