Warning: The package description file ./ListZipper.cabal has warnings:
ListZipper.cabal:18:32: version operators used. To use version operators the
package needs to specify at least 'cabal-version: >= 1.8'.
ListZipper.cabal:18:58: version operators used. To use version operators the
package needs to specify at least 'cabal-version: >= 1.8'.
Warning: The package description file
/tmp/workdir-ListZipper/ListZipper-1.2.0.2/ListZipper.cabal has warnings:
/tmp/workdir-ListZipper/ListZipper-1.2.0.2/ListZipper.cabal:18:32: version
operators used. To use version operators the package needs to specify at least
'cabal-version: >= 1.8'.
/tmp/workdir-ListZipper/ListZipper-1.2.0.2/ListZipper.cabal:18:58: version
operators used. To use version operators the package needs to specify at least
'cabal-version: >= 1.8'.
Resolving dependencies...
Build profile: -w ghc-9.10.2 -O1
In order, the following will be built (use -v for more details):
 - ListZipper-1.2.0.2 (lib:ListZipper) (first run)
Warning: ListZipper.cabal:18:32: version operators used. To use version
operators the package needs to specify at least 'cabal-version: >= 1.8'.
Warning: ListZipper.cabal:18:58: version operators used. To use version
operators the package needs to specify at least 'cabal-version: >= 1.8'.
Configuring ListZipper-1.2.0.2...
Preprocessing library for ListZipper-1.2.0.2...
Building library for ListZipper-1.2.0.2...
[1 of 1] Compiling Data.List.Zipper
