Resolving dependencies...
Build profile: -w ghc-9.10.2 -O1
In order, the following will be built (use -v for more details):
 - formatting-7.2.0 (lib) (first run)
 - formatting-7.2.0 (test:formatting-test) (first run)
Configuring library for formatting-7.2.0...
Preprocessing library for formatting-7.2.0...
Building library for formatting-7.2.0...
[ 1 of 14] Compiling Data.Text.Format.Functions
[ 2 of 14] Compiling Data.Text.Format.Types
src/Data/Text/Format/Types.hs:21:1: warning: [GHC-38417] [-Wmissing-kind-signatures]
    Top-level type constructor with no standalone kind signature or CUSK:
      type Hex :: * -> *
   |
21 | newtype Hex a = Hex a
   | ^^^^^^^^^^^^^^^^^^^^^...

src/Data/Text/Format/Types.hs:21:1: warning: [GHC-65490] [-Wmissing-role-annotations]
    Missing role annotation: type role Hex representational
   |
21 | newtype Hex a = Hex a
   | ^^^^^^^^^^^^^^^^^^^^^...

src/Data/Text/Format/Types.hs:25:1: warning: [GHC-38417] [-Wmissing-kind-signatures]
    Top-level type constructor with no standalone kind signature or CUSK:
      type Shown :: * -> *
   |
25 | newtype Shown a = Shown {
   | ^^^^^^^^^^^^^^^^^^^^^^^^^...

src/Data/Text/Format/Types.hs:25:1: warning: [GHC-65490] [-Wmissing-role-annotations]
    Missing role annotation: type role Shown representational
   |
25 | newtype Shown a = Shown {
   | ^^^^^^^^^^^^^^^^^^^^^^^^^...

[ 3 of 14] Compiling Formatting.Buildable
src/Formatting/Buildable.hs:37:1: warning: [GHC-38417] [-Wmissing-kind-signatures]
    Top-level type constructor with no standalone kind signature or CUSK:
      type Buildable :: * -> Constraint
   |
37 | class Buildable p where
   | ^^^^^^^^^^^^^^^^^^^^^^^...

[ 4 of 14] Compiling Data.Text.Format
[ 5 of 14] Compiling Formatting.Internal
src/Formatting/Internal.hs:66:1: warning: [GHC-38417] [-Wmissing-kind-signatures]
    Top-level type constructor with no standalone kind signature or CUSK:
      type Format :: * -> * -> *
   |
66 | newtype Format r a =
   | ^^^^^^^^^^^^^^^^^^^^...

src/Formatting/Internal.hs:66:1: warning: [GHC-65490] [-Wmissing-role-annotations]
    Missing role annotation:
      type role Format representational representational
   |
66 | newtype Format r a =
   | ^^^^^^^^^^^^^^^^^^^^...

src/Formatting/Internal.hs:104:13: warning: [GHC-58520] [-Wtype-equality-requires-operators]
    The use of ‘~’ without TypeOperators
    will become an error in a future GHC release.
    Suggested fix: Perhaps you intended to use TypeOperators
    |
104 | instance (a ~ r) => IsString (Format r a) where
    |             ^

[ 6 of 14] Compiling Formatting.FromBuilder
src/Formatting/FromBuilder.hs:27:1: warning: [GHC-38417] [-Wmissing-kind-signatures]
    Top-level type constructor with no standalone kind signature or CUSK:
      type FromBuilder :: * -> Constraint
   |
27 | class FromBuilder a where
   | ^^^^^^^^^^^^^^^^^^^^^^^^^...

[ 7 of 14] Compiling Formatting.Formatters
[ 8 of 14] Compiling Formatting.Combinators
[ 9 of 14] Compiling Formatting
[10 of 14] Compiling Formatting.Examples
[11 of 14] Compiling Formatting.Clock
[12 of 14] Compiling Formatting.Internal.Raw
[13 of 14] Compiling Formatting.ShortFormatters
src/Formatting/ShortFormatters.hs:40:1: warning: [GHC-54201] [-Wterm-variable-capture]
    The type variable ‘r’ is implicitly quantified,
    even though another variable of the same name is in scope:
      ‘r’ defined at src/Formatting/ShortFormatters.hs:108:1
    This is not compatible with the RequiredTypeArguments extension.
    Suggested fix: Consider renaming the type variable.
   |
40 | t :: Format r (Text -> r)
   | ^^^^^^^^^^^^^^^^^^^^^^^^^

src/Formatting/ShortFormatters.hs:45:1: warning: [GHC-54201] [-Wterm-variable-capture]
    The type variable ‘r’ is implicitly quantified,
    even though another variable of the same name is in scope:
      ‘r’ defined at src/Formatting/ShortFormatters.hs:108:1
    This is not compatible with the RequiredTypeArguments extension.
    Suggested fix: Consider renaming the type variable.
   |
45 | d :: Integral a => Format r (a -> r)
   | ^^^^^^^^^^^^^^^^^^^^^^^^^^^^^^^^^^^^

src/Formatting/ShortFormatters.hs:51:1: warning: [GHC-54201] [-Wterm-variable-capture]
    The type variable ‘r’ is implicitly quantified,
    even though another variable of the same name is in scope:
      ‘r’ defined at src/Formatting/ShortFormatters.hs:108:1
    This is not compatible with the RequiredTypeArguments extension.
    Suggested fix: Consider renaming the type variable.
   |
51 | b :: Integral a => Format r (a -> r)
   | ^^^^^^^^^^^^^^^^^^^^^^^^^^^^^^^^^^^^

src/Formatting/ShortFormatters.hs:56:1: warning: [GHC-54201] [-Wterm-variable-capture]
    The type variable ‘r’ is implicitly quantified,
    even though another variable of the same name is in scope:
      ‘r’ defined at src/Formatting/ShortFormatters.hs:108:1
    This is not compatible with the RequiredTypeArguments extension.
    Suggested fix: Consider renaming the type variable.
   |
56 | o :: Integral a => Format r (a -> r)
   | ^^^^^^^^^^^^^^^^^^^^^^^^^^^^^^^^^^^^

src/Formatting/ShortFormatters.hs:62:1: warning: [GHC-54201] [-Wterm-variable-capture]
    The type variable ‘r’ is implicitly quantified,
    even though another variable of the same name is in scope:
      ‘r’ defined at src/Formatting/ShortFormatters.hs:108:1
    This is not compatible with the RequiredTypeArguments extension.
    Suggested fix: Consider renaming the type variable.
   |
62 | x :: Integral a => Format r (a -> r)
   | ^^^^^^^^^^^^^^^^^^^^^^^^^^^^^^^^^^^^

src/Formatting/ShortFormatters.hs:67:1: warning: [GHC-54201] [-Wterm-variable-capture]
    The type variable ‘r’ is implicitly quantified,
    even though another variable of the same name is in scope:
      ‘r’ defined at src/Formatting/ShortFormatters.hs:108:1
    This is not compatible with the RequiredTypeArguments extension.
    Suggested fix: Consider renaming the type variable.
   |
67 | st :: Format r (S.Text -> r)
   | ^^^^^^^^^^^^^^^^^^^^^^^^^^^^

src/Formatting/ShortFormatters.hs:72:1: warning: [GHC-54201] [-Wterm-variable-capture]
    The type variable ‘r’ is implicitly quantified,
    even though another variable of the same name is in scope:
      ‘r’ defined at src/Formatting/ShortFormatters.hs:108:1
    This is not compatible with the RequiredTypeArguments extension.
    Suggested fix: Consider renaming the type variable.
   |
72 | s :: Format r (String -> r)
   | ^^^^^^^^^^^^^^^^^^^^^^^^^^^

src/Formatting/ShortFormatters.hs:78:1: warning: [GHC-54201] [-Wterm-variable-capture]
    The type variable ‘r’ is implicitly quantified,
    even though another variable of the same name is in scope:
      ‘r’ defined at src/Formatting/ShortFormatters.hs:108:1
    This is not compatible with the RequiredTypeArguments extension.
    Suggested fix: Consider renaming the type variable.
   |
78 | sh :: Show a => Format r (a -> r)
   | ^^^^^^^^^^^^^^^^^^^^^^^^^^^^^^^^^

src/Formatting/ShortFormatters.hs:83:1: warning: [GHC-54201] [-Wterm-variable-capture]
    The type variable ‘r’ is implicitly quantified,
    even though another variable of the same name is in scope:
      ‘r’ defined at src/Formatting/ShortFormatters.hs:108:1
    This is not compatible with the RequiredTypeArguments extension.
    Suggested fix: Consider renaming the type variable.
   |
83 | c :: Format r (Char -> r)
   | ^^^^^^^^^^^^^^^^^^^^^^^^^

src/Formatting/ShortFormatters.hs:89:1: warning: [GHC-54201] [-Wterm-variable-capture]
    The type variable ‘r’ is implicitly quantified,
    even though another variable of the same name is in scope:
      ‘r’ defined at src/Formatting/ShortFormatters.hs:108:1
    This is not compatible with the RequiredTypeArguments extension.
    Suggested fix: Consider renaming the type variable.
   |
89 | f :: Real a => Int -> Format r (a -> r)
   | ^^^^^^^^^^^^^^^^^^^^^^^^^^^^^^^^^^^^^^^

src/Formatting/ShortFormatters.hs:95:1: warning: [GHC-54201] [-Wterm-variable-capture]
    The type variable ‘r’ is implicitly quantified,
    even though another variable of the same name is in scope:
      ‘r’ defined at src/Formatting/ShortFormatters.hs:108:1
    This is not compatible with the RequiredTypeArguments extension.
    Suggested fix: Consider renaming the type variable.
   |
95 | sf :: Real a => Format r (a -> r)
   | ^^^^^^^^^^^^^^^^^^^^^^^^^^^^^^^^^

src/Formatting/ShortFormatters.hs:101:1: warning: [GHC-54201] [-Wterm-variable-capture]
    The type variable ‘r’ is implicitly quantified,
    even though another variable of the same name is in scope:
      ‘r’ defined at src/Formatting/ShortFormatters.hs:108:1
    This is not compatible with the RequiredTypeArguments extension.
    Suggested fix: Consider renaming the type variable.
    |
101 | l :: Buildable a => Int -> Char -> Format r (a -> r)
    | ^^^^^^^^^^^^^^^^^^^^^^^^^^^^^^^^^^^^^^^^^^^^^^^^^^^^

src/Formatting/ShortFormatters.hs:107:1: warning: [GHC-54201] [-Wterm-variable-capture]
    The type variable ‘r’ is implicitly quantified,
    even though another variable of the same name is in scope:
      ‘r’ defined at src/Formatting/ShortFormatters.hs:108:1
    This is not compatible with the RequiredTypeArguments extension.
    Suggested fix: Consider renaming the type variable.
    |
107 | r :: Buildable a => Int -> Char -> Format r (a -> r)
    | ^^^^^^^^^^^^^^^^^^^^^^^^^^^^^^^^^^^^^^^^^^^^^^^^^^^^

[14 of 14] Compiling Formatting.Time
Configuring test suite 'formatting-test' for formatting-7.2.0...
Preprocessing test suite 'formatting-test' for formatting-7.2.0...
Building test suite 'formatting-test' for formatting-7.2.0...
[1 of 1] Compiling Main
[2 of 2] Linking /tmp/workdir-formatting/formatting-7.2.0/dist-newstyle/build/x86_64-linux/ghc-9.10.2/formatting-7.2.0/t/formatting-test/build/formatting-test/formatting-test
