Resolving dependencies...
Build profile: -w ghc-9.10.2 -O1
In order, the following will be built (use -v for more details):
 - ginger-0.10.6.0 (lib) (first run)
 - ginger-0.10.6.0 (test:tests) (first run)
 - ginger-0.10.6.0 (exe:ginger) (first run)
Configuring library for ginger-0.10.6.0...
Preprocessing library for ginger-0.10.6.0...
Building library for ginger-0.10.6.0...
[ 1 of 12] Compiling Text.Ginger.Html
[ 2 of 12] Compiling Text.Ginger.GVal
src/Text/Ginger/GVal.hs:857:10: warning: [GHC-87502] [-Winline-rule-shadowing]
    Rule "GVal/round-trip-Maybe" may never fire
      because rule "Class op fromGVal" for ‘fromGVal’ might fire first
    Suggested fix: Add phase [n] or [~n] to the competing rule
    |
857 | {-#RULES "GVal/round-trip-Maybe" fromGVal . toGVal = Just #-}
    |          ^^^^^^^^^^^^^^^^^^^^^^^^^^^^^^^^^^^^^^^^^^^^^^^^

src/Text/Ginger/GVal.hs:857:10: warning: [GHC-95396] [-Winline-rule-shadowing]
    Rule "GVal/round-trip-Maybe" may never fire
      because ‘toGVal’ might inline first
    Suggested fix: Add an INLINE[n] or NOINLINE[n] pragma for ‘toGVal’
    |
857 | {-#RULES "GVal/round-trip-Maybe" fromGVal . toGVal = Just #-}
    |          ^^^^^^^^^^^^^^^^^^^^^^^^^^^^^^^^^^^^^^^^^^^^^^^^

src/Text/Ginger/GVal.hs:857:10: warning: [GHC-95396] [-Winline-rule-shadowing]
    Rule "GVal/round-trip-Maybe" may never fire
      because ‘.’ might inline first
    Suggested fix: Add an INLINE[n] or NOINLINE[n] pragma for ‘.’
    |
857 | {-#RULES "GVal/round-trip-Maybe" fromGVal . toGVal = Just #-}
    |          ^^^^^^^^^^^^^^^^^^^^^^^^^^^^^^^^^^^^^^^^^^^^^^^^

src/Text/Ginger/GVal.hs:858:10: warning: [GHC-87502] [-Winline-rule-shadowing]
    Rule "GVal/round-trip-Either" may never fire
      because rule "Class op fromGValEither" for ‘fromGValEither’ might fire first
    Suggested fix: Add phase [n] or [~n] to the competing rule
    |
858 | {-#RULES "GVal/round-trip-Either" fromGValEither . toGVal = Right #-}
    |          ^^^^^^^^^^^^^^^^^^^^^^^^^^^^^^^^^^^^^^^^^^^^^^^^^^^^^^^^

src/Text/Ginger/GVal.hs:858:10: warning: [GHC-95396] [-Winline-rule-shadowing]
    Rule "GVal/round-trip-Either" may never fire
      because ‘toGVal’ might inline first
    Suggested fix: Add an INLINE[n] or NOINLINE[n] pragma for ‘toGVal’
    |
858 | {-#RULES "GVal/round-trip-Either" fromGValEither . toGVal = Right #-}
    |          ^^^^^^^^^^^^^^^^^^^^^^^^^^^^^^^^^^^^^^^^^^^^^^^^^^^^^^^^

src/Text/Ginger/GVal.hs:858:10: warning: [GHC-95396] [-Winline-rule-shadowing]
    Rule "GVal/round-trip-Either" may never fire
      because ‘.’ might inline first
    Suggested fix: Add an INLINE[n] or NOINLINE[n] pragma for ‘.’
    |
858 | {-#RULES "GVal/round-trip-Either" fromGValEither . toGVal = Right #-}
    |          ^^^^^^^^^^^^^^^^^^^^^^^^^^^^^^^^^^^^^^^^^^^^^^^^^^^^^^^^

src/Text/Ginger/GVal.hs:859:10: warning: [GHC-95396] [-Winline-rule-shadowing]
    Rule "GVal/text-shortcut" may never fire
      because ‘asText’ might inline first
    Suggested fix: Add an INLINE[n] or NOINLINE[n] pragma for ‘asText’
    |
859 | {-#RULES "GVal/text-shortcut" asText . toGVal = id #-}
    |          ^^^^^^^^^^^^^^^^^^^^^^^^^^^^^^^^^^^^^^^^^

src/Text/Ginger/GVal.hs:859:10: warning: [GHC-95396] [-Winline-rule-shadowing]
    Rule "GVal/text-shortcut" may never fire
      because ‘toGVal’ might inline first
    Suggested fix: Add an INLINE[n] or NOINLINE[n] pragma for ‘toGVal’
    |
859 | {-#RULES "GVal/text-shortcut" asText . toGVal = id #-}
    |          ^^^^^^^^^^^^^^^^^^^^^^^^^^^^^^^^^^^^^^^^^

src/Text/Ginger/GVal.hs:859:10: warning: [GHC-95396] [-Winline-rule-shadowing]
    Rule "GVal/text-shortcut" may never fire
      because ‘.’ might inline first
    Suggested fix: Add an INLINE[n] or NOINLINE[n] pragma for ‘.’
    |
859 | {-#RULES "GVal/text-shortcut" asText . toGVal = id #-}
    |          ^^^^^^^^^^^^^^^^^^^^^^^^^^^^^^^^^^^^^^^^^

[ 3 of 12] Compiling Text.Ginger.AST
[ 4 of 12] Compiling Text.Ginger.Parse
[ 5 of 12] Compiling Text.PrintfA
[ 6 of 12] Compiling Text.Ginger.Run.Type
[ 7 of 12] Compiling Text.Ginger.Run.FuncUtils
[ 8 of 12] Compiling Text.Ginger.Run.VM
[ 9 of 12] Compiling Text.Ginger.Run.Builtins
src/Text/Ginger/Run/Builtins.hs:216:62: warning: [GHC-63394] [-Wx-partial]
    In the use of ‘tail’
    (imported from Prelude, but defined in GHC.Internal.List):
    "This is a partial function, it throws an error on empty lists. Replace it with 'drop' 1, or use pattern matching or 'GHC.Internal.Data.List.uncons' instead. Consider refactoring to use "Data.List.NonEmpty"."
    |
216 |         Prelude.all (== Just True) (Prelude.zipWith less xs (Prelude.tail xs))
    |                                                              ^^^^^^^^^^^^

src/Text/Ginger/Run/Builtins.hs:223:65: warning: [GHC-63394] [-Wx-partial]
    In the use of ‘tail’
    (imported from Prelude, but defined in GHC.Internal.List):
    "This is a partial function, it throws an error on empty lists. Replace it with 'drop' 1, or use pattern matching or 'GHC.Internal.Data.List.uncons' instead. Consider refactoring to use "Data.List.NonEmpty"."
    |
223 |         Prelude.all (== Just True) (Prelude.zipWith greater xs (Prelude.tail xs))
    |                                                                 ^^^^^^^^^^^^

src/Text/Ginger/Run/Builtins.hs:230:64: warning: [GHC-63394] [-Wx-partial]
    In the use of ‘tail’
    (imported from Prelude, but defined in GHC.Internal.List):
    "This is a partial function, it throws an error on empty lists. Replace it with 'drop' 1, or use pattern matching or 'GHC.Internal.Data.List.uncons' instead. Consider refactoring to use "Data.List.NonEmpty"."
    |
230 |         Prelude.all (== Just True) (Prelude.zipWith lessEq xs (Prelude.tail xs))
    |                                                                ^^^^^^^^^^^^

src/Text/Ginger/Run/Builtins.hs:237:67: warning: [GHC-63394] [-Wx-partial]
    In the use of ‘tail’
    (imported from Prelude, but defined in GHC.Internal.List):
    "This is a partial function, it throws an error on empty lists. Replace it with 'drop' 1, or use pattern matching or 'GHC.Internal.Data.List.uncons' instead. Consider refactoring to use "Data.List.NonEmpty"."
    |
237 |         Prelude.all (== Just True) (Prelude.zipWith greaterEq xs (Prelude.tail xs))
    |                                                                   ^^^^^^^^^^^^

[10 of 12] Compiling Text.Ginger.Run
[11 of 12] Compiling Text.Ginger.Optimizer
[12 of 12] Compiling Text.Ginger
Configuring test suite 'tests' for ginger-0.10.6.0...
Preprocessing test suite 'tests' for ginger-0.10.6.0...
Building test suite 'tests' for ginger-0.10.6.0...
[1 of 3] Compiling Text.Ginger.PropertyTests
[2 of 3] Compiling Text.Ginger.SimulationTests
[3 of 3] Compiling Main
[4 of 4] Linking /tmp/workdir-ginger/ginger-0.10.6.0/dist-newstyle/build/x86_64-linux/ghc-9.10.2/ginger-0.10.6.0/t/tests/build/tests/tests
Configuring executable 'ginger' for ginger-0.10.6.0...
Preprocessing executable 'ginger' for ginger-0.10.6.0...
Building executable 'ginger' for ginger-0.10.6.0...
[1 of 2] Compiling Options
[2 of 2] Compiling Main
cli/GingerCLI.hs:121:17: warning: [GHC-68441] [-Wdeprecations]
    In the use of ‘decode’ (imported from Data.Yaml):
    Deprecated: "Please use decodeEither or decodeThrow, which provide information on how the decode failed"
    |
121 | decodeFile fn = YAML.decode <$> (openFile fn ReadMode >>= BS.hGetContents)
    |                 ^^^^^^^^^^^

cli/GingerCLI.hs:124:25: warning: [GHC-68441] [-Wdeprecations]
    In the use of ‘decode’ (imported from Data.Yaml):
    Deprecated: "Please use decodeEither or decodeThrow, which provide information on how the decode failed"
    |
124 | decodeString = return . YAML.decode . UTF8.fromString
    |                         ^^^^^^^^^^^

cli/GingerCLI.hs:127:15: warning: [GHC-68441] [-Wdeprecations]
    In the use of ‘decode’ (imported from Data.Yaml):
    Deprecated: "Please use decodeEither or decodeThrow, which provide information on how the decode failed"
    |
127 | decodeStdin = YAML.decode <$> BS.getContents
    |               ^^^^^^^^^^^

[3 of 3] Linking /tmp/workdir-ginger/ginger-0.10.6.0/dist-newstyle/build/x86_64-linux/ghc-9.10.2/ginger-0.10.6.0/x/ginger/build/ginger/ginger
