Resolving dependencies...
Build profile: -w ghc-9.10.2 -O1
In order, the following will be built (use -v for more details):
 - esqueleto-3.6.0.0 (lib) (first run)
 - esqueleto-3.6.0.0 (test:specs) (first run)
Configuring library for esqueleto-3.6.0.0...
Preprocessing library for esqueleto-3.6.0.0...
Building library for esqueleto-3.6.0.0...
[ 1 of 20] Compiling Database.Esqueleto.Internal.ExprParser
[ 2 of 20] Compiling Database.Esqueleto.Internal.PersistentImport
[ 3 of 20] Compiling Database.Esqueleto.Internal.Internal
src/Database/Esqueleto/Internal/Internal.hs:40:1: warning: [GHC-66111] [-Wunused-imports]
    The import of ‘Data.Typeable’ is redundant
      except perhaps to import instances from ‘Data.Typeable’
    To import instances alone, use: import Data.Typeable()
   |
40 | import Data.Typeable (TypeRep, typeRep)
   | ^^^^^^^^^^^^^^^^^^^^^^^^^^^^^^^^^^^^^^^

src/Database/Esqueleto/Internal/Internal.hs:70:1: warning: [GHC-66111] [-Wunused-imports]
    The qualified import of ‘Data.Monoid’ is redundant
      except perhaps to import instances from ‘Data.Monoid’
    To import instances alone, use: import Data.Monoid()
   |
70 | import qualified Data.Monoid as Monoid
   | ^^^^^^^^^^^^^^^^^^^^^^^^^^^^^^^^^^^^^^

src/Database/Esqueleto/Internal/Internal.hs:80:1: warning: [GHC-66111] [-Wunused-imports]
    The import of ‘Database.Persist’ is redundant
      except perhaps to import instances from ‘Database.Persist’
    To import instances alone, use: import Database.Persist()
   |
80 | import Database.Persist (EntityNameDB(..), FieldNameDB(..), SymbolToField(..))
   | ^^^^^^^^^^^^^^^^^^^^^^^^^^^^^^^^^^^^^^^^^^^^^^^^^^^^^^^^^^^^^^^^^^^^^^^^^^^^^^

src/Database/Esqueleto/Internal/Internal.hs:1538:17: warning: [GHC-63394] [-Wx-partial]
    In the use of ‘head’
    (imported from Prelude, but defined in GHC.Internal.List):
    "This is a partial function, it throws an error on empty lists. Use pattern matching, 'Data.List.uncons' or 'Data.Maybe.listToMaybe' instead. Consider refactoring to use "Data.List.NonEmpty"."
     |
1538 |     uniqueDef = head . filter filterF . getEntityUniques . entityDef $ proxy
     |                 ^^^^

[ 4 of 20] Compiling Database.Esqueleto.Experimental.ToMaybe
[ 5 of 20] Compiling Database.Esqueleto.Experimental.ToAliasReference
[ 6 of 20] Compiling Database.Esqueleto.Experimental.ToAlias
[ 7 of 20] Compiling Database.Esqueleto.Experimental.From
[ 8 of 20] Compiling Database.Esqueleto.Experimental.From.SqlSetOperation
src/Database/Esqueleto/Experimental/From/SqlSetOperation.hs:85:61: warning: [GHC-58520] [-Wtype-equality-requires-operators]
    The use of ‘~’ without TypeOperators
    will become an error in a future GHC release.
    Suggested fix: Perhaps you intended to use TypeOperators
   |
85 | instance (ToSqlSetOperation a c, ToSqlSetOperation b c, res ~ SqlSetOperation c)
   |                                                             ^

src/Database/Esqueleto/Experimental/From/SqlSetOperation.hs:96:61: warning: [GHC-58520] [-Wtype-equality-requires-operators]
    The use of ‘~’ without TypeOperators
    will become an error in a future GHC release.
    Suggested fix: Perhaps you intended to use TypeOperators
   |
96 | instance (ToSqlSetOperation a c, ToSqlSetOperation b c, res ~ SqlSetOperation c)
   |                                                             ^

[ 9 of 20] Compiling Database.Esqueleto.Experimental.From.Join
[10 of 20] Compiling Database.Esqueleto.Experimental.From.CommonTableExpression
[11 of 20] Compiling Database.Esqueleto.Experimental
[12 of 20] Compiling Database.Esqueleto.Legacy
[13 of 20] Compiling Database.Esqueleto
[14 of 20] Compiling Database.Esqueleto.MySQL
src/Database/Esqueleto/MySQL.hs:11:53: warning: [GHC-61689] [-Wdodgy-imports]
    Module ‘Database.Esqueleto.Internal.Internal’ does not export ‘random_’.
   |
11 | import Database.Esqueleto.Internal.Internal hiding (random_)
   |                                                     ^^^^^^^

src/Database/Esqueleto/MySQL.hs:31:19: warning: [GHC-68441] [-Wdeprecations]
    In the use of data constructor ‘LockInShareMode’
    (imported from Database.Esqueleto.Internal.Internal):
    Deprecated: "The constructors for 'LockingKind' are deprecated in v3.6.0.0. Instead, please refer to the smart constructors 'lockInShareMode' exported from Database.Esqueleto.MySQL."
   |
31 | lockInShareMode = LockInShareMode
   |                   ^^^^^^^^^^^^^^^

[15 of 20] Compiling Database.Esqueleto.PostgreSQL
src/Database/Esqueleto/PostgreSQL.hs:68:1: warning: [GHC-66111] [-Wunused-imports]
    The qualified import of ‘Data.Text.Lazy.Builder’ is redundant
      except perhaps to import instances from ‘Data.Text.Lazy.Builder’
    To import instances alone, use: import Data.Text.Lazy.Builder()
   |
68 | import qualified Data.Text.Lazy.Builder as TLB
   | ^^^^^^^^^^^^^^^^^^^^^^^^^^^^^^^^^^^^^^^^^^^^^^

src/Database/Esqueleto/PostgreSQL.hs:71:1: warning: [GHC-66111] [-Wunused-imports]
    The qualified import of ‘Database.Esqueleto.Experimental.From’ is redundant
      except perhaps to import instances from ‘Database.Esqueleto.Experimental.From’
    To import instances alone, use: import Database.Esqueleto.Experimental.From()
   |
71 | import qualified Database.Esqueleto.Experimental.From as Ex
   | ^^^^^^^^^^^^^^^^^^^^^^^^^^^^^^^^^^^^^^^^^^^^^^^^^^^^^^^^^^^

src/Database/Esqueleto/PostgreSQL.hs:72:1: warning: [GHC-66111] [-Wunused-imports]
    The import of ‘Database.Esqueleto.Experimental.From.CommonTableExpression’ is redundant
      except perhaps to import instances from ‘Database.Esqueleto.Experimental.From.CommonTableExpression’
    To import instances alone, use: import Database.Esqueleto.Experimental.From.CommonTableExpression()
   |
72 | import Database.Esqueleto.Experimental.From.CommonTableExpression
   | ^^^^^^^^^^^^^^^^^^^^^^^^^^^^^^^^^^^^^^^^^^^^^^^^^^^^^^^^^^^^^^^^^

src/Database/Esqueleto/PostgreSQL.hs:73:1: warning: [GHC-66111] [-Wunused-imports]
    The import of ‘Database.Esqueleto.Experimental.From.SqlSetOperation’ is redundant
      except perhaps to import instances from ‘Database.Esqueleto.Experimental.From.SqlSetOperation’
    To import instances alone, use: import Database.Esqueleto.Experimental.From.SqlSetOperation()
   |
73 | import Database.Esqueleto.Experimental.From.SqlSetOperation
   | ^^^^^^^^^^^^^^^^^^^^^^^^^^^^^^^^^^^^^^^^^^^^^^^^^^^^^^^^^^^

src/Database/Esqueleto/PostgreSQL.hs:77:67: warning: [GHC-61689] [-Wdodgy-imports]
    Module ‘Database.Esqueleto.Internal.Internal’ does not export ‘random_’.
   |
77 |        (From(..), ilike, distinctOn, distinctOnOrderBy, from, on, random_)
   |                                                                   ^^^^^^^

src/Database/Esqueleto/PostgreSQL.hs:80:1: warning: [GHC-66111] [-Wunused-imports]
    The import of ‘Database.Persist’ is redundant
      except perhaps to import instances from ‘Database.Persist’
    To import instances alone, use: import Database.Persist()
   |
80 | import Database.Persist (ConstraintNameDB(..), EntityNameDB(..))
   | ^^^^^^^^^^^^^^^^^^^^^^^^^^^^^^^^^^^^^^^^^^^^^^^^^^^^^^^^^^^^^^^^

src/Database/Esqueleto/PostgreSQL.hs:81:1: warning: [GHC-66111] [-Wunused-imports]
    The import of ‘Database.Persist.Class’ is redundant
      except perhaps to import instances from ‘Database.Persist.Class’
    To import instances alone, use: import Database.Persist.Class()
   |
81 | import Database.Persist.Class (OnlyOneUniqueKey)
   | ^^^^^^^^^^^^^^^^^^^^^^^^^^^^^^^^^^^^^^^^^^^^^^^^

src/Database/Esqueleto/PostgreSQL.hs:454:37: warning: [GHC-58520] [-Wtype-equality-requires-operators]
    The use of ‘~’ without TypeOperators
    will become an error in a future GHC release.
    Suggested fix: Perhaps you intended to use TypeOperators
    |
454 |      . (FinalResult a, KnowResult a ~ Unique val, MonadIO m, PersistEntity val, SqlBackendCanWrite backend)
    |                                     ^

src/Database/Esqueleto/PostgreSQL.hs:474:37: warning: [GHC-58520] [-Wtype-equality-requires-operators]
    The use of ‘~’ without TypeOperators
    will become an error in a future GHC release.
    Suggested fix: Perhaps you intended to use TypeOperators
    |
474 |      . (FinalResult a, KnowResult a ~ Unique val, MonadIO m, PersistEntity val,
    |                                     ^

src/Database/Esqueleto/PostgreSQL.hs:669:12: warning: [GHC-68441] [-Wdeprecations]
    In the use of data constructor ‘ForShare’
    (imported from Database.Esqueleto.Internal.Internal):
    Deprecated: "The constructors for 'LockingKind' are deprecated in v3.6.0.0. Instead, please refer to the smart constructor 'forShare' exported from Database.Esqueleto.PostgreSQL."
    |
669 | forShare = ForShare
    |            ^^^^^^^^

[16 of 20] Compiling Database.Esqueleto.PostgreSQL.JSON.Instances
[17 of 20] Compiling Database.Esqueleto.PostgreSQL.JSON
[18 of 20] Compiling Database.Esqueleto.Record
src/Database/Esqueleto/Record.hs:35:1: warning: [GHC-66111] [-Wunused-imports]
    The import of ‘Data.Foldable’ is redundant
      except perhaps to import instances from ‘Data.Foldable’
    To import instances alone, use: import Data.Foldable()
   |
35 | import Data.Foldable (foldl')
   | ^^^^^^^^^^^^^^^^^^^^^^^^^^^^^

src/Database/Esqueleto/Record.hs:264:14: warning: [GHC-63394] [-Wx-partial]
    In the use of ‘head’
    (imported from Prelude, but defined in GHC.Internal.List):
    "This is a partial function, it throws an error on empty lists. Use pattern matching, 'Data.List.uncons' or 'Data.Maybe.listToMaybe' instead. Consider refactoring to use "Data.List.NonEmpty"."
    |
264 |         case head constructors of
    |              ^^^^

src/Database/Esqueleto/Record.hs:614:39: warning: [GHC-63394] [-Wx-partial]
    In the use of ‘head’
    (imported from Prelude, but defined in GHC.Internal.List):
    "This is a partial function, it throws an error on empty lists. Use pattern matching, 'Data.List.uncons' or 'Data.Maybe.listToMaybe' instead. Consider refactoring to use "Data.List.NonEmpty"."
    |
614 |         (GadtC names _fields _ret) -> head names
    |                                       ^^^^

src/Database/Esqueleto/Record.hs:615:42: warning: [GHC-63394] [-Wx-partial]
    In the use of ‘head’
    (imported from Prelude, but defined in GHC.Internal.List):
    "This is a partial function, it throws an error on empty lists. Use pattern matching, 'Data.List.uncons' or 'Data.Maybe.listToMaybe' instead. Consider refactoring to use "Data.List.NonEmpty"."
    |
615 |         (RecGadtC names _fields _ret) -> head names
    |                                          ^^^^

[19 of 20] Compiling Database.Esqueleto.SQLite
src/Database/Esqueleto/SQLite.hs:10:53: warning: [GHC-61689] [-Wdodgy-imports]
    Module ‘Database.Esqueleto.Internal.Internal’ does not export ‘random_’.
   |
10 | import Database.Esqueleto.Internal.Internal hiding (random_)
   |                                                     ^^^^^^^

[20 of 20] Compiling Paths_esqueleto
Configuring test suite 'specs' for esqueleto-3.6.0.0...
Preprocessing test suite 'specs' for esqueleto-3.6.0.0...
Building test suite 'specs' for esqueleto-3.6.0.0...
[ 1 of 11] Compiling Common.Test.Models
test/Common/Test/Models.hs:27:1: warning: [GHC-66111] [-Wunused-imports]
    The import of ‘Database.Persist.Sql’ is redundant
      except perhaps to import instances from ‘Database.Persist.Sql’
    To import instances alone, use: import Database.Persist.Sql()
   |
27 | import Database.Persist.Sql
   | ^^^^^^^^^^^^^^^^^^^^^^^^^^^

test/Common/Test/Models.hs:30:1: warning: [GHC-58520] [-Wtype-equality-requires-operators]
    The use of ‘~’ without TypeOperators
    will become an error in a future GHC release.
    Suggested fix: Perhaps you intended to use TypeOperators
   |
30 | share [mkPersist sqlSettings, mkMigrate "migrateAll"] [persistUpperCase|
   | ^^^^^^^^^^^^^^^^^^^^^^^^^^^^^^^^^^^^^^^^^^^^^^^^^^^^^^^^^^^^^^^^^^^^^^^^...

test/Common/Test/Models.hs:30:1: warning: [GHC-58520] [-Wtype-equality-requires-operators]
    The use of ‘~’ without TypeOperators
    will become an error in a future GHC release.
    Suggested fix: Perhaps you intended to use TypeOperators
   |
30 | share [mkPersist sqlSettings, mkMigrate "migrateAll"] [persistUpperCase|
   | ^^^^^^^^^^^^^^^^^^^^^^^^^^^^^^^^^^^^^^^^^^^^^^^^^^^^^^^^^^^^^^^^^^^^^^^^...

test/Common/Test/Models.hs:30:1: warning: [GHC-58520] [-Wtype-equality-requires-operators]
    The use of ‘~’ without TypeOperators
    will become an error in a future GHC release.
    Suggested fix: Perhaps you intended to use TypeOperators
   |
30 | share [mkPersist sqlSettings, mkMigrate "migrateAll"] [persistUpperCase|
   | ^^^^^^^^^^^^^^^^^^^^^^^^^^^^^^^^^^^^^^^^^^^^^^^^^^^^^^^^^^^^^^^^^^^^^^^^...

test/Common/Test/Models.hs:30:1: warning: [GHC-58520] [-Wtype-equality-requires-operators]
    The use of ‘~’ without TypeOperators
    will become an error in a future GHC release.
    Suggested fix: Perhaps you intended to use TypeOperators
   |
30 | share [mkPersist sqlSettings, mkMigrate "migrateAll"] [persistUpperCase|
   | ^^^^^^^^^^^^^^^^^^^^^^^^^^^^^^^^^^^^^^^^^^^^^^^^^^^^^^^^^^^^^^^^^^^^^^^^...

test/Common/Test/Models.hs:30:1: warning: [GHC-58520] [-Wtype-equality-requires-operators]
    The use of ‘~’ without TypeOperators
    will become an error in a future GHC release.
    Suggested fix: Perhaps you intended to use TypeOperators
   |
30 | share [mkPersist sqlSettings, mkMigrate "migrateAll"] [persistUpperCase|
   | ^^^^^^^^^^^^^^^^^^^^^^^^^^^^^^^^^^^^^^^^^^^^^^^^^^^^^^^^^^^^^^^^^^^^^^^^...

test/Common/Test/Models.hs:30:1: warning: [GHC-58520] [-Wtype-equality-requires-operators]
    The use of ‘~’ without TypeOperators
    will become an error in a future GHC release.
    Suggested fix: Perhaps you intended to use TypeOperators
   |
30 | share [mkPersist sqlSettings, mkMigrate "migrateAll"] [persistUpperCase|
   | ^^^^^^^^^^^^^^^^^^^^^^^^^^^^^^^^^^^^^^^^^^^^^^^^^^^^^^^^^^^^^^^^^^^^^^^^...

test/Common/Test/Models.hs:30:1: warning: [GHC-58520] [-Wtype-equality-requires-operators]
    The use of ‘~’ without TypeOperators
    will become an error in a future GHC release.
    Suggested fix: Perhaps you intended to use TypeOperators
   |
30 | share [mkPersist sqlSettings, mkMigrate "migrateAll"] [persistUpperCase|
   | ^^^^^^^^^^^^^^^^^^^^^^^^^^^^^^^^^^^^^^^^^^^^^^^^^^^^^^^^^^^^^^^^^^^^^^^^...

test/Common/Test/Models.hs:30:1: warning: [GHC-58520] [-Wtype-equality-requires-operators]
    The use of ‘~’ without TypeOperators
    will become an error in a future GHC release.
    Suggested fix: Perhaps you intended to use TypeOperators
   |
30 | share [mkPersist sqlSettings, mkMigrate "migrateAll"] [persistUpperCase|
   | ^^^^^^^^^^^^^^^^^^^^^^^^^^^^^^^^^^^^^^^^^^^^^^^^^^^^^^^^^^^^^^^^^^^^^^^^...

test/Common/Test/Models.hs:30:1: warning: [GHC-58520] [-Wtype-equality-requires-operators]
    The use of ‘~’ without TypeOperators
    will become an error in a future GHC release.
    Suggested fix: Perhaps you intended to use TypeOperators
   |
30 | share [mkPersist sqlSettings, mkMigrate "migrateAll"] [persistUpperCase|
   | ^^^^^^^^^^^^^^^^^^^^^^^^^^^^^^^^^^^^^^^^^^^^^^^^^^^^^^^^^^^^^^^^^^^^^^^^...

test/Common/Test/Models.hs:30:1: warning: [GHC-58520] [-Wtype-equality-requires-operators]
    The use of ‘~’ without TypeOperators
    will become an error in a future GHC release.
    Suggested fix: Perhaps you intended to use TypeOperators
   |
30 | share [mkPersist sqlSettings, mkMigrate "migrateAll"] [persistUpperCase|
   | ^^^^^^^^^^^^^^^^^^^^^^^^^^^^^^^^^^^^^^^^^^^^^^^^^^^^^^^^^^^^^^^^^^^^^^^^...

test/Common/Test/Models.hs:30:1: warning: [GHC-58520] [-Wtype-equality-requires-operators]
    The use of ‘~’ without TypeOperators
    will become an error in a future GHC release.
    Suggested fix: Perhaps you intended to use TypeOperators
   |
30 | share [mkPersist sqlSettings, mkMigrate "migrateAll"] [persistUpperCase|
   | ^^^^^^^^^^^^^^^^^^^^^^^^^^^^^^^^^^^^^^^^^^^^^^^^^^^^^^^^^^^^^^^^^^^^^^^^...

test/Common/Test/Models.hs:30:1: warning: [GHC-58520] [-Wtype-equality-requires-operators]
    The use of ‘~’ without TypeOperators
    will become an error in a future GHC release.
    Suggested fix: Perhaps you intended to use TypeOperators
   |
30 | share [mkPersist sqlSettings, mkMigrate "migrateAll"] [persistUpperCase|
   | ^^^^^^^^^^^^^^^^^^^^^^^^^^^^^^^^^^^^^^^^^^^^^^^^^^^^^^^^^^^^^^^^^^^^^^^^...

test/Common/Test/Models.hs:30:1: warning: [GHC-58520] [-Wtype-equality-requires-operators]
    The use of ‘~’ without TypeOperators
    will become an error in a future GHC release.
    Suggested fix: Perhaps you intended to use TypeOperators
   |
30 | share [mkPersist sqlSettings, mkMigrate "migrateAll"] [persistUpperCase|
   | ^^^^^^^^^^^^^^^^^^^^^^^^^^^^^^^^^^^^^^^^^^^^^^^^^^^^^^^^^^^^^^^^^^^^^^^^...

test/Common/Test/Models.hs:30:1: warning: [GHC-58520] [-Wtype-equality-requires-operators]
    The use of ‘~’ without TypeOperators
    will become an error in a future GHC release.
    Suggested fix: Perhaps you intended to use TypeOperators
   |
30 | share [mkPersist sqlSettings, mkMigrate "migrateAll"] [persistUpperCase|
   | ^^^^^^^^^^^^^^^^^^^^^^^^^^^^^^^^^^^^^^^^^^^^^^^^^^^^^^^^^^^^^^^^^^^^^^^^...

test/Common/Test/Models.hs:30:1: warning: [GHC-58520] [-Wtype-equality-requires-operators]
    The use of ‘~’ without TypeOperators
    will become an error in a future GHC release.
    Suggested fix: Perhaps you intended to use TypeOperators
   |
30 | share [mkPersist sqlSettings, mkMigrate "migrateAll"] [persistUpperCase|
   | ^^^^^^^^^^^^^^^^^^^^^^^^^^^^^^^^^^^^^^^^^^^^^^^^^^^^^^^^^^^^^^^^^^^^^^^^...

test/Common/Test/Models.hs:30:1: warning: [GHC-58520] [-Wtype-equality-requires-operators]
    The use of ‘~’ without TypeOperators
    will become an error in a future GHC release.
    Suggested fix: Perhaps you intended to use TypeOperators
   |
30 | share [mkPersist sqlSettings, mkMigrate "migrateAll"] [persistUpperCase|
   | ^^^^^^^^^^^^^^^^^^^^^^^^^^^^^^^^^^^^^^^^^^^^^^^^^^^^^^^^^^^^^^^^^^^^^^^^...

test/Common/Test/Models.hs:30:1: warning: [GHC-58520] [-Wtype-equality-requires-operators]
    The use of ‘~’ without TypeOperators
    will become an error in a future GHC release.
    Suggested fix: Perhaps you intended to use TypeOperators
   |
30 | share [mkPersist sqlSettings, mkMigrate "migrateAll"] [persistUpperCase|
   | ^^^^^^^^^^^^^^^^^^^^^^^^^^^^^^^^^^^^^^^^^^^^^^^^^^^^^^^^^^^^^^^^^^^^^^^^...

test/Common/Test/Models.hs:30:1: warning: [GHC-58520] [-Wtype-equality-requires-operators]
    The use of ‘~’ without TypeOperators
    will become an error in a future GHC release.
    Suggested fix: Perhaps you intended to use TypeOperators
   |
30 | share [mkPersist sqlSettings, mkMigrate "migrateAll"] [persistUpperCase|
   | ^^^^^^^^^^^^^^^^^^^^^^^^^^^^^^^^^^^^^^^^^^^^^^^^^^^^^^^^^^^^^^^^^^^^^^^^...

test/Common/Test/Models.hs:30:1: warning: [GHC-58520] [-Wtype-equality-requires-operators]
    The use of ‘~’ without TypeOperators
    will become an error in a future GHC release.
    Suggested fix: Perhaps you intended to use TypeOperators
   |
30 | share [mkPersist sqlSettings, mkMigrate "migrateAll"] [persistUpperCase|
   | ^^^^^^^^^^^^^^^^^^^^^^^^^^^^^^^^^^^^^^^^^^^^^^^^^^^^^^^^^^^^^^^^^^^^^^^^...

test/Common/Test/Models.hs:30:1: warning: [GHC-58520] [-Wtype-equality-requires-operators]
    The use of ‘~’ without TypeOperators
    will become an error in a future GHC release.
    Suggested fix: Perhaps you intended to use TypeOperators
   |
30 | share [mkPersist sqlSettings, mkMigrate "migrateAll"] [persistUpperCase|
   | ^^^^^^^^^^^^^^^^^^^^^^^^^^^^^^^^^^^^^^^^^^^^^^^^^^^^^^^^^^^^^^^^^^^^^^^^...

test/Common/Test/Models.hs:30:1: warning: [GHC-58520] [-Wtype-equality-requires-operators]
    The use of ‘~’ without TypeOperators
    will become an error in a future GHC release.
    Suggested fix: Perhaps you intended to use TypeOperators
   |
30 | share [mkPersist sqlSettings, mkMigrate "migrateAll"] [persistUpperCase|
   | ^^^^^^^^^^^^^^^^^^^^^^^^^^^^^^^^^^^^^^^^^^^^^^^^^^^^^^^^^^^^^^^^^^^^^^^^...

test/Common/Test/Models.hs:30:1: warning: [GHC-58520] [-Wtype-equality-requires-operators]
    The use of ‘~’ without TypeOperators
    will become an error in a future GHC release.
    Suggested fix: Perhaps you intended to use TypeOperators
   |
30 | share [mkPersist sqlSettings, mkMigrate "migrateAll"] [persistUpperCase|
   | ^^^^^^^^^^^^^^^^^^^^^^^^^^^^^^^^^^^^^^^^^^^^^^^^^^^^^^^^^^^^^^^^^^^^^^^^...

test/Common/Test/Models.hs:30:1: warning: [GHC-58520] [-Wtype-equality-requires-operators]
    The use of ‘~’ without TypeOperators
    will become an error in a future GHC release.
    Suggested fix: Perhaps you intended to use TypeOperators
   |
30 | share [mkPersist sqlSettings, mkMigrate "migrateAll"] [persistUpperCase|
   | ^^^^^^^^^^^^^^^^^^^^^^^^^^^^^^^^^^^^^^^^^^^^^^^^^^^^^^^^^^^^^^^^^^^^^^^^...

test/Common/Test/Models.hs:30:1: warning: [GHC-58520] [-Wtype-equality-requires-operators]
    The use of ‘~’ without TypeOperators
    will become an error in a future GHC release.
    Suggested fix: Perhaps you intended to use TypeOperators
   |
30 | share [mkPersist sqlSettings, mkMigrate "migrateAll"] [persistUpperCase|
   | ^^^^^^^^^^^^^^^^^^^^^^^^^^^^^^^^^^^^^^^^^^^^^^^^^^^^^^^^^^^^^^^^^^^^^^^^...

test/Common/Test/Models.hs:30:1: warning: [GHC-58520] [-Wtype-equality-requires-operators]
    The use of ‘~’ without TypeOperators
    will become an error in a future GHC release.
    Suggested fix: Perhaps you intended to use TypeOperators
   |
30 | share [mkPersist sqlSettings, mkMigrate "migrateAll"] [persistUpperCase|
   | ^^^^^^^^^^^^^^^^^^^^^^^^^^^^^^^^^^^^^^^^^^^^^^^^^^^^^^^^^^^^^^^^^^^^^^^^...

test/Common/Test/Models.hs:30:1: warning: [GHC-58520] [-Wtype-equality-requires-operators]
    The use of ‘~’ without TypeOperators
    will become an error in a future GHC release.
    Suggested fix: Perhaps you intended to use TypeOperators
   |
30 | share [mkPersist sqlSettings, mkMigrate "migrateAll"] [persistUpperCase|
   | ^^^^^^^^^^^^^^^^^^^^^^^^^^^^^^^^^^^^^^^^^^^^^^^^^^^^^^^^^^^^^^^^^^^^^^^^...

test/Common/Test/Models.hs:30:1: warning: [GHC-58520] [-Wtype-equality-requires-operators]
    The use of ‘~’ without TypeOperators
    will become an error in a future GHC release.
    Suggested fix: Perhaps you intended to use TypeOperators
   |
30 | share [mkPersist sqlSettings, mkMigrate "migrateAll"] [persistUpperCase|
   | ^^^^^^^^^^^^^^^^^^^^^^^^^^^^^^^^^^^^^^^^^^^^^^^^^^^^^^^^^^^^^^^^^^^^^^^^...

test/Common/Test/Models.hs:30:1: warning: [GHC-58520] [-Wtype-equality-requires-operators]
    The use of ‘~’ without TypeOperators
    will become an error in a future GHC release.
    Suggested fix: Perhaps you intended to use TypeOperators
   |
30 | share [mkPersist sqlSettings, mkMigrate "migrateAll"] [persistUpperCase|
   | ^^^^^^^^^^^^^^^^^^^^^^^^^^^^^^^^^^^^^^^^^^^^^^^^^^^^^^^^^^^^^^^^^^^^^^^^...

test/Common/Test/Models.hs:30:1: warning: [GHC-58520] [-Wtype-equality-requires-operators]
    The use of ‘~’ without TypeOperators
    will become an error in a future GHC release.
    Suggested fix: Perhaps you intended to use TypeOperators
   |
30 | share [mkPersist sqlSettings, mkMigrate "migrateAll"] [persistUpperCase|
   | ^^^^^^^^^^^^^^^^^^^^^^^^^^^^^^^^^^^^^^^^^^^^^^^^^^^^^^^^^^^^^^^^^^^^^^^^...

test/Common/Test/Models.hs:30:1: warning: [GHC-58520] [-Wtype-equality-requires-operators]
    The use of ‘~’ without TypeOperators
    will become an error in a future GHC release.
    Suggested fix: Perhaps you intended to use TypeOperators
   |
30 | share [mkPersist sqlSettings, mkMigrate "migrateAll"] [persistUpperCase|
   | ^^^^^^^^^^^^^^^^^^^^^^^^^^^^^^^^^^^^^^^^^^^^^^^^^^^^^^^^^^^^^^^^^^^^^^^^...

test/Common/Test/Models.hs:30:1: warning: [GHC-58520] [-Wtype-equality-requires-operators]
    The use of ‘~’ without TypeOperators
    will become an error in a future GHC release.
    Suggested fix: Perhaps you intended to use TypeOperators
   |
30 | share [mkPersist sqlSettings, mkMigrate "migrateAll"] [persistUpperCase|
   | ^^^^^^^^^^^^^^^^^^^^^^^^^^^^^^^^^^^^^^^^^^^^^^^^^^^^^^^^^^^^^^^^^^^^^^^^...

test/Common/Test/Models.hs:30:1: warning: [GHC-58520] [-Wtype-equality-requires-operators]
    The use of ‘~’ without TypeOperators
    will become an error in a future GHC release.
    Suggested fix: Perhaps you intended to use TypeOperators
   |
30 | share [mkPersist sqlSettings, mkMigrate "migrateAll"] [persistUpperCase|
   | ^^^^^^^^^^^^^^^^^^^^^^^^^^^^^^^^^^^^^^^^^^^^^^^^^^^^^^^^^^^^^^^^^^^^^^^^...

test/Common/Test/Models.hs:30:1: warning: [GHC-58520] [-Wtype-equality-requires-operators]
    The use of ‘~’ without TypeOperators
    will become an error in a future GHC release.
    Suggested fix: Perhaps you intended to use TypeOperators
   |
30 | share [mkPersist sqlSettings, mkMigrate "migrateAll"] [persistUpperCase|
   | ^^^^^^^^^^^^^^^^^^^^^^^^^^^^^^^^^^^^^^^^^^^^^^^^^^^^^^^^^^^^^^^^^^^^^^^^...

test/Common/Test/Models.hs:30:1: warning: [GHC-58520] [-Wtype-equality-requires-operators]
    The use of ‘~’ without TypeOperators
    will become an error in a future GHC release.
    Suggested fix: Perhaps you intended to use TypeOperators
   |
30 | share [mkPersist sqlSettings, mkMigrate "migrateAll"] [persistUpperCase|
   | ^^^^^^^^^^^^^^^^^^^^^^^^^^^^^^^^^^^^^^^^^^^^^^^^^^^^^^^^^^^^^^^^^^^^^^^^...

test/Common/Test/Models.hs:30:1: warning: [GHC-58520] [-Wtype-equality-requires-operators]
    The use of ‘~’ without TypeOperators
    will become an error in a future GHC release.
    Suggested fix: Perhaps you intended to use TypeOperators
   |
30 | share [mkPersist sqlSettings, mkMigrate "migrateAll"] [persistUpperCase|
   | ^^^^^^^^^^^^^^^^^^^^^^^^^^^^^^^^^^^^^^^^^^^^^^^^^^^^^^^^^^^^^^^^^^^^^^^^...

test/Common/Test/Models.hs:30:1: warning: [GHC-58520] [-Wtype-equality-requires-operators]
    The use of ‘~’ without TypeOperators
    will become an error in a future GHC release.
    Suggested fix: Perhaps you intended to use TypeOperators
   |
30 | share [mkPersist sqlSettings, mkMigrate "migrateAll"] [persistUpperCase|
   | ^^^^^^^^^^^^^^^^^^^^^^^^^^^^^^^^^^^^^^^^^^^^^^^^^^^^^^^^^^^^^^^^^^^^^^^^...

test/Common/Test/Models.hs:30:1: warning: [GHC-58520] [-Wtype-equality-requires-operators]
    The use of ‘~’ without TypeOperators
    will become an error in a future GHC release.
    Suggested fix: Perhaps you intended to use TypeOperators
   |
30 | share [mkPersist sqlSettings, mkMigrate "migrateAll"] [persistUpperCase|
   | ^^^^^^^^^^^^^^^^^^^^^^^^^^^^^^^^^^^^^^^^^^^^^^^^^^^^^^^^^^^^^^^^^^^^^^^^...

test/Common/Test/Models.hs:30:1: warning: [GHC-58520] [-Wtype-equality-requires-operators]
    The use of ‘~’ without TypeOperators
    will become an error in a future GHC release.
    Suggested fix: Perhaps you intended to use TypeOperators
   |
30 | share [mkPersist sqlSettings, mkMigrate "migrateAll"] [persistUpperCase|
   | ^^^^^^^^^^^^^^^^^^^^^^^^^^^^^^^^^^^^^^^^^^^^^^^^^^^^^^^^^^^^^^^^^^^^^^^^...

test/Common/Test/Models.hs:30:1: warning: [GHC-58520] [-Wtype-equality-requires-operators]
    The use of ‘~’ without TypeOperators
    will become an error in a future GHC release.
    Suggested fix: Perhaps you intended to use TypeOperators
   |
30 | share [mkPersist sqlSettings, mkMigrate "migrateAll"] [persistUpperCase|
   | ^^^^^^^^^^^^^^^^^^^^^^^^^^^^^^^^^^^^^^^^^^^^^^^^^^^^^^^^^^^^^^^^^^^^^^^^...

test/Common/Test/Models.hs:30:1: warning: [GHC-58520] [-Wtype-equality-requires-operators]
    The use of ‘~’ without TypeOperators
    will become an error in a future GHC release.
    Suggested fix: Perhaps you intended to use TypeOperators
   |
30 | share [mkPersist sqlSettings, mkMigrate "migrateAll"] [persistUpperCase|
   | ^^^^^^^^^^^^^^^^^^^^^^^^^^^^^^^^^^^^^^^^^^^^^^^^^^^^^^^^^^^^^^^^^^^^^^^^...

test/Common/Test/Models.hs:30:1: warning: [GHC-58520] [-Wtype-equality-requires-operators]
    The use of ‘~’ without TypeOperators
    will become an error in a future GHC release.
    Suggested fix: Perhaps you intended to use TypeOperators
   |
30 | share [mkPersist sqlSettings, mkMigrate "migrateAll"] [persistUpperCase|
   | ^^^^^^^^^^^^^^^^^^^^^^^^^^^^^^^^^^^^^^^^^^^^^^^^^^^^^^^^^^^^^^^^^^^^^^^^...

test/Common/Test/Models.hs:30:1: warning: [GHC-58520] [-Wtype-equality-requires-operators]
    The use of ‘~’ without TypeOperators
    will become an error in a future GHC release.
    Suggested fix: Perhaps you intended to use TypeOperators
   |
30 | share [mkPersist sqlSettings, mkMigrate "migrateAll"] [persistUpperCase|
   | ^^^^^^^^^^^^^^^^^^^^^^^^^^^^^^^^^^^^^^^^^^^^^^^^^^^^^^^^^^^^^^^^^^^^^^^^...

test/Common/Test/Models.hs:30:1: warning: [GHC-58520] [-Wtype-equality-requires-operators]
    The use of ‘~’ without TypeOperators
    will become an error in a future GHC release.
    Suggested fix: Perhaps you intended to use TypeOperators
   |
30 | share [mkPersist sqlSettings, mkMigrate "migrateAll"] [persistUpperCase|
   | ^^^^^^^^^^^^^^^^^^^^^^^^^^^^^^^^^^^^^^^^^^^^^^^^^^^^^^^^^^^^^^^^^^^^^^^^...

test/Common/Test/Models.hs:30:1: warning: [GHC-58520] [-Wtype-equality-requires-operators]
    The use of ‘~’ without TypeOperators
    will become an error in a future GHC release.
    Suggested fix: Perhaps you intended to use TypeOperators
   |
30 | share [mkPersist sqlSettings, mkMigrate "migrateAll"] [persistUpperCase|
   | ^^^^^^^^^^^^^^^^^^^^^^^^^^^^^^^^^^^^^^^^^^^^^^^^^^^^^^^^^^^^^^^^^^^^^^^^...

test/Common/Test/Models.hs:30:1: warning: [GHC-58520] [-Wtype-equality-requires-operators]
    The use of ‘~’ without TypeOperators
    will become an error in a future GHC release.
    Suggested fix: Perhaps you intended to use TypeOperators
   |
30 | share [mkPersist sqlSettings, mkMigrate "migrateAll"] [persistUpperCase|
   | ^^^^^^^^^^^^^^^^^^^^^^^^^^^^^^^^^^^^^^^^^^^^^^^^^^^^^^^^^^^^^^^^^^^^^^^^...

test/Common/Test/Models.hs:30:1: warning: [GHC-58520] [-Wtype-equality-requires-operators]
    The use of ‘~’ without TypeOperators
    will become an error in a future GHC release.
    Suggested fix: Perhaps you intended to use TypeOperators
   |
30 | share [mkPersist sqlSettings, mkMigrate "migrateAll"] [persistUpperCase|
   | ^^^^^^^^^^^^^^^^^^^^^^^^^^^^^^^^^^^^^^^^^^^^^^^^^^^^^^^^^^^^^^^^^^^^^^^^...

test/Common/Test/Models.hs:30:1: warning: [GHC-58520] [-Wtype-equality-requires-operators]
    The use of ‘~’ without TypeOperators
    will become an error in a future GHC release.
    Suggested fix: Perhaps you intended to use TypeOperators
   |
30 | share [mkPersist sqlSettings, mkMigrate "migrateAll"] [persistUpperCase|
   | ^^^^^^^^^^^^^^^^^^^^^^^^^^^^^^^^^^^^^^^^^^^^^^^^^^^^^^^^^^^^^^^^^^^^^^^^...

test/Common/Test/Models.hs:30:1: warning: [GHC-58520] [-Wtype-equality-requires-operators]
    The use of ‘~’ without TypeOperators
    will become an error in a future GHC release.
    Suggested fix: Perhaps you intended to use TypeOperators
   |
30 | share [mkPersist sqlSettings, mkMigrate "migrateAll"] [persistUpperCase|
   | ^^^^^^^^^^^^^^^^^^^^^^^^^^^^^^^^^^^^^^^^^^^^^^^^^^^^^^^^^^^^^^^^^^^^^^^^...

test/Common/Test/Models.hs:30:1: warning: [GHC-58520] [-Wtype-equality-requires-operators]
    The use of ‘~’ without TypeOperators
    will become an error in a future GHC release.
    Suggested fix: Perhaps you intended to use TypeOperators
   |
30 | share [mkPersist sqlSettings, mkMigrate "migrateAll"] [persistUpperCase|
   | ^^^^^^^^^^^^^^^^^^^^^^^^^^^^^^^^^^^^^^^^^^^^^^^^^^^^^^^^^^^^^^^^^^^^^^^^...

test/Common/Test/Models.hs:30:1: warning: [GHC-58520] [-Wtype-equality-requires-operators]
    The use of ‘~’ without TypeOperators
    will become an error in a future GHC release.
    Suggested fix: Perhaps you intended to use TypeOperators
   |
30 | share [mkPersist sqlSettings, mkMigrate "migrateAll"] [persistUpperCase|
   | ^^^^^^^^^^^^^^^^^^^^^^^^^^^^^^^^^^^^^^^^^^^^^^^^^^^^^^^^^^^^^^^^^^^^^^^^...

test/Common/Test/Models.hs:30:1: warning: [GHC-58520] [-Wtype-equality-requires-operators]
    The use of ‘~’ without TypeOperators
    will become an error in a future GHC release.
    Suggested fix: Perhaps you intended to use TypeOperators
   |
30 | share [mkPersist sqlSettings, mkMigrate "migrateAll"] [persistUpperCase|
   | ^^^^^^^^^^^^^^^^^^^^^^^^^^^^^^^^^^^^^^^^^^^^^^^^^^^^^^^^^^^^^^^^^^^^^^^^...

test/Common/Test/Models.hs:30:1: warning: [GHC-58520] [-Wtype-equality-requires-operators]
    The use of ‘~’ without TypeOperators
    will become an error in a future GHC release.
    Suggested fix: Perhaps you intended to use TypeOperators
   |
30 | share [mkPersist sqlSettings, mkMigrate "migrateAll"] [persistUpperCase|
   | ^^^^^^^^^^^^^^^^^^^^^^^^^^^^^^^^^^^^^^^^^^^^^^^^^^^^^^^^^^^^^^^^^^^^^^^^...

test/Common/Test/Models.hs:30:1: warning: [GHC-58520] [-Wtype-equality-requires-operators]
    The use of ‘~’ without TypeOperators
    will become an error in a future GHC release.
    Suggested fix: Perhaps you intended to use TypeOperators
   |
30 | share [mkPersist sqlSettings, mkMigrate "migrateAll"] [persistUpperCase|
   | ^^^^^^^^^^^^^^^^^^^^^^^^^^^^^^^^^^^^^^^^^^^^^^^^^^^^^^^^^^^^^^^^^^^^^^^^...

test/Common/Test/Models.hs:30:1: warning: [GHC-58520] [-Wtype-equality-requires-operators]
    The use of ‘~’ without TypeOperators
    will become an error in a future GHC release.
    Suggested fix: Perhaps you intended to use TypeOperators
   |
30 | share [mkPersist sqlSettings, mkMigrate "migrateAll"] [persistUpperCase|
   | ^^^^^^^^^^^^^^^^^^^^^^^^^^^^^^^^^^^^^^^^^^^^^^^^^^^^^^^^^^^^^^^^^^^^^^^^...

test/Common/Test/Models.hs:30:1: warning: [GHC-58520] [-Wtype-equality-requires-operators]
    The use of ‘~’ without TypeOperators
    will become an error in a future GHC release.
    Suggested fix: Perhaps you intended to use TypeOperators
   |
30 | share [mkPersist sqlSettings, mkMigrate "migrateAll"] [persistUpperCase|
   | ^^^^^^^^^^^^^^^^^^^^^^^^^^^^^^^^^^^^^^^^^^^^^^^^^^^^^^^^^^^^^^^^^^^^^^^^...

test/Common/Test/Models.hs:30:1: warning: [GHC-58520] [-Wtype-equality-requires-operators]
    The use of ‘~’ without TypeOperators
    will become an error in a future GHC release.
    Suggested fix: Perhaps you intended to use TypeOperators
   |
30 | share [mkPersist sqlSettings, mkMigrate "migrateAll"] [persistUpperCase|
   | ^^^^^^^^^^^^^^^^^^^^^^^^^^^^^^^^^^^^^^^^^^^^^^^^^^^^^^^^^^^^^^^^^^^^^^^^...

test/Common/Test/Models.hs:30:1: warning: [GHC-58520] [-Wtype-equality-requires-operators]
    The use of ‘~’ without TypeOperators
    will become an error in a future GHC release.
    Suggested fix: Perhaps you intended to use TypeOperators
   |
30 | share [mkPersist sqlSettings, mkMigrate "migrateAll"] [persistUpperCase|
   | ^^^^^^^^^^^^^^^^^^^^^^^^^^^^^^^^^^^^^^^^^^^^^^^^^^^^^^^^^^^^^^^^^^^^^^^^...

test/Common/Test/Models.hs:30:1: warning: [GHC-58520] [-Wtype-equality-requires-operators]
    The use of ‘~’ without TypeOperators
    will become an error in a future GHC release.
    Suggested fix: Perhaps you intended to use TypeOperators
   |
30 | share [mkPersist sqlSettings, mkMigrate "migrateAll"] [persistUpperCase|
   | ^^^^^^^^^^^^^^^^^^^^^^^^^^^^^^^^^^^^^^^^^^^^^^^^^^^^^^^^^^^^^^^^^^^^^^^^...

test/Common/Test/Models.hs:30:1: warning: [GHC-58520] [-Wtype-equality-requires-operators]
    The use of ‘~’ without TypeOperators
    will become an error in a future GHC release.
    Suggested fix: Perhaps you intended to use TypeOperators
   |
30 | share [mkPersist sqlSettings, mkMigrate "migrateAll"] [persistUpperCase|
   | ^^^^^^^^^^^^^^^^^^^^^^^^^^^^^^^^^^^^^^^^^^^^^^^^^^^^^^^^^^^^^^^^^^^^^^^^...

test/Common/Test/Models.hs:30:1: warning: [GHC-58520] [-Wtype-equality-requires-operators]
    The use of ‘~’ without TypeOperators
    will become an error in a future GHC release.
    Suggested fix: Perhaps you intended to use TypeOperators
   |
30 | share [mkPersist sqlSettings, mkMigrate "migrateAll"] [persistUpperCase|
   | ^^^^^^^^^^^^^^^^^^^^^^^^^^^^^^^^^^^^^^^^^^^^^^^^^^^^^^^^^^^^^^^^^^^^^^^^...

test/Common/Test/Models.hs:30:1: warning: [GHC-58520] [-Wtype-equality-requires-operators]
    The use of ‘~’ without TypeOperators
    will become an error in a future GHC release.
    Suggested fix: Perhaps you intended to use TypeOperators
   |
30 | share [mkPersist sqlSettings, mkMigrate "migrateAll"] [persistUpperCase|
   | ^^^^^^^^^^^^^^^^^^^^^^^^^^^^^^^^^^^^^^^^^^^^^^^^^^^^^^^^^^^^^^^^^^^^^^^^...

test/Common/Test/Models.hs:30:1: warning: [GHC-58520] [-Wtype-equality-requires-operators]
    The use of ‘~’ without TypeOperators
    will become an error in a future GHC release.
    Suggested fix: Perhaps you intended to use TypeOperators
   |
30 | share [mkPersist sqlSettings, mkMigrate "migrateAll"] [persistUpperCase|
   | ^^^^^^^^^^^^^^^^^^^^^^^^^^^^^^^^^^^^^^^^^^^^^^^^^^^^^^^^^^^^^^^^^^^^^^^^...

test/Common/Test/Models.hs:30:1: warning: [GHC-58520] [-Wtype-equality-requires-operators]
    The use of ‘~’ without TypeOperators
    will become an error in a future GHC release.
    Suggested fix: Perhaps you intended to use TypeOperators
   |
30 | share [mkPersist sqlSettings, mkMigrate "migrateAll"] [persistUpperCase|
   | ^^^^^^^^^^^^^^^^^^^^^^^^^^^^^^^^^^^^^^^^^^^^^^^^^^^^^^^^^^^^^^^^^^^^^^^^...

test/Common/Test/Models.hs:30:1: warning: [GHC-58520] [-Wtype-equality-requires-operators]
    The use of ‘~’ without TypeOperators
    will become an error in a future GHC release.
    Suggested fix: Perhaps you intended to use TypeOperators
   |
30 | share [mkPersist sqlSettings, mkMigrate "migrateAll"] [persistUpperCase|
   | ^^^^^^^^^^^^^^^^^^^^^^^^^^^^^^^^^^^^^^^^^^^^^^^^^^^^^^^^^^^^^^^^^^^^^^^^...

test/Common/Test/Models.hs:30:1: warning: [GHC-58520] [-Wtype-equality-requires-operators]
    The use of ‘~’ without TypeOperators
    will become an error in a future GHC release.
    Suggested fix: Perhaps you intended to use TypeOperators
   |
30 | share [mkPersist sqlSettings, mkMigrate "migrateAll"] [persistUpperCase|
   | ^^^^^^^^^^^^^^^^^^^^^^^^^^^^^^^^^^^^^^^^^^^^^^^^^^^^^^^^^^^^^^^^^^^^^^^^...

test/Common/Test/Models.hs:30:1: warning: [GHC-58520] [-Wtype-equality-requires-operators]
    The use of ‘~’ without TypeOperators
    will become an error in a future GHC release.
    Suggested fix: Perhaps you intended to use TypeOperators
   |
30 | share [mkPersist sqlSettings, mkMigrate "migrateAll"] [persistUpperCase|
   | ^^^^^^^^^^^^^^^^^^^^^^^^^^^^^^^^^^^^^^^^^^^^^^^^^^^^^^^^^^^^^^^^^^^^^^^^...

test/Common/Test/Models.hs:30:1: warning: [GHC-58520] [-Wtype-equality-requires-operators]
    The use of ‘~’ without TypeOperators
    will become an error in a future GHC release.
    Suggested fix: Perhaps you intended to use TypeOperators
   |
30 | share [mkPersist sqlSettings, mkMigrate "migrateAll"] [persistUpperCase|
   | ^^^^^^^^^^^^^^^^^^^^^^^^^^^^^^^^^^^^^^^^^^^^^^^^^^^^^^^^^^^^^^^^^^^^^^^^...

test/Common/Test/Models.hs:30:1: warning: [GHC-58520] [-Wtype-equality-requires-operators]
    The use of ‘~’ without TypeOperators
    will become an error in a future GHC release.
    Suggested fix: Perhaps you intended to use TypeOperators
   |
30 | share [mkPersist sqlSettings, mkMigrate "migrateAll"] [persistUpperCase|
   | ^^^^^^^^^^^^^^^^^^^^^^^^^^^^^^^^^^^^^^^^^^^^^^^^^^^^^^^^^^^^^^^^^^^^^^^^...

test/Common/Test/Models.hs:30:1: warning: [GHC-58520] [-Wtype-equality-requires-operators]
    The use of ‘~’ without TypeOperators
    will become an error in a future GHC release.
    Suggested fix: Perhaps you intended to use TypeOperators
   |
30 | share [mkPersist sqlSettings, mkMigrate "migrateAll"] [persistUpperCase|
   | ^^^^^^^^^^^^^^^^^^^^^^^^^^^^^^^^^^^^^^^^^^^^^^^^^^^^^^^^^^^^^^^^^^^^^^^^...

test/Common/Test/Models.hs:30:1: warning: [GHC-58520] [-Wtype-equality-requires-operators]
    The use of ‘~’ without TypeOperators
    will become an error in a future GHC release.
    Suggested fix: Perhaps you intended to use TypeOperators
   |
30 | share [mkPersist sqlSettings, mkMigrate "migrateAll"] [persistUpperCase|
   | ^^^^^^^^^^^^^^^^^^^^^^^^^^^^^^^^^^^^^^^^^^^^^^^^^^^^^^^^^^^^^^^^^^^^^^^^...

test/Common/Test/Models.hs:30:1: warning: [GHC-58520] [-Wtype-equality-requires-operators]
    The use of ‘~’ without TypeOperators
    will become an error in a future GHC release.
    Suggested fix: Perhaps you intended to use TypeOperators
   |
30 | share [mkPersist sqlSettings, mkMigrate "migrateAll"] [persistUpperCase|
   | ^^^^^^^^^^^^^^^^^^^^^^^^^^^^^^^^^^^^^^^^^^^^^^^^^^^^^^^^^^^^^^^^^^^^^^^^...

test/Common/Test/Models.hs:30:1: warning: [GHC-58520] [-Wtype-equality-requires-operators]
    The use of ‘~’ without TypeOperators
    will become an error in a future GHC release.
    Suggested fix: Perhaps you intended to use TypeOperators
   |
30 | share [mkPersist sqlSettings, mkMigrate "migrateAll"] [persistUpperCase|
   | ^^^^^^^^^^^^^^^^^^^^^^^^^^^^^^^^^^^^^^^^^^^^^^^^^^^^^^^^^^^^^^^^^^^^^^^^...

test/Common/Test/Models.hs:30:1: warning: [GHC-58520] [-Wtype-equality-requires-operators]
    The use of ‘~’ without TypeOperators
    will become an error in a future GHC release.
    Suggested fix: Perhaps you intended to use TypeOperators
   |
30 | share [mkPersist sqlSettings, mkMigrate "migrateAll"] [persistUpperCase|
   | ^^^^^^^^^^^^^^^^^^^^^^^^^^^^^^^^^^^^^^^^^^^^^^^^^^^^^^^^^^^^^^^^^^^^^^^^...

test/Common/Test/Models.hs:30:1: warning: [GHC-58520] [-Wtype-equality-requires-operators]
    The use of ‘~’ without TypeOperators
    will become an error in a future GHC release.
    Suggested fix: Perhaps you intended to use TypeOperators
   |
30 | share [mkPersist sqlSettings, mkMigrate "migrateAll"] [persistUpperCase|
   | ^^^^^^^^^^^^^^^^^^^^^^^^^^^^^^^^^^^^^^^^^^^^^^^^^^^^^^^^^^^^^^^^^^^^^^^^...

test/Common/Test/Models.hs:30:1: warning: [GHC-58520] [-Wtype-equality-requires-operators]
    The use of ‘~’ without TypeOperators
    will become an error in a future GHC release.
    Suggested fix: Perhaps you intended to use TypeOperators
   |
30 | share [mkPersist sqlSettings, mkMigrate "migrateAll"] [persistUpperCase|
   | ^^^^^^^^^^^^^^^^^^^^^^^^^^^^^^^^^^^^^^^^^^^^^^^^^^^^^^^^^^^^^^^^^^^^^^^^...

test/Common/Test/Models.hs:30:1: warning: [GHC-58520] [-Wtype-equality-requires-operators]
    The use of ‘~’ without TypeOperators
    will become an error in a future GHC release.
    Suggested fix: Perhaps you intended to use TypeOperators
   |
30 | share [mkPersist sqlSettings, mkMigrate "migrateAll"] [persistUpperCase|
   | ^^^^^^^^^^^^^^^^^^^^^^^^^^^^^^^^^^^^^^^^^^^^^^^^^^^^^^^^^^^^^^^^^^^^^^^^...

test/Common/Test/Models.hs:30:1: warning: [GHC-58520] [-Wtype-equality-requires-operators]
    The use of ‘~’ without TypeOperators
    will become an error in a future GHC release.
    Suggested fix: Perhaps you intended to use TypeOperators
   |
30 | share [mkPersist sqlSettings, mkMigrate "migrateAll"] [persistUpperCase|
   | ^^^^^^^^^^^^^^^^^^^^^^^^^^^^^^^^^^^^^^^^^^^^^^^^^^^^^^^^^^^^^^^^^^^^^^^^...

test/Common/Test/Models.hs:30:1: warning: [GHC-58520] [-Wtype-equality-requires-operators]
    The use of ‘~’ without TypeOperators
    will become an error in a future GHC release.
    Suggested fix: Perhaps you intended to use TypeOperators
   |
30 | share [mkPersist sqlSettings, mkMigrate "migrateAll"] [persistUpperCase|
   | ^^^^^^^^^^^^^^^^^^^^^^^^^^^^^^^^^^^^^^^^^^^^^^^^^^^^^^^^^^^^^^^^^^^^^^^^...

test/Common/Test/Models.hs:30:1: warning: [GHC-58520] [-Wtype-equality-requires-operators]
    The use of ‘~’ without TypeOperators
    will become an error in a future GHC release.
    Suggested fix: Perhaps you intended to use TypeOperators
   |
30 | share [mkPersist sqlSettings, mkMigrate "migrateAll"] [persistUpperCase|
   | ^^^^^^^^^^^^^^^^^^^^^^^^^^^^^^^^^^^^^^^^^^^^^^^^^^^^^^^^^^^^^^^^^^^^^^^^...

test/Common/Test/Models.hs:30:1: warning: [GHC-58520] [-Wtype-equality-requires-operators]
    The use of ‘~’ without TypeOperators
    will become an error in a future GHC release.
    Suggested fix: Perhaps you intended to use TypeOperators
   |
30 | share [mkPersist sqlSettings, mkMigrate "migrateAll"] [persistUpperCase|
   | ^^^^^^^^^^^^^^^^^^^^^^^^^^^^^^^^^^^^^^^^^^^^^^^^^^^^^^^^^^^^^^^^^^^^^^^^...

test/Common/Test/Models.hs:30:1: warning: [GHC-58520] [-Wtype-equality-requires-operators]
    The use of ‘~’ without TypeOperators
    will become an error in a future GHC release.
    Suggested fix: Perhaps you intended to use TypeOperators
   |
30 | share [mkPersist sqlSettings, mkMigrate "migrateAll"] [persistUpperCase|
   | ^^^^^^^^^^^^^^^^^^^^^^^^^^^^^^^^^^^^^^^^^^^^^^^^^^^^^^^^^^^^^^^^^^^^^^^^...

test/Common/Test/Models.hs:30:1: warning: [GHC-58520] [-Wtype-equality-requires-operators]
    The use of ‘~’ without TypeOperators
    will become an error in a future GHC release.
    Suggested fix: Perhaps you intended to use TypeOperators
   |
30 | share [mkPersist sqlSettings, mkMigrate "migrateAll"] [persistUpperCase|
   | ^^^^^^^^^^^^^^^^^^^^^^^^^^^^^^^^^^^^^^^^^^^^^^^^^^^^^^^^^^^^^^^^^^^^^^^^...

test/Common/Test/Models.hs:30:1: warning: [GHC-58520] [-Wtype-equality-requires-operators]
    The use of ‘~’ without TypeOperators
    will become an error in a future GHC release.
    Suggested fix: Perhaps you intended to use TypeOperators
   |
30 | share [mkPersist sqlSettings, mkMigrate "migrateAll"] [persistUpperCase|
   | ^^^^^^^^^^^^^^^^^^^^^^^^^^^^^^^^^^^^^^^^^^^^^^^^^^^^^^^^^^^^^^^^^^^^^^^^...

test/Common/Test/Models.hs:30:1: warning: [GHC-58520] [-Wtype-equality-requires-operators]
    The use of ‘~’ without TypeOperators
    will become an error in a future GHC release.
    Suggested fix: Perhaps you intended to use TypeOperators
   |
30 | share [mkPersist sqlSettings, mkMigrate "migrateAll"] [persistUpperCase|
   | ^^^^^^^^^^^^^^^^^^^^^^^^^^^^^^^^^^^^^^^^^^^^^^^^^^^^^^^^^^^^^^^^^^^^^^^^...

test/Common/Test/Models.hs:30:1: warning: [GHC-58520] [-Wtype-equality-requires-operators]
    The use of ‘~’ without TypeOperators
    will become an error in a future GHC release.
    Suggested fix: Perhaps you intended to use TypeOperators
   |
30 | share [mkPersist sqlSettings, mkMigrate "migrateAll"] [persistUpperCase|
   | ^^^^^^^^^^^^^^^^^^^^^^^^^^^^^^^^^^^^^^^^^^^^^^^^^^^^^^^^^^^^^^^^^^^^^^^^...

test/Common/Test/Models.hs:30:1: warning: [GHC-58520] [-Wtype-equality-requires-operators]
    The use of ‘~’ without TypeOperators
    will become an error in a future GHC release.
    Suggested fix: Perhaps you intended to use TypeOperators
   |
30 | share [mkPersist sqlSettings, mkMigrate "migrateAll"] [persistUpperCase|
   | ^^^^^^^^^^^^^^^^^^^^^^^^^^^^^^^^^^^^^^^^^^^^^^^^^^^^^^^^^^^^^^^^^^^^^^^^...

test/Common/Test/Models.hs:30:1: warning: [GHC-58520] [-Wtype-equality-requires-operators]
    The use of ‘~’ without TypeOperators
    will become an error in a future GHC release.
    Suggested fix: Perhaps you intended to use TypeOperators
   |
30 | share [mkPersist sqlSettings, mkMigrate "migrateAll"] [persistUpperCase|
   | ^^^^^^^^^^^^^^^^^^^^^^^^^^^^^^^^^^^^^^^^^^^^^^^^^^^^^^^^^^^^^^^^^^^^^^^^...

test/Common/Test/Models.hs:30:1: warning: [GHC-58520] [-Wtype-equality-requires-operators]
    The use of ‘~’ without TypeOperators
    will become an error in a future GHC release.
    Suggested fix: Perhaps you intended to use TypeOperators
   |
30 | share [mkPersist sqlSettings, mkMigrate "migrateAll"] [persistUpperCase|
   | ^^^^^^^^^^^^^^^^^^^^^^^^^^^^^^^^^^^^^^^^^^^^^^^^^^^^^^^^^^^^^^^^^^^^^^^^...

test/Common/Test/Models.hs:30:1: warning: [GHC-58520] [-Wtype-equality-requires-operators]
    The use of ‘~’ without TypeOperators
    will become an error in a future GHC release.
    Suggested fix: Perhaps you intended to use TypeOperators
   |
30 | share [mkPersist sqlSettings, mkMigrate "migrateAll"] [persistUpperCase|
   | ^^^^^^^^^^^^^^^^^^^^^^^^^^^^^^^^^^^^^^^^^^^^^^^^^^^^^^^^^^^^^^^^^^^^^^^^...

test/Common/Test/Models.hs:30:1: warning: [GHC-58520] [-Wtype-equality-requires-operators]
    The use of ‘~’ without TypeOperators
    will become an error in a future GHC release.
    Suggested fix: Perhaps you intended to use TypeOperators
   |
30 | share [mkPersist sqlSettings, mkMigrate "migrateAll"] [persistUpperCase|
   | ^^^^^^^^^^^^^^^^^^^^^^^^^^^^^^^^^^^^^^^^^^^^^^^^^^^^^^^^^^^^^^^^^^^^^^^^...

test/Common/Test/Models.hs:30:1: warning: [GHC-58520] [-Wtype-equality-requires-operators]
    The use of ‘~’ without TypeOperators
    will become an error in a future GHC release.
    Suggested fix: Perhaps you intended to use TypeOperators
   |
30 | share [mkPersist sqlSettings, mkMigrate "migrateAll"] [persistUpperCase|
   | ^^^^^^^^^^^^^^^^^^^^^^^^^^^^^^^^^^^^^^^^^^^^^^^^^^^^^^^^^^^^^^^^^^^^^^^^...

test/Common/Test/Models.hs:30:1: warning: [GHC-58520] [-Wtype-equality-requires-operators]
    The use of ‘~’ without TypeOperators
    will become an error in a future GHC release.
    Suggested fix: Perhaps you intended to use TypeOperators
   |
30 | share [mkPersist sqlSettings, mkMigrate "migrateAll"] [persistUpperCase|
   | ^^^^^^^^^^^^^^^^^^^^^^^^^^^^^^^^^^^^^^^^^^^^^^^^^^^^^^^^^^^^^^^^^^^^^^^^...

test/Common/Test/Models.hs:30:1: warning: [GHC-58520] [-Wtype-equality-requires-operators]
    The use of ‘~’ without TypeOperators
    will become an error in a future GHC release.
    Suggested fix: Perhaps you intended to use TypeOperators
   |
30 | share [mkPersist sqlSettings, mkMigrate "migrateAll"] [persistUpperCase|
   | ^^^^^^^^^^^^^^^^^^^^^^^^^^^^^^^^^^^^^^^^^^^^^^^^^^^^^^^^^^^^^^^^^^^^^^^^...

test/Common/Test/Models.hs:30:1: warning: [GHC-58520] [-Wtype-equality-requires-operators]
    The use of ‘~’ without TypeOperators
    will become an error in a future GHC release.
    Suggested fix: Perhaps you intended to use TypeOperators
   |
30 | share [mkPersist sqlSettings, mkMigrate "migrateAll"] [persistUpperCase|
   | ^^^^^^^^^^^^^^^^^^^^^^^^^^^^^^^^^^^^^^^^^^^^^^^^^^^^^^^^^^^^^^^^^^^^^^^^...

test/Common/Test/Models.hs:30:1: warning: [GHC-58520] [-Wtype-equality-requires-operators]
    The use of ‘~’ without TypeOperators
    will become an error in a future GHC release.
    Suggested fix: Perhaps you intended to use TypeOperators
   |
30 | share [mkPersist sqlSettings, mkMigrate "migrateAll"] [persistUpperCase|
   | ^^^^^^^^^^^^^^^^^^^^^^^^^^^^^^^^^^^^^^^^^^^^^^^^^^^^^^^^^^^^^^^^^^^^^^^^...

test/Common/Test/Models.hs:30:1: warning: [GHC-58520] [-Wtype-equality-requires-operators]
    The use of ‘~’ without TypeOperators
    will become an error in a future GHC release.
    Suggested fix: Perhaps you intended to use TypeOperators
   |
30 | share [mkPersist sqlSettings, mkMigrate "migrateAll"] [persistUpperCase|
   | ^^^^^^^^^^^^^^^^^^^^^^^^^^^^^^^^^^^^^^^^^^^^^^^^^^^^^^^^^^^^^^^^^^^^^^^^...

test/Common/Test/Models.hs:30:1: warning: [GHC-58520] [-Wtype-equality-requires-operators]
    The use of ‘~’ without TypeOperators
    will become an error in a future GHC release.
    Suggested fix: Perhaps you intended to use TypeOperators
   |
30 | share [mkPersist sqlSettings, mkMigrate "migrateAll"] [persistUpperCase|
   | ^^^^^^^^^^^^^^^^^^^^^^^^^^^^^^^^^^^^^^^^^^^^^^^^^^^^^^^^^^^^^^^^^^^^^^^^...

test/Common/Test/Models.hs:30:1: warning: [GHC-58520] [-Wtype-equality-requires-operators]
    The use of ‘~’ without TypeOperators
    will become an error in a future GHC release.
    Suggested fix: Perhaps you intended to use TypeOperators
   |
30 | share [mkPersist sqlSettings, mkMigrate "migrateAll"] [persistUpperCase|
   | ^^^^^^^^^^^^^^^^^^^^^^^^^^^^^^^^^^^^^^^^^^^^^^^^^^^^^^^^^^^^^^^^^^^^^^^^...

test/Common/Test/Models.hs:30:1: warning: [GHC-58520] [-Wtype-equality-requires-operators]
    The use of ‘~’ without TypeOperators
    will become an error in a future GHC release.
    Suggested fix: Perhaps you intended to use TypeOperators
   |
30 | share [mkPersist sqlSettings, mkMigrate "migrateAll"] [persistUpperCase|
   | ^^^^^^^^^^^^^^^^^^^^^^^^^^^^^^^^^^^^^^^^^^^^^^^^^^^^^^^^^^^^^^^^^^^^^^^^...

test/Common/Test/Models.hs:30:1: warning: [GHC-58520] [-Wtype-equality-requires-operators]
    The use of ‘~’ without TypeOperators
    will become an error in a future GHC release.
    Suggested fix: Perhaps you intended to use TypeOperators
   |
30 | share [mkPersist sqlSettings, mkMigrate "migrateAll"] [persistUpperCase|
   | ^^^^^^^^^^^^^^^^^^^^^^^^^^^^^^^^^^^^^^^^^^^^^^^^^^^^^^^^^^^^^^^^^^^^^^^^...

test/Common/Test/Models.hs:30:1: warning: [GHC-58520] [-Wtype-equality-requires-operators]
    The use of ‘~’ without TypeOperators
    will become an error in a future GHC release.
    Suggested fix: Perhaps you intended to use TypeOperators
   |
30 | share [mkPersist sqlSettings, mkMigrate "migrateAll"] [persistUpperCase|
   | ^^^^^^^^^^^^^^^^^^^^^^^^^^^^^^^^^^^^^^^^^^^^^^^^^^^^^^^^^^^^^^^^^^^^^^^^...

test/Common/Test/Models.hs:30:1: warning: [GHC-58520] [-Wtype-equality-requires-operators]
    The use of ‘~’ without TypeOperators
    will become an error in a future GHC release.
    Suggested fix: Perhaps you intended to use TypeOperators
   |
30 | share [mkPersist sqlSettings, mkMigrate "migrateAll"] [persistUpperCase|
   | ^^^^^^^^^^^^^^^^^^^^^^^^^^^^^^^^^^^^^^^^^^^^^^^^^^^^^^^^^^^^^^^^^^^^^^^^...

test/Common/Test/Models.hs:198:1: warning: [GHC-58520] [-Wtype-equality-requires-operators]
    The use of ‘~’ without TypeOperators
    will become an error in a future GHC release.
    Suggested fix: Perhaps you intended to use TypeOperators
    |
198 | share [mkPersist sqlSettings, mkMigrate "migrateUnique"] [persistUpperCase|
    | ^^^^^^^^^^^^^^^^^^^^^^^^^^^^^^^^^^^^^^^^^^^^^^^^^^^^^^^^^^^^^^^^^^^^^^^^^^^...

test/Common/Test/Models.hs:198:1: warning: [GHC-58520] [-Wtype-equality-requires-operators]
    The use of ‘~’ without TypeOperators
    will become an error in a future GHC release.
    Suggested fix: Perhaps you intended to use TypeOperators
    |
198 | share [mkPersist sqlSettings, mkMigrate "migrateUnique"] [persistUpperCase|
    | ^^^^^^^^^^^^^^^^^^^^^^^^^^^^^^^^^^^^^^^^^^^^^^^^^^^^^^^^^^^^^^^^^^^^^^^^^^^...

test/Common/Test/Models.hs:198:1: warning: [GHC-58520] [-Wtype-equality-requires-operators]
    The use of ‘~’ without TypeOperators
    will become an error in a future GHC release.
    Suggested fix: Perhaps you intended to use TypeOperators
    |
198 | share [mkPersist sqlSettings, mkMigrate "migrateUnique"] [persistUpperCase|
    | ^^^^^^^^^^^^^^^^^^^^^^^^^^^^^^^^^^^^^^^^^^^^^^^^^^^^^^^^^^^^^^^^^^^^^^^^^^^...

[ 2 of 11] Compiling Common.Test.Import
test/Common/Test/Import.hs:31:53: warning: [GHC-61689] [-Wdodgy-imports]
    Module ‘Database.Esqueleto.Experimental’ does not export ‘random_’.
   |
31 | import Database.Esqueleto.Experimental as X hiding (random_)
   |                                                     ^^^^^^^

[ 3 of 11] Compiling Common.Record
test/Common/Record.hs:150:1: warning: [GHC-40910] [-Wunused-top-binds]
    Defined but not used: ‘mySubselectRecordQuery’
    |
150 | mySubselectRecordQuery = do
    | ^^^^^^^^^^^^^^^^^^^^^^

test/Common/Record.hs:397:69: warning: [GHC-40910] [-Wunused-matches]
    Defined but not used: ‘addr2’
    |
397 |                                         , myAddress = (Just (Entity addr2 Address {addressAddress = "30-50 Feral Hogs Rd"}))
    |                                                                     ^^^^^

test/Common/Record.hs:417:69: warning: [GHC-40910] [-Wunused-matches]
    Defined but not used: ‘addr2’
    |
417 |                                         , myAddress = (Just (Entity addr2 Address {addressAddress = "30-50 Feral Hogs Rd"}))
    |                                                                     ^^^^^

test/Common/Record.hs:438:97: warning: [GHC-40910] [-Wunused-matches]
    Defined but not used: ‘addr2’
    |
438 |                                                                     , myAddress = (Just (Entity addr2 Address {addressAddress = "30-50 Feral Hogs Rd"}))
    |                                                                                                 ^^^^^

test/Common/Record.hs:451:28: warning: [GHC-40910] [-Wunused-matches]
    Defined but not used: ‘user’
    |
451 |                 `on` (do \(user :& record1 :& record2) -> getField @"myUser" (getField @"myRecord" record1) ?. #id !=. getField @"myUser" (getField @"myRecord" record2) ?. #id)
    |                            ^^^^

test/Common/Record.hs:457:97: warning: [GHC-40910] [-Wunused-matches]
    Defined but not used: ‘addr2’
    |
457 |                                                                     , myAddress = (Just (Entity addr2 Address {addressAddress = "30-50 Feral Hogs Rd"}))
    |                                                                                                 ^^^^^

[ 4 of 11] Compiling Common.Test.CTE
test/Common/Test/CTE.hs:7:1: warning: [GHC-66111] [-Wunused-imports]
    The import of ‘Database.Persist.TH’ is redundant
      except perhaps to import instances from ‘Database.Persist.TH’
    To import instances alone, use: import Database.Persist.TH()
  |
7 | import Database.Persist.TH
  | ^^^^^^^^^^^^^^^^^^^^^^^^^^

[ 5 of 11] Compiling Common.Test.Select
[ 6 of 11] Compiling Common.Test
test/Common/Test.hs:90:1: warning: [GHC-66111] [-Wunused-imports]
    The import of ‘Database.Persist.Class.PersistEntity’ is redundant
      except perhaps to import instances from ‘Database.Persist.Class.PersistEntity’
    To import instances alone, use: import Database.Persist.Class.PersistEntity()
   |
90 | import Database.Persist.Class.PersistEntity
   | ^^^^^^^^^^^^^^^^^^^^^^^^^^^^^^^^^^^^^^^^^^^

test/Common/Test.hs:486:17: warning: [GHC-62161] [-Wincomplete-uni-patterns]
    Pattern match(es) are non-exhaustive
    In a pattern binding:
        Patterns of type ‘Either Text (Key Frontcover)’ not matched: Left _
    |
486 |                 Right thePk = keyFromValues [toPersistValue number]
    |                 ^^^^^^^^^^^^^^^^^^^^^^^^^^^^^^^^^^^^^^^^^^^^^^^^^^^

test/Common/Test.hs:496:17: warning: [GHC-62161] [-Wincomplete-uni-patterns]
    Pattern match(es) are non-exhaustive
    In a pattern binding:
        Patterns of type ‘Either Text (Key Tag)’ not matched: Left _
    |
496 |                 Right thePk = keyFromValues [toPersistValue name]
    |                 ^^^^^^^^^^^^^^^^^^^^^^^^^^^^^^^^^^^^^^^^^^^^^^^^^

test/Common/Test.hs:534:34: warning: [GHC-88464] [-Wpartial-type-signatures]
    • Found type wildcard ‘_’ standing for ‘[Entity Person]’
    • In the second argument of ‘SqlPersistT’, namely ‘_’
      In the type signature: _x :: SqlPersistT IO _
      In the second argument of ‘($)’, namely
        ‘let
           _x :: SqlPersistT IO _
           _x
             = select
                 $ from $ \ (a `LeftOuterJoin` (b `LeftOuterJoin` c)) -> ...
         in asserting noExceptions’
    • Relevant bindings include
        testSelectJoin :: SpecDb (bound at test/Common/Test.hs:510:1)
    |
534 |             _x :: SqlPersistT IO _
    |                                  ^

test/Common/Test.hs:543:34: warning: [GHC-88464] [-Wpartial-type-signatures]
    • Found type wildcard ‘_’ standing for ‘[Entity Person]’
    • In the second argument of ‘SqlPersistT’, namely ‘_’
      In the type signature: _x :: SqlPersistT IO _
      In the second argument of ‘($)’, namely
        ‘let
           _x :: SqlPersistT IO _
           _x
             = select
                 $ from $ \ ((a `LeftOuterJoin` b) `LeftOuterJoin` c) -> ...
         in asserting noExceptions’
    • Relevant bindings include
        testSelectJoin :: SpecDb (bound at test/Common/Test.hs:510:1)
    |
543 |         let _x :: SqlPersistT IO _
    |                                  ^

test/Common/Test.hs:573:13: warning: [GHC-62161] [-Wincomplete-uni-patterns]
    Pattern match(es) are non-exhaustive
    In a pattern binding:
        Patterns of type ‘Either Text (Key Frontcover)’ not matched: Left _
    |
573 |             Right thePk = keyFromValues [toPersistValue number]
    |             ^^^^^^^^^^^^^^^^^^^^^^^^^^^^^^^^^^^^^^^^^^^^^^^^^^^

test/Common/Test.hs:611:13: warning: [GHC-62161] [-Wincomplete-uni-patterns]
    Pattern match(es) are non-exhaustive
    In a pattern binding:
        Patterns of type ‘Either Text (Key Frontcover)’ not matched: Left _
    |
611 |             Right thePk = keyFromValues [toPersistValue number]
    |             ^^^^^^^^^^^^^^^^^^^^^^^^^^^^^^^^^^^^^^^^^^^^^^^^^^^

test/Common/Test.hs:629:13: warning: [GHC-62161] [-Wincomplete-uni-patterns]
    Pattern match(es) are non-exhaustive
    In a pattern binding:
        Patterns of type ‘Either Text (Key Frontcover)’ not matched: Left _
    |
629 |             Right thePk = keyFromValues [toPersistValue number]
    |             ^^^^^^^^^^^^^^^^^^^^^^^^^^^^^^^^^^^^^^^^^^^^^^^^^^^

test/Common/Test.hs:1094:13: warning: [GHC-62161] [-Wincomplete-uni-patterns]
    Pattern match(es) are non-exhaustive
    In a pattern binding:
        Patterns of type ‘Either Text (Key Point)’ not matched: Left _
     |
1094 |             Right thePk = keyFromValues [toPersistValue x, toPersistValue y]
     |             ^^^^^^^^^^^^^^^^^^^^^^^^^^^^^^^^^^^^^^^^^^^^^^^^^^^^^^^^^^^^^^^^

test/Common/Test.hs:1550:13: warning: [GHC-62161] [-Wincomplete-uni-patterns]
    Pattern match(es) are non-exhaustive
    In a pattern binding:
        Patterns of type ‘[Value Double]’ not matched:
            []
            [(Value _)]
            ((Value _):(Value _):_:_)
     |
1550 |         let [Value a, Value b] = ret
     |             ^^^^^^^^^^^^^^^^^^^^^^^^

test/Common/Test.hs:1681:13: warning: [GHC-40910] [-Wunused-matches]
    Defined but not used: ‘p’
     |
1681 |             p <- Experimental.from $ table @Person
     |             ^

test/Common/Test.hs:1740:13: warning: [GHC-62161] [-Wincomplete-uni-patterns]
    Pattern match(es) are non-exhaustive
    In a pattern binding:
        Patterns of type ‘Either String Char’ not matched: Left _
     |
1740 |         let Right c = P.mkEscapeChar conn
     |             ^^^^^^^^^^^^^^^^^^^^^^^^^^^^^

test/Common/Test.hs:2161:13: warning: [GHC-81995] [-Wunused-do-bind]
    A do-notation statement discarded a result of type
      ‘[(Value [Char], Value (Maybe [Char]))]’
    Suggested fix:
      Suppress this warning by saying
        ‘_ <- select
                $ from
                    $ \ (p `InnerJoin` r)
                        -> do on $ p ^. PersonId ==. r ^. ReplyGuy
                              ....’
     |
2161 |             select $
     |             ^^^^^^^^...

test/Common/Test.hs:2173:15: warning: [GHC-81995] [-Wunused-do-bind]
    A do-notation statement discarded a result of type ‘[Value Int]’
    Suggested fix:
      Suppress this warning by saying
        ‘_ <- selectRethrowingQuery
                $ from
                    $ \ (f `InnerJoin` b `LeftOuterJoin` baz `InnerJoin` shoop)
                        -> do on $ f ^. FooId ==. b ^. BarQuux
                              ....’
     |
2173 |               selectRethrowingQuery $
     |               ^^^^^^^^^^^^^^^^^^^^^^^...

test/Common/Test.hs:2182:15: warning: [GHC-81995] [-Wunused-do-bind]
    A do-notation statement discarded a result of type ‘[Value Int]’
    Suggested fix:
      Suppress this warning by saying
        ‘_ <- selectRethrowingQuery
                $ from
                    $ \ ((f `InnerJoin` b) `LeftOuterJoin` baz `InnerJoin` shoop)
                        -> do on $ f ^. FooId ==. b ^. BarQuux
                              ....’
     |
2182 |               selectRethrowingQuery $
     |               ^^^^^^^^^^^^^^^^^^^^^^^...

test/Common/Test.hs:2191:17: warning: [GHC-81995] [-Wunused-do-bind]
    A do-notation statement discarded a result of type
      ‘[(Entity Person, Entity BlogPost, Maybe (Entity Comment),
         Maybe (Entity CommentReply))]’
    Suggested fix:
      Suppress this warning by saying
        ‘_ <- selectRethrowingQuery
                $ from
                    $ \ (p `InnerJoin` (bp `LeftOuterJoin` c) `LeftOuterJoin` cr)
                        -> do on $ p ^. PersonId ==. bp ^. BlogPostAuthorId
                              ....’
     |
2191 |                 selectRethrowingQuery $
     |                 ^^^^^^^^^^^^^^^^^^^^^^^...

test/Common/Test.hs:2199:17: warning: [GHC-81995] [-Wunused-do-bind]
    A do-notation statement discarded a result of type ‘[Value Int]’
    Suggested fix:
      Suppress this warning by saying
        ‘_ <- selectRethrowingQuery
                $ from
                    $ \ (f `InnerJoin` b `LeftOuterJoin` (baz `InnerJoin` shoop) `InnerJoin` asdf)
                        -> do on $ f ^. FooId ==. b ^. BarQuux
                              ....’
     |
2199 |                 selectRethrowingQuery $
     |                 ^^^^^^^^^^^^^^^^^^^^^^^...

test/Common/Test.hs:2208:17: warning: [GHC-81995] [-Wunused-do-bind]
    A do-notation statement discarded a result of type ‘[Value Int]’
    Suggested fix:
      Suppress this warning by saying
        ‘_ <- selectRethrowingQuery
                $ from
                    $ \ (f `InnerJoin` b `LeftOuterJoin` (baz `InnerJoin` shoop) `InnerJoin` asdf `InnerJoin` another `InnerJoin` yetAnother)
                        -> do on $ f ^. FooId ==. b ^. BarQuux
                              ....’
     |
2208 |                 selectRethrowingQuery $
     |                 ^^^^^^^^^^^^^^^^^^^^^^^...

test/Common/Test.hs:2221:17: warning: [GHC-81995] [-Wunused-do-bind]
    A do-notation statement discarded a result of type
      ‘[(Entity Person, Entity BlogPost, Maybe (Entity Comment),
         Maybe (Entity CommentReply))]’
    Suggested fix:
      Suppress this warning by saying
        ‘_ <- selectRethrowingQuery
                $ from
                    $ \ (p `InnerJoin` bp `LeftOuterJoin` (c `LeftOuterJoin` cr))
                        -> do on $ p ^. PersonId ==. bp ^. BlogPostAuthorId
                              ....’
     |
2221 |                 selectRethrowingQuery $
     |                 ^^^^^^^^^^^^^^^^^^^^^^^...

test/Common/Test.hs:2230:17: warning: [GHC-81995] [-Wunused-do-bind]
    A do-notation statement discarded a result of type ‘[Value Int]’
    Suggested fix:
      Suppress this warning by saying
        ‘_ <- selectRethrowingQuery
                $ from
                    $ \ (f `InnerJoin` b `LeftOuterJoin` (baz `InnerJoin` shoop))
                        -> do on $ f ^. FooId ==. b ^. BarQuux
                              ....’
     |
2230 |                 selectRethrowingQuery $
     |                 ^^^^^^^^^^^^^^^^^^^^^^^...

test/Common/Test.hs:2333:23: warning: [GHC-40910] [-Wunused-matches]
    Defined but not used: ‘persons’
     |
2333 |               result@(persons :& profiles :& posts) <-
     |                       ^^^^^^^

test/Common/Test.hs:2333:34: warning: [GHC-40910] [-Wunused-matches]
    Defined but not used: ‘profiles’
     |
2333 |               result@(persons :& profiles :& posts) <-
     |                                  ^^^^^^^^

test/Common/Test.hs:2333:46: warning: [GHC-40910] [-Wunused-matches]
    Defined but not used: ‘posts’
     |
2333 |               result@(persons :& profiles :& posts) <-
     |                                              ^^^^^

test/Common/Test.hs:2385:34: warning: [GHC-58520] [-Wtype-equality-requires-operators]
    The use of ‘~’ without TypeOperators
    will become an error in a future GHC release.
    Suggested fix: Perhaps you intended to use TypeOperators
     |
2385 |            , BaseBackend backend ~ PersistEntityBackend val
     |                                  ^

test/Common/Test.hs:2401:18: warning: [GHC-88464] [-Wpartial-type-signatures]
    • Found extra-constraints wildcard standing for ‘MonadIO m’
      Where: ‘m’ is a rigid type variable bound by
               the inferred type of cleanDB :: MonadIO m => SqlPersistT m ()
               at test/Common/Test.hs:2401:15
    • In the type signature: cleanDB :: forall m. _ => SqlPersistT m ()
     |
2401 |     :: forall m. _
     |                  ^

test/Common/Test.hs:2502:13: warning: [GHC-40910] [-Wunused-matches]
    Defined but not used: ‘deed’
     |
2502 |             deed :& lord <-
     |             ^^^^

test/Common/Test.hs:2515:14: warning: [GHC-40910] [-Wunused-matches]
    Defined but not used: ‘pro’
     |
2515 |             (pro :& per) <- Experimental.from $
     |              ^^^

test/Common/Test.hs:2537:13: warning: [GHC-81995] [-Wunused-do-bind]
    A do-notation statement discarded a result of type
      ‘[(Entity Person, Maybe (Entity BlogPost), Maybe (Entity Profile),
         Maybe (Entity Reply))]’
    Suggested fix:
      Suppress this warning by saying
        ‘_ <- select
                $ do (person :& blogPost :& profile :& reply) <- Experimental.from
                                                                   $ table @Person
                                                                       `leftJoin`
                                                                         table @BlogPost
                                                                           `Experimental.on` do ...
                                                                       `leftJoin`
                                                                         table @Profile
                                                                           `Experimental.on` do ...
                                                                       `leftJoin`
                                                                         table @Reply
                                                                           `Experimental.on` do ...
                     pure (person, blogPost, profile, reply)’
     |
2537 |             select $ do
     |             ^^^^^^^^^^^...

[ 7 of 11] Compiling MySQL.Test
test/MySQL/Test.hs:11:1: warning: [GHC-66111] [-Wunused-imports]
    The import of ‘Control.Applicative’ is redundant
      except perhaps to import instances from ‘Control.Applicative’
    To import instances alone, use: import Control.Applicative()
   |
11 | import Control.Applicative
   | ^^^^^^^^^^^^^^^^^^^^^^^^^^

test/MySQL/Test.hs:13:1: warning: [GHC-66111] [-Wunused-imports]
    The import of ‘Control.Monad.IO.Class’ is redundant
      except perhaps to import instances from ‘Control.Monad.IO.Class’
    To import instances alone, use: import Control.Monad.IO.Class()
   |
13 | import Control.Monad.IO.Class (MonadIO(liftIO))
   | ^^^^^^^^^^^^^^^^^^^^^^^^^^^^^^^^^^^^^^^^^^^^^^^

test/MySQL/Test.hs:15:1: warning: [GHC-66111] [-Wunused-imports]
    The import of ‘Control.Monad.Trans.Reader’ is redundant
      except perhaps to import instances from ‘Control.Monad.Trans.Reader’
    To import instances alone, use: import Control.Monad.Trans.Reader()
   |
15 | import Control.Monad.Trans.Reader (ReaderT, mapReaderT)
   | ^^^^^^^^^^^^^^^^^^^^^^^^^^^^^^^^^^^^^^^^^^^^^^^^^^^^^^^

test/MySQL/Test.hs:17:1: warning: [GHC-15328] [-Wdeprecations]
    Module ‘Database.Esqueleto’:
      "This module will switch over to the Experimental syntax in an upcoming major version release. Please migrate to the Database.Esqueleto.Legacy module to continue using the old syntax, or translate to the new and improved syntax in Database.Esqueleto.Experimental."
   |
17 | import Database.Esqueleto
   | ^^^^^^^^^^^^^^^^^^^^^^^^^

test/MySQL/Test.hs:18:1: warning: [GHC-66111] [-Wunused-imports]
    The import of ‘Database.Esqueleto.Experimental’ is redundant
      except perhaps to import instances from ‘Database.Esqueleto.Experimental’
    To import instances alone, use: import Database.Esqueleto.Experimental()
   |
18 | import Database.Esqueleto.Experimental hiding (from, on)
   | ^^^^^^^^^^^^^^^^^^^^^^^^^^^^^^^^^^^^^^^^^^^^^^^^^^^^^^^^

test/MySQL/Test.hs:28:10: warning: [GHC-38856] [-Wunused-imports]
    The import of ‘withMySQLConn’
    from module ‘Database.Persist.MySQL’ is redundant
   |
28 |        , withMySQLConn
   |          ^^^^^^^^^^^^^

test/MySQL/Test.hs:31:1: warning: [GHC-66111] [-Wunused-imports]
    The import of ‘Test.Hspec’ is redundant
      except perhaps to import instances from ‘Test.Hspec’
    To import instances alone, use: import Test.Hspec()
   |
31 | import Test.Hspec
   | ^^^^^^^^^^^^^^^^^

test/MySQL/Test.hs:151:42: warning: [GHC-68441] [-Wdeprecations]
    In the use of data constructor ‘Table’
    (imported from Database.Esqueleto.Experimental, but defined in Database.Esqueleto.Experimental.From):
    Deprecated: "@since 3.5.0.0 - use 'table' instead"
    |
151 |               foo <- Experimental.from $ Table @Foo
    |                                          ^^^^^

test/MySQL/Test.hs:158:42: warning: [GHC-68441] [-Wdeprecations]
    In the use of data constructor ‘Table’
    (imported from Database.Esqueleto.Experimental, but defined in Database.Esqueleto.Experimental.From):
    Deprecated: "@since 3.5.0.0 - use 'table' instead"
    |
158 |               foo <- Experimental.from $ Table @Foo
    |                                          ^^^^^

[ 8 of 11] Compiling PostgreSQL.MigrateJSON
test/PostgreSQL/MigrateJSON.hs:27:1: warning: [GHC-58520] [-Wtype-equality-requires-operators]
    The use of ‘~’ without TypeOperators
    will become an error in a future GHC release.
    Suggested fix: Perhaps you intended to use TypeOperators
   |
27 | share [mkPersist sqlSettings, mkMigrate "migrateJSON"] [persistUpperCase|
   | ^^^^^^^^^^^^^^^^^^^^^^^^^^^^^^^^^^^^^^^^^^^^^^^^^^^^^^^^^^^^^^^^^^^^^^^^^...

test/PostgreSQL/MigrateJSON.hs:27:1: warning: [GHC-58520] [-Wtype-equality-requires-operators]
    The use of ‘~’ without TypeOperators
    will become an error in a future GHC release.
    Suggested fix: Perhaps you intended to use TypeOperators
   |
27 | share [mkPersist sqlSettings, mkMigrate "migrateJSON"] [persistUpperCase|
   | ^^^^^^^^^^^^^^^^^^^^^^^^^^^^^^^^^^^^^^^^^^^^^^^^^^^^^^^^^^^^^^^^^^^^^^^^^...

[ 9 of 11] Compiling PostgreSQL.Test
test/PostgreSQL/Test.hs:15:1: warning: [GHC-66111] [-Wunused-imports]
    The import of ‘Control.Concurrent’ is redundant
      except perhaps to import instances from ‘Control.Concurrent’
    To import instances alone, use: import Control.Concurrent()
   |
15 | import Control.Concurrent (forkIO)
   | ^^^^^^^^^^^^^^^^^^^^^^^^^^^^^^^^^^

test/PostgreSQL/Test.hs:16:29: warning: [GHC-38856] [-Wunused-imports]
    The import of ‘when’ from module ‘Control.Monad’ is redundant
   |
16 | import Control.Monad (void, when)
   |                             ^^^^

test/PostgreSQL/Test.hs:17:1: warning: [GHC-66111] [-Wunused-imports]
    The import of ‘Control.Monad.IO.Class’ is redundant
      except perhaps to import instances from ‘Control.Monad.IO.Class’
    To import instances alone, use: import Control.Monad.IO.Class()
   |
17 | import Control.Monad.IO.Class (MonadIO(liftIO))
   | ^^^^^^^^^^^^^^^^^^^^^^^^^^^^^^^^^^^^^^^^^^^^^^^

test/PostgreSQL/Test.hs:19:1: warning: [GHC-66111] [-Wunused-imports]
    The import of ‘Control.Monad.Trans.Reader’ is redundant
      except perhaps to import instances from ‘Control.Monad.Trans.Reader’
    To import instances alone, use: import Control.Monad.Trans.Reader()
   |
19 | import Control.Monad.Trans.Reader (ReaderT, ask, mapReaderT, runReaderT)
   | ^^^^^^^^^^^^^^^^^^^^^^^^^^^^^^^^^^^^^^^^^^^^^^^^^^^^^^^^^^^^^^^^^^^^^^^^

test/PostgreSQL/Test.hs:20:1: warning: [GHC-66111] [-Wunused-imports]
    The qualified import of ‘Control.Monad.Trans.Resource’ is redundant
      except perhaps to import instances from ‘Control.Monad.Trans.Resource’
    To import instances alone, use: import Control.Monad.Trans.Resource()
   |
20 | import qualified Control.Monad.Trans.Resource as R
   | ^^^^^^^^^^^^^^^^^^^^^^^^^^^^^^^^^^^^^^^^^^^^^^^^^^

test/PostgreSQL/Test.hs:38:1: warning: [GHC-66111] [-Wunused-imports]
    The import of ‘Data.Time.Clock’ is redundant
      except perhaps to import instances from ‘Data.Time.Clock’
    To import instances alone, use: import Data.Time.Clock()
   |
38 | import Data.Time.Clock (UTCTime, diffUTCTime, getCurrentTime)
   | ^^^^^^^^^^^^^^^^^^^^^^^^^^^^^^^^^^^^^^^^^^^^^^^^^^^^^^^^^^^^^

test/PostgreSQL/Test.hs:39:1: warning: [GHC-15328] [-Wdeprecations]
    Module ‘Database.Esqueleto’:
      "This module will switch over to the Experimental syntax in an upcoming major version release. Please migrate to the Database.Esqueleto.Legacy module to continue using the old syntax, or translate to the new and improved syntax in Database.Esqueleto.Experimental."
   |
39 | import Database.Esqueleto hiding (random_)
   | ^^^^^^^^^^^^^^^^^^^^^^^^^^^^^^^^^^^^^^^^^^

test/PostgreSQL/Test.hs:39:35: warning: [GHC-61689] [-Wdodgy-imports]
    Module ‘Database.Esqueleto’ does not export ‘random_’.
   |
39 | import Database.Esqueleto hiding (random_)
   |                                   ^^^^^^^

test/PostgreSQL/Test.hs:40:58: warning: [GHC-61689] [-Wdodgy-imports]
    Module ‘Database.Esqueleto.Experimental’ does not export ‘random_’.
   |
40 | import Database.Esqueleto.Experimental hiding (from, on, random_)
   |                                                          ^^^^^^^

test/PostgreSQL/Test.hs:49:59: warning: [GHC-38856] [-Wunused-imports]
    The import of ‘withPostgresqlConn’
    from module ‘Database.Persist.Postgresql’ is redundant
   |
49 | import Database.Persist.Postgresql (createPostgresqlPool, withPostgresqlConn)
   |                                                           ^^^^^^^^^^^^^^^^^^

test/PostgreSQL/Test.hs:53:1: warning: [GHC-66111] [-Wunused-imports]
    The import of ‘Test.Hspec.Core.Spec’ is redundant
      except perhaps to import instances from ‘Test.Hspec.Core.Spec’
    To import instances alone, use: import Test.Hspec.Core.Spec()
   |
53 | import Test.Hspec.Core.Spec (sequential)
   | ^^^^^^^^^^^^^^^^^^^^^^^^^^^^^^^^^^^^^^^^

test/PostgreSQL/Test.hs:130:46: warning: [GHC-68441] [-Wdeprecations]
    In the use of ‘ilike’
    (imported from Common.Test.Import, but defined in Database.Esqueleto.Internal.Internal):
    Deprecated: "Since 3.6.0: `ilike` is only supported on Postgres. Please import it from 'Database.Esqueleto.PostgreSQL."
    |
130 |                      where_ (p ^. PersonName `ilike` (%) ++. val t ++. (%))
    |                                              ^^^^^^^

test/PostgreSQL/Test.hs:226:16: warning: [GHC-68441] [-Wdeprecations]
    In the use of ‘distinctOn’
    (imported from Common.Test.Import, but defined in Database.Esqueleto.Internal.Internal):
    Deprecated: "This function is deprecated, as it is only supported in Postgresql. Please use the variant in `Database.Esqueleto.PostgreSQL` instead."
    |
226 |                distinctOn [don (bp ^. BlogPostAuthorId)] $ do
    |                ^^^^^^^^^^

test/PostgreSQL/Test.hs:246:9: warning: [GHC-68441] [-Wdeprecations]
    In the use of ‘distinctOn’
    (imported from Common.Test.Import, but defined in Database.Esqueleto.Internal.Internal):
    Deprecated: "This function is deprecated, as it is only supported in Postgresql. Please use the variant in `Database.Esqueleto.PostgreSQL` instead."
    |
246 |         distinctOn [don (bp ^. BlogPostAuthorId)] $
    |         ^^^^^^^^^^

test/PostgreSQL/Test.hs:247:9: warning: [GHC-68441] [-Wdeprecations]
    In the use of ‘distinctOn’
    (imported from Common.Test.Import, but defined in Database.Esqueleto.Internal.Internal):
    Deprecated: "This function is deprecated, as it is only supported in Postgresql. Please use the variant in `Database.Esqueleto.PostgreSQL` instead."
    |
247 |         distinctOn [don (bp ^. BlogPostTitle)] $ do
    |         ^^^^^^^^^^

test/PostgreSQL/Test.hs:253:9: warning: [GHC-68441] [-Wdeprecations]
    In the use of ‘distinctOn’
    (imported from Common.Test.Import, but defined in Database.Esqueleto.Internal.Internal):
    Deprecated: "This function is deprecated, as it is only supported in Postgresql. Please use the variant in `Database.Esqueleto.PostgreSQL` instead."
    |
253 |         distinctOn [don (bp ^. BlogPostAuthorId), don (bp ^. BlogPostTitle)] $ do
    |         ^^^^^^^^^^

test/PostgreSQL/Test.hs:259:9: warning: [GHC-68441] [-Wdeprecations]
    In the use of ‘distinctOnOrderBy’
    (imported from Common.Test.Import, but defined in Database.Esqueleto.Internal.Internal):
    Deprecated: "This function is deprecated, as it is only supported in Postgresql. Please use the function defined in `Database.Esqueleto.PostgreSQL` instead."
    |
259 |         distinctOnOrderBy [asc (bp ^. BlogPostAuthorId), asc (bp ^. BlogPostTitle)]
    |         ^^^^^^^^^^^^^^^^^

test/PostgreSQL/Test.hs:264:13: warning: [GHC-68441] [-Wdeprecations]
    In the use of ‘distinctOnOrderBy’
    (imported from Common.Test.Import, but defined in Database.Esqueleto.Internal.Internal):
    Deprecated: "This function is deprecated, as it is only supported in Postgresql. Please use the function defined in `Database.Esqueleto.PostgreSQL` instead."
    |
264 |             distinctOnOrderBy [ asc orderVal, desc orderVal ] $ pure orderVal
    |             ^^^^^^^^^^^^^^^^^

test/PostgreSQL/Test.hs:265:7: warning: [GHC-81995] [-Wunused-do-bind]
    A do-notation statement discarded a result of type
      ‘[Value (Maybe Int)]’
    Suggested fix: Suppress this warning by saying ‘_ <- select query’
    |
265 |       select query
    |       ^^^^^^^^^^^^

test/PostgreSQL/Test.hs:527:48: warning: [GHC-88464] [-Wpartial-type-signatures]
    • Found type wildcard ‘_’
        standing for ‘[(Value (PostgreSQL.MigrateJSON.Key DateTruncTest),
                        (Value UTCTime, Value UTCTime))]’
    • In an expression type signature:
        _ -> Map DateTruncTestId (UTCTime, UTCTime)
      In the first argument of ‘fmap’, namely
        ‘(Map.fromList . coerce ::
            _ -> Map DateTruncTestId (UTCTime, UTCTime))’
      In the first argument of ‘($)’, namely
        ‘fmap
           (Map.fromList . coerce ::
              _ -> Map DateTruncTestId (UTCTime, UTCTime))’
    • Relevant bindings include
        vals :: [(PostgreSQL.MigrateJSON.Key DateTruncTest, UTCTime)]
          (bound at test/PostgreSQL/Test.hs:518:17)
        utcTimes :: [UTCTime] (bound at test/PostgreSQL/Test.hs:504:17)
        truncateDate :: SqlExpr (Value String)
                        -> SqlExpr (Value UTCTime) -> SqlExpr (Value UTCTime)
          (bound at test/PostgreSQL/Test.hs:516:17)
        listOfDateParts :: [(Year, MonthOfYear, DayOfMonth, Integer)]
          (bound at test/PostgreSQL/Test.hs:502:31)
        run :: SqlPersistT IO () -> IO ()
          (bound at test/PostgreSQL/Test.hs:502:27)
        testPostgresModule :: SpecDb
          (bound at test/PostgreSQL/Test.hs:500:1)
    |
527 |                 fmap (Map.fromList . coerce :: _ -> Map DateTruncTestId (UTCTime, UTCTime)) $
    |                                                ^

test/PostgreSQL/Test.hs:573:17: warning: [GHC-62161] [-Wincomplete-uni-patterns]
    Pattern match(es) are non-exhaustive
    In a pattern binding:
        Patterns of type ‘[Value UTCTime]’ not matched: []
    |
573 |             let (Value now: _) = nowDb
    |                 ^^^^^^^^^^^^^^^^^^^^^^

test/PostgreSQL/Test.hs:1095:20: warning: [GHC-40910] [-Wunused-matches]
    Defined but not used: ‘u1Key’
     |
1095 |             Entity u1Key u1' <- liftIO $ assertJust mu1
     |                    ^^^^^

test/PostgreSQL/Test.hs:1095:26: warning: [GHC-40910] [-Wunused-matches]
    Defined but not used: ‘u1'’
     |
1095 |             Entity u1Key u1' <- liftIO $ assertJust mu1
     |                          ^^^

test/PostgreSQL/Test.hs:1112:11: warning: [GHC-40910] [-Wunused-matches]
    Defined but not used: ‘current’
     |
1112 |         (\current excluded -> [])
     |           ^^^^^^^

test/PostgreSQL/Test.hs:1112:19: warning: [GHC-40910] [-Wunused-matches]
    Defined but not used: ‘excluded’
     |
1112 |         (\current excluded -> [])
     |                   ^^^^^^^^

test/PostgreSQL/Test.hs:1117:11: warning: [GHC-40910] [-Wunused-matches]
    Defined but not used: ‘current’
     |
1117 |         (\current excluded -> [])
     |           ^^^^^^^

test/PostgreSQL/Test.hs:1117:19: warning: [GHC-40910] [-Wunused-matches]
    Defined but not used: ‘excluded’
     |
1117 |         (\current excluded -> [])
     |                   ^^^^^^^^

test/PostgreSQL/Test.hs:1438:41: warning: [GHC-68441] [-Wdeprecations]
    In the use of data constructor ‘ForUpdate’
    (imported from Common.Test.Import, but defined in Database.Esqueleto.Internal.Internal):
    Deprecated: "The constructors for 'LockingKind' are deprecated in v3.6.0.0. Instead, please refer to the smart constructors 'forUpdate' and 'forUpdateSkipLocked'."
     |
1438 |                                 locking ForUpdate
     |                                         ^^^^^^^^^

test/PostgreSQL/Test.hs:1478:53: warning: [GHC-68441] [-Wdeprecations]
    In the use of data constructor ‘ForUpdate’
    (imported from Common.Test.Import, but defined in Database.Esqueleto.Internal.Internal):
    Deprecated: "The constructors for 'LockingKind' are deprecated in v3.6.0.0. Instead, please refer to the smart constructors 'forUpdate' and 'forUpdateSkipLocked'."
     |
1478 |                                             locking ForUpdate
     |                                                     ^^^^^^^^^

test/PostgreSQL/Test.hs:1547:13: warning: [GHC-81995] [-Wunused-do-bind]
    A do-notation statement discarded a result of type
      ‘[Entity Person]’
    Suggested fix:
      Suppress this warning by saying
        ‘_ <- select
                $ do t <- Experimental.from $ table @Person
                     EP.forUpdateOf t EP.noWait
                     pure t’
     |
1547 |             select $ do
     |             ^^^^^^^^^^^...

test/PostgreSQL/Test.hs:1602:13: warning: [GHC-40910] [-Wunused-matches]
    Defined but not used: ‘p1k’
     |
1602 |             p1k <- insert p1
     |             ^^^

test/PostgreSQL/Test.hs:1603:13: warning: [GHC-40910] [-Wunused-matches]
    Defined but not used: ‘p2k’
     |
1603 |             p2k <- insert p2
     |             ^^^

test/PostgreSQL/Test.hs:1604:13: warning: [GHC-40910] [-Wunused-matches]
    Defined but not used: ‘p3k’
     |
1604 |             p3k <- insert p3
     |             ^^^

test/PostgreSQL/Test.hs:1610:29: warning: [GHC-40910] [-Wunused-matches]
    Defined but not used: ‘boundName’
     |
1610 |                     (bound, boundName) :& person <- Experimental.from $
     |                             ^^^^^^^^^

test/PostgreSQL/Test.hs:1613:54: warning: [GHC-40910] [-Wunused-matches]
    Defined but not used: ‘boundName’
     |
1613 |                         `Experimental.on` (\((bound, boundName) :& person) -> person^.PersonAge >=. just bound)
     |                                                      ^^^^^^^^^

test/PostgreSQL/Test.hs:1793:14: warning: [GHC-88464] [-Wpartial-type-signatures]
    • Found extra-constraints wildcard standing for ‘MonadUnliftIO m’
      Where: ‘m’ is a rigid type variable bound by
               the inferred type of
                 migrateIt :: MonadUnliftIO m => SqlPersistT m ()
               at test/PostgreSQL/Test.hs:1793:1-34
    • In the type signature: migrateIt :: _ => SqlPersistT m ()
     |
1793 | migrateIt :: _ => SqlPersistT m ()
     |              ^

[10 of 11] Compiling SQLite.Test
test/SQLite/Test.hs:13:42: warning: [GHC-61689] [-Wdodgy-imports]
    Module ‘Database.Esqueleto.Legacy’ does not export ‘random_’.
   |
13 | import Database.Esqueleto.Legacy hiding (random_)
   |                                          ^^^^^^^

[11 of 11] Compiling Main
test/Spec.hs:4:1: warning: [GHC-66111] [-Wunused-imports]
    The import of ‘Test.Hspec.Core.Spec’ is redundant
      except perhaps to import instances from ‘Test.Hspec.Core.Spec’
    To import instances alone, use: import Test.Hspec.Core.Spec()
  |
4 | import Test.Hspec.Core.Spec
  | ^^^^^^^^^^^^^^^^^^^^^^^^^^^

[12 of 12] Linking /tmp/workdir-esqueleto/esqueleto-3.6.0.0/dist-newstyle/build/x86_64-linux/ghc-9.10.2/esqueleto-3.6.0.0/t/specs/build/specs/specs
