Resolving dependencies...
Build profile: -w ghc-9.10.2 -O1
In order, the following will be built (use -v for more details):
 - gogol-games-management-1.0.0 (lib) (first run)
Configuring library for gogol-games-management-1.0.0...
Warning: [git-protocol] Cloning over git:// might lead to an arbitrary code
execution vulnerability. Furthermore, popular forges like GitHub do not
support it. Use https:// or ssh:// instead.
Preprocessing library for gogol-games-management-1.0.0...
Building library for gogol-games-management-1.0.0...
[ 1 of 22] Compiling Gogol.GamesManagement.Internal.Sum
[ 2 of 22] Compiling Gogol.GamesManagement.Internal.Product
[ 3 of 22] Compiling Gogol.GamesManagement.Types
[ 4 of 22] Compiling Gogol.GamesManagement.Scores.ResetMultipleForAllPlayers
[ 5 of 22] Compiling Gogol.GamesManagement.Scores.ResetForAllPlayers
[ 6 of 22] Compiling Gogol.GamesManagement.Scores.ResetAllForAllPlayers
[ 7 of 22] Compiling Gogol.GamesManagement.Scores.ResetAll
[ 8 of 22] Compiling Gogol.GamesManagement.Scores.Reset
[ 9 of 22] Compiling Gogol.GamesManagement.Players.Unhide
[10 of 22] Compiling Gogol.GamesManagement.Players.Hide
[11 of 22] Compiling Gogol.GamesManagement.Events.ResetMultipleForAllPlayers
[12 of 22] Compiling Gogol.GamesManagement.Events.ResetForAllPlayers
[13 of 22] Compiling Gogol.GamesManagement.Events.ResetAllForAllPlayers
[14 of 22] Compiling Gogol.GamesManagement.Events.ResetAll
[15 of 22] Compiling Gogol.GamesManagement.Events.Reset
[16 of 22] Compiling Gogol.GamesManagement.Applications.ListHidden
[17 of 22] Compiling Gogol.GamesManagement.Achievements.ResetMultipleForAllPlayers
[18 of 22] Compiling Gogol.GamesManagement.Achievements.ResetForAllPlayers
[19 of 22] Compiling Gogol.GamesManagement.Achievements.ResetAllForAllPlayers
[20 of 22] Compiling Gogol.GamesManagement.Achievements.ResetAll
[21 of 22] Compiling Gogol.GamesManagement.Achievements.Reset
[22 of 22] Compiling Gogol.GamesManagement
