Resolving dependencies...
Build profile: -w ghc-9.10.2 -O1
In order, the following will be built (use -v for more details):
 - gogol-dfareporting-1.0.0 (lib) (first run)
Configuring library for gogol-dfareporting-1.0.0...
Preprocessing library for gogol-dfareporting-1.0.0...
Building library for gogol-dfareporting-1.0.0...
[  1 of 215] Compiling Gogol.DFAReporting.Internal.Sum
[  2 of 215] Compiling Gogol.DFAReporting.Internal.Product
[  3 of 215] Compiling Gogol.DFAReporting.Types
[  4 of 215] Compiling Gogol.DFAReporting.TvCampaignSummaries.List
[  5 of 215] Compiling Gogol.DFAReporting.TvCampaignDetails.Get
[  6 of 215] Compiling Gogol.DFAReporting.TargetingTemplates.Update
[  7 of 215] Compiling Gogol.DFAReporting.TargetingTemplates.Patch
[  8 of 215] Compiling Gogol.DFAReporting.TargetingTemplates.List
[  9 of 215] Compiling Gogol.DFAReporting.TargetingTemplates.Insert
[ 10 of 215] Compiling Gogol.DFAReporting.TargetingTemplates.Get
[ 11 of 215] Compiling Gogol.DFAReporting.TargetableRemarketingLists.List
[ 12 of 215] Compiling Gogol.DFAReporting.TargetableRemarketingLists.Get
[ 13 of 215] Compiling Gogol.DFAReporting.Subaccounts.Update
[ 14 of 215] Compiling Gogol.DFAReporting.Subaccounts.Patch
[ 15 of 215] Compiling Gogol.DFAReporting.Subaccounts.List
[ 16 of 215] Compiling Gogol.DFAReporting.Subaccounts.Insert
[ 17 of 215] Compiling Gogol.DFAReporting.Subaccounts.Get
[ 18 of 215] Compiling Gogol.DFAReporting.Sizes.List
[ 19 of 215] Compiling Gogol.DFAReporting.Sizes.Insert
[ 20 of 215] Compiling Gogol.DFAReporting.Sizes.Get
[ 21 of 215] Compiling Gogol.DFAReporting.Sites.Update
[ 22 of 215] Compiling Gogol.DFAReporting.Sites.Patch
[ 23 of 215] Compiling Gogol.DFAReporting.Sites.List
[ 24 of 215] Compiling Gogol.DFAReporting.Sites.Insert
[ 25 of 215] Compiling Gogol.DFAReporting.Sites.Get
[ 26 of 215] Compiling Gogol.DFAReporting.Reports.Update
[ 27 of 215] Compiling Gogol.DFAReporting.Reports.Run
[ 28 of 215] Compiling Gogol.DFAReporting.Reports.Patch
[ 29 of 215] Compiling Gogol.DFAReporting.Reports.List
[ 30 of 215] Compiling Gogol.DFAReporting.Reports.Insert
[ 31 of 215] Compiling Gogol.DFAReporting.Reports.Get
[ 32 of 215] Compiling Gogol.DFAReporting.Reports.Files.List
[ 33 of 215] Compiling Gogol.DFAReporting.Reports.Files.Get
[ 34 of 215] Compiling Gogol.DFAReporting.Reports.Delete
[ 35 of 215] Compiling Gogol.DFAReporting.Reports.CompatibleFields.Query
[ 36 of 215] Compiling Gogol.DFAReporting.RemarketingLists.Update
[ 37 of 215] Compiling Gogol.DFAReporting.RemarketingLists.Patch
[ 38 of 215] Compiling Gogol.DFAReporting.RemarketingLists.List
[ 39 of 215] Compiling Gogol.DFAReporting.RemarketingLists.Insert
[ 40 of 215] Compiling Gogol.DFAReporting.RemarketingLists.Get
[ 41 of 215] Compiling Gogol.DFAReporting.RemarketingListShares.Update
[ 42 of 215] Compiling Gogol.DFAReporting.RemarketingListShares.Patch
[ 43 of 215] Compiling Gogol.DFAReporting.RemarketingListShares.Get
[ 44 of 215] Compiling Gogol.DFAReporting.Regions.List
[ 45 of 215] Compiling Gogol.DFAReporting.Projects.List
[ 46 of 215] Compiling Gogol.DFAReporting.Projects.Get
[ 47 of 215] Compiling Gogol.DFAReporting.PostalCodes.List
[ 48 of 215] Compiling Gogol.DFAReporting.PostalCodes.Get
[ 49 of 215] Compiling Gogol.DFAReporting.PlatformTypes.List
[ 50 of 215] Compiling Gogol.DFAReporting.PlatformTypes.Get
[ 51 of 215] Compiling Gogol.DFAReporting.Placements.Update
[ 52 of 215] Compiling Gogol.DFAReporting.Placements.Patch
[ 53 of 215] Compiling Gogol.DFAReporting.Placements.List
[ 54 of 215] Compiling Gogol.DFAReporting.Placements.Insert
[ 55 of 215] Compiling Gogol.DFAReporting.Placements.Get
[ 56 of 215] Compiling Gogol.DFAReporting.Placements.Generatetags
[ 57 of 215] Compiling Gogol.DFAReporting.PlacementStrategies.Update
[ 58 of 215] Compiling Gogol.DFAReporting.PlacementStrategies.Patch
[ 59 of 215] Compiling Gogol.DFAReporting.PlacementStrategies.List
[ 60 of 215] Compiling Gogol.DFAReporting.PlacementStrategies.Insert
[ 61 of 215] Compiling Gogol.DFAReporting.PlacementStrategies.Get
[ 62 of 215] Compiling Gogol.DFAReporting.PlacementStrategies.Delete
[ 63 of 215] Compiling Gogol.DFAReporting.PlacementGroups.Update
[ 64 of 215] Compiling Gogol.DFAReporting.PlacementGroups.Patch
[ 65 of 215] Compiling Gogol.DFAReporting.PlacementGroups.List
[ 66 of 215] Compiling Gogol.DFAReporting.PlacementGroups.Insert
[ 67 of 215] Compiling Gogol.DFAReporting.PlacementGroups.Get
[ 68 of 215] Compiling Gogol.DFAReporting.Orders.List
[ 69 of 215] Compiling Gogol.DFAReporting.Orders.Get
[ 70 of 215] Compiling Gogol.DFAReporting.OperatingSystems.List
[ 71 of 215] Compiling Gogol.DFAReporting.OperatingSystems.Get
[ 72 of 215] Compiling Gogol.DFAReporting.OperatingSystemVersions.List
[ 73 of 215] Compiling Gogol.DFAReporting.OperatingSystemVersions.Get
[ 74 of 215] Compiling Gogol.DFAReporting.MobileCarriers.List
[ 75 of 215] Compiling Gogol.DFAReporting.MobileCarriers.Get
[ 76 of 215] Compiling Gogol.DFAReporting.MobileApps.List
[ 77 of 215] Compiling Gogol.DFAReporting.MobileApps.Get
[ 78 of 215] Compiling Gogol.DFAReporting.Metros.List
[ 79 of 215] Compiling Gogol.DFAReporting.Languages.List
[ 80 of 215] Compiling Gogol.DFAReporting.InventoryItems.List
[ 81 of 215] Compiling Gogol.DFAReporting.InventoryItems.Get
[ 82 of 215] Compiling Gogol.DFAReporting.FloodlightConfigurations.Update
[ 83 of 215] Compiling Gogol.DFAReporting.FloodlightConfigurations.Patch
[ 84 of 215] Compiling Gogol.DFAReporting.FloodlightConfigurations.List
[ 85 of 215] Compiling Gogol.DFAReporting.FloodlightConfigurations.Get
[ 86 of 215] Compiling Gogol.DFAReporting.FloodlightActivityGroups.Update
[ 87 of 215] Compiling Gogol.DFAReporting.FloodlightActivityGroups.Patch
[ 88 of 215] Compiling Gogol.DFAReporting.FloodlightActivityGroups.List
[ 89 of 215] Compiling Gogol.DFAReporting.FloodlightActivityGroups.Insert
[ 90 of 215] Compiling Gogol.DFAReporting.FloodlightActivityGroups.Get
[ 91 of 215] Compiling Gogol.DFAReporting.FloodlightActivities.Update
[ 92 of 215] Compiling Gogol.DFAReporting.FloodlightActivities.Patch
[ 93 of 215] Compiling Gogol.DFAReporting.FloodlightActivities.List
[ 94 of 215] Compiling Gogol.DFAReporting.FloodlightActivities.Insert
[ 95 of 215] Compiling Gogol.DFAReporting.FloodlightActivities.Get
[ 96 of 215] Compiling Gogol.DFAReporting.FloodlightActivities.Generatetag
[ 97 of 215] Compiling Gogol.DFAReporting.FloodlightActivities.Delete
[ 98 of 215] Compiling Gogol.DFAReporting.Files.List
[ 99 of 215] Compiling Gogol.DFAReporting.Files.Get
[100 of 215] Compiling Gogol.DFAReporting.EventTags.Update
[101 of 215] Compiling Gogol.DFAReporting.EventTags.Patch
[102 of 215] Compiling Gogol.DFAReporting.EventTags.List
[103 of 215] Compiling Gogol.DFAReporting.EventTags.Insert
[104 of 215] Compiling Gogol.DFAReporting.EventTags.Get
[105 of 215] Compiling Gogol.DFAReporting.EventTags.Delete
[106 of 215] Compiling Gogol.DFAReporting.DynamicTargetingKeys.List
[107 of 215] Compiling Gogol.DFAReporting.DynamicTargetingKeys.Insert
[108 of 215] Compiling Gogol.DFAReporting.DynamicTargetingKeys.Delete
[109 of 215] Compiling Gogol.DFAReporting.DirectorySites.List
[110 of 215] Compiling Gogol.DFAReporting.DirectorySites.Insert
[111 of 215] Compiling Gogol.DFAReporting.DirectorySites.Get
[112 of 215] Compiling Gogol.DFAReporting.DimensionValues.Query
[113 of 215] Compiling Gogol.DFAReporting.Creatives.Update
[114 of 215] Compiling Gogol.DFAReporting.Creatives.Patch
[115 of 215] Compiling Gogol.DFAReporting.Creatives.List
[116 of 215] Compiling Gogol.DFAReporting.Creatives.Insert
[117 of 215] Compiling Gogol.DFAReporting.Creatives.Get
[118 of 215] Compiling Gogol.DFAReporting.CreativeGroups.Update
[119 of 215] Compiling Gogol.DFAReporting.CreativeGroups.Patch
[120 of 215] Compiling Gogol.DFAReporting.CreativeGroups.List
[121 of 215] Compiling Gogol.DFAReporting.CreativeGroups.Insert
[122 of 215] Compiling Gogol.DFAReporting.CreativeGroups.Get
[123 of 215] Compiling Gogol.DFAReporting.CreativeFields.Update
[124 of 215] Compiling Gogol.DFAReporting.CreativeFields.Patch
[125 of 215] Compiling Gogol.DFAReporting.CreativeFields.List
[126 of 215] Compiling Gogol.DFAReporting.CreativeFields.Insert
[127 of 215] Compiling Gogol.DFAReporting.CreativeFields.Get
[128 of 215] Compiling Gogol.DFAReporting.CreativeFields.Delete
[129 of 215] Compiling Gogol.DFAReporting.CreativeFieldValues.Update
[130 of 215] Compiling Gogol.DFAReporting.CreativeFieldValues.Patch
[131 of 215] Compiling Gogol.DFAReporting.CreativeFieldValues.List
[132 of 215] Compiling Gogol.DFAReporting.CreativeFieldValues.Insert
[133 of 215] Compiling Gogol.DFAReporting.CreativeFieldValues.Get
[134 of 215] Compiling Gogol.DFAReporting.CreativeFieldValues.Delete
[135 of 215] Compiling Gogol.DFAReporting.CreativeAssets.Insert
[136 of 215] Compiling Gogol.DFAReporting.Countries.List
[137 of 215] Compiling Gogol.DFAReporting.Countries.Get
[138 of 215] Compiling Gogol.DFAReporting.Conversions.Batchupdate
[139 of 215] Compiling Gogol.DFAReporting.Conversions.Batchinsert
[140 of 215] Compiling Gogol.DFAReporting.ContentCategories.Update
[141 of 215] Compiling Gogol.DFAReporting.ContentCategories.Patch
[142 of 215] Compiling Gogol.DFAReporting.ContentCategories.List
[143 of 215] Compiling Gogol.DFAReporting.ContentCategories.Insert
[144 of 215] Compiling Gogol.DFAReporting.ContentCategories.Get
[145 of 215] Compiling Gogol.DFAReporting.ContentCategories.Delete
[146 of 215] Compiling Gogol.DFAReporting.ConnectionTypes.List
[147 of 215] Compiling Gogol.DFAReporting.ConnectionTypes.Get
[148 of 215] Compiling Gogol.DFAReporting.Cities.List
[149 of 215] Compiling Gogol.DFAReporting.ChangeLogs.List
[150 of 215] Compiling Gogol.DFAReporting.ChangeLogs.Get
[151 of 215] Compiling Gogol.DFAReporting.Campaigns.Update
[152 of 215] Compiling Gogol.DFAReporting.Campaigns.Patch
[153 of 215] Compiling Gogol.DFAReporting.Campaigns.List
[154 of 215] Compiling Gogol.DFAReporting.Campaigns.Insert
[155 of 215] Compiling Gogol.DFAReporting.Campaigns.Get
[156 of 215] Compiling Gogol.DFAReporting.CampaignCreativeAssociations.List
[157 of 215] Compiling Gogol.DFAReporting.CampaignCreativeAssociations.Insert
[158 of 215] Compiling Gogol.DFAReporting.Browsers.List
[159 of 215] Compiling Gogol.DFAReporting.BillingRates.List
[160 of 215] Compiling Gogol.DFAReporting.BillingProfiles.Update
[161 of 215] Compiling Gogol.DFAReporting.BillingProfiles.List
[162 of 215] Compiling Gogol.DFAReporting.BillingProfiles.Get
[163 of 215] Compiling Gogol.DFAReporting.BillingAssignments.List
[164 of 215] Compiling Gogol.DFAReporting.BillingAssignments.Insert
[165 of 215] Compiling Gogol.DFAReporting.Advertisers.Update
[166 of 215] Compiling Gogol.DFAReporting.Advertisers.Patch
[167 of 215] Compiling Gogol.DFAReporting.Advertisers.List
[168 of 215] Compiling Gogol.DFAReporting.Advertisers.Insert
[169 of 215] Compiling Gogol.DFAReporting.Advertisers.Get
[170 of 215] Compiling Gogol.DFAReporting.AdvertiserLandingPages.Update
[171 of 215] Compiling Gogol.DFAReporting.AdvertiserLandingPages.Patch
[172 of 215] Compiling Gogol.DFAReporting.AdvertiserLandingPages.List
[173 of 215] Compiling Gogol.DFAReporting.AdvertiserLandingPages.Insert
[174 of 215] Compiling Gogol.DFAReporting.AdvertiserLandingPages.Get
[175 of 215] Compiling Gogol.DFAReporting.AdvertiserInvoices.List
[176 of 215] Compiling Gogol.DFAReporting.AdvertiserGroups.Update
[177 of 215] Compiling Gogol.DFAReporting.AdvertiserGroups.Patch
[178 of 215] Compiling Gogol.DFAReporting.AdvertiserGroups.List
[179 of 215] Compiling Gogol.DFAReporting.AdvertiserGroups.Insert
[180 of 215] Compiling Gogol.DFAReporting.AdvertiserGroups.Get
[181 of 215] Compiling Gogol.DFAReporting.AdvertiserGroups.Delete
[182 of 215] Compiling Gogol.DFAReporting.Ads.Update
[183 of 215] Compiling Gogol.DFAReporting.Ads.Patch
[184 of 215] Compiling Gogol.DFAReporting.Ads.List
[185 of 215] Compiling Gogol.DFAReporting.Ads.Insert
[186 of 215] Compiling Gogol.DFAReporting.Ads.Get
[187 of 215] Compiling Gogol.DFAReporting.Accounts.Update
[188 of 215] Compiling Gogol.DFAReporting.Accounts.Patch
[189 of 215] Compiling Gogol.DFAReporting.Accounts.List
[190 of 215] Compiling Gogol.DFAReporting.Accounts.Get
[191 of 215] Compiling Gogol.DFAReporting.AccountUserProfiles.Update
[192 of 215] Compiling Gogol.DFAReporting.AccountUserProfiles.Patch
[193 of 215] Compiling Gogol.DFAReporting.AccountUserProfiles.List
[194 of 215] Compiling Gogol.DFAReporting.AccountUserProfiles.Insert
[195 of 215] Compiling Gogol.DFAReporting.AccountUserProfiles.Get
[196 of 215] Compiling Gogol.DFAReporting.AccountPermissions.List
[197 of 215] Compiling Gogol.DFAReporting.AccountPermissions.Get
[198 of 215] Compiling Gogol.DFAReporting.AccountPermissionGroups.List
[199 of 215] Compiling Gogol.DFAReporting.AccountPermissionGroups.Get
[200 of 215] Compiling Gogol.DFAReporting.AccountActiveAdSummaries.Get
[201 of 215] Compiling Gogol.DFAReporting.UserProfiles.Get
[202 of 215] Compiling Gogol.DFAReporting.UserProfiles.List
[203 of 215] Compiling Gogol.DFAReporting.UserRolePermissionGroups.Get
[204 of 215] Compiling Gogol.DFAReporting.UserRolePermissionGroups.List
[205 of 215] Compiling Gogol.DFAReporting.UserRolePermissions.Get
[206 of 215] Compiling Gogol.DFAReporting.UserRolePermissions.List
[207 of 215] Compiling Gogol.DFAReporting.UserRoles.Delete
[208 of 215] Compiling Gogol.DFAReporting.UserRoles.Get
[209 of 215] Compiling Gogol.DFAReporting.UserRoles.Insert
[210 of 215] Compiling Gogol.DFAReporting.UserRoles.List
[211 of 215] Compiling Gogol.DFAReporting.UserRoles.Patch
[212 of 215] Compiling Gogol.DFAReporting.UserRoles.Update
[213 of 215] Compiling Gogol.DFAReporting.VideoFormats.Get
[214 of 215] Compiling Gogol.DFAReporting.VideoFormats.List
[215 of 215] Compiling Gogol.DFAReporting
