Resolving dependencies...
Build profile: -w ghc-9.10.2 -O1
In order, the following will be built (use -v for more details):
 - optparse-applicative-0.18.1.0 (lib) (first run)
 - optparse-applicative-0.18.1.0 (test:tests) (first run)
Configuring library for optparse-applicative-0.18.1.0...
Preprocessing library for optparse-applicative-0.18.1.0...
Building library for optparse-applicative-0.18.1.0...
[ 1 of 17] Compiling Options.Applicative.Help.Levenshtein
src/Options/Applicative/Help/Levenshtein.hs:24:20: warning: [GHC-63394] [-Wx-partial]
    In the use of ‘head’
    (imported from Prelude, but defined in GHC.Internal.List):
    "This is a partial function, it throws an error on empty lists. Use pattern matching, 'Data.List.uncons' or 'Data.Maybe.listToMaybe' instead. Consider refactoring to use "Data.List.NonEmpty"."
   |
24 |       oneDiag a b (head uppers) (-1 : head lowers)
   |                    ^^^^

src/Options/Applicative/Help/Levenshtein.hs:24:39: warning: [GHC-63394] [-Wx-partial]
    In the use of ‘head’
    (imported from Prelude, but defined in GHC.Internal.List):
    "This is a partial function, it throws an error on empty lists. Use pattern matching, 'Data.List.uncons' or 'Data.Maybe.listToMaybe' instead. Consider refactoring to use "Data.List.NonEmpty"."
   |
24 |       oneDiag a b (head uppers) (-1 : head lowers)
   |                                       ^^^^

src/Options/Applicative/Help/Levenshtein.hs:40:53: warning: [GHC-63394] [-Wx-partial]
    In the use of ‘tail’
    (imported from Prelude, but defined in GHC.Internal.List):
    "This is a partial function, it throws an error on empty lists. Replace it with 'drop' 1, or use pattern matching or 'GHC.Internal.Data.List.uncons' instead. Consider refactoring to use "Data.List.NonEmpty"."
   |
40 |           = nw : doDiag (ach' : as) (bch' : bs) nw (tail n) (tail w)
   |                                                     ^^^^

src/Options/Applicative/Help/Levenshtein.hs:40:62: warning: [GHC-63394] [-Wx-partial]
    In the use of ‘tail’
    (imported from Prelude, but defined in GHC.Internal.List):
    "This is a partial function, it throws an error on empty lists. Replace it with 'drop' 1, or use pattern matching or 'GHC.Internal.Data.List.uncons' instead. Consider refactoring to use "Data.List.NonEmpty"."
   |
40 |           = nw : doDiag (ach' : as) (bch' : bs) nw (tail n) (tail w)
   |                                                              ^^^^

src/Options/Applicative/Help/Levenshtein.hs:48:27: warning: [GHC-63394] [-Wx-partial]
    In the use of ‘head’
    (imported from Prelude, but defined in GHC.Internal.List):
    "This is a partial function, it throws an error on empty lists. Use pattern matching, 'Data.List.uncons' or 'Data.Maybe.listToMaybe' instead. Consider refactoring to use "Data.List.NonEmpty"."
   |
48 |                 1 + min3 (head w) nw (head n)
   |                           ^^^^

src/Options/Applicative/Help/Levenshtein.hs:48:39: warning: [GHC-63394] [-Wx-partial]
    In the use of ‘head’
    (imported from Prelude, but defined in GHC.Internal.List):
    "This is a partial function, it throws an error on empty lists. Use pattern matching, 'Data.List.uncons' or 'Data.Maybe.listToMaybe' instead. Consider refactoring to use "Data.List.NonEmpty"."
   |
48 |                 1 + min3 (head w) nw (head n)
   |                                       ^^^^

src/Options/Applicative/Help/Levenshtein.hs:50:35: warning: [GHC-63394] [-Wx-partial]
    In the use of ‘tail’
    (imported from Prelude, but defined in GHC.Internal.List):
    "This is a partial function, it throws an error on empty lists. Replace it with 'drop' 1, or use pattern matching or 'GHC.Internal.Data.List.uncons' instead. Consider refactoring to use "Data.List.NonEmpty"."
   |
50 |             me : doDiag as bs me (tail n) (tail w)
   |                                   ^^^^

src/Options/Applicative/Help/Levenshtein.hs:50:44: warning: [GHC-63394] [-Wx-partial]
    In the use of ‘tail’
    (imported from Prelude, but defined in GHC.Internal.List):
    "This is a partial function, it throws an error on empty lists. Replace it with 'drop' 1, or use pattern matching or 'GHC.Internal.Data.List.uncons' instead. Consider refactoring to use "Data.List.NonEmpty"."
   |
50 |             me : doDiag as bs me (tail n) (tail w)
   |                                            ^^^^

src/Options/Applicative/Help/Levenshtein.hs:52:24: warning: [GHC-63394] [-Wx-partial]
    In the use of ‘head’
    (imported from Prelude, but defined in GHC.Internal.List):
    "This is a partial function, it throws an error on empty lists. Use pattern matching, 'Data.List.uncons' or 'Data.Maybe.listToMaybe' instead. Consider refactoring to use "Data.List.NonEmpty"."
   |
52 |         firstelt = 1 + head diagBelow
   |                        ^^^^

src/Options/Applicative/Help/Levenshtein.hs:53:64: warning: [GHC-63394] [-Wx-partial]
    In the use of ‘tail’
    (imported from Prelude, but defined in GHC.Internal.List):
    "This is a partial function, it throws an error on empty lists. Replace it with 'drop' 1, or use pattern matching or 'GHC.Internal.Data.List.uncons' instead. Consider refactoring to use "Data.List.NonEmpty"."
   |
53 |         thisdiag = firstelt : doDiag a' b' firstelt diagAbove (tail diagBelow)
   |                                                                ^^^^

src/Options/Applicative/Help/Levenshtein.hs:59:20: warning: [GHC-63394] [-Wx-partial]
    In the use of ‘head’
    (imported from Prelude, but defined in GHC.Internal.List):
    "This is a partial function, it throws an error on empty lists. Use pattern matching, 'Data.List.uncons' or 'Data.Maybe.listToMaybe' instead. Consider refactoring to use "Data.List.NonEmpty"."
   |
59 |         nextDiag = head (tail diags)
   |                    ^^^^

src/Options/Applicative/Help/Levenshtein.hs:59:26: warning: [GHC-63394] [-Wx-partial]
    In the use of ‘tail’
    (imported from Prelude, but defined in GHC.Internal.List):
    "This is a partial function, it throws an error on empty lists. Replace it with 'drop' 1, or use pattern matching or 'GHC.Internal.Data.List.uncons' instead. Consider refactoring to use "Data.List.NonEmpty"."
   |
59 |         nextDiag = head (tail diags)
   |                          ^^^^

[ 2 of 17] Compiling Options.Applicative.Help.Pretty
[ 3 of 17] Compiling Options.Applicative.Help.Chunk
[ 4 of 17] Compiling Options.Applicative.Help.Types
[ 5 of 17] Compiling Options.Applicative.Types
src/Options/Applicative/Types.hs:58:31: warning: [GHC-61689] [-Wdodgy-imports]
    Module ‘Data.Semigroup’ does not export ‘Option’.
   |
58 | import Data.Semigroup hiding (Option)
   |                               ^^^^^^

[ 6 of 17] Compiling Options.Applicative.NonEmpty
[ 7 of 17] Compiling Options.Applicative.Internal
[ 8 of 17] Compiling Options.Applicative.Common
[ 9 of 17] Compiling Options.Applicative.Help.Core
src/Options/Applicative/Help/Core.hs:26:28: warning: [GHC-38856] [-Wunused-imports]
    The import of ‘foldl'’ from module ‘Data.Foldable’ is redundant
   |
26 | import Data.Foldable (any, foldl')
   |                            ^^^^^^

[10 of 17] Compiling Options.Applicative.Help
[11 of 17] Compiling Options.Applicative.Builder.Internal
src/Options/Applicative/Builder/Internal.hs:29:31: warning: [GHC-61689] [-Wdodgy-imports]
    Module ‘Data.Semigroup’ does not export ‘Option’.
   |
29 | import Data.Semigroup hiding (Option)
   |                               ^^^^^^

[12 of 17] Compiling Options.Applicative.Builder.Completer
[13 of 17] Compiling Options.Applicative.Builder
[14 of 17] Compiling Options.Applicative.BashCompletion
src/Options/Applicative/BashCompletion.hs:16:1: warning: [GHC-66111] [-Wunused-imports]
    The import of ‘Data.Foldable’ is redundant
      except perhaps to import instances from ‘Data.Foldable’
    To import instances alone, use: import Data.Foldable()
   |
16 | import Data.Foldable ( asum )
   | ^^^^^^^^^^^^^^^^^^^^^^^^^^^^^

[15 of 17] Compiling Options.Applicative.Extra
[16 of 17] Compiling Options.Applicative
[17 of 17] Compiling Options.Applicative.Arrows
Configuring test suite 'tests' for optparse-applicative-0.18.1.0...
Preprocessing test suite 'tests' for optparse-applicative-0.18.1.0...
Building test suite 'tests' for optparse-applicative-0.18.1.0...
[1 of 7] Compiling Examples.Alternatives
[2 of 7] Compiling Examples.Cabal
tests/Examples/Cabal.hs:7:1: warning: [GHC-66111] [-Wunused-imports]
    The import of ‘Data.Monoid’ is redundant
      except perhaps to import instances from ‘Data.Monoid’
    To import instances alone, use: import Data.Monoid()
  |
7 | import Data.Monoid
  | ^^^^^^^^^^^^^^^^^^

[3 of 7] Compiling Examples.Commands
tests/Examples/Commands.hs:5:1: warning: [GHC-66111] [-Wunused-imports]
    The import of ‘Data.Monoid’ is redundant
      except perhaps to import instances from ‘Data.Monoid’
    To import instances alone, use: import Data.Monoid()
  |
5 | import Data.Monoid
  | ^^^^^^^^^^^^^^^^^^

[4 of 7] Compiling Examples.Formatting
[5 of 7] Compiling Examples.Hello
tests/Examples/Hello.hs:5:1: warning: [GHC-66111] [-Wunused-imports]
    The import of ‘Data.Semigroup’ is redundant
      except perhaps to import instances from ‘Data.Semigroup’
    To import instances alone, use: import Data.Semigroup()
  |
5 | import Data.Semigroup ((<>))
  | ^^^^^^^^^^^^^^^^^^^^^^^^^^^^

[6 of 7] Compiling Examples.LongSub
tests/Examples/LongSub.hs:4:1: warning: [GHC-66111] [-Wunused-imports]
    The import of ‘Data.Monoid’ is redundant
      except perhaps to import instances from ‘Data.Monoid’
    To import instances alone, use: import Data.Monoid()
  |
4 | import Data.Monoid
  | ^^^^^^^^^^^^^^^^^^

[7 of 7] Compiling Main
tests/test.hs:18:41: warning: [GHC-61689] [-Wdodgy-imports]
    Module ‘Data.Semigroup’ does not export ‘option’.
   |
18 | import           Data.Semigroup hiding (option)
   |                                         ^^^^^^

tests/test.hs:176:16: warning: [GHC-63394] [-Wx-partial]
    In the use of ‘head’
    (imported from Prelude, but defined in GHC.Internal.List):
    "This is a partial function, it throws an error on empty lists. Use pattern matching, 'Data.List.uncons' or 'Data.Maybe.listToMaybe' instead. Consider refactoring to use "Data.List.NonEmpty"."
    |
176 |     let text = head . lines . fst $ renderFailure failure "test"
    |                ^^^^

tests/test.hs:187:16: warning: [GHC-63394] [-Wx-partial]
    In the use of ‘head’
    (imported from Prelude, but defined in GHC.Internal.List):
    "This is a partial function, it throws an error on empty lists. Use pattern matching, 'Data.List.uncons' or 'Data.Maybe.listToMaybe' instead. Consider refactoring to use "Data.List.NonEmpty"."
    |
187 |     let text = head . lines . fst $ renderFailure failure "test"
    |                ^^^^

tests/test.hs:228:16: warning: [GHC-63394] [-Wx-partial]
    In the use of ‘head’
    (imported from Prelude, but defined in GHC.Internal.List):
    "This is a partial function, it throws an error on empty lists. Use pattern matching, 'Data.List.uncons' or 'Data.Maybe.listToMaybe' instead. Consider refactoring to use "Data.List.NonEmpty"."
    |
228 |     let text = head . lines . fst $ renderFailure failure "test"
    |                ^^^^

tests/test.hs:243:16: warning: [GHC-63394] [-Wx-partial]
    In the use of ‘head’
    (imported from Prelude, but defined in GHC.Internal.List):
    "This is a partial function, it throws an error on empty lists. Use pattern matching, 'Data.List.uncons' or 'Data.Maybe.listToMaybe' instead. Consider refactoring to use "Data.List.NonEmpty"."
    |
243 |     let text = head . lines . fst $ renderFailure failure "test"
    |                ^^^^

tests/test.hs:479:16: warning: [GHC-63394] [-Wx-partial]
    In the use of ‘head’
    (imported from Prelude, but defined in GHC.Internal.List):
    "This is a partial function, it throws an error on empty lists. Use pattern matching, 'Data.List.uncons' or 'Data.Maybe.listToMaybe' instead. Consider refactoring to use "Data.List.NonEmpty"."
    |
479 |     let text = head . lines . fst $ renderFailure failure "test"
    |                ^^^^

tests/test.hs:554:22: warning: [GHC-63394] [-Wx-partial]
    In the use of ‘head’
    (imported from Prelude, but defined in GHC.Internal.List):
    "This is a partial function, it throws an error on empty lists. Use pattern matching, 'Data.List.uncons' or 'Data.Maybe.listToMaybe' instead. Consider refactoring to use "Data.List.NonEmpty"."
    |
554 |           errMsg   = head $ lines msg
    |                      ^^^^

tests/test.hs:627:16: warning: [GHC-63394] [-Wx-partial]
    In the use of ‘head’
    (imported from Prelude, but defined in GHC.Internal.List):
    "This is a partial function, it throws an error on empty lists. Use pattern matching, 'Data.List.uncons' or 'Data.Maybe.listToMaybe' instead. Consider refactoring to use "Data.List.NonEmpty"."
    |
627 |     let text = head . lines . fst $ renderFailure failure "test"
    |                ^^^^

tests/test.hs:720:16: warning: [GHC-63394] [-Wx-partial]
    In the use of ‘head’
    (imported from Prelude, but defined in GHC.Internal.List):
    "This is a partial function, it throws an error on empty lists. Use pattern matching, 'Data.List.uncons' or 'Data.Maybe.listToMaybe' instead. Consider refactoring to use "Data.List.NonEmpty"."
    |
720 |     let text = head . lines . fst $ renderFailure failure "test"
    |                ^^^^

tests/test.hs:730:16: warning: [GHC-63394] [-Wx-partial]
    In the use of ‘head’
    (imported from Prelude, but defined in GHC.Internal.List):
    "This is a partial function, it throws an error on empty lists. Use pattern matching, 'Data.List.uncons' or 'Data.Maybe.listToMaybe' instead. Consider refactoring to use "Data.List.NonEmpty"."
    |
730 |     let text = head . lines . fst $ renderFailure failure "test"
    |                ^^^^

tests/test.hs:742:16: warning: [GHC-63394] [-Wx-partial]
    In the use of ‘head’
    (imported from Prelude, but defined in GHC.Internal.List):
    "This is a partial function, it throws an error on empty lists. Use pattern matching, 'Data.List.uncons' or 'Data.Maybe.listToMaybe' instead. Consider refactoring to use "Data.List.NonEmpty"."
    |
742 |     let text = head . lines . fst $ renderFailure failure "test"
    |                ^^^^

tests/test.hs:753:16: warning: [GHC-63394] [-Wx-partial]
    In the use of ‘head’
    (imported from Prelude, but defined in GHC.Internal.List):
    "This is a partial function, it throws an error on empty lists. Use pattern matching, 'Data.List.uncons' or 'Data.Maybe.listToMaybe' instead. Consider refactoring to use "Data.List.NonEmpty"."
    |
753 |     let text = head . lines . fst $ renderFailure failure "test"
    |                ^^^^

tests/test.hs:762:16: warning: [GHC-63394] [-Wx-partial]
    In the use of ‘head’
    (imported from Prelude, but defined in GHC.Internal.List):
    "This is a partial function, it throws an error on empty lists. Use pattern matching, 'Data.List.uncons' or 'Data.Maybe.listToMaybe' instead. Consider refactoring to use "Data.List.NonEmpty"."
    |
762 |     let text = head . lines . fst $ renderFailure failure "test"
    |                ^^^^

tests/test.hs:771:16: warning: [GHC-63394] [-Wx-partial]
    In the use of ‘head’
    (imported from Prelude, but defined in GHC.Internal.List):
    "This is a partial function, it throws an error on empty lists. Use pattern matching, 'Data.List.uncons' or 'Data.Maybe.listToMaybe' instead. Consider refactoring to use "Data.List.NonEmpty"."
    |
771 |     let text = head . lines . fst $ renderFailure failure "test"
    |                ^^^^

tests/test.hs:916:11: warning: [GHC-62161] [-Wincomplete-uni-patterns]
    Pattern match(es) are non-exhaustive
    In a pattern binding:
        Patterns of type ‘(String, ExitCode)’ not matched:
            (_, (ExitFailure _))
    |
916 |       let (msg, ExitSuccess) = renderFailure failure "<text>"
    |           ^^^^^^^^^^^^^^^^^^^^^^^^^^^^^^^^^^^^^^^^^^^^^^^^^^^

tests/test.hs:929:11: warning: [GHC-62161] [-Wincomplete-uni-patterns]
    Pattern match(es) are non-exhaustive
    In a pattern binding:
        Patterns of type ‘(String, ExitCode)’ not matched:
            (_, (ExitFailure _))
    |
929 |       let (msg, ExitSuccess) = renderFailure failure "<text>"
    |           ^^^^^^^^^^^^^^^^^^^^^^^^^^^^^^^^^^^^^^^^^^^^^^^^^^^

[8 of 8] Linking /tmp/workdir-optparse-applicative/optparse-applicative-0.18.1.0/dist-newstyle/build/x86_64-linux/ghc-9.10.2/optparse-applicative-0.18.1.0/t/tests/build/tests/tests
