Resolving dependencies...
Build profile: -w ghc-9.10.2 -O1
In order, the following will be built (use -v for more details):
 - gogol-storage-1.0.0 (lib) (first run)
Configuring library for gogol-storage-1.0.0...
Warning: [git-protocol] Cloning over git:// might lead to an arbitrary code
execution vulnerability. Furthermore, popular forges like GitHub do not
support it. Use https:// or ssh:// instead.
Preprocessing library for gogol-storage-1.0.0...
Building library for gogol-storage-1.0.0...
[ 1 of 85] Compiling Gogol.Storage.Internal.Sum
[ 2 of 85] Compiling Gogol.Storage.Internal.Product
[ 3 of 85] Compiling Gogol.Storage.Types
[ 4 of 85] Compiling Gogol.Storage.Projects.ServiceAccount.Get
[ 5 of 85] Compiling Gogol.Storage.Projects.HmacKeys.Update
[ 6 of 85] Compiling Gogol.Storage.Projects.HmacKeys.List
[ 7 of 85] Compiling Gogol.Storage.Projects.HmacKeys.Get
[ 8 of 85] Compiling Gogol.Storage.Projects.HmacKeys.Delete
[ 9 of 85] Compiling Gogol.Storage.Projects.HmacKeys.Create
[10 of 85] Compiling Gogol.Storage.Objects.WatchAll
[11 of 85] Compiling Gogol.Storage.Objects.Update
[12 of 85] Compiling Gogol.Storage.Objects.TestIamPermissions
[13 of 85] Compiling Gogol.Storage.Objects.SetIamPolicy
[14 of 85] Compiling Gogol.Storage.Objects.Rewrite
[15 of 85] Compiling Gogol.Storage.Objects.Restore
[16 of 85] Compiling Gogol.Storage.Objects.Patch
[17 of 85] Compiling Gogol.Storage.Objects.Move
[18 of 85] Compiling Gogol.Storage.Objects.List
[19 of 85] Compiling Gogol.Storage.Objects.Insert
[20 of 85] Compiling Gogol.Storage.Objects.GetIamPolicy
[21 of 85] Compiling Gogol.Storage.Objects.Get
[22 of 85] Compiling Gogol.Storage.Objects.Delete
[23 of 85] Compiling Gogol.Storage.Objects.Copy
[24 of 85] Compiling Gogol.Storage.Objects.Compose
[25 of 85] Compiling Gogol.Storage.Objects.BulkRestore
[26 of 85] Compiling Gogol.Storage.ObjectAccessControls.Update
[27 of 85] Compiling Gogol.Storage.ObjectAccessControls.Patch
[28 of 85] Compiling Gogol.Storage.ObjectAccessControls.List
[29 of 85] Compiling Gogol.Storage.ObjectAccessControls.Insert
[30 of 85] Compiling Gogol.Storage.ObjectAccessControls.Get
[31 of 85] Compiling Gogol.Storage.ObjectAccessControls.Delete
[32 of 85] Compiling Gogol.Storage.Notifications.List
[33 of 85] Compiling Gogol.Storage.Notifications.Insert
[34 of 85] Compiling Gogol.Storage.Notifications.Get
[35 of 85] Compiling Gogol.Storage.Notifications.Delete
[36 of 85] Compiling Gogol.Storage.ManagedFolders.TestIamPermissions
[37 of 85] Compiling Gogol.Storage.ManagedFolders.SetIamPolicy
[38 of 85] Compiling Gogol.Storage.ManagedFolders.List
[39 of 85] Compiling Gogol.Storage.ManagedFolders.Insert
[40 of 85] Compiling Gogol.Storage.ManagedFolders.GetIamPolicy
[41 of 85] Compiling Gogol.Storage.ManagedFolders.Get
[42 of 85] Compiling Gogol.Storage.ManagedFolders.Delete
[43 of 85] Compiling Gogol.Storage.Folders.Rename
[44 of 85] Compiling Gogol.Storage.Folders.List
[45 of 85] Compiling Gogol.Storage.Folders.Insert
[46 of 85] Compiling Gogol.Storage.Folders.Get
[47 of 85] Compiling Gogol.Storage.Folders.Delete
[48 of 85] Compiling Gogol.Storage.DefaultObjectAccessControls.Update
[49 of 85] Compiling Gogol.Storage.DefaultObjectAccessControls.Patch
[50 of 85] Compiling Gogol.Storage.DefaultObjectAccessControls.List
[51 of 85] Compiling Gogol.Storage.DefaultObjectAccessControls.Insert
[52 of 85] Compiling Gogol.Storage.DefaultObjectAccessControls.Get
[53 of 85] Compiling Gogol.Storage.DefaultObjectAccessControls.Delete
[54 of 85] Compiling Gogol.Storage.Channels.Stop
[55 of 85] Compiling Gogol.Storage.Buckets.Update
[56 of 85] Compiling Gogol.Storage.Buckets.TestIamPermissions
[57 of 85] Compiling Gogol.Storage.Buckets.SetIamPolicy
[58 of 85] Compiling Gogol.Storage.Buckets.Restore
[59 of 85] Compiling Gogol.Storage.Buckets.Relocate
[60 of 85] Compiling Gogol.Storage.Buckets.Patch
[61 of 85] Compiling Gogol.Storage.Buckets.Operations.List
[62 of 85] Compiling Gogol.Storage.Buckets.Operations.Get
[63 of 85] Compiling Gogol.Storage.Buckets.Operations.Cancel
[64 of 85] Compiling Gogol.Storage.Buckets.Operations.AdvanceRelocateBucket
[65 of 85] Compiling Gogol.Storage.Buckets.LockRetentionPolicy
[66 of 85] Compiling Gogol.Storage.Buckets.List
[67 of 85] Compiling Gogol.Storage.Buckets.Insert
[68 of 85] Compiling Gogol.Storage.Buckets.GetStorageLayout
[69 of 85] Compiling Gogol.Storage.Buckets.GetIamPolicy
[70 of 85] Compiling Gogol.Storage.Buckets.Get
[71 of 85] Compiling Gogol.Storage.Buckets.Delete
[72 of 85] Compiling Gogol.Storage.BucketAccessControls.Update
[73 of 85] Compiling Gogol.Storage.BucketAccessControls.Patch
[74 of 85] Compiling Gogol.Storage.BucketAccessControls.List
[75 of 85] Compiling Gogol.Storage.BucketAccessControls.Insert
[76 of 85] Compiling Gogol.Storage.BucketAccessControls.Get
[77 of 85] Compiling Gogol.Storage.BucketAccessControls.Delete
[78 of 85] Compiling Gogol.Storage.AnywhereCaches.Update
[79 of 85] Compiling Gogol.Storage.AnywhereCaches.Resume
[80 of 85] Compiling Gogol.Storage.AnywhereCaches.Pause
[81 of 85] Compiling Gogol.Storage.AnywhereCaches.List
[82 of 85] Compiling Gogol.Storage.AnywhereCaches.Insert
[83 of 85] Compiling Gogol.Storage.AnywhereCaches.Get
[84 of 85] Compiling Gogol.Storage.AnywhereCaches.Disable
[85 of 85] Compiling Gogol.Storage
