Warning: The package description file ./yesod-sitemap.cabal has warnings:
yesod-sitemap.cabal:17:62: version operators used. To use version operators
the package needs to specify at least 'cabal-version: >= 1.8'.
yesod-sitemap.cabal:18:62: version operators used. To use version operators
the package needs to specify at least 'cabal-version: >= 1.8'.
Warning: The package description file
/tmp/workdir-yesod-sitemap/yesod-sitemap-1.6.0/yesod-sitemap.cabal has
warnings:
/tmp/workdir-yesod-sitemap/yesod-sitemap-1.6.0/yesod-sitemap.cabal:17:62:
version operators used. To use version operators the package needs to specify
at least 'cabal-version: >= 1.8'.
/tmp/workdir-yesod-sitemap/yesod-sitemap-1.6.0/yesod-sitemap.cabal:18:62:
version operators used. To use version operators the package needs to specify
at least 'cabal-version: >= 1.8'.
Resolving dependencies...
Build profile: -w ghc-9.10.2 -O1
In order, the following will be built (use -v for more details):
 - yesod-sitemap-1.6.0 (lib:yesod-sitemap) (first run)
Warning: yesod-sitemap.cabal:17:62: version operators used. To use version
operators the package needs to specify at least 'cabal-version: >= 1.8'.
Warning: yesod-sitemap.cabal:18:62: version operators used. To use version
operators the package needs to specify at least 'cabal-version: >= 1.8'.
Configuring yesod-sitemap-1.6.0...
Preprocessing library for yesod-sitemap-1.6.0...
Building library for yesod-sitemap-1.6.0...
[1 of 1] Compiling Yesod.Sitemap
