Resolving dependencies...
Build profile: -w ghc-9.10.2 -O1
In order, the following will be built (use -v for more details):
 - servant-auth-server-0.4.9.1 (lib) (first run)
 - servant-auth-server-0.4.9.1 (test:spec) (first run)
 - servant-auth-server-0.4.9.1 (test:readme) (first run)
Configuring library for servant-auth-server-0.4.9.1...
Preprocessing library for servant-auth-server-0.4.9.1...
Building library for servant-auth-server-0.4.9.1...
[ 1 of 12] Compiling Servant.Auth.Server.Internal.AddSetCookie
src/Servant/Auth/Server/Internal/AddSetCookie.hs:121:35: warning: [GHC-63397] [-Wname-shadowing]
    This binding for ‘respond’ shadows the existing binding
      imported from ‘Servant’ at src/Servant/Auth/Server/Internal/AddSetCookie.hs:13:1-14
      (and originally defined in ‘Servant.Server.UVerb’)
    |
121 |   addSetCookies cookies r request respond =
    |                                   ^^^^^^^

src/Servant/Auth/Server/Internal/AddSetCookie.hs:126:47: warning: [GHC-63397] [-Wname-shadowing]
    This binding for ‘respond’ shadows the existing binding
      imported from ‘Servant’ at src/Servant/Auth/Server/Internal/AddSetCookie.hs:13:1-14
      (and originally defined in ‘Servant.Server.UVerb’)
    |
126 |   addSetCookies cookies r = Tagged $ \request respond ->
    |                                               ^^^^^^^

[ 2 of 12] Compiling Servant.Auth.Server.Internal.ConfigTypes
[ 3 of 12] Compiling Servant.Auth.Server.Internal.FormLogin
[ 4 of 12] Compiling Servant.Auth.Server.Internal.ThrowAll
src/Servant/Auth/Server/Internal/ThrowAll.hs:12:1: warning: [GHC-66111] [-Wunused-imports]
    The import of ‘Data.Tagged’ is redundant
      except perhaps to import instances from ‘Data.Tagged’
    To import instances alone, use: import Data.Tagged()
   |
12 | import Data.Tagged (Tagged (..))
   | ^^^^^^^^^^^^^^^^^^^^^^^^^^^^^^^^

src/Servant/Auth/Server/Internal/ThrowAll.hs:15:1: warning: [GHC-38856] [-Wunused-imports]
    The import of ‘NamedRoutes, ServerError’
    from module ‘Servant’ is redundant
   |
15 | import Servant (NamedRoutes (..), ServerError (..), (:<|>) (..))
   | ^^^^^^^^^^^^^^^^^^^^^^^^^^^^^^^^^^^^^^^^^^^^^^^^^^^^^^^^^^^^^^^^

src/Servant/Auth/Server/Internal/ThrowAll.hs:15:17: warning: [GHC-99623] [-Wdodgy-imports]
    The import item ‘Servant.API.NamedRoutes.NamedRoutes(..)’ suggests that
    ‘Servant.API.NamedRoutes.NamedRoutes’ has (in-scope) constructors or record fields,
                                              but it has none
   |
15 | import Servant (NamedRoutes (..), ServerError (..), (:<|>) (..))
   |                 ^^^^^^^^^^^^^^^^

src/Servant/Auth/Server/Internal/ThrowAll.hs:48:19: warning: [GHC-63397] [-Wname-shadowing]
    This binding for ‘respond’ shadows the existing binding
      imported from ‘Servant.Server’ at src/Servant/Auth/Server/Internal/ThrowAll.hs:17:1-21
      (and originally defined in ‘Servant.Server.UVerb’)
   |
48 |   throwAll e _req respond =
   |                   ^^^^^^^

src/Servant/Auth/Server/Internal/ThrowAll.hs:57:31: warning: [GHC-63397] [-Wname-shadowing]
    This binding for ‘respond’ shadows the existing binding
      imported from ‘Servant.Server’ at src/Servant/Auth/Server/Internal/ThrowAll.hs:17:1-21
      (and originally defined in ‘Servant.Server.UVerb’)
   |
57 |   throwAll e = Tagged $ \_req respond ->
   |                               ^^^^^^^

[ 5 of 12] Compiling Servant.Auth.Server.Internal.Types
src/Servant/Auth/Server/Internal/Types.hs:10:1: warning: [GHC-66111] [-Wunused-imports]
    The import of ‘Data.Monoid’ is redundant
      except perhaps to import instances from ‘Data.Monoid’
    To import instances alone, use: import Data.Monoid()
   |
10 | import Data.Monoid (Monoid (..))
   | ^^^^^^^^^^^^^^^^^^^^^^^^^^^^^^^^

src/Servant/Auth/Server/Internal/Types.hs:11:1: warning: [GHC-66111] [-Wunused-imports]
    The import of ‘Data.Semigroup’ is redundant
      except perhaps to import instances from ‘Data.Semigroup’
    To import instances alone, use: import Data.Semigroup()
   |
11 | import Data.Semigroup (Semigroup (..))
   | ^^^^^^^^^^^^^^^^^^^^^^^^^^^^^^^^^^^^^^

src/Servant/Auth/Server/Internal/Types.hs:38:3: warning: [GHC-22705] [-Wnoncanonical-monad-instances]
    Noncanonical ‘pure = return’ definition detected
    in the instance declaration for ‘Applicative AuthResult’.
    Suggested fix:
      Move definition from ‘return’ to ‘pure’
      See also: https://gitlab.haskell.org/ghc/ghc/-/wikis/proposal/monad-of-no-return
   |
38 |   pure = return
   |   ^^^^^^^^^^^^^

src/Servant/Auth/Server/Internal/Types.hs:42:3: warning: [GHC-22705] [-Wnoncanonical-monad-instances]
    Noncanonical ‘return’ definition detected
    in the instance declaration for ‘Monad AuthResult’.
    ‘return’ will eventually be removed in favour of ‘pure’
    Suggested fix:
      Either remove definition for ‘return’ (recommended) or define as ‘return = pure’
      See also: https://gitlab.haskell.org/ghc/ghc/-/wikis/proposal/monad-of-no-return
   |
42 |   return = Authenticated
   |   ^^^^^^^^^^^^^^^^^^^^^^

src/Servant/Auth/Server/Internal/Types.hs:76:3: warning: [GHC-22705] [-Wnoncanonical-monad-instances]
    Noncanonical ‘pure = return’ definition detected
    in the instance declaration for ‘Applicative AuthCheck’.
    Suggested fix:
      Move definition from ‘return’ to ‘pure’
      See also: https://gitlab.haskell.org/ghc/ghc/-/wikis/proposal/monad-of-no-return
   |
76 |   pure = return
   |   ^^^^^^^^^^^^^

src/Servant/Auth/Server/Internal/Types.hs:80:3: warning: [GHC-22705] [-Wnoncanonical-monad-instances]
    Noncanonical ‘return’ definition detected
    in the instance declaration for ‘Monad AuthCheck’.
    ‘return’ will eventually be removed in favour of ‘pure’
    Suggested fix:
      Either remove definition for ‘return’ (recommended) or define as ‘return = pure’
      See also: https://gitlab.haskell.org/ghc/ghc/-/wikis/proposal/monad-of-no-return
   |
80 |   return = AuthCheck . return . return . return
   |   ^^^^^^^^^^^^^^^^^^^^^^^^^^^^^^^^^^^^^^^^^^^^^

src/Servant/Auth/Server/Internal/Types.hs:103:10: warning: [GHC-06201] [-Wmissing-methods]
    • No explicit implementation for
        ‘monotonicTime’
    • In the instance declaration for ‘MonadTime AuthCheck’
    |
103 | instance MonadTime AuthCheck where
    |          ^^^^^^^^^^^^^^^^^^^

[ 6 of 12] Compiling Servant.Auth.Server.Internal.JWT
[ 7 of 12] Compiling Servant.Auth.Server.Internal.Cookie
src/Servant/Auth/Server/Internal/Cookie.hs:7:1: warning: [GHC-66111] [-Wunused-imports]
    The import of ‘Control.Monad.Except’ is redundant
      except perhaps to import instances from ‘Control.Monad.Except’
    To import instances alone, use: import Control.Monad.Except()
  |
7 | import Control.Monad.Except
  | ^^^^^^^^^^^^^^^^^^^^^^^^^^^

[ 8 of 12] Compiling Servant.Auth.Server.Internal.BasicAuth
[ 9 of 12] Compiling Servant.Auth.Server.Internal.Class
src/Servant/Auth/Server/Internal/Class.hs:6:1: warning: [GHC-66111] [-Wunused-imports]
    The import of ‘Data.Monoid’ is redundant
      except perhaps to import instances from ‘Data.Monoid’
    To import instances alone, use: import Data.Monoid()
  |
6 | import Data.Monoid
  | ^^^^^^^^^^^^^^^^^^

[10 of 12] Compiling Servant.Auth.Server.Internal
src/Servant/Auth/Server/Internal.hs:23:1: warning: [GHC-66111] [-Wunused-imports]
    The import of ‘Servant.Auth.Server.Internal.JWT’ is redundant
      except perhaps to import instances from ‘Servant.Auth.Server.Internal.JWT’
    To import instances alone, use: import Servant.Auth.Server.Internal.JWT()
   |
23 | import Servant.Auth.Server.Internal.JWT
   | ^^^^^^^^^^^^^^^^^^^^^^^^^^^^^^^^^^^^^^^

[11 of 12] Compiling Servant.Auth.Server
[12 of 12] Compiling Servant.Auth.Server.SetCookieOrphan
Configuring test suite 'spec' for servant-auth-server-0.4.9.1...
Preprocessing test suite 'spec' for servant-auth-server-0.4.9.1...
Building test suite 'spec' for servant-auth-server-0.4.9.1...
[1 of 2] Compiling Servant.Auth.ServerSpec
test/Servant/Auth/ServerSpec.hs:41:1: warning: [GHC-66111] [-Wunused-imports]
    The import of ‘Data.Monoid’ is redundant
      except perhaps to import instances from ‘Data.Monoid’
    To import instances alone, use: import Data.Monoid()
   |
41 | import Data.Monoid
   | ^^^^^^^^^^^^^^^^^^

test/Servant/Auth/ServerSpec.hs:44:1: warning: [GHC-66111] [-Wunused-imports]
    The import of ‘Data.Time.Clock’ is redundant
      except perhaps to import instances from ‘Data.Time.Clock’
    To import instances alone, use: import Data.Time.Clock()
   |
44 | import Data.Time.Clock (getCurrentTime)
   | ^^^^^^^^^^^^^^^^^^^^^^^^^^^^^^^^^^^^^^^

test/Servant/Auth/ServerSpec.hs:75:50: warning: [GHC-61689] [-Wdodgy-imports]
    Module ‘Servant’ does not export ‘header’.
   |
75 | import Servant hiding (BasicAuth, IsSecure (..), header)
   |                                                  ^^^^^^

test/Servant/Auth/ServerSpec.hs:76:1: warning: [GHC-66111] [-Wunused-imports]
    The import of ‘Servant.API.Generic’ is redundant
      except perhaps to import instances from ‘Servant.API.Generic’
    To import instances alone, use: import Servant.API.Generic()
   |
76 | import Servant.API.Generic ((:-))
   | ^^^^^^^^^^^^^^^^^^^^^^^^^^^^^^^^^

test/Servant/Auth/ServerSpec.hs:79:1: warning: [GHC-66111] [-Wunused-imports]
    The import of ‘Servant.Auth.Server.Internal.Cookie’ is redundant
      except perhaps to import instances from ‘Servant.Auth.Server.Internal.Cookie’
    To import instances alone, use: import Servant.Auth.Server.Internal.Cookie()
   |
79 | import Servant.Auth.Server.Internal.Cookie (expireTime)
   | ^^^^^^^^^^^^^^^^^^^^^^^^^^^^^^^^^^^^^^^^^^^^^^^^^^^^^^^

test/Servant/Auth/ServerSpec.hs:80:1: warning: [GHC-15328] [-Wdeprecations]
    Module ‘Servant.Auth.Server.SetCookieOrphan’ is deprecated:
      "instance exists in http-api-data-0.3.9. This module will be removed in next major release."
   |
80 | import Servant.Auth.Server.SetCookieOrphan ()
   | ^^^^^^^^^^^^^^^^^^^^^^^^^^^^^^^^^^^^^^^^^^^^^

test/Servant/Auth/ServerSpec.hs:155:15: warning: [GHC-62161] [-Wincomplete-uni-patterns]
    Pattern match(es) are non-exhaustive
    In a pattern binding:
        Patterns of type ‘[HCli.CookieJar]’ not matched: []
    |
155 |           let (cookieJar : _) = resp ^.. responseCookieJar
    |               ^^^^^^^^^^^^^^^^^^^^^^^^^^^^^^^^^^^^^^^^^^^^

test/Servant/Auth/ServerSpec.hs:156:15: warning: [GHC-62161] [-Wincomplete-uni-patterns]
    Pattern match(es) are non-exhaustive
    In a pattern binding:
        Patterns of type ‘Maybe HCli.Cookie’ not matched: Nothing
    |
156 |               Just xxsrf =
    |               ^^^^^^^^^^^^...

test/Servant/Auth/ServerSpec.hs:178:15: warning: [GHC-62161] [-Wincomplete-uni-patterns]
    Pattern match(es) are non-exhaustive
    In a pattern binding:
        Patterns of type ‘[HCli.CookieJar]’ not matched: []
    |
178 |           let (cookieJar : _) = resp ^.. responseCookieJar
    |               ^^^^^^^^^^^^^^^^^^^^^^^^^^^^^^^^^^^^^^^^^^^^

test/Servant/Auth/ServerSpec.hs:179:15: warning: [GHC-62161] [-Wincomplete-uni-patterns]
    Pattern match(es) are non-exhaustive
    In a pattern binding:
        Patterns of type ‘Maybe HCli.Cookie’ not matched: Nothing
    |
179 |               Just xxsrf =
    |               ^^^^^^^^^^^^...

test/Servant/Auth/ServerSpec.hs:196:15: warning: [GHC-62161] [-Wincomplete-uni-patterns]
    Pattern match(es) are non-exhaustive
    In a pattern binding:
        Patterns of type ‘[HCli.CookieJar]’ not matched: []
    |
196 |           let (cookieJar : _) = resp ^.. responseCookieJar
    |               ^^^^^^^^^^^^^^^^^^^^^^^^^^^^^^^^^^^^^^^^^^^^

test/Servant/Auth/ServerSpec.hs:197:15: warning: [GHC-62161] [-Wincomplete-uni-patterns]
    Pattern match(es) are non-exhaustive
    In a pattern binding:
        Patterns of type ‘Maybe HCli.Cookie’ not matched: Nothing
    |
197 |               Just token =
    |               ^^^^^^^^^^^^...

test/Servant/Auth/ServerSpec.hs:236:13: warning: [GHC-63397] [-Wname-shadowing]
    This binding for ‘resp’ shadows the existing binding
      bound at test/Servant/Auth/ServerSpec.hs:227:13
    |
236 |             resp <- getWith opts (url port ++ "/uverb")
    |             ^^^^

test/Servant/Auth/ServerSpec.hs:255:23: warning: [GHC-62161] [-Wincomplete-uni-patterns]
    Pattern match(es) are non-exhaustive
    In a pattern binding:
        Patterns of type ‘Maybe BS.ByteString’ not matched: Nothing
    |
255 |                       Just xsrfCookieValue = cookie_value <$> find (\c -> cookie_name c == xsrfField xsrfCookieName cookieCfg) (destroyCookieJar jar)
    |                       ^^^^^^^^^^^^^^^^^^^^^^^^^^^^^^^^^^^^^^^^^^^^^^^^^^^^^^^^^^^^^^^^^^^^^^^^^^^^^^^^^^^^^^^^^^^^^^^^^^^^^^^^^^^^^^^^^^^^^^^^^^^^^^^

test/Servant/Auth/ServerSpec.hs:267:13: warning: [GHC-63397] [-Wname-shadowing]
    This binding for ‘resp’ shadows the existing binding
      bound at test/Servant/Auth/ServerSpec.hs:260:13
    |
267 |             resp <- getWith loggedInOpts (url port)
    |             ^^^^

test/Servant/Auth/ServerSpec.hs:271:13: warning: [GHC-63397] [-Wname-shadowing]
    This binding for ‘resp’ shadows the existing binding
      bound at test/Servant/Auth/ServerSpec.hs:267:13
    |
271 |             resp <- getWith loggedInOpts (url port ++ "/logout")
    |             ^^^^

test/Servant/Auth/ServerSpec.hs:331:15: warning: [GHC-63397] [-Wname-shadowing]
    This binding for ‘resp’ shadows the existing binding
      bound at test/Servant/Auth/ServerSpec.hs:324:15
    |
331 |               resp <- getWith (loggedInOpts) (url port)
    |               ^^^^

test/Servant/Auth/ServerSpec.hs:334:15: warning: [GHC-63397] [-Wname-shadowing]
    This binding for ‘resp’ shadows the existing binding
      bound at test/Servant/Auth/ServerSpec.hs:331:15
    |
334 |               resp <- getWith loggedInOpts (url port ++ "/logout")
    |               ^^^^

test/Servant/Auth/ServerSpec.hs:550:1: warning: [GHC-90177] [-Worphans]
    Orphan family instance:
      type instance BasicAuthCfg = JWK
                      -- Defined at test/Servant/Auth/ServerSpec.hs:550:15
    Suggested fix:
      Move the instance declaration to the module of the type family or of the type, or
      wrap the type with a newtype and declare the instance on the new type.
    |
550 | type instance BasicAuthCfg = JWK
    | ^^^^^^^^^^^^^^^^^^^^^^^^^^^^^^^^

test/Servant/Auth/ServerSpec.hs:585:27: warning: [GHC-40910] [-Wunused-matches]
    Defined but not used: ‘usr’
    |
585 |             Authenticated usr -> respond (WithStatus @200 (42 :: Int))
    |                           ^^^

test/Servant/Auth/ServerSpec.hs:631:13: warning: [GHC-63397] [-Wname-shadowing]
    This binding for ‘respond’ shadows the existing binding
      imported from ‘Servant’ at test/Servant/Auth/ServerSpec.hs:75:1-56
      (and originally defined in ‘Servant.Server.UVerb’)
    |
631 |       \_req respond ->
    |             ^^^^^^^

test/Servant/Auth/ServerSpec.hs:704:31: warning: [GHC-68441] [-Wdeprecations]
    In the use of ‘unregisteredClaims’ (imported from Crypto.JWT):
    Deprecated: "use a [subtype](#g:subtypes) to define additional claims"
    |
704 | claims val = emptyClaimsSet & unregisteredClaims . at "dat" .~ Just val
    |                               ^^^^^^^^^^^^^^^^^^

[2 of 2] Compiling Main
[3 of 3] Linking dist-newstyle/build/x86_64-linux/ghc-9.10.2/servant-auth-server-0.4.9.1/t/spec/build/spec/spec
Configuring test suite 'readme' for servant-auth-server-0.4.9.1...
Preprocessing test suite 'readme' for servant-auth-server-0.4.9.1...
Building test suite 'readme' for servant-auth-server-0.4.9.1...
[1 of 1] Compiling Main
README.lhs:40:22: warning: [GHC-39567] [-Wstar-is-type]
    Using ‘*’ (or its Unicode variant) to mean ‘Data.Kind.Type’
    relies on the StarIsType extension, which will become
    deprecated in the future.
    Suggested fix: Use ‘Type’ from ‘Data.Kind’ instead.
   |
40 | data Auth (auths :: [*]) val
   |                      ^

[2 of 2] Linking dist-newstyle/build/x86_64-linux/ghc-9.10.2/servant-auth-server-0.4.9.1/t/readme/build/readme/readme
