Resolving dependencies...
Build profile: -w ghc-9.10.2 -O1
In order, the following will be built (use -v for more details):
 - data-effects-th-0.4.2.1 (lib) (first run)
 - data-effects-th-0.4.2.1 (test:Example) (first run)
Configuring library for data-effects-th-0.4.2.1...
Preprocessing library for data-effects-th-0.4.2.1...
Building library for data-effects-th-0.4.2.1...
[1 of 4] Compiling Data.Effect.TH.Internal
src/Data/Effect/TH/Internal.hs:31:19: warning: [GHC-38856] [-Wunused-imports]
    The import of ‘foldl'’ from module ‘Data.List’ is redundant
   |
31 | import Data.List (foldl', uncons)
   |                   ^^^^^^

[2 of 4] Compiling Data.Effect.HFunctor.TH.Internal
src/Data/Effect/HFunctor/TH/Internal.hs:69:1: warning: [GHC-66111] [-Wunused-imports]
    The import of ‘Data.Foldable’ is redundant
      except perhaps to import instances from ‘Data.Foldable’
    To import instances alone, use: import Data.Foldable()
   |
69 | import Data.Foldable (foldl')
   | ^^^^^^^^^^^^^^^^^^^^^^^^^^^^^

[3 of 4] Compiling Data.Effect.TH
[4 of 4] Compiling Data.Effect.HFunctor.TH
Configuring test suite 'Example' for data-effects-th-0.4.2.1...
Preprocessing test suite 'Example' for data-effects-th-0.4.2.1...
Building test suite 'Example' for data-effects-th-0.4.2.1...
[1 of 2] Compiling Example
[2 of 2] Compiling Main
[3 of 3] Linking dist-newstyle/build/x86_64-linux/ghc-9.10.2/data-effects-th-0.4.2.1/t/Example/build/Example/Example
