Resolving dependencies...
Build profile: -w ghc-9.10.2 -O1
In order, the following will be built (use -v for more details):
 - registry-aeson-0.3.1.2 (lib) (first run)
 - registry-aeson-0.3.1.2 (test:spec) (first run)
Configuring library for registry-aeson-0.3.1.2...
Preprocessing library for registry-aeson-0.3.1.2...
Building library for registry-aeson-0.3.1.2...
[1 of 7] Compiling Data.Registry.Aeson.TH.ThOptions
[2 of 7] Compiling Data.Registry.Aeson.TH.TH
[3 of 7] Compiling Data.Registry.Aeson.TH.Encoder
[4 of 7] Compiling Data.Registry.Aeson.TH.Decoder
[5 of 7] Compiling Data.Registry.Aeson.Encoder
[6 of 7] Compiling Data.Registry.Aeson.Decoder
[7 of 7] Compiling Paths_registry_aeson
Configuring test suite 'spec' for registry-aeson-0.3.1.2...
Preprocessing test suite 'spec' for registry-aeson-0.3.1.2...
Building test suite 'spec' for registry-aeson-0.3.1.2...
[ 1 of 13] Compiling Paths_registry_aeson
[ 2 of 13] Compiling Test.Data.Registry.Aeson.DataTypes
[ 3 of 13] Compiling Test.Data.Registry.Aeson.Examples.Deliverix
[ 4 of 13] Compiling Test.Data.Registry.Aeson.Examples.Protocols
[ 5 of 13] Compiling Test.Data.Registry.Aeson.Examples.ProtocolEvolution
[ 6 of 13] Compiling Test.Data.Registry.Aeson.RecursiveSpec
[ 7 of 13] Compiling Test.Data.Registry.Aeson.RoundtripData
[ 8 of 13] Compiling Test.Data.Registry.Aeson.SimilarDataTypes
[ 9 of 13] Compiling Test.Data.Registry.Aeson.EncoderSpec
[10 of 13] Compiling Test.Data.Registry.Aeson.RoundtripSpec
[11 of 13] Compiling Test.Data.Registry.Aeson.DecoderSpec
[12 of 13] Compiling AutoDiscoveredSpecs
[13 of 13] Compiling Main
[14 of 14] Linking /tmp/workdir-registry-aeson/registry-aeson-0.3.1.2/dist-newstyle/build/x86_64-linux/ghc-9.10.2/registry-aeson-0.3.1.2/t/spec/build/spec/spec
