Resolving dependencies...
Build profile: -w ghc-9.10.2 -O1
In order, the following will be built (use -v for more details):
 - lambdabot-irc-plugins-5.3.1.2 (lib) (first run)
Configuring library for lambdabot-irc-plugins-5.3.1.2...
Preprocessing library for lambdabot-irc-plugins-5.3.1.2...
Building library for lambdabot-irc-plugins-5.3.1.2...
[1 of 6] Compiling Lambdabot.Config.IRC
[2 of 6] Compiling Lambdabot.Plugin.IRC.IRC
[3 of 6] Compiling Lambdabot.Plugin.IRC.Localtime
[4 of 6] Compiling Lambdabot.Plugin.IRC.Log
src/Lambdabot/Plugin/IRC/Log.hs:203:49: warning: [GHC-63394] [-Wx-partial]
    In the use of ‘head’
    (imported from Prelude, but defined in GHC.Internal.List):
    "This is a partial function, it throws an error on empty lists. Use pattern matching, 'Data.List.uncons' or 'Data.Maybe.listToMaybe' instead. Consider refactoring to use "Data.List.NonEmpty"."
    |
203 | kickCB msg ct = Kicked (Msg.nick msg) { nName = head $ tail $ ircMsgParams msg }
    |                                                 ^^^^

src/Lambdabot/Plugin/IRC/Log.hs:203:56: warning: [GHC-63394] [-Wx-partial]
    In the use of ‘tail’
    (imported from Prelude, but defined in GHC.Internal.List):
    "This is a partial function, it throws an error on empty lists. Replace it with 'drop' 1, or use pattern matching or 'GHC.Internal.Data.List.uncons' instead. Consider refactoring to use "Data.List.NonEmpty"."
    |
203 | kickCB msg ct = Kicked (Msg.nick msg) { nName = head $ tail $ ircMsgParams msg }
    |                                                        ^^^^

src/Lambdabot/Plugin/IRC/Log.hs:207:25: warning: [GHC-63394] [-Wx-partial]
    In the use of ‘tail’
    (imported from Prelude, but defined in GHC.Internal.List):
    "This is a partial function, it throws an error on empty lists. Replace it with 'drop' 1, or use pattern matching or 'GHC.Internal.Data.List.uncons' instead. Consider refactoring to use "Data.List.NonEmpty"."
    |
207 |                        (tail . concat . tail . tail $ ircMsgParams msg)
    |                         ^^^^

src/Lambdabot/Plugin/IRC/Log.hs:207:41: warning: [GHC-63394] [-Wx-partial]
    In the use of ‘tail’
    (imported from Prelude, but defined in GHC.Internal.List):
    "This is a partial function, it throws an error on empty lists. Replace it with 'drop' 1, or use pattern matching or 'GHC.Internal.Data.List.uncons' instead. Consider refactoring to use "Data.List.NonEmpty"."
    |
207 |                        (tail . concat . tail . tail $ ircMsgParams msg)
    |                                         ^^^^

src/Lambdabot/Plugin/IRC/Log.hs:207:48: warning: [GHC-63394] [-Wx-partial]
    In the use of ‘tail’
    (imported from Prelude, but defined in GHC.Internal.List):
    "This is a partial function, it throws an error on empty lists. Replace it with 'drop' 1, or use pattern matching or 'GHC.Internal.Data.List.uncons' instead. Consider refactoring to use "Data.List.NonEmpty"."
    |
207 |                        (tail . concat . tail . tail $ ircMsgParams msg)
    |                                                ^^^^

src/Lambdabot/Plugin/IRC/Log.hs:213:63: warning: [GHC-63394] [-Wx-partial]
    In the use of ‘head’
    (imported from Prelude, but defined in GHC.Internal.List):
    "This is a partial function, it throws an error on empty lists. Use pattern matching, 'Data.List.uncons' or 'Data.Maybe.listToMaybe' instead. Consider refactoring to use "Data.List.NonEmpty"."
    |
213 |                        (parseNick (Msg.server msg) $ drop 1 $ head $ ircMsgParams msg)
    |                                                               ^^^^

src/Lambdabot/Plugin/IRC/Log.hs:218:33: warning: [GHC-63394] [-Wx-partial]
    In the use of ‘tail’
    (imported from Prelude, but defined in GHC.Internal.List):
    "This is a partial function, it throws an error on empty lists. Replace it with 'drop' 1, or use pattern matching or 'GHC.Internal.Data.List.uncons' instead. Consider refactoring to use "Data.List.NonEmpty"."
    |
218 |                      (unwords $ tail $ ircMsgParams msg)
    |                                 ^^^^

src/Lambdabot/Plugin/IRC/Log.hs:223:22: warning: [GHC-63394] [-Wx-partial]
    In the use of ‘tail’
    (imported from Prelude, but defined in GHC.Internal.List):
    "This is a partial function, it throws an error on empty lists. Replace it with 'drop' 1, or use pattern matching or 'GHC.Internal.Data.List.uncons' instead. Consider refactoring to use "Data.List.NonEmpty"."
    |
223 |                     (tail . concat . tail $ ircMsgParams msg)
    |                      ^^^^

src/Lambdabot/Plugin/IRC/Log.hs:223:38: warning: [GHC-63394] [-Wx-partial]
    In the use of ‘tail’
    (imported from Prelude, but defined in GHC.Internal.List):
    "This is a partial function, it throws an error on empty lists. Replace it with 'drop' 1, or use pattern matching or 'GHC.Internal.Data.List.uncons' instead. Consider refactoring to use "Data.List.NonEmpty"."
    |
223 |                     (tail . concat . tail $ ircMsgParams msg)
    |                                      ^^^^

[5 of 6] Compiling Lambdabot.Plugin.IRC.Topic
src/Lambdabot/Plugin/IRC/Topic.hs:40:30: warning: [GHC-63394] [-Wx-partial]
    In the use of ‘tail’
    (imported from Prelude, but defined in GHC.Internal.List):
    "This is a partial function, it throws an error on empty lists. Replace it with 'drop' 1, or use pattern matching or 'GHC.Internal.Data.List.uncons' instead. Consider refactoring to use "Data.List.NonEmpty"."
   |
40 |       (alterListTopic (const tail))
   |                              ^^^^

[6 of 6] Compiling Lambdabot.Plugin.IRC
