Resolving dependencies...
Build profile: -w ghc-9.10.2 -O1
In order, the following will be built (use -v for more details):
 - hlint-3.10 (lib) (first run)
 - hlint-3.10 (exe:hlint) (first run)
Configuring library for hlint-3.10...
Preprocessing library for hlint-3.10...
Building library for hlint-3.10...
[ 1 of 62] Compiling EmbedData
[ 2 of 62] Compiling Extension
[ 3 of 62] Compiling Fixity
[ 4 of 62] Compiling GHC.Util.ApiAnnotation
[ 5 of 62] Compiling GHC.Util.Brackets
[ 6 of 62] Compiling GHC.Util.DynFlags
[ 7 of 62] Compiling GHC.Util.FreeVars
[ 8 of 62] Compiling GHC.Util.HsDecl
[ 9 of 62] Compiling GHC.Util.Scope
[10 of 62] Compiling GHC.Util.SrcLoc
[11 of 62] Compiling GHC.Util.View
[12 of 62] Compiling HsColour
[13 of 62] Compiling Parallel
[14 of 62] Compiling Paths_hlint
[15 of 62] Compiling Refact
[16 of 62] Compiling GHC.Util.HsExpr
[17 of 62] Compiling Timing
[18 of 62] Compiling Util
[19 of 62] Compiling GHC.Util.Unify
[20 of 62] Compiling GHC.Util
[21 of 62] Compiling Config.Type
[22 of 62] Compiling Idea
[23 of 62] Compiling Test.Util
[24 of 62] Compiling Test.InputOutput
[25 of 62] Compiling SARIF
[26 of 62] Compiling Report
[27 of 62] Compiling CC
[28 of 62] Compiling GHC.All
[29 of 62] Compiling Hint.Type
[30 of 62] Compiling Hint.Unsafe
[31 of 62] Compiling Hint.Smell
[32 of 62] Compiling Hint.Restrict
[33 of 62] Compiling Hint.Pragma
[34 of 62] Compiling Hint.Pattern
[35 of 62] Compiling Hint.NumLiteral
[36 of 62] Compiling Hint.NewType
[37 of 62] Compiling Hint.Negation
[38 of 62] Compiling Hint.Naming
[39 of 62] Compiling Hint.Monad
[40 of 62] Compiling Hint.Match
[41 of 62] Compiling Hint.ListRec
[42 of 62] Compiling Hint.List
[43 of 62] Compiling Hint.Lambda
[44 of 62] Compiling Hint.Import
[45 of 62] Compiling Hint.Fixities
[46 of 62] Compiling Hint.Extensions
[47 of 62] Compiling Hint.Export
[48 of 62] Compiling Hint.Duplicate
[49 of 62] Compiling Hint.Comment
[50 of 62] Compiling Hint.Bracket
[51 of 62] Compiling Hint.All
[52 of 62] Compiling Config.Yaml
[53 of 62] Compiling Config.Read
[54 of 62] Compiling Config.Compute
[55 of 62] Compiling Config.Haskell
[56 of 62] Compiling CmdLine
[57 of 62] Compiling Apply
[58 of 62] Compiling Test.Annotations
[59 of 62] Compiling Test.All
[60 of 62] Compiling Summary
[61 of 62] Compiling HLint
[62 of 62] Compiling Language.Haskell.HLint
Configuring executable 'hlint' for hlint-3.10...
Preprocessing executable 'hlint' for hlint-3.10...
Building executable 'hlint' for hlint-3.10...
[1 of 1] Compiling Main
[2 of 2] Linking dist-newstyle/build/x86_64-linux/ghc-9.10.2/hlint-3.10/x/hlint/build/hlint/hlint
