Build profile: -w ghc-9.6.5 -O1
In order, the following will be built (use -v for more details):
 - gi-javascriptcore-4.0.27 (lib:gi-javascriptcore) (first run)
[1 of 2] Compiling Main             ( /tmp/workdir-gi-javascriptcore/gi-javascriptcore-4.0.27/dist-newstyle/build/x86_64-linux/ghc-9.6.5/gi-javascriptcore-4.0.27/setup/setup.hs, /tmp/workdir-gi-javascriptcore/gi-javascriptcore-4.0.27/dist-newstyle/build/x86_64-linux/ghc-9.6.5/gi-javascriptcore-4.0.27/setup/Main.o )
[2 of 2] Linking /tmp/workdir-gi-javascriptcore/gi-javascriptcore-4.0.27/dist-newstyle/build/x86_64-linux/ghc-9.6.5/gi-javascriptcore-4.0.27/setup/setup
Configuring gi-javascriptcore-4.0.27...
Preprocessing library for gi-javascriptcore-4.0.27..
Building library for gi-javascriptcore-4.0.27..
[ 1 of 25] Compiling GI.JavaScriptCore.Config
[ 2 of 25] Compiling GI.JavaScriptCore.Constants
[ 3 of 25] Compiling GI.JavaScriptCore.Enums[boot]
[ 4 of 25] Compiling GI.JavaScriptCore.Enums
[ 5 of 25] Compiling GI.JavaScriptCore.Flags[boot]
[ 6 of 25] Compiling GI.JavaScriptCore.Flags
[ 7 of 25] Compiling GI.JavaScriptCore.Objects.VirtualMachine[boot]
[ 8 of 25] Compiling GI.JavaScriptCore.Objects.VirtualMachine
[ 9 of 25] Compiling GI.JavaScriptCore.Objects.Class[boot]
[10 of 25] Compiling GI.JavaScriptCore.Objects.Exception[boot]
[11 of 25] Compiling GI.JavaScriptCore.Objects.Context[boot]
[12 of 25] Compiling GI.JavaScriptCore.Objects.Exception
[13 of 25] Compiling GI.JavaScriptCore.Objects.Value[boot]
[14 of 25] Compiling GI.JavaScriptCore.Callbacks
[15 of 25] Compiling GI.JavaScriptCore.Objects.Value
[16 of 25] Compiling GI.JavaScriptCore.Objects.Class
[17 of 25] Compiling GI.JavaScriptCore.Structs.ClassVTable[boot]
[18 of 25] Compiling GI.JavaScriptCore.Structs.ClassVTable
[19 of 25] Compiling GI.JavaScriptCore.Objects.Context
[20 of 25] Compiling GI.JavaScriptCore.Structs
[21 of 25] Compiling GI.JavaScriptCore.Objects.WeakValue[boot]
[22 of 25] Compiling GI.JavaScriptCore.Objects.WeakValue
[23 of 25] Compiling GI.JavaScriptCore.Objects
[24 of 25] Compiling GI.JavaScriptCore.Functions
[25 of 25] Compiling GI.JavaScriptCore
