Build profile: -w ghc-9.6.5 -O1
In order, the following will be built (use -v for more details):
 - JuicyPixels-3.3.8 (lib) (first run)
Configuring library for JuicyPixels-3.3.8...
Preprocessing library for JuicyPixels-3.3.8...
Building library for JuicyPixels-3.3.8...
[ 1 of 30] Compiling Codec.Picture.InternalHelper
[ 2 of 30] Compiling Codec.Picture.Metadata.Exif
[ 3 of 30] Compiling Codec.Picture.Metadata
[ 4 of 30] Compiling Codec.Picture.Tiff.Internal.Types
[ 5 of 30] Compiling Codec.Picture.Tiff.Internal.Metadata
[ 6 of 30] Compiling Codec.Picture.Types

src/Codec/Picture/Types.hs:235:53: warning: [GHC-58520] [-Wtype-equality-requires-operators]
    The use of ‘~’ without TypeOperators
    will become an error in a future GHC release.
    Suggested fix: Perhaps you intended to use TypeOperators
    |
235 |                                                     ~ PixelBaseComponent px
    |                                                     ^

src/Codec/Picture/Types.hs:250:47: warning: [GHC-58520] [-Wtype-equality-requires-operators]
    The use of ‘~’ without TypeOperators
    will become an error in a future GHC release.
    Suggested fix: Perhaps you intended to use TypeOperators
    |
250 |                                               ~ PixelBaseComponent a)
    |                                               ^

src/Codec/Picture/Types.hs:705:34: warning: [GHC-39567] [-Wstar-is-type]
    Using ‘*’ (or its Unicode variant) to mean ‘Data.Kind.Type’
    relies on the StarIsType extension, which will become
    deprecated in the future.
    Suggested fix: Use ‘Type’ from ‘Data.Kind’ instead.
    |
705 |     type PixelBaseComponent a :: *
    |                                  ^
[ 7 of 30] Compiling Codec.Picture.Png.Internal.Type
[ 8 of 30] Compiling Codec.Picture.Png.Internal.Metadata
[ 9 of 30] Compiling Codec.Picture.VectorByteConversion

src/Codec/Picture/VectorByteConversion.hs:43:58: warning: [GHC-58520] [-Wtype-equality-requires-operators]
    The use of ‘~’ without TypeOperators
    will become an error in a future GHC release.
    Suggested fix: Perhaps you intended to use TypeOperators
   |
43 |                     . (Pixel px, (PixelBaseComponent px) ~ Word8)
   |                                                          ^
[10 of 30] Compiling Codec.Picture.Tga
[11 of 30] Compiling Codec.Picture.Png.Internal.Export

src/Codec/Picture/Png/Internal/Export.hs:127:71: warning: [GHC-58520] [-Wtype-equality-requires-operators]
    The use of ‘~’ without TypeOperators
    will become an error in a future GHC release.
    Suggested fix: Perhaps you intended to use TypeOperators
    |
127 | genericEncode16BitsPng :: forall px. (Pixel px, PixelBaseComponent px ~ Word16)
    |                                                                       ^

src/Codec/Picture/Png/Internal/Export.hs:179:65: warning: [GHC-58520] [-Wtype-equality-requires-operators]
    The use of ‘~’ without TypeOperators
    will become an error in a future GHC release.
    Suggested fix: Perhaps you intended to use TypeOperators
    |
179 | genericEncodePng :: forall px. (Pixel px, PixelBaseComponent px ~ Word8)
    |                                                                 ^
[12 of 30] Compiling Codec.Picture.Png
[13 of 30] Compiling Codec.Picture.HDR
[14 of 30] Compiling Codec.Picture.Bitmap
[15 of 30] Compiling Codec.Picture.BitWriter
[16 of 30] Compiling Codec.Picture.Jpg.Internal.DefaultTable
[17 of 30] Compiling Codec.Picture.Jpg.Internal.Types
[18 of 30] Compiling Codec.Picture.Jpg.Internal.Metadata
[19 of 30] Compiling Codec.Picture.Jpg.Internal.FastIdct
[20 of 30] Compiling Codec.Picture.Jpg.Internal.FastDct
[21 of 30] Compiling Codec.Picture.Jpg.Internal.Common
[22 of 30] Compiling Codec.Picture.Jpg.Internal.Progressive
[23 of 30] Compiling Codec.Picture.Jpg

src/Codec/Picture/Jpg.hs:613:13: warning: [GHC-62161] [-Wincomplete-uni-patterns]
    Pattern match(es) are non-exhaustive
    In a pattern binding:
        Patterns of type ‘Maybe JpgFrameHeader’ not matched: Nothing
    |
613 |             Just fHdr = currentFrame st
    |             ^^^^^^^^^^^^^^^^^^^^^^^^^^^

src/Codec/Picture/Jpg.hs:627:13: warning: [GHC-62161] [-Wincomplete-uni-patterns]
    Pattern match(es) are non-exhaustive
    In a pattern binding:
        Patterns of type ‘Maybe JpgFrameHeader’ not matched: Nothing
    |
627 |             Just fHdr = currentFrame st
    |             ^^^^^^^^^^^^^^^^^^^^^^^^^^^

src/Codec/Picture/Jpg.hs:638:53: warning: [GHC-58520] [-Wtype-equality-requires-operators]
    The use of ‘~’ without TypeOperators
    will become an error in a future GHC release.
    Suggested fix: Perhaps you intended to use TypeOperators
    |
638 | extractBlock :: forall s px. (PixelBaseComponent px ~ Word8)
    |                                                     ^

src/Codec/Picture/Jpg.hs:795:40: warning: [GHC-58520] [-Wtype-equality-requires-operators]
    The use of ‘~’ without TypeOperators
    will become an error in a future GHC release.
    Suggested fix: Perhaps you intended to use TypeOperators
    |
795 | class (Pixel px, PixelBaseComponent px ~ Word8) => JpgEncodable px where
    |                                        ^
[24 of 30] Compiling Codec.Picture.Gif.Internal.LZWEncoding
[25 of 30] Compiling Codec.Picture.Gif.Internal.LZW
[26 of 30] Compiling Codec.Picture.Tiff

src/Codec/Picture/Tiff.hs:212:27: warning: [GHC-39567] [-Wstar-is-type]
    Using ‘*’ (or its Unicode variant) to mean ‘Data.Kind.Type’
    relies on the StarIsType extension, which will become
    deprecated in the future.
    Suggested fix: Use ‘Type’ from ‘Data.Kind’ instead.
    |
212 |     type StorageType a :: *
    |                           ^

src/Codec/Picture/Tiff.hs:486:36: warning: [GHC-58520] [-Wtype-equality-requires-operators]
    The use of ‘~’ without TypeOperators
    will become an error in a future GHC release.
    Suggested fix: Perhaps you intended to use TypeOperators
    |
486 |                 , StorageType comp ~ PixelBaseComponent pixel
    |                                    ^
[27 of 30] Compiling Codec.Picture.Gif
[28 of 30] Compiling Codec.Picture.ColorQuant
[29 of 30] Compiling Codec.Picture.Saving

src/Codec/Picture/Saving.hs:46:42: warning: [GHC-58520] [-Wtype-equality-requires-operators]
    The use of ‘~’ without TypeOperators
    will become an error in a future GHC release.
    Suggested fix: Perhaps you intended to use TypeOperators
   |
46 | from16to8 :: ( PixelBaseComponent source ~ Word16
   |                                          ^

src/Codec/Picture/Saving.hs:47:40: warning: [GHC-58520] [-Wtype-equality-requires-operators]
    The use of ‘~’ without TypeOperators
    will become an error in a future GHC release.
    Suggested fix: Perhaps you intended to use TypeOperators
   |
47 |              , PixelBaseComponent dest ~ Word8 )
   |                                        ^

src/Codec/Picture/Saving.hs:54:42: warning: [GHC-58520] [-Wtype-equality-requires-operators]
    The use of ‘~’ without TypeOperators
    will become an error in a future GHC release.
    Suggested fix: Perhaps you intended to use TypeOperators
   |
54 | from32to8 :: ( PixelBaseComponent source ~ Word32
   |                                          ^

src/Codec/Picture/Saving.hs:55:40: warning: [GHC-58520] [-Wtype-equality-requires-operators]
    The use of ‘~’ without TypeOperators
    will become an error in a future GHC release.
    Suggested fix: Perhaps you intended to use TypeOperators
   |
55 |              , PixelBaseComponent dest ~ Word8 )
   |                                        ^

src/Codec/Picture/Saving.hs:62:43: warning: [GHC-58520] [-Wtype-equality-requires-operators]
    The use of ‘~’ without TypeOperators
    will become an error in a future GHC release.
    Suggested fix: Perhaps you intended to use TypeOperators
   |
62 | from32to16 :: ( PixelBaseComponent source ~ Word32
   |                                           ^

src/Codec/Picture/Saving.hs:63:40: warning: [GHC-58520] [-Wtype-equality-requires-operators]
    The use of ‘~’ without TypeOperators
    will become an error in a future GHC release.
    Suggested fix: Perhaps you intended to use TypeOperators
   |
63 |              , PixelBaseComponent dest ~ Word16 )
   |                                        ^

src/Codec/Picture/Saving.hs:70:46: warning: [GHC-58520] [-Wtype-equality-requires-operators]
    The use of ‘~’ without TypeOperators
    will become an error in a future GHC release.
    Suggested fix: Perhaps you intended to use TypeOperators
   |
70 | from16toFloat :: ( PixelBaseComponent source ~ Word16
   |                                              ^

src/Codec/Picture/Saving.hs:71:44: warning: [GHC-58520] [-Wtype-equality-requires-operators]
    The use of ‘~’ without TypeOperators
    will become an error in a future GHC release.
    Suggested fix: Perhaps you intended to use TypeOperators
   |
71 |                  , PixelBaseComponent dest ~ Float )
   |                                            ^
[30 of 30] Compiling Codec.Picture

src/Codec/Picture.hs:294:44: warning: [GHC-58520] [-Wtype-equality-requires-operators]
    The use of ‘~’ without TypeOperators
    will become an error in a future GHC release.
    Suggested fix: Perhaps you intended to use TypeOperators
    |
294 |                   , PixelBaseComponent px1 ~ Pixel16
    |                                            ^

src/Codec/Picture.hs:295:44: warning: [GHC-58520] [-Wtype-equality-requires-operators]
    The use of ‘~’ without TypeOperators
    will become an error in a future GHC release.
    Suggested fix: Perhaps you intended to use TypeOperators
    |
295 |                   , PixelBaseComponent px2 ~ Pixel8
    |                                            ^

src/Codec/Picture.hs:301:44: warning: [GHC-58520] [-Wtype-equality-requires-operators]
    The use of ‘~’ without TypeOperators
    will become an error in a future GHC release.
    Suggested fix: Perhaps you intended to use TypeOperators
    |
301 |                   , PixelBaseComponent px1 ~ Pixel32
    |                                            ^

src/Codec/Picture.hs:302:44: warning: [GHC-58520] [-Wtype-equality-requires-operators]
    The use of ‘~’ without TypeOperators
    will become an error in a future GHC release.
    Suggested fix: Perhaps you intended to use TypeOperators
    |
302 |                   , PixelBaseComponent px2 ~ Pixel16
    |                                            ^

src/Codec/Picture.hs:308:44: warning: [GHC-58520] [-Wtype-equality-requires-operators]
    The use of ‘~’ without TypeOperators
    will become an error in a future GHC release.
    Suggested fix: Perhaps you intended to use TypeOperators
    |
308 |                   , PixelBaseComponent px1 ~ Pixel32
    |                                            ^

src/Codec/Picture.hs:309:44: warning: [GHC-58520] [-Wtype-equality-requires-operators]
    The use of ‘~’ without TypeOperators
    will become an error in a future GHC release.
    Suggested fix: Perhaps you intended to use TypeOperators
    |
309 |                   , PixelBaseComponent px2 ~ Pixel8
    |                                            ^

src/Codec/Picture.hs:315:43: warning: [GHC-58520] [-Wtype-equality-requires-operators]
    The use of ‘~’ without TypeOperators
    will become an error in a future GHC release.
    Suggested fix: Perhaps you intended to use TypeOperators
    |
315 |                  , PixelBaseComponent px1 ~ PixelF
    |                                           ^

src/Codec/Picture.hs:316:43: warning: [GHC-58520] [-Wtype-equality-requires-operators]
    The use of ‘~’ without TypeOperators
    will become an error in a future GHC release.
    Suggested fix: Perhaps you intended to use TypeOperators
    |
316 |                  , PixelBaseComponent px2 ~ Pixel8
    |                                           ^

src/Codec/Picture.hs:322:43: warning: [GHC-58520] [-Wtype-equality-requires-operators]
    The use of ‘~’ without TypeOperators
    will become an error in a future GHC release.
    Suggested fix: Perhaps you intended to use TypeOperators
    |
322 |                  , PixelBaseComponent px1 ~ PixelF
    |                                           ^

src/Codec/Picture.hs:323:43: warning: [GHC-58520] [-Wtype-equality-requires-operators]
    The use of ‘~’ without TypeOperators
    will become an error in a future GHC release.
    Suggested fix: Perhaps you intended to use TypeOperators
    |
323 |                  , PixelBaseComponent px2 ~ Pixel16
    |                                           ^
