Warning: The package description file ./latex.cabal has warnings:
latex.cabal:36:25: version operators used. To use version operators the
package needs to specify at least 'cabal-version: >= 1.8'.
latex.cabal:37:26: version operators used. To use version operators the
package needs to specify at least 'cabal-version: >= 1.8'.
latex.cabal:38:17: version operators used. To use version operators the
package needs to specify at least 'cabal-version: >= 1.8'.
Warning: The package description file
/tmp/workdir-latex/latex-0.1.0.4/latex.cabal has warnings:
/tmp/workdir-latex/latex-0.1.0.4/latex.cabal:36:25: version operators used. To
use version operators the package needs to specify at least 'cabal-version: >=
1.8'.
/tmp/workdir-latex/latex-0.1.0.4/latex.cabal:37:26: version operators used. To
use version operators the package needs to specify at least 'cabal-version: >=
1.8'.
/tmp/workdir-latex/latex-0.1.0.4/latex.cabal:38:17: version operators used. To
use version operators the package needs to specify at least 'cabal-version: >=
1.8'.
Resolving dependencies...
Build profile: -w ghc-9.10.2 -O1
In order, the following will be built (use -v for more details):
 - latex-0.1.0.4 (lib:latex) (first run)
Warning: latex.cabal:36:25: version operators used. To use version operators
the package needs to specify at least 'cabal-version: >= 1.8'.
Warning: latex.cabal:37:26: version operators used. To use version operators
the package needs to specify at least 'cabal-version: >= 1.8'.
Warning: latex.cabal:38:17: version operators used. To use version operators
the package needs to specify at least 'cabal-version: >= 1.8'.
Configuring latex-0.1.0.4...
Preprocessing library for latex-0.1.0.4...
Building library for latex-0.1.0.4...
[1 of 1] Compiling Text.LaTeX.Character
