Resolving dependencies...
Build profile: -w ghc-9.10.2 -O1
In order, the following will be built (use -v for more details):
 - bindings-GLFW-3.3.9.2 (lib) (first run)
 - bindings-GLFW-3.3.9.2 (test:main) (first run)
Configuring library for bindings-GLFW-3.3.9.2...
Warning: [git-protocol] Cloning over git:// might lead to an arbitrary code
execution vulnerability. Furthermore, popular forges like GitHub do not
support it. Use https:// or ssh:// instead.
Preprocessing library for bindings-GLFW-3.3.9.2...
Building library for bindings-GLFW-3.3.9.2...
[1 of 1] Compiling Bindings.GLFW
Configuring test suite 'main' for bindings-GLFW-3.3.9.2...
Warning: [git-protocol] Cloning over git:// might lead to an arbitrary code
execution vulnerability. Furthermore, popular forges like GitHub do not
support it. Use https:// or ssh:// instead.
Preprocessing test suite 'main' for bindings-GLFW-3.3.9.2...
Building test suite 'main' for bindings-GLFW-3.3.9.2...
[1 of 1] Compiling Main
[2 of 2] Linking dist-newstyle/build/x86_64-linux/ghc-9.10.2/bindings-GLFW-3.3.9.2/t/main/build/main/main
