Resolving dependencies...
Build profile: -w ghc-9.10.2 -O1
In order, the following will be built (use -v for more details):
 - persistent-documentation-0.1.0.6 (lib) (first run)
 - persistent-documentation-0.1.0.6 (test:spec) (first run)
Configuring library for persistent-documentation-0.1.0.6...
Preprocessing library for persistent-documentation-0.1.0.6...
Building library for persistent-documentation-0.1.0.6...
[1 of 4] Compiling Data.SemiMap
[2 of 4] Compiling Data.StrMap
[3 of 4] Compiling Database.Persist.Documentation.Internal
[4 of 4] Compiling Database.Persist.Documentation
src/Database/Persist/Documentation.hs:204:25: warning: [GHC-63394] [-Wx-partial]
    In the use of ‘head’
    (imported from Prelude, but defined in GHC.Internal.List):
    "This is a partial function, it throws an error on empty lists. Use pattern matching, 'Data.List.uncons' or 'Data.Maybe.listToMaybe' instead. Consider refactoring to use "Data.List.NonEmpty"."
    |
204 |                         head $ EntityIdField <$> alignFields [field] cs
    |                         ^^^^

Configuring test suite 'spec' for persistent-documentation-0.1.0.6...
Preprocessing test suite 'spec' for persistent-documentation-0.1.0.6...
Building test suite 'spec' for persistent-documentation-0.1.0.6...
[1 of 2] Compiling DocumentationSpec
[2 of 2] Compiling Main
[3 of 3] Linking /tmp/workdir-persistent-documentation/persistent-documentation-0.1.0.6/dist-newstyle/build/x86_64-linux/ghc-9.10.2/persistent-documentation-0.1.0.6/t/spec/build/spec/spec
