Resolving dependencies...
Build profile: -w ghc-9.10.2 -O1
In order, the following will be built (use -v for more details):
 - roles-0.2.1.0 (lib) (first run)
Configuring library for roles-0.2.1.0...
Preprocessing library for roles-0.2.1.0...
Building library for roles-0.2.1.0...
[1 of 1] Compiling Data.Roles
src/Data/Roles.hs:42:43: warning: [GHC-58008] [-Wgadt-mono-local-binds]
    Pattern matching on GADTs without MonoLocalBinds is fragile.
    Suggested fix:
      Enable any of the following extensions: GADTs, TypeFamilies
   |
42 | instance Representational Const where rep Coercion = Coercion
   |                                           ^^^^^^^^

src/Data/Roles.hs:49:50: warning: [GHC-58008] [-Wgadt-mono-local-binds]
    Pattern matching on GADTs without MonoLocalBinds is fragile.
    Suggested fix:
      Enable any of the following extensions: GADTs, TypeFamilies
   |
49 | instance Representational (Coercion a) where rep Coercion = Coercion
   |                                                  ^^^^^^^^

src/Data/Roles.hs:53:48: warning: [GHC-58008] [-Wgadt-mono-local-binds]
    Pattern matching on GADTs without MonoLocalBinds is fragile.
    Suggested fix:
      Enable any of the following extensions: GADTs, TypeFamilies
   |
53 | instance Representational (->)       where rep Coercion = Coercion
   |                                                ^^^^^^^^

src/Data/Roles.hs:54:48: warning: [GHC-58008] [-Wgadt-mono-local-binds]
    Pattern matching on GADTs without MonoLocalBinds is fragile.
    Suggested fix:
      Enable any of the following extensions: GADTs, TypeFamilies
   |
54 | instance Representational ((->) a)   where rep Coercion = Coercion
   |                                                ^^^^^^^^

src/Data/Roles.hs:56:48: warning: [GHC-58008] [-Wgadt-mono-local-binds]
    Pattern matching on GADTs without MonoLocalBinds is fragile.
    Suggested fix:
      Enable any of the following extensions: GADTs, TypeFamilies
   |
56 | instance Representational Either     where rep Coercion = Coercion
   |                                                ^^^^^^^^

src/Data/Roles.hs:57:48: warning: [GHC-58008] [-Wgadt-mono-local-binds]
    Pattern matching on GADTs without MonoLocalBinds is fragile.
    Suggested fix:
      Enable any of the following extensions: GADTs, TypeFamilies
   |
57 | instance Representational (Either a) where rep Coercion = Coercion
   |                                                ^^^^^^^^

src/Data/Roles.hs:59:45: warning: [GHC-58008] [-Wgadt-mono-local-binds]
    Pattern matching on GADTs without MonoLocalBinds is fragile.
    Suggested fix:
      Enable any of the following extensions: GADTs, TypeFamilies
   |
59 | instance Representational (,)     where rep Coercion = Coercion
   |                                             ^^^^^^^^

src/Data/Roles.hs:60:45: warning: [GHC-58008] [-Wgadt-mono-local-binds]
    Pattern matching on GADTs without MonoLocalBinds is fragile.
    Suggested fix:
      Enable any of the following extensions: GADTs, TypeFamilies
   |
60 | instance Representational ((,) a) where rep Coercion = Coercion
   |                                             ^^^^^^^^

src/Data/Roles.hs:62:48: warning: [GHC-58008] [-Wgadt-mono-local-binds]
    Pattern matching on GADTs without MonoLocalBinds is fragile.
    Suggested fix:
      Enable any of the following extensions: GADTs, TypeFamilies
   |
62 | instance Representational (,,)       where rep Coercion = Coercion
   |                                                ^^^^^^^^

src/Data/Roles.hs:63:48: warning: [GHC-58008] [-Wgadt-mono-local-binds]
    Pattern matching on GADTs without MonoLocalBinds is fragile.
    Suggested fix:
      Enable any of the following extensions: GADTs, TypeFamilies
   |
63 | instance Representational ((,,) a)   where rep Coercion = Coercion
   |                                                ^^^^^^^^

src/Data/Roles.hs:64:48: warning: [GHC-58008] [-Wgadt-mono-local-binds]
    Pattern matching on GADTs without MonoLocalBinds is fragile.
    Suggested fix:
      Enable any of the following extensions: GADTs, TypeFamilies
   |
64 | instance Representational ((,,) a b) where rep Coercion = Coercion
   |                                                ^^^^^^^^

src/Data/Roles.hs:66:51: warning: [GHC-58008] [-Wgadt-mono-local-binds]
    Pattern matching on GADTs without MonoLocalBinds is fragile.
    Suggested fix:
      Enable any of the following extensions: GADTs, TypeFamilies
   |
66 | instance Representational (,,,)         where rep Coercion = Coercion
   |                                                   ^^^^^^^^

src/Data/Roles.hs:67:51: warning: [GHC-58008] [-Wgadt-mono-local-binds]
    Pattern matching on GADTs without MonoLocalBinds is fragile.
    Suggested fix:
      Enable any of the following extensions: GADTs, TypeFamilies
   |
67 | instance Representational ((,,,) a)     where rep Coercion = Coercion
   |                                                   ^^^^^^^^

src/Data/Roles.hs:68:51: warning: [GHC-58008] [-Wgadt-mono-local-binds]
    Pattern matching on GADTs without MonoLocalBinds is fragile.
    Suggested fix:
      Enable any of the following extensions: GADTs, TypeFamilies
   |
68 | instance Representational ((,,,) a b)   where rep Coercion = Coercion
   |                                                   ^^^^^^^^

src/Data/Roles.hs:69:51: warning: [GHC-58008] [-Wgadt-mono-local-binds]
    Pattern matching on GADTs without MonoLocalBinds is fragile.
    Suggested fix:
      Enable any of the following extensions: GADTs, TypeFamilies
   |
69 | instance Representational ((,,,) a b c) where rep Coercion = Coercion
   |                                                   ^^^^^^^^

src/Data/Roles.hs:71:54: warning: [GHC-58008] [-Wgadt-mono-local-binds]
    Pattern matching on GADTs without MonoLocalBinds is fragile.
    Suggested fix:
      Enable any of the following extensions: GADTs, TypeFamilies
   |
71 | instance Representational (,,,,)           where rep Coercion = Coercion
   |                                                      ^^^^^^^^

src/Data/Roles.hs:72:54: warning: [GHC-58008] [-Wgadt-mono-local-binds]
    Pattern matching on GADTs without MonoLocalBinds is fragile.
    Suggested fix:
      Enable any of the following extensions: GADTs, TypeFamilies
   |
72 | instance Representational ((,,,,) a)       where rep Coercion = Coercion
   |                                                      ^^^^^^^^

src/Data/Roles.hs:73:54: warning: [GHC-58008] [-Wgadt-mono-local-binds]
    Pattern matching on GADTs without MonoLocalBinds is fragile.
    Suggested fix:
      Enable any of the following extensions: GADTs, TypeFamilies
   |
73 | instance Representational ((,,,,) a b)     where rep Coercion = Coercion
   |                                                      ^^^^^^^^

src/Data/Roles.hs:74:54: warning: [GHC-58008] [-Wgadt-mono-local-binds]
    Pattern matching on GADTs without MonoLocalBinds is fragile.
    Suggested fix:
      Enable any of the following extensions: GADTs, TypeFamilies
   |
74 | instance Representational ((,,,,) a b c)   where rep Coercion = Coercion
   |                                                      ^^^^^^^^

src/Data/Roles.hs:75:54: warning: [GHC-58008] [-Wgadt-mono-local-binds]
    Pattern matching on GADTs without MonoLocalBinds is fragile.
    Suggested fix:
      Enable any of the following extensions: GADTs, TypeFamilies
   |
75 | instance Representational ((,,,,) a b c d) where rep Coercion = Coercion
   |                                                      ^^^^^^^^

src/Data/Roles.hs:77:57: warning: [GHC-58008] [-Wgadt-mono-local-binds]
    Pattern matching on GADTs without MonoLocalBinds is fragile.
    Suggested fix:
      Enable any of the following extensions: GADTs, TypeFamilies
   |
77 | instance Representational (,,,,,)             where rep Coercion = Coercion
   |                                                         ^^^^^^^^

src/Data/Roles.hs:78:57: warning: [GHC-58008] [-Wgadt-mono-local-binds]
    Pattern matching on GADTs without MonoLocalBinds is fragile.
    Suggested fix:
      Enable any of the following extensions: GADTs, TypeFamilies
   |
78 | instance Representational ((,,,,,) a)         where rep Coercion = Coercion
   |                                                         ^^^^^^^^

src/Data/Roles.hs:79:57: warning: [GHC-58008] [-Wgadt-mono-local-binds]
    Pattern matching on GADTs without MonoLocalBinds is fragile.
    Suggested fix:
      Enable any of the following extensions: GADTs, TypeFamilies
   |
79 | instance Representational ((,,,,,) a b)       where rep Coercion = Coercion
   |                                                         ^^^^^^^^

src/Data/Roles.hs:80:57: warning: [GHC-58008] [-Wgadt-mono-local-binds]
    Pattern matching on GADTs without MonoLocalBinds is fragile.
    Suggested fix:
      Enable any of the following extensions: GADTs, TypeFamilies
   |
80 | instance Representational ((,,,,,) a b c)     where rep Coercion = Coercion
   |                                                         ^^^^^^^^

src/Data/Roles.hs:81:57: warning: [GHC-58008] [-Wgadt-mono-local-binds]
    Pattern matching on GADTs without MonoLocalBinds is fragile.
    Suggested fix:
      Enable any of the following extensions: GADTs, TypeFamilies
   |
81 | instance Representational ((,,,,,) a b c d)   where rep Coercion = Coercion
   |                                                         ^^^^^^^^

src/Data/Roles.hs:82:57: warning: [GHC-58008] [-Wgadt-mono-local-binds]
    Pattern matching on GADTs without MonoLocalBinds is fragile.
    Suggested fix:
      Enable any of the following extensions: GADTs, TypeFamilies
   |
82 | instance Representational ((,,,,,) a b c d e) where rep Coercion = Coercion
   |                                                         ^^^^^^^^

src/Data/Roles.hs:84:45: warning: [GHC-58008] [-Wgadt-mono-local-binds]
    Pattern matching on GADTs without MonoLocalBinds is fragile.
    Suggested fix:
      Enable any of the following extensions: GADTs, TypeFamilies
   |
84 | instance Representational []      where rep Coercion = Coercion
   |                                             ^^^^^^^^

src/Data/Roles.hs:85:45: warning: [GHC-58008] [-Wgadt-mono-local-binds]
    Pattern matching on GADTs without MonoLocalBinds is fragile.
    Suggested fix:
      Enable any of the following extensions: GADTs, TypeFamilies
   |
85 | instance Representational Maybe   where rep Coercion = Coercion
   |                                             ^^^^^^^^

src/Data/Roles.hs:86:45: warning: [GHC-58008] [-Wgadt-mono-local-binds]
    Pattern matching on GADTs without MonoLocalBinds is fragile.
    Suggested fix:
      Enable any of the following extensions: GADTs, TypeFamilies
   |
86 | instance Representational IO      where rep Coercion = Coercion
   |                                             ^^^^^^^^

src/Data/Roles.hs:87:45: warning: [GHC-58008] [-Wgadt-mono-local-binds]
    Pattern matching on GADTs without MonoLocalBinds is fragile.
    Suggested fix:
      Enable any of the following extensions: GADTs, TypeFamilies
   |
87 | instance Representational (ST s)  where rep Coercion = Coercion
   |                                             ^^^^^^^^

src/Data/Roles.hs:90:45: warning: [GHC-58008] [-Wgadt-mono-local-binds]
    Pattern matching on GADTs without MonoLocalBinds is fragile.
    Suggested fix:
      Enable any of the following extensions: GADTs, TypeFamilies
   |
90 | instance Representational (Map k) where rep Coercion = Coercion
   |                                             ^^^^^^^^

src/Data/Roles.hs:91:45: warning: [GHC-58008] [-Wgadt-mono-local-binds]
    Pattern matching on GADTs without MonoLocalBinds is fragile.
    Suggested fix:
      Enable any of the following extensions: GADTs, TypeFamilies
   |
91 | instance Representational IntMap  where rep Coercion = Coercion
   |                                             ^^^^^^^^

src/Data/Roles.hs:95:45: warning: [GHC-58008] [-Wgadt-mono-local-binds]
    Pattern matching on GADTs without MonoLocalBinds is fragile.
    Suggested fix:
      Enable any of the following extensions: GADTs, TypeFamilies
   |
95 | instance Representational Complex where rep Coercion = Coercion
   |                                             ^^^^^^^^

src/Data/Roles.hs:99:45: warning: [GHC-58008] [-Wgadt-mono-local-binds]
    Pattern matching on GADTs without MonoLocalBinds is fragile.
    Suggested fix:
      Enable any of the following extensions: GADTs, TypeFamilies
   |
99 | instance Representational Sum     where rep Coercion = Coercion
   |                                             ^^^^^^^^

src/Data/Roles.hs:100:45: warning: [GHC-58008] [-Wgadt-mono-local-binds]
    Pattern matching on GADTs without MonoLocalBinds is fragile.
    Suggested fix:
      Enable any of the following extensions: GADTs, TypeFamilies
    |
100 | instance Representational Product where rep Coercion = Coercion
    |                                             ^^^^^^^^

src/Data/Roles.hs:101:45: warning: [GHC-58008] [-Wgadt-mono-local-binds]
    Pattern matching on GADTs without MonoLocalBinds is fragile.
    Suggested fix:
      Enable any of the following extensions: GADTs, TypeFamilies
    |
101 | instance Representational Dual    where rep Coercion = Coercion
    |                                             ^^^^^^^^

src/Data/Roles.hs:102:45: warning: [GHC-58008] [-Wgadt-mono-local-binds]
    Pattern matching on GADTs without MonoLocalBinds is fragile.
    Suggested fix:
      Enable any of the following extensions: GADTs, TypeFamilies
    |
102 | instance Representational Endo    where rep Coercion = Coercion
    |                                             ^^^^^^^^

src/Data/Roles.hs:103:45: warning: [GHC-58008] [-Wgadt-mono-local-binds]
    Pattern matching on GADTs without MonoLocalBinds is fragile.
    Suggested fix:
      Enable any of the following extensions: GADTs, TypeFamilies
    |
103 | instance Representational First   where rep Coercion = Coercion
    |                                             ^^^^^^^^

src/Data/Roles.hs:104:45: warning: [GHC-58008] [-Wgadt-mono-local-binds]
    Pattern matching on GADTs without MonoLocalBinds is fragile.
    Suggested fix:
      Enable any of the following extensions: GADTs, TypeFamilies
    |
104 | instance Representational Last    where rep Coercion = Coercion
    |                                             ^^^^^^^^

