Resolving dependencies...
Build profile: -w ghc-9.10.2 -O1
In order, the following will be built (use -v for more details):
 - base64-1.0 (lib) (first run)
 - base64-1.0 (test:base64-tests) (first run)
Configuring library for base64-1.0...
Preprocessing library for base64-1.0...
Building library for base64-1.0...
[ 1 of 22] Compiling Data.Base64.Types.Internal
[ 2 of 22] Compiling Data.Base64.Types
[ 3 of 22] Compiling Data.ByteString.Base64.Internal
[ 4 of 22] Compiling Data.ByteString.Base64.Internal.Utils
[ 5 of 22] Compiling Data.ByteString.Base64.Internal.Tail
[ 6 of 22] Compiling Data.ByteString.Base64.Internal.Tables
[ 7 of 22] Compiling Data.ByteString.Base64.Internal.W16.Loop
[ 8 of 22] Compiling Data.ByteString.Base64.Internal.W64.Loop
[ 9 of 22] Compiling Data.ByteString.Base64.Internal.Head
[10 of 22] Compiling Data.ByteString.Base64
[11 of 22] Compiling Data.ByteString.Base64.URL
[12 of 22] Compiling Data.ByteString.Lazy.Base64
[13 of 22] Compiling Data.ByteString.Lazy.Base64.URL
[14 of 22] Compiling Data.ByteString.Short.Base64
[15 of 22] Compiling Data.ByteString.Short.Base64.URL
[16 of 22] Compiling Data.Text.Encoding.Base64.Error
[17 of 22] Compiling Data.Text.Encoding.Base64
[18 of 22] Compiling Data.Text.Encoding.Base64.URL
[19 of 22] Compiling Data.Text.Lazy.Encoding.Base64
[20 of 22] Compiling Data.Text.Lazy.Encoding.Base64.URL
[21 of 22] Compiling Data.Text.Short.Encoding.Base64
[22 of 22] Compiling Data.Text.Short.Encoding.Base64.URL
Configuring test suite 'base64-tests' for base64-1.0...
Preprocessing test suite 'base64-tests' for base64-1.0...
Building test suite 'base64-tests' for base64-1.0...
[1 of 2] Compiling Internal
[2 of 2] Compiling Main
[3 of 3] Linking dist-newstyle/build/x86_64-linux/ghc-9.10.2/base64-1.0/t/base64-tests/build/base64-tests/base64-tests
