Warning: The package description file ./crypto-pubkey-types.cabal has
warnings: crypto-pubkey-types.cabal:21:34: version operators used. To use
version operators the package needs to specify at least 'cabal-version: >=
1.8'.
crypto-pubkey-types.cabal:22:42: version operators used. To use version
operators the package needs to specify at least 'cabal-version: >= 1.8'.
Warning: The package description file
/tmp/workdir-crypto-pubkey-types/crypto-pubkey-types-0.4.3/crypto-pubkey-types.cabal
has warnings:
/tmp/workdir-crypto-pubkey-types/crypto-pubkey-types-0.4.3/crypto-pubkey-types.cabal:21:34:
version operators used. To use version operators the package needs to specify
at least 'cabal-version: >= 1.8'.
/tmp/workdir-crypto-pubkey-types/crypto-pubkey-types-0.4.3/crypto-pubkey-types.cabal:22:42:
version operators used. To use version operators the package needs to specify
at least 'cabal-version: >= 1.8'.
Resolving dependencies...
Build profile: -w ghc-9.10.2 -O1
In order, the following will be built (use -v for more details):
 - crypto-pubkey-types-0.4.3 (lib:crypto-pubkey-types) (first run)
Warning: crypto-pubkey-types.cabal:21:34: version operators used. To use
version operators the package needs to specify at least 'cabal-version: >=
1.8'.
Warning: crypto-pubkey-types.cabal:22:42: version operators used. To use
version operators the package needs to specify at least 'cabal-version: >=
1.8'.
Configuring crypto-pubkey-types-0.4.3...
Warning: [git-protocol] Cloning over git:// might lead to an arbitrary code
execution vulnerability. Furthermore, popular forges like GitHub do not
support it. Use https:// or ssh:// instead.
Preprocessing library for crypto-pubkey-types-0.4.3...
Building library for crypto-pubkey-types-0.4.3...
[1 of 5] Compiling Crypto.Types.PubKey.DH
[2 of 5] Compiling Crypto.Types.PubKey.DSA
[3 of 5] Compiling Crypto.Types.PubKey.ECC
[4 of 5] Compiling Crypto.Types.PubKey.ECDSA
[5 of 5] Compiling Crypto.Types.PubKey.RSA
Crypto/Types/PubKey/RSA.hs:171:36: warning: [GHC-63394] [-Wx-partial]
    In the use of ‘head’
    (imported from Prelude, but defined in GHC.Internal.List):
    "This is a partial function, it throws an error on empty lists. Use pattern matching, 'Data.List.uncons' or 'Data.Maybe.listToMaybe' instead. Consider refactoring to use "Data.List.NonEmpty"."
    |
171 |         bytesOfInt n = if testBit (head nints) 7 then nints else 0xff : nints
    |                                    ^^^^

