Resolving dependencies...
Build profile: -w ghc-9.10.2 -O1
In order, the following will be built (use -v for more details):
 - hexml-0.3.5 (lib) (first run)
 - hexml-0.3.5 (test:hexml-test) (first run)
Configuring library for hexml-0.3.5...
Preprocessing library for hexml-0.3.5...
Building library for hexml-0.3.5...
[1 of 1] Compiling Text.XML.Hexml
Configuring test suite 'hexml-test' for hexml-0.3.5...
Preprocessing test suite 'hexml-test' for hexml-0.3.5...
Building test suite 'hexml-test' for hexml-0.3.5...
[1 of 1] Compiling Main
src/Main.hs:45:17: warning: [GHC-63394] [-Wx-partial]
    In the use of ‘head’
    (imported from Prelude, but defined in GHC.Internal.List):
    "This is a partial function, it throws an error on empty lists. Use pattern matching, 'Data.List.uncons' or 'Data.Maybe.listToMaybe' instead. Consider refactoring to use "Data.List.NonEmpty"."
   |
45 |     attributes (head $ children doc) === [Attribute "id" "1", Attribute "extra" "2"]
   |                 ^^^^

[2 of 2] Linking dist-newstyle/build/x86_64-linux/ghc-9.10.2/hexml-0.3.5/t/hexml-test/build/hexml-test/hexml-test
