Resolving dependencies...
Build profile: -w ghc-9.10.2 -O1
In order, the following will be built (use -v for more details):
 - domain-aeson-0.1.1.2 (lib) (first run)
 - domain-aeson-0.1.1.2 (test:hspec-test) (first run)
Configuring library for domain-aeson-0.1.1.2...
Warning: [git-protocol] Cloning over git:// might lead to an arbitrary code
execution vulnerability. Furthermore, popular forges like GitHub do not
support it. Use https:// or ssh:// instead.
Preprocessing library for domain-aeson-0.1.1.2...
Building library for domain-aeson-0.1.1.2...
[1 of 4] Compiling DomainAeson.Prelude
[2 of 4] Compiling DomainAeson.Util.AesonTH
[3 of 4] Compiling DomainAeson.TH
[4 of 4] Compiling DomainAeson
Configuring test suite 'hspec-test' for domain-aeson-0.1.1.2...
Warning: [git-protocol] Cloning over git:// might lead to an arbitrary code
execution vulnerability. Furthermore, popular forges like GitHub do not
support it. Use https:// or ssh:// instead.
Preprocessing test suite 'hspec-test' for domain-aeson-0.1.1.2...
Building test suite 'hspec-test' for domain-aeson-0.1.1.2...
[1 of 1] Compiling Main
[2 of 2] Linking dist-newstyle/build/x86_64-linux/ghc-9.10.2/domain-aeson-0.1.1.2/t/hspec-test/build/hspec-test/hspec-test
