Resolving dependencies...
Build profile: -w ghc-9.10.2 -O1
In order, the following will be built (use -v for more details):
 - OpenAL-1.7.0.5 (lib) (first run)
Configuring library for OpenAL-1.7.0.5...
Preprocessing library for OpenAL-1.7.0.5...
Building library for OpenAL-1.7.0.5...
[ 1 of 30] Compiling Sound.OpenAL.AL.PeekPoke
[ 2 of 30] Compiling Sound.OpenAL.Config
[ 3 of 30] Compiling Sound.OpenAL.ALC.BasicTypes
[ 4 of 30] Compiling Sound.OpenAL.ALC.String
[ 5 of 30] Compiling Sound.OpenAL.AL.BasicTypes
[ 6 of 30] Compiling Sound.OpenAL.AL.String
[ 7 of 30] Compiling Sound.OpenAL.Constants
[ 8 of 30] Compiling Sound.OpenAL.ALC.ALCboolean
[ 9 of 30] Compiling Sound.OpenAL.ALC.QueryUtils
src/Sound/OpenAL/ALC/QueryUtils.hs:91:37: warning: [GHC-63394] [-Wx-partial]
    In the use of ‘head’
    (imported from Prelude, but defined in GHC.Internal.List):
    "This is a partial function, it throws an error on empty lists. Use pattern matching, 'Data.List.uncons' or 'Data.Maybe.listToMaybe' instead. Consider refactoring to use "Data.List.NonEmpty"."
   |
91 | getInteger maybeDevice query = fmap head $ getIntegerv maybeDevice query 1
   |                                     ^^^^

[10 of 30] Compiling Sound.OpenAL.ALC.Device
[11 of 30] Compiling Sound.OpenAL.ALC.Extensions
[12 of 30] Compiling Sound.OpenAL.ALC.Errors
[13 of 30] Compiling Sound.OpenAL.ALC.Context
[14 of 30] Compiling Sound.OpenAL.AL.SourceState
[15 of 30] Compiling Sound.OpenAL.AL.QueryUtils
[16 of 30] Compiling Sound.OpenAL.AL.StringQueries
[17 of 30] Compiling Sound.OpenAL.AL.Listener
[18 of 30] Compiling Sound.OpenAL.AL.Format
[19 of 30] Compiling Sound.OpenAL.AL.Errors
[20 of 30] Compiling Sound.OpenAL.AL.ALboolean
[21 of 30] Compiling Sound.OpenAL.AL.BufferInternal
[22 of 30] Compiling Sound.OpenAL.AL.Source
[23 of 30] Compiling Sound.OpenAL.AL.Attenuation
[24 of 30] Compiling Sound.OpenAL.AL.Extensions
[25 of 30] Compiling Sound.OpenAL.AL.Doppler
[26 of 30] Compiling Sound.OpenAL.AL.Buffer
[27 of 30] Compiling Sound.OpenAL.ALC.Capture
[28 of 30] Compiling Sound.OpenAL.ALC
[29 of 30] Compiling Sound.OpenAL.AL
[30 of 30] Compiling Sound.OpenAL
