Resolving dependencies...
Build profile: -w ghc-9.10.2 -O1
In order, the following will be built (use -v for more details):
 - kazura-queue-0.1.0.4 (lib) (first run)
 - kazura-queue-0.1.0.4 (test:kazura-queue-test) (first run)
 - kazura-queue-0.1.0.4 (test:kazura-queue-doctest) (first run)
Configuring library for kazura-queue-0.1.0.4...
Preprocessing library for kazura-queue-0.1.0.4...
Building library for kazura-queue-0.1.0.4...
[1 of 3] Compiling Control.Concurrent.WVar
[2 of 3] Compiling Control.Concurrent.KazuraQueue
[3 of 3] Compiling Paths_kazura_queue
Configuring test suite 'kazura-queue-test' for kazura-queue-0.1.0.4...
Preprocessing test suite 'kazura-queue-test' for kazura-queue-0.1.0.4...
Building test suite 'kazura-queue-test' for kazura-queue-0.1.0.4...
[ 1 of 11] Compiling Paths_kazura_queue
[ 2 of 11] Compiling Test.Concurrent
test/Test/Concurrent.hs:84:21: warning: [GHC-63394] [-Wx-partial]
    In the use of ‘head’
    (imported from Prelude, but defined in GHC.Internal.List):
    "This is a partial function, it throws an error on empty lists. Use pattern matching, 'Data.List.uncons' or 'Data.Maybe.listToMaybe' instead. Consider refactoring to use "Data.List.NonEmpty"."
   |
84 | waitStop th = snd . head <$> waitAny isStop [th]
   |                     ^^^^

test/Test/Concurrent.hs:87:23: warning: [GHC-63394] [-Wx-partial]
    In the use of ‘head’
    (imported from Prelude, but defined in GHC.Internal.List):
    "This is a partial function, it throws an error on empty lists. Use pattern matching, 'Data.List.uncons' or 'Data.Maybe.listToMaybe' instead. Consider refactoring to use "Data.List.NonEmpty"."
   |
87 | waitFinish th = snd . head <$> waitFinishAny [th]
   |                       ^^^^

[ 3 of 11] Compiling Test.Util
[ 4 of 11] Compiling Test.Expectations
test/Test/Expectations.hs:25:1: warning: [GHC-66111] [-Wunused-imports]
    The import of ‘Data.Monoid’ is redundant
      except perhaps to import instances from ‘Data.Monoid’
    To import instances alone, use: import Data.Monoid()
   |
25 | import           Data.Monoid   ((<>))
   | ^^^^^^^^^^^^^^^^^^^^^^^^^^^^^^^^^^^^^

[ 5 of 11] Compiling Test.KazuraQueue
[ 6 of 11] Compiling KazuraQueueSpec
test/KazuraQueueSpec.hs:74:28: warning: [GHC-63394] [-Wx-partial]
    In the use of ‘head’
    (imported from Prelude, but defined in GHC.Internal.List):
    "This is a partial function, it throws an error on empty lists. Use pattern matching, 'Data.List.uncons' or 'Data.Maybe.listToMaybe' instead. Consider refactoring to use "Data.List.NonEmpty"."
   |
74 |             r `T.shouldBe` head pre
   |                            ^^^^

test/KazuraQueueSpec.hs:107:34: warning: [GHC-63394] [-Wx-partial]
    In the use of ‘head’
    (imported from Prelude, but defined in GHC.Internal.List):
    "This is a partial function, it throws an error on empty lists. Use pattern matching, 'Data.List.uncons' or 'Data.Maybe.listToMaybe' instead. Consider refactoring to use "Data.List.NonEmpty"."
    |
107 |             r `T.shouldBe` Just (head pre)
    |                                  ^^^^

[ 7 of 11] Compiling KazuraQueueConcurrentSpec
test/KazuraQueueConcurrentSpec.hs:25:1: warning: [GHC-66111] [-Wunused-imports]
    The import of ‘Data.Monoid’ is redundant
      except perhaps to import instances from ‘Data.Monoid’
    To import instances alone, use: import Data.Monoid()
   |
25 | import           Data.Monoid      ((<>))
   | ^^^^^^^^^^^^^^^^^^^^^^^^^^^^^^^^^^^^^^^^

[ 8 of 11] Compiling Test.WVar
[ 9 of 11] Compiling WVarConcurrentSpec
[10 of 11] Compiling WVarSpec
[11 of 11] Compiling Main
[12 of 12] Linking dist-newstyle/build/x86_64-linux/ghc-9.10.2/kazura-queue-0.1.0.4/t/kazura-queue-test/build/kazura-queue-test/kazura-queue-test
Configuring test suite 'kazura-queue-doctest' for kazura-queue-0.1.0.4...
Preprocessing test suite 'kazura-queue-doctest' for kazura-queue-0.1.0.4...
Building test suite 'kazura-queue-doctest' for kazura-queue-0.1.0.4...
[1 of 2] Compiling Main
[2 of 2] Compiling Paths_kazura_queue
[3 of 3] Linking dist-newstyle/build/x86_64-linux/ghc-9.10.2/kazura-queue-0.1.0.4/t/kazura-queue-doctest/build/kazura-queue-doctest/kazura-queue-doctest
