Resolving dependencies...
Build profile: -w ghc-9.10.2 -O1
In order, the following will be built (use -v for more details):
 - gi-javascriptcore6-6.0.5 (lib:gi-javascriptcore6) (first run)
[1 of 2] Compiling Main             ( dist-newstyle/build/x86_64-linux/ghc-9.10.2/gi-javascriptcore6-6.0.5/setup/setup.hs, dist-newstyle/build/x86_64-linux/ghc-9.10.2/gi-javascriptcore6-6.0.5/setup/Main.o )
[2 of 2] Linking dist-newstyle/build/x86_64-linux/ghc-9.10.2/gi-javascriptcore6-6.0.5/setup/setup
Configuring gi-javascriptcore6-6.0.5...
Preprocessing library for gi-javascriptcore6-6.0.5...
Building library for gi-javascriptcore6-6.0.5...
[ 1 of 25] Compiling GI.JavaScriptCore.Config
[ 2 of 25] Compiling GI.JavaScriptCore.Constants
[ 3 of 25] Compiling GI.JavaScriptCore.Enums[boot]
[ 4 of 25] Compiling GI.JavaScriptCore.Enums
[ 5 of 25] Compiling GI.JavaScriptCore.Flags[boot]
[ 6 of 25] Compiling GI.JavaScriptCore.Flags
[ 7 of 25] Compiling GI.JavaScriptCore.Objects.VirtualMachine[boot]
[ 8 of 25] Compiling GI.JavaScriptCore.Objects.VirtualMachine
[ 9 of 25] Compiling GI.JavaScriptCore.Objects.Class[boot]
[10 of 25] Compiling GI.JavaScriptCore.Objects.Context[boot]
[11 of 25] Compiling GI.JavaScriptCore.Objects.Exception[boot]
[12 of 25] Compiling GI.JavaScriptCore.Objects.Value[boot]
[13 of 25] Compiling GI.JavaScriptCore.Structs.ClassVTable[boot]
[14 of 25] Compiling GI.JavaScriptCore.Callbacks
[15 of 25] Compiling GI.JavaScriptCore.Structs.ClassVTable
[16 of 25] Compiling GI.JavaScriptCore.Objects.Value
[17 of 25] Compiling GI.JavaScriptCore.Objects.Exception
[18 of 25] Compiling GI.JavaScriptCore.Objects.Context
[19 of 25] Compiling GI.JavaScriptCore.Objects.Class
[20 of 25] Compiling GI.JavaScriptCore.Structs
[21 of 25] Compiling GI.JavaScriptCore.Objects.WeakValue[boot]
[22 of 25] Compiling GI.JavaScriptCore.Objects.WeakValue
[23 of 25] Compiling GI.JavaScriptCore.Objects
[24 of 25] Compiling GI.JavaScriptCore.Functions
[25 of 25] Compiling GI.JavaScriptCore
