Resolving dependencies...
Build profile: -w ghc-9.10.2 -O1
In order, the following will be built (use -v for more details):
 - pandoc-lua-marshal-0.3.1 (lib) (first run)
 - pandoc-lua-marshal-0.3.1 (test:pandoc-lua-marshal-test) (first run)
Configuring library for pandoc-lua-marshal-0.3.1...
Preprocessing library for pandoc-lua-marshal-0.3.1...
Building library for pandoc-lua-marshal-0.3.1...
[ 1 of 29] Compiling Text.Pandoc.Lua.Marshal.Alignment
[ 2 of 29] Compiling Text.Pandoc.Lua.Marshal.CitationMode
[ 3 of 29] Compiling Text.Pandoc.Lua.Marshal.Filter
[ 4 of 29] Compiling Text.Pandoc.Lua.Marshal.Format
[ 5 of 29] Compiling Text.Pandoc.Lua.Marshal.List
[ 6 of 29] Compiling Text.Pandoc.Lua.Marshal.Attr
[ 7 of 29] Compiling Text.Pandoc.Lua.Marshal.ListAttributes
[ 8 of 29] Compiling Text.Pandoc.Lua.Marshal.MathType
[ 9 of 29] Compiling Text.Pandoc.Lua.Marshal.QuoteType
[10 of 29] Compiling Text.Pandoc.Lua.SpliceList
[11 of 29] Compiling Text.Pandoc.Lua.Walk
[12 of 29] Compiling Text.Pandoc.Lua.Topdown
[13 of 29] Compiling Text.Pandoc.Lua.Marshal.Inline[boot]
[14 of 29] Compiling Text.Pandoc.Lua.Marshal.Citation
[15 of 29] Compiling Text.Pandoc.Lua.Marshal.Block[boot]
[16 of 29] Compiling Text.Pandoc.Lua.Marshal.Shared
[17 of 29] Compiling Text.Pandoc.Lua.Marshal.Content
[18 of 29] Compiling Text.Pandoc.Lua.Marshal.Inline
[19 of 29] Compiling Text.Pandoc.Lua.Marshal.Cell
[20 of 29] Compiling Text.Pandoc.Lua.Marshal.Row
[21 of 29] Compiling Text.Pandoc.Lua.Marshal.TableHead
[22 of 29] Compiling Text.Pandoc.Lua.Marshal.TableFoot
[23 of 29] Compiling Text.Pandoc.Lua.Marshal.TableParts
[24 of 29] Compiling Text.Pandoc.Lua.Marshal.Caption
[25 of 29] Compiling Text.Pandoc.Lua.Marshal.Block
[26 of 29] Compiling Text.Pandoc.Lua.Marshal.SimpleTable
[27 of 29] Compiling Text.Pandoc.Lua.Marshal.MetaValue
[28 of 29] Compiling Text.Pandoc.Lua.Marshal.Pandoc
[29 of 29] Compiling Text.Pandoc.Lua.Marshal.AST
Configuring test suite 'pandoc-lua-marshal-test' for pandoc-lua-marshal-0.3.1...
Preprocessing test suite 'pandoc-lua-marshal-test' for pandoc-lua-marshal-0.3.1...
Building test suite 'pandoc-lua-marshal-test' for pandoc-lua-marshal-0.3.1...
[1 of 1] Compiling Main
[2 of 2] Linking dist-newstyle/build/x86_64-linux/ghc-9.10.2/pandoc-lua-marshal-0.3.1/t/pandoc-lua-marshal-test/build/pandoc-lua-marshal-test/pandoc-lua-marshal-test
