Build profile: -w ghc-9.6.5 -O1
In order, the following will be built (use -v for more details):
 - rank1dynamic-0.4.1 (lib) (first run)
 - rank1dynamic-0.4.1 (test:TestRank1Dynamic) (first run)
Configuring library for rank1dynamic-0.4.1...
Preprocessing library for rank1dynamic-0.4.1...
Building library for rank1dynamic-0.4.1...
[1 of 2] Compiling Data.Rank1Typeable

src/Data/Rank1Typeable.hs:101:1: warning: [-Wunused-imports]
    The import of ‘Control.Applicative’ is redundant
      except perhaps to import instances from ‘Control.Applicative’
    To import instances alone, use: import Control.Applicative()
    |
101 | import Control.Applicative ((<$>))
    | ^^^^^^^^^^^^^^^^^^^^^^^^^^^^^^^^^^
[2 of 2] Compiling Data.Rank1Dynamic
Configuring test suite 'TestRank1Dynamic' for rank1dynamic-0.4.1...
Preprocessing test suite 'TestRank1Dynamic' for rank1dynamic-0.4.1...
Building test suite 'TestRank1Dynamic' for rank1dynamic-0.4.1...
[1 of 1] Compiling Main
[2 of 2] Linking /tmp/workdir-rank1dynamic/rank1dynamic-0.4.1/dist-newstyle/build/x86_64-linux/ghc-9.6.5/rank1dynamic-0.4.1/t/TestRank1Dynamic/build/TestRank1Dynamic/TestRank1Dynamic
