Resolving dependencies...
Build profile: -w ghc-9.10.2 -O1
In order, the following will be built (use -v for more details):
 - djot-0.1.2.2 (lib) (first run)
 - djot-0.1.2.2 (test:test-djot) (first run)
 - djot-0.1.2.2 (exe:djoths) (first run)
Configuring library for djot-0.1.2.2...
Preprocessing library for djot-0.1.2.2...
Building library for djot-0.1.2.2...
[1 of 9] Compiling Djot.AST
[2 of 9] Compiling Djot.Options
[3 of 9] Compiling Djot.Parse
[4 of 9] Compiling Djot.Html
[5 of 9] Compiling Djot.Djot
[6 of 9] Compiling Djot.Attributes
[7 of 9] Compiling Djot.Inlines
[8 of 9] Compiling Djot.Blocks
[9 of 9] Compiling Djot
Configuring test suite 'test-djot' for djot-0.1.2.2...
Preprocessing test suite 'test-djot' for djot-0.1.2.2...
Building test suite 'test-djot' for djot-0.1.2.2...
[1 of 1] Compiling Main
[2 of 2] Linking dist-newstyle/build/x86_64-linux/ghc-9.10.2/djot-0.1.2.2/t/test-djot/build/test-djot/test-djot
Configuring executable 'djoths' for djot-0.1.2.2...
Preprocessing executable 'djoths' for djot-0.1.2.2...
Building executable 'djoths' for djot-0.1.2.2...
[1 of 1] Compiling Main
[2 of 2] Linking dist-newstyle/build/x86_64-linux/ghc-9.10.2/djot-0.1.2.2/x/djoths/build/djoths/djoths
