Resolving dependencies...
Build profile: -w ghc-9.10.2 -O1
In order, the following will be built (use -v for more details):
 - byte-order-0.1.3.1 (lib) (first run)
 - byte-order-0.1.3.1 (test:unit) (first run)
Configuring library for byte-order-0.1.3.1...
Warning: [git-protocol] Cloning over git:// might lead to an arbitrary code
execution vulnerability. Furthermore, popular forges like GitHub do not
support it. Use https:// or ssh:// instead.
Preprocessing library for byte-order-0.1.3.1...
Building library for byte-order-0.1.3.1...
[1 of 5] Compiling System.ByteOrder.Class
[2 of 5] Compiling System.ByteOrder
[3 of 5] Compiling Data.Primitive.Ptr.BigEndian
[4 of 5] Compiling Data.Primitive.ByteArray.LittleEndian
[5 of 5] Compiling Data.Primitive.ByteArray.BigEndian
Configuring test suite 'unit' for byte-order-0.1.3.1...
Warning: [git-protocol] Cloning over git:// might lead to an arbitrary code
execution vulnerability. Furthermore, popular forges like GitHub do not
support it. Use https:// or ssh:// instead.
Preprocessing test suite 'unit' for byte-order-0.1.3.1...
Building test suite 'unit' for byte-order-0.1.3.1...
[1 of 1] Compiling Main
[2 of 2] Linking dist-newstyle/build/x86_64-linux/ghc-9.10.2/byte-order-0.1.3.1/t/unit/build/unit/unit
