Resolving dependencies...
Build profile: -w ghc-9.10.2 -O1
In order, the following will be built (use -v for more details):
 - leb128-cereal-1.2 (lib) (first run)
 - leb128-cereal-1.2 (test:test-lenient) (first run)
 - leb128-cereal-1.2 (test:test) (first run)
Configuring library for leb128-cereal-1.2...
Preprocessing library for leb128-cereal-1.2...
Building library for leb128-cereal-1.2...
[1 of 2] Compiling Data.Serialize.LEB128
[2 of 2] Compiling Data.Serialize.LEB128.Lenient
src/Data/Serialize/LEB128/Lenient.hs:203:9: warning: [GHC-40910] [-Wunused-matches]
    Defined but not used: ‘prev’
    |
203 |     go !prev !shift !w = do
    |         ^^^^

Configuring test suite 'test-lenient' for leb128-cereal-1.2...
Preprocessing test suite 'test-lenient' for leb128-cereal-1.2...
Building test suite 'test-lenient' for leb128-cereal-1.2...
[1 of 1] Compiling Main
[2 of 2] Linking dist-newstyle/build/x86_64-linux/ghc-9.10.2/leb128-cereal-1.2/t/test-lenient/build/test-lenient/test-lenient
Configuring test suite 'test' for leb128-cereal-1.2...
Preprocessing test suite 'test' for leb128-cereal-1.2...
Building test suite 'test' for leb128-cereal-1.2...
[1 of 1] Compiling Main
[2 of 2] Linking dist-newstyle/build/x86_64-linux/ghc-9.10.2/leb128-cereal-1.2/t/test/build/test/test
