Resolving dependencies...
Build profile: -w ghc-9.10.2 -O1
In order, the following will be built (use -v for more details):
 - memory-0.18.0 (lib) (first run)
 - memory-0.18.0 (test:test-memory) (first run)
Configuring library for memory-0.18.0...
Preprocessing library for memory-0.18.0...
Building library for memory-0.18.0...
[ 1 of 28] Compiling Data.Memory.ExtendedWords
[ 2 of 28] Compiling Data.Memory.Internal.Compat
[ 3 of 28] Compiling Data.Memory.Endian
[ 4 of 28] Compiling Data.Memory.Hash.SipHash
[ 5 of 28] Compiling Data.Memory.Encoding.Base32
[ 6 of 28] Compiling Data.Memory.Encoding.Base16
[ 7 of 28] Compiling Data.Memory.Internal.CompatPrim
[ 8 of 28] Compiling Data.Memory.Internal.CompatPrim64
Data/Memory/Internal/CompatPrim64.hs:58:1: warning: [GHC-40910] [-Wunused-top-binds]
    Defined but not used: type constructor or class ‘OutBool’
   |
58 | type OutBool = Int#
   | ^^^^^^^^^^^^^^^^^^^

[ 9 of 28] Compiling Data.Memory.Internal.DeepSeq
[10 of 28] Compiling Data.Memory.Internal.Imports
[11 of 28] Compiling Data.Memory.Hash.FNV
[12 of 28] Compiling Data.Memory.Encoding.Base64
[13 of 28] Compiling Data.Memory.MemMap.Posix
[14 of 28] Compiling Data.Memory.PtrMethods
[15 of 28] Compiling Data.ByteArray.Types
[16 of 28] Compiling Data.ByteArray.MemView
[17 of 28] Compiling Data.ByteArray.Pack.Internal
[18 of 28] Compiling Data.ByteArray.Hash
[19 of 28] Compiling Data.ByteArray.Sized
Data/ByteArray/Sized.hs:138:19: warning: [GHC-12003] [-Wtype-equality-out-of-scope]
    • The ‘~’ operator is out of scope.
      Assuming it to stand for an equality constraint.
    • NB: ‘~’ used to be built-in syntax but now is a regular type operator
          exported from Data.Type.Equality and Prelude.
      If you are using a custom Prelude, consider re-exporting it.
    • This will become an error in a future GHC release.
    |
138 |          , nbytes ~ (Base.PrimSize ty * n)
    |                   ^

Data/ByteArray/Sized.hs:206:20: warning: [GHC-12003] [-Wtype-equality-out-of-scope]
    • The ‘~’ operator is out of scope.
      Assuming it to stand for an equality constraint.
    • NB: ‘~’ used to be built-in syntax but now is a regular type operator
          exported from Data.Type.Equality and Prelude.
      If you are using a custom Prelude, consider re-exporting it.
    • This will become an error in a future GHC release.
    |
206 |         , (ni + 1) ~ no
    |                    ^

Data/ByteArray/Sized.hs:219:20: warning: [GHC-12003] [-Wtype-equality-out-of-scope]
    • The ‘~’ operator is out of scope.
      Assuming it to stand for an equality constraint.
    • NB: ‘~’ used to be built-in syntax but now is a regular type operator
          exported from Data.Type.Equality and Prelude.
      If you are using a custom Prelude, consider re-exporting it.
    • This will become an error in a future GHC release.
    |
219 |         , (ni + 1) ~ no
    |                    ^

Data/ByteArray/Sized.hs:263:44: warning: [GHC-12003] [-Wtype-equality-out-of-scope]
    • The ‘~’ operator is out of scope.
      Assuming it to stand for an equality constraint.
    • NB: ‘~’ used to be built-in syntax but now is a regular type operator
          exported from Data.Type.Equality and Prelude.
      If you are using a custom Prelude, consider re-exporting it.
    • This will become an error in a future GHC release.
    |
263 |            , nblhs <= nbi, (nbrhs + nblhs) ~ nbi
    |                                            ^

Data/ByteArray/Sized.hs:294:21: warning: [GHC-12003] [-Wtype-equality-out-of-scope]
    • The ‘~’ operator is out of scope.
      Assuming it to stand for an equality constraint.
    • NB: ‘~’ used to be built-in syntax but now is a regular type operator
          exported from Data.Type.Equality and Prelude.
      If you are using a custom Prelude, consider re-exporting it.
    • This will become an error in a future GHC release.
    |
294 |         , (nbo + n) ~ nbi
    |                     ^

Data/ByteArray/Sized.hs:311:29: warning: [GHC-12003] [-Wtype-equality-out-of-scope]
    • The ‘~’ operator is out of scope.
      Assuming it to stand for an equality constraint.
    • NB: ‘~’ used to be built-in syntax but now is a regular type operator
          exported from Data.Type.Equality and Prelude.
      If you are using a custom Prelude, consider re-exporting it.
    • This will become an error in a future GHC release.
    |
311 |           , (nbrhs + nblhs) ~ nbout
    |                             ^

[20 of 28] Compiling Data.ByteArray.ScrubbedBytes
[21 of 28] Compiling Data.ByteArray.Methods
[22 of 28] Compiling Data.ByteArray.View
[23 of 28] Compiling Data.ByteArray.Parse
[24 of 28] Compiling Data.ByteArray.Mapping
[25 of 28] Compiling Data.ByteArray.Encoding
[26 of 28] Compiling Data.ByteArray.Bytes
[27 of 28] Compiling Data.ByteArray
[28 of 28] Compiling Data.ByteArray.Pack
Configuring test suite 'test-memory' for memory-0.18.0...
Preprocessing test suite 'test-memory' for memory-0.18.0...
Building test suite 'test-memory' for memory-0.18.0...
[1 of 4] Compiling Imports
[2 of 4] Compiling Utils
[3 of 4] Compiling SipHash
[4 of 4] Compiling Main
tests/Tests.hs:13:1: warning: [GHC-66111] [-Wunused-imports]
    The import of ‘Data.Word’ is redundant
      except perhaps to import instances from ‘Data.Word’
    To import instances alone, use: import Data.Word()
   |
13 | import           Data.Word
   | ^^^^^^^^^^^^^^^^^^^^^^^^^^

tests/Tests.hs:24:1: warning: [GHC-66111] [-Wunused-imports]
    The import of ‘Basement.UArray’ is redundant
      except perhaps to import instances from ‘Basement.UArray’
    To import instances alone, use: import Basement.UArray()
   |
24 | import           Basement.UArray (UArray)
   | ^^^^^^^^^^^^^^^^^^^^^^^^^^^^^^^^^^^^^^^^^

[5 of 5] Linking /tmp/workdir-memory/memory-0.18.0/dist-newstyle/build/x86_64-linux/ghc-9.10.2/memory-0.18.0/t/test-memory/build/test-memory/test-memory
