Resolving dependencies...
Build profile: -w ghc-9.10.2 -O1
In order, the following will be built (use -v for more details):
 - timespan-0.4.0.0 (lib) (first run)
Configuring library for timespan-0.4.0.0...
Preprocessing library for timespan-0.4.0.0...
Building library for timespan-0.4.0.0...
[1 of 1] Compiling Data.Time.TimeSpan
src/Data/Time/TimeSpan.hs:27:5: warning: [GHC-50928] [-Wnoncanonical-monoid-instances]
    Noncanonical ‘(<>) = mappend’ definition detected
    in the instance declaration for ‘Semigroup TimeSpan’.
    Suggested fix:
      Move definition from ‘mappend’ to ‘(<>)’
      See also: https://gitlab.haskell.org/ghc/ghc/-/wikis/proposal/semigroup-monoid
   |
27 |     (<>) = mappend
   |     ^^^^^^^^^^^^^^

src/Data/Time/TimeSpan.hs:32:5: warning: [GHC-50928] [-Wnoncanonical-monoid-instances]
    Noncanonical ‘mappend’ definition detected
    in the instance declaration for ‘Monoid TimeSpan’.
    ‘mappend’ will eventually be removed in favour of ‘(<>)’
    Suggested fix:
      Either remove definition for ‘mappend’ (recommended) or define as ‘mappend = (<>)’
      See also: https://gitlab.haskell.org/ghc/ghc/-/wikis/proposal/semigroup-monoid
   |
32 |     mappend (TimeSpan a) (TimeSpan b) = TimeSpan (a + b)
   |     ^^^^^^^^^^^^^^^^^^^^^^^^^^^^^^^^^^^^^^^^^^^^^^^^^^^^

