Resolving dependencies...
Build profile: -w ghc-9.10.2 -O1
In order, the following will be built (use -v for more details):
 - hoogle-5.0.18.4 (lib) (first run)
 - hoogle-5.0.18.4 (exe:hoogle) (first run)
Configuring library for hoogle-5.0.18.4...
Preprocessing library for hoogle-5.0.18.4...
Building library for hoogle-5.0.18.4...
[ 1 of 28] Compiling General.Str
[ 2 of 28] Compiling General.IString
[ 3 of 28] Compiling General.Conduit
[ 4 of 28] Compiling General.Template
[ 5 of 28] Compiling General.Util
[ 6 of 28] Compiling General.Timing
[ 7 of 28] Compiling General.Log
[ 8 of 28] Compiling Input.Download
src/Input/Download.hs:45:8: warning: [GHC-20125] [-Wmissing-fields]
    • Fields of ‘TLSSettingsSimple’ not initialised:
        settingClientSupported :: tls-2.1.8:Network.TLS.Parameters.Supported
    • In the first argument of ‘C.mkManagerSettings’, namely
        ‘(TLSSettingsSimple
            {settingDisableCertificateValidation = insecure,
             settingDisableSession = False, settingUseServerName = False})’
      In the second argument of ‘($)’, namely
        ‘C.mkManagerSettings
           (TLSSettingsSimple
              {settingDisableCertificateValidation = insecure,
               settingDisableSession = False, settingUseServerName = False})
           Nothing’
      In a stmt of a 'do' block:
        manager <- C.newManager
                     $ C.mkManagerSettings
                         (TLSSettingsSimple
                            {settingDisableCertificateValidation = insecure,
                             settingDisableSession = False, settingUseServerName = False})
                         Nothing
   |
45 |       (TLSSettingsSimple {
   |        ^^^^^^^^^^^^^^^^^^^...

[ 9 of 28] Compiling Input.Item
[10 of 28] Compiling Input.Haddock
[11 of 28] Compiling Input.Set
[12 of 28] Compiling Paths_hoogle
[13 of 28] Compiling Input.Settings
[14 of 28] Compiling Input.Reorder
[15 of 28] Compiling Input.Cabal
[16 of 28] Compiling General.Store
[17 of 28] Compiling Output.Types
[18 of 28] Compiling Output.Names
[19 of 28] Compiling Output.Items
[20 of 28] Compiling Action.CmdLine
[21 of 28] Compiling General.Web
[22 of 28] Compiling Query
[23 of 28] Compiling Output.Tags
[24 of 28] Compiling Action.Generate
[25 of 28] Compiling Action.Search
[26 of 28] Compiling Action.Server
[27 of 28] Compiling Action.Test
[28 of 28] Compiling Hoogle
Configuring executable 'hoogle' for hoogle-5.0.18.4...
Preprocessing executable 'hoogle' for hoogle-5.0.18.4...
Building executable 'hoogle' for hoogle-5.0.18.4...
[1 of 1] Compiling Main
[2 of 2] Linking /tmp/workdir-hoogle/hoogle-5.0.18.4/dist-newstyle/build/x86_64-linux/ghc-9.10.2/hoogle-5.0.18.4/x/hoogle/build/hoogle/hoogle
