Resolving dependencies...
Build profile: -w ghc-9.10.2 -O1
In order, the following will be built (use -v for more details):
 - brick-2.9 (lib) (first run)
 - brick-2.9 (test:brick-tests) (first run)
Configuring library for brick-2.9...
Preprocessing library for brick-2.9...
Building library for brick-2.9...
[ 1 of 35] Compiling Brick.Animation.Clock
[ 2 of 35] Compiling Brick.AttrMap
[ 3 of 35] Compiling Brick.BChan
[ 4 of 35] Compiling Brick.Keybindings.KeyEvents
[ 5 of 35] Compiling Brick.Keybindings.Normalize
[ 6 of 35] Compiling Brick.Keybindings.KeyConfig
[ 7 of 35] Compiling Brick.Keybindings.KeyDispatcher
src/Brick/Keybindings/KeyDispatcher.hs:155:27: warning: [GHC-63394] [-Wx-partial]
    In the use of ‘head’
    (imported from Prelude, but defined in GHC.Internal.List):
    "This is a partial function, it throws an error on empty lists. Use pattern matching, 'Data.List.uncons' or 'Data.Maybe.listToMaybe' instead. Consider refactoring to use "Data.List.NonEmpty"."
    |
155 |             let b = fst $ head as
    |                           ^^^^

[ 8 of 35] Compiling Brick.Keybindings.Parse
[ 9 of 35] Compiling Brick.Types.TH
[10 of 35] Compiling Brick.Types.Common
[11 of 35] Compiling Brick.Themes
[12 of 35] Compiling Brick.Widgets.Border.Style
[13 of 35] Compiling Data.IMap
src/Data/IMap.hs:24:1: warning: [GHC-66111] [-Wunused-imports]
    The import of ‘Data.List’ is redundant
      except perhaps to import instances from ‘Data.List’
    To import instances alone, use: import Data.List()
   |
24 | import Data.List (foldl')
   | ^^^^^^^^^^^^^^^^^^^^^^^^^

[14 of 35] Compiling Brick.BorderMap
[15 of 35] Compiling Brick.Types.Internal
[16 of 35] Compiling Brick.Util
[17 of 35] Compiling Brick.Types.EventM
[18 of 35] Compiling Brick.Types
[19 of 35] Compiling Brick.Widgets.Internal
[20 of 35] Compiling Brick.Widgets.Core
[21 of 35] Compiling Brick.Widgets.ProgressBar
[22 of 35] Compiling Brick.Widgets.Edit
[23 of 35] Compiling Brick.Widgets.Center
[24 of 35] Compiling Brick.Widgets.Border
[25 of 35] Compiling Brick.Widgets.Table
[26 of 35] Compiling Brick.Focus
[27 of 35] Compiling Brick.Widgets.Dialog
[28 of 35] Compiling Brick.Animation
[29 of 35] Compiling Brick.Main
[30 of 35] Compiling Brick.Widgets.List
[31 of 35] Compiling Brick.Widgets.FileBrowser
[32 of 35] Compiling Brick
[33 of 35] Compiling Brick.Keybindings.Pretty
[34 of 35] Compiling Brick.Keybindings
[35 of 35] Compiling Brick.Forms
Configuring test suite 'brick-tests' for brick-2.9...
Preprocessing test suite 'brick-tests' for brick-2.9...
Building test suite 'brick-tests' for brick-2.9...
[1 of 3] Compiling List
[2 of 3] Compiling Render
[3 of 3] Compiling Main
tests/Main.hs:5:1: warning: [GHC-66111] [-Wunused-imports]
    The import of ‘Control.Applicative’ is redundant
      except perhaps to import instances from ‘Control.Applicative’
    To import instances alone, use: import Control.Applicative()
  |
5 | import Control.Applicative
  | ^^^^^^^^^^^^^^^^^^^^^^^^^^

tests/Main.hs:7:1: warning: [GHC-66111] [-Wunused-imports]
    The import of ‘Data.Traversable’ is redundant
      except perhaps to import instances from ‘Data.Traversable’
    To import instances alone, use: import Data.Traversable()
  |
7 | import Data.Traversable (sequenceA)
  | ^^^^^^^^^^^^^^^^^^^^^^^^^^^^^^^^^^^

[4 of 4] Linking /tmp/workdir-brick/brick-2.9/dist-newstyle/build/x86_64-linux/ghc-9.10.2/brick-2.9/t/brick-tests/build/brick-tests/brick-tests
