Resolving dependencies...
Build profile: -w ghc-9.10.2 -O1
In order, the following will be built (use -v for more details):
 - yi-keymap-cua-0.19.0 (lib) (first run)
Configuring library for yi-keymap-cua-0.19.0...
Preprocessing library for yi-keymap-cua-0.19.0...
Building library for yi-keymap-cua-0.19.0...
[1 of 3] Compiling Paths_yi_keymap_cua
[2 of 3] Compiling Yi.Keymap.Cua
src/Yi/Keymap/Cua.hs:23:52-55: warning: [GHC-38856] [-Wunused-imports]
    The import of ‘when’ from module ‘Control.Monad’ is redundant
   |
23 | import           Control.Monad            (unless, when)
   |                                                    ^^^^

src/Yi/Keymap/Cua.hs:34:59-64: warning: [GHC-38856] [-Wunused-imports]
    The qualified import of ‘length’ from module ‘Yi.Rope’ is redundant
   |
34 | import qualified Yi.Rope                  as R (YiString, length, singleton, withText)
   |                                                           ^^^^^^

[3 of 3] Compiling Yi.Config.Default.Cua
