Resolving dependencies...
Build profile: -w ghc-9.10.2 -O1
In order, the following will be built (use -v for more details):
 - exact-pi-0.5.0.2 (lib) (first run)
 - exact-pi-0.5.0.2 (test:spec) (first run)
Configuring library for exact-pi-0.5.0.2...
Preprocessing library for exact-pi-0.5.0.2...
Building library for exact-pi-0.5.0.2...
[1 of 2] Compiling Data.ExactPi
src/Data/ExactPi.hs:146:25: warning: [GHC-63394] [-Wx-partial]
    In the use of ‘head’
    (imported from Prelude, but defined in GHC.Internal.List):
    "This is a partial function, it throws an error on empty lists. Use pattern matching, 'Data.List.uncons' or 'Data.Maybe.listToMaybe' instead. Consider refactoring to use "Data.List.NonEmpty"."
    |
146 | rootApproximation = map head . iterate (drop 4) $ go 1 0 100 1 40
    |                         ^^^^

src/Data/ExactPi.hs:200:3: warning: [GHC-50928] [-Wnoncanonical-monoid-instances]
    Noncanonical ‘(<>) = mappend’ definition detected
    in the instance declaration for ‘Semigroup ExactPi’.
    Suggested fix:
      Move definition from ‘mappend’ to ‘(<>)’
      See also: https://gitlab.haskell.org/ghc/ghc/-/wikis/proposal/semigroup-monoid
    |
200 |   (<>) = mappend
    |   ^^^^^^^^^^^^^^

src/Data/ExactPi.hs:205:3: warning: [GHC-50928] [-Wnoncanonical-monoid-instances]
    Noncanonical ‘mappend’ definition detected
    in the instance declaration for ‘Monoid ExactPi’.
    ‘mappend’ will eventually be removed in favour of ‘(<>)’
    Suggested fix:
      Either remove definition for ‘mappend’ (recommended) or define as ‘mappend = (<>)’
      See also: https://gitlab.haskell.org/ghc/ghc/-/wikis/proposal/semigroup-monoid
    |
205 |   mappend = (*)
    |   ^^^^^^^^^^^^^

[2 of 2] Compiling Data.ExactPi.TypeLevel
Configuring test suite 'spec' for exact-pi-0.5.0.2...
Preprocessing test suite 'spec' for exact-pi-0.5.0.2...
Building test suite 'spec' for exact-pi-0.5.0.2...
[1 of 2] Compiling TestUtils
test-suite/TestUtils.hs:12:1: warning: [GHC-66111] [-Wunused-imports]
    The import of ‘Data.List’ is redundant
      except perhaps to import instances from ‘Data.List’
    To import instances alone, use: import Data.List()
   |
12 | import Data.List    (foldl')
   | ^^^^^^^^^^^^^^^^^^^^^^^^^^^^

[2 of 2] Compiling Main
test-suite/Test.hs:34:22: warning: [GHC-63394] [-Wx-partial]
    In the use of ‘head’
    (imported from Prelude, but defined in GHC.Internal.List):
    "This is a partial function, it throws an error on empty lists. Use pattern matching, 'Data.List.uncons' or 'Data.Maybe.listToMaybe' instead. Consider refactoring to use "Data.List.NonEmpty"."
   |
34 | firstApproximation = head (rationalApproximations (Exact 2 1)) @?= (426880 % 13591409)^2 * 10005
   |                      ^^^^

[3 of 3] Linking dist-newstyle/build/x86_64-linux/ghc-9.10.2/exact-pi-0.5.0.2/t/spec/build/spec/spec
