Resolving dependencies...
Build profile: -w ghc-9.10.2 -O1
In order, the following will be built (use -v for more details):
 - utility-ht-0.0.17.2 (lib) (first run)
 - utility-ht-0.0.17.2 (test:test) (first run)
Configuring library for utility-ht-0.0.17.2...
Preprocessing library for utility-ht-0.0.17.2...
Building library for utility-ht-0.0.17.2...
[ 1 of 33] Compiling Control.Monad.HT
[ 2 of 33] Compiling Data.Bits.HT
[ 3 of 33] Compiling Data.Bool.HT.Private
[ 4 of 33] Compiling Data.Bool.HT
[ 5 of 33] Compiling Data.Either.HT
[ 6 of 33] Compiling Data.Ix.Enum
[ 7 of 33] Compiling Data.Maybe.HT
[ 8 of 33] Compiling Data.Monoid.HT
[ 9 of 33] Compiling Data.Strictness.HT
[10 of 33] Compiling Data.Tuple.Lazy
[11 of 33] Compiling Data.Tuple.HT
[12 of 33] Compiling Data.List.Reverse.StrictSpine
[13 of 33] Compiling Data.String.HT
[14 of 33] Compiling Data.List.Reverse.StrictElement
[15 of 33] Compiling Data.Function.HT.Private
[16 of 33] Compiling Data.Function.HT
[17 of 33] Compiling Data.Ord.HT
[18 of 33] Compiling Data.List.Key.Private
[19 of 33] Compiling Data.List.Key
[20 of 33] Compiling Data.Eq.HT
[21 of 33] Compiling Control.Functor.HT
[22 of 33] Compiling Data.List.Match.Private
src/Data/List/Match/Private.hs:78:10: warning: [GHC-63394] [-Wx-partial]
    In the use of ‘head’
    (imported from Prelude, but defined in GHC.Internal.List):
    "This is a partial function, it throws an error on empty lists. Use pattern matching, 'Data.List.uncons' or 'Data.Maybe.listToMaybe' instead. Consider refactoring to use "Data.List.NonEmpty"."
   |
78 |    snd $ head $
   |          ^^^^

[23 of 33] Compiling Data.List.Match
[24 of 33] Compiling Data.List.HT.Private
src/Data/List/HT/Private.hs:4:42: warning: [GHC-38856] [-Wunused-imports]
    The import of ‘foldl'’ from module ‘Data.List’ is redundant
  |
4 |                             findIndices, foldl', mapAccumL, )
  |                                          ^^^^^^

src/Data/List/HT/Private.hs:9:1: warning: [GHC-66111] [-Wunused-imports]
    The import of ‘Control.Applicative’ is redundant
      except perhaps to import instances from ‘Control.Applicative’
    To import instances alone, use: import Control.Applicative()
  |
9 | import Control.Applicative ((<$>), (<*>), )
  | ^^^^^^^^^^^^^^^^^^^^^^^^^^^^^^^^^^^^^^^^^^^

src/Data/List/HT/Private.hs:90:42: warning: [GHC-63394] [-Wx-partial]
    In the use of ‘tail’
    (imported from Prelude, but defined in GHC.Internal.List):
    "This is a partial function, it throws an error on empty lists. Replace it with 'drop' 1, or use pattern matching or 'GHC.Internal.Data.List.uncons' instead. Consider refactoring to use "Data.List.NonEmpty"."
   |
90 | tails' = fst . breakAfter null . iterate tail
   |                                          ^^^^

src/Data/List/HT/Private.hs:259:35: warning: [GHC-63394] [-Wx-partial]
    In the use of ‘tail’
    (imported from Prelude, but defined in GHC.Internal.List):
    "This is a partial function, it throws an error on empty lists. Replace it with 'drop' 1, or use pattern matching or 'GHC.Internal.Data.List.uncons' instead. Consider refactoring to use "Data.List.NonEmpty"."
    |
259 |    takeUntil (p . fst) $ zip xs $ tail $ tails xs
    |                                   ^^^^

src/Data/List/HT/Private.hs:300:16: warning: [GHC-62161] [-Wincomplete-uni-patterns]
    Pattern match(es) are non-exhaustive
    In an irrefutable pattern: Patterns of type ‘[[a]]’ not matched: []
    |
300 |    foldr (\ x ~yt@(y:ys) -> if p x then [x]:yt else (x:y):ys) [[]]
    |                ^^^^^^^^^

src/Data/List/HT/Private.hs:346:11: warning: [GHC-62161] [-Wincomplete-uni-patterns]
    Pattern match(es) are non-exhaustive
    In an irrefutable pattern: Patterns of type ‘[[a]]’ not matched: []
    |
346 |          ~(xs:xss) ->
    |           ^^^^^^^^

src/Data/List/HT/Private.hs:347:13: warning: [GHC-63394] [-Wx-partial]
    In the use of ‘tail’
    (imported from Prelude, but defined in GHC.Internal.List):
    "This is a partial function, it throws an error on empty lists. Replace it with 'drop' 1, or use pattern matching or 'GHC.Internal.Data.List.uncons' instead. Consider refactoring to use "Data.List.NonEmpty"."
    |
347 |             tail xs : xss) .
    |             ^^^^

src/Data/List/HT/Private.hs:674:45: warning: [GHC-63394] [-Wx-partial]
    In the use of ‘head’
    (imported from Prelude, but defined in GHC.Internal.List):
    "This is a partial function, it throws an error on empty lists. Use pattern matching, 'Data.List.uncons' or 'Data.Maybe.listToMaybe' instead. Consider refactoring to use "Data.List.NonEmpty"."
    |
674 |    unfoldr (\xs -> toMaybe (not (null xs)) (head xs, drop k xs))
    |                                             ^^^^

src/Data/List/HT/Private.hs:677:16: warning: [GHC-63394] [-Wx-partial]
    In the use of ‘head’
    (imported from Prelude, but defined in GHC.Internal.List):
    "This is a partial function, it throws an error on empty lists. Use pattern matching, 'Data.List.uncons' or 'Data.Maybe.listToMaybe' instead. Consider refactoring to use "Data.List.NonEmpty"."
    |
677 | sieve' k = map head . sliceVertical k
    |                ^^^^

src/Data/List/HT/Private.hs:683:18: warning: [GHC-63394] [-Wx-partial]
    In the use of ‘head’
    (imported from Prelude, but defined in GHC.Internal.List):
    "This is a partial function, it throws an error on empty lists. Use pattern matching, 'Data.List.uncons' or 'Data.Maybe.listToMaybe' instead. Consider refactoring to use "Data.List.NonEmpty"."
    |
683 | sieve''' k = map head . takeWhile (not . null) . iterate (drop k)
    |                  ^^^^

src/Data/List/HT/Private.hs:713:25: warning: [GHC-62161] [-Wincomplete-uni-patterns]
    Pattern match(es) are non-exhaustive
    In an irrefutable pattern: Patterns of type ‘[[a]]’ not matched: []
    |
713 |    reverse . foldr (\x ~(y:ys) -> ys ++ [x:y]) (replicate n [])
    |                         ^^^^^^

src/Data/List/HT/Private.hs:860:8: warning: [GHC-62161] [-Wincomplete-uni-patterns]
    Pattern match(es) are non-exhaustive
    In a pattern binding:
        Patterns of type ‘([[a]], [[a]])’ not matched: ([], _)
    |
860 |    let (y:ys,zs) = unzip (map (splitAt 1) xs)
    |        ^^^^^^^^^^^^^^^^^^^^^^^^^^^^^^^^^^^^^^

src/Data/List/HT/Private.hs:943:19: warning: [GHC-63394] [-Wx-partial]
    In the use of ‘tail’
    (imported from Prelude, but defined in GHC.Internal.List):
    "This is a partial function, it throws an error on empty lists. Replace it with 'drop' 1, or use pattern matching or 'GHC.Internal.Data.List.uncons' instead. Consider refactoring to use "Data.List.NonEmpty"."
    |
943 |    concatMap fst (tail
    |                   ^^^^

src/Data/List/HT/Private.hs:1051:13: warning: [GHC-63394] [-Wx-partial]
    In the use of ‘tail’
    (imported from Prelude, but defined in GHC.Internal.List):
    "This is a partial function, it throws an error on empty lists. Replace it with 'drop' 1, or use pattern matching or 'GHC.Internal.Data.List.uncons' instead. Consider refactoring to use "Data.List.NonEmpty"."
     |
1051 |        zip (tail as) (concatMap (\ai->[ai,ai]) as)
     |             ^^^^

src/Data/List/HT/Private.hs:1067:23: warning: [GHC-63394] [-Wx-partial]
    In the use of ‘tail’
    (imported from Prelude, but defined in GHC.Internal.List):
    "This is a partial function, it throws an error on empty lists. Replace it with 'drop' 1, or use pattern matching or 'GHC.Internal.Data.List.uncons' instead. Consider refactoring to use "Data.List.NonEmpty"."
     |
1067 |        zip as (pairs (tail as))
     |                       ^^^^

src/Data/List/HT/Private.hs:1157:34: warning: [GHC-63394] [-Wx-partial]
    In the use of ‘tail’
    (imported from Prelude, but defined in GHC.Internal.List):
    "This is a partial function, it throws an error on empty lists. Replace it with 'drop' 1, or use pattern matching or 'GHC.Internal.Data.List.uncons' instead. Consider refactoring to use "Data.List.NonEmpty"."
     |
1157 | mapAdjacent f xs = zipWith f xs (tail xs)
     |                                  ^^^^

src/Data/List/HT/Private.hs:1165:40: warning: [GHC-63394] [-Wx-partial]
    In the use of ‘tail’
    (imported from Prelude, but defined in GHC.Internal.List):
    "This is a partial function, it throws an error on empty lists. Replace it with 'drop' 1, or use pattern matching or 'GHC.Internal.Data.List.uncons' instead. Consider refactoring to use "Data.List.NonEmpty"."
     |
1165 | mapAdjacentPointfree f = zipWith f <*> tail
     |                                        ^^^^

[25 of 33] Compiling Data.List.HT
[26 of 33] Compiling Data.Record.HT.Private
src/Data/Record/HT/Private.hs:3:1: warning: [GHC-66111] [-Wunused-imports]
    The import of ‘Data.Monoid’ is redundant
      except perhaps to import instances from ‘Data.Monoid’
    To import instances alone, use: import Data.Monoid()
  |
3 | import Data.Monoid (mconcat, )
  | ^^^^^^^^^^^^^^^^^^^^^^^^^^^^^^

src/Data/Record/HT/Private.hs:26:4: warning: [GHC-63394] [-Wx-partial]
    In the use of ‘head’
    (imported from Prelude, but defined in GHC.Internal.List):
    "This is a partial function, it throws an error on empty lists. Use pattern matching, 'Data.List.uncons' or 'Data.Maybe.listToMaybe' instead. Consider refactoring to use "Data.List.NonEmpty"."
   |
26 |    head $ dropWhile (EQ==) (map (\c -> c x y) cs) ++ [EQ]
   |    ^^^^

[27 of 33] Compiling Data.Record.HT
[28 of 33] Compiling Data.List.Reverse.Private
[29 of 33] Compiling Control.Applicative.HT
src/Control/Applicative/HT.hs:5:1: warning: [GHC-38856] [-Wunused-imports]
    The import of ‘<$>, <*>, Applicative, liftA2’
    from module ‘Control.Applicative’ is redundant
  |
5 | import Control.Applicative (Applicative, liftA2, liftA3, (<$>), (<*>), )
  | ^^^^^^^^^^^^^^^^^^^^^^^^^^^^^^^^^^^^^^^^^^^^^^^^^^^^^^^^^^^^^^^^^^^^^^^^

[30 of 33] Compiling Data.Tuple.Strict
[31 of 33] Compiling Data.Tuple.Example
[32 of 33] Compiling Text.Read.HT
[33 of 33] Compiling Text.Show.HT
Configuring test suite 'test' for utility-ht-0.0.17.2...
Preprocessing test suite 'test' for utility-ht-0.0.17.2...
Building test suite 'test' for utility-ht-0.0.17.2...
<no location info>: warning: [GHC-32850] [-Wmissing-home-modules]
    These modules are needed for compilation but not listed in your .cabal file's other-modules for ‘utility-ht-0.0.17.2-inplace-test’ :
        Control.Functor.HT
        Control.Monad.HT
        Data.Bool.HT
        Data.Bool.HT.Private
        Data.Eq.HT
        Data.Function.HT
        Data.Function.HT.Private
        Data.Ix.Enum
        Data.List.HT
        Data.List.HT.Private
        Data.List.Key.Private
        Data.List.Match
        Data.List.Match.Private
        Data.List.Reverse.Private
        Data.List.Reverse.StrictElement
        Data.List.Reverse.StrictSpine
        Data.Maybe.HT
        Data.Monoid.HT
        Data.Tuple.HT
        Data.Tuple.Lazy

[ 1 of 32] Compiling Control.Monad.HT
[ 2 of 32] Compiling Data.Bool.HT.Private
[ 3 of 32] Compiling Data.Bool.HT
[ 4 of 32] Compiling Data.Ix.Enum
[ 5 of 32] Compiling Data.Maybe.HT
[ 6 of 32] Compiling Data.Monoid.HT
[ 7 of 32] Compiling Data.Tuple.Lazy
[ 8 of 32] Compiling Data.Tuple.HT
[ 9 of 32] Compiling Data.List.Reverse.StrictSpine
[10 of 32] Compiling Data.List.Reverse.StrictElement
[11 of 32] Compiling Data.Function.HT.Private
[12 of 32] Compiling Data.Function.HT
[13 of 32] Compiling Data.List.Key.Private
[14 of 32] Compiling Data.Eq.HT
[15 of 32] Compiling Control.Functor.HT
[16 of 32] Compiling Data.List.Match.Private
src/Data/List/Match/Private.hs:78:10: warning: [GHC-63394] [-Wx-partial]
    In the use of ‘head’
    (imported from Prelude, but defined in GHC.Internal.List):
    "This is a partial function, it throws an error on empty lists. Use pattern matching, 'Data.List.uncons' or 'Data.Maybe.listToMaybe' instead. Consider refactoring to use "Data.List.NonEmpty"."
   |
78 |    snd $ head $
   |          ^^^^

[17 of 32] Compiling Data.List.Match
[18 of 32] Compiling Data.List.HT.Private
src/Data/List/HT/Private.hs:4:42: warning: [GHC-38856] [-Wunused-imports]
    The import of ‘foldl'’ from module ‘Data.List’ is redundant
  |
4 |                             findIndices, foldl', mapAccumL, )
  |                                          ^^^^^^

src/Data/List/HT/Private.hs:9:1: warning: [GHC-66111] [-Wunused-imports]
    The import of ‘Control.Applicative’ is redundant
      except perhaps to import instances from ‘Control.Applicative’
    To import instances alone, use: import Control.Applicative()
  |
9 | import Control.Applicative ((<$>), (<*>), )
  | ^^^^^^^^^^^^^^^^^^^^^^^^^^^^^^^^^^^^^^^^^^^

src/Data/List/HT/Private.hs:90:42: warning: [GHC-63394] [-Wx-partial]
    In the use of ‘tail’
    (imported from Prelude, but defined in GHC.Internal.List):
    "This is a partial function, it throws an error on empty lists. Replace it with 'drop' 1, or use pattern matching or 'GHC.Internal.Data.List.uncons' instead. Consider refactoring to use "Data.List.NonEmpty"."
   |
90 | tails' = fst . breakAfter null . iterate tail
   |                                          ^^^^

src/Data/List/HT/Private.hs:259:35: warning: [GHC-63394] [-Wx-partial]
    In the use of ‘tail’
    (imported from Prelude, but defined in GHC.Internal.List):
    "This is a partial function, it throws an error on empty lists. Replace it with 'drop' 1, or use pattern matching or 'GHC.Internal.Data.List.uncons' instead. Consider refactoring to use "Data.List.NonEmpty"."
    |
259 |    takeUntil (p . fst) $ zip xs $ tail $ tails xs
    |                                   ^^^^

src/Data/List/HT/Private.hs:300:16: warning: [GHC-62161] [-Wincomplete-uni-patterns]
    Pattern match(es) are non-exhaustive
    In an irrefutable pattern: Patterns of type ‘[[a]]’ not matched: []
    |
300 |    foldr (\ x ~yt@(y:ys) -> if p x then [x]:yt else (x:y):ys) [[]]
    |                ^^^^^^^^^

src/Data/List/HT/Private.hs:346:11: warning: [GHC-62161] [-Wincomplete-uni-patterns]
    Pattern match(es) are non-exhaustive
    In an irrefutable pattern: Patterns of type ‘[[a]]’ not matched: []
    |
346 |          ~(xs:xss) ->
    |           ^^^^^^^^

src/Data/List/HT/Private.hs:347:13: warning: [GHC-63394] [-Wx-partial]
    In the use of ‘tail’
    (imported from Prelude, but defined in GHC.Internal.List):
    "This is a partial function, it throws an error on empty lists. Replace it with 'drop' 1, or use pattern matching or 'GHC.Internal.Data.List.uncons' instead. Consider refactoring to use "Data.List.NonEmpty"."
    |
347 |             tail xs : xss) .
    |             ^^^^

src/Data/List/HT/Private.hs:674:45: warning: [GHC-63394] [-Wx-partial]
    In the use of ‘head’
    (imported from Prelude, but defined in GHC.Internal.List):
    "This is a partial function, it throws an error on empty lists. Use pattern matching, 'Data.List.uncons' or 'Data.Maybe.listToMaybe' instead. Consider refactoring to use "Data.List.NonEmpty"."
    |
674 |    unfoldr (\xs -> toMaybe (not (null xs)) (head xs, drop k xs))
    |                                             ^^^^

src/Data/List/HT/Private.hs:677:16: warning: [GHC-63394] [-Wx-partial]
    In the use of ‘head’
    (imported from Prelude, but defined in GHC.Internal.List):
    "This is a partial function, it throws an error on empty lists. Use pattern matching, 'Data.List.uncons' or 'Data.Maybe.listToMaybe' instead. Consider refactoring to use "Data.List.NonEmpty"."
    |
677 | sieve' k = map head . sliceVertical k
    |                ^^^^

src/Data/List/HT/Private.hs:683:18: warning: [GHC-63394] [-Wx-partial]
    In the use of ‘head’
    (imported from Prelude, but defined in GHC.Internal.List):
    "This is a partial function, it throws an error on empty lists. Use pattern matching, 'Data.List.uncons' or 'Data.Maybe.listToMaybe' instead. Consider refactoring to use "Data.List.NonEmpty"."
    |
683 | sieve''' k = map head . takeWhile (not . null) . iterate (drop k)
    |                  ^^^^

src/Data/List/HT/Private.hs:713:25: warning: [GHC-62161] [-Wincomplete-uni-patterns]
    Pattern match(es) are non-exhaustive
    In an irrefutable pattern: Patterns of type ‘[[a]]’ not matched: []
    |
713 |    reverse . foldr (\x ~(y:ys) -> ys ++ [x:y]) (replicate n [])
    |                         ^^^^^^

src/Data/List/HT/Private.hs:860:8: warning: [GHC-62161] [-Wincomplete-uni-patterns]
    Pattern match(es) are non-exhaustive
    In a pattern binding:
        Patterns of type ‘([[a]], [[a]])’ not matched: ([], _)
    |
860 |    let (y:ys,zs) = unzip (map (splitAt 1) xs)
    |        ^^^^^^^^^^^^^^^^^^^^^^^^^^^^^^^^^^^^^^

src/Data/List/HT/Private.hs:943:19: warning: [GHC-63394] [-Wx-partial]
    In the use of ‘tail’
    (imported from Prelude, but defined in GHC.Internal.List):
    "This is a partial function, it throws an error on empty lists. Replace it with 'drop' 1, or use pattern matching or 'GHC.Internal.Data.List.uncons' instead. Consider refactoring to use "Data.List.NonEmpty"."
    |
943 |    concatMap fst (tail
    |                   ^^^^

src/Data/List/HT/Private.hs:1051:13: warning: [GHC-63394] [-Wx-partial]
    In the use of ‘tail’
    (imported from Prelude, but defined in GHC.Internal.List):
    "This is a partial function, it throws an error on empty lists. Replace it with 'drop' 1, or use pattern matching or 'GHC.Internal.Data.List.uncons' instead. Consider refactoring to use "Data.List.NonEmpty"."
     |
1051 |        zip (tail as) (concatMap (\ai->[ai,ai]) as)
     |             ^^^^

src/Data/List/HT/Private.hs:1067:23: warning: [GHC-63394] [-Wx-partial]
    In the use of ‘tail’
    (imported from Prelude, but defined in GHC.Internal.List):
    "This is a partial function, it throws an error on empty lists. Replace it with 'drop' 1, or use pattern matching or 'GHC.Internal.Data.List.uncons' instead. Consider refactoring to use "Data.List.NonEmpty"."
     |
1067 |        zip as (pairs (tail as))
     |                       ^^^^

src/Data/List/HT/Private.hs:1157:34: warning: [GHC-63394] [-Wx-partial]
    In the use of ‘tail’
    (imported from Prelude, but defined in GHC.Internal.List):
    "This is a partial function, it throws an error on empty lists. Replace it with 'drop' 1, or use pattern matching or 'GHC.Internal.Data.List.uncons' instead. Consider refactoring to use "Data.List.NonEmpty"."
     |
1157 | mapAdjacent f xs = zipWith f xs (tail xs)
     |                                  ^^^^

src/Data/List/HT/Private.hs:1165:40: warning: [GHC-63394] [-Wx-partial]
    In the use of ‘tail’
    (imported from Prelude, but defined in GHC.Internal.List):
    "This is a partial function, it throws an error on empty lists. Replace it with 'drop' 1, or use pattern matching or 'GHC.Internal.Data.List.uncons' instead. Consider refactoring to use "Data.List.NonEmpty"."
     |
1165 | mapAdjacentPointfree f = zipWith f <*> tail
     |                                        ^^^^

[19 of 32] Compiling Data.List.HT
[20 of 32] Compiling Data.List.Reverse.Private
[21 of 32] Compiling DocTest.Data.Bool.HT.Private
[22 of 32] Compiling DocTest.Data.Function.HT.Private
[23 of 32] Compiling DocTest.Data.Ix.Enum
[24 of 32] Compiling DocTest.Data.List.Match.Private
[25 of 32] Compiling DocTest.Data.Maybe.HT
[26 of 32] Compiling DocTest.Data.Monoid.HT
src/Data/Monoid/HT.hs:13:1: warning: [GHC-66111] [-Wunused-imports]
    The import of ‘Data.Monoid’ is redundant
      except perhaps to import instances from ‘Data.Monoid’
    To import instances alone, use: import Data.Monoid()
   |
13 | >>> import Data.Monoid (mconcat, mappend, mempty)
   | ^^^^^^^^^^^^^^^^^^^^^^^^^^^^^^^^^^^^^^^^^^^^^^^^^

[27 of 32] Compiling Test.Utility
[28 of 32] Compiling DocTest.Data.List.Reverse.StrictSpine
[29 of 32] Compiling DocTest.Data.List.Reverse.StrictElement
[30 of 32] Compiling DocTest.Data.List.Reverse.Private
[31 of 32] Compiling DocTest.Data.List.HT.Private
src/Data/List/HT/Private.hs:281:67: warning: [GHC-63394] [-Wx-partial]
    In the use of ‘tail’
    (imported from Prelude, but defined in GHC.Internal.List):
    "This is a partial function, it throws an error on empty lists. Replace it with 'drop' 1, or use pattern matching or 'GHC.Internal.Data.List.uncons' instead. Consider refactoring to use "Data.List.NonEmpty"."
    |
281 | prop> forAllPredicates $ \p xs -> length (filter p xs) == length (tail (segmentAfter p xs))
    |                                                                   ^^^^

src/Data/List/HT/Private.hs:315:67: warning: [GHC-63394] [-Wx-partial]
    In the use of ‘tail’
    (imported from Prelude, but defined in GHC.Internal.List):
    "This is a partial function, it throws an error on empty lists. Replace it with 'drop' 1, or use pattern matching or 'GHC.Internal.Data.List.uncons' instead. Consider refactoring to use "Data.List.NonEmpty"."
    |
315 | prop> forAllPredicates $ \p xs -> length (filter p xs) == length (tail (segmentBefore p xs))
    |                                                                   ^^^^

src/Data/List/HT/Private.hs:316:41: warning: [GHC-63394] [-Wx-partial]
    In the use of ‘head’
    (imported from Prelude, but defined in GHC.Internal.List):
    "This is a partial function, it throws an error on empty lists. Use pattern matching, 'Data.List.uncons' or 'Data.Maybe.listToMaybe' instead. Consider refactoring to use "Data.List.NonEmpty"."
    |
316 | prop> forAllPredicates $ \p -> all (p . head) . tail . segmentBefore p
    |                                         ^^^^

src/Data/List/HT/Private.hs:316:49: warning: [GHC-63394] [-Wx-partial]
    In the use of ‘tail’
    (imported from Prelude, but defined in GHC.Internal.List):
    "This is a partial function, it throws an error on empty lists. Replace it with 'drop' 1, or use pattern matching or 'GHC.Internal.Data.List.uncons' instead. Consider refactoring to use "Data.List.NonEmpty"."
    |
316 | prop> forAllPredicates $ \p -> all (p . head) . tail . segmentBefore p
    |                                                 ^^^^

src/Data/List/HT/Private.hs:317:53: warning: [GHC-63394] [-Wx-partial]
    In the use of ‘tail’
    (imported from Prelude, but defined in GHC.Internal.List):
    "This is a partial function, it throws an error on empty lists. Replace it with 'drop' 1, or use pattern matching or 'GHC.Internal.Data.List.uncons' instead. Consider refactoring to use "Data.List.NonEmpty"."
    |
317 | prop> forAllPredicates $ \p -> all (all (not . p) . tail) . tail . segmentBefore p
    |                                                     ^^^^

src/Data/List/HT/Private.hs:317:61: warning: [GHC-63394] [-Wx-partial]
    In the use of ‘tail’
    (imported from Prelude, but defined in GHC.Internal.List):
    "This is a partial function, it throws an error on empty lists. Replace it with 'drop' 1, or use pattern matching or 'GHC.Internal.Data.List.uncons' instead. Consider refactoring to use "Data.List.NonEmpty"."
    |
317 | prop> forAllPredicates $ \p -> all (all (not . p) . tail) . tail . segmentBefore p
    |                                                             ^^^^

src/Data/List/HT/Private.hs:464:25: warning: [GHC-68441] [-Wdeprecations]
    In the use of ‘splitLast’ (imported from Data.List.HT.Private):
    Deprecated: "use viewR instead"
    |
464 | prop> \(NonEmpty xs) -> splitLast (xs::String)  ==  (init xs, last xs)
    |                         ^^^^^^^^^

[32 of 32] Compiling Main
<no location info>: warning: [GHC-32850] [-Wmissing-home-modules]
    These modules are needed for compilation but not listed in your .cabal file's other-modules for ‘utility-ht-0.0.17.2-inplace-test’ :
        Control.Functor.HT
        Control.Monad.HT
        Data.Bool.HT
        Data.Bool.HT.Private
        Data.Eq.HT
        Data.Function.HT
        Data.Function.HT.Private
        Data.Ix.Enum
        Data.List.HT
        Data.List.HT.Private
        Data.List.Key.Private
        Data.List.Match
        Data.List.Match.Private
        Data.List.Reverse.Private
        Data.List.Reverse.StrictElement
        Data.List.Reverse.StrictSpine
        Data.Maybe.HT
        Data.Monoid.HT
        Data.Tuple.HT
        Data.Tuple.Lazy

[33 of 33] Linking /tmp/workdir-utility-ht/utility-ht-0.0.17.2/dist-newstyle/build/x86_64-linux/ghc-9.10.2/utility-ht-0.0.17.2/t/test/build/test/test
