Warning: The package description file ./FloatingHex.cabal has warnings:
FloatingHex.cabal:19:29: Packages with 'cabal-version: 1.12' or later should
specify a specific version of the Cabal spec of the form 'cabal-version: x.y'.
Use 'cabal-version: 1.14'.
Warning: The package description file
/tmp/workdir-FloatingHex/FloatingHex-0.5/FloatingHex.cabal has warnings:
/tmp/workdir-FloatingHex/FloatingHex-0.5/FloatingHex.cabal:19:29: Packages
with 'cabal-version: 1.12' or later should specify a specific version of the
Cabal spec of the form 'cabal-version: x.y'. Use 'cabal-version: 1.14'.
Resolving dependencies...
Build profile: -w ghc-9.10.2 -O1
In order, the following will be built (use -v for more details):
 - FloatingHex-0.5 (lib) (first run)
Warning: FloatingHex.cabal:19:29: Packages with 'cabal-version: 1.12' or later
should specify a specific version of the Cabal spec of the form
'cabal-version: x.y'. Use 'cabal-version: 1.14'.
Configuring library for FloatingHex-0.5...
Warning: [git-protocol] Cloning over git:// might lead to an arbitrary code
execution vulnerability. Furthermore, popular forges like GitHub do not
support it. Use https:// or ssh:// instead.
Preprocessing library for FloatingHex-0.5...
Building library for FloatingHex-0.5...
[1 of 1] Compiling Data.Numbers.FloatingHex
