Resolving dependencies...
Build profile: -w ghc-9.10.2 -O1
In order, the following will be built (use -v for more details):
 - pandoc-3.7.0.2 (lib:xml-light) (first run)
 - pandoc-3.7.0.2 (lib) (first run)
 - pandoc-3.7.0.2 (test:test-pandoc) (first run)
Configuring library 'xml-light' for pandoc-3.7.0.2...
Preprocessing library 'xml-light' for pandoc-3.7.0.2...
Building library 'xml-light' for pandoc-3.7.0.2...
[1 of 4] Compiling Text.Pandoc.XML.Light.Types
[2 of 4] Compiling Text.Pandoc.XML.Light.Proc
[3 of 4] Compiling Text.Pandoc.XML.Light.Output
[4 of 4] Compiling Text.Pandoc.XML.Light
Configuring library for pandoc-3.7.0.2...
Preprocessing library for pandoc-3.7.0.2...
Building library for pandoc-3.7.0.2...
[  1 of 221] Compiling Paths_pandoc
[  2 of 221] Compiling Text.Pandoc.Asciify
[  3 of 221] Compiling Text.Pandoc.Char
[  4 of 221] Compiling Text.Pandoc.Citeproc.CslJson
[  5 of 221] Compiling Text.Pandoc.Citeproc.Util
[  6 of 221] Compiling Text.Pandoc.Citeproc.Data
[  7 of 221] Compiling Text.Pandoc.Emoji
[  8 of 221] Compiling Text.Pandoc.Extensions
[  9 of 221] Compiling Text.Pandoc.MIME
[ 10 of 221] Compiling Text.Pandoc.MediaBag
[ 11 of 221] Compiling Text.Pandoc.Parsing.Future
[ 12 of 221] Compiling Text.Pandoc.Process
[ 13 of 221] Compiling Text.Pandoc.Readers.Docx.Combine
[ 14 of 221] Compiling Text.Pandoc.Readers.Docx.Symbols
[ 15 of 221] Compiling Text.Pandoc.Readers.Docx.Util
[ 16 of 221] Compiling Text.Pandoc.Readers.HTML.TagCategories
[ 17 of 221] Compiling Text.Pandoc.Readers.Mdoc.Macros
[ 18 of 221] Compiling Text.Pandoc.Readers.Mdoc.Standards
[ 19 of 221] Compiling Text.Pandoc.Readers.ODT.Generic.Fallible
[ 20 of 221] Compiling Text.Pandoc.Readers.ODT.Generic.Namespaces
[ 21 of 221] Compiling Text.Pandoc.Readers.ODT.Generic.SetMap
[ 22 of 221] Compiling Text.Pandoc.Readers.ODT.Generic.Utils
[ 23 of 221] Compiling Text.Pandoc.Readers.ODT.Arrows.Utils
[ 24 of 221] Compiling Text.Pandoc.Readers.ODT.Arrows.State
src/Text/Pandoc/Readers/ODT/Arrows/State.hs:25:1: warning: [GHC-66111] [-Wunused-imports]
    The import of ‘Data.List’ is redundant
      except perhaps to import instances from ‘Data.List’
    To import instances alone, use: import Data.List()
   |
25 | import Data.List (foldl')
   | ^^^^^^^^^^^^^^^^^^^^^^^^^

[ 25 of 221] Compiling Text.Pandoc.Readers.ODT.Generic.XMLConverter
src/Text/Pandoc/Readers/ODT/Generic/XMLConverter.hs:67:1: warning: [GHC-66111] [-Wunused-imports]
    The import of ‘Data.List’ is redundant
      except perhaps to import instances from ‘Data.List’
    To import instances alone, use: import Data.List()
   |
67 | import           Data.List (foldl')
   | ^^^^^^^^^^^^^^^^^^^^^^^^^^^^^^^^^^^

[ 26 of 221] Compiling Text.Pandoc.Readers.ODT.Namespaces
[ 27 of 221] Compiling Text.Pandoc.Readers.ODT.Base
[ 28 of 221] Compiling Text.Pandoc.Readers.Org.Shared
[ 29 of 221] Compiling Text.Pandoc.RoffChar
[ 30 of 221] Compiling Text.Pandoc.Shared
src/Text/Pandoc/Shared.hs:93:25: warning: [GHC-38856] [-Wunused-imports]
    The import of ‘foldl'’ from module ‘Data.List’ is redundant
   |
93 | import Data.List (find, foldl', groupBy, intercalate, intersperse, union)
   |                         ^^^^^^

[ 31 of 221] Compiling Text.Pandoc.Readers.ODT.StyleReader
src/Text/Pandoc/Readers/ODT/StyleReader.hs:48:28: warning: [GHC-38856] [-Wunused-imports]
    The import of ‘foldl'’ from module ‘Data.List’ is redundant
   |
48 | import Data.List (unfoldr, foldl')
   |                            ^^^^^^

[ 32 of 221] Compiling Text.Pandoc.Logging
[ 33 of 221] Compiling Text.Pandoc.Image
[ 34 of 221] Compiling Text.Pandoc.Citeproc.Name
src/Text/Pandoc/Citeproc/Name.hs:33:1: warning: [GHC-66111] [-Wunused-imports]
    The import of ‘Data.List’ is redundant
      except perhaps to import instances from ‘Data.List’
    To import instances alone, use: import Data.List()
   |
33 | import Data.List (foldl')
   | ^^^^^^^^^^^^^^^^^^^^^^^^^

[ 35 of 221] Compiling Text.Pandoc.Citeproc.MetaValue
[ 36 of 221] Compiling Text.Pandoc.Chunks
[ 37 of 221] Compiling Text.Pandoc.Slides
[ 38 of 221] Compiling Text.Pandoc.Sources
[ 39 of 221] Compiling Text.Pandoc.TeX
[ 40 of 221] Compiling Text.Pandoc.Translations.Types
[ 41 of 221] Compiling Text.Pandoc.Class.CommonState
[ 42 of 221] Compiling Text.Pandoc.UTF8
[ 43 of 221] Compiling Text.Pandoc.URI
[ 44 of 221] Compiling Text.Pandoc.Readers.ODT.ContentReader
[ 45 of 221] Compiling Text.Pandoc.Readers.Docx.Parse.Styles
[ 46 of 221] Compiling Text.Pandoc.Error
[ 47 of 221] Compiling Text.Pandoc.Class.PandocMonad
[ 48 of 221] Compiling Text.Pandoc.Readers.Typst.Parsing
[ 49 of 221] Compiling Text.Pandoc.Class.PandocPure
[ 50 of 221] Compiling Text.Pandoc.Class.Sandbox
[ 51 of 221] Compiling Text.Pandoc.Class.IO
[ 52 of 221] Compiling Text.Pandoc.Class.PandocIO
[ 53 of 221] Compiling Text.Pandoc.Class
[ 54 of 221] Compiling Text.Pandoc.Highlighting
[ 55 of 221] Compiling Text.Pandoc.Options
[ 56 of 221] Compiling Text.Pandoc.Transforms
[ 57 of 221] Compiling Text.Pandoc.Readers.ODT
[ 58 of 221] Compiling Text.Pandoc.Readers.Native
[ 59 of 221] Compiling Text.Pandoc.Readers.Haddock
[ 60 of 221] Compiling Text.Pandoc.Readers.EndNote
[ 61 of 221] Compiling Text.Pandoc.Readers.Djot
src/Text/Pandoc/Readers/Djot.hs:40:1: warning: [GHC-66111] [-Wunused-imports]
    The import of ‘Data.List’ is redundant
      except perhaps to import instances from ‘Data.List’
    To import instances alone, use: import Data.List()
   |
40 | import Data.List (foldl')
   | ^^^^^^^^^^^^^^^^^^^^^^^^^

[ 62 of 221] Compiling Text.Pandoc.Readers.CslJson
[ 63 of 221] Compiling Text.Pandoc.Parsing.Capabilities
[ 64 of 221] Compiling Text.Pandoc.Parsing.State
[ 65 of 221] Compiling Text.Pandoc.Parsing.Lists
[ 66 of 221] Compiling Text.Pandoc.ImageSize
[ 67 of 221] Compiling Text.Pandoc.Filter.Environment
[ 68 of 221] Compiling Text.Pandoc.Data
[ 69 of 221] Compiling Text.Pandoc.Translations
[ 70 of 221] Compiling Text.Pandoc.Templates
[ 71 of 221] Compiling Text.Pandoc.UUID
[ 72 of 221] Compiling Text.Pandoc.Version
[ 73 of 221] Compiling Text.Pandoc.Filter.JSON
[ 74 of 221] Compiling Text.Pandoc.Writers.AnnotatedTable
[ 75 of 221] Compiling Text.Pandoc.Writers.Blaze
[ 76 of 221] Compiling Text.Pandoc.Writers.CslJson
[ 77 of 221] Compiling Text.Pandoc.Writers.Docx.StyleMap
[ 78 of 221] Compiling Text.Pandoc.Writers.GridTable
[ 79 of 221] Compiling Text.Pandoc.Writers.JATS.Types
[ 80 of 221] Compiling Text.Pandoc.Writers.LaTeX.Lang
[ 81 of 221] Compiling Text.Pandoc.Writers.LaTeX.Notes
[ 82 of 221] Compiling Text.Pandoc.Writers.LaTeX.Types
[ 83 of 221] Compiling Text.Pandoc.Writers.LaTeX.Caption
[ 84 of 221] Compiling Text.Pandoc.Writers.LaTeX.Util
[ 85 of 221] Compiling Text.Pandoc.Writers.LaTeX.Table
[ 86 of 221] Compiling Text.Pandoc.Writers.Math
[ 87 of 221] Compiling Text.Pandoc.Writers.Native
[ 88 of 221] Compiling Text.Pandoc.Writers.OOXML
[ 89 of 221] Compiling Text.Pandoc.Writers.Docx.Types
[ 90 of 221] Compiling Text.Pandoc.Writers.Docx.Table
[ 91 of 221] Compiling Text.Pandoc.Writers.Roff
[ 92 of 221] Compiling Text.Pandoc.XML
[ 93 of 221] Compiling Text.Pandoc.Writers.JATS.Table
[ 94 of 221] Compiling Text.Pandoc.Writers.JATS.References
[ 95 of 221] Compiling Text.Pandoc.Readers.Jira
[ 96 of 221] Compiling Text.Pandoc.Readers.JATS
src/Text/Pandoc/Readers/JATS.hs:24:19: warning: [GHC-38856] [-Wunused-imports]
    The import of ‘foldl'’ from module ‘Data.List’ is redundant
   |
24 | import Data.List (foldl', intersperse)
   |                   ^^^^^^

[ 97 of 221] Compiling Text.Pandoc.Readers.FB2
[ 98 of 221] Compiling Text.Pandoc.Readers.DocBook
[ 99 of 221] Compiling Text.Pandoc.Parsing.General
[100 of 221] Compiling Text.Pandoc.Parsing.Smart
[101 of 221] Compiling Text.Pandoc.Parsing.Math
[102 of 221] Compiling Text.Pandoc.Parsing.GridTable
[103 of 221] Compiling Text.Pandoc.Parsing.Citations
[104 of 221] Compiling Text.Pandoc.Parsing
[105 of 221] Compiling Text.Pandoc.Writers.Markdown.Types
[106 of 221] Compiling Text.Pandoc.Writers.Markdown.Table
[107 of 221] Compiling Text.Pandoc.SelfContained
[108 of 221] Compiling Text.Pandoc.Readers.Vimwiki
[109 of 221] Compiling Text.Pandoc.Readers.Typst.Math
[110 of 221] Compiling Text.Pandoc.Readers.Typst
[111 of 221] Compiling Text.Pandoc.Readers.Txt2Tags
[112 of 221] Compiling Text.Pandoc.Readers.TikiWiki
[113 of 221] Compiling Text.Pandoc.Readers.Roff.Escape
[114 of 221] Compiling Text.Pandoc.Readers.Roff
[115 of 221] Compiling Text.Pandoc.Readers.RTF
src/Text/Pandoc/Readers/RTF.hs:23:25: warning: [GHC-38856] [-Wunused-imports]
    The import of ‘foldl'’ from module ‘Data.List’ is redundant
   |
23 | import Data.List (find, foldl')
   |                         ^^^^^^

[116 of 221] Compiling Text.Pandoc.Readers.RIS
src/Text/Pandoc/Readers/RIS.hs:26:1: warning: [GHC-66111] [-Wunused-imports]
    The import of ‘Data.List’ is redundant
      except perhaps to import instances from ‘Data.List’
    To import instances alone, use: import Data.List()
   |
26 | import Data.List (foldl')
   | ^^^^^^^^^^^^^^^^^^^^^^^^^

[117 of 221] Compiling Text.Pandoc.Readers.Pod
[118 of 221] Compiling Text.Pandoc.Readers.Org.ParserState
[119 of 221] Compiling Text.Pandoc.Readers.Org.Parsing
[120 of 221] Compiling Text.Pandoc.Readers.Org.ExportSettings
[121 of 221] Compiling Text.Pandoc.Readers.Muse
[122 of 221] Compiling Text.Pandoc.Readers.Metadata
[123 of 221] Compiling Text.Pandoc.Readers.Mdoc.Lex
[124 of 221] Compiling Text.Pandoc.Readers.Mdoc
[125 of 221] Compiling Text.Pandoc.Readers.Man
[126 of 221] Compiling Text.Pandoc.Readers.LaTeX.Parsing
[127 of 221] Compiling Text.Pandoc.Readers.LaTeX.Table
[128 of 221] Compiling Text.Pandoc.Readers.LaTeX.SIunitx
[129 of 221] Compiling Text.Pandoc.Readers.LaTeX.Math
src/Text/Pandoc/Readers/LaTeX/Math.hs:16:1: warning: [GHC-66111] [-Wunused-imports]
    The import of ‘Data.List’ is redundant
      except perhaps to import instances from ‘Data.List’
    To import instances alone, use: import Data.List()
   |
16 | import Data.List (foldl')
   | ^^^^^^^^^^^^^^^^^^^^^^^^^

[130 of 221] Compiling Text.Pandoc.Readers.Org.BlockStarts
[131 of 221] Compiling Text.Pandoc.Readers.Org.DocumentTree
[132 of 221] Compiling Text.Pandoc.Readers.LaTeX.Macro
[133 of 221] Compiling Text.Pandoc.Readers.LaTeX.Lang
[134 of 221] Compiling Text.Pandoc.Readers.LaTeX.Inline
[135 of 221] Compiling Text.Pandoc.Readers.LaTeX.Citation
[136 of 221] Compiling Text.Pandoc.Readers.LaTeX
[137 of 221] Compiling Text.Pandoc.Readers.Org.Inlines
[138 of 221] Compiling Text.Pandoc.Readers.Org.Meta
[139 of 221] Compiling Text.Pandoc.Readers.Org.Blocks
src/Text/Pandoc/Readers/Org/Blocks.hs:41:25: warning: [GHC-38856] [-Wunused-imports]
    The import of ‘foldl'’ from module ‘Data.List’ is redundant
   |
41 | import Data.List (find, foldl')
   |                         ^^^^^^

[140 of 221] Compiling Text.Pandoc.Readers.Org
[141 of 221] Compiling Text.Pandoc.Readers.HTML.Types
[142 of 221] Compiling Text.Pandoc.Readers.HTML.Parsing
[143 of 221] Compiling Text.Pandoc.Readers.DokuWiki
[144 of 221] Compiling Text.Pandoc.Readers.Docx.Fields
[145 of 221] Compiling Text.Pandoc.Readers.Docx.Parse
[146 of 221] Compiling Text.Pandoc.Readers.Docx.Lists
[147 of 221] Compiling Text.Pandoc.Readers.Docx
src/Text/Pandoc/Readers/Docx.hs:77:38: warning: [GHC-38856] [-Wunused-imports]
    The import of ‘foldl'’ from module ‘Data.List’ is redundant
   |
77 | import Data.List (delete, intersect, foldl')
   |                                      ^^^^^^

[148 of 221] Compiling Text.Pandoc.Readers.Creole
[149 of 221] Compiling Text.Pandoc.Readers.CommonMark
[150 of 221] Compiling Text.Pandoc.Format
src/Text/Pandoc/Format.hs:25:1: warning: [GHC-66111] [-Wunused-imports]
    The import of ‘Data.List’ is redundant
      except perhaps to import instances from ‘Data.List’
    To import instances alone, use: import Data.List()
   |
25 | import Data.List (foldl')
   | ^^^^^^^^^^^^^^^^^^^^^^^^^

[151 of 221] Compiling Text.Pandoc.Citeproc.Locator
src/Text/Pandoc/Citeproc/Locator.hs:14:1: warning: [GHC-66111] [-Wunused-imports]
    The import of ‘Data.List’ is redundant
      except perhaps to import instances from ‘Data.List’
    To import instances alone, use: import Data.List()
   |
14 | import Data.List (foldl')
   | ^^^^^^^^^^^^^^^^^^^^^^^^^

[152 of 221] Compiling Text.Pandoc.Writers.LaTeX.Citation
src/Text/Pandoc/Writers/LaTeX/Citation.hs:24:1: warning: [GHC-66111] [-Wunused-imports]
    The import of ‘Data.List’ is redundant
      except perhaps to import instances from ‘Data.List’
    To import instances alone, use: import Data.List()
   |
24 | import Data.List (foldl')
   | ^^^^^^^^^^^^^^^^^^^^^^^^^

[153 of 221] Compiling Text.Pandoc.CSV
[154 of 221] Compiling Text.Pandoc.Readers.RST
[155 of 221] Compiling Text.Pandoc.Readers.CSV
[156 of 221] Compiling Text.Pandoc.CSS
[157 of 221] Compiling Text.Pandoc.Writers.Shared
src/Text/Pandoc/Writers/Shared.hs:60:41: warning: [GHC-38856] [-Wunused-imports]
    The import of ‘foldl'’ from module ‘Data.List’ is redundant
   |
60 | import Data.List (groupBy, intersperse, foldl', transpose)
   |                                         ^^^^^^

[158 of 221] Compiling Text.Pandoc.Writers.ZimWiki
[159 of 221] Compiling Text.Pandoc.Writers.Typst
[160 of 221] Compiling Text.Pandoc.Writers.Textile
[161 of 221] Compiling Text.Pandoc.Writers.Texinfo
src/Text/Pandoc/Writers/Texinfo.hs:20:41: warning: [GHC-38856] [-Wunused-imports]
    The import of ‘foldl'’ from module ‘Data.List’ is redundant
   |
20 | import Data.List (maximumBy, transpose, foldl')
   |                                         ^^^^^^

[162 of 221] Compiling Text.Pandoc.Writers.TEI
[163 of 221] Compiling Text.Pandoc.Writers.RTF
[164 of 221] Compiling Text.Pandoc.Writers.RST
src/Text/Pandoc/Writers/RST.hs:23:43: warning: [GHC-38856] [-Wunused-imports]
    The import of ‘foldl'’ from module ‘Data.List’ is redundant
   |
23 | import Data.List (transpose, intersperse, foldl')
   |                                           ^^^^^^

[165 of 221] Compiling Text.Pandoc.Writers.Powerpoint.Presentation
[166 of 221] Compiling Text.Pandoc.Writers.Powerpoint.Output
[167 of 221] Compiling Text.Pandoc.Writers.Powerpoint
[168 of 221] Compiling Text.Pandoc.Writers.Org
[169 of 221] Compiling Text.Pandoc.Writers.OpenDocument
src/Text/Pandoc/Writers/OpenDocument.hs:22:35: warning: [GHC-38856] [-Wunused-imports]
    The import of ‘foldl'’ from module ‘Data.List’ is redundant
   |
22 | import Data.List (sortOn, sortBy, foldl')
   |                                   ^^^^^^

[170 of 221] Compiling Text.Pandoc.Writers.ODT
[171 of 221] Compiling Text.Pandoc.Writers.Muse
[172 of 221] Compiling Text.Pandoc.Writers.MediaWiki
[173 of 221] Compiling Text.Pandoc.Writers.XWiki
[174 of 221] Compiling Text.Pandoc.Writers.Man
[175 of 221] Compiling Text.Pandoc.Writers.LaTeX
[176 of 221] Compiling Text.Pandoc.Citeproc.BibTeX
src/Text/Pandoc/Citeproc/BibTeX.hs:55:42: warning: [GHC-38856] [-Wunused-imports]
    The import of ‘foldl'’ from module ‘Data.List’ is redundant
   |
55 | import           Data.List              (foldl', intercalate, intersperse)
   |                                          ^^^^^^

[177 of 221] Compiling Text.Pandoc.Readers.BibTeX
[178 of 221] Compiling Text.Pandoc.Writers.Jira
[179 of 221] Compiling Text.Pandoc.Writers.ICML
[180 of 221] Compiling Text.Pandoc.Writers.Haddock
[181 of 221] Compiling Text.Pandoc.Writers.HTML
src/Text/Pandoc/Writers/HTML.hs:38:70: warning: [GHC-38856] [-Wunused-imports]
    The import of ‘foldl'’ from module ‘Data.List’ is redundant
   |
38 | import Data.List (intercalate, intersperse, partition, delete, (\\), foldl')
   |                                                                      ^^^^^^

[182 of 221] Compiling Text.Pandoc.Writers.Markdown.Inline
[183 of 221] Compiling Text.Pandoc.Writers.Markdown
[184 of 221] Compiling Text.Pandoc.Writers.OPML
[185 of 221] Compiling Text.Pandoc.Writers.Ms
[186 of 221] Compiling Text.Pandoc.Writers.Ipynb
[187 of 221] Compiling Text.Pandoc.Writers.CommonMark
[188 of 221] Compiling Text.Pandoc.Writers.FB2
[189 of 221] Compiling Text.Pandoc.Writers.EPUB
[190 of 221] Compiling Text.Pandoc.Writers.DokuWiki
[191 of 221] Compiling Text.Pandoc.Writers.Docx.OpenXML
[192 of 221] Compiling Text.Pandoc.Writers.Docx
[193 of 221] Compiling Text.Pandoc.Writers.DocBook
[194 of 221] Compiling Text.Pandoc.Writers.Djot
[195 of 221] Compiling Text.Pandoc.Writers.ConTeXt
[196 of 221] Compiling Text.Pandoc.Writers.ChunkedHTML
[197 of 221] Compiling Text.Pandoc.Writers.BibTeX
[198 of 221] Compiling Text.Pandoc.Writers.AsciiDoc
[199 of 221] Compiling Text.Pandoc.Writers.ANSI
[200 of 221] Compiling Text.Pandoc.PDF
[201 of 221] Compiling Text.Pandoc.Readers.HTML.Table
src/Text/Pandoc/Readers/HTML/Table.hs:23:1: warning: [GHC-66111] [-Wunused-imports]
    The import of ‘Data.List’ is redundant
      except perhaps to import instances from ‘Data.List’
    To import instances alone, use: import Data.List()
   |
23 | import Data.List (foldl')
   | ^^^^^^^^^^^^^^^^^^^^^^^^^

[202 of 221] Compiling Text.Pandoc.Readers.HTML
src/Text/Pandoc/Readers/HTML.hs:36:1: warning: [GHC-66111] [-Wunused-imports]
    The import of ‘Data.List’ is redundant
      except perhaps to import instances from ‘Data.List’
    To import instances alone, use: import Data.List()
   |
36 | import Data.List (foldl')
   | ^^^^^^^^^^^^^^^^^^^^^^^^^

[203 of 221] Compiling Text.Pandoc.Readers.Textile
src/Text/Pandoc/Readers/Textile.hs:41:43: warning: [GHC-38856] [-Wunused-imports]
    The import of ‘foldl'’ from module ‘Data.List’ is redundant
   |
41 | import Data.List (intersperse, transpose, foldl')
   |                                           ^^^^^^

[204 of 221] Compiling Text.Pandoc.Readers.TWiki
[205 of 221] Compiling Text.Pandoc.Readers.MediaWiki
[206 of 221] Compiling Text.Pandoc.Readers.Markdown
src/Text/Pandoc/Readers/Markdown.hs:27:49: warning: [GHC-38856] [-Wunused-imports]
    The import of ‘foldl'’ from module ‘Data.List’ is redundant
   |
27 | import Data.List (transpose, elemIndex, sortOn, foldl')
   |                                                 ^^^^^^

[207 of 221] Compiling Text.Pandoc.Readers.OPML
[208 of 221] Compiling Text.Pandoc.Readers.Ipynb
[209 of 221] Compiling Text.Pandoc.Citeproc
[210 of 221] Compiling Text.Pandoc.Writers.JATS
[211 of 221] Compiling Text.Pandoc.Writers
[212 of 221] Compiling Text.Pandoc.Readers.EPUB
[213 of 221] Compiling Text.Pandoc.Readers
[214 of 221] Compiling Text.Pandoc.Scripting
[215 of 221] Compiling Text.Pandoc.Filter
[216 of 221] Compiling Text.Pandoc.App.Input
[217 of 221] Compiling Text.Pandoc
[218 of 221] Compiling Text.Pandoc.App.Opt
[219 of 221] Compiling Text.Pandoc.App.CommandLineOptions
src/Text/Pandoc/App/CommandLineOptions.hs:33:38: warning: [GHC-38856] [-Wunused-imports]
    The import of ‘foldl'’ from module ‘Data.List’ is redundant
   |
33 | import Data.List (intercalate, sort, foldl')
   |                                      ^^^^^^

[220 of 221] Compiling Text.Pandoc.App.OutputSettings
[221 of 221] Compiling Text.Pandoc.App
Configuring test suite 'test-pandoc' for pandoc-3.7.0.2...
Preprocessing test suite 'test-pandoc' for pandoc-3.7.0.2...
Building test suite 'test-pandoc' for pandoc-3.7.0.2...
[ 1 of 59] Compiling Tests.Helpers
[ 2 of 59] Compiling Tests.Command
[ 3 of 59] Compiling Tests.MediaBag
[ 4 of 59] Compiling Tests.Old
[ 5 of 59] Compiling Tests.Readers.Creole
[ 6 of 59] Compiling Tests.Readers.Docx
[ 7 of 59] Compiling Tests.Readers.DokuWiki
[ 8 of 59] Compiling Tests.Readers.EPUB
[ 9 of 59] Compiling Tests.Readers.FB2
[10 of 59] Compiling Tests.Readers.HTML
[11 of 59] Compiling Tests.Readers.JATS
[12 of 59] Compiling Tests.Readers.Jira
[13 of 59] Compiling Tests.Readers.LaTeX
[14 of 59] Compiling Tests.Readers.Man
[15 of 59] Compiling Tests.Readers.Markdown
[16 of 59] Compiling Tests.Readers.Mdoc
[17 of 59] Compiling Tests.Readers.Muse
[18 of 59] Compiling Tests.Readers.ODT
[19 of 59] Compiling Tests.Readers.Org.Inline.Smart
[20 of 59] Compiling Tests.Readers.Org.Shared
[21 of 59] Compiling Tests.Readers.Org.Meta
[22 of 59] Compiling Tests.Readers.Org.Inline.Note
[23 of 59] Compiling Tests.Readers.Org.Inline.Citation
[24 of 59] Compiling Tests.Readers.Org.Inline
[25 of 59] Compiling Tests.Readers.Org.Directive
[26 of 59] Compiling Tests.Readers.Org.Block.Table
[27 of 59] Compiling Tests.Readers.Org.Block.List
[28 of 59] Compiling Tests.Readers.Org.Block.Header
[29 of 59] Compiling Tests.Readers.Org.Block.Figure
[30 of 59] Compiling Tests.Readers.Org.Block.CodeBlock
[31 of 59] Compiling Tests.Readers.Org.Block
[32 of 59] Compiling Tests.Readers.Org
[33 of 59] Compiling Tests.Readers.Pod
[34 of 59] Compiling Tests.Readers.RST
[35 of 59] Compiling Tests.Readers.RTF
[36 of 59] Compiling Tests.Readers.Txt2Tags
[37 of 59] Compiling Tests.Shared
[38 of 59] Compiling Tests.Writers.AnnotatedTable
[39 of 59] Compiling Tests.Writers.AsciiDoc
[40 of 59] Compiling Tests.Writers.ConTeXt
[41 of 59] Compiling Tests.Writers.DocBook
[42 of 59] Compiling Tests.Writers.FB2
[43 of 59] Compiling Tests.Writers.HTML
[44 of 59] Compiling Tests.Writers.JATS
[45 of 59] Compiling Tests.Writers.Jira
[46 of 59] Compiling Tests.Writers.LaTeX
[47 of 59] Compiling Tests.Writers.Markdown
[48 of 59] Compiling Tests.Writers.Markua
[49 of 59] Compiling Tests.Writers.Ms
[50 of 59] Compiling Tests.Writers.Muse
[51 of 59] Compiling Tests.Writers.Native
[52 of 59] Compiling Tests.Writers.OOXML
[53 of 59] Compiling Tests.Writers.Docx
[54 of 59] Compiling Tests.Writers.Org
[55 of 59] Compiling Tests.Writers.Plain
[56 of 59] Compiling Tests.Writers.Powerpoint
[57 of 59] Compiling Tests.Writers.RST
[58 of 59] Compiling Tests.Writers.TEI
[59 of 59] Compiling Main
[60 of 60] Linking /tmp/workdir-pandoc/pandoc-3.7.0.2/dist-newstyle/build/x86_64-linux/ghc-9.10.2/pandoc-3.7.0.2/t/test-pandoc/build/test-pandoc/test-pandoc
