Resolving dependencies...
Build profile: -w ghc-9.10.2 -O1
In order, the following will be built (use -v for more details):
 - fuzzyset-0.3.2 (lib) (first run)
 - fuzzyset-0.3.2 (test:fuzzyset-test) (first run)
Configuring library for fuzzyset-0.3.2...
Preprocessing library for fuzzyset-0.3.2...
Building library for fuzzyset-0.3.2...
[1 of 6] Compiling Data.FuzzySet.Utils
[2 of 6] Compiling Data.FuzzySet.Internal
[3 of 6] Compiling Data.FuzzySet.Simple
[4 of 6] Compiling Data.FuzzySet.Monad
src/Data/FuzzySet/Monad.hs:153:10: warning: [GHC-62412] [-Wsimplifiable-class-constraints]
    • The constraint ‘MonadState FuzzySet (SelectT s m)’ matches
        instance MonadState s m => MonadState s (SelectT r m)
          -- Defined in ‘Control.Monad.State.Class’
      This makes type inference for inner bindings fragile;
        either use MonoLocalBinds, or simplify it using the instance
    • In the instance declaration for ‘MonadFuzzySearch (SelectT s m)’
    |
153 | instance (MonadFuzzySearch m, MonadState FuzzySet (SelectT s m)) => MonadFuzzySearch (SelectT s m) where
    |          ^^^^^^^^^^^^^^^^^^^^^^^^^^^^^^^^^^^^^^^^^^^^^^^^^^^^^^^^^^^^^^^^^^^^^^^^^^^^^^^^^^^^^^^^^

[5 of 6] Compiling Data.FuzzySet
[6 of 6] Compiling Paths_fuzzyset
Configuring test suite 'fuzzyset-test' for fuzzyset-0.3.2...
Preprocessing test suite 'fuzzyset-test' for fuzzyset-0.3.2...
Building test suite 'fuzzyset-test' for fuzzyset-0.3.2...
[1 of 3] Compiling Helpers
[2 of 3] Compiling Main
test/Spec.hs:156:24: warning: [GHC-63394] [-Wx-partial]
    In the use of ‘head’
    (imported from Prelude, but defined in GHC.Internal.List):
    "This is a partial function, it throws an error on empty lists. Use pattern matching, 'Data.List.uncons' or 'Data.Maybe.listToMaybe' instead. Consider refactoring to use "Data.List.NonEmpty"."
    |
156 | sorted (x : xs) = x >= head xs && sorted xs
    |                        ^^^^

[3 of 3] Compiling Paths_fuzzyset
[4 of 4] Linking dist-newstyle/build/x86_64-linux/ghc-9.10.2/fuzzyset-0.3.2/t/fuzzyset-test/build/fuzzyset-test/fuzzyset-test
