Warning: The package description file ./approximate-equality.cabal has
warnings: approximate-equality.cabal:20:34: version operators used. To use
version operators the package needs to specify at least 'cabal-version: >=
1.8'.
approximate-equality.cabal:21:57: version operators used. To use version
operators the package needs to specify at least 'cabal-version: >= 1.8'.
Warning: The package description file
/tmp/workdir-approximate-equality/approximate-equality-1.1.0.2/approximate-equality.cabal
has warnings:
/tmp/workdir-approximate-equality/approximate-equality-1.1.0.2/approximate-equality.cabal:20:34:
version operators used. To use version operators the package needs to specify
at least 'cabal-version: >= 1.8'.
/tmp/workdir-approximate-equality/approximate-equality-1.1.0.2/approximate-equality.cabal:21:57:
version operators used. To use version operators the package needs to specify
at least 'cabal-version: >= 1.8'.
Resolving dependencies...
Build profile: -w ghc-9.10.2 -O1
In order, the following will be built (use -v for more details):
 - approximate-equality-1.1.0.2 (lib:approximate-equality) (first run)
Warning: approximate-equality.cabal:20:34: version operators used. To use
version operators the package needs to specify at least 'cabal-version: >=
1.8'.
Warning: approximate-equality.cabal:21:57: version operators used. To use
version operators the package needs to specify at least 'cabal-version: >=
1.8'.
Configuring approximate-equality-1.1.0.2...
Warning: [git-protocol] Cloning over git:// might lead to an arbitrary code
execution vulnerability. Furthermore, popular forges like GitHub do not
support it. Use https:// or ssh:// instead.
Preprocessing library for approximate-equality-1.1.0.2...
Building library for approximate-equality-1.1.0.2...
[1 of 1] Compiling Data.Eq.Approximate
