Resolving dependencies...
Build profile: -w ghc-9.10.2 -O1
In order, the following will be built (use -v for more details):
 - quadratic-irrational-0.1.2 (lib) (first run)
 - quadratic-irrational-0.1.2 (test:doctests) (first run)
 - quadratic-irrational-0.1.2 (test:tasty-tests) (first run)
Configuring library for quadratic-irrational-0.1.2...
Preprocessing library for quadratic-irrational-0.1.2...
Building library for quadratic-irrational-0.1.2...
[1 of 5] Compiling Numeric.QuadraticIrrational.CyclicList
src/Numeric/QuadraticIrrational/CyclicList.hs:17:1: warning: [GHC-66111] [-Wunused-imports]
    The import of ‘Data.Monoid’ is redundant
      except perhaps to import instances from ‘Data.Monoid’
    To import instances alone, use: import Data.Monoid()
   |
17 | import Data.Monoid ((<>))
   | ^^^^^^^^^^^^^^^^^^^^^^^^^

[2 of 5] Compiling Numeric.QuadraticIrrational.Internal.Lens
[3 of 5] Compiling Numeric.QuadraticIrrational.SquareFree
[4 of 5] Compiling Numeric.QuadraticIrrational.Ring
[5 of 5] Compiling Numeric.QuadraticIrrational
src/Numeric/QuadraticIrrational.hs:78:1: warning: [GHC-66111] [-Wunused-imports]
    The import of ‘Data.List’ is redundant
      except perhaps to import instances from ‘Data.List’
    To import instances alone, use: import Data.List()
   |
78 | import Data.List (foldl')
   | ^^^^^^^^^^^^^^^^^^^^^^^^^

src/Numeric/QuadraticIrrational.hs:714:20: warning: [GHC-62161] [-Wincomplete-uni-patterns]
    Pattern match(es) are non-exhaustive
    In an irrefutable pattern:
        Patterns of type ‘[(QITuple, Integer)]’ not matched: []
    |
714 |         (preLoop, ~(i:postLoop)) ->
    |                    ^^^^^^^^^^^^

src/Numeric/QuadraticIrrational.hs:737:6: warning: [GHC-62161] [-Wincomplete-uni-patterns]
    Pattern match(es) are non-exhaustive
    In an irrefutable pattern:
        Patterns of type ‘[((Integer, Integer, Integer, Integer),
                            Integer)]’ not matched:
            []
    |
737 |     ~((_,i) : xs) -> (i, xs)
    |      ^^^^^^^^^^^^

Configuring test suite 'doctests' for quadratic-irrational-0.1.2...
Preprocessing test suite 'doctests' for quadratic-irrational-0.1.2...
Building test suite 'doctests' for quadratic-irrational-0.1.2...
[1 of 1] Compiling Main
[2 of 2] Linking /tmp/workdir-quadratic-irrational/quadratic-irrational-0.1.2/dist-newstyle/build/x86_64-linux/ghc-9.10.2/quadratic-irrational-0.1.2/t/doctests/build/doctests/doctests
Configuring test suite 'tasty-tests' for quadratic-irrational-0.1.2...
Preprocessing test suite 'tasty-tests' for quadratic-irrational-0.1.2...
Building test suite 'tasty-tests' for quadratic-irrational-0.1.2...
[1 of 3] Compiling CyclicList
[2 of 3] Compiling QuadraticIrrational
tests/QuadraticIrrational.hs:122:22: warning: [GHC-62161] [-Wincomplete-uni-patterns]
    Pattern match(es) are non-exhaustive
    In an irrefutable pattern:
        Patterns of type ‘Maybe QI’ not matched: Nothing
    |
122 |             ==> let ~(Just nr) = qiRecip n
    |                      ^^^^^^^^^

tests/QuadraticIrrational.hs:126:16: warning: [GHC-62161] [-Wincomplete-uni-patterns]
    Pattern match(es) are non-exhaustive
    In an irrefutable pattern:
        Patterns of type ‘Maybe QI’ not matched: Nothing
    |
126 |           let ~(Just r) = qiAdd n n'
    |                ^^^^^^^^

tests/QuadraticIrrational.hs:130:16: warning: [GHC-62161] [-Wincomplete-uni-patterns]
    Pattern match(es) are non-exhaustive
    In an irrefutable pattern:
        Patterns of type ‘Maybe QI’ not matched: Nothing
    |
130 |           let ~(Just r) = qiSub n n'
    |                ^^^^^^^^

tests/QuadraticIrrational.hs:134:16: warning: [GHC-62161] [-Wincomplete-uni-patterns]
    Pattern match(es) are non-exhaustive
    In an irrefutable pattern:
        Patterns of type ‘Maybe QI’ not matched: Nothing
    |
134 |           let ~(Just r) = qiMul n n'
    |                ^^^^^^^^

tests/QuadraticIrrational.hs:138:16: warning: [GHC-62161] [-Wincomplete-uni-patterns]
    Pattern match(es) are non-exhaustive
    In an irrefutable pattern:
        Patterns of type ‘Maybe QI’ not matched: Nothing
    |
138 |           let ~(Just r) = qiDiv n n'
    |                ^^^^^^^^

[3 of 3] Compiling Main
[4 of 4] Linking /tmp/workdir-quadratic-irrational/quadratic-irrational-0.1.2/dist-newstyle/build/x86_64-linux/ghc-9.10.2/quadratic-irrational-0.1.2/t/tasty-tests/build/tasty-tests/tasty-tests
