Resolving dependencies...
Build profile: -w ghc-9.10.2 -O1
In order, the following will be built (use -v for more details):
 - deque-0.4.4.2 (lib) (first run)
 - deque-0.4.4.2 (test:test) (first run)
Configuring library for deque-0.4.4.2...
Preprocessing library for deque-0.4.4.2...
Building library for deque-0.4.4.2...
[1 of 9] Compiling Deque.Prelude
[2 of 9] Compiling Deque.Lazy.Defs
[3 of 9] Compiling Deque.Strict.Defs
[4 of 9] Compiling Deque.Strict
[5 of 9] Compiling Deque.Lazy
[6 of 9] Compiling Deque.Lazy.State
[7 of 9] Compiling Deque.Lazy.Reader
[8 of 9] Compiling Deque.Strict.Reader
[9 of 9] Compiling Deque.Strict.State
Configuring test suite 'test' for deque-0.4.4.2...
Preprocessing test suite 'test' for deque-0.4.4.2...
Building test suite 'test' for deque-0.4.4.2...
[1 of 1] Compiling Main
[2 of 2] Linking dist-newstyle/build/x86_64-linux/ghc-9.10.2/deque-0.4.4.2/t/test/build/test/test
