Resolving dependencies...
Build profile: -w ghc-9.10.2 -O1
In order, the following will be built (use -v for more details):
 - bitwise-enum-1.0.1.2 (lib) (first run)
 - bitwise-enum-1.0.1.2 (test:enumset-test-suite) (first run)
Configuring library for bitwise-enum-1.0.1.2...
Preprocessing library for bitwise-enum-1.0.1.2...
Building library for bitwise-enum-1.0.1.2...
[1 of 4] Compiling Data.Enum.Memo
[2 of 4] Compiling Data.Enum.Set.Base
Data/Enum/Set/Base.hs:131:1-35: warning: [GHC-66111] [-Wunused-imports]
    The import of ‘Control.Applicative’ is redundant
      except perhaps to import instances from ‘Control.Applicative’
    To import instances alone, use: import Control.Applicative()
    |
131 | import Control.Applicative (liftA2)
    | ^^^^^^^^^^^^^^^^^^^^^^^^^^^^^^^^^^^

[3 of 4] Compiling Data.Enum.Set
[4 of 4] Compiling Paths_bitwise_enum
Configuring test suite 'enumset-test-suite' for bitwise-enum-1.0.1.2...
Preprocessing test suite 'enumset-test-suite' for bitwise-enum-1.0.1.2...
Building test suite 'enumset-test-suite' for bitwise-enum-1.0.1.2...
[1 of 2] Compiling Main
tests/set-properties.hs:9:23-28: warning: [GHC-38856] [-Wunused-imports]
    The import of ‘foldl'’ from module ‘Data.Foldable’ is redundant
  |
9 | import Data.Foldable (foldl', foldr')
  |                       ^^^^^^

[2 of 2] Compiling Paths_bitwise_enum
[3 of 3] Linking dist-newstyle/build/x86_64-linux/ghc-9.10.2/bitwise-enum-1.0.1.2/t/enumset-test-suite/build/enumset-test-suite/enumset-test-suite
