Resolving dependencies...
Build profile: -w ghc-9.10.2 -O1
In order, the following will be built (use -v for more details):
 - equational-reasoning-0.7.1.0 (lib) (first run)
Configuring library for equational-reasoning-0.7.1.0...
Warning: [git-protocol] Cloning over git:// might lead to an arbitrary code
execution vulnerability. Furthermore, popular forges like GitHub do not
support it. Use https:// or ssh:// instead.
Preprocessing library for equational-reasoning-0.7.1.0...
Building library for equational-reasoning-0.7.1.0...
[1 of 5] Compiling Proof.Equational
[2 of 5] Compiling Proof.Propositional.Empty
[3 of 5] Compiling Proof.Propositional.Inhabited
[4 of 5] Compiling Proof.Propositional.TH
Proof/Propositional/TH.hs:53:7: warning: [GHC-62161] [-Wincomplete-uni-patterns]
    Pattern match(es) are non-exhaustive
    In a pattern binding:
        Patterns of type ‘Maybe ([Name], Name, [DType])’ not matched:
            Nothing
   |
53 |   let Just (_, tyName, args) = splitType tp
   |       ^^^^^^^^^^^^^^^^^^^^^^^^^^^^^^^^^^^^^

Proof/Propositional/TH.hs:65:11: warning: [GHC-62161] [-Wincomplete-uni-patterns]
    Pattern match(es) are non-exhaustive
    In a pattern binding:
        Patterns of type ‘[DType]’ not matched:
            []
            [_]
            (_:_:_:_)
   |
65 |       let [l, r] = args
   |           ^^^^^^^^^^^^^

Proof/Propositional/TH.hs:100:7: warning: [GHC-62161] [-Wincomplete-uni-patterns]
    Pattern match(es) are non-exhaustive
    In a pattern binding:
        Patterns of type ‘Maybe ([Name], Name, [DType])’ not matched:
            Nothing
    |
100 |   let Just (_, tyName, args) = splitType tp
    |       ^^^^^^^^^^^^^^^^^^^^^^^^^^^^^^^^^^^^^

Proof/Propositional/TH.hs:116:13: warning: [GHC-62161] [-Wincomplete-uni-patterns]
    Pattern match(es) are non-exhaustive
    In a pattern binding:
        Patterns of type ‘[DType]’ not matched:
            []
            [_]
            (_:_:_:_)
    |
116 |         let [l, r] = args
    |             ^^^^^^^^^^^^^

[5 of 5] Compiling Proof.Propositional
