Warning: The package description file ./mersenne-random-pure64.cabal has
warnings: mersenne-random-pure64.cabal:50:36: version operators used. To use
version operators the package needs to specify at least 'cabal-version: >=
1.8'.
Warning: The package description file
/tmp/workdir-mersenne-random-pure64/mersenne-random-pure64-0.2.2.0/mersenne-random-pure64.cabal
has warnings:
/tmp/workdir-mersenne-random-pure64/mersenne-random-pure64-0.2.2.0/mersenne-random-pure64.cabal:50:36:
version operators used. To use version operators the package needs to specify
at least 'cabal-version: >= 1.8'.
Resolving dependencies...
Build profile: -w ghc-9.10.2 -O1
In order, the following will be built (use -v for more details):
 - mersenne-random-pure64-0.2.2.0 (lib:mersenne-random-pure64) (first run)
Warning: mersenne-random-pure64.cabal:50:36: version operators used. To use
version operators the package needs to specify at least 'cabal-version: >=
1.8'.
Configuring mersenne-random-pure64-0.2.2.0...
Warning: [git-protocol] Cloning over git:// might lead to an arbitrary code
execution vulnerability. Furthermore, popular forges like GitHub do not
support it. Use https:// or ssh:// instead.
Preprocessing library for mersenne-random-pure64-0.2.2.0...
Building library for mersenne-random-pure64-0.2.2.0...
[1 of 4] Compiling System.Random.Mersenne.Pure64.Base
[2 of 4] Compiling System.Random.Mersenne.Pure64.Internal
[3 of 4] Compiling System.Random.Mersenne.Pure64.MTBlock
[4 of 4] Compiling System.Random.Mersenne.Pure64
System/Random/Mersenne/Pure64.hs:81:10: warning: [GHC-06201] [-Wmissing-methods]
    • No explicit implementation for
        either ‘genWord32’ or ‘genWord64’ or ‘genRange’
    • In the instance declaration for ‘RandomGen PureMT’
   |
81 | instance RandomGen PureMT where
   |          ^^^^^^^^^^^^^^^^

