Resolving dependencies...
Build profile: -w ghc-9.10.2 -O1
In order, the following will be built (use -v for more details):
 - advent-of-code-api-0.2.9.1 (lib) (first run)
 - advent-of-code-api-0.2.9.1 (test:advent-of-code-api-test) (first run)
Configuring library for advent-of-code-api-0.2.9.1...
Preprocessing library for advent-of-code-api-0.2.9.1...
Building library for advent-of-code-api-0.2.9.1...
[1 of 5] Compiling Advent.Cache
[2 of 5] Compiling Advent.Throttle
[3 of 5] Compiling Advent.Types
[4 of 5] Compiling Advent.API
[5 of 5] Compiling Advent
Configuring test suite 'advent-of-code-api-test' for advent-of-code-api-0.2.9.1...
Preprocessing test suite 'advent-of-code-api-test' for advent-of-code-api-0.2.9.1...
Building test suite 'advent-of-code-api-test' for advent-of-code-api-0.2.9.1...
[1 of 2] Compiling Main
test/Spec.hs:5:18: warning: [GHC-82347] [-Wcompat-unqualified-imports]
    To ensure compatibility with future core libraries changes
    imports to Data.List should be
    either qualified or have an explicit import list.
  |
5 | import           Data.List
  |                  ^^^^^^^^^

[2 of 2] Compiling Paths_advent_of_code_api
[3 of 3] Linking /tmp/workdir-advent-of-code-api/advent-of-code-api-0.2.9.1/dist-newstyle/build/x86_64-linux/ghc-9.10.2/advent-of-code-api-0.2.9.1/t/advent-of-code-api-test/build/advent-of-code-api-test/advent-of-code-api-test
