Resolving dependencies...
Build profile: -w ghc-9.10.2 -O1
In order, the following will be built (use -v for more details):
 - gogol-sheets-1.0.0 (lib) (first run)
Configuring library for gogol-sheets-1.0.0...
Preprocessing library for gogol-sheets-1.0.0...
Building library for gogol-sheets-1.0.0...
[ 1 of 21] Compiling Gogol.Sheets.Internal.Sum
[ 2 of 21] Compiling Gogol.Sheets.Internal.Product
[ 3 of 21] Compiling Gogol.Sheets.Types
[ 4 of 21] Compiling Gogol.Sheets.Spreadsheets.Values.Update
[ 5 of 21] Compiling Gogol.Sheets.Spreadsheets.Values.Get
[ 6 of 21] Compiling Gogol.Sheets.Spreadsheets.Values.Clear
[ 7 of 21] Compiling Gogol.Sheets.Spreadsheets.Values.BatchUpdateByDataFilter
[ 8 of 21] Compiling Gogol.Sheets.Spreadsheets.Values.BatchUpdate
[ 9 of 21] Compiling Gogol.Sheets.Spreadsheets.Values.BatchGetByDataFilter
[10 of 21] Compiling Gogol.Sheets.Spreadsheets.Values.BatchGet
[11 of 21] Compiling Gogol.Sheets.Spreadsheets.Values.BatchClearByDataFilter
[12 of 21] Compiling Gogol.Sheets.Spreadsheets.Values.BatchClear
[13 of 21] Compiling Gogol.Sheets.Spreadsheets.Values.Append
[14 of 21] Compiling Gogol.Sheets.Spreadsheets.Sheets.CopyTo
[15 of 21] Compiling Gogol.Sheets.Spreadsheets.GetByDataFilter
[16 of 21] Compiling Gogol.Sheets.Spreadsheets.Get
[17 of 21] Compiling Gogol.Sheets.Spreadsheets.DeveloperMetadata.Search
[18 of 21] Compiling Gogol.Sheets.Spreadsheets.DeveloperMetadata.Get
[19 of 21] Compiling Gogol.Sheets.Spreadsheets.Create
[20 of 21] Compiling Gogol.Sheets.Spreadsheets.BatchUpdate
[21 of 21] Compiling Gogol.Sheets
