Resolving dependencies...
Build profile: -w ghc-9.10.2 -O1
In order, the following will be built (use -v for more details):
 - appar-0.1.8 (lib:appar) (first run)
Warning: appar.cabal:20:37: version operators used. To use version operators
the package needs to specify at least 'cabal-version: >= 1.8'.
Configuring appar-0.1.8...
Preprocessing library for appar-0.1.8...
Building library for appar-0.1.8...
on the commandline: warning: [GHC-53692] [-Wdeprecated-flags]
    -Wnoncanonical-monadfail-instances is deprecated: fail is no longer a method of Monad

[1 of 5] Compiling Text.Appar.Input
Text/Appar/Input.hs:37:11: warning: [GHC-63394] [-Wx-partial]
    In the use of ‘head’
    (imported from Prelude, but defined in GHC.Internal.List):
    "This is a partial function, it throws an error on empty lists. Use pattern matching, 'Data.List.uncons' or 'Data.Maybe.listToMaybe' instead. Consider refactoring to use "Data.List.NonEmpty"."
   |
37 |     car = head
   |           ^^^^

Text/Appar/Input.hs:38:11: warning: [GHC-63394] [-Wx-partial]
    In the use of ‘tail’
    (imported from Prelude, but defined in GHC.Internal.List):
    "This is a partial function, it throws an error on empty lists. Replace it with 'drop' 1, or use pattern matching or 'GHC.Internal.Data.List.uncons' instead. Consider refactoring to use "Data.List.NonEmpty"."
   |
38 |     cdr = tail
   |           ^^^^

[2 of 5] Compiling Text.Appar.Parser
Text/Appar/Parser.hs:59:1: warning: [GHC-66111] [-Wunused-imports]
    The import of ‘Control.Monad.Fail’ is redundant
      except perhaps to import instances from ‘Control.Monad.Fail’
    To import instances alone, use: import Control.Monad.Fail()
   |
59 | import Control.Monad.Fail as Fail
   | ^^^^^^^^^^^^^^^^^^^^^^^^^^^^^^^^^

[3 of 5] Compiling Text.Appar.LazyByteString
[4 of 5] Compiling Text.Appar.ByteString
[5 of 5] Compiling Text.Appar.String
