Resolving dependencies...
Build profile: -w ghc-9.10.2 -O1
In order, the following will be built (use -v for more details):
 - graphql-spice-1.0.6.0 (lib) (first run)
 - graphql-spice-1.0.6.0 (test:graphql-test) (first run)
Configuring library for graphql-spice-1.0.6.0...
Preprocessing library for graphql-spice-1.0.6.0...
Building library for graphql-spice-1.0.6.0...
[1 of 5] Compiling Language.GraphQL.Class
[2 of 5] Compiling Language.GraphQL.JSON
[3 of 5] Compiling Language.GraphQL.Resolver
[4 of 5] Compiling Language.GraphQL.TH
[5 of 5] Compiling Test.Hspec.GraphQL
Configuring test suite 'graphql-test' for graphql-spice-1.0.6.0...
Preprocessing test suite 'graphql-test' for graphql-spice-1.0.6.0...
Building test suite 'graphql-test' for graphql-spice-1.0.6.0...
[1 of 7] Compiling Language.GraphQL.ClassSpec
[2 of 7] Compiling Language.GraphQL.CoerceSpec
[3 of 7] Compiling Language.GraphQL.DirectiveSpec
[4 of 7] Compiling Language.GraphQL.FragmentSpec
[5 of 7] Compiling Language.GraphQL.RootOperationSpec
[6 of 7] Compiling Language.GraphQL.THSpec
[7 of 7] Compiling Main
[8 of 8] Linking dist-newstyle/build/x86_64-linux/ghc-9.10.2/graphql-spice-1.0.6.0/t/graphql-test/build/graphql-test/graphql-test
