Warning: The package description file ./statistics-linreg.cabal has warnings:
statistics-linreg.cabal:46:67: version operators used. To use version
operators the package needs to specify at least 'cabal-version: >= 1.8'.
statistics-linreg.cabal:5:1: Tabs used as indentation at 5:1, 8:1, 9:1, 10:1,
11:1, 12:1, 13:1, 14:1
Warning: The package description file
/tmp/workdir-statistics-linreg/statistics-linreg-0.3/statistics-linreg.cabal
has warnings:
/tmp/workdir-statistics-linreg/statistics-linreg-0.3/statistics-linreg.cabal:46:67:
version operators used. To use version operators the package needs to specify
at least 'cabal-version: >= 1.8'.
/tmp/workdir-statistics-linreg/statistics-linreg-0.3/statistics-linreg.cabal:5:1:
Tabs used as indentation at 5:1, 8:1, 9:1, 10:1, 11:1, 12:1, 13:1, 14:1
Resolving dependencies...
Build profile: -w ghc-9.10.2 -O1
In order, the following will be built (use -v for more details):
 - statistics-linreg-0.3 (lib:statistics-linreg) (first run)
Warning: statistics-linreg.cabal:46:67: version operators used. To use version
operators the package needs to specify at least 'cabal-version: >= 1.8'.
Warning: statistics-linreg.cabal:5:1: Tabs used as indentation at 5:1, 8:1,
9:1, 10:1, 11:1, 12:1, 13:1, 14:1
Configuring statistics-linreg-0.3...
Preprocessing library for statistics-linreg-0.3...
Building library for statistics-linreg-0.3...
[1 of 1] Compiling Statistics.LinearRegression
Statistics/LinearRegression.hs:217:33: warning: [GHC-63394] [-Wx-partial]
    In the use of ‘tail’
    (imported from Prelude, but defined in GHC.Internal.List):
    "This is a partial function, it throws an error on empty lists. Replace it with 'drop' 1, or use pattern matching or 'GHC.Internal.Data.List.uncons' instead. Consider refactoring to use "Data.List.NonEmpty"."
    |
217 | concentration ep xs ys params = tail $ iterate (concentrationStep ep xs ys) (params,-1)
    |                                 ^^^^

