Resolving dependencies...
Build profile: -w ghc-9.10.2 -O1
In order, the following will be built (use -v for more details):
 - contiguous-0.6.5.0 (lib) (first run)
 - contiguous-0.6.5.0 (test:unit-tests) (first run)
 - contiguous-0.6.5.0 (test:laws) (first run)
Configuring library for contiguous-0.6.5.0...
Warning: [git-protocol] Cloning over git:// might lead to an arbitrary code
execution vulnerability. Furthermore, popular forges like GitHub do not
support it. Use https:// or ssh:// instead.
Preprocessing library for contiguous-0.6.5.0...
Building library for contiguous-0.6.5.0...
[1 of 3] Compiling Data.Primitive.Contiguous.Shim
[2 of 3] Compiling Data.Primitive.Contiguous.Class
[3 of 3] Compiling Data.Primitive.Contiguous
Configuring test suite 'unit-tests' for contiguous-0.6.5.0...
Warning: [git-protocol] Cloning over git:// might lead to an arbitrary code
execution vulnerability. Furthermore, popular forges like GitHub do not
support it. Use https:// or ssh:// instead.
Preprocessing test suite 'unit-tests' for contiguous-0.6.5.0...
Building test suite 'unit-tests' for contiguous-0.6.5.0...
[1 of 1] Compiling Main
[2 of 2] Linking dist-newstyle/build/x86_64-linux/ghc-9.10.2/contiguous-0.6.5.0/t/unit-tests/build/unit-tests/unit-tests
Configuring test suite 'laws' for contiguous-0.6.5.0...
Warning: [git-protocol] Cloning over git:// might lead to an arbitrary code
execution vulnerability. Furthermore, popular forges like GitHub do not
support it. Use https:// or ssh:// instead.
Preprocessing test suite 'laws' for contiguous-0.6.5.0...
Building test suite 'laws' for contiguous-0.6.5.0...
[1 of 1] Compiling Main
[2 of 2] Linking dist-newstyle/build/x86_64-linux/ghc-9.10.2/contiguous-0.6.5.0/t/laws/build/laws/laws
