Resolving dependencies...
Build profile: -w ghc-9.10.2 -O1
In order, the following will be built (use -v for more details):
 - koji-tool-1.3 (exe:koji-tool) (first run)
 - koji-tool-1.3 (test:test) (first run)
Configuring executable 'koji-tool' for koji-tool-1.3...
Preprocessing executable 'koji-tool' for koji-tool-1.3...
Building executable 'koji-tool' for koji-tool-1.3...
[ 1 of 13] Compiling Common
[ 2 of 13] Compiling DownloadDir
[ 3 of 13] Compiling Paths_koji_tool
[ 4 of 13] Compiling Time
[ 5 of 13] Compiling User
[ 6 of 13] Compiling Utils
[ 7 of 13] Compiling Install
[ 8 of 13] Compiling Tasks
[ 9 of 13] Compiling Progress
[10 of 13] Compiling Builds
[11 of 13] Compiling Find
[12 of 13] Compiling BuildlogSizes
[13 of 13] Compiling Main
[14 of 14] Linking /tmp/workdir-koji-tool/koji-tool-1.3/dist-newstyle/build/x86_64-linux/ghc-9.10.2/koji-tool-1.3/x/koji-tool/build/koji-tool/koji-tool
Configuring test suite 'test' for koji-tool-1.3...
Preprocessing test suite 'test' for koji-tool-1.3...
Building test suite 'test' for koji-tool-1.3...
[1 of 1] Compiling Main
test/tests.hs:6:23: warning: [GHC-63394] [-Wx-partial]
    In the use of ‘head’
    (imported from Prelude, but defined in GHC.Internal.List):
    "This is a partial function, it throws an error on empty lists. Use pattern matching, 'Data.List.uncons' or 'Data.Maybe.listToMaybe' instead. Consider refactoring to use "Data.List.NonEmpty"."
  |
6 |   putStrLn ("\n# " ++ head c) >>
  |                       ^^^^

[2 of 2] Linking /tmp/workdir-koji-tool/koji-tool-1.3/dist-newstyle/build/x86_64-linux/ghc-9.10.2/koji-tool-1.3/t/test/build/test/test
