Resolving dependencies...
Build profile: -w ghc-9.10.2 -O1
In order, the following will be built (use -v for more details):
 - http-link-header-1.2.3 (lib) (first run)
 - http-link-header-1.2.3 (test:tests) (first run)
Configuring library for http-link-header-1.2.3...
Preprocessing library for http-link-header-1.2.3...
Building library for http-link-header-1.2.3...
[1 of 5] Compiling Network.HTTP.Link.Types
[2 of 5] Compiling Network.HTTP.Link.Parser
[3 of 5] Compiling Network.HTTP.Link.Writer
[4 of 5] Compiling Network.HTTP.Link
[5 of 5] Compiling Paths_http_link_header
Configuring test suite 'tests' for http-link-header-1.2.3...
Preprocessing test suite 'tests' for http-link-header-1.2.3...
Building test suite 'tests' for http-link-header-1.2.3...
[1 of 5] Compiling Network.HTTP.Link.ParserSpec
[2 of 5] Compiling Network.HTTP.Link.WriterSpec
[3 of 5] Compiling Network.HTTP.LinkSpec
[4 of 5] Compiling Main
[5 of 5] Compiling Paths_http_link_header
[6 of 6] Linking dist-newstyle/build/x86_64-linux/ghc-9.10.2/http-link-header-1.2.3/t/tests/build/tests/tests
