Resolving dependencies...
Build profile: -w ghc-9.10.2 -O1
In order, the following will be built (use -v for more details):
 - stringsearch-0.3.6.6 (lib:stringsearch) (first run)
Warning: stringsearch.cabal:93:34: version operators used. To use version
operators the package needs to specify at least 'cabal-version: >= 1.8'.
Warning: stringsearch.cabal:90:34: version operators used. To use version
operators the package needs to specify at least 'cabal-version: >= 1.8'.
Warning: stringsearch.cabal:90:55: version operators used. To use version
operators the package needs to specify at least 'cabal-version: >= 1.8'.
Warning: stringsearch.cabal:91:42: version operators used. To use version
operators the package needs to specify at least 'cabal-version: >= 1.8'.
Warning: stringsearch.cabal:91:68: version operators used. To use version
operators the package needs to specify at least 'cabal-version: >= 1.8'.
Warning: stringsearch.cabal:86:34: version operators used. To use version
operators the package needs to specify at least 'cabal-version: >= 1.8'.
Warning: stringsearch.cabal:86:55: version operators used. To use version
operators the package needs to specify at least 'cabal-version: >= 1.8'.
Warning: stringsearch.cabal:87:42: version operators used. To use version
operators the package needs to specify at least 'cabal-version: >= 1.8'.
Warning: stringsearch.cabal:87:68: version operators used. To use version
operators the package needs to specify at least 'cabal-version: >= 1.8'.
Configuring stringsearch-0.3.6.6...
Preprocessing library for stringsearch-0.3.6.6...
Building library for stringsearch-0.3.6.6...
[ 1 of 15] Compiling Data.ByteString.Lazy.Search.KarpRabin
Data/ByteString/Lazy/Search/KarpRabin.hs:37:1: warning: [GHC-66111] [-Wunused-imports]
    The import of ‘Data.List’ is redundant
      except perhaps to import instances from ‘Data.List’
    To import instances alone, use: import Data.List()
   |
37 | import Data.List (foldl')
   | ^^^^^^^^^^^^^^^^^^^^^^^^^

[ 2 of 15] Compiling Data.ByteString.Search.Internal.Utils
[ 3 of 15] Compiling Data.ByteString.Search.Internal.KnuthMorrisPratt
[ 4 of 15] Compiling Data.ByteString.Lazy.Search.KMP
[ 5 of 15] Compiling Data.ByteString.Search.KMP
[ 6 of 15] Compiling Data.ByteString.Search.KarpRabin
Data/ByteString/Search/KarpRabin.hs:35:1: warning: [GHC-66111] [-Wunused-imports]
    The import of ‘Data.List’ is redundant
      except perhaps to import instances from ‘Data.List’
    To import instances alone, use: import Data.List()
   |
35 | import Data.List (foldl')
   | ^^^^^^^^^^^^^^^^^^^^^^^^^

[ 7 of 15] Compiling Data.ByteString.Search.KnuthMorrisPratt
[ 8 of 15] Compiling Data.ByteString.Search.Substitution
[ 9 of 15] Compiling Data.ByteString.Search.Internal.BoyerMoore
[10 of 15] Compiling Data.ByteString.Search.DFA
[11 of 15] Compiling Data.ByteString.Search
[12 of 15] Compiling Data.ByteString.Lazy.Search.Internal.BoyerMoore
Data/ByteString/Lazy/Search/Internal/BoyerMoore.hs:714:42: warning: [GHC-62161] [-Wincomplete-uni-patterns]
    Pattern match(es) are non-exhaustive
    In a pattern binding:
        Patterns of type ‘[[S.ByteString]]’ not matched: []
    |
714 |                                 else let (h : t) = splitter rst
    |                                          ^^^^^^^^^^^^^^^^^^^^^^

Data/ByteString/Lazy/Search/Internal/BoyerMoore.hs:727:17: warning: [GHC-62161] [-Wincomplete-uni-patterns]
    Pattern match(es) are non-exhaustive
    In a pattern binding:
        Patterns of type ‘[[S.ByteString]]’ not matched: []
    |
727 |             let (h : t) = if null mtch
    |                 ^^^^^^^^^^^^^^^^^^^^^^...

[13 of 15] Compiling Data.ByteString.Search.BoyerMoore
[14 of 15] Compiling Data.ByteString.Lazy.Search.DFA
Data/ByteString/Lazy/Search/DFA.hs:312:40: warning: [GHC-62161] [-Wincomplete-uni-patterns]
    Pattern match(es) are non-exhaustive
    In a pattern binding:
        Patterns of type ‘[[S.ByteString]]’ not matched: []
    |
312 |                               else let (h : t) = splitter' rst
    |                                        ^^^^^^^^^^^^^^^^^^^^^^^

[15 of 15] Compiling Data.ByteString.Lazy.Search
