Resolving dependencies...
Build profile: -w ghc-9.10.2 -O1
In order, the following will be built (use -v for more details):
 - evm-opcodes-0.2.0 (lib) (first run)
 - evm-opcodes-0.2.0 (test:test) (first run)
Configuring library for evm-opcodes-0.2.0...
Preprocessing library for evm-opcodes-0.2.0...
Building library for evm-opcodes-0.2.0...
[1 of 6] Compiling EVM.Opcode.Internal
[2 of 6] Compiling EVM.Opcode
[3 of 6] Compiling EVM.Opcode.Positional
[4 of 6] Compiling EVM.Opcode.Traversal
[5 of 6] Compiling EVM.Opcode.Labelled
src/EVM/Opcode/Labelled.hs:26:19: warning: [GHC-38856] [-Wunused-imports]
    The import of ‘foldl'’ from module ‘Data.List’ is redundant
   |
26 | import Data.List (foldl', group, sort)
   |                   ^^^^^^

[6 of 6] Compiling Paths_evm_opcodes
Configuring test suite 'test' for evm-opcodes-0.2.0...
Preprocessing test suite 'test' for evm-opcodes-0.2.0...
Building test suite 'test' for evm-opcodes-0.2.0...
[1 of 4] Compiling OpcodeGenerators
[2 of 4] Compiling OpcodeTest
[3 of 4] Compiling Main
[4 of 4] Compiling Paths_evm_opcodes
[5 of 5] Linking dist-newstyle/build/x86_64-linux/ghc-9.10.2/evm-opcodes-0.2.0/t/test/build/test/test
