Warning: The package description file ./markov-chain.cabal has warnings:
markov-chain.cabal:51:33: version operators used. To use version operators the
package needs to specify at least 'cabal-version: >= 1.8'.
markov-chain.cabal:47:22: version operators used. To use version operators the
package needs to specify at least 'cabal-version: >= 1.8'.
markov-chain.cabal:48:26: version operators used. To use version operators the
package needs to specify at least 'cabal-version: >= 1.8'.
markov-chain.cabal:49:19: version operators used. To use version operators the
package needs to specify at least 'cabal-version: >= 1.8'.
markov-chain.cabal:44:43: version operators used. To use version operators the
package needs to specify at least 'cabal-version: >= 1.8'.
Warning: The package description file
/tmp/workdir-markov-chain/markov-chain-0.0.3.4/markov-chain.cabal has
warnings:
/tmp/workdir-markov-chain/markov-chain-0.0.3.4/markov-chain.cabal:51:33:
version operators used. To use version operators the package needs to specify
at least 'cabal-version: >= 1.8'.
/tmp/workdir-markov-chain/markov-chain-0.0.3.4/markov-chain.cabal:47:22:
version operators used. To use version operators the package needs to specify
at least 'cabal-version: >= 1.8'.
/tmp/workdir-markov-chain/markov-chain-0.0.3.4/markov-chain.cabal:48:26:
version operators used. To use version operators the package needs to specify
at least 'cabal-version: >= 1.8'.
/tmp/workdir-markov-chain/markov-chain-0.0.3.4/markov-chain.cabal:49:19:
version operators used. To use version operators the package needs to specify
at least 'cabal-version: >= 1.8'.
/tmp/workdir-markov-chain/markov-chain-0.0.3.4/markov-chain.cabal:44:43:
version operators used. To use version operators the package needs to specify
at least 'cabal-version: >= 1.8'.
Resolving dependencies...
Build profile: -w ghc-9.10.2 -O1
In order, the following will be built (use -v for more details):
 - markov-chain-0.0.3.4 (lib:markov-chain) (first run)
Warning: markov-chain.cabal:51:33: version operators used. To use version
operators the package needs to specify at least 'cabal-version: >= 1.8'.
Warning: markov-chain.cabal:47:22: version operators used. To use version
operators the package needs to specify at least 'cabal-version: >= 1.8'.
Warning: markov-chain.cabal:48:26: version operators used. To use version
operators the package needs to specify at least 'cabal-version: >= 1.8'.
Warning: markov-chain.cabal:49:19: version operators used. To use version
operators the package needs to specify at least 'cabal-version: >= 1.8'.
Warning: markov-chain.cabal:44:43: version operators used. To use version
operators the package needs to specify at least 'cabal-version: >= 1.8'.
Configuring markov-chain-0.0.3.4...
Preprocessing library for markov-chain-0.0.3.4...
Building library for markov-chain-0.0.3.4...
[1 of 1] Compiling Data.MarkovChain
src/Data/MarkovChain.hs:58:21: warning: [GHC-63394] [-Wx-partial]
    In the use of ‘tail’
    (imported from Prelude, but defined in GHC.Internal.List):
    "This is a partial function, it throws an error on empty lists. Replace it with 'drop' 1, or use pattern matching or 'GHC.Internal.Data.List.uncons' instead. Consider refactoring to use "Data.List.NonEmpty"."
   |
58 |             iterate tail y)
   |                     ^^^^

src/Data/MarkovChain.hs:72:8: warning: [GHC-62161] [-Wincomplete-uni-patterns]
    Pattern match(es) are non-exhaustive
    In a pattern binding:
        Patterns of type ‘([a], [((), [a])])’ not matched: ((_:_), _)
   |
72 |        ([], ys) = segment (maybe (Left ()) Right) xs
   |        ^^^^^^^^^^^^^^^^^^^^^^^^^^^^^^^^^^^^^^^^^^^^^

src/Data/MarkovChain.hs:117:40: warning: [GHC-63394] [-Wx-partial]
    In the use of ‘tail’
    (imported from Prelude, but defined in GHC.Internal.List):
    "This is a partial function, it throws an error on empty lists. Replace it with 'drop' 1, or use pattern matching or 'GHC.Internal.Data.List.uncons' instead. Consider refactoring to use "Data.List.NonEmpty"."
    |
117 |        sufxs   = map (take n) (iterate tail xc)
    |                                        ^^^^

