Resolving dependencies...
Build profile: -w ghc-9.10.2 -O1
In order, the following will be built (use -v for more details):
 - telegram-bot-api-7.4.5 (lib) (first run)
Configuring library for telegram-bot-api-7.4.5...
Preprocessing library for telegram-bot-api-7.4.5...
Building library for telegram-bot-api-7.4.5...
[  1 of 225] Compiling Paths_telegram_bot_api
[  2 of 225] Compiling Telegram.Bot.API.Internal.TH
[  3 of 225] Compiling Telegram.Bot.API.Internal.Utils
[  4 of 225] Compiling Telegram.Bot.API.Types.Birthdate
[  5 of 225] Compiling Telegram.Bot.API.Types.BotCommand
[  6 of 225] Compiling Telegram.Bot.API.Types.BotDescription
[  7 of 225] Compiling Telegram.Bot.API.Types.BotName
[  8 of 225] Compiling Telegram.Bot.API.Types.BotShortDescription
[  9 of 225] Compiling Telegram.Bot.API.Types.BusinessOpeningHoursInterval
[ 10 of 225] Compiling Telegram.Bot.API.Types.BusinessOpeningHours
[ 11 of 225] Compiling Telegram.Bot.API.Types.CallbackGame
[ 12 of 225] Compiling Telegram.Bot.API.Types.ChatAdministratorRights
[ 13 of 225] Compiling Telegram.Bot.API.Types.ChatBoostAdded
[ 14 of 225] Compiling Telegram.Bot.API.Types.ChatPermissions
[ 15 of 225] Compiling Telegram.Bot.API.Types.ChatType
[ 16 of 225] Compiling Telegram.Bot.API.Types.Common
[ 17 of 225] Compiling Telegram.Bot.API.Types.ChatPhoto
[ 18 of 225] Compiling Telegram.Bot.API.Types.Chat[boot]
[ 19 of 225] Compiling Telegram.Bot.API.Types.Chat
[ 20 of 225] Compiling Telegram.Bot.API.Types.BusinessMessagesDeleted
[ 21 of 225] Compiling Telegram.Bot.API.Types.BotCommandScope
[ 22 of 225] Compiling Telegram.Bot.API.Types.BackgroundFill
[ 23 of 225] Compiling Telegram.Bot.API.Types.Contact
[ 24 of 225] Compiling Telegram.Bot.API.Types.CopyMessageId
[ 25 of 225] Compiling Telegram.Bot.API.Types.Dice
[ 26 of 225] Compiling Telegram.Bot.API.Types.EncryptedCredentials
[ 27 of 225] Compiling Telegram.Bot.API.Types.File
[ 28 of 225] Compiling Telegram.Bot.API.Types.ForceReply
[ 29 of 225] Compiling Telegram.Bot.API.Types.ForumTopic
[ 30 of 225] Compiling Telegram.Bot.API.Types.ForumTopicClosed
[ 31 of 225] Compiling Telegram.Bot.API.Types.ForumTopicCreated
[ 32 of 225] Compiling Telegram.Bot.API.Types.ForumTopicEdited
[ 33 of 225] Compiling Telegram.Bot.API.Types.ForumTopicReopened
[ 34 of 225] Compiling Telegram.Bot.API.Types.GeneralForumTopicHidden
[ 35 of 225] Compiling Telegram.Bot.API.Types.GeneralForumTopicUnhidden
[ 36 of 225] Compiling Telegram.Bot.API.Types.Giveaway[boot]
[ 37 of 225] Compiling Telegram.Bot.API.Types.Giveaway
[ 38 of 225] Compiling Telegram.Bot.API.Types.GiveawayCreated
[ 39 of 225] Compiling Telegram.Bot.API.Types.Invoice
[ 40 of 225] Compiling Telegram.Bot.API.Types.KeyboardButtonRequestChat
[ 41 of 225] Compiling Telegram.Bot.API.Types.KeyboardButtonRequestUsers
[ 42 of 225] Compiling Telegram.Bot.API.Types.LabeledPrice
[ 43 of 225] Compiling Telegram.Bot.API.InlineMode.InputMessageContent
[ 44 of 225] Compiling Telegram.Bot.API.Types.LinkPreviewOptions
[ 45 of 225] Compiling Telegram.Bot.API.Types.Location
[ 46 of 225] Compiling Telegram.Bot.API.Types.ChatLocation
[ 47 of 225] Compiling Telegram.Bot.API.Types.BusinessLocation
[ 48 of 225] Compiling Telegram.Bot.API.Types.LoginUrl
[ 49 of 225] Compiling Telegram.Bot.API.Types.MaskPosition
[ 50 of 225] Compiling Telegram.Bot.API.Types.MenuButton
[ 51 of 225] Compiling Telegram.Bot.API.Types.MessageAutoDeleteTimerChanged
[ 52 of 225] Compiling Telegram.Bot.API.Types.ParseMode
[ 53 of 225] Compiling Telegram.Bot.API.Types.PassportFile
[ 54 of 225] Compiling Telegram.Bot.API.Types.EncryptedPassportElement
[ 55 of 225] Compiling Telegram.Bot.API.Types.PassportElementError
[ 56 of 225] Compiling Telegram.Bot.API.Types.PassportData
[ 57 of 225] Compiling Telegram.Bot.API.Types.PhotoSize
[ 58 of 225] Compiling Telegram.Bot.API.Types.Document
[ 59 of 225] Compiling Telegram.Bot.API.Types.BackgroundType
[ 60 of 225] Compiling Telegram.Bot.API.Types.ChatBackground
[ 61 of 225] Compiling Telegram.Bot.API.Types.ChatShared
[ 62 of 225] Compiling Telegram.Bot.API.Types.Audio
[ 63 of 225] Compiling Telegram.Bot.API.Types.Animation
[ 64 of 225] Compiling Telegram.Bot.API.Types.PollType
[ 65 of 225] Compiling Telegram.Bot.API.Types.KeyboardButton
[ 66 of 225] Compiling Telegram.Bot.API.Types.ReactionType
[ 67 of 225] Compiling Telegram.Bot.API.Types.ReactionCount
[ 68 of 225] Compiling Telegram.Bot.API.Types.MessageReactionCountUpdated
[ 69 of 225] Compiling Telegram.Bot.API.Types.ReplyKeyboardMarkup
[ 70 of 225] Compiling Telegram.Bot.API.Types.ReplyKeyboardRemove
[ 71 of 225] Compiling Telegram.Bot.API.Types.ResponseParameters
[ 72 of 225] Compiling Telegram.Bot.API.Types.SharedUser
[ 73 of 225] Compiling Telegram.Bot.API.Types.ShippingAddress
[ 74 of 225] Compiling Telegram.Bot.API.Types.OrderInfo
[ 75 of 225] Compiling Telegram.Bot.API.Types.ShippingOption
[ 76 of 225] Compiling Telegram.Bot.API.Types.Story[boot]
[ 77 of 225] Compiling Telegram.Bot.API.Types.Story
[ 78 of 225] Compiling Telegram.Bot.API.Types.SuccessfulPayment
[ 79 of 225] Compiling Telegram.Bot.API.Types.SwitchInlineQueryChosenChat
[ 80 of 225] Compiling Telegram.Bot.API.Types.InlineKeyboardButton
[ 81 of 225] Compiling Telegram.Bot.API.Types.InlineKeyboardMarkup
[ 82 of 225] Compiling Telegram.Bot.API.Types.SomeReplyMarkup
[ 83 of 225] Compiling Telegram.Bot.API.Types.User
[ 84 of 225] Compiling Telegram.Bot.API.Types.ShippingQuery
[ 85 of 225] Compiling Telegram.Bot.API.Types.ProximityAlertTriggered
[ 86 of 225] Compiling Telegram.Bot.API.Types.PreCheckoutQuery
[ 87 of 225] Compiling Telegram.Bot.API.Types.PollAnswer
[ 88 of 225] Compiling Telegram.Bot.API.Types.MessageReactionUpdated
[ 89 of 225] Compiling Telegram.Bot.API.Types.MessageOrigin[boot]
[ 90 of 225] Compiling Telegram.Bot.API.Types.MessageOrigin
[ 91 of 225] Compiling Telegram.Bot.API.Types.MessageEntity
[ 92 of 225] Compiling Telegram.Bot.API.Types.TextQuote
[ 93 of 225] Compiling Telegram.Bot.API.Types.ReplyParameters
[ 94 of 225] Compiling Telegram.Bot.API.Types.PollOption
[ 95 of 225] Compiling Telegram.Bot.API.Types.Poll
[ 96 of 225] Compiling Telegram.Bot.API.Types.InputPollOption
[ 97 of 225] Compiling Telegram.Bot.API.Types.InputMedia
[ 98 of 225] Compiling Telegram.Bot.API.Types.Sticker
[ 99 of 225] Compiling Telegram.Bot.API.Types.BusinessIntro
[100 of 225] Compiling Telegram.Bot.API.Types.Game
[101 of 225] Compiling Telegram.Bot.API.Types.GiveawayWinners[boot]
[102 of 225] Compiling Telegram.Bot.API.Types.GiveawayWinners
[103 of 225] Compiling Telegram.Bot.API.Types.GameHighScore
[104 of 225] Compiling Telegram.Bot.API.Types.ChatMember
[105 of 225] Compiling Telegram.Bot.API.Types.ChatInviteLink
[106 of 225] Compiling Telegram.Bot.API.Types.ChatMemberUpdated
[107 of 225] Compiling Telegram.Bot.API.Types.ChatJoinRequest
[108 of 225] Compiling Telegram.Bot.API.Types.ChatBoostSource
[109 of 225] Compiling Telegram.Bot.API.Types.ChatBoostRemoved
[110 of 225] Compiling Telegram.Bot.API.Types.ChatBoost
[111 of 225] Compiling Telegram.Bot.API.Types.ChatBoostUpdated
[112 of 225] Compiling Telegram.Bot.API.Types.BusinessConnection
[113 of 225] Compiling Telegram.Bot.API.Types.UserChatBoosts
[114 of 225] Compiling Telegram.Bot.API.Types.UserProfilePhotos
[115 of 225] Compiling Telegram.Bot.API.Types.UserShared
[116 of 225] Compiling Telegram.Bot.API.Types.UsersShared
[117 of 225] Compiling Telegram.Bot.API.Types.Venue
[118 of 225] Compiling Telegram.Bot.API.Types.Video
[119 of 225] Compiling Telegram.Bot.API.Types.VideoChatEnded
[120 of 225] Compiling Telegram.Bot.API.Types.VideoChatScheduled
[121 of 225] Compiling Telegram.Bot.API.Types.VideoChatStarted
[122 of 225] Compiling Telegram.Bot.API.Types.VideoNote
[123 of 225] Compiling Telegram.Bot.API.Types.Voice
[124 of 225] Compiling Telegram.Bot.API.Types.ExternalReplyInfo[boot]
[125 of 225] Compiling Telegram.Bot.API.Types.ExternalReplyInfo
[126 of 225] Compiling Telegram.Bot.API.Types.WebAppData
[127 of 225] Compiling Telegram.Bot.API.Types.WriteAccessAllowed
[128 of 225] Compiling Telegram.Bot.API.Types.GiveawayCompleted[boot]
[129 of 225] Compiling Telegram.Bot.API.Types.Message
[130 of 225] Compiling Telegram.Bot.API.Types.GiveawayCompleted
[131 of 225] Compiling Telegram.Bot.API.Types.ChatFullInfo
[132 of 225] Compiling Telegram.Bot.API.Types.CallbackQuery
[133 of 225] Compiling Telegram.Bot.API.Types
[134 of 225] Compiling Telegram.Bot.API.MakingRequests
[135 of 225] Compiling Telegram.Bot.API.Stickers
[136 of 225] Compiling Telegram.Bot.API.Payments
[137 of 225] Compiling Telegram.Bot.API.Passport
[138 of 225] Compiling Telegram.Bot.API.Methods.UnpinChatMessage
[139 of 225] Compiling Telegram.Bot.API.Methods.UnpinAllChatMessages
[140 of 225] Compiling Telegram.Bot.API.Methods.UnbanChatSenderChat
[141 of 225] Compiling Telegram.Bot.API.Methods.UnbanChatMember
[142 of 225] Compiling Telegram.Bot.API.Methods.StopMessageLiveLocation
[143 of 225] Compiling Telegram.Bot.API.Methods.SetStickerSetTitle
[144 of 225] Compiling Telegram.Bot.API.Methods.SetStickerMaskPosition
[145 of 225] Compiling Telegram.Bot.API.Methods.SetStickerKeywords
[146 of 225] Compiling Telegram.Bot.API.Methods.SetStickerEmojiList
[147 of 225] Compiling Telegram.Bot.API.Methods.SetMyShortDescription
[148 of 225] Compiling Telegram.Bot.API.Methods.SetMyName
[149 of 225] Compiling Telegram.Bot.API.Methods.SetMyDescription
[150 of 225] Compiling Telegram.Bot.API.Methods.SetMyDefaultAdministratorRights
[151 of 225] Compiling Telegram.Bot.API.Methods.SetMyCommands
[152 of 225] Compiling Telegram.Bot.API.Methods.SetMessageReaction
[153 of 225] Compiling Telegram.Bot.API.Methods.SetCustomEmojiStickerSetThumbnail
[154 of 225] Compiling Telegram.Bot.API.Methods.SetChatTitle
[155 of 225] Compiling Telegram.Bot.API.Methods.SetChatStickerSet
[156 of 225] Compiling Telegram.Bot.API.Methods.SetChatPhoto
[157 of 225] Compiling Telegram.Bot.API.Methods.SetChatPermissions
[158 of 225] Compiling Telegram.Bot.API.Methods.SetChatMenuButton
[159 of 225] Compiling Telegram.Bot.API.Methods.SetChatDescription
[160 of 225] Compiling Telegram.Bot.API.Methods.SetChatAdministratorCustomTitle
[161 of 225] Compiling Telegram.Bot.API.Methods.SendVoice
[162 of 225] Compiling Telegram.Bot.API.Methods.SendVideoNote
[163 of 225] Compiling Telegram.Bot.API.Methods.SendVideo
[164 of 225] Compiling Telegram.Bot.API.Methods.SendVenue
[165 of 225] Compiling Telegram.Bot.API.Methods.SendPoll
[166 of 225] Compiling Telegram.Bot.API.Methods.SendPhoto
[167 of 225] Compiling Telegram.Bot.API.Methods.SendMessage
[168 of 225] Compiling Telegram.Bot.API.Methods.SendMediaGroup
[169 of 225] Compiling Telegram.Bot.API.Methods.SendLocation
[170 of 225] Compiling Telegram.Bot.API.Methods.SendDocument
[171 of 225] Compiling Telegram.Bot.API.Methods.SendDice
[172 of 225] Compiling Telegram.Bot.API.Methods.SendContact
[173 of 225] Compiling Telegram.Bot.API.Methods.SendChatAction
[174 of 225] Compiling Telegram.Bot.API.Methods.SendAudio
[175 of 225] Compiling Telegram.Bot.API.Methods.SendAnimation
[176 of 225] Compiling Telegram.Bot.API.Methods.RevokeChatInviteLink
[177 of 225] Compiling Telegram.Bot.API.Methods.RestrictChatMember
[178 of 225] Compiling Telegram.Bot.API.Methods.PromoteChatMember
[179 of 225] Compiling Telegram.Bot.API.Methods.PinChatMessage
[180 of 225] Compiling Telegram.Bot.API.Methods.LeaveChat
[181 of 225] Compiling Telegram.Bot.API.Methods.GetUserProfilePhotos
[182 of 225] Compiling Telegram.Bot.API.Methods.GetUserChatBoosts
[183 of 225] Compiling Telegram.Bot.API.Methods.GetMyShortDescription
[184 of 225] Compiling Telegram.Bot.API.Methods.GetMyName
[185 of 225] Compiling Telegram.Bot.API.Methods.GetMyDescription
[186 of 225] Compiling Telegram.Bot.API.Methods.GetMyDefaultAdministratorRights
[187 of 225] Compiling Telegram.Bot.API.Methods.GetMyCommands
[188 of 225] Compiling Telegram.Bot.API.Methods.GetMe
[189 of 225] Compiling Telegram.Bot.API.Methods.GetFile
[190 of 225] Compiling Telegram.Bot.API.Methods.GetChatMenuButton
[191 of 225] Compiling Telegram.Bot.API.Methods.GetChatMemberCount
[192 of 225] Compiling Telegram.Bot.API.Methods.GetChatMember
[193 of 225] Compiling Telegram.Bot.API.Methods.GetChatAdministrators
[194 of 225] Compiling Telegram.Bot.API.Methods.GetChat
[195 of 225] Compiling Telegram.Bot.API.Methods.GetBusinessConnection
[196 of 225] Compiling Telegram.Bot.API.Methods.ForwardMessages
[197 of 225] Compiling Telegram.Bot.API.Methods.ForwardMessage
[198 of 225] Compiling Telegram.Bot.API.Methods.ExportChatInviteLink
[199 of 225] Compiling Telegram.Bot.API.Methods.EditMessageLiveLocation
[200 of 225] Compiling Telegram.Bot.API.Methods.EditChatInviteLink
[201 of 225] Compiling Telegram.Bot.API.Methods.DeleteStickerSet
[202 of 225] Compiling Telegram.Bot.API.Methods.DeleteMyCommands
[203 of 225] Compiling Telegram.Bot.API.Methods.DeleteMessages
[204 of 225] Compiling Telegram.Bot.API.Methods.DeleteMessage
[205 of 225] Compiling Telegram.Bot.API.Methods.DeleteChatStickerSet
[206 of 225] Compiling Telegram.Bot.API.Methods.DeleteChatPhoto
[207 of 225] Compiling Telegram.Bot.API.Methods.DeclineChatJoinRequest
[208 of 225] Compiling Telegram.Bot.API.Methods.CreateChatInviteLink
[209 of 225] Compiling Telegram.Bot.API.Methods.CopyMessages
[210 of 225] Compiling Telegram.Bot.API.Methods.CopyMessage
[211 of 225] Compiling Telegram.Bot.API.Methods.BanChatSenderChat
[212 of 225] Compiling Telegram.Bot.API.Methods.BanChatMember
[213 of 225] Compiling Telegram.Bot.API.Methods.ApproveChatJoinRequest
[214 of 225] Compiling Telegram.Bot.API.Methods.AnswerCallbackQuery
[215 of 225] Compiling Telegram.Bot.API.InlineMode.InlineQueryResult
[216 of 225] Compiling Telegram.Bot.API.InlineMode
[217 of 225] Compiling Telegram.Bot.API.GettingUpdates
[218 of 225] Compiling Telegram.Bot.API.Games
[219 of 225] Compiling Telegram.Bot.API.Forum
[220 of 225] Compiling Telegram.Bot.API.Chat
[221 of 225] Compiling Telegram.Bot.API.WebApps
[222 of 225] Compiling Telegram.Bot.API.Methods
[223 of 225] Compiling Telegram.Bot.API.UpdatingMessages
[224 of 225] Compiling Telegram.Bot.API.Webhook
[225 of 225] Compiling Telegram.Bot.API
