Resolving dependencies...
Build profile: -w ghc-9.10.2 -O1
In order, the following will be built (use -v for more details):
 - ogma-cli-1.7.0 (exe:ogma) (first run)
 - ogma-cli-1.7.0 (test:test-ogma) (first run)
Configuring executable 'ogma' for ogma-cli-1.7.0...
Preprocessing executable 'ogma' for ogma-cli-1.7.0...
Building executable 'ogma' for ogma-cli-1.7.0...
[ 1 of 10] Compiling CLI.CommandCFSApp
[ 2 of 10] Compiling CLI.CommandCStructs2Copilot
[ 3 of 10] Compiling CLI.CommandCStructs2MsgHandlers
[ 4 of 10] Compiling CLI.CommandDiagram
[ 5 of 10] Compiling CLI.CommandFPrimeApp
[ 6 of 10] Compiling CLI.CommandROSApp
[ 7 of 10] Compiling CLI.CommandStandalone
src/CLI/CommandStandalone.hs:47:53: warning: [GHC-38856] [-Wunused-imports]
    The import of ‘switch’
    from module ‘Options.Applicative’ is redundant
   |
47 |                             showDefault, strOption, switch, value)
   |                                                     ^^^^^^

src/CLI/CommandStandalone.hs:51:1: warning: [GHC-66111] [-Wunused-imports]
    The import of ‘Data.Location’ is redundant
      except perhaps to import instances from ‘Data.Location’
    To import instances alone, use: import Data.Location()
   |
51 | import Data.Location  ( Location(..) )
   | ^^^^^^^^^^^^^^^^^^^^^^^^^^^^^^^^^^^^^^

src/CLI/CommandStandalone.hs:97:47: warning: [GHC-63394] [-Wx-partial]
    In the use of ‘tail’
    (imported from Prelude, but defined in GHC.Internal.List):
    "This is a partial function, it throws an error on empty lists. Replace it with 'drop' 1, or use pattern matching or 'GHC.Internal.Data.List.uncons' instead. Consider refactoring to use "Data.List.NonEmpty"."
   |
97 |         safeTail xs = if null xs then xs else tail xs
   |                                               ^^^^

[ 8 of 10] Compiling CLI.CommandTop
[ 9 of 10] Compiling CLI.Result
[10 of 10] Compiling Main
[11 of 11] Linking dist-newstyle/build/x86_64-linux/ghc-9.10.2/ogma-cli-1.7.0/x/ogma/build/ogma/ogma
Configuring test suite 'test-ogma' for ogma-cli-1.7.0...
Preprocessing test suite 'test-ogma' for ogma-cli-1.7.0...
Building test suite 'test-ogma' for ogma-cli-1.7.0...
[1 of 1] Compiling Main
tests/Main.hs:5:1: warning: [GHC-66111] [-Wunused-imports]
    The import of ‘Data.Monoid’ is redundant
      except perhaps to import instances from ‘Data.Monoid’
    To import instances alone, use: import Data.Monoid()
  |
5 | import Data.Monoid                    ( mempty )
  | ^^^^^^^^^^^^^^^^^^^^^^^^^^^^^^^^^^^^^^^^^^^^^^^^

[2 of 2] Linking dist-newstyle/build/x86_64-linux/ghc-9.10.2/ogma-cli-1.7.0/t/test-ogma/build/test-ogma/test-ogma
