Resolving dependencies...
Build profile: -w ghc-9.10.2 -O1
In order, the following will be built (use -v for more details):
 - proto-lens-protobuf-types-0.7.2.2 (lib:proto-lens-protobuf-types) (first run)
[1 of 2] Compiling Main             ( dist-newstyle/build/x86_64-linux/ghc-9.10.2/proto-lens-protobuf-types-0.7.2.2/setup/setup.hs, dist-newstyle/build/x86_64-linux/ghc-9.10.2/proto-lens-protobuf-types-0.7.2.2/setup/Main.o )
[2 of 2] Linking dist-newstyle/build/x86_64-linux/ghc-9.10.2/proto-lens-protobuf-types-0.7.2.2/setup/setup
Configuring proto-lens-protobuf-types-0.7.2.2...
Preprocessing library for proto-lens-protobuf-types-0.7.2.2...
Building library for proto-lens-protobuf-types-0.7.2.2...
[ 1 of 26] Compiling Proto.Google.Protobuf.Any
[ 2 of 26] Compiling Data.ProtoLens.Any
[ 3 of 26] Compiling Proto.Google.Protobuf.Any_Fields
[ 4 of 26] Compiling Proto.Google.Protobuf.Descriptor
[ 5 of 26] Compiling Proto.Google.Protobuf.Compiler.Plugin_Fields
[ 6 of 26] Compiling Proto.Google.Protobuf.Compiler.Plugin
[ 7 of 26] Compiling Data.ProtoLens.Descriptor
[ 8 of 26] Compiling Proto.Google.Protobuf.Descriptor_Fields
[ 9 of 26] Compiling Proto.Google.Protobuf.Duration
[10 of 26] Compiling Proto.Google.Protobuf.Duration_Fields
[11 of 26] Compiling Proto.Google.Protobuf.Empty
[12 of 26] Compiling Proto.Google.Protobuf.Empty_Fields
[13 of 26] Compiling Proto.Google.Protobuf.FieldMask
[14 of 26] Compiling Proto.Google.Protobuf.FieldMask_Fields
[15 of 26] Compiling Proto.Google.Protobuf.SourceContext
[16 of 26] Compiling Proto.Google.Protobuf.SourceContext_Fields
[17 of 26] Compiling Proto.Google.Protobuf.Struct
[18 of 26] Compiling Proto.Google.Protobuf.Struct_Fields
[19 of 26] Compiling Proto.Google.Protobuf.Timestamp
[20 of 26] Compiling Proto.Google.Protobuf.Timestamp_Fields
[21 of 26] Compiling Proto.Google.Protobuf.Type
[22 of 26] Compiling Proto.Google.Protobuf.Api_Fields
[23 of 26] Compiling Proto.Google.Protobuf.Api
[24 of 26] Compiling Proto.Google.Protobuf.Type_Fields
[25 of 26] Compiling Proto.Google.Protobuf.Wrappers
[26 of 26] Compiling Proto.Google.Protobuf.Wrappers_Fields
