Resolving dependencies...
Build profile: -w ghc-9.10.2 -O1
In order, the following will be built (use -v for more details):
 - ofx-0.4.4.0 (lib) (first run)
 - ofx-0.4.4.0 (exe:renderOfx) (first run)
 - ofx-0.4.4.0 (exe:renderTransactions) (first run)
Configuring library for ofx-0.4.4.0...
Preprocessing library for ofx-0.4.4.0...
Building library for ofx-0.4.4.0...
[1 of 1] Compiling Data.OFX
lib/Data/OFX.hs:128:1: warning: [GHC-66111] [-Wunused-imports]
    The import of ‘Data.Monoid’ is redundant
      except perhaps to import instances from ‘Data.Monoid’
    To import instances alone, use: import Data.Monoid()
    |
128 | import Data.Monoid ((<>))
    | ^^^^^^^^^^^^^^^^^^^^^^^^^

Configuring executable 'renderOfx' for ofx-0.4.4.0...
Preprocessing executable 'renderOfx' for ofx-0.4.4.0...
Building executable 'renderOfx' for ofx-0.4.4.0...
[1 of 2] Compiling Data.OFX
lib/Data/OFX.hs:128:1: warning: [GHC-66111] [-Wunused-imports]
    The import of ‘Data.Monoid’ is redundant
      except perhaps to import instances from ‘Data.Monoid’
    To import instances alone, use: import Data.Monoid()
    |
128 | import Data.Monoid ((<>))
    | ^^^^^^^^^^^^^^^^^^^^^^^^^

[2 of 2] Compiling Main
[3 of 3] Linking dist-newstyle/build/x86_64-linux/ghc-9.10.2/ofx-0.4.4.0/x/renderOfx/build/renderOfx/renderOfx
Configuring executable 'renderTransactions' for ofx-0.4.4.0...
Preprocessing executable 'renderTransactions' for ofx-0.4.4.0...
Building executable 'renderTransactions' for ofx-0.4.4.0...
[1 of 2] Compiling Data.OFX
lib/Data/OFX.hs:128:1: warning: [GHC-66111] [-Wunused-imports]
    The import of ‘Data.Monoid’ is redundant
      except perhaps to import instances from ‘Data.Monoid’
    To import instances alone, use: import Data.Monoid()
    |
128 | import Data.Monoid ((<>))
    | ^^^^^^^^^^^^^^^^^^^^^^^^^

[2 of 2] Compiling Main
[3 of 3] Linking dist-newstyle/build/x86_64-linux/ghc-9.10.2/ofx-0.4.4.0/x/renderTransactions/build/renderTransactions/renderTransactions
