Resolving dependencies...
Build profile: -w ghc-9.10.2 -O1
In order, the following will be built (use -v for more details):
 - gpolyline-0.1.0.1 (lib) (first run)
Configuring library for gpolyline-0.1.0.1...
Preprocessing library for gpolyline-0.1.0.1...
Building library for gpolyline-0.1.0.1...
[1 of 1] Compiling GPolyline
GPolyline.hs:66:42: warning: [GHC-63394] [-Wx-partial]
    In the use of ‘tail’
    (imported from Prelude, but defined in GHC.Internal.List):
    "This is a partial function, it throws an error on empty lists. Replace it with 'drop' 1, or use pattern matching or 'GHC.Internal.Data.List.uncons' instead. Consider refactoring to use "Data.List.NonEmpty"."
   |
66 |   (x-xprev,y-yprev) : calcoffsets (x,y) (tail lst)
   |                                          ^^^^

GPolyline.hs:67:17: warning: [GHC-63394] [-Wx-partial]
    In the use of ‘head’
    (imported from Prelude, but defined in GHC.Internal.List):
    "This is a partial function, it throws an error on empty lists. Use pattern matching, 'Data.List.uncons' or 'Data.Maybe.listToMaybe' instead. Consider refactoring to use "Data.List.NonEmpty"."
   |
67 |   where (x,y) = head lst
   |                 ^^^^

GPolyline.hs:73:55: warning: [GHC-63394] [-Wx-partial]
    In the use of ‘tail’
    (imported from Prelude, but defined in GHC.Internal.List):
    "This is a partial function, it throws an error on empty lists. Replace it with 'drop' 1, or use pattern matching or 'GHC.Internal.Data.List.uncons' instead. Consider refactoring to use "Data.List.NonEmpty"."
   |
73 |   (x+xprev,y+yprev) : calcoffsets' (x+xprev,y+yprev) (tail lst)
   |                                                       ^^^^

GPolyline.hs:74:17: warning: [GHC-63394] [-Wx-partial]
    In the use of ‘head’
    (imported from Prelude, but defined in GHC.Internal.List):
    "This is a partial function, it throws an error on empty lists. Use pattern matching, 'Data.List.uncons' or 'Data.Maybe.listToMaybe' instead. Consider refactoring to use "Data.List.NonEmpty"."
   |
74 |   where (x,y) = head lst
   |                 ^^^^

