Resolving dependencies...
Build profile: -w ghc-9.10.2 -O1
In order, the following will be built (use -v for more details):
 - hsignal-0.2.7.5 (lib) (first run)
Configuring library for hsignal-0.2.7.5...
Preprocessing library for hsignal-0.2.7.5...
Building library for hsignal-0.2.7.5...
[1 of 6] Compiling Numeric.Signal.Internal
lib/Numeric/Signal/Internal.hs:253:40: warning: [GHC-58520] [-Wtype-equality-requires-operators]
    The use of ‘~’ without TypeOperators
    will become an error in a future GHC release.
    Suggested fix: Perhaps you intended to use TypeOperators
    |
253 | freqz :: (Filterable a, Complex Double ~ ComplexOf (DoubleOf a)
    |                                        ^

[2 of 6] Compiling Numeric.Signal
lib/Numeric/Signal.hs:97:42: warning: [GHC-58520] [-Wtype-equality-requires-operators]
    The use of ‘~’ without TypeOperators
    will become an error in a future GHC release.
    Suggested fix: Perhaps you intended to use TypeOperators
   |
97 | broadband_fir :: (S.Filterable a, Double ~ DoubleOf a, Convert (Complex a)) =>
   |                                          ^

lib/Numeric/Signal.hs:111:45: warning: [GHC-58520] [-Wtype-equality-requires-operators]
    The use of ‘~’ without TypeOperators
    will become an error in a future GHC release.
    Suggested fix: Perhaps you intended to use TypeOperators
    |
111 | broadband_filter :: (S.Filterable a, Double ~ DoubleOf a) 
    |                                             ^

lib/Numeric/Signal.hs:123:41: warning: [GHC-58520] [-Wtype-equality-requires-operators]
    The use of ‘~’ without TypeOperators
    will become an error in a future GHC release.
    Suggested fix: Perhaps you intended to use TypeOperators
    |
123 | standard_fir :: (S.Filterable a, Double ~ DoubleOf a, Convert (Complex a)) => 
    |                                         ^

lib/Numeric/Signal.hs:136:37: warning: [GHC-58520] [-Wtype-equality-requires-operators]
    The use of ‘~’ without TypeOperators
    will become an error in a future GHC release.
    Suggested fix: Perhaps you intended to use TypeOperators
    |
136 |       , Convert (Complex a), Double ~ DoubleOf a) =>
    |                                     ^

lib/Numeric/Signal.hs:176:27: warning: [GHC-62161] [-Wincomplete-uni-patterns]
    Pattern match(es) are non-exhaustive
    In a pattern binding:
        Patterns of type ‘Maybe Int’ not matched: Nothing
    |
176 | interpolate' x y xp = let Just j = L.findIndex (> xp) x
    |                           ^^^^^^^^^^^^^^^^^^^^^^^^^^^^^

lib/Numeric/Signal.hs:189:35: warning: [GHC-58520] [-Wtype-equality-requires-operators]
    The use of ‘~’ without TypeOperators
    will become an error in a future GHC release.
    Suggested fix: Perhaps you intended to use TypeOperators
    |
189 | freqzF :: (S.Filterable a, Double ~ DoubleOf a, S.Filterable (DoubleOf a)) => 
    |                                   ^

lib/Numeric/Signal.hs:198:35: warning: [GHC-58520] [-Wtype-equality-requires-operators]
    The use of ‘~’ without TypeOperators
    will become an error in a future GHC release.
    Suggested fix: Perhaps you intended to use TypeOperators
    |
198 | freqzN :: (S.Filterable a, Double ~ DoubleOf a) =>
    |                                   ^

lib/Numeric/Signal.hs:271:43: warning: [GHC-58520] [-Wtype-equality-requires-operators]
    The use of ‘~’ without TypeOperators
    will become an error in a future GHC release.
    Suggested fix: Perhaps you intended to use TypeOperators
    |
271 | cross_spectrum :: (S.Filterable a, Double ~ DoubleOf a) =>
    |                                           ^

[3 of 6] Compiling Numeric.Signal.Multichannel
lib/Numeric/Signal/Multichannel.hs:226:43: warning: [GHC-63394] [-Wx-partial]
    In the use of ‘head’
    (imported from Prelude, but defined in GHC.Internal.List):
    "This is a partial function, it throws an error on empty lists. Use pattern matching, 'Data.List.uncons' or 'Data.Maybe.listToMaybe' instead. Consider refactoring to use "Data.List.NonEmpty"."
    |
226 |                  in MC s p c (GV.length $ head d) False Nothing (I.listArray (1,c) d)
    |                                           ^^^^

lib/Numeric/Signal/Multichannel.hs:315:35: warning: [GHC-58520] [-Wtype-equality-requires-operators]
    The use of ‘~’ without TypeOperators
    will become an error in a future GHC release.
    Suggested fix: Perhaps you intended to use TypeOperators
    |
315 | filter :: (S.Filterable a, Double ~ DoubleOf a) => 
    |                                   ^

lib/Numeric/Signal/Multichannel.hs:334:39: warning: [GHC-58520] [-Wtype-equality-requires-operators]
    The use of ‘~’ without TypeOperators
    will become an error in a future GHC release.
    Suggested fix: Perhaps you intended to use TypeOperators
    |
334 | histograms :: (S.Filterable a, Double ~ DoubleOf a) =>
    |                                       ^

lib/Numeric/Signal/Multichannel.hs:351:48: warning: [GHC-58520] [-Wtype-equality-requires-operators]
    The use of ‘~’ without TypeOperators
    will become an error in a future GHC release.
    Suggested fix: Perhaps you intended to use TypeOperators
    |
351 | entropy_delta_phase :: (S.Filterable a, Double ~ DoubleOf a) =>
    |                                                ^

lib/Numeric/Signal/Multichannel.hs:368:37: warning: [GHC-58520] [-Wtype-equality-requires-operators]
    The use of ‘~’ without TypeOperators
    will become an error in a future GHC release.
    Suggested fix: Perhaps you intended to use TypeOperators
    |
368 | mi_phase :: (S.Filterable a, Double ~ DoubleOf a) =>
    |                                     ^

[4 of 6] Compiling Numeric.Signal.EEG.BDF
lib/Numeric/Signal/EEG/BDF.hs:33:35: warning: [GHC-61689] [-Wdodgy-imports]
    Module ‘Control.Monad.State’ does not export ‘join’.
   |
33 | import Control.Monad.State hiding(join)
   |                                   ^^^^

lib/Numeric/Signal/EEG/BDF.hs:140:56: warning: [GHC-63394] [-Wx-partial]
    In the use of ‘tail’
    (imported from Prelude, but defined in GHC.Internal.List):
    "This is a partial function, it throws an error on empty lists. Replace it with 'drop' 1, or use pattern matching or 'GHC.Internal.Data.List.uncons' instead. Consider refactoring to use "Data.List.NonEmpty"."
    |
140 |               return $ (reverse . dropWhile (== ' ') . tail . reverse . tail . show) bs
    |                                                        ^^^^

lib/Numeric/Signal/EEG/BDF.hs:140:73: warning: [GHC-63394] [-Wx-partial]
    In the use of ‘tail’
    (imported from Prelude, but defined in GHC.Internal.List):
    "This is a partial function, it throws an error on empty lists. Replace it with 'drop' 1, or use pattern matching or 'GHC.Internal.Data.List.uncons' instead. Consider refactoring to use "Data.List.NonEmpty"."
    |
140 |               return $ (reverse . dropWhile (== ' ') . tail . reverse . tail . show) bs
    |                                                                         ^^^^

lib/Numeric/Signal/EEG/BDF.hs:191:148: warning: [GHC-63394] [-Wx-partial]
    In the use of ‘head’
    (imported from Prelude, but defined in GHC.Internal.List):
    "This is a partial function, it throws an error on empty lists. Use pattern matching, 'Data.List.uncons' or 'Data.Maybe.listToMaybe' instead. Consider refactoring to use "Data.List.NonEmpty"."
    |
191 |                    lift $ putStrLn $ "channels: " ++ (show $ length ss) ++ ", records: " ++ (show rs) ++ ", samples per record: " ++ (show $ snd $ head ss)
    |                                                                                                                                                    ^^^^

lib/Numeric/Signal/EEG/BDF.hs:199:11: warning: [GHC-62161] [-Wincomplete-patterns]
    Pattern match(es) are non-exhaustive
    In an equation for ‘rotate_’:
        Patterns of type ‘[[a]]’ not matched: ([]:_)
    |
199 |     where rotate_ []            = []
    |           ^^^^^^^^^^^^^^^^^^^^^^^^^^^...

lib/Numeric/Signal/EEG/BDF.hs:201:45: warning: [GHC-63394] [-Wx-partial]
    In the use of ‘head’
    (imported from Prelude, but defined in GHC.Internal.List):
    "This is a partial function, it throws an error on empty lists. Use pattern matching, 'Data.List.uncons' or 'Data.Maybe.listToMaybe' instead. Consider refactoring to use "Data.List.NonEmpty"."
    |
201 |           rotate_ ((x:xs):xss)  = (x : (map head xss)) : (rotate_ (xs : (map tail xss)))
    |                                             ^^^^

lib/Numeric/Signal/EEG/BDF.hs:201:78: warning: [GHC-63394] [-Wx-partial]
    In the use of ‘tail’
    (imported from Prelude, but defined in GHC.Internal.List):
    "This is a partial function, it throws an error on empty lists. Replace it with 'drop' 1, or use pattern matching or 'GHC.Internal.Data.List.uncons' instead. Consider refactoring to use "Data.List.NonEmpty"."
    |
201 |           rotate_ ((x:xs):xss)  = (x : (map head xss)) : (rotate_ (xs : (map tail xss)))
    |                                                                              ^^^^

lib/Numeric/Signal/EEG/BDF.hs:284:78: warning: [GHC-63394] [-Wx-partial]
    In the use of ‘head’
    (imported from Prelude, but defined in GHC.Internal.List):
    "This is a partial function, it throws an error on empty lists. Use pattern matching, 'Data.List.uncons' or 'Data.Maybe.listToMaybe' instead. Consider refactoring to use "Data.List.NonEmpty"."
    |
284 |                                        return $ Just $ M.createMultichannel (head $ samples b) 24 (data_ b)
    |                                                                              ^^^^

[5 of 6] Compiling Numeric.Signal.EEG
[6 of 6] Compiling Numeric.Signal.Noise
lib/Numeric/Signal/Noise.hs:116:78: warning: [GHC-63394] [-Wx-partial]
    In the use of ‘tail’
    (imported from Prelude, but defined in GHC.Internal.List):
    "This is a partial function, it throws an error on empty lists. Replace it with 'drop' 1, or use pattern matching or 'GHC.Internal.Data.List.uncons' instead. Consider refactoring to use "Data.List.NonEmpty"."
    |
116 |                        freq = vjoin [fromList [0],psd, (fromList . reverse . tail . toList) psd]
    |                                                                              ^^^^

lib/Numeric/Signal/signal-aux.c: In function ‘filter_double’:
lib/Numeric/Signal/signal-aux.c:75:10: error:
     warning: unused variable ‘K’ [-Wunused-variable]
       75 |   double K = k[0];
          |          ^
   |
75 |   double K = k[0];
   |          ^

lib/Numeric/Signal/signal-aux.c:74:10: error:
     warning: unused variable ‘L’ [-Wunused-variable]
       74 |   double L = l[0];
          |          ^
   |
74 |   double L = l[0];
   |          ^

lib/Numeric/Signal/signal-aux.c: In function ‘filter_float’:
lib/Numeric/Signal/signal-aux.c:99:9: error:
     warning: unused variable ‘K’ [-Wunused-variable]
       99 |   float K = k[0];
          |         ^
   |
99 |   float K = k[0];
   |         ^

lib/Numeric/Signal/signal-aux.c:98:9: error:
     warning: unused variable ‘L’ [-Wunused-variable]
       98 |   float L = l[0];
          |         ^
   |
98 |   float L = l[0];
   |         ^

lib/Numeric/Signal/signal-aux.c: In function ‘filter_double’:
lib/Numeric/Signal/signal-aux.c:75:10: error:
     warning: unused variable ‘K’ [-Wunused-variable]
       75 |   double K = k[0];
          |          ^
   |
75 |   double K = k[0];
   |          ^

lib/Numeric/Signal/signal-aux.c:74:10: error:
     warning: unused variable ‘L’ [-Wunused-variable]
       74 |   double L = l[0];
          |          ^
   |
74 |   double L = l[0];
   |          ^

lib/Numeric/Signal/signal-aux.c: In function ‘filter_float’:
lib/Numeric/Signal/signal-aux.c:99:9: error:
     warning: unused variable ‘K’ [-Wunused-variable]
       99 |   float K = k[0];
          |         ^
   |
99 |   float K = k[0];
   |         ^

lib/Numeric/Signal/signal-aux.c:98:9: error:
     warning: unused variable ‘L’ [-Wunused-variable]
       98 |   float L = l[0];
          |         ^
   |
98 |   float L = l[0];
   |         ^

