Resolving dependencies...
Build profile: -w ghc-9.10.2 -O1
In order, the following will be built (use -v for more details):
 - streamly-0.10.1 (lib) (first run)
Configuring library for streamly-0.10.1...
checking for gcc... /usr/bin/gcc
checking whether the C compiler works... yes
checking for C compiler default output file name... a.out
checking for suffix of executables... 
checking whether we are cross compiling... no
checking for suffix of object files... o
checking whether the compiler supports GNU C... yes
checking whether /usr/bin/gcc accepts -g... yes
checking for /usr/bin/gcc option to enable C11 features... none needed
checking for /usr/bin/gcc options needed to detect all undeclared functions... none needed
checking whether IN_MASK_CREATE is declared... yes
checking whether IN_EXCL_UNLINK is declared... yes
checking whether kFSEventStreamCreateFlagFileEvents is declared... no
checking whether kFSEventStreamCreateFlagFullHistory is declared... no
checking whether kFSEventStreamEventFlagItemCloned is declared... no
checking whether kFSEventStreamEventFlagItemIsHardlink is declared... no
configure: creating ./config.status
config.status: creating src/config.h
Preprocessing library for streamly-0.10.1...
Building library for streamly-0.10.1...
[ 1 of 72] Compiling Streamly.Data.Array.Foreign
[ 2 of 72] Compiling Streamly.Data.Fold.Tee
[ 3 of 72] Compiling Streamly.Internal.Control.Concurrent
[ 4 of 72] Compiling Streamly.Internal.Control.ForkLifted
[ 5 of 72] Compiling Streamly.Internal.Data.Atomics
[ 6 of 72] Compiling Streamly.Internal.Data.Channel.Types
[ 7 of 72] Compiling Streamly.Internal.Data.Channel.Dispatcher
[ 8 of 72] Compiling Streamly.Internal.Data.Channel.Worker
[ 9 of 72] Compiling Streamly.Internal.Data.Channel
[10 of 72] Compiling Streamly.Internal.Data.Cont
[11 of 72] Compiling Streamly.Internal.Data.Fold.Async
[12 of 72] Compiling Streamly.Internal.Data.Fold.Concurrent.Channel.Type
[13 of 72] Compiling Streamly.Internal.Data.Fold.Concurrent.Channel
[14 of 72] Compiling Streamly.Internal.Data.Fold.Concurrent
[15 of 72] Compiling Streamly.Internal.Data.IOFinalizer.Lifted
[16 of 72] Compiling Streamly.Internal.Data.IsMap.HashMap
[17 of 72] Compiling Streamly.Data.Fold.Prelude
[18 of 72] Compiling Streamly.Internal.Data.SVar.Worker
[19 of 72] Compiling Streamly.Internal.Data.SVar.Dispatch
[20 of 72] Compiling Streamly.Internal.Data.SVar.Pull
[21 of 72] Compiling Streamly.Internal.Data.SVar
[22 of 72] Compiling Streamly.Internal.Data.Fold.SVar
[23 of 72] Compiling Streamly.Internal.Data.Fold.Prelude
[24 of 72] Compiling Streamly.Internal.Data.Stream.Common
[25 of 72] Compiling Streamly.Internal.Data.Stream.Concurrent.Channel.Type
[26 of 72] Compiling Streamly.Internal.Data.Stream.Concurrent.Channel.Dispatcher
[27 of 72] Compiling Streamly.Internal.Data.Stream.Concurrent.Channel.Operations
[28 of 72] Compiling Streamly.Internal.Data.Stream.Concurrent.Channel.Consumer
[29 of 72] Compiling Streamly.Internal.Data.Stream.Concurrent.Channel.Interleave
[30 of 72] Compiling Streamly.Internal.Data.Stream.Concurrent.Channel.Append
[31 of 72] Compiling Streamly.Internal.Data.Stream.Concurrent.Channel
[32 of 72] Compiling Streamly.Internal.Data.Stream.Concurrent
[33 of 72] Compiling Streamly.Internal.Data.Stream.Lifted
[34 of 72] Compiling Streamly.Internal.Data.Stream.MkType
[35 of 72] Compiling Streamly.Data.Stream.MkType
[36 of 72] Compiling Streamly.Internal.Data.Stream.Serial
src/Streamly/Internal/Data/Stream/Serial.hs:63:1: warning: [GHC-38856] [-Wunused-imports]
    The import of ‘Foldable, foldl'’
    from module ‘Data.Foldable’ is redundant
   |
63 | import Data.Foldable (Foldable(foldl'), fold)
   | ^^^^^^^^^^^^^^^^^^^^^^^^^^^^^^^^^^^^^^^^^^^^^

[37 of 72] Compiling Streamly.Internal.Data.Stream.SVar.Generate
[38 of 72] Compiling Streamly.Internal.Data.Stream.SVar.Eliminate
[39 of 72] Compiling Streamly.Internal.Data.Stream.SVar
[40 of 72] Compiling Streamly.Internal.Data.Stream.Parallel
[41 of 72] Compiling Streamly.Internal.Data.Stream.Async
[42 of 72] Compiling Streamly.Internal.Data.Stream.Ahead
[43 of 72] Compiling Streamly.Internal.Data.Stream.Time
[44 of 72] Compiling Streamly.Internal.Data.Stream.Prelude
[45 of 72] Compiling Streamly.Data.Stream.Prelude
[46 of 72] Compiling Streamly.Internal.Data.Stream.Zip
src/Streamly/Internal/Data/Stream/Zip.hs:42:1: warning: [GHC-38856] [-Wunused-imports]
    The import of ‘Foldable, foldl'’
    from module ‘Data.Foldable’ is redundant
   |
42 | import Data.Foldable (Foldable(foldl'), fold)
   | ^^^^^^^^^^^^^^^^^^^^^^^^^^^^^^^^^^^^^^^^^^^^^

[47 of 72] Compiling Streamly.Internal.Data.Stream.ZipAsync
[48 of 72] Compiling Streamly.Internal.Data.Stream.IsStream.Type
[49 of 72] Compiling Streamly.Internal.Data.Stream.IsStream.Lift
[50 of 72] Compiling Streamly.Internal.Data.Stream.IsStream.Exception
[51 of 72] Compiling Streamly.Internal.Data.Stream.IsStream.Enumeration
[52 of 72] Compiling Streamly.Internal.Data.Stream.IsStream.Combinators
[53 of 72] Compiling Streamly.Internal.Data.Stream.IsStream.Common
[54 of 72] Compiling Streamly.Internal.Data.Stream.IsStream.Transform
[55 of 72] Compiling Streamly.Internal.Data.Stream.IsStream.Generate
[56 of 72] Compiling Streamly.Internal.Data.Stream.IsStream.Eliminate
[57 of 72] Compiling Streamly.Internal.Data.Stream.IsStream.Expand
[58 of 72] Compiling Streamly.Internal.Data.Stream.IsStream.Reduce
[59 of 72] Compiling Streamly.Internal.Data.Stream.IsStream.Top
[60 of 72] Compiling Streamly.Internal.Data.Stream.IsStream
[61 of 72] Compiling Streamly.Internal.Data.Unfold.Exception
[62 of 72] Compiling Streamly.Internal.Data.Unfold.SVar
[63 of 72] Compiling Streamly.Internal.Data.Unfold.Prelude
[64 of 72] Compiling Streamly.Internal.FileSystem.Event.Linux
[65 of 72] Compiling Streamly.Internal.FileSystem.Event
[66 of 72] Compiling Streamly.Internal.Network.Socket
src/Streamly/Internal/Network/Socket.hs:266:5: warning: [GHC-68441] [-Wdeprecations]
    In the use of ‘unsafePinnedAsPtr’
    (imported from Streamly.Internal.Data.MutArray, but defined in Streamly.Internal.Data.MutArray.Type):
    Deprecated: "Pin the array and then use unsafeAsPtr."
    |
266 |     MArray.unsafePinnedAsPtr arr $ \p -> do
    |     ^^^^^^^^^^^^^^^^^^^^^^^^

[67 of 72] Compiling Streamly.Internal.Network.Inet.TCP
[68 of 72] Compiling Streamly.Internal.Unicode.Char
[69 of 72] Compiling Streamly.Internal.Unicode.Utf8
[70 of 72] Compiling Streamly.Network.Inet.TCP
[71 of 72] Compiling Streamly.Network.Socket
[72 of 72] Compiling Streamly.Prelude
<<ghc: 124460567696 bytes, 239 GCs, 178699218/272965400 avg/max bytes residency (9 samples), 1236M in use, 0.001 INIT (0.001 elapsed), 74.792 MUT (28.493 elapsed), 3.989 GC (13.684 elapsed) :ghc>>
