Resolving dependencies...
Build profile: -w ghc-9.10.2 -O1
In order, the following will be built (use -v for more details):
 - mysql-json-table-0.1.4.1 (lib) (first run)
 - mysql-json-table-0.1.4.1 (exe:mysql-json-table-test) (first run)
Configuring library for mysql-json-table-0.1.4.1...
Preprocessing library for mysql-json-table-0.1.4.1...
Building library for mysql-json-table-0.1.4.1...
[1 of 1] Compiling Database.MySQL.JSONTable
src/Database/MySQL/JSONTable.hs:60:1: warning: [GHC-66111] [-Wunused-imports]
    The import of ‘Control.Applicative’ is redundant
      except perhaps to import instances from ‘Control.Applicative’
    To import instances alone, use: import Control.Applicative()
   |
60 | import Control.Applicative (liftA2)
   | ^^^^^^^^^^^^^^^^^^^^^^^^^^^^^^^^^^^

src/Database/MySQL/JSONTable.hs:310:29: warning: [GHC-63394] [-Wx-partial]
    In the use of ‘head’
    (imported from Prelude, but defined in GHC.Internal.List):
    "This is a partial function, it throws an error on empty lists. Use pattern matching, 'Data.List.uncons' or 'Data.Maybe.listToMaybe' instead. Consider refactoring to use "Data.List.NonEmpty"."
    |
310 |   , "`key` " ++ typeToSpec (head $ fst (SQL.fromField @key)) ++ " NOT NULL PRIMARY KEY"
    |                             ^^^^

Configuring executable 'mysql-json-table-test' for mysql-json-table-0.1.4.1...
Preprocessing executable 'mysql-json-table-test' for mysql-json-table-0.1.4.1...
Building executable 'mysql-json-table-test' for mysql-json-table-0.1.4.1...
[1 of 1] Compiling Main
[2 of 2] Linking /tmp/workdir-mysql-json-table/mysql-json-table-0.1.4.1/dist-newstyle/build/x86_64-linux/ghc-9.10.2/mysql-json-table-0.1.4.1/x/mysql-json-table-test/build/mysql-json-table-test/mysql-json-table-test
