Resolving dependencies...
Build profile: -w ghc-9.10.2 -O1
In order, the following will be built (use -v for more details):
 - libsodium-bindings-0.0.3.0 (lib) (first run)
Configuring library for libsodium-bindings-0.0.3.0...
Preprocessing library for libsodium-bindings-0.0.3.0...
Building library for libsodium-bindings-0.0.3.0...
[ 1 of 21] Compiling LibSodium.Bindings
[ 2 of 21] Compiling LibSodium.Bindings.AEAD
[ 3 of 21] Compiling LibSodium.Bindings.Comparison
[ 4 of 21] Compiling LibSodium.Bindings.CryptoAuth
[ 5 of 21] Compiling LibSodium.Bindings.CryptoBox
[ 6 of 21] Compiling LibSodium.Bindings.CryptoSign
[ 7 of 21] Compiling LibSodium.Bindings.GenericHashing
[ 8 of 21] Compiling LibSodium.Bindings.KeyDerivation
[ 9 of 21] Compiling LibSodium.Bindings.KeyExchange
[10 of 21] Compiling LibSodium.Bindings.Main
[11 of 21] Compiling LibSodium.Bindings.PasswordHashing
[12 of 21] Compiling LibSodium.Bindings.Random
[13 of 21] Compiling LibSodium.Bindings.SHA2
[14 of 21] Compiling LibSodium.Bindings.Scrypt
[15 of 21] Compiling LibSodium.Bindings.SealedBoxes
[16 of 21] Compiling LibSodium.Bindings.SecretStream
[17 of 21] Compiling LibSodium.Bindings.Secretbox
[18 of 21] Compiling LibSodium.Bindings.SecureMemory
[19 of 21] Compiling LibSodium.Bindings.ShortHashing
[20 of 21] Compiling LibSodium.Bindings.Utils
[21 of 21] Compiling LibSodium.Bindings.XChaCha20
