Resolving dependencies...
Build profile: -w ghc-9.10.2 -O1
In order, the following will be built (use -v for more details):
 - gi-gdkx11-4.0.9 (lib:gi-gdkx11) (first run)
[1 of 2] Compiling Main             ( /tmp/workdir-gi-gdkx11/gi-gdkx11-4.0.9/dist-newstyle/build/x86_64-linux/ghc-9.10.2/gi-gdkx11-4.0.9/setup/setup.hs, /tmp/workdir-gi-gdkx11/gi-gdkx11-4.0.9/dist-newstyle/build/x86_64-linux/ghc-9.10.2/gi-gdkx11-4.0.9/setup/Main.o )
[2 of 2] Linking /tmp/workdir-gi-gdkx11/gi-gdkx11-4.0.9/dist-newstyle/build/x86_64-linux/ghc-9.10.2/gi-gdkx11-4.0.9/setup/setup
Configuring gi-gdkx11-4.0.9...
[1 of 3] Compiling GI.GdkX11.Config ( /tmp/workdir-gi-gdkx11/gi-gdkx11-4.0.9/GI/GdkX11/Config.hs, /tmp/workdir-gi-gdkx11/gi-gdkx11-4.0.9/dist-newstyle/build/x86_64-linux/ghc-9.10.2/gi-gdkx11-4.0.9/setup/GI/GdkX11/Config.o )
[2 of 3] Compiling Main             ( /tmp/workdir-gi-gdkx11/gi-gdkx11-4.0.9/dist-newstyle/build/x86_64-linux/ghc-9.10.2/gi-gdkx11-4.0.9/setup/setup.hs, /tmp/workdir-gi-gdkx11/gi-gdkx11-4.0.9/dist-newstyle/build/x86_64-linux/ghc-9.10.2/gi-gdkx11-4.0.9/setup/Main.o ) [GI.GdkX11.Config added]
[3 of 3] Linking /tmp/workdir-gi-gdkx11/gi-gdkx11-4.0.9/dist-newstyle/build/x86_64-linux/ghc-9.10.2/gi-gdkx11-4.0.9/setup/setup [Objects changed]
Preprocessing library for gi-gdkx11-4.0.9...
Building library for gi-gdkx11-4.0.9...
[ 1 of 14] Compiling GI.GdkX11
[ 2 of 14] Compiling GI.GdkX11.Config
[ 3 of 14] Compiling GI.GdkX11.Enums
[ 4 of 14] Compiling GI.GdkX11.Functions
[ 5 of 14] Compiling GI.GdkX11.Objects
[ 6 of 14] Compiling GI.GdkX11.Objects.X11AppLaunchContext
[ 7 of 14] Compiling GI.GdkX11.Objects.X11DeviceManagerXI2
[ 8 of 14] Compiling GI.GdkX11.Objects.X11DeviceXI2
[ 9 of 14] Compiling GI.GdkX11.Objects.X11Display
[10 of 14] Compiling GI.GdkX11.Objects.X11Drag
[11 of 14] Compiling GI.GdkX11.Objects.X11GLContext
[12 of 14] Compiling GI.GdkX11.Objects.X11Monitor
[13 of 14] Compiling GI.GdkX11.Objects.X11Screen
[14 of 14] Compiling GI.GdkX11.Objects.X11Surface
