Resolving dependencies...
Build profile: -w ghc-9.10.2 -O1
In order, the following will be built (use -v for more details):
 - gogol-blogger-1.0.0 (lib) (first run)
Configuring library for gogol-blogger-1.0.0...
Warning: [git-protocol] Cloning over git:// might lead to an arbitrary code
execution vulnerability. Furthermore, popular forges like GitHub do not
support it. Use https:// or ssh:// instead.
Preprocessing library for gogol-blogger-1.0.0...
Building library for gogol-blogger-1.0.0...
[ 1 of 37] Compiling Gogol.Blogger.Internal.Sum
[ 2 of 37] Compiling Gogol.Blogger.Internal.Product
[ 3 of 37] Compiling Gogol.Blogger.Types
[ 4 of 37] Compiling Gogol.Blogger.Posts.Update
[ 5 of 37] Compiling Gogol.Blogger.Posts.Search
[ 6 of 37] Compiling Gogol.Blogger.Posts.Revert
[ 7 of 37] Compiling Gogol.Blogger.Posts.Publish
[ 8 of 37] Compiling Gogol.Blogger.Posts.Patch
[ 9 of 37] Compiling Gogol.Blogger.Posts.List
[10 of 37] Compiling Gogol.Blogger.Posts.Insert
[11 of 37] Compiling Gogol.Blogger.Posts.GetByPath
[12 of 37] Compiling Gogol.Blogger.Posts.Get
[13 of 37] Compiling Gogol.Blogger.Posts.Delete
[14 of 37] Compiling Gogol.Blogger.PostUserInfos.List
[15 of 37] Compiling Gogol.Blogger.PostUserInfos.Get
[16 of 37] Compiling Gogol.Blogger.Pages.Update
[17 of 37] Compiling Gogol.Blogger.Pages.Revert
[18 of 37] Compiling Gogol.Blogger.Pages.Publish
[19 of 37] Compiling Gogol.Blogger.Pages.Patch
[20 of 37] Compiling Gogol.Blogger.Pages.List
[21 of 37] Compiling Gogol.Blogger.Pages.Insert
[22 of 37] Compiling Gogol.Blogger.Pages.Get
[23 of 37] Compiling Gogol.Blogger.Pages.Delete
[24 of 37] Compiling Gogol.Blogger.PageViews.Get
[25 of 37] Compiling Gogol.Blogger.Comments.RemoveContent
[26 of 37] Compiling Gogol.Blogger.Comments.MarkAsSpam
[27 of 37] Compiling Gogol.Blogger.Comments.ListByBlog
[28 of 37] Compiling Gogol.Blogger.Comments.List
[29 of 37] Compiling Gogol.Blogger.Comments.Get
[30 of 37] Compiling Gogol.Blogger.Comments.Delete
[31 of 37] Compiling Gogol.Blogger.Comments.Approve
[32 of 37] Compiling Gogol.Blogger.Blogs.ListByUser
[33 of 37] Compiling Gogol.Blogger.Blogs.GetByUrl
[34 of 37] Compiling Gogol.Blogger.Blogs.Get
[35 of 37] Compiling Gogol.Blogger.BlogUserInfos.Get
[36 of 37] Compiling Gogol.Blogger.Users.Get
[37 of 37] Compiling Gogol.Blogger
