Resolving dependencies...
Build profile: -w ghc-9.10.2 -O1
In order, the following will be built (use -v for more details):
 - AesonBson-0.4.1 (lib) (first run)
 - AesonBson-0.4.1 (test:tests) (first run)
Configuring library for AesonBson-0.4.1...
Preprocessing library for AesonBson-0.4.1...
Building library for AesonBson-0.4.1...
[1 of 2] Compiling Data.AesonBson
[2 of 2] Compiling Data.AesonBson.Instances
Configuring test suite 'tests' for AesonBson-0.4.1...
Preprocessing test suite 'tests' for AesonBson-0.4.1...
Building test suite 'tests' for AesonBson-0.4.1...
[1 of 1] Compiling Main
test/Main.hs:23:11: warning: [GHC-62161] [-Wincomplete-uni-patterns]
    Pattern match(es) are non-exhaustive
    In a pattern binding:
        Patterns of type ‘AESON.Value’ not matched:
            Object _
            AESON.Array _
            Number _
            AESON.Bool _
            ...
   |
23 |           AESON.String str = aesonifyValue objid
   |           ^^^^^^^^^^^^^^^^^^^^^^^^^^^^^^^^^^^^^^

[2 of 2] Linking /tmp/workdir-AesonBson/AesonBson-0.4.1/dist-newstyle/build/x86_64-linux/ghc-9.10.2/AesonBson-0.4.1/t/tests/build/tests/tests
