Resolving dependencies...
Build profile: -w ghc-9.10.2 -O1
In order, the following will be built (use -v for more details):
 - lucid2-0.0.20250303 (lib) (first run)
 - lucid2-0.0.20250303 (test:test) (first run)
Configuring library for lucid2-0.0.20250303...
Preprocessing library for lucid2-0.0.20250303...
Building library for lucid2-0.0.20250303...
[1 of 6] Compiling Blaze.ByteString.Builder.Char.Utf8
[2 of 6] Compiling Blaze.ByteString.Builder.Html.Word
[3 of 6] Compiling Blaze.ByteString.Builder.Html.Utf8
[4 of 6] Compiling Lucid.Base
src/Lucid/Base.hs:128:3: warning: [GHC-50928] [-Wnoncanonical-monoid-instances]
    Noncanonical ‘mappend’ definition detected
    in the instance declaration for ‘Monoid (HtmlT m a)’.
    ‘mappend’ will eventually be removed in favour of ‘(<>)’
    Suggested fix:
      Either remove definition for ‘mappend’ (recommended) or define as ‘mappend = (<>)’
      See also: https://gitlab.haskell.org/ghc/ghc/-/wikis/proposal/semigroup-monoid
    |
128 |   mappend = liftA2 mappend
    |   ^^^^^^^^^^^^^^^^^^^^^^^^

[5 of 6] Compiling Lucid.Html5
[6 of 6] Compiling Lucid
Configuring test suite 'test' for lucid2-0.0.20250303...
Preprocessing test suite 'test' for lucid2-0.0.20250303...
Building test suite 'test' for lucid2-0.0.20250303...
[1 of 1] Compiling Main
[2 of 2] Linking /tmp/workdir-lucid2/lucid2-0.0.20250303/dist-newstyle/build/x86_64-linux/ghc-9.10.2/lucid2-0.0.20250303/t/test/build/test/test
