Resolving dependencies...
Build profile: -w ghc-9.10.2 -O1
In order, the following will be built (use -v for more details):
 - webgear-server-1.4.0 (lib) (first run)
 - webgear-server-1.4.0 (test:webgear-server-test) (first run)
Configuring library for webgear-server-1.4.0...
Preprocessing library for webgear-server-1.4.0...
Building library for webgear-server-1.4.0...
[ 1 of 14] Compiling Paths_webgear_server
[ 2 of 14] Compiling WebGear.Server.Handler
[ 3 of 14] Compiling WebGear.Server.MIMETypes
[ 4 of 14] Compiling WebGear.Server.Trait.Auth.Basic
[ 5 of 14] Compiling WebGear.Server.Trait.Auth.JWT
[ 6 of 14] Compiling WebGear.Server.Trait.Body
[ 7 of 14] Compiling WebGear.Server.Trait.Cookie
[ 8 of 14] Compiling WebGear.Server.Trait.Header
[ 9 of 14] Compiling WebGear.Server.Trait.Method
[10 of 14] Compiling WebGear.Server.Trait.Path
[11 of 14] Compiling WebGear.Server.Trait.QueryParam
[12 of 14] Compiling WebGear.Server.Trait.Status
[13 of 14] Compiling WebGear.Server.Traits
[14 of 14] Compiling WebGear.Server
Configuring test suite 'webgear-server-test' for webgear-server-1.4.0...
Preprocessing test suite 'webgear-server-test' for webgear-server-1.4.0...
Building test suite 'webgear-server-test' for webgear-server-1.4.0...
[ 1 of 11] Compiling Properties.Trait.Auth.Basic
[ 2 of 11] Compiling Properties.Trait.Body
[ 3 of 11] Compiling Properties.Trait.Header
[ 4 of 11] Compiling Properties.Trait.Method
[ 5 of 11] Compiling Properties.Trait.Path
[ 6 of 11] Compiling Properties.Trait.QueryParam
[ 7 of 11] Compiling Properties
[ 8 of 11] Compiling Unit.Trait.Header
[ 9 of 11] Compiling Unit.Trait.Path
[10 of 11] Compiling Unit
[11 of 11] Compiling Main
[12 of 12] Linking /tmp/workdir-webgear-server/webgear-server-1.4.0/dist-newstyle/build/x86_64-linux/ghc-9.10.2/webgear-server-1.4.0/t/webgear-server-test/build/webgear-server-test/webgear-server-test
