Resolving dependencies...
Build profile: -w ghc-9.10.2 -O1
In order, the following will be built (use -v for more details):
 - filecache-0.5.2 (lib) (first run)
 - filecache-0.5.2 (test:simpletest) (first run)
Configuring library for filecache-0.5.2...
Warning: [git-protocol] Cloning over git:// might lead to an arbitrary code
execution vulnerability. Furthermore, popular forges like GitHub do not
support it. Use https:// or ssh:// instead.
Preprocessing library for filecache-0.5.2...
Building library for filecache-0.5.2...
[1 of 2] Compiling Data.FileCache.Internal
[2 of 2] Compiling Data.FileCache
Configuring test suite 'simpletest' for filecache-0.5.2...
Warning: [git-protocol] Cloning over git:// might lead to an arbitrary code
execution vulnerability. Furthermore, popular forges like GitHub do not
support it. Use https:// or ssh:// instead.
Preprocessing test suite 'simpletest' for filecache-0.5.2...
Building test suite 'simpletest' for filecache-0.5.2...
[1 of 1] Compiling Main
[2 of 2] Linking dist-newstyle/build/x86_64-linux/ghc-9.10.2/filecache-0.5.2/t/simpletest/build/simpletest/simpletest
