Resolving dependencies...
Build profile: -w ghc-9.10.2 -O1
In order, the following will be built (use -v for more details):
 - emojis-0.1.4.1 (lib) (first run)
 - emojis-0.1.4.1 (test:emojis-test) (first run)
Configuring library for emojis-0.1.4.1...
Preprocessing library for emojis-0.1.4.1...
Building library for emojis-0.1.4.1...
[1 of 2] Compiling Trie
[2 of 2] Compiling Text.Emoji
src/Text/Emoji.hs:20:1: warning: [GHC-66111] [-Wunused-imports]
    The import of ‘Data.List’ is redundant
      except perhaps to import instances from ‘Data.List’
    To import instances alone, use: import Data.List()
   |
20 | import Data.List (foldl')
   | ^^^^^^^^^^^^^^^^^^^^^^^^^

Configuring test suite 'emojis-test' for emojis-0.1.4.1...
Preprocessing test suite 'emojis-test' for emojis-0.1.4.1...
Building test suite 'emojis-test' for emojis-0.1.4.1...
[1 of 1] Compiling Main
[2 of 2] Linking /tmp/workdir-emojis/emojis-0.1.4.1/dist-newstyle/build/x86_64-linux/ghc-9.10.2/emojis-0.1.4.1/t/emojis-test/build/emojis-test/emojis-test
