Resolving dependencies...
Build profile: -w ghc-9.10.2 -O1
In order, the following will be built (use -v for more details):
 - enummapset-0.7.3.0 (lib) (first run)
 - enummapset-0.7.3.0 (test:intset-properties) (first run)
Configuring library for enummapset-0.7.3.0...
Preprocessing library for enummapset-0.7.3.0...
Building library for enummapset-0.7.3.0...
[1 of 5] Compiling Data.EnumSet
[2 of 5] Compiling Data.EnumMap.Base
[3 of 5] Compiling Data.EnumMap.Strict
[4 of 5] Compiling Data.EnumMap.Lazy
[5 of 5] Compiling Data.EnumMap
Configuring test suite 'intset-properties' for enummapset-0.7.3.0...
Preprocessing test suite 'intset-properties' for enummapset-0.7.3.0...
Building test suite 'intset-properties' for enummapset-0.7.3.0...
[1 of 7] Compiling Data.EnumSet
[2 of 7] Compiling Data.EnumMap.Base
[3 of 7] Compiling Data.EnumMap.Lazy
[4 of 7] Compiling Data.EnumMap
[5 of 7] Compiling IntSetValidity
[6 of 7] Compiling Json
[7 of 7] Compiling Main
tests/intset-properties.hs:184:57: warning: [GHC-63394] [-Wx-partial]
    In the use of ‘head’
    (imported from Prelude, but defined in GHC.Internal.List):
    "This is a partial function, it throws an error on empty lists. Use pattern matching, 'Data.List.uncons' or 'Data.Maybe.listToMaybe' instead. Consider refactoring to use "Data.List.NonEmpty"."
    |
184 |                     | otherwise -> lookup' x t == Just (head cs) -- we want smallest such element
    |                                                         ^^^^

tests/intset-properties.hs:280:32: warning: [GHC-63394] [-Wx-partial]
    In the use of ‘head’
    (imported from Data.List, but defined in GHC.Internal.List):
    "This is a partial function, it throws an error on empty lists. Use pattern matching, 'Data.List.uncons' or 'Data.Maybe.listToMaybe' instead. Consider refactoring to use "Data.List.NonEmpty"."
    |
280 |         nub_sort_xs = List.map List.head $ List.group sort_xs
    |                                ^^^^^^^^^

[8 of 8] Linking /tmp/workdir-enummapset/enummapset-0.7.3.0/dist-newstyle/build/x86_64-linux/ghc-9.10.2/enummapset-0.7.3.0/t/intset-properties/build/intset-properties/intset-properties
