Resolving dependencies...
Build profile: -w ghc-9.10.2 -O1
In order, the following will be built (use -v for more details):
 - discover-instances-0.1.0.0 (lib) (first run)
 - discover-instances-0.1.0.0 (test:discover-instances-test) (first run)
Configuring library for discover-instances-0.1.0.0...
Preprocessing library for discover-instances-0.1.0.0...
Building library for discover-instances-0.1.0.0...
[1 of 2] Compiling DiscoverInstances
src/DiscoverInstances.hs:82:35: warning: [GHC-88464] [-Wpartial-type-signatures]
    • Found type wildcard ‘_’ standing for ‘k’
      Where: ‘k’ is a rigid type variable bound by
               the inferred type of
                 discoverInstances :: Typeable c => SpliceQ [SomeDict c]
               at src/DiscoverInstances.hs:(83,1)-(91,60)
    • In the kind ‘_ -> Constraint’
      In the type signature:
        discoverInstances :: forall (c :: _ -> Constraint). (Typeable c) =>
                                                            SpliceQ [SomeDict c]
   |
82 | discoverInstances :: forall (c :: _ -> Constraint) . (Typeable c) => SpliceQ [SomeDict c]
   |                                   ^

[2 of 2] Compiling Paths_discover_instances
Configuring test suite 'discover-instances-test' for discover-instances-0.1.0.0...
Preprocessing test suite 'discover-instances-test' for discover-instances-0.1.0.0...
Building test suite 'discover-instances-test' for discover-instances-0.1.0.0...
[1 of 2] Compiling Main
test/Spec.hs:20:13-29: Splicing expression
    discoverInstances
  ======>
    concat
      [[SomeDictOf (Proxy :: Proxy ((->) r_a3Fg))],
       [SomeDictOf (Proxy :: Proxy IO)], [SomeDictOf (Proxy :: Proxy [])],
       [SomeDictOf (Proxy :: Proxy Maybe)],
       [SomeDictOf
          (Proxy :: Proxy ghc-internal:GHC.Internal.Base.NonEmpty)],
       [SomeDictOf (Proxy :: Proxy Solo)],
       [SomeDictOf (Proxy :: Proxy ((,) a_a3Fk))],
       [SomeDictOf (Proxy :: Proxy ((,,) a_a3Fm b_a3Fn))],
       [SomeDictOf (Proxy :: Proxy ((,,,) a_a3Fq b_a3Fr c_a3Fs))],
       [SomeDictOf (Proxy :: Proxy ((,,,,) a_a3Fw b_a3Fx c_a3Fy d_a3Fz))],
       [SomeDictOf
          (Proxy :: Proxy ((,,,,,) a_a3FE b_a3FF c_a3FG d_a3FH e_a3FI))],
       [SomeDictOf
          (Proxy ::
             Proxy ((,,,,,,) a_a3FO b_a3FP c_a3FQ d_a3FR e_a3FS f_a3FT))],
       [], [SomeDictOf (Proxy :: Proxy Proxy)],
       [SomeDictOf (Proxy :: Proxy Language.Haskell.TH.Syntax.Q)],
       [SomeDictOf (Proxy :: Proxy Language.Haskell.TH.Syntax.TyVarBndr)]]
test/Spec.hs:17:8-26: Splicing expression
    discoverInstances
  ======>
    concat
      [[],
       [SomeDictOf (Proxy :: Proxy ghc-internal:GHC.Internal.Base.Void)],
       [SomeDictOf
          (Proxy :: Proxy ghc-internal:GHC.Internal.IO.MaskingState)],
       [SomeDictOf
          (Proxy ::
             Proxy ghc-internal:GHC.Internal.Exception.Type.ArithException)],
       [SomeDictOf
          (Proxy :: Proxy ghc-internal:GHC.Internal.Data.Version.Version)],
       [SomeDictOf (Proxy :: Proxy Bool)],
       [SomeDictOf (Proxy :: Proxy Char)],
       [SomeDictOf (Proxy :: Proxy Double)],
       [SomeDictOf (Proxy :: Proxy Float)],
       [SomeDictOf (Proxy :: Proxy Int)], [],
       [SomeDictOf (Proxy :: Proxy ghc-prim:GHC.Types.Module)],
       [SomeDictOf (Proxy :: Proxy Ordering)], [],
       [SomeDictOf (Proxy :: Proxy ghc-prim:GHC.Types.TrName)], [], [],
       [], [], [], [], [], [], [], [], [], [], [], [],
       [SomeDictOf (Proxy :: Proxy TyCon)],
       [SomeDictOf (Proxy :: Proxy ())],
       [SomeDictOf (Proxy :: Proxy Word)],
       [SomeDictOf
          (Proxy :: Proxy ghc-internal:GHC.Internal.Stack.Types.SrcLoc)],
       [SomeDictOf
          (Proxy ::
             Proxy ghc-internal:GHC.Internal.Data.Typeable.Internal.SomeTypeRep)],
       [SomeDictOf
          (Proxy ::
             Proxy (ghc-internal:GHC.Internal.Data.Typeable.Internal.TypeRep a_a3UN))],
       [SomeDictOf
          (Proxy ::
             Proxy ghc-internal:GHC.Internal.IO.Exception.ArrayException)],
       [SomeDictOf
          (Proxy ::
             Proxy ghc-internal:GHC.Internal.IO.Exception.AsyncException)],
       [SomeDictOf
          (Proxy :: Proxy ghc-internal:GHC.Internal.IO.Exception.ExitCode)],
       [SomeDictOf
          (Proxy ::
             Proxy ghc-internal:GHC.Internal.IO.Exception.IOErrorType)],
       [SomeDictOf
          (Proxy ::
             Proxy ghc-internal:GHC.Internal.IO.Exception.IOException)],
       [SomeDictOf (Proxy :: Proxy (Proxy s_a3Vi))],
       [SomeDictOf (Proxy :: Proxy Integer)], [],
       [SomeDictOf
          (Proxy ::
             Proxy ghc-internal:GHC.Internal.IO.Encoding.Types.CodingProgress)],
       [SomeDictOf (Proxy :: Proxy ((:~:) a_a3Vs b_a3Vt))],
       [SomeDictOf (Proxy :: Proxy ((:~~:) a_a3VC b_a3VD))],
       [SomeDictOf
          (Proxy ::
             Proxy ghc-internal:GHC.Internal.Fingerprint.Type.Fingerprint)],
       [SomeDictOf
          (Proxy :: Proxy ghc-internal:GHC.Internal.Word.Word16)],
       [SomeDictOf
          (Proxy :: Proxy ghc-internal:GHC.Internal.Word.Word32)],
       [SomeDictOf
          (Proxy :: Proxy ghc-internal:GHC.Internal.Word.Word64)],
       [SomeDictOf (Proxy :: Proxy ghc-internal:GHC.Internal.Word.Word8)],
       [SomeDictOf (Proxy :: Proxy Language.Haskell.TH.Syntax.AnnLookup)],
       [SomeDictOf (Proxy :: Proxy Language.Haskell.TH.Syntax.AnnTarget)],
       [SomeDictOf (Proxy :: Proxy Language.Haskell.TH.Syntax.Bang)],
       [SomeDictOf (Proxy :: Proxy Language.Haskell.TH.Syntax.BndrVis)],
       [SomeDictOf (Proxy :: Proxy Language.Haskell.TH.Syntax.Body)],
       [SomeDictOf (Proxy :: Proxy Language.Haskell.TH.Syntax.Bytes)],
       [SomeDictOf (Proxy :: Proxy Language.Haskell.TH.Syntax.Callconv)],
       [SomeDictOf (Proxy :: Proxy Language.Haskell.TH.Syntax.Clause)],
       [SomeDictOf (Proxy :: Proxy Language.Haskell.TH.Syntax.Con)],
       [SomeDictOf (Proxy :: Proxy Language.Haskell.TH.Syntax.Dec)],
       [SomeDictOf
          (Proxy :: Proxy Language.Haskell.TH.Syntax.DecidedStrictness)],
       [SomeDictOf
          (Proxy :: Proxy Language.Haskell.TH.Syntax.DerivClause)],
       [SomeDictOf
          (Proxy :: Proxy Language.Haskell.TH.Syntax.DerivStrategy)],
       [SomeDictOf (Proxy :: Proxy Language.Haskell.TH.Syntax.DocLoc)],
       [SomeDictOf (Proxy :: Proxy Language.Haskell.TH.Syntax.Exp)],
       [SomeDictOf
          (Proxy :: Proxy Language.Haskell.TH.Syntax.FamilyResultSig)],
       [SomeDictOf (Proxy :: Proxy Language.Haskell.TH.Syntax.Fixity)],
       [SomeDictOf
          (Proxy :: Proxy Language.Haskell.TH.Syntax.FixityDirection)],
       [SomeDictOf (Proxy :: Proxy Language.Haskell.TH.Syntax.Foreign)],
       [SomeDictOf (Proxy :: Proxy Language.Haskell.TH.Syntax.FunDep)],
       [SomeDictOf (Proxy :: Proxy Language.Haskell.TH.Syntax.Guard)],
       [SomeDictOf (Proxy :: Proxy Language.Haskell.TH.Syntax.Info)],
       [SomeDictOf
          (Proxy :: Proxy Language.Haskell.TH.Syntax.InjectivityAnn)],
       [SomeDictOf (Proxy :: Proxy Language.Haskell.TH.Syntax.Inline)],
       [SomeDictOf (Proxy :: Proxy Language.Haskell.TH.Syntax.Lit)],
       [SomeDictOf (Proxy :: Proxy Language.Haskell.TH.Syntax.Loc)],
       [SomeDictOf (Proxy :: Proxy Language.Haskell.TH.Syntax.Match)],
       [SomeDictOf (Proxy :: Proxy Language.Haskell.TH.Syntax.ModName)],
       [SomeDictOf (Proxy :: Proxy Language.Haskell.TH.Syntax.Module)],
       [SomeDictOf
          (Proxy :: Proxy Language.Haskell.TH.Syntax.ModuleInfo)],
       [SomeDictOf (Proxy :: Proxy Language.Haskell.TH.Syntax.Name)],
       [SomeDictOf
          (Proxy :: Proxy Language.Haskell.TH.Syntax.NameFlavour)],
       [SomeDictOf (Proxy :: Proxy Language.Haskell.TH.Syntax.NameSpace)],
       [SomeDictOf
          (Proxy :: Proxy Language.Haskell.TH.Syntax.NamespaceSpecifier)],
       [SomeDictOf (Proxy :: Proxy Language.Haskell.TH.Syntax.OccName)],
       [SomeDictOf (Proxy :: Proxy Language.Haskell.TH.Syntax.Overlap)],
       [SomeDictOf (Proxy :: Proxy Language.Haskell.TH.Syntax.Pat)],
       [SomeDictOf
          (Proxy :: Proxy Language.Haskell.TH.Syntax.PatSynArgs)],
       [SomeDictOf (Proxy :: Proxy Language.Haskell.TH.Syntax.PatSynDir)],
       [SomeDictOf (Proxy :: Proxy Language.Haskell.TH.Syntax.Phases)],
       [SomeDictOf (Proxy :: Proxy Language.Haskell.TH.Syntax.PkgName)],
       [SomeDictOf (Proxy :: Proxy Language.Haskell.TH.Syntax.Pragma)],
       [SomeDictOf (Proxy :: Proxy Language.Haskell.TH.Syntax.Range)],
       [SomeDictOf (Proxy :: Proxy Language.Haskell.TH.Syntax.Role)],
       [SomeDictOf (Proxy :: Proxy Language.Haskell.TH.Syntax.RuleBndr)],
       [SomeDictOf (Proxy :: Proxy Language.Haskell.TH.Syntax.RuleMatch)],
       [SomeDictOf (Proxy :: Proxy Language.Haskell.TH.Syntax.Safety)],
       [SomeDictOf
          (Proxy :: Proxy Language.Haskell.TH.Syntax.SourceStrictness)],
       [SomeDictOf
          (Proxy :: Proxy Language.Haskell.TH.Syntax.SourceUnpackedness)],
       [SomeDictOf
          (Proxy :: Proxy Language.Haskell.TH.Syntax.Specificity)],
       [SomeDictOf (Proxy :: Proxy Language.Haskell.TH.Syntax.Stmt)],
       [SomeDictOf (Proxy :: Proxy Language.Haskell.TH.Syntax.TyLit)],
       [SomeDictOf (Proxy :: Proxy Language.Haskell.TH.Syntax.TySynEqn)],
       [], [SomeDictOf (Proxy :: Proxy Language.Haskell.TH.Syntax.Type)],
       [SomeDictOf
          (Proxy :: Proxy Language.Haskell.TH.Syntax.TypeFamilyHead)]]
test/Spec.hs:14:10-34: Splicing expression
    discoverInstances @Show
  ======>
    concat
      [[SomeDictOf (Proxy :: Proxy Double)],
       [SomeDictOf (Proxy :: Proxy Float)],
       [SomeDictOf
          (Proxy :: Proxy ghc-internal:GHC.Internal.IO.MaskingState)],
       [SomeDictOf
          (Proxy ::
             Proxy ghc-internal:GHC.Internal.Exception.Type.ArithException)],
       [], [],
       [SomeDictOf
          (Proxy ::
             Proxy ghc-internal:GHC.Internal.Exception.Type.SomeException)],
       [SomeDictOf
          (Proxy :: Proxy ghc-internal:GHC.Internal.Data.Version.Version)],
       [SomeDictOf (Proxy :: Proxy Bool)],
       [SomeDictOf
          (Proxy :: Proxy ghc-internal:GHC.Internal.Stack.Types.CallStack)],
       [SomeDictOf (Proxy :: Proxy Char)],
       [SomeDictOf (Proxy :: Proxy Int)],
       [SomeDictOf (Proxy :: Proxy Integer)],
       [SomeDictOf (Proxy :: Proxy ghc-prim:GHC.Types.KindRep)],
       [SomeDictOf (Proxy :: Proxy ghc-prim:GHC.Types.Levity)], [], [],
       [SomeDictOf (Proxy :: Proxy ghc-prim:GHC.Types.Module)],
       [SomeDictOf (Proxy :: Proxy GHC.Num.Natural.Natural)], [],
       [SomeDictOf (Proxy :: Proxy Ordering)],
       [SomeDictOf (Proxy :: Proxy ghc-prim:GHC.Types.RuntimeRep)], [],
       [SomeDictOf
          (Proxy :: Proxy ghc-internal:GHC.Internal.Stack.Types.SrcLoc)],
       [SomeDictOf (Proxy :: Proxy ghc-prim:GHC.Types.TrName)], [], [],
       [], [], [], [], [], [], [], [], [], [], [], [],
       [SomeDictOf (Proxy :: Proxy TyCon)],
       [SomeDictOf (Proxy :: Proxy ghc-prim:GHC.Types.TypeLitSort)],
       [SomeDictOf (Proxy :: Proxy ())],
       [SomeDictOf (Proxy :: Proxy ghc-prim:GHC.Types.VecCount)],
       [SomeDictOf (Proxy :: Proxy ghc-prim:GHC.Types.VecElem)],
       [SomeDictOf (Proxy :: Proxy ghc-internal:GHC.Internal.Base.Void)],
       [SomeDictOf (Proxy :: Proxy Word)],
       [SomeDictOf
          (Proxy ::
             Proxy ghc-internal:GHC.Internal.Data.Typeable.Internal.SomeTypeRep)],
       [SomeDictOf
          (Proxy ::
             Proxy (ghc-internal:GHC.Internal.Data.Typeable.Internal.TypeRep a_a4Lk))],
       [SomeDictOf
          (Proxy ::
             Proxy ghc-internal:GHC.Internal.IO.Exception.AllocationLimitExceeded)],
       [SomeDictOf
          (Proxy ::
             Proxy ghc-internal:GHC.Internal.IO.Exception.ArrayException)],
       [SomeDictOf
          (Proxy ::
             Proxy ghc-internal:GHC.Internal.IO.Exception.AssertionFailed)],
       [SomeDictOf
          (Proxy ::
             Proxy ghc-internal:GHC.Internal.IO.Exception.AsyncException)],
       [SomeDictOf
          (Proxy ::
             Proxy ghc-internal:GHC.Internal.IO.Exception.BlockedIndefinitelyOnMVar)],
       [SomeDictOf
          (Proxy ::
             Proxy ghc-internal:GHC.Internal.IO.Exception.BlockedIndefinitelyOnSTM)],
       [SomeDictOf
          (Proxy ::
             Proxy ghc-internal:GHC.Internal.IO.Exception.CompactionFailed)],
       [SomeDictOf
          (Proxy :: Proxy ghc-internal:GHC.Internal.IO.Exception.Deadlock)],
       [SomeDictOf
          (Proxy :: Proxy ghc-internal:GHC.Internal.IO.Exception.ExitCode)],
       [SomeDictOf
          (Proxy ::
             Proxy ghc-internal:GHC.Internal.IO.Exception.FixIOException)],
       [SomeDictOf
          (Proxy ::
             Proxy ghc-internal:GHC.Internal.IO.Exception.IOErrorType)],
       [SomeDictOf
          (Proxy ::
             Proxy ghc-internal:GHC.Internal.IO.Exception.IOException)],
       [SomeDictOf
          (Proxy ::
             Proxy ghc-internal:GHC.Internal.IO.Exception.SomeAsyncException)],
       [SomeDictOf (Proxy :: Proxy (Proxy s_a4M1))],
       [SomeDictOf
          (Proxy ::
             Proxy ghc-internal:GHC.Internal.IO.Encoding.Types.CodingProgress)],
       [SomeDictOf
          (Proxy ::
             Proxy ghc-internal:GHC.Internal.IO.Encoding.Types.TextEncoding)],
       [SomeDictOf (Proxy :: Proxy ((:~:) a_a4M5 b_a4M6))],
       [SomeDictOf (Proxy :: Proxy ((:~~:) a_a4Mc b_a4Md))],
       [SomeDictOf
          (Proxy ::
             Proxy ghc-internal:GHC.Internal.Fingerprint.Type.Fingerprint)],
       [SomeDictOf
          (Proxy :: Proxy ghc-internal:GHC.Internal.Word.Word16)],
       [SomeDictOf
          (Proxy :: Proxy ghc-internal:GHC.Internal.Word.Word32)],
       [SomeDictOf
          (Proxy :: Proxy ghc-internal:GHC.Internal.Word.Word64)],
       [SomeDictOf (Proxy :: Proxy ghc-internal:GHC.Internal.Word.Word8)],
       [SomeDictOf (Proxy :: Proxy Language.Haskell.TH.Syntax.AnnLookup)],
       [SomeDictOf (Proxy :: Proxy Language.Haskell.TH.Syntax.AnnTarget)],
       [SomeDictOf (Proxy :: Proxy Language.Haskell.TH.Syntax.Bang)],
       [SomeDictOf (Proxy :: Proxy Language.Haskell.TH.Syntax.BndrVis)],
       [SomeDictOf (Proxy :: Proxy Language.Haskell.TH.Syntax.Body)],
       [SomeDictOf (Proxy :: Proxy Language.Haskell.TH.Syntax.Bytes)],
       [SomeDictOf (Proxy :: Proxy Language.Haskell.TH.Syntax.Callconv)],
       [SomeDictOf (Proxy :: Proxy Language.Haskell.TH.Syntax.Clause)],
       [SomeDictOf (Proxy :: Proxy Language.Haskell.TH.Syntax.Con)],
       [SomeDictOf (Proxy :: Proxy Language.Haskell.TH.Syntax.Dec)],
       [SomeDictOf
          (Proxy :: Proxy Language.Haskell.TH.Syntax.DecidedStrictness)],
       [SomeDictOf
          (Proxy :: Proxy Language.Haskell.TH.Syntax.DerivClause)],
       [SomeDictOf
          (Proxy :: Proxy Language.Haskell.TH.Syntax.DerivStrategy)],
       [SomeDictOf (Proxy :: Proxy Language.Haskell.TH.Syntax.DocLoc)],
       [SomeDictOf (Proxy :: Proxy Language.Haskell.TH.Syntax.Exp)],
       [SomeDictOf
          (Proxy :: Proxy Language.Haskell.TH.Syntax.FamilyResultSig)],
       [SomeDictOf (Proxy :: Proxy Language.Haskell.TH.Syntax.Fixity)],
       [SomeDictOf
          (Proxy :: Proxy Language.Haskell.TH.Syntax.FixityDirection)],
       [SomeDictOf (Proxy :: Proxy Language.Haskell.TH.Syntax.Foreign)],
       [SomeDictOf (Proxy :: Proxy Language.Haskell.TH.Syntax.FunDep)],
       [SomeDictOf (Proxy :: Proxy Language.Haskell.TH.Syntax.Guard)],
       [SomeDictOf (Proxy :: Proxy Language.Haskell.TH.Syntax.Info)],
       [SomeDictOf
          (Proxy :: Proxy Language.Haskell.TH.Syntax.InjectivityAnn)],
       [SomeDictOf (Proxy :: Proxy Language.Haskell.TH.Syntax.Inline)],
       [SomeDictOf (Proxy :: Proxy Language.Haskell.TH.Syntax.Lit)],
       [SomeDictOf (Proxy :: Proxy Language.Haskell.TH.Syntax.Loc)],
       [SomeDictOf (Proxy :: Proxy Language.Haskell.TH.Syntax.Match)],
       [SomeDictOf (Proxy :: Proxy Language.Haskell.TH.Syntax.ModName)],
       [SomeDictOf (Proxy :: Proxy Language.Haskell.TH.Syntax.Module)],
       [SomeDictOf
          (Proxy :: Proxy Language.Haskell.TH.Syntax.ModuleInfo)],
       [SomeDictOf (Proxy :: Proxy Language.Haskell.TH.Syntax.Name)],
       [SomeDictOf
          (Proxy :: Proxy Language.Haskell.TH.Syntax.NameFlavour)],
       [SomeDictOf (Proxy :: Proxy Language.Haskell.TH.Syntax.NameSpace)],
       [SomeDictOf
          (Proxy :: Proxy Language.Haskell.TH.Syntax.NamespaceSpecifier)],
       [SomeDictOf (Proxy :: Proxy Language.Haskell.TH.Syntax.OccName)],
       [SomeDictOf (Proxy :: Proxy Language.Haskell.TH.Syntax.Overlap)],
       [SomeDictOf (Proxy :: Proxy Language.Haskell.TH.Syntax.Pat)],
       [SomeDictOf
          (Proxy :: Proxy Language.Haskell.TH.Syntax.PatSynArgs)],
       [SomeDictOf (Proxy :: Proxy Language.Haskell.TH.Syntax.PatSynDir)],
       [SomeDictOf (Proxy :: Proxy Language.Haskell.TH.Syntax.Phases)],
       [SomeDictOf (Proxy :: Proxy Language.Haskell.TH.Syntax.PkgName)],
       [SomeDictOf (Proxy :: Proxy Language.Haskell.TH.Syntax.Pragma)],
       [SomeDictOf (Proxy :: Proxy Language.Haskell.TH.Syntax.Range)],
       [SomeDictOf (Proxy :: Proxy Language.Haskell.TH.Syntax.Role)],
       [SomeDictOf (Proxy :: Proxy Language.Haskell.TH.Syntax.RuleBndr)],
       [SomeDictOf (Proxy :: Proxy Language.Haskell.TH.Syntax.RuleMatch)],
       [SomeDictOf (Proxy :: Proxy Language.Haskell.TH.Syntax.Safety)],
       [SomeDictOf
          (Proxy :: Proxy Language.Haskell.TH.Syntax.SourceStrictness)],
       [SomeDictOf
          (Proxy :: Proxy Language.Haskell.TH.Syntax.SourceUnpackedness)],
       [SomeDictOf
          (Proxy :: Proxy Language.Haskell.TH.Syntax.Specificity)],
       [SomeDictOf (Proxy :: Proxy Language.Haskell.TH.Syntax.Stmt)],
       [SomeDictOf (Proxy :: Proxy Language.Haskell.TH.Syntax.TyLit)],
       [SomeDictOf (Proxy :: Proxy Language.Haskell.TH.Syntax.TySynEqn)],
       [], [SomeDictOf (Proxy :: Proxy Language.Haskell.TH.Syntax.Type)],
       [SomeDictOf
          (Proxy :: Proxy Language.Haskell.TH.Syntax.TypeFamilyHead)]]
[2 of 2] Compiling Paths_discover_instances
[3 of 3] Linking /tmp/workdir-discover-instances/discover-instances-0.1.0.0/dist-newstyle/build/x86_64-linux/ghc-9.10.2/discover-instances-0.1.0.0/t/discover-instances-test/build/discover-instances-test/discover-instances-test
