Resolving dependencies...
Build profile: -w ghc-9.10.2 -O1
In order, the following will be built (use -v for more details):
 - webgear-core-1.4.0 (lib) (first run)
Configuring library for webgear-core-1.4.0...
Preprocessing library for webgear-core-1.4.0...
Building library for webgear-core-1.4.0...
[ 1 of 19] Compiling WebGear.Core.MIMETypes
[ 2 of 19] Compiling WebGear.Core.Modifiers
[ 3 of 19] Compiling WebGear.Core.Request
[ 4 of 19] Compiling WebGear.Core.Response
[ 5 of 19] Compiling WebGear.Core.Trait
[ 6 of 19] Compiling WebGear.Core.Handler
[ 7 of 19] Compiling WebGear.Core.Handler.Static
[ 8 of 19] Compiling WebGear.Core.Trait.Header
[ 9 of 19] Compiling WebGear.Core.Trait.Cookie
[10 of 19] Compiling WebGear.Core.Trait.Method
[11 of 19] Compiling WebGear.Core.Trait.Path
[12 of 19] Compiling WebGear.Core.Trait.QueryParam
[13 of 19] Compiling WebGear.Core.Trait.Status
[14 of 19] Compiling WebGear.Core.Trait.Body
[15 of 19] Compiling WebGear.Core.Trait.Auth.Common
[16 of 19] Compiling WebGear.Core.Trait.Auth.JWT
[17 of 19] Compiling WebGear.Core.Trait.Auth.Basic
[18 of 19] Compiling WebGear.Core.Traits
[19 of 19] Compiling WebGear.Core
