Resolving dependencies...
Build profile: -w ghc-9.10.2 -O1
In order, the following will be built (use -v for more details):
 - ogma-language-smv-1.7.0 (lib:ogma-language-smv, test:unit-tests) (first run)
[1 of 2] Compiling Main             ( dist-newstyle/build/x86_64-linux/ghc-9.10.2/ogma-language-smv-1.7.0/setup/setup.hs, dist-newstyle/build/x86_64-linux/ghc-9.10.2/ogma-language-smv-1.7.0/setup/Main.o )
[2 of 2] Linking dist-newstyle/build/x86_64-linux/ghc-9.10.2/ogma-language-smv-1.7.0/setup/setup
Configuring ogma-language-smv-1.7.0...
64 rules accepted

Use Alex 3 to compile Language/SMV/LexSMV.x.
writing new file src/Language/SMV/AbsSMV.hs
writing new file src/Language/SMV/PrintSMV.hs
writing new file src/Language/SMV/LexSMV.x
writing new file src/Language/SMV/ParSMV.y
writing new file src/Language/SMV/TestSMV.hs
writing new file src/Language/SMV/ErrM.hs
writing new file src/Language/SMV/SkelSMV.hs
writing new file src/Language/SMV/DocSMV.txt
Preprocessing library for ogma-language-smv-1.7.0...
unused rules: 1
shift/reduce conflicts:  1
reduce/reduce conflicts: 19
Building library for ogma-language-smv-1.7.0...
[1 of 5] Compiling Language.SMV.AbsSMV
[2 of 5] Compiling Language.SMV.LexSMV
[3 of 5] Compiling Language.SMV.ParSMV
[4 of 5] Compiling Language.SMV.PrintSMV
[5 of 5] Compiling Language.SMV.Substitution
Preprocessing test suite 'unit-tests' for ogma-language-smv-1.7.0...
Building test suite 'unit-tests' for ogma-language-smv-1.7.0...
[1 of 1] Compiling Main
[2 of 2] Linking dist-newstyle/build/x86_64-linux/ghc-9.10.2/ogma-language-smv-1.7.0/build/unit-tests/unit-tests
