Resolving dependencies...
Build profile: -w ghc-9.10.2 -O1
In order, the following will be built (use -v for more details):
 - graph-core-0.3.0.0 (lib) (first run)
 - graph-core-0.3.0.0 (test:graph-core-tests) (first run)
Configuring library for graph-core-0.3.0.0...
Preprocessing library for graph-core-0.3.0.0...
Building library for graph-core-0.3.0.0...
[1 of 4] Compiling Data.Core.Graph.NodeManager
[2 of 4] Compiling Data.Core.Graph.PureCore
src/Data/Core/Graph/PureCore.hs:11:1: warning: [GHC-66111] [-Wunused-imports]
    The import of ‘Control.Applicative’ is redundant
      except perhaps to import instances from ‘Control.Applicative’
    To import instances alone, use: import Control.Applicative()
   |
11 | import Control.Applicative hiding (empty)
   | ^^^^^^^^^^^^^^^^^^^^^^^^^^^^^^^^^^^^^^^^^

src/Data/Core/Graph/PureCore.hs:79:42: warning: [GHC-63394] [-Wx-partial]
    In the use of ‘head’
    (imported from Prelude, but defined in GHC.Internal.List):
    "This is a partial function, it throws an error on empty lists. Use pattern matching, 'Data.List.uncons' or 'Data.Maybe.listToMaybe' instead. Consider refactoring to use "Data.List.NonEmpty"."
   |
79 |       mkAdj e = IM.fromList $ map (src . head &&& VU.fromList . map tgt)
   |                                          ^^^^

src/Data/Core/Graph/PureCore.hs:109:18: warning: [GHC-83475] [-Wunused-record-wildcards]
    No variables bound in the record wildcard match are used
    Suggested fix: Omit the ‘..’
    |
109 | neighbors (Graph{..}) adj x = IM.findWithDefault VU.empty x adj
    |                  ^^

src/Data/Core/Graph/PureCore.hs:159:17: warning: [GHC-83475] [-Wunused-record-wildcards]
    No variables bound in the record wildcard match are used
    Suggested fix: Omit the ‘..’
    |
159 | hullImpl (Graph{..}) adj root =
    |                 ^^

[3 of 4] Compiling Data.Core.Graph.Persistence
[4 of 4] Compiling Data.Core.Graph
Configuring test suite 'graph-core-tests' for graph-core-0.3.0.0...
Preprocessing test suite 'graph-core-tests' for graph-core-0.3.0.0...
Building test suite 'graph-core-tests' for graph-core-0.3.0.0...
<no location info>: warning: [GHC-32850] [-Wmissing-home-modules]
    These modules are needed for compilation but not listed in your .cabal file's other-modules for ‘graph-core-0.3.0.0-inplace-graph-core-tests’ :
        Data.Core.Graph
        Data.Core.Graph.NodeManager
        Data.Core.Graph.Persistence
        Data.Core.Graph.PureCore

[1 of 9] Compiling Data.Core.Graph.NodeManager
[2 of 9] Compiling Data.Core.Graph.PureCore
src/Data/Core/Graph/PureCore.hs:11:1: warning: [GHC-66111] [-Wunused-imports]
    The import of ‘Control.Applicative’ is redundant
      except perhaps to import instances from ‘Control.Applicative’
    To import instances alone, use: import Control.Applicative()
   |
11 | import Control.Applicative hiding (empty)
   | ^^^^^^^^^^^^^^^^^^^^^^^^^^^^^^^^^^^^^^^^^

src/Data/Core/Graph/PureCore.hs:79:42: warning: [GHC-63394] [-Wx-partial]
    In the use of ‘head’
    (imported from Prelude, but defined in GHC.Internal.List):
    "This is a partial function, it throws an error on empty lists. Use pattern matching, 'Data.List.uncons' or 'Data.Maybe.listToMaybe' instead. Consider refactoring to use "Data.List.NonEmpty"."
   |
79 |       mkAdj e = IM.fromList $ map (src . head &&& VU.fromList . map tgt)
   |                                          ^^^^

src/Data/Core/Graph/PureCore.hs:109:18: warning: [GHC-83475] [-Wunused-record-wildcards]
    No variables bound in the record wildcard match are used
    Suggested fix: Omit the ‘..’
    |
109 | neighbors (Graph{..}) adj x = IM.findWithDefault VU.empty x adj
    |                  ^^

src/Data/Core/Graph/PureCore.hs:159:17: warning: [GHC-83475] [-Wunused-record-wildcards]
    No variables bound in the record wildcard match are used
    Suggested fix: Omit the ‘..’
    |
159 | hullImpl (Graph{..}) adj root =
    |                 ^^

[3 of 9] Compiling Data.Core.Graph.Persistence
[4 of 9] Compiling Data.Core.Graph
[5 of 9] Compiling Test.Arbitrary
[6 of 9] Compiling Test.Core
[7 of 9] Compiling Test.NodeManager
[8 of 9] Compiling Test.Persistence
[9 of 9] Compiling Main
<no location info>: warning: [GHC-32850] [-Wmissing-home-modules]
    These modules are needed for compilation but not listed in your .cabal file's other-modules for ‘graph-core-0.3.0.0-inplace-graph-core-tests’ :
        Data.Core.Graph
        Data.Core.Graph.NodeManager
        Data.Core.Graph.Persistence
        Data.Core.Graph.PureCore

[10 of 10] Linking dist-newstyle/build/x86_64-linux/ghc-9.10.2/graph-core-0.3.0.0/t/graph-core-tests/build/graph-core-tests/graph-core-tests
