Resolving dependencies...
Build profile: -w ghc-9.10.2 -O1
In order, the following will be built (use -v for more details):
 - tensort-1.1.0.0 (lib) (first run)
 - tensort-1.1.0.0 (test:tensort-test) (first run)
 - tensort-1.1.0.0 (exe:tensort) (first run)
Configuring library for tensort-1.1.0.0...
Preprocessing library for tensort-1.1.0.0...
Building library for tensort-1.1.0.0...
[ 1 of 24] Compiling Data.Tensort.OtherSorts.Mergesort
[ 2 of 24] Compiling Data.Tensort.OtherSorts.Quicksort
[ 3 of 24] Compiling Data.Tensort.Subalgorithms.Bubblesort
[ 4 of 24] Compiling Data.Tensort.Subalgorithms.Exchangesort
[ 5 of 24] Compiling Data.Tensort.Subalgorithms.Rotationsort
src/Data/Tensort/Subalgorithms/Rotationsort.hs:105:9: warning: [GHC-63394] [-Wx-partial]
    In the use of ‘head’
    (imported from Prelude, but defined in GHC.Internal.List):
    "This is a partial function, it throws an error on empty lists. Use pattern matching, 'Data.List.uncons' or 'Data.Maybe.listToMaybe' instead. Consider refactoring to use "Data.List.NonEmpty"."
    |
105 |     x = head xs
    |         ^^^^

[ 6 of 24] Compiling Data.Tensort.Utils.Check
[ 7 of 24] Compiling Data.Tensort.Subalgorithms.Permutationsort
[ 8 of 24] Compiling Data.Tensort.Utils.LogNat
[ 9 of 24] Compiling Data.Tensort.Utils.RandomizeList
[10 of 24] Compiling Data.Tensort.Subalgorithms.Bogosort
[11 of 24] Compiling Data.Tensort.Subalgorithms.Magicsort
[12 of 24] Compiling Data.Tensort.Utils.Split
[13 of 24] Compiling Data.Tensort.Utils.Types
[14 of 24] Compiling Data.Tensort.Utils.SortRecs
src/Data/Tensort/Utils/SortRecs.hs:17:13: warning: [GHC-63394] [-Wx-partial]
    In the use of ‘head’
    (imported from Prelude, but defined in GHC.Internal.List):
    "This is a partial function, it throws an error on empty lists. Use pattern matching, 'Data.List.uncons' or 'Data.Maybe.listToMaybe' instead. Consider refactoring to use "Data.List.NonEmpty"."
   |
17 |   let rec = head $ filter (\(x, _) -> x == topBit) (map fromRecord recs)
   |             ^^^^

[15 of 24] Compiling Data.Tensort.Utils.MkTsProps
[16 of 24] Compiling Data.Tensort.Utils.Convert
[17 of 24] Compiling Data.Tensort.Utils.Compose
[18 of 24] Compiling Data.Tensort.Utils.Render
[19 of 24] Compiling Data.Tensort.Utils.Reduce
[20 of 24] Compiling Data.Tensort.Tensort
[21 of 24] Compiling Data.Tensort
[22 of 24] Compiling Data.Tensort.Subalgorithms.Supersort
[23 of 24] Compiling Data.Tensort.Robustsort
[24 of 24] Compiling Data.Robustsort
Configuring test suite 'tensort-test' for tensort-1.1.0.0...
Preprocessing test suite 'tensort-test' for tensort-1.1.0.0...
Building test suite 'tensort-test' for tensort-1.1.0.0...
[1 of 5] Compiling Test.SortSpec
[2 of 5] Compiling Test.SortingAlgorithms
[3 of 5] Compiling Test.TestCheck
[4 of 5] Compiling Test.QCheck
[5 of 5] Compiling Main
[6 of 6] Linking dist-newstyle/build/x86_64-linux/ghc-9.10.2/tensort-1.1.0.0/t/tensort-test/build/tensort-test/tensort-test
Configuring executable 'tensort' for tensort-1.1.0.0...
Preprocessing executable 'tensort' for tensort-1.1.0.0...
Building executable 'tensort' for tensort-1.1.0.0...
[1 of 1] Compiling Main
[2 of 2] Linking dist-newstyle/build/x86_64-linux/ghc-9.10.2/tensort-1.1.0.0/x/tensort/build/tensort/tensort
