Resolving dependencies...
Build profile: -w ghc-9.10.2 -O1
In order, the following will be built (use -v for more details):
 - data-effects-core-0.4.3.0 (lib) (first run)
 - data-effects-core-0.4.3.0 (test:test) (first run)
Configuring library for data-effects-core-0.4.3.0...
Preprocessing library for data-effects-core-0.4.3.0...
Building library for data-effects-core-0.4.3.0...
[1 of 8] Compiling Data.Effect.HFunctor
[2 of 8] Compiling Data.Effect
[3 of 8] Compiling Data.Effect.Tag
[4 of 8] Compiling Data.Effect.OpenUnion
[5 of 8] Compiling Control.Effect
[6 of 8] Compiling Data.Effect.HFunctor.HCont
[7 of 8] Compiling Control.Effect.Interpret
[8 of 8] Compiling Control.Effect.Transform
Configuring test suite 'test' for data-effects-core-0.4.3.0...
Preprocessing test suite 'test' for data-effects-core-0.4.3.0...
Building test suite 'test' for data-effects-core-0.4.3.0...
[1 of 2] Compiling OpenUnion
[2 of 2] Compiling Main
[3 of 3] Linking /tmp/workdir-data-effects-core/data-effects-core-0.4.3.0/dist-newstyle/build/x86_64-linux/ghc-9.10.2/data-effects-core-0.4.3.0/t/test/build/test/test
