Resolving dependencies...
Build profile: -w ghc-9.10.2 -O1
In order, the following will be built (use -v for more details):
 - Diff-1.0.2 (lib) (first run)
 - Diff-1.0.2 (test:diff-tests) (first run)
Configuring library for Diff-1.0.2...
Preprocessing library for Diff-1.0.2...
Building library for Diff-1.0.2...
[1 of 3] Compiling Data.Algorithm.Diff
src/Data/Algorithm/Diff.hs:69:9: warning: [GHC-62161] [-Wincomplete-uni-patterns]
    Pattern match(es) are non-exhaustive
    In a pattern binding: Patterns of type ‘[DL]’ not matched: []
   |
69 |   where (hd:rst) = nextDLs dls
   |         ^^^^^^^^^^^^^^^^^^^^^^

src/Data/Algorithm/Diff.hs:87:23: warning: [GHC-63394] [-Wx-partial]
    In the use of ‘head’
    (imported from Prelude, but defined in GHC.Internal.List):
    "This is a partial function, it throws an error on empty lists. Use pattern matching, 'Data.List.uncons' or 'Data.Maybe.listToMaybe' instead. Consider refactoring to use "Data.List.NonEmpty"."
   |
87 | lcs eq as bs = path . head . dropWhile (\dl -> poi dl /= lena || poj dl /= lenb) .
   |                       ^^^^

[2 of 3] Compiling Data.Algorithm.DiffContext
[3 of 3] Compiling Data.Algorithm.DiffOutput
Configuring test suite 'diff-tests' for Diff-1.0.2...
Preprocessing test suite 'diff-tests' for Diff-1.0.2...
Building test suite 'diff-tests' for Diff-1.0.2...
[1 of 1] Compiling Main
[2 of 2] Linking dist-newstyle/build/x86_64-linux/ghc-9.10.2/Diff-1.0.2/t/diff-tests/build/diff-tests/diff-tests
