Resolving dependencies...
Build profile: -w ghc-9.10.2 -O1
In order, the following will be built (use -v for more details):
 - matrix-as-xyz-0.1.2.2 (lib) (first run)
 - matrix-as-xyz-0.1.2.2 (test:matrix-as-xyz-test) (first run)
 - matrix-as-xyz-0.1.2.2 (test:doctest) (first run)
Configuring library for matrix-as-xyz-0.1.2.2...
Preprocessing library for matrix-as-xyz-0.1.2.2...
Building library for matrix-as-xyz-0.1.2.2...
[1 of 8] Compiling Data.Matrix.AsXYZ.Common
src/Data/Matrix/AsXYZ/Common.hs:67:13: warning: [GHC-63394] [-Wx-partial]
    In the use of ‘head’
    (imported from Prelude, but defined in GHC.Internal.List):
    "This is a partial function, it throws an error on empty lists. Use pattern matching, 'Data.List.uncons' or 'Data.Maybe.listToMaybe' instead. Consider refactoring to use "Data.List.NonEmpty"."
   |
67 |         h = head hh
   |             ^^^^

[2 of 8] Compiling Data.Matrix.AsXYZ.Plain
[3 of 8] Compiling Data.Ratio.ParseFloat
[4 of 8] Compiling Data.Ratio.Slash
[5 of 8] Compiling Data.Matrix.AsXYZ.ParseXYZ
[6 of 8] Compiling Data.Matrix.AsXYZ.ParseXY
[7 of 8] Compiling Data.Matrix.AsXYZ
[8 of 8] Compiling Paths_matrix_as_xyz
Configuring test suite 'matrix-as-xyz-test' for matrix-as-xyz-0.1.2.2...
Preprocessing test suite 'matrix-as-xyz-test' for matrix-as-xyz-0.1.2.2...
Building test suite 'matrix-as-xyz-test' for matrix-as-xyz-0.1.2.2...
[1 of 5] Compiling AsXYSpec
[2 of 5] Compiling AsXYZSpec
[3 of 5] Compiling Paths_matrix_as_xyz
[4 of 5] Compiling SlashSpec
[5 of 5] Compiling Main
[6 of 6] Linking dist-newstyle/build/x86_64-linux/ghc-9.10.2/matrix-as-xyz-0.1.2.2/t/matrix-as-xyz-test/build/matrix-as-xyz-test/matrix-as-xyz-test
Configuring test suite 'doctest' for matrix-as-xyz-0.1.2.2...
Preprocessing test suite 'doctest' for matrix-as-xyz-0.1.2.2...
Building test suite 'doctest' for matrix-as-xyz-0.1.2.2...
[1 of 2] Compiling Main
[2 of 2] Compiling Paths_matrix_as_xyz
[3 of 3] Linking dist-newstyle/build/x86_64-linux/ghc-9.10.2/matrix-as-xyz-0.1.2.2/t/doctest/build/doctest/doctest
