Resolving dependencies...
Build profile: -w ghc-9.10.2 -O1
In order, the following will be built (use -v for more details):
 - gogol-games-configuration-1.0.0 (lib) (first run)
Configuring library for gogol-games-configuration-1.0.0...
Warning: [git-protocol] Cloning over git:// might lead to an arbitrary code
execution vulnerability. Furthermore, popular forges like GitHub do not
support it. Use https:// or ssh:// instead.
Preprocessing library for gogol-games-configuration-1.0.0...
Building library for gogol-games-configuration-1.0.0...
[ 1 of 14] Compiling Gogol.GamesConfiguration.Internal.Sum
[ 2 of 14] Compiling Gogol.GamesConfiguration.Internal.Product
[ 3 of 14] Compiling Gogol.GamesConfiguration.Types
[ 4 of 14] Compiling Gogol.GamesConfiguration.LeaderboardConfigurations.Update
[ 5 of 14] Compiling Gogol.GamesConfiguration.LeaderboardConfigurations.List
[ 6 of 14] Compiling Gogol.GamesConfiguration.LeaderboardConfigurations.Insert
[ 7 of 14] Compiling Gogol.GamesConfiguration.LeaderboardConfigurations.Get
[ 8 of 14] Compiling Gogol.GamesConfiguration.LeaderboardConfigurations.Delete
[ 9 of 14] Compiling Gogol.GamesConfiguration.AchievementConfigurations.Update
[10 of 14] Compiling Gogol.GamesConfiguration.AchievementConfigurations.List
[11 of 14] Compiling Gogol.GamesConfiguration.AchievementConfigurations.Insert
[12 of 14] Compiling Gogol.GamesConfiguration.AchievementConfigurations.Get
[13 of 14] Compiling Gogol.GamesConfiguration.AchievementConfigurations.Delete
[14 of 14] Compiling Gogol.GamesConfiguration
