Resolving dependencies...
Build profile: -w ghc-9.10.2 -O1
In order, the following will be built (use -v for more details):
 - skylighting-0.14.6 (lib) (first run)
Configuring library for skylighting-0.14.6...
Preprocessing library for skylighting-0.14.6...
Building library for skylighting-0.14.6...
[  1 of 165] Compiling Skylighting.Syntax.Abc
[  2 of 165] Compiling Skylighting.Syntax.Actionscript
[  3 of 165] Compiling Skylighting.Syntax.Ada
[  4 of 165] Compiling Skylighting.Syntax.Agda
[  5 of 165] Compiling Skylighting.Syntax.Alert
[  6 of 165] Compiling Skylighting.Syntax.Apache
[  7 of 165] Compiling Skylighting.Syntax.Asn1
[  8 of 165] Compiling Skylighting.Syntax.Asp
[  9 of 165] Compiling Skylighting.Syntax.Ats
[ 10 of 165] Compiling Skylighting.Syntax.Awk
[ 11 of 165] Compiling Skylighting.Syntax.Bash
[ 12 of 165] Compiling Skylighting.Syntax.Bibtex
[ 13 of 165] Compiling Skylighting.Syntax.Boo
[ 14 of 165] Compiling Skylighting.Syntax.C
[ 15 of 165] Compiling Skylighting.Syntax.Changelog
[ 16 of 165] Compiling Skylighting.Syntax.Clojure
[ 17 of 165] Compiling Skylighting.Syntax.Cmake
[ 18 of 165] Compiling Skylighting.Syntax.Coffee
[ 19 of 165] Compiling Skylighting.Syntax.Coldfusion
[ 20 of 165] Compiling Skylighting.Syntax.Comments
[ 21 of 165] Compiling Skylighting.Syntax.Commonlisp
[ 22 of 165] Compiling Skylighting.Syntax.Cpp
[ 23 of 165] Compiling Skylighting.Syntax.Crystal
[ 24 of 165] Compiling Skylighting.Syntax.Cs
[ 25 of 165] Compiling Skylighting.Syntax.Css
[ 26 of 165] Compiling Skylighting.Syntax.Curry
[ 27 of 165] Compiling Skylighting.Syntax.D
[ 28 of 165] Compiling Skylighting.Syntax.Dart
[ 29 of 165] Compiling Skylighting.Syntax.Debiancontrol
[ 30 of 165] Compiling Skylighting.Syntax.Default
[ 31 of 165] Compiling Skylighting.Syntax.Diff
[ 32 of 165] Compiling Skylighting.Syntax.Djangotemplate
[ 33 of 165] Compiling Skylighting.Syntax.Dockerfile
[ 34 of 165] Compiling Skylighting.Syntax.Dosbat
[ 35 of 165] Compiling Skylighting.Syntax.Dot
[ 36 of 165] Compiling Skylighting.Syntax.Doxygen
[ 37 of 165] Compiling Skylighting.Syntax.Doxygenlua
[ 38 of 165] Compiling Skylighting.Syntax.Dtd
[ 39 of 165] Compiling Skylighting.Syntax.Eiffel
[ 40 of 165] Compiling Skylighting.Syntax.Elixir
[ 41 of 165] Compiling Skylighting.Syntax.Elm
[ 42 of 165] Compiling Skylighting.Syntax.Email
[ 43 of 165] Compiling Skylighting.Syntax.Erlang
[ 44 of 165] Compiling Skylighting.Syntax.Fasm
[ 45 of 165] Compiling Skylighting.Syntax.FortranFixed
[ 46 of 165] Compiling Skylighting.Syntax.FortranFree
[ 47 of 165] Compiling Skylighting.Syntax.Fsharp
[ 48 of 165] Compiling Skylighting.Syntax.Gap
[ 49 of 165] Compiling Skylighting.Syntax.Gcc
[ 50 of 165] Compiling Skylighting.Syntax.GdScript
[ 51 of 165] Compiling Skylighting.Syntax.Glsl
[ 52 of 165] Compiling Skylighting.Syntax.Gnuassembler
[ 53 of 165] Compiling Skylighting.Syntax.Go
[ 54 of 165] Compiling Skylighting.Syntax.Gpr
[ 55 of 165] Compiling Skylighting.Syntax.Graphql
[ 56 of 165] Compiling Skylighting.Syntax.Groovy
[ 57 of 165] Compiling Skylighting.Syntax.Hamlet
[ 58 of 165] Compiling Skylighting.Syntax.Haskell
[ 59 of 165] Compiling Skylighting.Syntax.Haxe
[ 60 of 165] Compiling Skylighting.Syntax.Html
[ 61 of 165] Compiling Skylighting.Syntax.Idris
[ 62 of 165] Compiling Skylighting.Syntax.Ini
[ 63 of 165] Compiling Skylighting.Syntax.Isocpp
[ 64 of 165] Compiling Skylighting.Syntax.J
[ 65 of 165] Compiling Skylighting.Syntax.Java
[ 66 of 165] Compiling Skylighting.Syntax.Javadoc
[ 67 of 165] Compiling Skylighting.Syntax.Javascript
[ 68 of 165] Compiling Skylighting.Syntax.JavascriptReact
[ 69 of 165] Compiling Skylighting.Syntax.Json
[ 70 of 165] Compiling Skylighting.Syntax.Jsp
[ 71 of 165] Compiling Skylighting.Syntax.Julia
[ 72 of 165] Compiling Skylighting.Syntax.Kotlin
[ 73 of 165] Compiling Skylighting.Syntax.Latex
[ 74 of 165] Compiling Skylighting.Syntax.Lex
[ 75 of 165] Compiling Skylighting.Syntax.Lilypond
[ 76 of 165] Compiling Skylighting.Syntax.LiterateCurry
[ 77 of 165] Compiling Skylighting.Syntax.LiterateHaskell
[ 78 of 165] Compiling Skylighting.Syntax.Llvm
[ 79 of 165] Compiling Skylighting.Syntax.Lua
[ 80 of 165] Compiling Skylighting.Syntax.M4
[ 81 of 165] Compiling Skylighting.Syntax.Makefile
[ 82 of 165] Compiling Skylighting.Syntax.Mandoc
[ 83 of 165] Compiling Skylighting.Syntax.Markdown
[ 84 of 165] Compiling Skylighting.Syntax.Mathematica
[ 85 of 165] Compiling Skylighting.Syntax.Matlab
[ 86 of 165] Compiling Skylighting.Syntax.Maxima
[ 87 of 165] Compiling Skylighting.Syntax.Mediawiki
[ 88 of 165] Compiling Skylighting.Syntax.Metafont
[ 89 of 165] Compiling Skylighting.Syntax.Mips
[ 90 of 165] Compiling Skylighting.Syntax.Modelines
[ 91 of 165] Compiling Skylighting.Syntax.Modula2
[ 92 of 165] Compiling Skylighting.Syntax.Modula3
[ 93 of 165] Compiling Skylighting.Syntax.Monobasic
[ 94 of 165] Compiling Skylighting.Syntax.Mustache
[ 95 of 165] Compiling Skylighting.Syntax.Nasm
[ 96 of 165] Compiling Skylighting.Syntax.Nim
[ 97 of 165] Compiling Skylighting.Syntax.Nix
[ 98 of 165] Compiling Skylighting.Syntax.Noweb
[ 99 of 165] Compiling Skylighting.Syntax.Objectivec
[100 of 165] Compiling Skylighting.Syntax.Objectivecpp
[101 of 165] Compiling Skylighting.Syntax.Ocaml
[102 of 165] Compiling Skylighting.Syntax.Octave
[103 of 165] Compiling Skylighting.Syntax.Odin
[104 of 165] Compiling Skylighting.Syntax.Opencl
[105 of 165] Compiling Skylighting.Syntax.Orgmode
[106 of 165] Compiling Skylighting.Syntax.Pascal
[107 of 165] Compiling Skylighting.Syntax.Perl
[108 of 165] Compiling Skylighting.Syntax.Php
[109 of 165] Compiling Skylighting.Syntax.Pike
[110 of 165] Compiling Skylighting.Syntax.Postscript
[111 of 165] Compiling Skylighting.Syntax.Povray
[112 of 165] Compiling Skylighting.Syntax.Powershell
[113 of 165] Compiling Skylighting.Syntax.Prolog
[114 of 165] Compiling Skylighting.Syntax.Protobuf
[115 of 165] Compiling Skylighting.Syntax.Pure
[116 of 165] Compiling Skylighting.Syntax.Purebasic
[117 of 165] Compiling Skylighting.Syntax.Purescript
[118 of 165] Compiling Skylighting.Syntax.Python
[119 of 165] Compiling Skylighting.Syntax.Qml
[120 of 165] Compiling Skylighting.Syntax.R
[121 of 165] Compiling Skylighting.Syntax.Racket
[122 of 165] Compiling Skylighting.Syntax.Raku
[123 of 165] Compiling Skylighting.Syntax.Relaxng
[124 of 165] Compiling Skylighting.Syntax.Relaxngcompact
[125 of 165] Compiling Skylighting.Syntax.Rest
[126 of 165] Compiling Skylighting.Syntax.Rhtml
[127 of 165] Compiling Skylighting.Syntax.Roff
[128 of 165] Compiling Skylighting.Syntax.Ruby
[129 of 165] Compiling Skylighting.Syntax.Rust
[130 of 165] Compiling Skylighting.Syntax.Sass
[131 of 165] Compiling Skylighting.Syntax.Scala
[132 of 165] Compiling Skylighting.Syntax.Scheme
[133 of 165] Compiling Skylighting.Syntax.Sci
[134 of 165] Compiling Skylighting.Syntax.Scss
[135 of 165] Compiling Skylighting.Syntax.Sed
[136 of 165] Compiling Skylighting.Syntax.Sgml
[137 of 165] Compiling Skylighting.Syntax.Sml
[138 of 165] Compiling Skylighting.Syntax.SpdxComments
[139 of 165] Compiling Skylighting.Syntax.Sql
[140 of 165] Compiling Skylighting.Syntax.SqlMysql
[141 of 165] Compiling Skylighting.Syntax.SqlPostgresql
[142 of 165] Compiling Skylighting.Syntax.Stan
[143 of 165] Compiling Skylighting.Syntax.Stata
[144 of 165] Compiling Skylighting.Syntax.Swift
[145 of 165] Compiling Skylighting.Syntax.Systemverilog
[146 of 165] Compiling Skylighting.Syntax.Tcl
[147 of 165] Compiling Skylighting.Syntax.Tcsh
[148 of 165] Compiling Skylighting.Syntax.Terraform
[149 of 165] Compiling Skylighting.Syntax.Texinfo
[150 of 165] Compiling Skylighting.Syntax.Tlaplus
[151 of 165] Compiling Skylighting.Syntax.Toml
[152 of 165] Compiling Skylighting.Syntax.Typescript
[153 of 165] Compiling Skylighting.Syntax.Typst
[154 of 165] Compiling Skylighting.Syntax.Verilog
[155 of 165] Compiling Skylighting.Syntax.Vhdl
[156 of 165] Compiling Skylighting.Syntax.Xml
[157 of 165] Compiling Skylighting.Syntax.Xorg
[158 of 165] Compiling Skylighting.Syntax.Xslt
[159 of 165] Compiling Skylighting.Syntax.Xul
[160 of 165] Compiling Skylighting.Syntax.Yacc
[161 of 165] Compiling Skylighting.Syntax.Yaml
[162 of 165] Compiling Skylighting.Syntax.Zig
[163 of 165] Compiling Skylighting.Syntax.Zsh
[164 of 165] Compiling Skylighting.Syntax
[165 of 165] Compiling Skylighting
