Build profile: -w ghc-9.6.5 -O1
In order, the following will be built (use -v for more details):
 - gi-gdkpixbuf-2.0.31 (lib:gi-gdkpixbuf) (first run)
[1 of 2] Compiling Main             ( /tmp/workdir-gi-gdkpixbuf/gi-gdkpixbuf-2.0.31/dist-newstyle/build/x86_64-linux/ghc-9.6.5/gi-gdkpixbuf-2.0.31/setup/setup.hs, /tmp/workdir-gi-gdkpixbuf/gi-gdkpixbuf-2.0.31/dist-newstyle/build/x86_64-linux/ghc-9.6.5/gi-gdkpixbuf-2.0.31/setup/Main.o )
[2 of 2] Linking /tmp/workdir-gi-gdkpixbuf/gi-gdkpixbuf-2.0.31/dist-newstyle/build/x86_64-linux/ghc-9.6.5/gi-gdkpixbuf-2.0.31/setup/setup
Configuring gi-gdkpixbuf-2.0.31...
Preprocessing library for gi-gdkpixbuf-2.0.31..
Building library for gi-gdkpixbuf-2.0.31..
[ 1 of 30] Compiling GI.GdkPixbuf.Config
[ 2 of 30] Compiling GI.GdkPixbuf.Constants
[ 3 of 30] Compiling GI.GdkPixbuf.Enums[boot]
[ 4 of 30] Compiling GI.GdkPixbuf.Enums
[ 5 of 30] Compiling GI.GdkPixbuf.Flags[boot]
[ 6 of 30] Compiling GI.GdkPixbuf.Flags
[ 7 of 30] Compiling GI.GdkPixbuf.Structs.PixbufModulePattern[boot]
[ 8 of 30] Compiling GI.GdkPixbuf.Structs.PixbufModulePattern
[ 9 of 30] Compiling GI.GdkPixbuf.Structs.PixbufFormat[boot]
[10 of 30] Compiling GI.GdkPixbuf.Structs.PixbufFormat
[11 of 30] Compiling GI.GdkPixbuf.Objects.Pixbuf[boot]
[12 of 30] Compiling GI.GdkPixbuf.Objects.PixbufAnimationIter[boot]
[13 of 30] Compiling GI.GdkPixbuf.Objects.PixbufAnimationIter
[14 of 30] Compiling GI.GdkPixbuf.Objects.PixbufAnimation[boot]
[15 of 30] Compiling GI.GdkPixbuf.Objects.PixbufAnimation
[16 of 30] Compiling GI.GdkPixbuf.Structs.PixbufModule[boot]
[17 of 30] Compiling GI.GdkPixbuf.Callbacks
[18 of 30] Compiling GI.GdkPixbuf.Objects.Pixbuf
[19 of 30] Compiling GI.GdkPixbuf.Structs.PixbufModule
[20 of 30] Compiling GI.GdkPixbuf.Objects.PixbufSimpleAnimIter[boot]
[21 of 30] Compiling GI.GdkPixbuf.Objects.PixbufSimpleAnimIter
[22 of 30] Compiling GI.GdkPixbuf.Objects.PixbufSimpleAnim[boot]
[23 of 30] Compiling GI.GdkPixbuf.Objects.PixbufSimpleAnim
[24 of 30] Compiling GI.GdkPixbuf.Objects.PixbufNonAnim[boot]
[25 of 30] Compiling GI.GdkPixbuf.Objects.PixbufNonAnim
[26 of 30] Compiling GI.GdkPixbuf.Objects.PixbufLoader[boot]
[27 of 30] Compiling GI.GdkPixbuf.Objects.PixbufLoader
[28 of 30] Compiling GI.GdkPixbuf.Objects
[29 of 30] Compiling GI.GdkPixbuf.Structs
[30 of 30] Compiling GI.GdkPixbuf
