Resolving dependencies...
Build profile: -w ghc-9.10.2 -O1
In order, the following will be built (use -v for more details):
 - tasty-quickcheck-0.11.1 (lib) (first run)
 - tasty-quickcheck-0.11.1 (test:test) (first run)
Configuring library for tasty-quickcheck-0.11.1...
Preprocessing library for tasty-quickcheck-0.11.1...
Building library for tasty-quickcheck-0.11.1...
[1 of 1] Compiling Test.Tasty.QuickCheck
Configuring test suite 'test' for tasty-quickcheck-0.11.1...
Preprocessing test suite 'test' for tasty-quickcheck-0.11.1...
Building test suite 'test' for tasty-quickcheck-0.11.1...
[1 of 1] Compiling Main
tests/test.hs:73:18: warning: [GHC-63397] [-Wname-shadowing]
    This binding for ‘resultDetailsPrinter’ shadows the existing binding
      bound at tests/test.hs:64:18
   |
73 |           Result{..} <- runReplayWithSeed seedSz $ \x -> x /= (2 :: Int)
   |                  ^^

tests/test.hs:73:18: warning: [GHC-63397] [-Wname-shadowing]
    This binding for ‘resultTime’ shadows the existing binding
      bound at tests/test.hs:64:18
   |
73 |           Result{..} <- runReplayWithSeed seedSz $ \x -> x /= (2 :: Int)
   |                  ^^

tests/test.hs:73:18: warning: [GHC-63397] [-Wname-shadowing]
    This binding for ‘resultShortDescription’ shadows the existing binding
      bound at tests/test.hs:64:18
   |
73 |           Result{..} <- runReplayWithSeed seedSz $ \x -> x /= (2 :: Int)
   |                  ^^

tests/test.hs:73:18: warning: [GHC-63397] [-Wname-shadowing]
    This binding for ‘resultDescription’ shadows the existing binding
      bound at tests/test.hs:64:18
   |
73 |           Result{..} <- runReplayWithSeed seedSz $ \x -> x /= (2 :: Int)
   |                  ^^

tests/test.hs:73:18: warning: [GHC-63397] [-Wname-shadowing]
    This binding for ‘resultOutcome’ shadows the existing binding
      bound at tests/test.hs:64:18
   |
73 |           Result{..} <- runReplayWithSeed seedSz $ \x -> x /= (2 :: Int)
   |                  ^^

[2 of 2] Linking /tmp/workdir-tasty-quickcheck/tasty-quickcheck-0.11.1/dist-newstyle/build/x86_64-linux/ghc-9.10.2/tasty-quickcheck-0.11.1/t/test/build/test/test
