Resolving dependencies...
Build profile: -w ghc-9.10.2 -O1
In order, the following will be built (use -v for more details):
 - binary-conduit-1.3.1 (lib) (first run)
 - binary-conduit-1.3.1 (test:test-binary-conduit) (first run)
Configuring library for binary-conduit-1.3.1...
Warning: [git-protocol] Cloning over git:// might lead to an arbitrary code
execution vulnerability. Furthermore, popular forges like GitHub do not
support it. Use https:// or ssh:// instead.
Preprocessing library for binary-conduit-1.3.1...
Building library for binary-conduit-1.3.1...
[1 of 1] Compiling Data.Conduit.Serialization.Binary
Configuring test suite 'test-binary-conduit' for binary-conduit-1.3.1...
Warning: [git-protocol] Cloning over git:// might lead to an arbitrary code
execution vulnerability. Furthermore, popular forges like GitHub do not
support it. Use https:// or ssh:// instead.
Preprocessing test suite 'test-binary-conduit' for binary-conduit-1.3.1...
Building test suite 'test-binary-conduit' for binary-conduit-1.3.1...
[1 of 1] Compiling Main
[2 of 2] Linking dist-newstyle/build/x86_64-linux/ghc-9.10.2/binary-conduit-1.3.1/t/test-binary-conduit/build/test-binary-conduit/test-binary-conduit
