Resolving dependencies...
Build profile: -w ghc-9.10.2 -O1
In order, the following will be built (use -v for more details):
 - http2-5.3.10 (lib) (first run)
 - http2-5.3.10 (test:spec) (first run)
 - http2-5.3.10 (test:hpack) (first run)
 - http2-5.3.10 (test:frame) (first run)
Configuring library for http2-5.3.10...
Preprocessing library for http2-5.3.10...
Building library for http2-5.3.10...
[ 1 of 48] Compiling Imports
[ 2 of 48] Compiling Network.HPACK.Builder
[ 3 of 48] Compiling Network.HPACK.HeaderBlock.Integer
[ 4 of 48] Compiling Network.HPACK.Huffman.Bit
[ 5 of 48] Compiling Network.HPACK.Huffman.ByteString
[ 6 of 48] Compiling Network.HPACK.Huffman.Params
[ 7 of 48] Compiling Network.HPACK.Huffman.Table
[ 8 of 48] Compiling Network.HPACK.Huffman.Encode
[ 9 of 48] Compiling Network.HPACK.Huffman.Tree
[10 of 48] Compiling Network.HPACK.Token
[11 of 48] Compiling Network.HPACK.Types
[12 of 48] Compiling Network.HPACK.Table.Entry
[13 of 48] Compiling Network.HPACK.Table.Static
[14 of 48] Compiling Network.HPACK.Table.RevIndex
[15 of 48] Compiling Network.HPACK.Huffman.Decode
[16 of 48] Compiling Network.HPACK.Huffman
[17 of 48] Compiling Network.HPACK.Table.Dynamic
[18 of 48] Compiling Network.HPACK.Table
[19 of 48] Compiling Network.HPACK.HeaderBlock.Encode
[20 of 48] Compiling Network.HPACK.HeaderBlock.Decode
[21 of 48] Compiling Network.HPACK.Internal
[22 of 48] Compiling Network.HPACK.HeaderBlock
[23 of 48] Compiling Network.HPACK
[24 of 48] Compiling Network.HTTP2.Frame.Types
[25 of 48] Compiling Network.HTTP2.Frame.Encode
[26 of 48] Compiling Network.HTTP2.Frame.Decode
[27 of 48] Compiling Network.HTTP2.Frame
[28 of 48] Compiling Network.HTTP2.H2.EncodeFrame
[29 of 48] Compiling Network.HTTP2.H2.Settings
[30 of 48] Compiling Network.HTTP2.H2.Types
[31 of 48] Compiling Network.HTTP2.H2.StreamTable
[32 of 48] Compiling Network.HTTP2.H2.Stream
[33 of 48] Compiling Network.HTTP2.H2.Queue
[34 of 48] Compiling Network.HTTP2.H2.Context
[35 of 48] Compiling Network.HTTP2.H2.Sync
[36 of 48] Compiling Network.HTTP2.H2.HPACK
[37 of 48] Compiling Network.HTTP2.H2.Config
[38 of 48] Compiling Network.HTTP2.H2.Window
[39 of 48] Compiling Network.HTTP2.H2.Sender
[40 of 48] Compiling Network.HTTP2.H2.Receiver
[41 of 48] Compiling Network.HTTP2.H2
[42 of 48] Compiling Network.HTTP2.Client.Run
[43 of 48] Compiling Network.HTTP2.Client.Internal
[44 of 48] Compiling Network.HTTP2.Client
[45 of 48] Compiling Network.HTTP2.Server.Worker
[46 of 48] Compiling Network.HTTP2.Server.Run
[47 of 48] Compiling Network.HTTP2.Server.Internal
[48 of 48] Compiling Network.HTTP2.Server
Configuring test suite 'spec' for http2-5.3.10...
Preprocessing test suite 'spec' for http2-5.3.10...
Building test suite 'spec' for http2-5.3.10...
[1 of 9] Compiling HPACK.EncodeSpec
[2 of 9] Compiling HPACK.HeaderBlock
[3 of 9] Compiling HPACK.DecodeSpec
[4 of 9] Compiling HPACK.HuffmanSpec
[5 of 9] Compiling HPACK.IntegerSpec
[6 of 9] Compiling HTTP2.ClientSpec
[7 of 9] Compiling HTTP2.FrameSpec
[8 of 9] Compiling HTTP2.ServerSpec
[9 of 9] Compiling Main
[10 of 10] Linking /tmp/workdir-http2/http2-5.3.10/dist-newstyle/build/x86_64-linux/ghc-9.10.2/http2-5.3.10/t/spec/build/spec/spec
Configuring test suite 'hpack' for http2-5.3.10...
Preprocessing test suite 'hpack' for http2-5.3.10...
Building test suite 'hpack' for http2-5.3.10...
[1 of 4] Compiling JSON
[2 of 4] Compiling HPACKDecode
[3 of 4] Compiling HPACKSpec
[4 of 4] Compiling Main
[5 of 5] Linking /tmp/workdir-http2/http2-5.3.10/dist-newstyle/build/x86_64-linux/ghc-9.10.2/http2-5.3.10/t/hpack/build/hpack/hpack
Configuring test suite 'frame' for http2-5.3.10...
Preprocessing test suite 'frame' for http2-5.3.10...
Building test suite 'frame' for http2-5.3.10...
[1 of 4] Compiling JSON
[2 of 4] Compiling FrameSpec
[3 of 4] Compiling Case
[4 of 4] Compiling Main
[5 of 5] Linking /tmp/workdir-http2/http2-5.3.10/dist-newstyle/build/x86_64-linux/ghc-9.10.2/http2-5.3.10/t/frame/build/frame/frame
