Resolving dependencies...
Build profile: -w ghc-9.10.2 -O1
In order, the following will be built (use -v for more details):
 - gogol-apps-reseller-1.0.0 (lib) (first run)
Configuring library for gogol-apps-reseller-1.0.0...
Preprocessing library for gogol-apps-reseller-1.0.0...
Building library for gogol-apps-reseller-1.0.0...
[ 1 of 21] Compiling Gogol.AppsReseller.Internal.Sum
[ 2 of 21] Compiling Gogol.AppsReseller.Internal.Product
[ 3 of 21] Compiling Gogol.AppsReseller.Types
[ 4 of 21] Compiling Gogol.AppsReseller.Reseller.Subscriptions.Suspend
[ 5 of 21] Compiling Gogol.AppsReseller.Reseller.Subscriptions.StartPaidService
[ 6 of 21] Compiling Gogol.AppsReseller.Reseller.Subscriptions.List
[ 7 of 21] Compiling Gogol.AppsReseller.Reseller.Subscriptions.Insert
[ 8 of 21] Compiling Gogol.AppsReseller.Reseller.Subscriptions.Get
[ 9 of 21] Compiling Gogol.AppsReseller.Reseller.Subscriptions.Delete
[10 of 21] Compiling Gogol.AppsReseller.Reseller.Subscriptions.ChangeSeats
[11 of 21] Compiling Gogol.AppsReseller.Reseller.Subscriptions.ChangeRenewalSettings
[12 of 21] Compiling Gogol.AppsReseller.Reseller.Subscriptions.ChangePlan
[13 of 21] Compiling Gogol.AppsReseller.Reseller.Subscriptions.Activate
[14 of 21] Compiling Gogol.AppsReseller.Reseller.Resellernotify.Unregister
[15 of 21] Compiling Gogol.AppsReseller.Reseller.Resellernotify.Register
[16 of 21] Compiling Gogol.AppsReseller.Reseller.Resellernotify.Getwatchdetails
[17 of 21] Compiling Gogol.AppsReseller.Reseller.Customers.Update
[18 of 21] Compiling Gogol.AppsReseller.Reseller.Customers.Patch
[19 of 21] Compiling Gogol.AppsReseller.Reseller.Customers.Insert
[20 of 21] Compiling Gogol.AppsReseller.Reseller.Customers.Get
[21 of 21] Compiling Gogol.AppsReseller
