Resolving dependencies...
Build profile: -w ghc-9.10.2 -O1
In order, the following will be built (use -v for more details):
 - pandoc-plot-1.9.1 (lib) (first run)
 - pandoc-plot-1.9.1 (test:tests) (first run)
 - pandoc-plot-1.9.1 (exe:pandoc-plot) (first run)
Configuring library for pandoc-plot-1.9.1...
Preprocessing library for pandoc-plot-1.9.1...
Building library for pandoc-plot-1.9.1...
[ 1 of 30] Compiling Paths_pandoc_plot
[ 2 of 30] Compiling Text.Pandoc.Filter.Plot.Monad.Logging
[ 3 of 30] Compiling Text.Pandoc.Filter.Plot.Monad.Types
[ 4 of 30] Compiling Text.Pandoc.Filter.Plot.Monad
[ 5 of 30] Compiling Text.Pandoc.Filter.Plot.Configuration
[ 6 of 30] Compiling Text.Pandoc.Filter.Plot.Renderers.Prelude
[ 7 of 30] Compiling Text.Pandoc.Filter.Plot.Renderers.Plotsjl
[ 8 of 30] Compiling Text.Pandoc.Filter.Plot.Renderers.PlotlyR
[ 9 of 30] Compiling Text.Pandoc.Filter.Plot.Renderers.PlotlyPython
[10 of 30] Compiling Text.Pandoc.Filter.Plot.Renderers.PlantUML
[11 of 30] Compiling Text.Pandoc.Filter.Plot.Renderers.Octave
[12 of 30] Compiling Text.Pandoc.Filter.Plot.Renderers.Mermaid
[13 of 30] Compiling Text.Pandoc.Filter.Plot.Renderers.Matplotlib
[14 of 30] Compiling Text.Pandoc.Filter.Plot.Renderers.Matlab
[15 of 30] Compiling Text.Pandoc.Filter.Plot.Renderers.Mathematica
[16 of 30] Compiling Text.Pandoc.Filter.Plot.Renderers.Graphviz
[17 of 30] Compiling Text.Pandoc.Filter.Plot.Renderers.GNUPlot
[18 of 30] Compiling Text.Pandoc.Filter.Plot.Renderers.GGPlot2
[19 of 30] Compiling Text.Pandoc.Filter.Plot.Renderers.D2
[20 of 30] Compiling Text.Pandoc.Filter.Plot.Renderers.Bokeh
[21 of 30] Compiling Text.Pandoc.Filter.Plot.Renderers.Asymptote
[22 of 30] Compiling Text.Pandoc.Filter.Plot.Renderers.SageMath
[23 of 30] Compiling Text.Pandoc.Filter.Plot.Renderers
[24 of 30] Compiling Text.Pandoc.Filter.Plot.Parse
[25 of 30] Compiling Text.Pandoc.Filter.Plot.Clean
[26 of 30] Compiling Text.Pandoc.Filter.Plot.Scripting.Template
[27 of 30] Compiling Text.Pandoc.Filter.Plot.Scripting
[28 of 30] Compiling Text.Pandoc.Filter.Plot.Embed
src/Text/Pandoc/Filter/Plot/Embed.hs:84:12: warning: [GHC-63394] [-Wx-partial]
    In the use of ‘head’
    (imported from Prelude, but defined in GHC.Internal.List):
    "This is a partial function, it throws an error on empty lists. Use pattern matching, 'Data.List.uncons' or 'Data.Maybe.listToMaybe' instead. Consider refactoring to use "Data.List.NonEmpty"."
   |
84 |   return . head . toList $
   |            ^^^^

src/Text/Pandoc/Filter/Plot/Embed.hs:191:19: warning: [GHC-63394] [-Wx-partial]
    In the use of ‘tail’
    (imported from Prelude, but defined in GHC.Internal.List):
    "This is a partial function, it throws an error on empty lists. Replace it with 'drop' 1, or use pattern matching or 'GHC.Internal.Data.List.uncons' instead. Consider refactoring to use "Data.List.NonEmpty"."
    |
191 | inside t = init . tail . tgs
    |                   ^^^^

[29 of 30] Compiling Text.Pandoc.Filter.Plot.Internal
[30 of 30] Compiling Text.Pandoc.Filter.Plot
Configuring test suite 'tests' for pandoc-plot-1.9.1...
Preprocessing test suite 'tests' for pandoc-plot-1.9.1...
Building test suite 'tests' for pandoc-plot-1.9.1...
[1 of 2] Compiling Common
tests/Common.hs:107:19: warning: [GHC-63394] [-Wx-partial]
    In the use of ‘head’
    (imported from Prelude, but defined in GHC.Internal.List):
    "This is a partial function, it throws an error on empty lists. Use pattern matching, 'Data.List.uncons' or 'Data.Maybe.listToMaybe' instead. Consider refactoring to use "Data.List.NonEmpty"."
    |
107 |     sourcePath <- head . filter (isExtensionOf ".src.html") <$> listDirectory tempDir
    |                   ^^^^

tests/Common.hs:177:19: warning: [GHC-63394] [-Wx-partial]
    In the use of ‘head’
    (imported from Prelude, but defined in GHC.Internal.List):
    "This is a partial function, it throws an error on empty lists. Use pattern matching, 'Data.List.uncons' or 'Data.Maybe.listToMaybe' instead. Consider refactoring to use "Data.List.NonEmpty"."
    |
177 |         let fmt = head incompatibleFormats
    |                   ^^^^

[2 of 2] Compiling Main
[3 of 3] Linking dist-newstyle/build/x86_64-linux/ghc-9.10.2/pandoc-plot-1.9.1/t/tests/build/tests/tests
Configuring executable 'pandoc-plot' for pandoc-plot-1.9.1...
Preprocessing executable 'pandoc-plot' for pandoc-plot-1.9.1...
Building executable 'pandoc-plot' for pandoc-plot-1.9.1...
[1 of 5] Compiling ExampleConfig
[2 of 5] Compiling ManPage
[3 of 5] Compiling OpenFile
[4 of 5] Compiling Main
[5 of 5] Compiling Paths_pandoc_plot
[6 of 6] Linking dist-newstyle/build/x86_64-linux/ghc-9.10.2/pandoc-plot-1.9.1/x/pandoc-plot/build/pandoc-plot/pandoc-plot
