Resolving dependencies...
Build profile: -w ghc-9.10.2 -O1
In order, the following will be built (use -v for more details):
 - perf-0.14.0.3 (lib) (first run)
 - perf-0.14.0.3 (exe:perf-explore) (first run)
Configuring library for perf-0.14.0.3...
Preprocessing library for perf-0.14.0.3...
Building library for perf-0.14.0.3...
[ 1 of 11] Compiling Perf.BigO
[ 2 of 11] Compiling Perf.Stats
[ 3 of 11] Compiling Perf.Chart
src/Perf/Chart.hs:61:75: warning: [GHC-63394] [-Wx-partial]
    In the use of ‘head’
    (imported from Prelude, but defined in GHC.Internal.List):
    "This is a partial function, it throws an error on empty lists. Use pattern matching, 'Data.List.uncons' or 'Data.Maybe.listToMaybe' instead. Consider refactoring to use "Data.List.NonEmpty"."
   |
61 | perfCharts cfg labels m = bool (stackCO stackn AlignLeft NoAlign 0.1 cs) (head cs) (length cs == 1)
   |                                                                           ^^^^

src/Perf/Chart.hs:141:11: warning: [GHC-63394] [-Wx-partial]
    In the use of ‘head’
    (imported from Prelude, but defined in GHC.Internal.List):
    "This is a partial function, it throws an error on empty lists. Use pattern matching, 'Data.List.uncons' or 'Data.Maybe.listToMaybe' instead. Consider refactoring to use "Data.List.NonEmpty"."
    |
141 |     cfg = head cfg'
    |           ^^^^

[ 4 of 11] Compiling Perf.Types
[ 5 of 11] Compiling Perf.Time
[ 6 of 11] Compiling Perf.Space
[ 7 of 11] Compiling Perf.Count
[ 8 of 11] Compiling Perf.Measure
[ 9 of 11] Compiling Perf.Algos
src/Perf/Algos.hs:85:1: warning: [GHC-66111] [-Wunused-imports]
    The import of ‘Data.Foldable’ is redundant
      except perhaps to import instances from ‘Data.Foldable’
    To import instances alone, use: import Data.Foldable()
   |
85 | import Data.Foldable
   | ^^^^^^^^^^^^^^^^^^^^

[10 of 11] Compiling Perf.Report
[11 of 11] Compiling Perf
Configuring executable 'perf-explore' for perf-0.14.0.3...
Preprocessing executable 'perf-explore' for perf-0.14.0.3...
Building executable 'perf-explore' for perf-0.14.0.3...
[1 of 1] Compiling Main
[1 of 2] Compiling Main
[2 of 2] Linking dist-newstyle/build/x86_64-linux/ghc-9.10.2/perf-0.14.0.3/x/perf-explore/build/perf-explore/perf-explore
