Resolving dependencies...
Build profile: -w ghc-9.10.2 -O1
In order, the following will be built (use -v for more details):
 - hledger-web-1.43.2 (lib) (first run)
 - hledger-web-1.43.2 (test:test) (first run)
 - hledger-web-1.43.2 (exe:hledger-web) (first run)
Configuring library for hledger-web-1.43.2...
Preprocessing library for hledger-web-1.43.2...
Building library for hledger-web-1.43.2...
[ 1 of 18] Compiling Hledger.Web.Settings
[ 2 of 18] Compiling Hledger.Web.Settings.StaticFiles
[ 3 of 18] Compiling Hledger.Web.WebOptions
[ 4 of 18] Compiling Hledger.Web.Widget.Common
[ 5 of 18] Compiling Hledger.Web.App
[ 6 of 18] Compiling Hledger.Web.Widget.AddForm
[ 7 of 18] Compiling Hledger.Web.Import
[ 8 of 18] Compiling Hledger.Web.Handler.UploadR
[ 9 of 18] Compiling Hledger.Web.Handler.RegisterR
[10 of 18] Compiling Hledger.Web.Handler.MiscR
[11 of 18] Compiling Hledger.Web.Handler.JournalR
[12 of 18] Compiling Hledger.Web.Handler.EditR
[13 of 18] Compiling Hledger.Web.Handler.AddR
[14 of 18] Compiling Hledger.Web.Application
[15 of 18] Compiling Hledger.Web.Test
[16 of 18] Compiling Hledger.Web.Main
[17 of 18] Compiling Hledger.Web
[18 of 18] Compiling Paths_hledger_web
Configuring test suite 'test' for hledger-web-1.43.2...
Preprocessing test suite 'test' for hledger-web-1.43.2...
Building test suite 'test' for hledger-web-1.43.2...
[1 of 1] Compiling Main
[2 of 2] Linking /tmp/workdir-hledger-web/hledger-web-1.43.2/dist-newstyle/build/x86_64-linux/ghc-9.10.2/hledger-web-1.43.2/t/test/build/test/test
Configuring executable 'hledger-web' for hledger-web-1.43.2...
Preprocessing executable 'hledger-web' for hledger-web-1.43.2...
Building executable 'hledger-web' for hledger-web-1.43.2...
[1 of 2] Compiling Main
[2 of 2] Compiling Paths_hledger_web
[3 of 3] Linking /tmp/workdir-hledger-web/hledger-web-1.43.2/dist-newstyle/build/x86_64-linux/ghc-9.10.2/hledger-web-1.43.2/x/hledger-web/build/hledger-web/hledger-web
