Resolving dependencies...
Build profile: -w ghc-9.10.2 -O1
In order, the following will be built (use -v for more details):
 - doclayout-0.5 (lib) (first run)
 - doclayout-0.5 (test:doclayout-test) (first run)
Configuring library for doclayout-0.5...
Preprocessing library for doclayout-0.5...
Building library for doclayout-0.5...
[1 of 4] Compiling Text.DocLayout.ANSIFont
[2 of 4] Compiling Text.DocLayout.Attributed
[3 of 4] Compiling Text.DocLayout.HasChars
src/Text/DocLayout/HasChars.hs:12:19: warning: [GHC-38856] [-Wunused-imports]
    The import of ‘foldl'’ from module ‘Data.List’ is redundant
   |
12 | import Data.List (foldl', uncons)
   |                   ^^^^^^

[4 of 4] Compiling Text.DocLayout
src/Text/DocLayout.hs:117:19: warning: [GHC-38856] [-Wunused-imports]
    The import of ‘foldl'’ from module ‘Data.List’ is redundant
    |
117 | import Data.List (foldl', intersperse)
    |                   ^^^^^^

Configuring test suite 'doclayout-test' for doclayout-0.5...
Preprocessing test suite 'doclayout-test' for doclayout-0.5...
Building test suite 'doclayout-test' for doclayout-0.5...
[1 of 1] Compiling Main
[2 of 2] Linking dist-newstyle/build/x86_64-linux/ghc-9.10.2/doclayout-0.5/t/doclayout-test/build/doclayout-test/doclayout-test
