Warning: The package description file ./placeholders.cabal has warnings:
placeholders.cabal:32:36: version operators used. To use version operators the
package needs to specify at least 'cabal-version: >= 1.8'.
Warning: The package description file
/tmp/workdir-placeholders/placeholders-0.1/placeholders.cabal has warnings:
/tmp/workdir-placeholders/placeholders-0.1/placeholders.cabal:32:36: version
operators used. To use version operators the package needs to specify at least
'cabal-version: >= 1.8'.
Resolving dependencies...
Build profile: -w ghc-9.10.2 -O1
In order, the following will be built (use -v for more details):
 - placeholders-0.1 (lib:placeholders) (first run)
Warning: placeholders.cabal:32:36: version operators used. To use version
operators the package needs to specify at least 'cabal-version: >= 1.8'.
Configuring placeholders-0.1...
Warning: [git-protocol] Cloning over git:// might lead to an arbitrary code
execution vulnerability. Furthermore, popular forges like GitHub do not
support it. Use https:// or ssh:// instead.
Preprocessing library for placeholders-0.1...
Building library for placeholders-0.1...
[1 of 1] Compiling Development.Placeholders
src/Development/Placeholders.hs:60:19: warning: [GHC-68441] [-Wdeprecations]
    In the use of ‘report’
    (imported from Language.Haskell.TH, but defined in Language.Haskell.TH.Syntax):
    Deprecated: "Use reportError or reportWarning instead"
   |
60 | emitWarning msg = report False $ msg
   |                   ^^^^^^

