Resolving dependencies...
Build profile: -w ghc-9.10.2 -O1
In order, the following will be built (use -v for more details):
 - effectful-core-2.6.0.0 (lib) (first run)
Configuring library for effectful-core-2.6.0.0...
Preprocessing library for effectful-core-2.6.0.0...
Building library for effectful-core-2.6.0.0...
[ 1 of 31] Compiling Effectful.Internal.Effect
[ 2 of 31] Compiling Effectful.Internal.Utils
[ 3 of 31] Compiling Effectful.Internal.Env
[ 4 of 31] Compiling Effectful.Internal.Unlift
[ 5 of 31] Compiling Effectful.Internal.Monad
[ 6 of 31] Compiling Effectful.Dispatch.Static.Unsafe
[ 7 of 31] Compiling Effectful.Dispatch.Static.Primitive
[ 8 of 31] Compiling Effectful.Dispatch.Static
[ 9 of 31] Compiling Effectful
[10 of 31] Compiling Effectful.Exception
[11 of 31] Compiling Effectful.Error.Static
[12 of 31] Compiling Effectful.Dispatch.Dynamic
[13 of 31] Compiling Effectful.Fail
[14 of 31] Compiling Effectful.Error.Dynamic
[15 of 31] Compiling Effectful.Labeled
[16 of 31] Compiling Effectful.Labeled.Error
[17 of 31] Compiling Effectful.NonDet
[18 of 31] Compiling Effectful.Prim
[19 of 31] Compiling Effectful.Provider
[20 of 31] Compiling Effectful.Provider.List
[21 of 31] Compiling Effectful.Reader.Dynamic
[22 of 31] Compiling Effectful.Labeled.Reader
[23 of 31] Compiling Effectful.Reader.Static
[24 of 31] Compiling Effectful.State.Static.Local
[25 of 31] Compiling Effectful.State.Static.Shared
[26 of 31] Compiling Effectful.State.Dynamic
[27 of 31] Compiling Effectful.Labeled.State
[28 of 31] Compiling Effectful.Writer.Static.Local
[29 of 31] Compiling Effectful.Writer.Static.Shared
[30 of 31] Compiling Effectful.Writer.Dynamic
[31 of 31] Compiling Effectful.Labeled.Writer
