Resolving dependencies...
Build profile: -w ghc-9.10.2 -O1
In order, the following will be built (use -v for more details):
 - yi-keymap-emacs-0.19.0 (lib) (first run)
Configuring library for yi-keymap-emacs-0.19.0...
Preprocessing library for yi-keymap-emacs-0.19.0...
Building library for yi-keymap-emacs-0.19.0...
[1 of 5] Compiling Paths_yi_keymap_emacs
[2 of 5] Compiling Yi.Keymap.Emacs.KillRing
[3 of 5] Compiling Yi.Keymap.Emacs.Utils
src/Yi/Keymap/Emacs/Utils.hs:59:1-43: warning: [GHC-66111] [-Wunused-imports]
    The import of ‘Data.Monoid’ is redundant
      except perhaps to import instances from ‘Data.Monoid’
    To import instances alone, use: import Data.Monoid()
   |
59 | import           Data.Monoid         ((<>))
   | ^^^^^^^^^^^^^^^^^^^^^^^^^^^^^^^^^^^^^^^^^^^

src/Yi/Keymap/Emacs/Utils.hs:200:9-60: warning: [GHC-62161] [-Wincomplete-uni-patterns]
    Pattern match(es) are non-exhaustive
    In a pattern binding:
        Patterns of type ‘Either String SearchExp’ not matched: Left _
    |
200 |         Right re = makeSearchOptsM [] (T.unpack replaceWhat)
    |         ^^^^^^^^^^^^^^^^^^^^^^^^^^^^^^^^^^^^^^^^^^^^^^^^^^^^

[4 of 5] Compiling Yi.Keymap.Emacs
[5 of 5] Compiling Yi.Config.Default.Emacs
