Resolving dependencies...
Build profile: -w ghc-9.10.2 -O1
In order, the following will be built (use -v for more details):
 - mwc-random-0.15.2.0 (lib) (first run)
 - mwc-random-0.15.2.0 (test:mwc-prop-tests) (first run)
 - mwc-random-0.15.2.0 (test:mwc-doctests) (first run)
Configuring library for mwc-random-0.15.2.0...
Warning: [git-protocol] Cloning over git:// might lead to an arbitrary code
execution vulnerability. Furthermore, popular forges like GitHub do not
support it. Use https:// or ssh:// instead.
Preprocessing library for mwc-random-0.15.2.0...
Building library for mwc-random-0.15.2.0...
[1 of 4] Compiling System.Random.MWC.CondensedTable
[2 of 4] Compiling System.Random.MWC.Distributions
System/Random/MWC/Distributions.hs:45:1: warning: [GHC-66111] [-Wunused-imports]
    The import of ‘Data.Foldable’ is redundant
      except perhaps to import instances from ‘Data.Foldable’
    To import instances alone, use: import Data.Foldable()
   |
45 | import Data.Foldable (foldl')
   | ^^^^^^^^^^^^^^^^^^^^^^^^^^^^^

[3 of 4] Compiling System.Random.MWC.SeedSource
[4 of 4] Compiling System.Random.MWC
Configuring test suite 'mwc-prop-tests' for mwc-random-0.15.2.0...
Warning: [git-protocol] Cloning over git:// might lead to an arbitrary code
execution vulnerability. Furthermore, popular forges like GitHub do not
support it. Use https:// or ssh:// instead.
Preprocessing test suite 'mwc-prop-tests' for mwc-random-0.15.2.0...
Building test suite 'mwc-prop-tests' for mwc-random-0.15.2.0...
[1 of 1] Compiling Main
[2 of 2] Linking dist-newstyle/build/x86_64-linux/ghc-9.10.2/mwc-random-0.15.2.0/t/mwc-prop-tests/build/mwc-prop-tests/mwc-prop-tests
Configuring test suite 'mwc-doctests' for mwc-random-0.15.2.0...
Warning: [git-protocol] Cloning over git:// might lead to an arbitrary code
execution vulnerability. Furthermore, popular forges like GitHub do not
support it. Use https:// or ssh:// instead.
Preprocessing test suite 'mwc-doctests' for mwc-random-0.15.2.0...
Building test suite 'mwc-doctests' for mwc-random-0.15.2.0...
[1 of 1] Compiling Main
[2 of 2] Linking dist-newstyle/build/x86_64-linux/ghc-9.10.2/mwc-random-0.15.2.0/t/mwc-doctests/build/mwc-doctests/mwc-doctests
