Resolving dependencies...
Build profile: -w ghc-9.10.2 -O1
In order, the following will be built (use -v for more details):
 - domain-optics-0.1.0.4 (lib) (first run)
 - domain-optics-0.1.0.4 (test:demo) (first run)
Configuring library for domain-optics-0.1.0.4...
Warning: [git-protocol] Cloning over git:// might lead to an arbitrary code
execution vulnerability. Furthermore, popular forges like GitHub do not
support it. Use https:// or ssh:// instead.
Preprocessing library for domain-optics-0.1.0.4...
Building library for domain-optics-0.1.0.4...
[1 of 4] Compiling DomainOptics.Prelude
[2 of 4] Compiling DomainOptics.Util.OpticsTH
[3 of 4] Compiling DomainOptics.InstanceDecs
[4 of 4] Compiling DomainOptics
Configuring test suite 'demo' for domain-optics-0.1.0.4...
Warning: [git-protocol] Cloning over git:// might lead to an arbitrary code
execution vulnerability. Furthermore, popular forges like GitHub do not
support it. Use https:// or ssh:// instead.
Preprocessing test suite 'demo' for domain-optics-0.1.0.4...
Building test suite 'demo' for domain-optics-0.1.0.4...
[1 of 1] Compiling Main
[2 of 2] Linking dist-newstyle/build/x86_64-linux/ghc-9.10.2/domain-optics-0.1.0.4/t/demo/build/demo/demo
