Resolving dependencies...
Build profile: -w ghc-9.10.2 -O1
In order, the following will be built (use -v for more details):
 - ANum-0.2.0.4 (lib) (first run)
 - ANum-0.2.0.4 (test:ANum-test) (first run)
Configuring library for ANum-0.2.0.4...
Warning: [git-protocol] Cloning over git:// might lead to an arbitrary code
execution vulnerability. Furthermore, popular forges like GitHub do not
support it. Use https:// or ssh:// instead.
Preprocessing library for ANum-0.2.0.4...
Building library for ANum-0.2.0.4...
[1 of 1] Compiling Data.ANum
Configuring test suite 'ANum-test' for ANum-0.2.0.4...
Warning: [git-protocol] Cloning over git:// might lead to an arbitrary code
execution vulnerability. Furthermore, popular forges like GitHub do not
support it. Use https:// or ssh:// instead.
Preprocessing test suite 'ANum-test' for ANum-0.2.0.4...
Building test suite 'ANum-test' for ANum-0.2.0.4...
[1 of 1] Compiling Main
[2 of 2] Linking dist-newstyle/build/x86_64-linux/ghc-9.10.2/ANum-0.2.0.4/t/ANum-test/build/ANum-test/ANum-test
