Resolving dependencies...
Build profile: -w ghc-9.10.2 -O1
In order, the following will be built (use -v for more details):
 - generic-data-functions-0.6.0 (lib) (first run)
Configuring library for generic-data-functions-0.6.0...
Preprocessing library for generic-data-functions-0.6.0...
Building library for generic-data-functions-0.6.0...
[ 1 of 25] Compiling Generic.Data.Function
[ 2 of 25] Compiling Generic.Data.Function.Common.Error
[ 3 of 25] Compiling Generic.Data.Function.Common.Generic
[ 4 of 25] Compiling Generic.Data.Function.Common.Generic.Meta
[ 5 of 25] Compiling Generic.Data.Function.Common.TypeLits
[ 6 of 25] Compiling Generic.Data.MetaParse.Internal
[ 7 of 25] Compiling Generic.Data.MetaParse.Cstr
[ 8 of 25] Compiling Generic.Data.Wrappers
[ 9 of 25] Compiling Generic.Data.Function.Traverse.Constructor
[10 of 25] Compiling Generic.Data.Function.Traverse.Sum
[11 of 25] Compiling Generic.Data.Function.Traverse.NonSum
[12 of 25] Compiling Generic.Data.Function.Traverse
[13 of 25] Compiling Generic.Data.Function.FoldMap.Constructor
[14 of 25] Compiling Generic.Data.Function.FoldMap.SumConsByte
[15 of 25] Compiling Generic.Data.Function.FoldMap.Sum
[16 of 25] Compiling Generic.Data.Function.FoldMap.NonSum
[17 of 25] Compiling Generic.Data.Function.FoldMap
[18 of 25] Compiling Generic.Data.Function.Example
[19 of 25] Compiling Generic.Data.Function.Contra.Constructor
[20 of 25] Compiling Generic.Data.Function.Contra.Sum
[21 of 25] Compiling Generic.Data.Function.Contra.NonSum
[22 of 25] Compiling Generic.Data.Function.Contra
[23 of 25] Compiling Generic.Type.CstrPath
[24 of 25] Compiling Generic.Data.FOnCstr
[25 of 25] Compiling Paths_generic_data_functions
