Resolving dependencies...
Build profile: -w ghc-9.10.2 -O1
In order, the following will be built (use -v for more details):
 - base32string-0.9.1 (lib) (first run)
 - base32string-0.9.1 (test:test-suite) (first run)
Configuring library for base32string-0.9.1...
Warning: [git-protocol] Cloning over git:// might lead to an arbitrary code
execution vulnerability. Furthermore, popular forges like GitHub do not
support it. Use https:// or ssh:// instead.
Preprocessing library for base32string-0.9.1...
Building library for base32string-0.9.1...
[1 of 2] Compiling Data.Base32String
src/Data/Base32String.hs:11:1-52: warning: [GHC-66111] [-Wunused-imports]
    The import of ‘Control.Applicative’ is redundant
      except perhaps to import instances from ‘Control.Applicative’
    To import instances alone, use: import Control.Applicative()
   |
11 | import           Control.Applicative   (pure, (<$>))
   | ^^^^^^^^^^^^^^^^^^^^^^^^^^^^^^^^^^^^^^^^^^^^^^^^^^^^

[2 of 2] Compiling Data.Base32String.Default
src/Data/Base32String/Default.hs:11:1-43: warning: [GHC-66111] [-Wunused-imports]
    The import of ‘Control.Applicative’ is redundant
      except perhaps to import instances from ‘Control.Applicative’
    To import instances alone, use: import Control.Applicative()
   |
11 | import           Control.Applicative (pure)
   | ^^^^^^^^^^^^^^^^^^^^^^^^^^^^^^^^^^^^^^^^^^^

src/Data/Base32String/Default.hs:(26,1)-(27,70): warning: [GHC-90177] [-Worphans]
    Orphan class instance: instance FromJSON B32.Base32String
    Suggested fix:
      Move the instance declaration to the module of the class or of the type, or
      wrap the type with a newtype and declare the instance on the new type.
   |
26 | instance FromJSON B32.Base32String where
   | ^^^^^^^^^^^^^^^^^^^^^^^^^^^^^^^^^^^^^^^^^...

src/Data/Base32String/Default.hs:(29,1)-(30,25): warning: [GHC-90177] [-Worphans]
    Orphan class instance: instance ToJSON B32.Base32String
    Suggested fix:
      Move the instance declaration to the module of the class or of the type, or
      wrap the type with a newtype and declare the instance on the new type.
   |
29 | instance ToJSON B32.Base32String where
   | ^^^^^^^^^^^^^^^^^^^^^^^^^^^^^^^^^^^^^^^...

Configuring test suite 'test-suite' for base32string-0.9.1...
Warning: [git-protocol] Cloning over git:// might lead to an arbitrary code
execution vulnerability. Furthermore, popular forges like GitHub do not
support it. Use https:// or ssh:// instead.
Preprocessing test suite 'test-suite' for base32string-0.9.1...
Building test suite 'test-suite' for base32string-0.9.1...
Warning: Enabling workaround for Main module 'Main' listed in 'other-modules'
illegally!
/tmp/ghc3796858-35.rsp: warning: [GHC-53692] [-Wdeprecated-flags]
    -caf-all is deprecated: Use -fprof-cafs instead

/tmp/ghc3796858-35.rsp: warning: [GHC-53692] [-Wdeprecated-flags]
    -auto-all is deprecated: Use -fprof-auto instead

[1 of 3] Compiling Data.Base32StringSpec
[2 of 3] Compiling Spec
[3 of 3] Compiling Main
/tmp/ghc3796858-36.rsp: warning: [GHC-53692] [-Wdeprecated-flags]
    -caf-all is deprecated: Use -fprof-cafs instead

/tmp/ghc3796858-36.rsp: warning: [GHC-53692] [-Wdeprecated-flags]
    -auto-all is deprecated: Use -fprof-auto instead

[4 of 4] Linking dist-newstyle/build/x86_64-linux/ghc-9.10.2/base32string-0.9.1/t/test-suite/build/test-suite/test-suite
