Resolving dependencies...
Build profile: -w ghc-9.10.2 -O1
In order, the following will be built (use -v for more details):
 - glib-stopgap-0.1.0.1 (lib) (first run)
 - glib-stopgap-0.1.0.1 (test:glib-stopgap-test) (first run)
Configuring library for glib-stopgap-0.1.0.1...
Preprocessing library for glib-stopgap-0.1.0.1...
Building library for glib-stopgap-0.1.0.1...
[ 1 of 11] Compiling Foreign.Ptr.Misc
[ 2 of 11] Compiling Paths_glib_stopgap
[ 3 of 11] Compiling System.GLib.Bool
[ 4 of 11] Compiling System.GLib.DoublyLinkedLists
[ 5 of 11] Compiling System.GLib.GObject
[ 6 of 11] Compiling System.GLib.Pointerable
[ 7 of 11] Compiling System.GLib.Quarks.Internal
[ 8 of 11] Compiling System.GLib.Quarks
[ 9 of 11] Compiling System.GLib.ErrorReporting
[10 of 11] Compiling System.GLib.SimpleXmlSubsetParser
src/System/GLib/SimpleXmlSubsetParser.hsc:69:1: warning: [GHC-40910] [-Wunused-top-binds]
    Defined but not used: ‘unGMarkupError’
   |
69 | enum "GMarkupError" ''#{type GMarkupError} [''Show] [
   | ^^^^^^^^^^^^^^^^^^^^^^^^^^^^^^^^^^^^^^^^^^^^^^^^^^^^^...

[11 of 11] Compiling System.GLib.SinglyLinkedLists
Configuring test suite 'glib-stopgap-test' for glib-stopgap-0.1.0.1...
Preprocessing test suite 'glib-stopgap-test' for glib-stopgap-0.1.0.1...
Building test suite 'glib-stopgap-test' for glib-stopgap-0.1.0.1...
[1 of 2] Compiling Main
[2 of 2] Compiling Paths_glib_stopgap
[3 of 3] Linking dist-newstyle/build/x86_64-linux/ghc-9.10.2/glib-stopgap-0.1.0.1/t/glib-stopgap-test/build/glib-stopgap-test/glib-stopgap-test
