Resolving dependencies...
Build profile: -w ghc-9.10.2 -O1
In order, the following will be built (use -v for more details):
 - box-0.9.3.3 (lib) (first run)
 - box-0.9.3.3 (test:doctests) (first run)
Configuring library for box-0.9.3.3...
Preprocessing library for box-0.9.3.3...
Building library for box-0.9.3.3...
[ 1 of 10] Compiling Box.Codensity
[ 2 of 10] Compiling Box.Functor
[ 3 of 10] Compiling Box.Emitter
[ 4 of 10] Compiling Box.Committer
[ 5 of 10] Compiling Box.Box
[ 6 of 10] Compiling Box.Queue
[ 7 of 10] Compiling Box.Connectors
[ 8 of 10] Compiling Box.IO
[ 9 of 10] Compiling Box.Time
[10 of 10] Compiling Box
Configuring test suite 'doctests' for box-0.9.3.3...
Preprocessing test suite 'doctests' for box-0.9.3.3...
Building test suite 'doctests' for box-0.9.3.3...
[1 of 1] Compiling Main
[2 of 2] Linking dist-newstyle/build/x86_64-linux/ghc-9.10.2/box-0.9.3.3/t/doctests/build/doctests/doctests
