Resolving dependencies...
Build profile: -w ghc-9.10.2 -O1
In order, the following will be built (use -v for more details):
 - gi-vte-2.91.35 (lib:gi-vte) (first run)
[1 of 2] Compiling Main             ( /tmp/workdir-gi-vte/gi-vte-2.91.35/dist-newstyle/build/x86_64-linux/ghc-9.10.2/gi-vte-2.91.35/setup/setup.hs, /tmp/workdir-gi-vte/gi-vte-2.91.35/dist-newstyle/build/x86_64-linux/ghc-9.10.2/gi-vte-2.91.35/setup/Main.o )
[2 of 2] Linking /tmp/workdir-gi-vte/gi-vte-2.91.35/dist-newstyle/build/x86_64-linux/ghc-9.10.2/gi-vte-2.91.35/setup/setup
Configuring gi-vte-2.91.35...
Preprocessing library for gi-vte-2.91.35...
Building library for gi-vte-2.91.35...
[ 1 of 21] Compiling GI.Vte.Config
[ 2 of 21] Compiling GI.Vte.Constants
[ 3 of 21] Compiling GI.Vte.Enums[boot]
[ 4 of 21] Compiling GI.Vte.Enums
[ 5 of 21] Compiling GI.Vte.Flags[boot]
[ 6 of 21] Compiling GI.Vte.Flags
[ 7 of 21] Compiling GI.Vte.Functions
[ 8 of 21] Compiling GI.Vte.Objects.Pty[boot]
[ 9 of 21] Compiling GI.Vte.Objects.Pty
[10 of 21] Compiling GI.Vte.Structs.CharAttributes[boot]
[11 of 21] Compiling GI.Vte.Structs.CharAttributes
[12 of 21] Compiling GI.Vte.Structs.EventContext[boot]
[13 of 21] Compiling GI.Vte.Structs.EventContext
[14 of 21] Compiling GI.Vte.Structs.Regex[boot]
[15 of 21] Compiling GI.Vte.Structs.Regex
[16 of 21] Compiling GI.Vte.Structs
[17 of 21] Compiling GI.Vte.Objects.Terminal[boot]
[18 of 21] Compiling GI.Vte.Callbacks
[19 of 21] Compiling GI.Vte.Objects.Terminal
[20 of 21] Compiling GI.Vte.Objects
[21 of 21] Compiling GI.Vte
