Resolving dependencies...
Build profile: -w ghc-9.10.2 -O1
In order, the following will be built (use -v for more details):
 - keep-alive-0.2.1.0 (lib) (first run)
 - keep-alive-0.2.1.0 (test:keep-alive-test) (first run)
Configuring library for keep-alive-0.2.1.0...
Preprocessing library for keep-alive-0.2.1.0...
Building library for keep-alive-0.2.1.0...
[1 of 3] Compiling LibForeign
[2 of 3] Compiling Network.Socket.KeepAlive
[3 of 3] Compiling Paths_keep_alive
Configuring test suite 'keep-alive-test' for keep-alive-0.2.1.0...
Preprocessing test suite 'keep-alive-test' for keep-alive-0.2.1.0...
Building test suite 'keep-alive-test' for keep-alive-0.2.1.0...
[1 of 2] Compiling Main
test/Spec.hs:26:7: warning: [GHC-63394] [-Wx-partial]
    In the use of ‘head’
    (imported from Prelude, but defined in GHC.Internal.List):
    "This is a partial function, it throws an error on empty lists. Use pattern matching, 'Data.List.uncons' or 'Data.Maybe.listToMaybe' instead. Consider refactoring to use "Data.List.NonEmpty"."
   |
26 |       head <$> getAddrInfo (Just hints) (Just "localhost") Nothing
   |       ^^^^

[2 of 2] Compiling Paths_keep_alive
[3 of 3] Linking /tmp/workdir-keep-alive/keep-alive-0.2.1.0/dist-newstyle/build/x86_64-linux/ghc-9.10.2/keep-alive-0.2.1.0/t/keep-alive-test/build/keep-alive-test/keep-alive-test
