Resolving dependencies...
Build profile: -w ghc-9.10.2 -O1
In order, the following will be built (use -v for more details):
 - binary-parsers-0.2.4.0 (lib) (first run)
 - binary-parsers-0.2.4.0 (test:tests) (first run)
Configuring library for binary-parsers-0.2.4.0...
Preprocessing library for binary-parsers-0.2.4.0...
Building library for binary-parsers-0.2.4.0...
[1 of 4] Compiling Data.Binary.Parser.Word8
[2 of 4] Compiling Data.Binary.Parser.Numeric
[3 of 4] Compiling Data.Binary.Parser.Char8
[4 of 4] Compiling Data.Binary.Parser
Configuring test suite 'tests' for binary-parsers-0.2.4.0...
Preprocessing test suite 'tests' for binary-parsers-0.2.4.0...
Building test suite 'tests' for binary-parsers-0.2.4.0...
<no location info>: warning: [GHC-32850] [-Wmissing-home-modules]
    These modules are needed for compilation but not listed in your .cabal file's other-modules for ‘binary-parsers-0.2.4.0-inplace-tests’ :
        Data.Binary.Parser
        Data.Binary.Parser.Char8
        Data.Binary.Parser.Numeric
        Data.Binary.Parser.Word8

[ 1 of 11] Compiling Aeson
tests/Aeson.hs:14:1: warning: [GHC-66111] [-Wunused-imports]
    The import of ‘Control.Applicative’ is redundant
      except perhaps to import instances from ‘Control.Applicative’
    To import instances alone, use: import Control.Applicative()
   |
14 | import Control.Applicative (liftA2)
   | ^^^^^^^^^^^^^^^^^^^^^^^^^^^^^^^^^^^

tests/Aeson.hs:16:1: warning: [GHC-66111] [-Wunused-imports]
    The import of ‘Control.Monad’ is redundant
      except perhaps to import instances from ‘Control.Monad’
    To import instances alone, use: import Control.Monad()
   |
16 | import Control.Monad (forM)
   | ^^^^^^^^^^^^^^^^^^^^^^^^^^^

tests/Aeson.hs:22:1: warning: [GHC-66111] [-Wunused-imports]
    The import of ‘Data.List’ is redundant
      except perhaps to import instances from ‘Data.List’
    To import instances alone, use: import Data.List()
   |
22 | import Data.List (sort)
   | ^^^^^^^^^^^^^^^^^^^^^^^

tests/Aeson.hs:28:1: warning: [GHC-66111] [-Wunused-imports]
    The import of ‘System.Directory’ is redundant
      except perhaps to import instances from ‘System.Directory’
    To import instances alone, use: import System.Directory()
   |
28 | import System.Directory (getDirectoryContents)
   | ^^^^^^^^^^^^^^^^^^^^^^^^^^^^^^^^^^^^^^^^^^^^^^

tests/Aeson.hs:29:32: warning: [GHC-38856] [-Wunused-imports]
    The import of ‘dropExtension’
    from module ‘System.FilePath’ is redundant
   |
29 | import System.FilePath ((</>), dropExtension)
   |                                ^^^^^^^^^^^^^

[ 2 of 11] Compiling Data.Binary.Parser.Word8
[ 3 of 11] Compiling Data.Binary.Parser.Numeric
[ 4 of 11] Compiling Data.Binary.Parser.Char8
[ 5 of 11] Compiling Data.Binary.Parser
[ 6 of 11] Compiling AesonBP
tests/AesonBP.hs:14:1: warning: [GHC-66111] [-Wunused-imports]
    The import of ‘Control.Applicative’ is redundant
      except perhaps to import instances from ‘Control.Applicative’
    To import instances alone, use: import Control.Applicative()
   |
14 | import Control.Applicative (liftA2)
   | ^^^^^^^^^^^^^^^^^^^^^^^^^^^^^^^^^^^

tests/AesonBP.hs:15:1: warning: [GHC-66111] [-Wunused-imports]
    The import of ‘Control.DeepSeq’ is redundant
      except perhaps to import instances from ‘Control.DeepSeq’
    To import instances alone, use: import Control.DeepSeq()
   |
15 | import Control.DeepSeq (NFData(..))
   | ^^^^^^^^^^^^^^^^^^^^^^^^^^^^^^^^^^^

tests/AesonBP.hs:16:1: warning: [GHC-66111] [-Wunused-imports]
    The import of ‘Control.Monad’ is redundant
      except perhaps to import instances from ‘Control.Monad’
    To import instances alone, use: import Control.Monad()
   |
16 | import Control.Monad (forM)
   | ^^^^^^^^^^^^^^^^^^^^^^^^^^^

tests/AesonBP.hs:20:1: warning: [GHC-66111] [-Wunused-imports]
    The import of ‘Data.List’ is redundant
      except perhaps to import instances from ‘Data.List’
    To import instances alone, use: import Data.List()
   |
20 | import Data.List (sort)
   | ^^^^^^^^^^^^^^^^^^^^^^^

tests/AesonBP.hs:21:1: warning: [GHC-66111] [-Wunused-imports]
    The import of ‘Data.Scientific’ is redundant
      except perhaps to import instances from ‘Data.Scientific’
    To import instances alone, use: import Data.Scientific()
   |
21 | import Data.Scientific (Scientific)
   | ^^^^^^^^^^^^^^^^^^^^^^^^^^^^^^^^^^^

tests/AesonBP.hs:24:39: warning: [GHC-38856] [-Wunused-imports]
    The import of ‘foldl'’ from module ‘Data.Vector’ is redundant
   |
24 | import Data.Vector as Vector (Vector, foldl', fromList)
   |                                       ^^^^^^

tests/AesonBP.hs:26:1: warning: [GHC-66111] [-Wunused-imports]
    The import of ‘System.Directory’ is redundant
      except perhaps to import instances from ‘System.Directory’
    To import instances alone, use: import System.Directory()
   |
26 | import System.Directory (getDirectoryContents)
   | ^^^^^^^^^^^^^^^^^^^^^^^^^^^^^^^^^^^^^^^^^^^^^^

tests/AesonBP.hs:27:32: warning: [GHC-38856] [-Wunused-imports]
    The import of ‘dropExtension’
    from module ‘System.FilePath’ is redundant
   |
27 | import System.FilePath ((</>), dropExtension)
   |                                ^^^^^^^^^^^^^

[ 7 of 11] Compiling JSON
tests/JSON.hs:4:1: warning: [GHC-66111] [-Wunused-imports]
    The import of ‘Control.Applicative’ is redundant
      except perhaps to import instances from ‘Control.Applicative’
    To import instances alone, use: import Control.Applicative()
  |
4 | import Control.Applicative
  | ^^^^^^^^^^^^^^^^^^^^^^^^^^

[ 8 of 11] Compiling QC.Common
[ 9 of 11] Compiling QC.Combinator
[10 of 11] Compiling QC.ByteString
[11 of 11] Compiling Main
<no location info>: warning: [GHC-32850] [-Wmissing-home-modules]
    These modules are needed for compilation but not listed in your .cabal file's other-modules for ‘binary-parsers-0.2.4.0-inplace-tests’ :
        Data.Binary.Parser
        Data.Binary.Parser.Char8
        Data.Binary.Parser.Numeric
        Data.Binary.Parser.Word8

[12 of 12] Linking /tmp/workdir-binary-parsers/binary-parsers-0.2.4.0/dist-newstyle/build/x86_64-linux/ghc-9.10.2/binary-parsers-0.2.4.0/t/tests/build/tests/tests
