Resolving dependencies...
Build profile: -w ghc-9.10.2 -O1
In order, the following will be built (use -v for more details):
 - gogol-adexchange-buyer-1.0.0 (lib) (first run)
Configuring library for gogol-adexchange-buyer-1.0.0...
Preprocessing library for gogol-adexchange-buyer-1.0.0...
Building library for gogol-adexchange-buyer-1.0.0...
[ 1 of 42] Compiling Gogol.AdExchangeBuyer.Internal.Sum
[ 2 of 42] Compiling Gogol.AdExchangeBuyer.Internal.Product
[ 3 of 42] Compiling Gogol.AdExchangeBuyer.Types
[ 4 of 42] Compiling Gogol.AdExchangeBuyer.Pubprofiles.List
[ 5 of 42] Compiling Gogol.AdExchangeBuyer.Proposals.Update
[ 6 of 42] Compiling Gogol.AdExchangeBuyer.Proposals.Setupcomplete
[ 7 of 42] Compiling Gogol.AdExchangeBuyer.Proposals.Search
[ 8 of 42] Compiling Gogol.AdExchangeBuyer.Proposals.Patch
[ 9 of 42] Compiling Gogol.AdExchangeBuyer.Proposals.Insert
[10 of 42] Compiling Gogol.AdExchangeBuyer.Proposals.Get
[11 of 42] Compiling Gogol.AdExchangeBuyer.Products.Search
[12 of 42] Compiling Gogol.AdExchangeBuyer.Products.Get
[13 of 42] Compiling Gogol.AdExchangeBuyer.PretargetingConfig.Update
[14 of 42] Compiling Gogol.AdExchangeBuyer.PretargetingConfig.Patch
[15 of 42] Compiling Gogol.AdExchangeBuyer.PretargetingConfig.List
[16 of 42] Compiling Gogol.AdExchangeBuyer.PretargetingConfig.Insert
[17 of 42] Compiling Gogol.AdExchangeBuyer.PretargetingConfig.Get
[18 of 42] Compiling Gogol.AdExchangeBuyer.PretargetingConfig.Delete
[19 of 42] Compiling Gogol.AdExchangeBuyer.PerformanceReport.List
[20 of 42] Compiling Gogol.AdExchangeBuyer.Marketplaceprivateauction.Updateproposal
[21 of 42] Compiling Gogol.AdExchangeBuyer.Marketplacenotes.List
[22 of 42] Compiling Gogol.AdExchangeBuyer.Marketplacenotes.Insert
[23 of 42] Compiling Gogol.AdExchangeBuyer.Marketplacedeals.Update
[24 of 42] Compiling Gogol.AdExchangeBuyer.Marketplacedeals.List
[25 of 42] Compiling Gogol.AdExchangeBuyer.Marketplacedeals.Insert
[26 of 42] Compiling Gogol.AdExchangeBuyer.Marketplacedeals.Delete
[27 of 42] Compiling Gogol.AdExchangeBuyer.Creatives.RemoveDeal
[28 of 42] Compiling Gogol.AdExchangeBuyer.Creatives.ListDeals
[29 of 42] Compiling Gogol.AdExchangeBuyer.Creatives.List
[30 of 42] Compiling Gogol.AdExchangeBuyer.Creatives.Insert
[31 of 42] Compiling Gogol.AdExchangeBuyer.Creatives.Get
[32 of 42] Compiling Gogol.AdExchangeBuyer.Creatives.AddDeal
[33 of 42] Compiling Gogol.AdExchangeBuyer.Budget.Update
[34 of 42] Compiling Gogol.AdExchangeBuyer.Budget.Patch
[35 of 42] Compiling Gogol.AdExchangeBuyer.Budget.Get
[36 of 42] Compiling Gogol.AdExchangeBuyer.BillingInfo.List
[37 of 42] Compiling Gogol.AdExchangeBuyer.BillingInfo.Get
[38 of 42] Compiling Gogol.AdExchangeBuyer.Accounts.Update
[39 of 42] Compiling Gogol.AdExchangeBuyer.Accounts.Patch
[40 of 42] Compiling Gogol.AdExchangeBuyer.Accounts.List
[41 of 42] Compiling Gogol.AdExchangeBuyer.Accounts.Get
[42 of 42] Compiling Gogol.AdExchangeBuyer
