Resolving dependencies...
Build profile: -w ghc-9.10.2 -O1
In order, the following will be built (use -v for more details):
 - kvitable-1.1.0.1 (lib) (first run)
 - kvitable-1.1.0.1 (test:test-kvitable) (first run)
Configuring library for kvitable-1.1.0.1...
Preprocessing library for kvitable-1.1.0.1...
Building library for kvitable-1.1.0.1...
[1 of 6] Compiling Data.KVITable.Internal.Helpers
[2 of 6] Compiling Data.KVITable
[3 of 6] Compiling Data.KVITable.Render
[4 of 6] Compiling Data.KVITable.Render.Internal
[5 of 6] Compiling Data.KVITable.Render.HTML
[6 of 6] Compiling Data.KVITable.Render.ASCII
Configuring test suite 'test-kvitable' for kvitable-1.1.0.1...
Preprocessing test suite 'test-kvitable' for kvitable-1.1.0.1...
Building test suite 'test-kvitable' for kvitable-1.1.0.1...
[1 of 5] Compiling SampleTables
[2 of 5] Compiling TestQQDefs
[3 of 5] Compiling HTMLRenderTests
[4 of 5] Compiling AsciiRenderTests
[5 of 5] Compiling Main
[6 of 6] Linking /tmp/workdir-kvitable/kvitable-1.1.0.1/dist-newstyle/build/x86_64-linux/ghc-9.10.2/kvitable-1.1.0.1/t/test-kvitable/build/test-kvitable/test-kvitable
