Resolving dependencies...
Build profile: -w ghc-9.10.2 -O1
In order, the following will be built (use -v for more details):
 - webdriver-precore-0.1.0.2 (lib) (first run)
 - webdriver-precore-0.1.0.2 (test:test) (first run)
Configuring library for webdriver-precore-0.1.0.2...
Preprocessing library for webdriver-precore-0.1.0.2...
Building library for webdriver-precore-0.1.0.2...
[1 of 6] Compiling WebDriverPreCore.HttpResponse
[2 of 6] Compiling WebDriverPreCore.Error
[3 of 6] Compiling WebDriverPreCore.Internal.Utils
[4 of 6] Compiling WebDriverPreCore.Capabilities
[5 of 6] Compiling WebDriverPreCore.SpecDefinition
[6 of 6] Compiling WebDriverPreCore
Configuring test suite 'test' for webdriver-precore-0.1.0.2...
Preprocessing test suite 'test' for webdriver-precore-0.1.0.2...
Building test suite 'test' for webdriver-precore-0.1.0.2...
[1 of 4] Compiling ApiCoverageTest
[2 of 4] Compiling ErrorCoverageTest
[3 of 4] Compiling JSONParsingTest
[4 of 4] Compiling Main
[5 of 5] Linking dist-newstyle/build/x86_64-linux/ghc-9.10.2/webdriver-precore-0.1.0.2/t/test/build/test/test
