Resolving dependencies...
Build profile: -w ghc-9.10.2 -O1
In order, the following will be built (use -v for more details):
 - free-foil-0.2.0 (lib) (first run)
 - free-foil-0.2.0 (test:spec) (first run)
 - free-foil-0.2.0 (test:doctests) (first run)
Configuring library for free-foil-0.2.0...
Preprocessing library for free-foil-0.2.0...
Building library for free-foil-0.2.0...
[ 1 of 20] Compiling Control.Monad.Foil.Internal
[ 2 of 20] Compiling Control.Monad.Foil
[ 3 of 20] Compiling Control.Monad.Foil.Relative
src/Control/Monad/Foil/Relative.hs:9:1: warning: [GHC-68567] [-Wdata-kinds-tc]
    • An occurrence of ‘S’ in a kind requires DataKinds.
      Future versions of GHC will turn this warning into an error.
    • In the class declaration for ‘RelMonad’
    Suggested fix: Perhaps you intended to use DataKinds
  |
9 | class RelMonad (f :: S -> Type) (m :: S -> Type) where
  | ^^^^^^^^^^^^^^^^^^^^^^^^^^^^^^^^^^^^^^^^^^^^^^^^^^^^^^...

src/Control/Monad/Foil/Relative.hs:9:1: warning: [GHC-68567] [-Wdata-kinds-tc]
    • An occurrence of ‘S’ in a kind requires DataKinds.
      Future versions of GHC will turn this warning into an error.
    • In the class declaration for ‘RelMonad’
    Suggested fix: Perhaps you intended to use DataKinds
  |
9 | class RelMonad (f :: S -> Type) (m :: S -> Type) where
  | ^^^^^^^^^^^^^^^^^^^^^^^^^^^^^^^^^^^^^^^^^^^^^^^^^^^^^^...

[ 4 of 20] Compiling Control.Monad.Foil.Example
[ 5 of 20] Compiling Control.Monad.Foil.TH.Util
[ 6 of 20] Compiling Control.Monad.Foil.TH.MkToFoil
[ 7 of 20] Compiling Control.Monad.Foil.TH.MkInstancesFoil
[ 8 of 20] Compiling Control.Monad.Foil.TH.MkFromFoil
[ 9 of 20] Compiling Control.Monad.Foil.TH.MkFoilData
[10 of 20] Compiling Control.Monad.Foil.TH
[11 of 20] Compiling Control.Monad.Free.Foil
[12 of 20] Compiling Control.Monad.Free.Foil.Example
[13 of 20] Compiling Control.Monad.Free.Foil.Generic
[14 of 20] Compiling Control.Monad.Free.Foil.TH.Convert
[15 of 20] Compiling Control.Monad.Free.Foil.TH.MkFreeFoil
[16 of 20] Compiling Control.Monad.Free.Foil.TH.PatternSynonyms
[17 of 20] Compiling Control.Monad.Free.Foil.TH.Signature
[18 of 20] Compiling Control.Monad.Free.Foil.TH.ZipMatch
[19 of 20] Compiling Control.Monad.Free.Foil.TH
[20 of 20] Compiling Paths_free_foil
Configuring test suite 'spec' for free-foil-0.2.0...
Preprocessing test suite 'spec' for free-foil-0.2.0...
Building test suite 'spec' for free-foil-0.2.0...
[1 of 2] Compiling Main
[2 of 2] Compiling Paths_free_foil
[3 of 3] Linking /tmp/workdir-free-foil/free-foil-0.2.0/dist-newstyle/build/x86_64-linux/ghc-9.10.2/free-foil-0.2.0/t/spec/build/spec/spec
Configuring test suite 'doctests' for free-foil-0.2.0...
Preprocessing test suite 'doctests' for free-foil-0.2.0...
Building test suite 'doctests' for free-foil-0.2.0...
[1 of 1] Compiling Main
[2 of 2] Linking /tmp/workdir-free-foil/free-foil-0.2.0/dist-newstyle/build/x86_64-linux/ghc-9.10.2/free-foil-0.2.0/t/doctests/build/doctests/doctests
