Resolving dependencies...
Build profile: -w ghc-9.10.2 -O1
In order, the following will be built (use -v for more details):
 - persistent-mtl-0.5.2 (lib) (first run)
 - persistent-mtl-0.5.2 (test:persistent-mtl-test) (first run)
Configuring library for persistent-mtl-0.5.2...
Preprocessing library for persistent-mtl-0.5.2...
Building library for persistent-mtl-0.5.2...
[ 1 of 11] Compiling Control.Monad.IO.Rerunnable
[ 2 of 11] Compiling Control.Monad.Trans.Rerunnable
[ 3 of 11] Compiling Database.Persist.Monad.Internal.PersistentShim
[ 4 of 11] Compiling Database.Persist.Monad.SqlQueryRep
[ 5 of 11] Compiling Database.Persist.Monad.Class
[ 6 of 11] Compiling Database.Persist.Monad.Shim
[ 7 of 11] Compiling Database.Persist.Monad.Internal.SqlTransaction
[ 8 of 11] Compiling Database.Persist.Monad
[ 9 of 11] Compiling Database.Persist.Monad.TestUtils
[10 of 11] Compiling Database.Persist.Sql.Shim
[11 of 11] Compiling Paths_persistent_mtl
Configuring test suite 'persistent-mtl-test' for persistent-mtl-0.5.2...
Preprocessing test suite 'persistent-mtl-test' for persistent-mtl-0.5.2...
Building test suite 'persistent-mtl-test' for persistent-mtl-0.5.2...
[ 1 of 10] Compiling Paths_persistent_mtl
[ 2 of 10] Compiling TestUtils.DB
[ 3 of 10] Compiling Example
[ 4 of 10] Compiling READMESpec
[ 5 of 10] Compiling MockedSpec
[ 6 of 10] Compiling Generated
[ 7 of 10] Compiling SqlQueryRepSpec
[ 8 of 10] Compiling TestUtils.Esqueleto
[ 9 of 10] Compiling IntegrationSpec
[10 of 10] Compiling Main
[11 of 11] Linking dist-newstyle/build/x86_64-linux/ghc-9.10.2/persistent-mtl-0.5.2/t/persistent-mtl-test/build/persistent-mtl-test/persistent-mtl-test
