Resolving dependencies...
Build profile: -w ghc-9.10.2 -O1
In order, the following will be built (use -v for more details):
 - nettle-0.3.1.1 (lib) (first run)
 - nettle-0.3.1.1 (test:test-umac) (first run)
 - nettle-0.3.1.1 (test:test-hmac) (first run)
 - nettle-0.3.1.1 (test:test-hashes) (first run)
 - nettle-0.3.1.1 (test:test-ciphers) (first run)
Configuring library for nettle-0.3.1.1...
Warning: [git-protocol] Cloning over git:// might lead to an arbitrary code
execution vulnerability. Furthermore, popular forges like GitHub do not
support it. Use https:// or ssh:// instead.
Preprocessing library for nettle-0.3.1.1...
Building library for nettle-0.3.1.1...
[ 1 of 12] Compiling Crypto.Nettle.Hash.Types
src/Crypto/Nettle/Hash/Types.hs:55:1: warning: [GHC-66111] [-Wunused-imports]
    The import of ‘Control.Applicative’ is redundant
      except perhaps to import instances from ‘Control.Applicative’
    To import instances alone, use: import Control.Applicative()
   |
55 | import Control.Applicative ((<$>))
   | ^^^^^^^^^^^^^^^^^^^^^^^^^^^^^^^^^^

src/Crypto/Nettle/Hash/Types.hs:57:1: warning: [GHC-66111] [-Wunused-imports]
    The import of ‘Data.List’ is redundant
      except perhaps to import instances from ‘Data.List’
    To import instances alone, use: import Data.List()
   |
57 | import Data.List (foldl')
   | ^^^^^^^^^^^^^^^^^^^^^^^^^

[ 2 of 12] Compiling Crypto.Nettle.HMAC
[ 3 of 12] Compiling Crypto.Nettle.KeyedHash
[ 4 of 12] Compiling Nettle.Utils
src/Nettle/Utils.hs:34:26: warning: [GHC-38856] [-Wunused-imports]
    The import of ‘Word’ from module ‘Data.Word’ is redundant
   |
34 | import Data.Word (Word8, Word)
   |                          ^^^^

[ 5 of 12] Compiling Crypto.Nettle.Hash.ForeignImports
[ 6 of 12] Compiling Crypto.Nettle.UMAC
src/Crypto/Nettle/UMAC.hs:33:1: warning: [GHC-66111] [-Wunused-imports]
    The import of ‘Control.Applicative’ is redundant
      except perhaps to import instances from ‘Control.Applicative’
    To import instances alone, use: import Control.Applicative()
   |
33 | import Control.Applicative ((<$>))
   | ^^^^^^^^^^^^^^^^^^^^^^^^^^^^^^^^^^

src/Crypto/Nettle/UMAC.hs:34:1: warning: [GHC-66111] [-Wunused-imports]
    The import of ‘Data.List’ is redundant
      except perhaps to import instances from ‘Data.List’
    To import instances alone, use: import Data.List()
   |
34 | import Data.List (foldl')
   | ^^^^^^^^^^^^^^^^^^^^^^^^^

[ 7 of 12] Compiling Crypto.Nettle.Hash
[ 8 of 12] Compiling Crypto.Nettle.Ciphers.ForeignImports
[ 9 of 12] Compiling Crypto.Nettle.Ciphers.Internal
[10 of 12] Compiling Crypto.Nettle.ChaChaPoly1305
[11 of 12] Compiling Crypto.Nettle.CCM
src/Crypto/Nettle/CCM.hs:106:18: warning: [GHC-62161] [-Wincomplete-uni-patterns]
    Pattern match(es) are non-exhaustive
    In a pattern binding:
        Patterns of type ‘Maybe (IV cipher)’ not matched: Nothing
    |
106 | _makeIV iv = let Just iv' = makeIV iv in iv'
    |                  ^^^^^^^^^^^^^^^^^^^^

[12 of 12] Compiling Crypto.Nettle.Ciphers
Configuring test suite 'test-umac' for nettle-0.3.1.1...
Warning: [git-protocol] Cloning over git:// might lead to an arbitrary code
execution vulnerability. Furthermore, popular forges like GitHub do not
support it. Use https:// or ssh:// instead.
Preprocessing test suite 'test-umac' for nettle-0.3.1.1...
Building test suite 'test-umac' for nettle-0.3.1.1...
<no location info>: warning: [GHC-32850] [-Wmissing-home-modules]
    These modules are needed for compilation but not listed in your .cabal file's other-modules for ‘nettle-0.3.1.1-inplace-test-umac’ :
        HexUtils TestUtils VectorsUMAC

[1 of 4] Compiling HexUtils
[2 of 4] Compiling TestUtils
[3 of 4] Compiling VectorsUMAC
[4 of 4] Compiling Main
<no location info>: warning: [GHC-32850] [-Wmissing-home-modules]
    These modules are needed for compilation but not listed in your .cabal file's other-modules for ‘nettle-0.3.1.1-inplace-test-umac’ :
        HexUtils TestUtils VectorsUMAC

[5 of 5] Linking dist-newstyle/build/x86_64-linux/ghc-9.10.2/nettle-0.3.1.1/t/test-umac/build/test-umac/test-umac
Configuring test suite 'test-hmac' for nettle-0.3.1.1...
Warning: [git-protocol] Cloning over git:// might lead to an arbitrary code
execution vulnerability. Furthermore, popular forges like GitHub do not
support it. Use https:// or ssh:// instead.
Preprocessing test suite 'test-hmac' for nettle-0.3.1.1...
Building test suite 'test-hmac' for nettle-0.3.1.1...
<no location info>: warning: [GHC-32850] [-Wmissing-home-modules]
    These modules are needed for compilation but not listed in your .cabal file's other-modules for ‘nettle-0.3.1.1-inplace-test-hmac’ :
        HexUtils TestUtils VectorsHMAC

[1 of 4] Compiling HexUtils
[2 of 4] Compiling TestUtils
[3 of 4] Compiling VectorsHMAC
[4 of 4] Compiling Main
<no location info>: warning: [GHC-32850] [-Wmissing-home-modules]
    These modules are needed for compilation but not listed in your .cabal file's other-modules for ‘nettle-0.3.1.1-inplace-test-hmac’ :
        HexUtils TestUtils VectorsHMAC

[5 of 5] Linking dist-newstyle/build/x86_64-linux/ghc-9.10.2/nettle-0.3.1.1/t/test-hmac/build/test-hmac/test-hmac
Configuring test suite 'test-hashes' for nettle-0.3.1.1...
Warning: [git-protocol] Cloning over git:// might lead to an arbitrary code
execution vulnerability. Furthermore, popular forges like GitHub do not
support it. Use https:// or ssh:// instead.
Preprocessing test suite 'test-hashes' for nettle-0.3.1.1...
Building test suite 'test-hashes' for nettle-0.3.1.1...
<no location info>: warning: [GHC-32850] [-Wmissing-home-modules]
    These modules are needed for compilation but not listed in your .cabal file's other-modules for ‘nettle-0.3.1.1-inplace-test-hashes’ :
        HexUtils TestUtils VectorsHash

[1 of 4] Compiling HexUtils
[2 of 4] Compiling TestUtils
[3 of 4] Compiling VectorsHash
[4 of 4] Compiling Main
<no location info>: warning: [GHC-32850] [-Wmissing-home-modules]
    These modules are needed for compilation but not listed in your .cabal file's other-modules for ‘nettle-0.3.1.1-inplace-test-hashes’ :
        HexUtils TestUtils VectorsHash

[5 of 5] Linking dist-newstyle/build/x86_64-linux/ghc-9.10.2/nettle-0.3.1.1/t/test-hashes/build/test-hashes/test-hashes
Configuring test suite 'test-ciphers' for nettle-0.3.1.1...
Warning: [git-protocol] Cloning over git:// might lead to an arbitrary code
execution vulnerability. Furthermore, popular forges like GitHub do not
support it. Use https:// or ssh:// instead.
Preprocessing test suite 'test-ciphers' for nettle-0.3.1.1...
Building test suite 'test-ciphers' for nettle-0.3.1.1...
<no location info>: warning: [GHC-32850] [-Wmissing-home-modules]
    These modules are needed for compilation but not listed in your .cabal file's other-modules for ‘nettle-0.3.1.1-inplace-test-ciphers’ :
        HexUtils KAT.AES KAT.Utils

[1 of 4] Compiling HexUtils
[2 of 4] Compiling KAT.Utils
[3 of 4] Compiling KAT.AES
[4 of 4] Compiling Main
<no location info>: warning: [GHC-32850] [-Wmissing-home-modules]
    These modules are needed for compilation but not listed in your .cabal file's other-modules for ‘nettle-0.3.1.1-inplace-test-ciphers’ :
        HexUtils KAT.AES KAT.Utils

[5 of 5] Linking dist-newstyle/build/x86_64-linux/ghc-9.10.2/nettle-0.3.1.1/t/test-ciphers/build/test-ciphers/test-ciphers
