Resolving dependencies...
Build profile: -w ghc-9.10.2 -O1
In order, the following will be built (use -v for more details):
 - gi-gtk4-4.0.12 (lib:gi-gtk4) (first run)
[1 of 2] Compiling Main             ( /tmp/workdir-gi-gtk4/gi-gtk4-4.0.12/dist-newstyle/build/x86_64-linux/ghc-9.10.2/gi-gtk4-4.0.12/setup/setup.hs, /tmp/workdir-gi-gtk4/gi-gtk4-4.0.12/dist-newstyle/build/x86_64-linux/ghc-9.10.2/gi-gtk4-4.0.12/setup/Main.o )
[2 of 2] Linking /tmp/workdir-gi-gtk4/gi-gtk4-4.0.12/dist-newstyle/build/x86_64-linux/ghc-9.10.2/gi-gtk4-4.0.12/setup/setup
Configuring gi-gtk4-4.0.12...
Preprocessing library for gi-gtk4-4.0.12...
Building library for gi-gtk4-4.0.12...
[  1 of 650] Compiling GI.Gtk.Config
[  2 of 650] Compiling GI.Gtk.Constants
[  3 of 650] Compiling GI.Gtk.Enums[boot]
[  4 of 650] Compiling GI.Gtk.Enums
[  5 of 650] Compiling GI.Gtk.Flags[boot]
[  6 of 650] Compiling GI.Gtk.Flags
[  7 of 650] Compiling GI.Gtk.Interfaces.Buildable[boot]
[  8 of 650] Compiling GI.Gtk.Interfaces.Buildable
[  9 of 650] Compiling GI.Gtk.Interfaces.BuilderScope[boot]
[ 10 of 650] Compiling GI.Gtk.Interfaces.BuilderScope
[ 11 of 650] Compiling GI.Gtk.Interfaces.ColorChooser[boot]
[ 12 of 650] Compiling GI.Gtk.Interfaces.ColorChooser
[ 13 of 650] Compiling GI.Gtk.Interfaces.ConstraintTarget[boot]
[ 14 of 650] Compiling GI.Gtk.Interfaces.ConstraintTarget
[ 15 of 650] Compiling GI.Gtk.Interfaces.Orientable[boot]
[ 16 of 650] Compiling GI.Gtk.Interfaces.Orientable
[ 17 of 650] Compiling GI.Gtk.Interfaces.SectionModel[boot]
[ 18 of 650] Compiling GI.Gtk.Interfaces.SectionModel
[ 19 of 650] Compiling GI.Gtk.Interfaces.ShortcutManager[boot]
[ 20 of 650] Compiling GI.Gtk.Interfaces.ShortcutManager
[ 21 of 650] Compiling GI.Gtk.Interfaces.StyleProvider[boot]
[ 22 of 650] Compiling GI.Gtk.Interfaces.StyleProvider
[ 23 of 650] Compiling GI.Gtk.Interfaces.SymbolicPaintable[boot]
[ 24 of 650] Compiling GI.Gtk.Interfaces.SymbolicPaintable
[ 25 of 650] Compiling GI.Gtk.Interfaces.Accessible[boot]
[ 26 of 650] Compiling GI.Gtk.Objects.ATContext[boot]
[ 27 of 650] Compiling GI.Gtk.Objects.ATContext
[ 28 of 650] Compiling GI.Gtk.Interfaces.Accessible
[ 29 of 650] Compiling GI.Gtk.Interfaces.AccessibleText[boot]
[ 30 of 650] Compiling GI.Gtk.Interfaces.AccessibleText
[ 31 of 650] Compiling GI.Gtk.Interfaces.AccessibleRange[boot]
[ 32 of 650] Compiling GI.Gtk.Interfaces.AccessibleRange
[ 33 of 650] Compiling GI.Gtk.Objects.Adjustment[boot]
[ 34 of 650] Compiling GI.Gtk.Objects.Adjustment
[ 35 of 650] Compiling GI.Gtk.Objects.BookmarkList[boot]
[ 36 of 650] Compiling GI.Gtk.Objects.BookmarkList
[ 37 of 650] Compiling GI.Gtk.Objects.Builder[boot]
[ 38 of 650] Compiling GI.Gtk.Objects.Builder
[ 39 of 650] Compiling GI.Gtk.Objects.BuilderCScope[boot]
[ 40 of 650] Compiling GI.Gtk.Objects.BuilderCScope
[ 41 of 650] Compiling GI.Gtk.Objects.ColumnViewRow[boot]
[ 42 of 650] Compiling GI.Gtk.Objects.ColumnViewRow
[ 43 of 650] Compiling GI.Gtk.Objects.Constraint[boot]
[ 44 of 650] Compiling GI.Gtk.Objects.Constraint
[ 45 of 650] Compiling GI.Gtk.Objects.ConstraintGuide[boot]
[ 46 of 650] Compiling GI.Gtk.Objects.ConstraintGuide
[ 47 of 650] Compiling GI.Gtk.Objects.DirectoryList[boot]
[ 48 of 650] Compiling GI.Gtk.Objects.DirectoryList
[ 49 of 650] Compiling GI.Gtk.Objects.EntryBuffer[boot]
[ 50 of 650] Compiling GI.Gtk.Objects.EntryBuffer
[ 51 of 650] Compiling GI.Gtk.Objects.Filter[boot]
[ 52 of 650] Compiling GI.Gtk.Objects.Filter
[ 53 of 650] Compiling GI.Gtk.Objects.FileFilter[boot]
[ 54 of 650] Compiling GI.Gtk.Objects.FileFilter
[ 55 of 650] Compiling GI.Gtk.Interfaces.FileChooser[boot]
[ 56 of 650] Compiling GI.Gtk.Interfaces.FileChooser
[ 57 of 650] Compiling GI.Gtk.Objects.FilterListModel[boot]
[ 58 of 650] Compiling GI.Gtk.Objects.FilterListModel
[ 59 of 650] Compiling GI.Gtk.Objects.FlattenListModel[boot]
[ 60 of 650] Compiling GI.Gtk.Objects.FlattenListModel
[ 61 of 650] Compiling GI.Gtk.Objects.IconPaintable[boot]
[ 62 of 650] Compiling GI.Gtk.Objects.IconPaintable
[ 63 of 650] Compiling GI.Gtk.Objects.IconTheme[boot]
[ 64 of 650] Compiling GI.Gtk.Objects.IconTheme
[ 65 of 650] Compiling GI.Gtk.Objects.ListItemFactory[boot]
[ 66 of 650] Compiling GI.Gtk.Objects.ListItemFactory
[ 67 of 650] Compiling GI.Gtk.Objects.BuilderListItemFactory[boot]
[ 68 of 650] Compiling GI.Gtk.Objects.BuilderListItemFactory
[ 69 of 650] Compiling GI.Gtk.Objects.MediaStream[boot]
[ 70 of 650] Compiling GI.Gtk.Objects.MediaStream
[ 71 of 650] Compiling GI.Gtk.Objects.MediaFile[boot]
[ 72 of 650] Compiling GI.Gtk.Objects.MediaFile
[ 73 of 650] Compiling GI.Gtk.Objects.MultiFilter[boot]
[ 74 of 650] Compiling GI.Gtk.Objects.MultiFilter
[ 75 of 650] Compiling GI.Gtk.Objects.EveryFilter[boot]
[ 76 of 650] Compiling GI.Gtk.Objects.EveryFilter
[ 77 of 650] Compiling GI.Gtk.Objects.AnyFilter[boot]
[ 78 of 650] Compiling GI.Gtk.Objects.AnyFilter
[ 79 of 650] Compiling GI.Gtk.Objects.ParamSpecExpression[boot]
[ 80 of 650] Compiling GI.Gtk.Objects.ParamSpecExpression
[ 81 of 650] Compiling GI.Gtk.Objects.PasswordEntryBuffer[boot]
[ 82 of 650] Compiling GI.Gtk.Objects.PasswordEntryBuffer
[ 83 of 650] Compiling GI.Gtk.Objects.Settings[boot]
[ 84 of 650] Compiling GI.Gtk.Objects.Settings
[ 85 of 650] Compiling GI.Gtk.Objects.ShortcutTrigger[boot]
[ 86 of 650] Compiling GI.Gtk.Objects.ShortcutTrigger
[ 87 of 650] Compiling GI.Gtk.Objects.NeverTrigger[boot]
[ 88 of 650] Compiling GI.Gtk.Objects.NeverTrigger
[ 89 of 650] Compiling GI.Gtk.Objects.MnemonicTrigger[boot]
[ 90 of 650] Compiling GI.Gtk.Objects.MnemonicTrigger
[ 91 of 650] Compiling GI.Gtk.Objects.KeyvalTrigger[boot]
[ 92 of 650] Compiling GI.Gtk.Objects.KeyvalTrigger
[ 93 of 650] Compiling GI.Gtk.Objects.AlternativeTrigger[boot]
[ 94 of 650] Compiling GI.Gtk.Objects.AlternativeTrigger
[ 95 of 650] Compiling GI.Gtk.Objects.SignalListItemFactory[boot]
[ 96 of 650] Compiling GI.Gtk.Objects.SignalListItemFactory
[ 97 of 650] Compiling GI.Gtk.Objects.SliceListModel[boot]
[ 98 of 650] Compiling GI.Gtk.Objects.SliceListModel
[ 99 of 650] Compiling GI.Gtk.Objects.Sorter[boot]
[100 of 650] Compiling GI.Gtk.Objects.Sorter
[101 of 650] Compiling GI.Gtk.Objects.SortListModel[boot]
[102 of 650] Compiling GI.Gtk.Objects.SortListModel
[103 of 650] Compiling GI.Gtk.Objects.MultiSorter[boot]
[104 of 650] Compiling GI.Gtk.Objects.MultiSorter
[105 of 650] Compiling GI.Gtk.Objects.CustomSorter[boot]
[106 of 650] Compiling GI.Gtk.Objects.CustomSorter
[107 of 650] Compiling GI.Gtk.Objects.StringList[boot]
[108 of 650] Compiling GI.Gtk.Objects.StringList
[109 of 650] Compiling GI.Gtk.Objects.StringObject[boot]
[110 of 650] Compiling GI.Gtk.Objects.StringObject
[111 of 650] Compiling GI.Gtk.Objects.TextTag[boot]
[112 of 650] Compiling GI.Gtk.Objects.TextTag
[113 of 650] Compiling GI.Gtk.Objects.TreeListRow[boot]
[114 of 650] Compiling GI.Gtk.Objects.TreeListRow
[115 of 650] Compiling GI.Gtk.Objects.TreeListRowSorter[boot]
[116 of 650] Compiling GI.Gtk.Objects.TreeListRowSorter
[117 of 650] Compiling GI.Gtk.Structs.AccessibleList[boot]
[118 of 650] Compiling GI.Gtk.Structs.AccessibleList
[119 of 650] Compiling GI.Gtk.Structs.AccessibleTextRange[boot]
[120 of 650] Compiling GI.Gtk.Structs.AccessibleTextRange
[121 of 650] Compiling GI.Gtk.Structs.Bitset[boot]
[122 of 650] Compiling GI.Gtk.Structs.Bitset
[123 of 650] Compiling GI.Gtk.Interfaces.SelectionModel[boot]
[124 of 650] Compiling GI.Gtk.Interfaces.SelectionModel
[125 of 650] Compiling GI.Gtk.Objects.SingleSelection[boot]
[126 of 650] Compiling GI.Gtk.Objects.SingleSelection
[127 of 650] Compiling GI.Gtk.Objects.SelectionFilterModel[boot]
[128 of 650] Compiling GI.Gtk.Objects.SelectionFilterModel
[129 of 650] Compiling GI.Gtk.Objects.NoSelection[boot]
[130 of 650] Compiling GI.Gtk.Objects.NoSelection
[131 of 650] Compiling GI.Gtk.Objects.MultiSelection[boot]
[132 of 650] Compiling GI.Gtk.Objects.MultiSelection
[133 of 650] Compiling GI.Gtk.Structs.BitsetIter[boot]
[134 of 650] Compiling GI.Gtk.Structs.BitsetIter
[135 of 650] Compiling GI.Gtk.Structs.Border[boot]
[136 of 650] Compiling GI.Gtk.Structs.Border
[137 of 650] Compiling GI.Gtk.Objects.StyleContext[boot]
[138 of 650] Compiling GI.Gtk.Objects.StyleContext
[139 of 650] Compiling GI.Gtk.Objects.Snapshot[boot]
[140 of 650] Compiling GI.Gtk.Objects.Snapshot
[141 of 650] Compiling GI.Gtk.Interfaces.Scrollable[boot]
[142 of 650] Compiling GI.Gtk.Interfaces.Scrollable
[143 of 650] Compiling GI.Gtk.Structs.CssLocation[boot]
[144 of 650] Compiling GI.Gtk.Structs.CssLocation
[145 of 650] Compiling GI.Gtk.Structs.CssSection[boot]
[146 of 650] Compiling GI.Gtk.Structs.CssSection
[147 of 650] Compiling GI.Gtk.Objects.CssProvider[boot]
[148 of 650] Compiling GI.Gtk.Objects.CssProvider
[149 of 650] Compiling GI.Gtk.Structs.CssStyleChange[boot]
[150 of 650] Compiling GI.Gtk.Structs.CssStyleChange
[151 of 650] Compiling GI.Gtk.Structs.ExpressionWatch[boot]
[152 of 650] Compiling GI.Gtk.Structs.ExpressionWatch
[153 of 650] Compiling GI.Gtk.Structs.PadActionEntry[boot]
[154 of 650] Compiling GI.Gtk.Structs.PadActionEntry
[155 of 650] Compiling GI.Gtk.Structs.PageRange[boot]
[156 of 650] Compiling GI.Gtk.Structs.PageRange
[157 of 650] Compiling GI.Gtk.Structs.PaperSize[boot]
[158 of 650] Compiling GI.Gtk.Structs.PaperSize
[159 of 650] Compiling GI.Gtk.Objects.PageSetup[boot]
[160 of 650] Compiling GI.Gtk.Objects.PageSetup
[161 of 650] Compiling GI.Gtk.Objects.PrintContext[boot]
[162 of 650] Compiling GI.Gtk.Objects.PrintContext
[163 of 650] Compiling GI.Gtk.Interfaces.PrintOperationPreview[boot]
[164 of 650] Compiling GI.Gtk.Interfaces.PrintOperationPreview
[165 of 650] Compiling GI.Gtk.Structs.PrintBackend[boot]
[166 of 650] Compiling GI.Gtk.Structs.PrintBackend
[167 of 650] Compiling GI.Gtk.Objects.Printer[boot]
[168 of 650] Compiling GI.Gtk.Objects.Printer
[169 of 650] Compiling GI.Gtk.Structs.RecentData[boot]
[170 of 650] Compiling GI.Gtk.Structs.RecentData
[171 of 650] Compiling GI.Gtk.Structs.RecentInfo[boot]
[172 of 650] Compiling GI.Gtk.Structs.RecentInfo
[173 of 650] Compiling GI.Gtk.Objects.RecentManager[boot]
[174 of 650] Compiling GI.Gtk.Objects.RecentManager
[175 of 650] Compiling GI.Gtk.Structs.RequestedSize[boot]
[176 of 650] Compiling GI.Gtk.Structs.RequestedSize
[177 of 650] Compiling GI.Gtk.Structs.Requisition[boot]
[178 of 650] Compiling GI.Gtk.Structs.Requisition
[179 of 650] Compiling GI.Gtk.Structs.ScrollInfo[boot]
[180 of 650] Compiling GI.Gtk.Structs.ScrollInfo
[181 of 650] Compiling GI.Gtk.Structs.TreeIter[boot]
[182 of 650] Compiling GI.Gtk.Structs.TreeIter
[183 of 650] Compiling GI.Gtk.Structs.TreePath[boot]
[184 of 650] Compiling GI.Gtk.Structs.TreePath
[185 of 650] Compiling GI.Gtk.Interfaces.TreeDragSource[boot]
[186 of 650] Compiling GI.Gtk.Interfaces.TreeDragSource
[187 of 650] Compiling GI.Gtk.Interfaces.TreeDragDest[boot]
[188 of 650] Compiling GI.Gtk.Interfaces.TreeDragDest
[189 of 650] Compiling GI.Gtk.Objects.DrawingArea[boot]
[190 of 650] Compiling GI.Gtk.Objects.EntryCompletion[boot]
[191 of 650] Compiling GI.Gtk.Objects.FlowBox[boot]
[192 of 650] Compiling GI.Gtk.Objects.FlowBoxChild[boot]
[193 of 650] Compiling GI.Gtk.Objects.IconView[boot]
[194 of 650] Compiling GI.Gtk.Objects.ListBox[boot]
[195 of 650] Compiling GI.Gtk.Interfaces.Actionable[boot]
[196 of 650] Compiling GI.Gtk.Objects.ListBoxRow[boot]
[197 of 650] Compiling GI.Gtk.Objects.MenuButton[boot]
[198 of 650] Compiling GI.Gtk.Objects.Popover[boot]
[199 of 650] Compiling GI.Gtk.Objects.PrintJob[boot]
[200 of 650] Compiling GI.Gtk.Objects.PrintSettings[boot]
[201 of 650] Compiling GI.Gtk.Objects.Range[boot]
[202 of 650] Compiling GI.Gtk.Objects.Scale[boot]
[203 of 650] Compiling GI.Gtk.Interfaces.Editable[boot]
[204 of 650] Compiling GI.Gtk.Objects.TreeSelection[boot]
[205 of 650] Compiling GI.Gtk.Objects.TreeView[boot]
[206 of 650] Compiling GI.Gtk.Interfaces.CellLayout[boot]
[207 of 650] Compiling GI.Gtk.Interfaces.TreeModel[boot]
[208 of 650] Compiling GI.Gtk.Objects.CellArea[boot]
[209 of 650] Compiling GI.Gtk.Objects.CellAreaContext[boot]
[210 of 650] Compiling GI.Gtk.Interfaces.CellEditable[boot]
[211 of 650] Compiling GI.Gtk.Objects.CellRenderer[boot]
[212 of 650] Compiling GI.Gtk.Objects.TreeViewColumn[boot]
[213 of 650] Compiling GI.Gtk.Interfaces.Native[boot]
[214 of 650] Compiling GI.Gtk.Interfaces.Root[boot]
[215 of 650] Compiling GI.Gtk.Objects.EventController[boot]
[216 of 650] Compiling GI.Gtk.Objects.LayoutChild[boot]
[217 of 650] Compiling GI.Gtk.Objects.LayoutManager[boot]
[218 of 650] Compiling GI.Gtk.Objects.Tooltip[boot]
[219 of 650] Compiling GI.Gtk.Objects.Widget[boot]
[220 of 650] Compiling GI.Gtk.Structs.BuildableParseContext[boot]
[221 of 650] Compiling GI.Gtk.Structs.BuildableParser[boot]
[222 of 650] Compiling GI.Gtk.Callbacks
[223 of 650] Compiling GI.Gtk.Objects.Widget
[224 of 650] Compiling GI.Gtk.Objects.Tooltip
[225 of 650] Compiling GI.Gtk.Objects.LayoutManager
[226 of 650] Compiling GI.Gtk.Objects.LayoutChild
[227 of 650] Compiling GI.Gtk.Objects.EventController
[228 of 650] Compiling GI.Gtk.Interfaces.Root
[229 of 650] Compiling GI.Gtk.Interfaces.Native
[230 of 650] Compiling GI.Gtk.Objects.TreeViewColumn
[231 of 650] Compiling GI.Gtk.Objects.CellRenderer
[232 of 650] Compiling GI.Gtk.Interfaces.CellEditable
[233 of 650] Compiling GI.Gtk.Objects.CellAreaContext
[234 of 650] Compiling GI.Gtk.Objects.CellArea
[235 of 650] Compiling GI.Gtk.Interfaces.TreeModel
[236 of 650] Compiling GI.Gtk.Interfaces.CellLayout
[237 of 650] Compiling GI.Gtk.Objects.TreeView
[238 of 650] Compiling GI.Gtk.Objects.TreeSelection
[239 of 650] Compiling GI.Gtk.Interfaces.Editable
[240 of 650] Compiling GI.Gtk.Objects.Scale
[241 of 650] Compiling GI.Gtk.Objects.Range
[242 of 650] Compiling GI.Gtk.Objects.PrintSettings
[243 of 650] Compiling GI.Gtk.Objects.PrintJob
[244 of 650] Compiling GI.Gtk.Objects.Popover
[245 of 650] Compiling GI.Gtk.Objects.MenuButton
[246 of 650] Compiling GI.Gtk.Objects.ListBoxRow
[247 of 650] Compiling GI.Gtk.Interfaces.Actionable
[248 of 650] Compiling GI.Gtk.Objects.ListBox
[249 of 650] Compiling GI.Gtk.Objects.IconView
[250 of 650] Compiling GI.Gtk.Objects.FlowBoxChild
[251 of 650] Compiling GI.Gtk.Objects.FlowBox
[252 of 650] Compiling GI.Gtk.Objects.EntryCompletion
[253 of 650] Compiling GI.Gtk.Objects.DrawingArea
[254 of 650] Compiling GI.Gtk.Structs.BuildableParser
[255 of 650] Compiling GI.Gtk.Structs.BuildableParseContext
[256 of 650] Compiling GI.Gtk.Objects.TreeListModel[boot]
[257 of 650] Compiling GI.Gtk.Objects.TreeListModel
[258 of 650] Compiling GI.Gtk.Objects.TextTagTable[boot]
[259 of 650] Compiling GI.Gtk.Objects.TextTagTable
[260 of 650] Compiling GI.Gtk.Structs.PrintSetup[boot]
[261 of 650] Compiling GI.Gtk.Structs.PrintSetup
[262 of 650] Compiling GI.Gtk.Objects.MapListModel[boot]
[263 of 650] Compiling GI.Gtk.Objects.MapListModel
[264 of 650] Compiling GI.Gtk.Objects.Expression[boot]
[265 of 650] Compiling GI.Gtk.Objects.Expression
[266 of 650] Compiling GI.Gtk.Objects.StringSorter[boot]
[267 of 650] Compiling GI.Gtk.Objects.StringSorter
[268 of 650] Compiling GI.Gtk.Objects.StringFilter[boot]
[269 of 650] Compiling GI.Gtk.Objects.StringFilter
[270 of 650] Compiling GI.Gtk.Objects.PropertyExpression[boot]
[271 of 650] Compiling GI.Gtk.Objects.PropertyExpression
[272 of 650] Compiling GI.Gtk.Objects.ObjectExpression[boot]
[273 of 650] Compiling GI.Gtk.Objects.ObjectExpression
[274 of 650] Compiling GI.Gtk.Objects.NumericSorter[boot]
[275 of 650] Compiling GI.Gtk.Objects.NumericSorter
[276 of 650] Compiling GI.Gtk.Objects.CustomFilter[boot]
[277 of 650] Compiling GI.Gtk.Objects.CustomFilter
[278 of 650] Compiling GI.Gtk.Objects.ConstantExpression[boot]
[279 of 650] Compiling GI.Gtk.Objects.ConstantExpression
[280 of 650] Compiling GI.Gtk.Objects.ClosureExpression[boot]
[281 of 650] Compiling GI.Gtk.Objects.ClosureExpression
[282 of 650] Compiling GI.Gtk.Objects.CClosureExpression[boot]
[283 of 650] Compiling GI.Gtk.Objects.CClosureExpression
[284 of 650] Compiling GI.Gtk.Objects.BoolFilter[boot]
[285 of 650] Compiling GI.Gtk.Objects.BoolFilter
[286 of 650] Compiling GI.Gtk.Objects.TreeModelFilter[boot]
[287 of 650] Compiling GI.Gtk.Objects.TreeModelFilter
[288 of 650] Compiling GI.Gtk.Interfaces.TreeSortable[boot]
[289 of 650] Compiling GI.Gtk.Interfaces.TreeSortable
[290 of 650] Compiling GI.Gtk.Objects.TreeStore[boot]
[291 of 650] Compiling GI.Gtk.Objects.TreeStore
[292 of 650] Compiling GI.Gtk.Objects.TreeModelSort[boot]
[293 of 650] Compiling GI.Gtk.Objects.TreeModelSort
[294 of 650] Compiling GI.Gtk.Objects.ListStore[boot]
[295 of 650] Compiling GI.Gtk.Objects.ListStore
[296 of 650] Compiling GI.Gtk.Objects.WindowHandle[boot]
[297 of 650] Compiling GI.Gtk.Objects.WindowHandle
[298 of 650] Compiling GI.Gtk.Objects.WindowControls[boot]
[299 of 650] Compiling GI.Gtk.Objects.WindowControls
[300 of 650] Compiling GI.Gtk.Objects.WidgetPaintable[boot]
[301 of 650] Compiling GI.Gtk.Objects.WidgetPaintable
[302 of 650] Compiling GI.Gtk.Objects.Viewport[boot]
[303 of 650] Compiling GI.Gtk.Objects.Viewport
[304 of 650] Compiling GI.Gtk.Objects.Video[boot]
[305 of 650] Compiling GI.Gtk.Objects.Video
[306 of 650] Compiling GI.Gtk.Objects.TreeExpander[boot]
[307 of 650] Compiling GI.Gtk.Objects.TreeExpander
[308 of 650] Compiling GI.Gtk.Objects.TextChildAnchor[boot]
[309 of 650] Compiling GI.Gtk.Objects.TextChildAnchor
[310 of 650] Compiling GI.Gtk.Objects.TextMark[boot]
[311 of 650] Compiling GI.Gtk.Structs.TextIter[boot]
[312 of 650] Compiling GI.Gtk.Objects.TextBuffer[boot]
[313 of 650] Compiling GI.Gtk.Objects.TextBuffer
[314 of 650] Compiling GI.Gtk.Structs.TextIter
[315 of 650] Compiling GI.Gtk.Objects.TextMark
[316 of 650] Compiling GI.Gtk.Objects.TextView[boot]
[317 of 650] Compiling GI.Gtk.Objects.TextView
[318 of 650] Compiling GI.Gtk.Objects.Statusbar[boot]
[319 of 650] Compiling GI.Gtk.Objects.Statusbar
[320 of 650] Compiling GI.Gtk.Objects.StackPage[boot]
[321 of 650] Compiling GI.Gtk.Objects.StackPage
[322 of 650] Compiling GI.Gtk.Objects.Stack[boot]
[323 of 650] Compiling GI.Gtk.Objects.Stack
[324 of 650] Compiling GI.Gtk.Objects.StackSwitcher[boot]
[325 of 650] Compiling GI.Gtk.Objects.StackSwitcher
[326 of 650] Compiling GI.Gtk.Objects.StackSidebar[boot]
[327 of 650] Compiling GI.Gtk.Objects.StackSidebar
[328 of 650] Compiling GI.Gtk.Objects.Spinner[boot]
[329 of 650] Compiling GI.Gtk.Objects.Spinner
[330 of 650] Compiling GI.Gtk.Objects.SizeGroup[boot]
[331 of 650] Compiling GI.Gtk.Objects.SizeGroup
[332 of 650] Compiling GI.Gtk.Objects.ShortcutsShortcut[boot]
[333 of 650] Compiling GI.Gtk.Objects.ShortcutsShortcut
[334 of 650] Compiling GI.Gtk.Objects.ShortcutLabel[boot]
[335 of 650] Compiling GI.Gtk.Objects.ShortcutLabel
[336 of 650] Compiling GI.Gtk.Objects.ShortcutAction[boot]
[337 of 650] Compiling GI.Gtk.Objects.ShortcutAction
[338 of 650] Compiling GI.Gtk.Objects.SignalAction[boot]
[339 of 650] Compiling GI.Gtk.Objects.SignalAction
[340 of 650] Compiling GI.Gtk.Objects.Shortcut[boot]
[341 of 650] Compiling GI.Gtk.Objects.Shortcut
[342 of 650] Compiling GI.Gtk.Objects.ShortcutController[boot]
[343 of 650] Compiling GI.Gtk.Objects.ShortcutController
[344 of 650] Compiling GI.Gtk.Objects.Separator[boot]
[345 of 650] Compiling GI.Gtk.Objects.Separator
[346 of 650] Compiling GI.Gtk.Objects.ScrolledWindow[boot]
[347 of 650] Compiling GI.Gtk.Objects.ScrolledWindow
[348 of 650] Compiling GI.Gtk.Objects.Scrollbar[boot]
[349 of 650] Compiling GI.Gtk.Objects.Scrollbar
[350 of 650] Compiling GI.Gtk.Objects.Revealer[boot]
[351 of 650] Compiling GI.Gtk.Objects.Revealer
[352 of 650] Compiling GI.Gtk.Objects.ProgressBar[boot]
[353 of 650] Compiling GI.Gtk.Objects.ProgressBar
[354 of 650] Compiling GI.Gtk.Objects.PopoverMenuBar[boot]
[355 of 650] Compiling GI.Gtk.Objects.PopoverMenuBar
[356 of 650] Compiling GI.Gtk.Objects.PopoverMenu[boot]
[357 of 650] Compiling GI.Gtk.Objects.PopoverMenu
[358 of 650] Compiling GI.Gtk.Objects.Picture[boot]
[359 of 650] Compiling GI.Gtk.Objects.Picture
[360 of 650] Compiling GI.Gtk.Objects.Paned[boot]
[361 of 650] Compiling GI.Gtk.Objects.Paned
[362 of 650] Compiling GI.Gtk.Objects.PadController[boot]
[363 of 650] Compiling GI.Gtk.Objects.PadController
[364 of 650] Compiling GI.Gtk.Objects.OverlayLayoutChild[boot]
[365 of 650] Compiling GI.Gtk.Objects.OverlayLayoutChild
[366 of 650] Compiling GI.Gtk.Objects.OverlayLayout[boot]
[367 of 650] Compiling GI.Gtk.Objects.OverlayLayout
[368 of 650] Compiling GI.Gtk.Objects.Overlay[boot]
[369 of 650] Compiling GI.Gtk.Objects.Overlay
[370 of 650] Compiling GI.Gtk.Objects.NothingAction[boot]
[371 of 650] Compiling GI.Gtk.Objects.NothingAction
[372 of 650] Compiling GI.Gtk.Objects.NotebookPage[boot]
[373 of 650] Compiling GI.Gtk.Objects.NotebookPage
[374 of 650] Compiling GI.Gtk.Objects.Notebook[boot]
[375 of 650] Compiling GI.Gtk.Objects.Notebook
[376 of 650] Compiling GI.Gtk.Objects.NamedAction[boot]
[377 of 650] Compiling GI.Gtk.Objects.NamedAction
[378 of 650] Compiling GI.Gtk.Objects.MnemonicAction[boot]
[379 of 650] Compiling GI.Gtk.Objects.MnemonicAction
[380 of 650] Compiling GI.Gtk.Objects.MediaControls[boot]
[381 of 650] Compiling GI.Gtk.Objects.MediaControls
[382 of 650] Compiling GI.Gtk.Objects.ListItem[boot]
[383 of 650] Compiling GI.Gtk.Objects.ListItem
[384 of 650] Compiling GI.Gtk.Objects.ListHeader[boot]
[385 of 650] Compiling GI.Gtk.Objects.ListHeader
[386 of 650] Compiling GI.Gtk.Objects.ListBase[boot]
[387 of 650] Compiling GI.Gtk.Objects.ListBase
[388 of 650] Compiling GI.Gtk.Objects.ListView[boot]
[389 of 650] Compiling GI.Gtk.Objects.ListView
[390 of 650] Compiling GI.Gtk.Objects.LevelBar[boot]
[391 of 650] Compiling GI.Gtk.Objects.LevelBar
[392 of 650] Compiling GI.Gtk.Objects.Label[boot]
[393 of 650] Compiling GI.Gtk.Objects.Label
[394 of 650] Compiling GI.Gtk.Objects.Inscription[boot]
[395 of 650] Compiling GI.Gtk.Objects.Inscription
[396 of 650] Compiling GI.Gtk.Objects.Image[boot]
[397 of 650] Compiling GI.Gtk.Objects.Image
[398 of 650] Compiling GI.Gtk.Objects.IMContext[boot]
[399 of 650] Compiling GI.Gtk.Objects.IMContext
[400 of 650] Compiling GI.Gtk.Objects.IMMulticontext[boot]
[401 of 650] Compiling GI.Gtk.Objects.IMMulticontext
[402 of 650] Compiling GI.Gtk.Objects.IMContextSimple[boot]
[403 of 650] Compiling GI.Gtk.Objects.IMContextSimple
[404 of 650] Compiling GI.Gtk.Objects.HeaderBar[boot]
[405 of 650] Compiling GI.Gtk.Objects.HeaderBar
[406 of 650] Compiling GI.Gtk.Objects.GridView[boot]
[407 of 650] Compiling GI.Gtk.Objects.GridView
[408 of 650] Compiling GI.Gtk.Objects.GridLayoutChild[boot]
[409 of 650] Compiling GI.Gtk.Objects.GridLayoutChild
[410 of 650] Compiling GI.Gtk.Objects.GridLayout[boot]
[411 of 650] Compiling GI.Gtk.Objects.GridLayout
[412 of 650] Compiling GI.Gtk.Objects.Grid[boot]
[413 of 650] Compiling GI.Gtk.Objects.Grid
[414 of 650] Compiling GI.Gtk.Objects.GraphicsOffload[boot]
[415 of 650] Compiling GI.Gtk.Objects.GraphicsOffload
[416 of 650] Compiling GI.Gtk.Objects.Gesture[boot]
[417 of 650] Compiling GI.Gtk.Objects.Gesture
[418 of 650] Compiling GI.Gtk.Objects.GestureZoom[boot]
[419 of 650] Compiling GI.Gtk.Objects.GestureZoom
[420 of 650] Compiling GI.Gtk.Objects.GestureSingle[boot]
[421 of 650] Compiling GI.Gtk.Objects.GestureSingle
[422 of 650] Compiling GI.Gtk.Objects.GestureSwipe[boot]
[423 of 650] Compiling GI.Gtk.Objects.GestureSwipe
[424 of 650] Compiling GI.Gtk.Objects.GestureStylus[boot]
[425 of 650] Compiling GI.Gtk.Objects.GestureStylus
[426 of 650] Compiling GI.Gtk.Objects.GestureRotate[boot]
[427 of 650] Compiling GI.Gtk.Objects.GestureRotate
[428 of 650] Compiling GI.Gtk.Objects.GestureLongPress[boot]
[429 of 650] Compiling GI.Gtk.Objects.GestureLongPress
[430 of 650] Compiling GI.Gtk.Objects.GestureDrag[boot]
[431 of 650] Compiling GI.Gtk.Objects.GestureDrag
[432 of 650] Compiling GI.Gtk.Objects.GesturePan[boot]
[433 of 650] Compiling GI.Gtk.Objects.GesturePan
[434 of 650] Compiling GI.Gtk.Objects.GestureClick[boot]
[435 of 650] Compiling GI.Gtk.Objects.GestureClick
[436 of 650] Compiling GI.Gtk.Objects.GLArea[boot]
[437 of 650] Compiling GI.Gtk.Objects.GLArea
[438 of 650] Compiling GI.Gtk.Objects.Frame[boot]
[439 of 650] Compiling GI.Gtk.Objects.Frame
[440 of 650] Compiling GI.Gtk.Objects.FixedLayoutChild[boot]
[441 of 650] Compiling GI.Gtk.Objects.FixedLayoutChild
[442 of 650] Compiling GI.Gtk.Objects.FixedLayout[boot]
[443 of 650] Compiling GI.Gtk.Objects.FixedLayout
[444 of 650] Compiling GI.Gtk.Objects.Fixed[boot]
[445 of 650] Compiling GI.Gtk.Objects.Fixed
[446 of 650] Compiling GI.Gtk.Objects.FileChooserWidget[boot]
[447 of 650] Compiling GI.Gtk.Objects.FileChooserWidget
[448 of 650] Compiling GI.Gtk.Objects.Expander[boot]
[449 of 650] Compiling GI.Gtk.Objects.Expander
[450 of 650] Compiling GI.Gtk.Objects.EventControllerScroll[boot]
[451 of 650] Compiling GI.Gtk.Objects.EventControllerScroll
[452 of 650] Compiling GI.Gtk.Objects.EventControllerMotion[boot]
[453 of 650] Compiling GI.Gtk.Objects.EventControllerMotion
[454 of 650] Compiling GI.Gtk.Objects.EventControllerLegacy[boot]
[455 of 650] Compiling GI.Gtk.Objects.EventControllerLegacy
[456 of 650] Compiling GI.Gtk.Objects.EventControllerKey[boot]
[457 of 650] Compiling GI.Gtk.Objects.EventControllerKey
[458 of 650] Compiling GI.Gtk.Objects.EventControllerFocus[boot]
[459 of 650] Compiling GI.Gtk.Objects.EventControllerFocus
[460 of 650] Compiling GI.Gtk.Objects.EmojiChooser[boot]
[461 of 650] Compiling GI.Gtk.Objects.EmojiChooser
[462 of 650] Compiling GI.Gtk.Objects.DropTargetAsync[boot]
[463 of 650] Compiling GI.Gtk.Objects.DropTargetAsync
[464 of 650] Compiling GI.Gtk.Objects.DropTarget[boot]
[465 of 650] Compiling GI.Gtk.Objects.DropTarget
[466 of 650] Compiling GI.Gtk.Objects.DropDown[boot]
[467 of 650] Compiling GI.Gtk.Objects.DropDown
[468 of 650] Compiling GI.Gtk.Objects.DropControllerMotion[boot]
[469 of 650] Compiling GI.Gtk.Objects.DropControllerMotion
[470 of 650] Compiling GI.Gtk.Objects.DragSource[boot]
[471 of 650] Compiling GI.Gtk.Objects.DragSource
[472 of 650] Compiling GI.Gtk.Objects.DragIcon[boot]
[473 of 650] Compiling GI.Gtk.Objects.DragIcon
[474 of 650] Compiling GI.Gtk.Objects.CustomLayout[boot]
[475 of 650] Compiling GI.Gtk.Objects.CustomLayout
[476 of 650] Compiling GI.Gtk.Objects.ConstraintLayoutChild[boot]
[477 of 650] Compiling GI.Gtk.Objects.ConstraintLayoutChild
[478 of 650] Compiling GI.Gtk.Objects.ConstraintLayout[boot]
[479 of 650] Compiling GI.Gtk.Objects.ConstraintLayout
[480 of 650] Compiling GI.Gtk.Objects.ColumnViewCell[boot]
[481 of 650] Compiling GI.Gtk.Objects.ColumnViewCell
[482 of 650] Compiling GI.Gtk.Objects.ColumnViewColumn[boot]
[483 of 650] Compiling GI.Gtk.Objects.ColumnView[boot]
[484 of 650] Compiling GI.Gtk.Objects.ColumnView
[485 of 650] Compiling GI.Gtk.Objects.ColumnViewColumn
[486 of 650] Compiling GI.Gtk.Objects.ColumnViewSorter[boot]
[487 of 650] Compiling GI.Gtk.Objects.ColumnViewSorter
[488 of 650] Compiling GI.Gtk.Objects.ColorChooserWidget[boot]
[489 of 650] Compiling GI.Gtk.Objects.ColorChooserWidget
[490 of 650] Compiling GI.Gtk.Objects.ColorButton[boot]
[491 of 650] Compiling GI.Gtk.Objects.ColorButton
[492 of 650] Compiling GI.Gtk.Objects.CenterLayout[boot]
[493 of 650] Compiling GI.Gtk.Objects.CenterLayout
[494 of 650] Compiling GI.Gtk.Objects.CenterBox[boot]
[495 of 650] Compiling GI.Gtk.Objects.CenterBox
[496 of 650] Compiling GI.Gtk.Objects.CallbackAction[boot]
[497 of 650] Compiling GI.Gtk.Objects.CallbackAction
[498 of 650] Compiling GI.Gtk.Objects.Calendar[boot]
[499 of 650] Compiling GI.Gtk.Objects.Calendar
[500 of 650] Compiling GI.Gtk.Objects.BoxLayout[boot]
[501 of 650] Compiling GI.Gtk.Objects.BoxLayout
[502 of 650] Compiling GI.Gtk.Objects.Box[boot]
[503 of 650] Compiling GI.Gtk.Objects.Box
[504 of 650] Compiling GI.Gtk.Objects.ShortcutsGroup[boot]
[505 of 650] Compiling GI.Gtk.Objects.ShortcutsGroup
[506 of 650] Compiling GI.Gtk.Objects.ShortcutsSection[boot]
[507 of 650] Compiling GI.Gtk.Objects.ShortcutsSection
[508 of 650] Compiling GI.Gtk.Objects.BinLayout[boot]
[509 of 650] Compiling GI.Gtk.Objects.BinLayout
[510 of 650] Compiling GI.Gtk.Objects.AssistantPage[boot]
[511 of 650] Compiling GI.Gtk.Objects.AssistantPage
[512 of 650] Compiling GI.Gtk.Objects.AspectFrame[boot]
[513 of 650] Compiling GI.Gtk.Objects.AspectFrame
[514 of 650] Compiling GI.Gtk.Objects.Window[boot]
[515 of 650] Compiling GI.Gtk.Objects.WindowGroup[boot]
[516 of 650] Compiling GI.Gtk.Objects.Application[boot]
[517 of 650] Compiling GI.Gtk.Objects.Application
[518 of 650] Compiling GI.Gtk.Objects.WindowGroup
[519 of 650] Compiling GI.Gtk.Objects.Window
[520 of 650] Compiling GI.Gtk.Objects.UriLauncher[boot]
[521 of 650] Compiling GI.Gtk.Objects.UriLauncher
[522 of 650] Compiling GI.Gtk.Objects.ShortcutsWindow[boot]
[523 of 650] Compiling GI.Gtk.Objects.ShortcutsWindow
[524 of 650] Compiling GI.Gtk.Objects.PrintOperation[boot]
[525 of 650] Compiling GI.Gtk.Objects.PrintOperation
[526 of 650] Compiling GI.Gtk.Objects.PrintDialog[boot]
[527 of 650] Compiling GI.Gtk.Objects.PrintDialog
[528 of 650] Compiling GI.Gtk.Objects.NativeDialog[boot]
[529 of 650] Compiling GI.Gtk.Objects.NativeDialog
[530 of 650] Compiling GI.Gtk.Objects.MountOperation[boot]
[531 of 650] Compiling GI.Gtk.Objects.MountOperation
[532 of 650] Compiling GI.Gtk.Objects.FontDialog[boot]
[533 of 650] Compiling GI.Gtk.Objects.FontDialog
[534 of 650] Compiling GI.Gtk.Objects.FontDialogButton[boot]
[535 of 650] Compiling GI.Gtk.Objects.FontDialogButton
[536 of 650] Compiling GI.Gtk.Objects.FileLauncher[boot]
[537 of 650] Compiling GI.Gtk.Objects.FileLauncher
[538 of 650] Compiling GI.Gtk.Objects.FileDialog[boot]
[539 of 650] Compiling GI.Gtk.Objects.FileDialog
[540 of 650] Compiling GI.Gtk.Objects.FileChooserNative[boot]
[541 of 650] Compiling GI.Gtk.Objects.FileChooserNative
[542 of 650] Compiling GI.Gtk.Objects.Dialog[boot]
[543 of 650] Compiling GI.Gtk.Objects.Dialog
[544 of 650] Compiling GI.Gtk.Objects.PrintUnixDialog[boot]
[545 of 650] Compiling GI.Gtk.Objects.PrintUnixDialog
[546 of 650] Compiling GI.Gtk.Objects.PageSetupUnixDialog[boot]
[547 of 650] Compiling GI.Gtk.Objects.PageSetupUnixDialog
[548 of 650] Compiling GI.Gtk.Objects.MessageDialog[boot]
[549 of 650] Compiling GI.Gtk.Objects.MessageDialog
[550 of 650] Compiling GI.Gtk.Objects.FileChooserDialog[boot]
[551 of 650] Compiling GI.Gtk.Objects.FileChooserDialog
[552 of 650] Compiling GI.Gtk.Objects.ColorDialog[boot]
[553 of 650] Compiling GI.Gtk.Objects.ColorDialog
[554 of 650] Compiling GI.Gtk.Objects.ColorDialogButton[boot]
[555 of 650] Compiling GI.Gtk.Objects.ColorDialogButton
[556 of 650] Compiling GI.Gtk.Objects.ColorChooserDialog[boot]
[557 of 650] Compiling GI.Gtk.Objects.ColorChooserDialog
[558 of 650] Compiling GI.Gtk.Objects.Assistant[boot]
[559 of 650] Compiling GI.Gtk.Objects.Assistant
[560 of 650] Compiling GI.Gtk.Objects.ApplicationWindow[boot]
[561 of 650] Compiling GI.Gtk.Objects.ApplicationWindow
[562 of 650] Compiling GI.Gtk.Objects.AlertDialog[boot]
[563 of 650] Compiling GI.Gtk.Objects.AlertDialog
[564 of 650] Compiling GI.Gtk.Objects.ActivateAction[boot]
[565 of 650] Compiling GI.Gtk.Objects.ActivateAction
[566 of 650] Compiling GI.Gtk.Objects.ActionBar[boot]
[567 of 650] Compiling GI.Gtk.Objects.ActionBar
[568 of 650] Compiling GI.Gtk.Objects.AboutDialog[boot]
[569 of 650] Compiling GI.Gtk.Objects.AboutDialog
[570 of 650] Compiling GI.Gtk.Interfaces.FontChooser[boot]
[571 of 650] Compiling GI.Gtk.Interfaces.FontChooser
[572 of 650] Compiling GI.Gtk.Objects.FontChooserWidget[boot]
[573 of 650] Compiling GI.Gtk.Objects.FontChooserWidget
[574 of 650] Compiling GI.Gtk.Objects.FontChooserDialog[boot]
[575 of 650] Compiling GI.Gtk.Objects.FontChooserDialog
[576 of 650] Compiling GI.Gtk.Objects.FontButton[boot]
[577 of 650] Compiling GI.Gtk.Objects.FontButton
[578 of 650] Compiling GI.Gtk.Objects.Text[boot]
[579 of 650] Compiling GI.Gtk.Objects.Text
[580 of 650] Compiling GI.Gtk.Objects.SearchEntry[boot]
[581 of 650] Compiling GI.Gtk.Objects.SearchEntry
[582 of 650] Compiling GI.Gtk.Objects.SearchBar[boot]
[583 of 650] Compiling GI.Gtk.Objects.SearchBar
[584 of 650] Compiling GI.Gtk.Objects.PasswordEntry[boot]
[585 of 650] Compiling GI.Gtk.Objects.PasswordEntry
[586 of 650] Compiling GI.Gtk.Objects.EditableLabel[boot]
[587 of 650] Compiling GI.Gtk.Objects.EditableLabel
[588 of 650] Compiling GI.Gtk.Objects.SpinButton[boot]
[589 of 650] Compiling GI.Gtk.Objects.SpinButton
[590 of 650] Compiling GI.Gtk.Objects.CellRendererToggle[boot]
[591 of 650] Compiling GI.Gtk.Objects.CellRendererToggle
[592 of 650] Compiling GI.Gtk.Objects.CellRendererText[boot]
[593 of 650] Compiling GI.Gtk.Objects.CellRendererText
[594 of 650] Compiling GI.Gtk.Objects.CellRendererSpinner[boot]
[595 of 650] Compiling GI.Gtk.Objects.CellRendererSpinner
[596 of 650] Compiling GI.Gtk.Objects.CellRendererSpin[boot]
[597 of 650] Compiling GI.Gtk.Objects.CellRendererSpin
[598 of 650] Compiling GI.Gtk.Objects.CellRendererProgress[boot]
[599 of 650] Compiling GI.Gtk.Objects.CellRendererProgress
[600 of 650] Compiling GI.Gtk.Objects.CellRendererPixbuf[boot]
[601 of 650] Compiling GI.Gtk.Objects.CellRendererPixbuf
[602 of 650] Compiling GI.Gtk.Objects.CellRendererCombo[boot]
[603 of 650] Compiling GI.Gtk.Objects.CellRendererCombo
[604 of 650] Compiling GI.Gtk.Objects.CellRendererAccel[boot]
[605 of 650] Compiling GI.Gtk.Objects.CellRendererAccel
[606 of 650] Compiling GI.Gtk.Objects.Entry[boot]
[607 of 650] Compiling GI.Gtk.Objects.Entry
[608 of 650] Compiling GI.Gtk.Objects.ComboBox[boot]
[609 of 650] Compiling GI.Gtk.Objects.ComboBox
[610 of 650] Compiling GI.Gtk.Objects.ComboBoxText[boot]
[611 of 650] Compiling GI.Gtk.Objects.ComboBoxText
[612 of 650] Compiling GI.Gtk.Objects.CellView[boot]
[613 of 650] Compiling GI.Gtk.Objects.CellView
[614 of 650] Compiling GI.Gtk.Objects.CellAreaBox[boot]
[615 of 650] Compiling GI.Gtk.Objects.CellAreaBox
[616 of 650] Compiling GI.Gtk.Interfaces.AppChooser[boot]
[617 of 650] Compiling GI.Gtk.Interfaces.AppChooser
[618 of 650] Compiling GI.Gtk.Objects.AppChooserWidget[boot]
[619 of 650] Compiling GI.Gtk.Objects.AppChooserWidget
[620 of 650] Compiling GI.Gtk.Objects.AppChooserDialog[boot]
[621 of 650] Compiling GI.Gtk.Objects.AppChooserDialog
[622 of 650] Compiling GI.Gtk.Objects.AppChooserButton[boot]
[623 of 650] Compiling GI.Gtk.Objects.AppChooserButton
[624 of 650] Compiling GI.Gtk.Objects.Switch[boot]
[625 of 650] Compiling GI.Gtk.Objects.Switch
[626 of 650] Compiling GI.Gtk.Objects.CheckButton[boot]
[627 of 650] Compiling GI.Gtk.Objects.CheckButton
[628 of 650] Compiling GI.Gtk.Objects.Button[boot]
[629 of 650] Compiling GI.Gtk.Objects.Button
[630 of 650] Compiling GI.Gtk.Objects.ToggleButton[boot]
[631 of 650] Compiling GI.Gtk.Objects.ToggleButton
[632 of 650] Compiling GI.Gtk.Objects.ScaleButton[boot]
[633 of 650] Compiling GI.Gtk.Objects.ScaleButton
[634 of 650] Compiling GI.Gtk.Objects.VolumeButton[boot]
[635 of 650] Compiling GI.Gtk.Objects.VolumeButton
[636 of 650] Compiling GI.Gtk.Objects.LockButton[boot]
[637 of 650] Compiling GI.Gtk.Objects.LockButton
[638 of 650] Compiling GI.Gtk.Objects.LinkButton[boot]
[639 of 650] Compiling GI.Gtk.Objects.LinkButton
[640 of 650] Compiling GI.Gtk.Objects.InfoBar[boot]
[641 of 650] Compiling GI.Gtk.Objects.InfoBar
[642 of 650] Compiling GI.Gtk.Objects
[643 of 650] Compiling GI.Gtk.Interfaces
[644 of 650] Compiling GI.Gtk.Functions
[645 of 650] Compiling GI.Gtk.Structs.TreeRowReference[boot]
[646 of 650] Compiling GI.Gtk.Structs.TreeRowReference
[647 of 650] Compiling GI.Gtk.Structs.WidgetClass[boot]
[648 of 650] Compiling GI.Gtk.Structs.WidgetClass
[649 of 650] Compiling GI.Gtk.Structs
[650 of 650] Compiling GI.Gtk
