Warning: The package description file ./vector-buffer.cabal has warnings:
vector-buffer.cabal:61:36: version operators used. To use version operators
the package needs to specify at least 'cabal-version: >= 1.8'.
Warning: The package description file
/tmp/workdir-vector-buffer/vector-buffer-0.4.1/vector-buffer.cabal has
warnings:
/tmp/workdir-vector-buffer/vector-buffer-0.4.1/vector-buffer.cabal:61:36:
version operators used. To use version operators the package needs to specify
at least 'cabal-version: >= 1.8'.
Resolving dependencies...
Build profile: -w ghc-9.10.2 -O1
In order, the following will be built (use -v for more details):
 - vector-buffer-0.4.1 (lib:vector-buffer) (first run)
Warning: vector-buffer.cabal:61:36: version operators used. To use version
operators the package needs to specify at least 'cabal-version: >= 1.8'.
Configuring vector-buffer-0.4.1...
Preprocessing library for vector-buffer-0.4.1...
Building library for vector-buffer-0.4.1...
[1 of 4] Compiling Data.Vector.Buffer
[2 of 4] Compiling Data.Vector.Primitive.Buffer
[3 of 4] Compiling Data.Vector.Storable.Buffer
[4 of 4] Compiling Data.Vector.Unboxed.Buffer
