Resolving dependencies...
Build profile: -w ghc-9.10.2 -O1
In order, the following will be built (use -v for more details):
 - infinite-list-0.1.2 (lib) (first run)
 - infinite-list-0.1.2 (test:infinite-properties-O0) (first run)
 - infinite-list-0.1.2 (test:infinite-properties) (first run)
 - infinite-list-0.1.2 (test:infinite-fusion) (first run)
Configuring library for infinite-list-0.1.2...
Preprocessing library for infinite-list-0.1.2...
Building library for infinite-list-0.1.2...
[1 of 4] Compiling Data.List.Infinite.Internal
[2 of 4] Compiling Data.List.Infinite.Set
[3 of 4] Compiling Data.List.Infinite.Zip
[4 of 4] Compiling Data.List.Infinite
Configuring test suite 'infinite-properties-O0' for infinite-list-0.1.2...
Preprocessing test suite 'infinite-properties-O0' for infinite-list-0.1.2...
Building test suite 'infinite-properties-O0' for infinite-list-0.1.2...
[1 of 1] Compiling Main
[2 of 2] Linking dist-newstyle/build/x86_64-linux/ghc-9.10.2/infinite-list-0.1.2/t/infinite-properties-O0/build/infinite-properties-O0/infinite-properties-O0
Configuring test suite 'infinite-properties' for infinite-list-0.1.2...
Preprocessing test suite 'infinite-properties' for infinite-list-0.1.2...
Building test suite 'infinite-properties' for infinite-list-0.1.2...
[1 of 1] Compiling Main
[2 of 2] Linking dist-newstyle/build/x86_64-linux/ghc-9.10.2/infinite-list-0.1.2/t/infinite-properties/build/infinite-properties/infinite-properties
Configuring test suite 'infinite-fusion' for infinite-list-0.1.2...
Preprocessing test suite 'infinite-fusion' for infinite-list-0.1.2...
Building test suite 'infinite-fusion' for infinite-list-0.1.2...
[1 of 1] Compiling Main
[2 of 2] Linking dist-newstyle/build/x86_64-linux/ghc-9.10.2/infinite-list-0.1.2/t/infinite-fusion/build/infinite-fusion/infinite-fusion
