Resolving dependencies...
Build profile: -w ghc-9.10.2 -O1
In order, the following will be built (use -v for more details):
 - prefix-units-0.3.0.1 (lib) (first run)
 - prefix-units-0.3.0.1 (test:test-units) (first run)
Configuring library for prefix-units-0.3.0.1...
Preprocessing library for prefix-units-0.3.0.1...
Building library for prefix-units-0.3.0.1...
[1 of 2] Compiling Data.Prefix.Units.Compat
[2 of 2] Compiling Data.Prefix.Units
Configuring test suite 'test-units' for prefix-units-0.3.0.1...
Preprocessing test suite 'test-units' for prefix-units-0.3.0.1...
Building test suite 'test-units' for prefix-units-0.3.0.1...
[1 of 1] Compiling Main
tests/Properties.hs:42:1: warning: [GHC-66111] [-Wunused-imports]
    The import of ‘Control.Applicative’ is redundant
      except perhaps to import instances from ‘Control.Applicative’
    To import instances alone, use: import Control.Applicative()
   |
42 | import Control.Applicative (pure, (<$>))
   | ^^^^^^^^^^^^^^^^^^^^^^^^^^^^^^^^^^^^^^^^

tests/Properties.hs:182:9: warning: [GHC-63394] [-Wx-partial]
    In the use of ‘tail’
    (imported from Data.List, but defined in GHC.Internal.List):
    "This is a partial function, it throws an error on empty lists. Replace it with 'drop' 1, or use pattern matching or 'GHC.Internal.Data.List.uncons' instead. Consider refactoring to use "Data.List.NonEmpty"."
    |
182 |       $ tail (filter (<= Milli) siUnits)
    |         ^^^^

[2 of 2] Linking dist-newstyle/build/x86_64-linux/ghc-9.10.2/prefix-units-0.3.0.1/t/test-units/build/test-units/test-units
