Warning: The package description file ./type-level-natural-number.cabal has
warnings: type-level-natural-number.cabal:44:34: version operators used. To
use version operators the package needs to specify at least 'cabal-version: >=
1.8'.
type-level-natural-number.cabal:13:1: Tabs used as indentation at 13:1, 23:1,
28:1, 31:1
Warning: The package description file
/tmp/workdir-type-level-natural-number/type-level-natural-number-2.0/type-level-natural-number.cabal
has warnings:
/tmp/workdir-type-level-natural-number/type-level-natural-number-2.0/type-level-natural-number.cabal:44:34:
version operators used. To use version operators the package needs to specify
at least 'cabal-version: >= 1.8'.
/tmp/workdir-type-level-natural-number/type-level-natural-number-2.0/type-level-natural-number.cabal:13:1:
Tabs used as indentation at 13:1, 23:1, 28:1, 31:1
Resolving dependencies...
Build profile: -w ghc-9.10.2 -O1
In order, the following will be built (use -v for more details):
 - type-level-natural-number-2.0 (lib:type-level-natural-number) (first run)
Warning: type-level-natural-number.cabal:44:34: version operators used. To use
version operators the package needs to specify at least 'cabal-version: >=
1.8'.
Warning: type-level-natural-number.cabal:13:1: Tabs used as indentation at
13:1, 23:1, 28:1, 31:1
Configuring type-level-natural-number-2.0...
Warning: [git-protocol] Cloning over git:// might lead to an arbitrary code
execution vulnerability. Furthermore, popular forges like GitHub do not
support it. Use https:// or ssh:// instead.
Preprocessing library for type-level-natural-number-2.0...
Building library for type-level-natural-number-2.0...
[1 of 1] Compiling TypeLevel.NaturalNumber
