Resolving dependencies...
Build profile: -w ghc-9.10.2 -O1
In order, the following will be built (use -v for more details):
 - grisette-0.13.0.1 (lib) (first run)
 - grisette-0.13.0.1 (test:spec) (first run)
 - grisette-0.13.0.1 (test:doctest) (first run)
Configuring library for grisette-0.13.0.1...
Preprocessing library for grisette-0.13.0.1...
Building library for grisette-0.13.0.1...
[  1 of 251] Compiling Grisette.Internal.Core.Control.Exception
[  2 of 251] Compiling Grisette.Internal.Core.Data.Class.BitCast
[  3 of 251] Compiling Grisette.Internal.Core.Data.Class.Concrete
[  4 of 251] Compiling Grisette.Internal.Core.Data.Class.Function
[  5 of 251] Compiling Grisette.Internal.Core.Data.Class.IEEEFP
[  6 of 251] Compiling Grisette.Internal.Core.Data.Class.ModelOps
[  7 of 251] Compiling Grisette.Internal.Core.Data.Class.SignConversion
[  8 of 251] Compiling Grisette.Internal.Core.Data.Class.SymRotate
[  9 of 251] Compiling Grisette.Internal.Core.Data.Class.SymShift
[ 10 of 251] Compiling Grisette.Internal.Core.Data.MemoUtils
[ 11 of 251] Compiling Grisette.Internal.Core.Data.SExpr
[ 12 of 251] Compiling Grisette.Internal.Core.Data.Symbol
[ 13 of 251] Compiling Grisette.Internal.SymPrim.AlgReal
[ 14 of 251] Compiling Grisette.Internal.SymPrim.IntBitwidth
[ 15 of 251] Compiling Grisette.Internal.SymPrim.Prim.Internal.Utils
[ 16 of 251] Compiling Grisette.Internal.SymPrim.Prim.Internal.Caches
[ 17 of 251] Compiling Grisette.Internal.TH.Ctor.Common
[ 18 of 251] Compiling Grisette.Internal.Unified.EvalModeTag
[ 19 of 251] Compiling Grisette.Internal.TH.Util
[ 20 of 251] Compiling Grisette.Internal.Unified.Theories
[ 21 of 251] Compiling Grisette.Internal.Utils.Derive
[ 22 of 251] Compiling Grisette.Internal.Internal.Decl.Core.Data.Class.ToSym
[ 23 of 251] Compiling Grisette.Internal.Utils.Parameterized
[ 24 of 251] Compiling Grisette.Internal.Unified.Util
[ 25 of 251] Compiling Grisette.Internal.Core.Data.Class.BitVector
[ 26 of 251] Compiling Grisette.Internal.SymPrim.BV
[ 27 of 251] Compiling Grisette.Internal.SymPrim.FP
[ 28 of 251] Compiling Grisette.Internal.SymPrim.Prim.Internal.Term
[ 29 of 251] Compiling Grisette.Internal.SymPrim.Prim.SomeTerm
[ 30 of 251] Compiling Grisette.Internal.SymPrim.Prim.Pattern
[ 31 of 251] Compiling Grisette.Internal.SymPrim.Prim.Internal.PartialEval
[ 32 of 251] Compiling Grisette.Internal.SymPrim.Prim.Internal.Unfold
[ 33 of 251] Compiling Grisette.Internal.SymPrim.Prim.Internal.Instances.PEvalShiftTerm
[ 34 of 251] Compiling Grisette.Internal.SymPrim.Prim.Internal.Instances.PEvalRotateTerm
[ 35 of 251] Compiling Grisette.Internal.SymPrim.Prim.Internal.Instances.PEvalDivModIntegralTerm
[ 36 of 251] Compiling Grisette.Internal.SymPrim.FunInstanceGen
[ 37 of 251] Compiling Grisette.Internal.SymPrim.TabularFun
[ 38 of 251] Compiling Grisette.Internal.Internal.Decl.Core.Data.Class.PPrint
[ 39 of 251] Compiling Grisette.Internal.Backend.QuantifiedStack
[ 40 of 251] Compiling Grisette.Internal.SymPrim.Prim.Internal.Instances.PEvalNumTerm
[ 41 of 251] Compiling Grisette.Internal.SymPrim.Prim.Internal.Instances.PEvalOrdTerm
[ 42 of 251] Compiling Grisette.Internal.SymPrim.Prim.Internal.Instances.PEvalIEEEFPConvertibleTerm
[ 43 of 251] Compiling Grisette.Internal.SymPrim.Prim.Internal.Instances.PEvalFromIntegralTerm
[ 44 of 251] Compiling Grisette.Internal.SymPrim.Prim.Internal.Instances.PEvalFractionalTerm
[ 45 of 251] Compiling Grisette.Internal.SymPrim.Prim.Internal.Instances.PEvalFloatingTerm
[ 46 of 251] Compiling Grisette.Internal.SymPrim.Prim.Internal.Instances.PEvalFP
[ 47 of 251] Compiling Grisette.Internal.SymPrim.GeneralFun
[ 48 of 251] Compiling Grisette.Internal.SymPrim.Prim.TermUtils
[ 49 of 251] Compiling Grisette.Internal.SymPrim.Prim.Internal.Instances.PEvalBitCastTerm
[ 50 of 251] Compiling Grisette.Internal.SymPrim.Prim.Internal.Serialize
[ 51 of 251] Compiling Grisette.Internal.SymPrim.Prim.Term
[ 52 of 251] Compiling Grisette.Internal.SymPrim.Prim.Model
[ 53 of 251] Compiling Grisette.Internal.SymPrim.ModelRep
[ 54 of 251] Compiling Grisette.Internal.Internal.Decl.Core.Data.Class.SubstSym
[ 55 of 251] Compiling Grisette.Internal.Internal.Decl.Core.Data.Class.ExtractSym
[ 56 of 251] Compiling Grisette.Internal.Backend.SymBiMap
[ 57 of 251] Compiling Grisette.Internal.Core.Data.Class.AsKey
[ 58 of 251] Compiling Grisette.Internal.Internal.Decl.SymPrim.AllSyms
[ 59 of 251] Compiling Grisette.Internal.Core.Data.Class.Solvable
[ 60 of 251] Compiling Grisette.Internal.SymPrim.SymTabularFun
[ 61 of 251] Compiling Grisette.Internal.SymPrim.SymInteger
[ 62 of 251] Compiling Grisette.Internal.SymPrim.SymGeneralFun
[ 63 of 251] Compiling Grisette.Internal.SymPrim.SymBool
[ 64 of 251] Compiling Grisette.Internal.SymPrim.SymBV
[ 65 of 251] Compiling Grisette.Internal.SymPrim.SymAlgReal
[ 66 of 251] Compiling Grisette.Internal.Internal.Decl.Core.Data.Class.ToCon
[ 67 of 251] Compiling Grisette.Internal.Internal.Decl.Core.Data.Class.EvalSym
[ 68 of 251] Compiling Grisette.Internal.Core.Data.Class.SymIEEEFP
[ 69 of 251] Compiling Grisette.Internal.SymPrim.SymFP
[ 70 of 251] Compiling Grisette.Internal.Unified.Class.UnifiedSolvable
[ 71 of 251] Compiling Grisette.Internal.Unified.Class.UnifiedRep
[ 72 of 251] Compiling Grisette.Internal.Core.Data.Class.SymFromIntegral
[ 73 of 251] Compiling Grisette.Internal.Unified.Class.UnifiedFromIntegral
[ 74 of 251] Compiling Grisette.Internal.Core.Data.Class.LogicalOp
[ 75 of 251] Compiling Grisette.Internal.Internal.Decl.Core.Data.Class.SymEq
[ 76 of 251] Compiling Grisette.Internal.Internal.Decl.Unified.Class.UnifiedSymEq
[ 77 of 251] Compiling Grisette.Internal.Core.Data.Class.ITEOp
[ 78 of 251] Compiling Grisette.Internal.Internal.Decl.Unified.Class.UnifiedITEOp
[ 79 of 251] Compiling Grisette.Internal.Internal.Decl.Core.Data.Class.Mergeable
[ 80 of 251] Compiling Grisette.Internal.TH.Derivation.Common
[ 81 of 251] Compiling Grisette.Internal.TH.Derivation.UnaryOpCommon
[ 82 of 251] Compiling Grisette.Internal.TH.Derivation.UnifiedOpCommon
[ 83 of 251] Compiling Grisette.Internal.TH.Derivation.ShowPPrintCommon
[ 84 of 251] Compiling Grisette.Internal.TH.Derivation.SerializeCommon
[ 85 of 251] Compiling Grisette.Internal.TH.Derivation.DeriveUnifiedSymEq
[ 86 of 251] Compiling Grisette.Internal.TH.Derivation.DeriveSubstSym
[ 87 of 251] Compiling Grisette.Internal.TH.Derivation.DeriveShow
[ 88 of 251] Compiling Grisette.Internal.TH.Derivation.DeriveSerial
[ 89 of 251] Compiling Grisette.Internal.TH.Derivation.DerivePPrint
[ 90 of 251] Compiling Grisette.Internal.TH.Derivation.DeriveNFData
[ 91 of 251] Compiling Grisette.Internal.TH.Derivation.DeriveMergeable
[ 92 of 251] Compiling Grisette.Internal.TH.Derivation.DeriveHashable
[ 93 of 251] Compiling Grisette.Internal.TH.Derivation.DeriveExtractSym
[ 94 of 251] Compiling Grisette.Internal.TH.Derivation.DeriveEvalSym
[ 95 of 251] Compiling Grisette.Internal.TH.Derivation.DeriveCereal
[ 96 of 251] Compiling Grisette.Internal.TH.Derivation.DeriveBinary
[ 97 of 251] Compiling Grisette.Internal.TH.Derivation.DeriveAllSyms
[ 98 of 251] Compiling Grisette.Internal.TH.Derivation.BinaryOpCommon
[ 99 of 251] Compiling Grisette.Internal.TH.Derivation.DeriveSymEq
[100 of 251] Compiling Grisette.Internal.TH.Derivation.DeriveOrd
[101 of 251] Compiling Grisette.Internal.TH.Derivation.DeriveEq
[102 of 251] Compiling Grisette.Internal.Internal.Decl.Core.Data.Class.TryMerge
[103 of 251] Compiling Grisette.Internal.Internal.Decl.Core.Data.Class.SimpleMergeable
[104 of 251] Compiling Grisette.Internal.TH.Derivation.DeriveSimpleMergeable
[105 of 251] Compiling Grisette.Internal.Internal.Decl.Unified.Class.UnifiedSimpleMergeable
[106 of 251] Compiling Grisette.Internal.TH.Derivation.DeriveUnifiedSimpleMergeable
[107 of 251] Compiling Grisette.Internal.Core.Data.Class.UnionView
[108 of 251] Compiling Grisette.Internal.Internal.Decl.Core.Data.UnionBase
[109 of 251] Compiling Grisette.Internal.Internal.Decl.Core.Control.Monad.Union
[110 of 251] Compiling Grisette.Internal.Unified.Class.UnionViewMode
[111 of 251] Compiling Grisette.Internal.TH.Derivation.ConvertOpCommon
[112 of 251] Compiling Grisette.Internal.TH.Derivation.DeriveToSym
[113 of 251] Compiling Grisette.Internal.TH.Derivation.DeriveToCon
[114 of 251] Compiling Grisette.Internal.Internal.Decl.Core.Data.Class.SymOrd
[115 of 251] Compiling Grisette.Internal.TH.Derivation.DeriveSymOrd
[116 of 251] Compiling Grisette.Internal.Internal.Decl.Unified.Class.UnifiedSymOrd
[117 of 251] Compiling Grisette.Internal.TH.Derivation.DeriveUnifiedSymOrd
[118 of 251] Compiling Grisette.Internal.TH.Derivation.Derive
[119 of 251] Compiling Grisette.Internal.Internal.Impl.SymPrim.AllSyms
[120 of 251] Compiling Grisette.Internal.SymPrim.AllSyms
[121 of 251] Compiling Grisette.Internal.Internal.Impl.Core.Data.Class.ToCon
[122 of 251] Compiling Grisette.Internal.Core.Data.Class.ToCon
[123 of 251] Compiling Grisette.Internal.Internal.Impl.Core.Data.Class.SymEq
[124 of 251] Compiling Grisette.Internal.Core.Data.Class.SymEq
[125 of 251] Compiling Grisette.Internal.Internal.Impl.Core.Data.Class.SubstSym
[126 of 251] Compiling Grisette.Internal.Core.Data.Class.SubstSym
[127 of 251] Compiling Grisette.Internal.Internal.Impl.Core.Data.Class.PPrint
[128 of 251] Compiling Grisette.Internal.Core.Data.Class.PPrint
[129 of 251] Compiling Grisette.Internal.Internal.Impl.Core.Data.Class.Mergeable
[130 of 251] Compiling Grisette.Internal.Internal.Impl.Core.Data.Class.ToSym
[131 of 251] Compiling Grisette.Internal.Core.Data.Class.ToSym
[132 of 251] Compiling Grisette.Internal.Unified.BaseConstraint
[133 of 251] Compiling Grisette.Internal.Core.Data.Class.Mergeable
[134 of 251] Compiling Grisette.Internal.Internal.Impl.Core.Data.UnionBase
[135 of 251] Compiling Grisette.Internal.Core.Data.UnionBase
[136 of 251] Compiling Grisette.Internal.Internal.Impl.Core.Data.Class.TryMerge
[137 of 251] Compiling Grisette.Internal.Core.Data.Class.TryMerge
[138 of 251] Compiling Grisette.Internal.TH.Ctor.SmartConstructor
[139 of 251] Compiling Grisette.Internal.TH.ADT
[140 of 251] Compiling Grisette.Internal.Internal.Impl.Core.Data.Class.SimpleMergeable
[141 of 251] Compiling Grisette.Internal.Core.Data.Class.SimpleMergeable
[142 of 251] Compiling Grisette.Internal.Core.Control.Monad.Class.Union
[143 of 251] Compiling Grisette.Internal.Core.Data.Class.SafeBitCast
[144 of 251] Compiling Grisette.Internal.Core.Data.Class.Error
[145 of 251] Compiling Grisette.Internal.Internal.Impl.Core.Data.Class.ExtractSym
[146 of 251] Compiling Grisette.Internal.Core.Data.Class.ExtractSym
[147 of 251] Compiling Grisette.Internal.Internal.Decl.Core.Data.Class.Solver
[148 of 251] Compiling Grisette.Internal.Internal.Impl.Core.Data.Class.Solver
[149 of 251] Compiling Grisette.Internal.Core.Data.Class.Solver
[150 of 251] Compiling Grisette.Internal.Backend.Solving
[151 of 251] Compiling Grisette.Backend
[152 of 251] Compiling Grisette.Internal.Internal.Impl.Core.Data.Class.EvalSym
[153 of 251] Compiling Grisette.Internal.Core.Data.Class.EvalSym
[154 of 251] Compiling Grisette.Internal.Internal.Impl.Core.Control.Monad.Union
[155 of 251] Compiling Grisette.Internal.Core.Control.Monad.Union
[156 of 251] Compiling Grisette.Internal.Internal.Impl.Core.Data.Class.SymOrd
[157 of 251] Compiling Grisette.Internal.Core.Data.Class.SymOrd
[158 of 251] Compiling Grisette.Internal.Core.Data.Class.SafeSymShift
[159 of 251] Compiling Grisette.Internal.Core.Data.Class.SafeSymRotate
[160 of 251] Compiling Grisette.Internal.Core.Data.Class.SafeLinearArith
[161 of 251] Compiling Grisette.Experimental.MonadParallelUnion
[162 of 251] Compiling Grisette.Experimental.Qualified.ParallelUnionDo
[163 of 251] Compiling Grisette.Internal.Core.Data.Class.CEGISSolver
[164 of 251] Compiling Grisette.Internal.Core.Data.Class.SafeLogBase
[165 of 251] Compiling Grisette.Internal.Core.Data.Class.SafeFromFP
[166 of 251] Compiling Grisette.Internal.Core.Data.Class.SafeFdiv
[167 of 251] Compiling Grisette.Lib.Control.Monad.Trans.Class
[168 of 251] Compiling Grisette.Lib.Control.Monad.Trans
[169 of 251] Compiling Grisette.Lib.Control.Monad.Trans.Except
[170 of 251] Compiling Grisette.Lib.Data.Bool
[171 of 251] Compiling Grisette.Lib.Data.Either
[172 of 251] Compiling Grisette.Lib.Data.Functor.Sum
[173 of 251] Compiling Grisette.Lib.Data.Maybe
[174 of 251] Compiling Grisette.Lib.Data.Tuple
[175 of 251] Compiling Grisette.Unified.Lib.Data.Functor
[176 of 251] Compiling Grisette.Lib.Data.Functor
[177 of 251] Compiling Grisette.Unified.Lib.Control.Applicative
[178 of 251] Compiling Grisette.Lib.Control.Applicative
[179 of 251] Compiling Grisette.Lib.Data.Traversable
[180 of 251] Compiling Grisette.Internal.Internal.Decl.Core.Data.Class.SafeDiv
[181 of 251] Compiling Grisette.Internal.Internal.Impl.Core.Data.Class.SafeDiv
[182 of 251] Compiling Grisette.Internal.Core.Data.Class.SafeDiv
[183 of 251] Compiling Grisette.Internal.Core.Data.Class.GenSym
[184 of 251] Compiling Grisette.Internal.SymPrim.SymPrim
[185 of 251] Compiling Grisette.Internal.Internal.Decl.Unified.UnifiedBool
[186 of 251] Compiling Grisette.Internal.Internal.Impl.Unified.UnifiedBool
[187 of 251] Compiling Grisette.Internal.Unified.UnifiedBool
[188 of 251] Compiling Grisette.Internal.Internal.Impl.Unified.Class.UnifiedSymOrd
[189 of 251] Compiling Grisette.Internal.Unified.Class.UnifiedSymOrd
[190 of 251] Compiling Grisette.Internal.Internal.Impl.Unified.Class.UnifiedSymEq
[191 of 251] Compiling Grisette.Internal.Unified.Class.UnifiedSymEq
[192 of 251] Compiling Grisette.Internal.Internal.Impl.Unified.Class.UnifiedITEOp
[193 of 251] Compiling Grisette.Internal.Unified.Class.UnifiedITEOp
[194 of 251] Compiling Grisette.Internal.SymPrim.SomeBV
[195 of 251] Compiling Grisette.Internal.Core.Data.Class.SymFiniteBits
[196 of 251] Compiling Grisette.Internal.Unified.Class.UnifiedFiniteBits
[197 of 251] Compiling Grisette.Internal.SymPrim.Quantifier
[198 of 251] Compiling Grisette.SymPrim
[199 of 251] Compiling Grisette.Internal.Internal.Impl.Unified.Class.UnifiedSimpleMergeable
[200 of 251] Compiling Grisette.Internal.Unified.UnifiedData
[201 of 251] Compiling Grisette.Internal.TH.Ctor.UnifiedConstructor
[202 of 251] Compiling Grisette.TH
[203 of 251] Compiling Grisette.Internal.Unified.Class.UnifiedSimpleMergeable
[204 of 251] Compiling Grisette.Internal.Unified.UnifiedPrim
[205 of 251] Compiling Grisette.Internal.Unified.Class.UnifiedSafeSymShift
[206 of 251] Compiling Grisette.Internal.Unified.Class.UnifiedSafeSymRotate
[207 of 251] Compiling Grisette.Internal.Unified.Class.UnifiedSafeLinearArith
[208 of 251] Compiling Grisette.Internal.Unified.Class.UnifiedSafeFromFP
[209 of 251] Compiling Grisette.Internal.Unified.Class.UnifiedSafeFdiv
[210 of 251] Compiling Grisette.Internal.Unified.Class.UnifiedSafeDiv
[211 of 251] Compiling Grisette.Internal.Unified.UnifiedInteger
[212 of 251] Compiling Grisette.Internal.Unified.UnifiedAlgReal
[213 of 251] Compiling Grisette.Internal.Unified.Class.UnifiedSafeBitCast
[214 of 251] Compiling Grisette.Internal.Internal.Decl.Unified.UnifiedFP
[215 of 251] Compiling Grisette.Internal.Internal.Impl.Unified.UnifiedFP
[216 of 251] Compiling Grisette.Internal.Unified.UnifiedFP
[217 of 251] Compiling Grisette.Internal.Internal.Decl.Unified.FPFPConversion
[218 of 251] Compiling Grisette.Internal.Internal.Impl.Unified.FPFPConversion
[219 of 251] Compiling Grisette.Internal.Unified.FPFPConversion
[220 of 251] Compiling Grisette.Internal.Internal.Decl.Unified.UnifiedBV
[221 of 251] Compiling Grisette.Internal.Internal.Impl.Unified.UnifiedBV
[222 of 251] Compiling Grisette.Internal.Unified.UnifiedBV
[223 of 251] Compiling Grisette.Internal.Unified.UnifiedFun
[224 of 251] Compiling Grisette.Internal.Unified.BVBVConversion
[225 of 251] Compiling Grisette.Internal.Internal.Decl.Unified.BVFPConversion
[226 of 251] Compiling Grisette.Internal.Internal.Impl.Unified.BVFPConversion
[227 of 251] Compiling Grisette.Internal.Unified.BVFPConversion
[228 of 251] Compiling Grisette.Internal.Internal.Decl.Unified.EvalMode
[229 of 251] Compiling Grisette.Internal.Internal.Impl.Unified.EvalMode
[230 of 251] Compiling Grisette.Internal.Unified.EvalMode
[231 of 251] Compiling Grisette.Unified
[232 of 251] Compiling Grisette.Unified.Lib.Control.Monad[boot]
[233 of 251] Compiling Grisette.Lib.Control.Monad[boot]
[234 of 251] Compiling Grisette.Unified.Lib.Data.Foldable
[235 of 251] Compiling Grisette.Lib.Data.Foldable
[236 of 251] Compiling Grisette.Unified.Lib.Control.Monad
[237 of 251] Compiling Grisette.Lib.Control.Monad
[238 of 251] Compiling Grisette.Lib.Data.List
[239 of 251] Compiling Grisette.Lib.Control.Monad.Trans.State.Strict
[240 of 251] Compiling Grisette.Lib.Control.Monad.Trans.State.Lazy
[241 of 251] Compiling Grisette.Lib.Control.Monad.Trans.State
[242 of 251] Compiling Grisette.Lib.Control.Monad.Trans.Cont
[243 of 251] Compiling Grisette.Lib.Control.Monad.State.Class
[244 of 251] Compiling Grisette.Lib.Control.Monad.Except
[245 of 251] Compiling Grisette.Lib.Base
[246 of 251] Compiling Grisette.Internal.Core.Control.Monad.CBMCExcept
[247 of 251] Compiling Grisette.Experimental.GenSymConstrained
[248 of 251] Compiling Grisette.Experimental
[249 of 251] Compiling Grisette.Core
[250 of 251] Compiling Grisette.Utils
[251 of 251] Compiling Grisette
Configuring test suite 'spec' for grisette-0.13.0.1...
Preprocessing test suite 'spec' for grisette-0.13.0.1...
Building test suite 'spec' for grisette-0.13.0.1...
[ 1 of 74] Compiling Grisette.Backend.CEGISTests
[ 2 of 74] Compiling Grisette.Backend.LoweringTests
[ 3 of 74] Compiling Grisette.Backend.TermRewritingGen
[ 4 of 74] Compiling Grisette.Backend.TermRewritingTests
[ 5 of 74] Compiling Grisette.Core.Control.ExceptionTests
[ 6 of 74] Compiling Grisette.Core.Data.Class.BitCastTests
[ 7 of 74] Compiling Grisette.Core.Data.Class.BoolTests
[ 8 of 74] Compiling Grisette.Core.Data.Class.EvalSymTests
[ 9 of 74] Compiling Grisette.Core.Data.Class.GenSymTests
[10 of 74] Compiling Grisette.Core.Data.Class.MergeableTests
[11 of 74] Compiling Grisette.Core.Data.Class.PPrintTests
[12 of 74] Compiling Grisette.Core.Data.Class.SafeDivTests
[13 of 74] Compiling Grisette.Core.Data.Class.SafeLinearArithTests
[14 of 74] Compiling Grisette.Core.Data.Class.SymRotateTests
[15 of 74] Compiling Grisette.Core.Data.Class.SymShiftTests
[16 of 74] Compiling Grisette.Core.Data.Class.TestValues
[17 of 74] Compiling Grisette.Core.Data.Class.SubstSymTests
[18 of 74] Compiling Grisette.Core.Data.Class.SimpleMergeableTests
[19 of 74] Compiling Grisette.Core.Data.Class.ExtractSymTests
[20 of 74] Compiling Grisette.Core.Data.Class.UnionViewTests
[21 of 74] Compiling Grisette.Core.Data.UnionBaseTests
[22 of 74] Compiling Grisette.Core.TH.PartialEvalMode
[23 of 74] Compiling Grisette.Core.TH.DerivationData
[24 of 74] Compiling Grisette.Lib.Control.Monad.Trans.ClassTests
[25 of 74] Compiling Grisette.SymPrim.AlgRealTests
[26 of 74] Compiling Grisette.SymPrim.BVTests
[27 of 74] Compiling Grisette.SymPrim.FPTests
[28 of 74] Compiling Grisette.SymPrim.GeneralFunTests
[29 of 74] Compiling Grisette.SymPrim.Prim.BVTests
[30 of 74] Compiling Grisette.SymPrim.Prim.BitsTests
[31 of 74] Compiling Grisette.SymPrim.Prim.BoolTests
[32 of 74] Compiling Grisette.SymPrim.Prim.ConcurrentTests
[33 of 74] Compiling Grisette.SymPrim.Prim.IntegralTests
[34 of 74] Compiling Grisette.SymPrim.Prim.ModelTests
[35 of 74] Compiling Grisette.SymPrim.Prim.NumTests
[36 of 74] Compiling Grisette.SymPrim.Prim.SerializationTests
[37 of 74] Compiling Grisette.SymPrim.Prim.TabularFunTests
[38 of 74] Compiling Grisette.SymPrim.QuantifierTests
[39 of 74] Compiling Grisette.SymPrim.SomeBVTests
[40 of 74] Compiling Grisette.SymPrim.SymGeneralFunTests
[41 of 74] Compiling Grisette.SymPrim.SymPrimConstraintTests
[42 of 74] Compiling Grisette.SymPrim.TabularFunTests
[43 of 74] Compiling Grisette.TestUtil.NoMerge
[44 of 74] Compiling Grisette.Lib.Data.FunctorTests
[45 of 74] Compiling Grisette.TestUtil.PrettyPrint
[46 of 74] Compiling Grisette.TestUtil.SymbolicAssertion
[47 of 74] Compiling Grisette.SymPrim.SymPrimTests
[48 of 74] Compiling Grisette.Lib.Data.TraversableTests
[49 of 74] Compiling Grisette.Lib.Data.ListTests
[50 of 74] Compiling Grisette.Lib.Data.FoldableTests
[51 of 74] Compiling Grisette.Lib.Control.MonadTests
[52 of 74] Compiling Grisette.Lib.Control.Monad.Trans.State.Common
[53 of 74] Compiling Grisette.Lib.Control.Monad.Trans.State.StrictTests
[54 of 74] Compiling Grisette.Lib.Control.Monad.Trans.State.LazyTests
[55 of 74] Compiling Grisette.Lib.Control.Monad.State.ClassTests
[56 of 74] Compiling Grisette.Lib.Control.Monad.Trans.ExceptTests
[57 of 74] Compiling Grisette.Lib.Control.Monad.ExceptTests
[58 of 74] Compiling Grisette.Lib.Control.ApplicativeTest
[59 of 74] Compiling Grisette.Core.TH.DerivationTest
[60 of 74] Compiling Grisette.Core.Data.Class.TryMergeTests
[61 of 74] Compiling Grisette.Core.Data.Class.ToSymTests
[62 of 74] Compiling Grisette.Core.Data.Class.ToConTests
[63 of 74] Compiling Grisette.Core.Data.Class.SymOrdTests
[64 of 74] Compiling Grisette.Core.Data.Class.SymFiniteBitsTests
[65 of 74] Compiling Grisette.Core.Data.Class.SymEqTests
[66 of 74] Compiling Grisette.Core.Data.Class.SafeSymShiftTests
[67 of 74] Compiling Grisette.Core.Data.Class.SafeSymRotateTests
[68 of 74] Compiling Grisette.Core.Control.Monad.UnionTests
[69 of 74] Compiling Grisette.Unified.EvalModeTest
[70 of 74] Compiling Grisette.Unified.GetDataTest
[71 of 74] Compiling Grisette.Unified.UnifiedClassesTest
[72 of 74] Compiling Grisette.Unified.UnifiedConstructorTest
[73 of 74] Compiling Main
[74 of 74] Compiling Paths_grisette
[75 of 75] Linking dist-newstyle/build/x86_64-linux/ghc-9.10.2/grisette-0.13.0.1/t/spec/build/spec/spec
Configuring test suite 'doctest' for grisette-0.13.0.1...
Preprocessing test suite 'doctest' for grisette-0.13.0.1...
Building test suite 'doctest' for grisette-0.13.0.1...
[1 of 2] Compiling Main
[2 of 2] Compiling Paths_grisette
[3 of 3] Linking dist-newstyle/build/x86_64-linux/ghc-9.10.2/grisette-0.13.0.1/t/doctest/build/doctest/doctest
