Resolving dependencies...
Build profile: -w ghc-9.10.2 -O1
In order, the following will be built (use -v for more details):
 - sop-core-0.5.0.2 (lib) (first run)
Configuring library for sop-core-0.5.0.2...
Preprocessing library for sop-core-0.5.0.2...
Building library for sop-core-0.5.0.2...
[1 of 8] Compiling Data.SOP.BasicFunctors
[2 of 8] Compiling Data.SOP.Constraint
[3 of 8] Compiling Data.SOP.Classes
[4 of 8] Compiling Data.SOP.Sing
[5 of 8] Compiling Data.SOP.NP
[6 of 8] Compiling Data.SOP.NS
src/Data/SOP/NS.hs:375:1: warning: [GHC-90177] [-Worphans]
    Orphan family instance:
      type instance UnProd NP = NS
                      -- Defined at src/Data/SOP/NS.hs:375:15
    Suggested fix:
      Move the instance declaration to the module of the type family or of the type, or
      wrap the type with a newtype and declare the instance on the new type.
    |
375 | type instance UnProd NP  = NS
    | ^^^^^^^^^^^^^^^^^^^^^^^^^^^^^

src/Data/SOP/NS.hs:376:1: warning: [GHC-90177] [-Worphans]
    Orphan family instance:
      type instance UnProd POP = SOP
                      -- Defined at src/Data/SOP/NS.hs:376:15
    Suggested fix:
      Move the instance declaration to the module of the type family or of the type, or
      wrap the type with a newtype and declare the instance on the new type.
    |
376 | type instance UnProd POP = SOP
    | ^^^^^^^^^^^^^^^^^^^^^^^^^^^^^^

[7 of 8] Compiling Data.SOP.Dict
[8 of 8] Compiling Data.SOP
