Resolving dependencies...
Build profile: -w ghc-9.10.2 -O1
In order, the following will be built (use -v for more details):
 - cabal2spec-2.7.1 (lib) (first run)
 - cabal2spec-2.7.1 (test:regression-test) (first run)
 - cabal2spec-2.7.1 (exe:cabal2spec) (first run)
Configuring library for cabal2spec-2.7.1...
Preprocessing library for cabal2spec-2.7.1...
Building library for cabal2spec-2.7.1...
[1 of 1] Compiling Cabal2Spec
src/Cabal2Spec.hs:308:45: warning: [GHC-63394] [-Wx-partial]
    In the use of ‘head’
    (imported from Prelude, but defined in GHC.Internal.List):
    "This is a partial function, it throws an error on empty lists. Use pattern matching, 'Data.List.uncons' or 'Data.Maybe.listToMaybe' instead. Consider refactoring to use "Data.List.NonEmpty"."
    |
308 |   let docs = filter likely (sort (nub (map (head . splitDirectories) contents)))
    |                                             ^^^^

Configuring test suite 'regression-test' for cabal2spec-2.7.1...
Preprocessing test suite 'regression-test' for cabal2spec-2.7.1...
Building test suite 'regression-test' for cabal2spec-2.7.1...
[1 of 1] Compiling Main
[2 of 2] Linking /tmp/workdir-cabal2spec/cabal2spec-2.7.1/dist-newstyle/build/x86_64-linux/ghc-9.10.2/cabal2spec-2.7.1/t/regression-test/build/regression-test/regression-test
Configuring executable 'cabal2spec' for cabal2spec-2.7.1...
Preprocessing executable 'cabal2spec' for cabal2spec-2.7.1...
Building executable 'cabal2spec' for cabal2spec-2.7.1...
[1 of 2] Compiling Paths_cabal2spec
[2 of 2] Compiling Main
[3 of 3] Linking /tmp/workdir-cabal2spec/cabal2spec-2.7.1/dist-newstyle/build/x86_64-linux/ghc-9.10.2/cabal2spec-2.7.1/x/cabal2spec/build/cabal2spec/cabal2spec
