Resolving dependencies...
Build profile: -w ghc-9.10.2 -O1
In order, the following will be built (use -v for more details):
 - spacecookie-1.0.0.3 (lib) (first run)
 - spacecookie-1.0.0.3 (test:test) (first run)
 - spacecookie-1.0.0.3 (exe:spacecookie) (first run)
Configuring library for spacecookie-1.0.0.3...
Preprocessing library for spacecookie-1.0.0.3...
Building library for spacecookie-1.0.0.3...
[1 of 6] Compiling Network.Gopher.Util
[2 of 6] Compiling Network.Gopher.Types
[3 of 6] Compiling Network.Gopher.Log
[4 of 6] Compiling Network.Gopher.Util.Gophermap
src/Network/Gopher/Util/Gophermap.hs:35:1: warning: [GHC-66111] [-Wunused-imports]
    The import of ‘Network.Gopher.Util’ is redundant
      except perhaps to import instances from ‘Network.Gopher.Util’
    To import instances alone, use: import Network.Gopher.Util()
   |
35 | import Network.Gopher.Util
   | ^^^^^^^^^^^^^^^^^^^^^^^^^^

[5 of 6] Compiling Network.Gopher.Util.Socket
[6 of 6] Compiling Network.Gopher
src/Network/Gopher.hs:277:32: warning: [GHC-63394] [-Wx-partial]
    In the use of ‘head’
    (imported from Prelude, but defined in GHC.Internal.List):
    "This is a partial function, it throws an error on empty lists. Use pattern matching, 'Data.List.uncons' or 'Data.Maybe.listToMaybe' instead. Consider refactoring to use "Data.List.NonEmpty"."
    |
277 |         pure . socketAddress $ head addrs
    |                                ^^^^

Configuring test suite 'test' for spacecookie-1.0.0.3...
Preprocessing test suite 'test' for spacecookie-1.0.0.3...
Building test suite 'test' for spacecookie-1.0.0.3...
[1 of 6] Compiling Network.Spacecookie.FileType
[2 of 6] Compiling Test.FileTypeDetection
[3 of 6] Compiling Test.Gophermap
[4 of 6] Compiling Test.Integration
[5 of 6] Compiling Test.Sanitization
[6 of 6] Compiling Main
[7 of 7] Linking /tmp/workdir-spacecookie/spacecookie-1.0.0.3/dist-newstyle/build/x86_64-linux/ghc-9.10.2/spacecookie-1.0.0.3/t/test/build/test/test
Configuring executable 'spacecookie' for spacecookie-1.0.0.3...
Preprocessing executable 'spacecookie' for spacecookie-1.0.0.3...
Building executable 'spacecookie' for spacecookie-1.0.0.3...
[1 of 5] Compiling Network.Spacecookie.Config
server/Network/Spacecookie/Config.hs:13:28: warning: [GHC-38856] [-Wunused-imports]
    The import of ‘Text’ from module ‘Data.Text’ is redundant
   |
13 | import Data.Text (toLower, Text ())
   |                            ^^^^^^^

[2 of 5] Compiling Network.Spacecookie.FileType
[3 of 5] Compiling Network.Spacecookie.Systemd
[4 of 5] Compiling Paths_spacecookie
[5 of 5] Compiling Main
[6 of 6] Linking /tmp/workdir-spacecookie/spacecookie-1.0.0.3/dist-newstyle/build/x86_64-linux/ghc-9.10.2/spacecookie-1.0.0.3/x/spacecookie/build/spacecookie/spacecookie
