Resolving dependencies...
Build profile: -w ghc-9.10.2 -O1
In order, the following will be built (use -v for more details):
 - unicode-collation-0.1.3.6 (lib) (first run)
 - unicode-collation-0.1.3.6 (test:unit) (first run)
Configuring library for unicode-collation-0.1.3.6...
Preprocessing library for unicode-collation-0.1.3.6...
Building library for unicode-collation-0.1.3.6...
[ 1 of 10] Compiling Text.Collate.Lang
[ 2 of 10] Compiling Text.Collate.Trie
[ 3 of 10] Compiling Text.Collate.UnicodeData
[ 4 of 10] Compiling Text.Collate.CanonicalCombiningClass
[ 5 of 10] Compiling Text.Collate.Normalize
[ 6 of 10] Compiling Text.Collate.Collation
src/Text/Collate/Collation.hs:27:1: warning: [GHC-66111] [-Wunused-imports]
    The import of ‘Data.List’ is redundant
      except perhaps to import instances from ‘Data.List’
    To import instances alone, use: import Data.List()
   |
27 | import Data.List (foldl')
   | ^^^^^^^^^^^^^^^^^^^^^^^^^

[ 7 of 10] Compiling Text.Collate.TH
[ 8 of 10] Compiling Text.Collate.Tailorings
[ 9 of 10] Compiling Text.Collate.Collator
[10 of 10] Compiling Text.Collate
Configuring test suite 'unit' for unicode-collation-0.1.3.6...
Preprocessing test suite 'unit' for unicode-collation-0.1.3.6...
Building test suite 'unit' for unicode-collation-0.1.3.6...
[1 of 1] Compiling Main
[2 of 2] Linking /tmp/workdir-unicode-collation/unicode-collation-0.1.3.6/dist-newstyle/build/x86_64-linux/ghc-9.10.2/unicode-collation-0.1.3.6/t/unit/build/unit/unit
