Resolving dependencies...
Build profile: -w ghc-9.10.2 -O1
In order, the following will be built (use -v for more details):
 - alfred-margaret-2.1.0.2 (lib) (first run)
 - alfred-margaret-2.1.0.2 (test:test-suite) (first run)
 - alfred-margaret-2.1.0.2 (exe:dump-automaton) (first run)
Configuring library for alfred-margaret-2.1.0.2...
Preprocessing library for alfred-margaret-2.1.0.2...
Building library for alfred-margaret-2.1.0.2...
[ 1 of 14] Compiling Data.Text.CaseSensitivity
[ 2 of 14] Compiling Data.Text.Utf8.Unlower
[ 3 of 14] Compiling Data.Text.Utf8
[ 4 of 14] Compiling Data.TypedByteArray
[ 5 of 14] Compiling Data.Text.BoyerMooreCI.Automaton
[ 6 of 14] Compiling Data.Text.BoyerMooreCI.Searcher
[ 7 of 14] Compiling Data.Text.BoyerMooreCI.Replacer
[ 8 of 14] Compiling Data.Text.BoyerMoore.Automaton
[ 9 of 14] Compiling Data.Text.BoyerMoore.Searcher
[10 of 14] Compiling Data.Text.BoyerMoore.Replacer
[11 of 14] Compiling Data.Text.AhoCorasick.Automaton
src/Data/Text/AhoCorasick/Automaton.hs:49:1: warning: [GHC-66111] [-Wunused-imports]
    The import of ‘Data.Foldable’ is redundant
      except perhaps to import instances from ‘Data.Foldable’
    To import instances alone, use: import Data.Foldable()
   |
49 | import Data.Foldable (foldl')
   | ^^^^^^^^^^^^^^^^^^^^^^^^^^^^^

[12 of 14] Compiling Data.Text.AhoCorasick.Splitter
[13 of 14] Compiling Data.Text.AhoCorasick.Searcher
[14 of 14] Compiling Data.Text.AhoCorasick.Replacer
Configuring test suite 'test-suite' for alfred-margaret-2.1.0.2...
Preprocessing test suite 'test-suite' for alfred-margaret-2.1.0.2...
Building test suite 'test-suite' for alfred-margaret-2.1.0.2...
[1 of 6] Compiling Data.Text.TestInstances
[2 of 6] Compiling Data.Text.BoyerMooreSpec
[3 of 6] Compiling Data.Text.BoyerMooreCISpec
[4 of 6] Compiling Data.Text.AhoCorasickSpec
tests/Data/Text/AhoCorasickSpec.hs:16:1: warning: [GHC-66111] [-Wunused-imports]
    The import of ‘Data.Foldable’ is redundant
      except perhaps to import instances from ‘Data.Foldable’
    To import instances alone, use: import Data.Foldable()
   |
16 | import Data.Foldable (foldl')
   | ^^^^^^^^^^^^^^^^^^^^^^^^^^^^^

[5 of 6] Compiling Data.Text.Utf8Spec
[6 of 6] Compiling Main
[7 of 7] Linking dist-newstyle/build/x86_64-linux/ghc-9.10.2/alfred-margaret-2.1.0.2/t/test-suite/build/test-suite/test-suite
Configuring executable 'dump-automaton' for alfred-margaret-2.1.0.2...
Preprocessing executable 'dump-automaton' for alfred-margaret-2.1.0.2...
Building executable 'dump-automaton' for alfred-margaret-2.1.0.2...
[1 of 1] Compiling Main
[2 of 2] Linking dist-newstyle/build/x86_64-linux/ghc-9.10.2/alfred-margaret-2.1.0.2/x/dump-automaton/build/dump-automaton/dump-automaton
