Resolving dependencies...
Build profile: -w ghc-9.10.2 -O1
In order, the following will be built (use -v for more details):
 - cabal-add-0.2 (lib) (first run)
 - cabal-add-0.2 (test:cabal-add-unit-tests) (first run)
 - cabal-add-0.2 (exe:cabal-add) (first run)
 - cabal-add-0.2 (test:cabal-add-tests) (first run)
Configuring library for cabal-add-0.2...
Preprocessing library for cabal-add-0.2...
Building library for cabal-add-0.2...
[1 of 3] Compiling Distribution.Client.Common
[2 of 3] Compiling Distribution.Client.Add
[3 of 3] Compiling Distribution.Client.Rename
Configuring test suite 'cabal-add-unit-tests' for cabal-add-0.2...
Preprocessing test suite 'cabal-add-unit-tests' for cabal-add-0.2...
Building test suite 'cabal-add-unit-tests' for cabal-add-0.2...
[1 of 1] Compiling Main
[2 of 2] Linking dist-newstyle/build/x86_64-linux/ghc-9.10.2/cabal-add-0.2/t/cabal-add-unit-tests/build/cabal-add-unit-tests/cabal-add-unit-tests
Configuring executable 'cabal-add' for cabal-add-0.2...
Preprocessing executable 'cabal-add' for cabal-add-0.2...
Building executable 'cabal-add' for cabal-add-0.2...
[1 of 1] Compiling Main
[2 of 2] Linking dist-newstyle/build/x86_64-linux/ghc-9.10.2/cabal-add-0.2/x/cabal-add/build/cabal-add/cabal-add
Configuring test suite 'cabal-add-tests' for cabal-add-0.2...
Preprocessing test suite 'cabal-add-tests' for cabal-add-0.2...
Building test suite 'cabal-add-tests' for cabal-add-0.2...
[1 of 1] Compiling Main
[2 of 2] Linking dist-newstyle/build/x86_64-linux/ghc-9.10.2/cabal-add-0.2/t/cabal-add-tests/build/cabal-add-tests/cabal-add-tests
