Build profile: -w ghc-9.6.5 -O1
In order, the following will be built (use -v for more details):
 - scientist-0.0.0.0 (lib) (first run)
 - scientist-0.0.0.0 (test:spec) (first run)
 - scientist-0.0.0.0 (test:readme) (first run)
Configuring library for scientist-0.0.0.0...
Preprocessing library for scientist-0.0.0.0...
Building library for scientist-0.0.0.0...
[ 1 of 10] Compiling Paths_scientist
[ 2 of 10] Compiling Scientist.Candidate

library/Scientist/Candidate.hs:5:1: warning: [GHC-38417] [-Wmissing-kind-signatures]
    Top-level type constructor with no standalone kind signature or CUSK:
      type Candidate :: * -> *
  |
5 | newtype Candidate a = Candidate
  | ^^^^^^^^^^^^^^^^^^^^^^^^^^^^^^^...
[ 3 of 10] Compiling Scientist.Control

library/Scientist/Control.hs:5:1: warning: [GHC-38417] [-Wmissing-kind-signatures]
    Top-level type constructor with no standalone kind signature or CUSK:
      type Control :: * -> *
  |
5 | newtype Control a = Control
  | ^^^^^^^^^^^^^^^^^^^^^^^^^^^...
[ 4 of 10] Compiling Scientist.Duration

library/Scientist/Duration.hs:20:1: warning: [GHC-38417] [-Wmissing-kind-signatures]
    Top-level type constructor with no standalone kind signature or CUSK:
      type Duration :: *
   |
20 | newtype Duration = Duration
   | ^^^^^^^^^^^^^^^^^^^^^^^^^^^...

library/Scientist/Duration.hs: warning: [-Wall-missed-specialisations]
    Could not specialise imported function ‘realToFrac’
    Probable fix: add INLINABLE pragma on ‘realToFrac’

library/Scientist/Duration.hs: warning: [-Wall-missed-specialisations]
    Could not specialise imported function ‘GHC.Real.C:RealFrac’
    Probable fix: add INLINABLE pragma on ‘GHC.Real.C:RealFrac’

library/Scientist/Duration.hs: warning: [-Wall-missed-specialisations]
    Could not specialise imported function ‘GHC.Real.C:Real’
    Probable fix: add INLINABLE pragma on ‘GHC.Real.C:Real’

library/Scientist/Duration.hs: warning: [-Wall-missed-specialisations]
    Could not specialise imported function ‘ghc-prim:GHC.Classes.C:Ord’
    Probable fix: add INLINABLE pragma on ‘ghc-prim:GHC.Classes.C:Ord’

library/Scientist/Duration.hs: warning: [-Wall-missed-specialisations]
    Could not specialise imported function ‘GHC.Real.C:Fractional’
    Probable fix: add INLINABLE pragma on ‘GHC.Real.C:Fractional’

library/Scientist/Duration.hs: warning: [-Wall-missed-specialisations]
    Could not specialise imported function ‘Data.Fixed.$fNumFixed_$c*’
    Probable fix: add INLINABLE pragma on ‘Data.Fixed.$fNumFixed_$c*’

library/Scientist/Duration.hs: warning: [-Wall-missed-specialisations]
    Could not specialise imported function ‘Data.Fixed.$fRealFixed_$ctoRational’
    Probable fix: add INLINABLE pragma on ‘Data.Fixed.$fRealFixed_$ctoRational’

library/Scientist/Duration.hs: warning: [-Wall-missed-specialisations]
    Could not specialise imported function ‘Data.Fixed.$fFractionalFixed_$crecip’
    Probable fix: add INLINABLE pragma on ‘Data.Fixed.$fFractionalFixed_$crecip’

library/Scientist/Duration.hs: warning: [-Wall-missed-specialisations]
    Could not specialise imported function ‘Data.Fixed.$fFractionalFixed1’
    Probable fix: add INLINABLE pragma on ‘Data.Fixed.$fFractionalFixed1’

library/Scientist/Duration.hs: warning: [-Wall-missed-specialisations]
    Could not specialise imported function ‘Data.Fixed.$fRealFracFixed_$cproperFraction’
    Probable fix: add INLINABLE pragma on ‘Data.Fixed.$fRealFracFixed_$cproperFraction’

library/Scientist/Duration.hs: warning: [-Wall-missed-specialisations]
    Could not specialise imported function ‘showFixed’
    Probable fix: add INLINABLE pragma on ‘showFixed’
[ 5 of 10] Compiling Scientist.NamedCandidate

library/Scientist/NamedCandidate.hs:15:1: warning: [GHC-38417] [-Wmissing-kind-signatures]
    Top-level type constructor with no standalone kind signature or CUSK:
      type NamedCandidate :: (* -> *) -> * -> *
   |
15 | data NamedCandidate m a = NamedCandidate Text (m (Candidate a))
   | ^^^^^^^^^^^^^^^^^^^^^^^^^^^^^^^^^^^^^^^^^^^^^^^^^^^^^^^^^^^^^^^
[ 6 of 10] Compiling Scientist.Result

library/Scientist/Result.hs:23:1: warning: [GHC-38417] [-Wmissing-kind-signatures]
    Top-level type constructor with no standalone kind signature or CUSK:
      type Result :: * -> * -> * -> *
   |
23 | data Result c a b
   | ^^^^^^^^^^^^^^^^^...

library/Scientist/Result.hs:43:1: warning: [GHC-38417] [-Wmissing-kind-signatures]
    Top-level type constructor with no standalone kind signature or CUSK:
      type ResultDetails :: * -> * -> * -> *
   |
43 | data ResultDetails c a b = ResultDetails
   | ^^^^^^^^^^^^^^^^^^^^^^^^^^^^^^^^^^^^^^^^...

library/Scientist/Result.hs:57:1: warning: [GHC-38417] [-Wmissing-kind-signatures]
    Top-level type constructor with no standalone kind signature or CUSK:
      type ResultControl :: * -> *
   |
57 | data ResultControl a = ResultControl
   | ^^^^^^^^^^^^^^^^^^^^^^^^^^^^^^^^^^^^...

library/Scientist/Result.hs:63:1: warning: [GHC-38417] [-Wmissing-kind-signatures]
    Top-level type constructor with no standalone kind signature or CUSK:
      type ResultCandidate :: * -> *
   |
63 | data ResultCandidate a = ResultCandidate
   | ^^^^^^^^^^^^^^^^^^^^^^^^^^^^^^^^^^^^^^^^...
[ 7 of 10] Compiling Scientist.Experiment

library/Scientist/Experiment.hs:54:1: warning: [GHC-38417] [-Wmissing-kind-signatures]
    Top-level type constructor with no standalone kind signature or CUSK:
      type Experiment :: (* -> *) -> * -> * -> * -> *
   |
54 | data Experiment m c a b = Experiment
   | ^^^^^^^^^^^^^^^^^^^^^^^^^^^^^^^^^^^^...

library/Scientist/Experiment.hs: warning: [-Wall-missed-specialisations]
    Could not specialise imported function ‘safe-exceptions-0.1.7.4-2fb4593974518ba19255dc6520ceacb68674b5e52c9128f64103bf4ce9dbee27:Control.Exception.Safe.toSyncException’
    Probable fix: add INLINABLE pragma on ‘safe-exceptions-0.1.7.4-2fb4593974518ba19255dc6520ceacb68674b5e52c9128f64103bf4ce9dbee27:Control.Exception.Safe.toSyncException’
[ 8 of 10] Compiling Scientist.Result.Evaluate
[ 9 of 10] Compiling Scientist.Experiment.Run

library/Scientist/Experiment/Run.hs: warning: [-Wall-missed-specialisations]
    Could not specialise imported function ‘shuffleM’
    Probable fix: add INLINABLE pragma on ‘shuffleM’
[10 of 10] Compiling Scientist
Configuring test suite 'spec' for scientist-0.0.0.0...
Preprocessing test suite 'spec' for scientist-0.0.0.0...
Building test suite 'spec' for scientist-0.0.0.0...
[1 of 5] Compiling Paths_scientist
[2 of 5] Compiling Scientist.Test

tests/Scientist/Test.hs: warning: [-Wall-missed-specialisations]
    Could not specialise imported function ‘hspec-expectations-0.8.4-b9e5e938c0995ddb53dd14abd70258f684d97857e0fcbe50db90cbae3cf30f81:Test.Hspec.Expectations.shouldThrow1’
    Probable fix: add INLINABLE pragma on ‘hspec-expectations-0.8.4-b9e5e938c0995ddb53dd14abd70258f684d97857e0fcbe50db90cbae3cf30f81:Test.Hspec.Expectations.shouldThrow1’
[3 of 5] Compiling Scientist.ExperimentSpec

tests/Scientist/ExperimentSpec.hs: warning: [-Wall-missed-specialisations]
    Could not specialise imported function ‘hspec-expectations-0.8.4-b9e5e938c0995ddb53dd14abd70258f684d97857e0fcbe50db90cbae3cf30f81:Test.Hspec.Expectations.shouldSatisfy1’
    Probable fix: add INLINABLE pragma on ‘hspec-expectations-0.8.4-b9e5e938c0995ddb53dd14abd70258f684d97857e0fcbe50db90cbae3cf30f81:Test.Hspec.Expectations.shouldSatisfy1’

tests/Scientist/ExperimentSpec.hs: warning: [-Wall-missed-specialisations]
    Could not specialise imported function ‘experimentEnabledPercent’
    Probable fix: add INLINABLE pragma on ‘experimentEnabledPercent’

tests/Scientist/ExperimentSpec.hs: warning: [-Wall-missed-specialisations]
    Could not specialise imported function ‘hspec-core-2.11.8-1bf5d44329e021b6ba315e22f7b562423cb21a1e2c6e8fe94ac1180f4871f8f4:Test.Hspec.Core.Tree.$wspecItem’
    Probable fix: add INLINABLE pragma on ‘hspec-core-2.11.8-1bf5d44329e021b6ba315e22f7b562423cb21a1e2c6e8fe94ac1180f4871f8f4:Test.Hspec.Core.Tree.$wspecItem’
[4 of 5] Compiling Scientist.Experiment.RunSpec

tests/Scientist/Experiment/RunSpec.hs:22:1: warning: [GHC-38417] [-Wmissing-kind-signatures]
    Top-level type constructor with no standalone kind signature or CUSK:
      type ExampleResult :: *
   |
22 | data ExampleResult = A | B | C
   | ^^^^^^^^^^^^^^^^^^^^^^^^^^^^^^...

tests/Scientist/Experiment/RunSpec.hs: warning: [-Wall-missed-specialisations]
    Could not specialise imported function ‘Scientist.Experiment.setExperimentTryInternal’
    Probable fix: add INLINABLE pragma on ‘Scientist.Experiment.setExperimentTryInternal’

tests/Scientist/Experiment/RunSpec.hs: warning: [-Wall-missed-specialisations]
    Could not specialise imported function ‘experimentRunInternal’
    Probable fix: add INLINABLE pragma on ‘experimentRunInternal’

tests/Scientist/Experiment/RunSpec.hs: warning: [-Wall-missed-specialisations]
    Could not specialise imported function ‘hspec-expectations-0.8.4-b9e5e938c0995ddb53dd14abd70258f684d97857e0fcbe50db90cbae3cf30f81:Test.Hspec.Expectations.Matcher.matchList’
    Probable fix: add INLINABLE pragma on ‘hspec-expectations-0.8.4-b9e5e938c0995ddb53dd14abd70258f684d97857e0fcbe50db90cbae3cf30f81:Test.Hspec.Expectations.Matcher.matchList’

tests/Scientist/Experiment/RunSpec.hs: warning: [-Wall-missed-specialisations]
    Could not specialise imported function ‘HUnit-1.6.2.0-3fd2f7e8625663d2beea77ea078aa8837781ba24ee7c86eefa23242dce5b4f2d:Test.HUnit.Lang.$wassertEqual’
    Probable fix: add INLINABLE pragma on ‘HUnit-1.6.2.0-3fd2f7e8625663d2beea77ea078aa8837781ba24ee7c86eefa23242dce5b4f2d:Test.HUnit.Lang.$wassertEqual’

tests/Scientist/Experiment/RunSpec.hs: warning: [-Wall-missed-specialisations]
    Could not specialise imported function ‘hspec-core-2.11.8-1bf5d44329e021b6ba315e22f7b562423cb21a1e2c6e8fe94ac1180f4871f8f4:Test.Hspec.Core.Tree.$wspecItem’
    Probable fix: add INLINABLE pragma on ‘hspec-core-2.11.8-1bf5d44329e021b6ba315e22f7b562423cb21a1e2c6e8fe94ac1180f4871f8f4:Test.Hspec.Core.Tree.$wspecItem’

tests/Scientist/Experiment/RunSpec.hs: warning: [-Wall-missed-specialisations]
    Could not specialise imported function ‘shouldSatisfyMaybe’
    Probable fix: add INLINABLE pragma on ‘shouldSatisfyMaybe’

tests/Scientist/Experiment/RunSpec.hs: warning: [-Wall-missed-specialisations]
    Could not specialise imported function ‘hspec-expectations-0.8.4-b9e5e938c0995ddb53dd14abd70258f684d97857e0fcbe50db90cbae3cf30f81:Test.Hspec.Expectations.shouldSatisfy1’
    Probable fix: add INLINABLE pragma on ‘hspec-expectations-0.8.4-b9e5e938c0995ddb53dd14abd70258f684d97857e0fcbe50db90cbae3cf30f81:Test.Hspec.Expectations.shouldSatisfy1’
[5 of 5] Compiling Main
[6 of 6] Linking /tmp/workdir-scientist/scientist-0.0.0.0/dist-newstyle/build/x86_64-linux/ghc-9.6.5/scientist-0.0.0.0/t/spec/build/spec/spec
Configuring test suite 'readme' for scientist-0.0.0.0...
Preprocessing test suite 'readme' for scientist-0.0.0.0...
Building test suite 'readme' for scientist-0.0.0.0...
[1 of 2] Compiling Main

README.lhs:108:1: warning: [GHC-38417] [-Wmissing-kind-signatures]
    Top-level type constructor with no standalone kind signature or CUSK:
      type Model :: *
    |
108 | data Model = Model
    | ^^^^^^^^^^^^^^^^^^

README.lhs:110:1: warning: [GHC-38417] [-Wmissing-kind-signatures]
    Top-level type constructor with no standalone kind signature or CUSK:
      type User :: *
    |
110 | data User = User
    | ^^^^^^^^^^^^^^^^

README.lhs:190:1: warning: [GHC-38417] [-Wmissing-kind-signatures]
    Top-level type constructor with no standalone kind signature or CUSK:
      type X :: *
    |
190 | data X = X
    | ^^^^^^^^^^

README.lhs:240:1: warning: [GHC-38417] [-Wmissing-kind-signatures]
    Top-level type constructor with no standalone kind signature or CUSK:
      type Value :: *
    |
240 | data Value = Value
    | ^^^^^^^^^^^^^^^^^^

README.lhs:242:1: warning: [GHC-38417] [-Wmissing-kind-signatures]
    Top-level type constructor with no standalone kind signature or CUSK:
      type Pair :: *
    |
242 | data Pair = Pair
    | ^^^^^^^^^^^^^^^^

README.lhs:253:1: warning: [GHC-38417] [-Wmissing-kind-signatures]
    Top-level type constructor with no standalone kind signature or CUSK:
      type MyContext :: *
    |
253 | data MyContext = MyContext
    | ^^^^^^^^^^^^^^^^^^^^^^^^^^

README.lhs:255:1: warning: [GHC-38417] [-Wmissing-kind-signatures]
    Top-level type constructor with no standalone kind signature or CUSK:
      type MyPayload :: *
    |
255 | data MyPayload = MyPayload
    | ^^^^^^^^^^^^^^^^^^^^^^^^^^...

README.lhs: warning: [-Wall-missed-specialisations]
    Could not specialise imported function ‘ghc-prim:GHC.Classes.$fEqList_$c==’
    Probable fix: add INLINABLE pragma on ‘ghc-prim:GHC.Classes.$fEqList_$c==’

README.lhs: warning: [-Wall-missed-specialisations]
    Could not specialise imported function ‘safe-exceptions-0.1.7.4-2fb4593974518ba19255dc6520ceacb68674b5e52c9128f64103bf4ce9dbee27:Control.Exception.Safe.toSyncException’
    Probable fix: add INLINABLE pragma on ‘safe-exceptions-0.1.7.4-2fb4593974518ba19255dc6520ceacb68674b5e52c9128f64103bf4ce9dbee27:Control.Exception.Safe.toSyncException’
[2 of 2] Compiling Paths_scientist
[3 of 3] Linking /tmp/workdir-scientist/scientist-0.0.0.0/dist-newstyle/build/x86_64-linux/ghc-9.6.5/scientist-0.0.0.0/t/readme/build/readme/readme
