Resolving dependencies...
Build profile: -w ghc-9.10.2 -O1
In order, the following will be built (use -v for more details):
 - tidal-1.10.1 (lib) (first run)
 - tidal-1.10.1 (test:tests) (first run)
 - tidal-1.10.1 (test:dontcrash) (first run)
Configuring library for tidal-1.10.1...
Preprocessing library for tidal-1.10.1...
Building library for tidal-1.10.1...
[ 1 of 16] Compiling Paths_tidal
[ 2 of 16] Compiling Sound.Tidal.Config
[ 3 of 16] Compiling Sound.Tidal.ID
[ 4 of 16] Compiling Sound.Tidal.Stream.Types
[ 5 of 16] Compiling Sound.Tidal.Stream.Target
[ 6 of 16] Compiling Sound.Tidal.Stream.Process
src/Sound/Tidal/Stream/Process.hs:181:65: warning: [GHC-63394] [-Wx-partial]
    In the use of ‘head’
    (imported from Prelude, but defined in GHC.Internal.List):
    "This is a partial function, it throws an error on empty lists. Use pattern matching, 'Data.List.uncons' or 'Data.Maybe.listToMaybe' instead. Consider refactoring to use "Data.List.NonEmpty"."
    |
181 |     (playmap, busmap) = Map.partitionWithKey (\k _ -> null k || head k /= '^') $ val pe
    |                                                                 ^^^^

src/Sound/Tidal/Stream/Process.hs:220:38: warning: [GHC-63394] [-Wx-partial]
    In the use of ‘head’
    (imported from Prelude, but defined in GHC.Internal.List):
    "This is a partial function, it throws an error on empty lists. Use pattern matching, 'Data.List.uncons' or 'Data.Maybe.listToMaybe' instead. Consider refactoring to use "Data.List.NonEmpty"."
    |
220 |             k' <- if not (null k) && head k == '^' then Just (drop 1 k) else Nothing
    |                                      ^^^^

[ 7 of 16] Compiling Sound.Tidal.Stream.UI
src/Sound/Tidal/Stream/UI.hs:7:1: warning: [GHC-66111] [-Wunused-imports]
    The qualified import of ‘Control.Exception’ is redundant
      except perhaps to import instances from ‘Control.Exception’
    To import instances alone, use: import Control.Exception()
  |
7 | import qualified Control.Exception as E
  | ^^^^^^^^^^^^^^^^^^^^^^^^^^^^^^^^^^^^^^^

src/Sound/Tidal/Stream/UI.hs:15:1: warning: [GHC-66111] [-Wunused-imports]
    The import of ‘System.IO’ is redundant
      except perhaps to import instances from ‘System.IO’
    To import instances alone, use: import System.IO()
   |
15 | import System.IO (hPutStrLn, stderr)
   | ^^^^^^^^^^^^^^^^^^^^^^^^^^^^^^^^^^^^

[ 8 of 16] Compiling Sound.Tidal.Stream.Listen
[ 9 of 16] Compiling Sound.Tidal.Transition
[10 of 16] Compiling Sound.Tidal.Version
[11 of 16] Compiling Sound.Tidal.Stream.Main
[12 of 16] Compiling Sound.Tidal.Stream
[13 of 16] Compiling Sound.Tidal.Context
[14 of 16] Compiling Sound.Tidal.Safe.Context
[15 of 16] Compiling Sound.Tidal.Safe.Boot
[16 of 16] Compiling Sound.Tidal.Boot
Configuring test suite 'tests' for tidal-1.10.1...
Preprocessing test suite 'tests' for tidal-1.10.1...
Building test suite 'tests' for tidal-1.10.1...
[1 of 3] Compiling Sound.Tidal.StreamTest
[2 of 3] Compiling Main
[3 of 3] Compiling TestUtils
[4 of 4] Linking /tmp/workdir-tidal/tidal-1.10.1/dist-newstyle/build/x86_64-linux/ghc-9.10.2/tidal-1.10.1/t/tests/build/tests/tests
Configuring test suite 'dontcrash' for tidal-1.10.1...
Preprocessing test suite 'dontcrash' for tidal-1.10.1...
Building test suite 'dontcrash' for tidal-1.10.1...
[1 of 1] Compiling Main
[2 of 2] Linking /tmp/workdir-tidal/tidal-1.10.1/dist-newstyle/build/x86_64-linux/ghc-9.10.2/tidal-1.10.1/t/dontcrash/build/dontcrash/dontcrash
