Resolving dependencies...
Build profile: -w ghc-9.10.2 -O1
In order, the following will be built (use -v for more details):
 - gogol-appengine-1.0.0 (lib) (first run)
Configuring library for gogol-appengine-1.0.0...
Warning: [git-protocol] Cloning over git:// might lead to an arbitrary code
execution vulnerability. Furthermore, popular forges like GitHub do not
support it. Use https:// or ssh:// instead.
Preprocessing library for gogol-appengine-1.0.0...
Building library for gogol-appengine-1.0.0...
[ 1 of 46] Compiling Gogol.AppEngine.Internal.Sum
[ 2 of 46] Compiling Gogol.AppEngine.Internal.Product
[ 3 of 46] Compiling Gogol.AppEngine.Types
[ 4 of 46] Compiling Gogol.AppEngine.Projects.Locations.Applications.Services.Versions.Delete
[ 5 of 46] Compiling Gogol.AppEngine.Projects.Locations.Applications.Services.Delete
[ 6 of 46] Compiling Gogol.AppEngine.Projects.Locations.Applications.AuthorizedDomains.List
[ 7 of 46] Compiling Gogol.AppEngine.Apps.Services.Versions.Patch
[ 8 of 46] Compiling Gogol.AppEngine.Apps.Services.Versions.List
[ 9 of 46] Compiling Gogol.AppEngine.Apps.Services.Versions.Instances.List
[10 of 46] Compiling Gogol.AppEngine.Apps.Services.Versions.Instances.Get
[11 of 46] Compiling Gogol.AppEngine.Apps.Services.Versions.Instances.Delete
[12 of 46] Compiling Gogol.AppEngine.Apps.Services.Versions.Instances.Debug
[13 of 46] Compiling Gogol.AppEngine.Apps.Services.Versions.Get
[14 of 46] Compiling Gogol.AppEngine.Apps.Services.Versions.Delete
[15 of 46] Compiling Gogol.AppEngine.Apps.Services.Versions.Create
[16 of 46] Compiling Gogol.AppEngine.Apps.Services.Patch
[17 of 46] Compiling Gogol.AppEngine.Apps.Services.List
[18 of 46] Compiling Gogol.AppEngine.Apps.Services.Get
[19 of 46] Compiling Gogol.AppEngine.Apps.Services.Delete
[20 of 46] Compiling Gogol.AppEngine.Apps.Repair
[21 of 46] Compiling Gogol.AppEngine.Apps.Patch
[22 of 46] Compiling Gogol.AppEngine.Apps.Operations.List
[23 of 46] Compiling Gogol.AppEngine.Apps.Operations.Get
[24 of 46] Compiling Gogol.AppEngine.Apps.Locations.List
[25 of 46] Compiling Gogol.AppEngine.Apps.Locations.Get
[26 of 46] Compiling Gogol.AppEngine.Apps.ListRuntimes
[27 of 46] Compiling Gogol.AppEngine.Apps.Get
[28 of 46] Compiling Gogol.AppEngine.Apps.Firewall.IngressRules.Patch
[29 of 46] Compiling Gogol.AppEngine.Apps.Firewall.IngressRules.List
[30 of 46] Compiling Gogol.AppEngine.Apps.Firewall.IngressRules.Get
[31 of 46] Compiling Gogol.AppEngine.Apps.Firewall.IngressRules.Delete
[32 of 46] Compiling Gogol.AppEngine.Apps.Firewall.IngressRules.Create
[33 of 46] Compiling Gogol.AppEngine.Apps.Firewall.IngressRules.BatchUpdate
[34 of 46] Compiling Gogol.AppEngine.Apps.DomainMappings.Patch
[35 of 46] Compiling Gogol.AppEngine.Apps.DomainMappings.List
[36 of 46] Compiling Gogol.AppEngine.Apps.DomainMappings.Get
[37 of 46] Compiling Gogol.AppEngine.Apps.DomainMappings.Delete
[38 of 46] Compiling Gogol.AppEngine.Apps.DomainMappings.Create
[39 of 46] Compiling Gogol.AppEngine.Apps.Create
[40 of 46] Compiling Gogol.AppEngine.Apps.AuthorizedDomains.List
[41 of 46] Compiling Gogol.AppEngine.Apps.AuthorizedCertificates.Patch
[42 of 46] Compiling Gogol.AppEngine.Apps.AuthorizedCertificates.List
[43 of 46] Compiling Gogol.AppEngine.Apps.AuthorizedCertificates.Get
[44 of 46] Compiling Gogol.AppEngine.Apps.AuthorizedCertificates.Delete
[45 of 46] Compiling Gogol.AppEngine.Apps.AuthorizedCertificates.Create
[46 of 46] Compiling Gogol.AppEngine
