Warning: The package description file ./elm-core-sources.cabal has warnings:
elm-core-sources.cabal:45:33: version operators used. To use version operators
the package needs to specify at least 'cabal-version: >= 1.8'.
Warning: The package description file
/tmp/workdir-elm-core-sources/elm-core-sources-1.0.0/elm-core-sources.cabal
has warnings:
/tmp/workdir-elm-core-sources/elm-core-sources-1.0.0/elm-core-sources.cabal:45:33:
version operators used. To use version operators the package needs to specify
at least 'cabal-version: >= 1.8'.
Resolving dependencies...
Build profile: -w ghc-9.10.2 -O1
In order, the following will be built (use -v for more details):
 - elm-core-sources-1.0.0 (lib:elm-core-sources) (first run)
Warning: elm-core-sources.cabal:45:33: version operators used. To use version
operators the package needs to specify at least 'cabal-version: >= 1.8'.
Configuring elm-core-sources-1.0.0...
Warning: [git-protocol] Cloning over git:// might lead to an arbitrary code
execution vulnerability. Furthermore, popular forges like GitHub do not
support it. Use https:// or ssh:// instead.
Preprocessing library for elm-core-sources-1.0.0...
Building library for elm-core-sources-1.0.0...
[1 of 1] Compiling Language.Elm.CoreSources
