Resolving dependencies...
Build profile: -w ghc-9.10.2 -O1
In order, the following will be built (use -v for more details):
 - http-streams-0.8.9.9 (lib) (first run)
 - http-streams-0.8.9.9 (test:check) (first run)
Configuring library for http-streams-0.8.9.9...
Warning: [git-protocol] Cloning over git:// might lead to an arbitrary code
execution vulnerability. Furthermore, popular forges like GitHub do not
support it. Use https:// or ssh:// instead.
Preprocessing library for http-streams-0.8.9.9...
Building library for http-streams-0.8.9.9...
[1 of 5] Compiling Network.Http.Utilities
[2 of 5] Compiling Network.Http.ResponseParser
lib/Network/Http/ResponseParser.hs:150:10: warning: [GHC-63394] [-Wx-partial]
    In the use of ‘head’
    (imported from Prelude, but defined in GHC.Internal.List):
    "This is a partial function, it throws an error on empty lists. Use pattern matching, 'Data.List.uncons' or 'Data.Maybe.listToMaybe' instead. Consider refactoring to use "Data.List.NonEmpty"."
    |
150 |     x' = head $ S.words str'
    |          ^^^^

[3 of 5] Compiling Network.Http.Connection
lib/Network/Http/Connection.hs:177:16: warning: [GHC-63394] [-Wx-partial]
    In the use of ‘head’
    (imported from Prelude, but defined in GHC.Internal.List):
    "This is a partial function, it throws an error on empty lists. Use pattern matching, 'Data.List.uncons' or 'Data.Maybe.listToMaybe' instead. Consider refactoring to use "Data.List.NonEmpty"."
    |
177 |     let addr = head is
    |                ^^^^

lib/Network/Http/Connection.hs:239:27: warning: [GHC-63394] [-Wx-partial]
    In the use of ‘head’
    (imported from Prelude, but defined in GHC.Internal.List):
    "This is a partial function, it throws an error on empty lists. Use pattern matching, 'Data.List.uncons' or 'Data.Maybe.listToMaybe' instead. Consider refactoring to use "Data.List.NonEmpty"."
    |
239 |     let a = addrAddress $ head is
    |                           ^^^^

lib/Network/Http/Connection.hs:240:26: warning: [GHC-63394] [-Wx-partial]
    In the use of ‘head’
    (imported from Prelude, but defined in GHC.Internal.List):
    "This is a partial function, it throws an error on empty lists. Use pattern matching, 'Data.List.uncons' or 'Data.Maybe.listToMaybe' instead. Consider refactoring to use "Data.List.NonEmpty"."
    |
240 |         f = addrFamily $ head is
    |                          ^^^^

[4 of 5] Compiling Network.Http.Inconvenience
lib/Network/Http/Inconvenience.hs:234:21: warning: [GHC-63394] [-Wx-partial]
    In the use of ‘tail’
    (imported from Prelude, but defined in GHC.Internal.List):
    "This is a partial function, it throws an error on empty lists. Replace it with 'drop' 1, or use pattern matching or 'GHC.Internal.Data.List.uncons' instead. Consider refactoring to use "Data.List.NonEmpty"."
    |
234 |         _ -> read $ tail $ uriPort auth :: Word16
    |                     ^^^^

lib/Network/Http/Inconvenience.hs:237:21: warning: [GHC-63394] [-Wx-partial]
    In the use of ‘tail’
    (imported from Prelude, but defined in GHC.Internal.List):
    "This is a partial function, it throws an error on empty lists. Replace it with 'drop' 1, or use pattern matching or 'GHC.Internal.Data.List.uncons' instead. Consider refactoring to use "Data.List.NonEmpty"."
    |
237 |         _ -> read $ tail $ uriPort auth :: Word16
    |                     ^^^^

[5 of 5] Compiling Network.Http.Client
Configuring test suite 'check' for http-streams-0.8.9.9...
Warning: [git-protocol] Cloning over git:// might lead to an arbitrary code
execution vulnerability. Furthermore, popular forges like GitHub do not
support it. Use https:// or ssh:// instead.
Preprocessing test suite 'check' for http-streams-0.8.9.9...
Building test suite 'check' for http-streams-0.8.9.9...
[1 of 3] Compiling MockServer
[2 of 3] Compiling TestSuite
tests/TestSuite.hs:211:13: warning: [GHC-62161] [-Wincomplete-uni-patterns]
    Pattern match(es) are non-exhaustive
    In a pattern binding:
        Patterns of type ‘Maybe ByteString’ not matched: Nothing
    |
211 |         let (Just a) = lookupHeader h "Accept"
    |             ^^^^^^^^^^^^^^^^^^^^^^^^^^^^^^^^^^

tests/TestSuite.hs:220:13: warning: [GHC-62161] [-Wincomplete-uni-patterns]
    Pattern match(es) are non-exhaustive
    In a pattern binding:
        Patterns of type ‘Maybe ByteString’ not matched: Nothing
    |
220 |         let (Just a) = lookupHeader h "Authorization"
    |             ^^^^^^^^^^^^^^^^^^^^^^^^^^^^^^^^^^^^^^^^^

tests/TestSuite.hs:282:13: warning: [GHC-62161] [-Wincomplete-uni-patterns]
    Pattern match(es) are non-exhaustive
    In a pattern binding:
        Patterns of type ‘Maybe
                            ghc-internal:GHC.Internal.Int.Int64’ not matched:
            Nothing
    |
282 |         let (Just len) = pContentLength p
    |             ^^^^^^^^^^^^^^^^^^^^^^^^^^^^^

tests/TestSuite.hs:292:13: warning: [GHC-62161] [-Wincomplete-uni-patterns]
    Pattern match(es) are non-exhaustive
    In a pattern binding:
        Patterns of type ‘Maybe ByteString’ not matched: Nothing
    |
292 |         let (Just value) = getHeader p "Content-Length"
    |             ^^^^^^^^^^^^^^^^^^^^^^^^^^^^^^^^^^^^^^^^^^^

tests/TestSuite.hs:752:13: warning: [GHC-62161] [-Wincomplete-uni-patterns]
    Pattern match(es) are non-exhaustive
    In a pattern binding:
        Patterns of type ‘Value’ not matched:
            Array _
            String _
            Number _
            Bool _
            ...
    |
752 |         let (Object o) = x
    |             ^^^^^^^^^^^^^^

tests/TestSuite.hs:753:13: warning: [GHC-62161] [-Wincomplete-uni-patterns]
    Pattern match(es) are non-exhaustive
    In a pattern binding:
        Patterns of type ‘Maybe Value’ not matched: Nothing
    |
753 |         let (Just v) = KeyMap.lookup "label" o
    |             ^^^^^^^^^^^^^^^^^^^^^^^^^^^^^^^^^^

tests/TestSuite.hs:754:13: warning: [GHC-62161] [-Wincomplete-uni-patterns]
    Pattern match(es) are non-exhaustive
    In a pattern binding:
        Patterns of type ‘Value’ not matched:
            Object _
            Array _
            Number _
            Bool _
            ...
    |
754 |         let (String t) = v
    |             ^^^^^^^^^^^^^^

[3 of 3] Compiling Main
[4 of 4] Linking dist-newstyle/build/x86_64-linux/ghc-9.10.2/http-streams-0.8.9.9/t/check/build/check/check
