Resolving dependencies...
Build profile: -w ghc-9.10.2 -O1
In order, the following will be built (use -v for more details):
 - leveldb-haskell-0.6.5.1 (lib) (first run)
 - leveldb-haskell-0.6.5.1 (test:leveldb-properties) (first run)
Configuring library for leveldb-haskell-0.6.5.1...
Warning: [git-protocol] Cloning over git:// might lead to an arbitrary code
execution vulnerability. Furthermore, popular forges like GitHub do not
support it. Use https:// or ssh:// instead.
Preprocessing library for leveldb-haskell-0.6.5.1...
Building library for leveldb-haskell-0.6.5.1...
[1 of 9] Compiling Data.Stream.Monadic
[2 of 9] Compiling Database.LevelDB.C
[3 of 9] Compiling Database.LevelDB.Types
[4 of 9] Compiling Database.LevelDB.Internal
src/Database/LevelDB/Internal.hs:49:1: warning: [GHC-66111] [-Wunused-imports]
    The import of ‘Control.Applicative’ is redundant
      except perhaps to import instances from ‘Control.Applicative’
    To import instances alone, use: import Control.Applicative()
   |
49 | import           Control.Applicative    ((<$>))
   | ^^^^^^^^^^^^^^^^^^^^^^^^^^^^^^^^^^^^^^^^^^^^^^^

[5 of 9] Compiling Database.LevelDB.Iterator
src/Database/LevelDB/Iterator.hs:30:1: warning: [GHC-66111] [-Wunused-imports]
    The import of ‘Control.Applicative’ is redundant
      except perhaps to import instances from ‘Control.Applicative’
    To import instances alone, use: import Control.Applicative()
   |
30 | import           Control.Applicative       ((<$>), (<*>))
   | ^^^^^^^^^^^^^^^^^^^^^^^^^^^^^^^^^^^^^^^^^^^^^^^^^^^^^^^^^

[6 of 9] Compiling Database.LevelDB.Base
src/Database/LevelDB/Base.hs:62:1: warning: [GHC-66111] [-Wunused-imports]
    The import of ‘Control.Applicative’ is redundant
      except perhaps to import instances from ‘Control.Applicative’
    To import instances alone, use: import Control.Applicative()
   |
62 | import           Control.Applicative      ((<$>))
   | ^^^^^^^^^^^^^^^^^^^^^^^^^^^^^^^^^^^^^^^^^^^^^^^^^

src/Database/LevelDB/Base.hs:181:15: warning: [GHC-63394] [-Wx-partial]
    In the use of ‘head’
    (imported from Prelude, but defined in GHC.Internal.List):
    "This is a partial function, it throws an error on empty lists. Use pattern matching, 'Data.List.uncons' or 'Data.Maybe.listToMaybe' instead. Consider refactoring to use "Data.List.NonEmpty"."
    |
181 |         liftM head $ peekArray 1 size_ptrs >>= mapM toInt64
    |               ^^^^

[7 of 9] Compiling Database.LevelDB.Streaming
[8 of 9] Compiling Database.LevelDB.MonadResource
src/Database/LevelDB/MonadResource.hs:72:1: warning: [GHC-66111] [-Wunused-imports]
    The import of ‘Control.Applicative’ is redundant
      except perhaps to import instances from ‘Control.Applicative’
    To import instances alone, use: import Control.Applicative()
   |
72 | import           Control.Applicative          ((<$>))
   | ^^^^^^^^^^^^^^^^^^^^^^^^^^^^^^^^^^^^^^^^^^^^^^^^^^^^^

[9 of 9] Compiling Database.LevelDB
Configuring test suite 'leveldb-properties' for leveldb-haskell-0.6.5.1...
Warning: [git-protocol] Cloning over git:// might lead to an arbitrary code
execution vulnerability. Furthermore, popular forges like GitHub do not
support it. Use https:// or ssh:// instead.
Preprocessing test suite 'leveldb-properties' for leveldb-haskell-0.6.5.1...
Building test suite 'leveldb-properties' for leveldb-haskell-0.6.5.1...
[1 of 2] Compiling Test.Streaming
test/Test/Streaming.hs:9:1: warning: [GHC-66111] [-Wunused-imports]
    The import of ‘Control.Applicative’ is redundant
      except perhaps to import instances from ‘Control.Applicative’
    To import instances alone, use: import Control.Applicative()
  |
9 | import           Control.Applicative        hiding (empty)
  | ^^^^^^^^^^^^^^^^^^^^^^^^^^^^^^^^^^^^^^^^^^^^^^^^^^^^^^^^^^

test/Test/Streaming.hs:17:1: warning: [GHC-66111] [-Wunused-imports]
    The import of ‘Data.Foldable’ is redundant
      except perhaps to import instances from ‘Data.Foldable’
    To import instances alone, use: import Data.Foldable()
   |
17 | import           Data.Foldable              (foldMap)
   | ^^^^^^^^^^^^^^^^^^^^^^^^^^^^^^^^^^^^^^^^^^^^^^^^^^^^^

test/Test/Streaming.hs:19:1: warning: [GHC-66111] [-Wunused-imports]
    The import of ‘Data.Monoid’ is redundant
      except perhaps to import instances from ‘Data.Monoid’
    To import instances alone, use: import Data.Monoid()
   |
19 | import           Data.Monoid
   | ^^^^^^^^^^^^^^^^^^^^^^^^^^^^

test/Test/Streaming.hs:229:26: warning: [GHC-63394] [-Wx-partial]
    In the use of ‘head’
    (imported from Data.List, but defined in GHC.Internal.List):
    "This is a partial function, it throws an error on empty lists. Use pattern matching, 'Data.List.uncons' or 'Data.Maybe.listToMaybe' instead. Consider refactoring to use "Data.List.NonEmpty"."
    |
229 |             xs -> Just . head $ xs
    |                          ^^^^

test/Test/Streaming.hs:243:19: warning: [GHC-63394] [-Wx-partial]
    In the use of ‘tail’
    (imported from Data.List, but defined in GHC.Internal.List):
    "This is a partial function, it throws an error on empty lists. Replace it with 'drop' 1, or use pattern matching or 'GHC.Internal.Data.List.uncons' instead. Consider refactoring to use "Data.List.NonEmpty"."
    |
243 |             xs -> tail xs
    |                   ^^^^

[2 of 2] Compiling Main
[3 of 3] Linking dist-newstyle/build/x86_64-linux/ghc-9.10.2/leveldb-haskell-0.6.5.1/t/leveldb-properties/build/leveldb-properties/leveldb-properties
