Resolving dependencies...
Build profile: -w ghc-9.10.2 -O1
In order, the following will be built (use -v for more details):
 - indexed-list-literals-0.2.1.3 (lib) (first run)
 - indexed-list-literals-0.2.1.3 (test:IndexedListLiterals-test) (first run)
Configuring library for indexed-list-literals-0.2.1.3...
Preprocessing library for indexed-list-literals-0.2.1.3...
Building library for indexed-list-literals-0.2.1.3...
src/Data/IndexedListLiterals.hs:4:5: warning: [GHC-53692] [-Wdeprecated-flags]
    -XTypeInType is deprecated: use -XDataKinds and -XPolyKinds instead
  |
4 |   , TypeInType
  |     ^^^^^^^^^^

[1 of 1] Compiling Data.IndexedListLiterals
src/Data/IndexedListLiterals.hs:103:81: warning: [GHC-63394] [-Wx-partial]
    In the use of ‘head’
    (imported from Prelude, but defined in GHC.Internal.List):
    "This is a partial function, it throws an error on empty lists. Use pattern matching, 'Data.List.uncons' or 'Data.Maybe.listToMaybe' instead. Consider refactoring to use "Data.List.NonEmpty"."
    |
103 |       ["instance " ++ className ++ " (" ++ tys ++ ") " ++ show length ++ " " ++ head types ++ " where"
    |                                                                                 ^^^^

src/Data/IndexedListLiterals.hs:108:18: warning: [GHC-63394] [-Wx-partial]
    In the use of ‘tail’
    (imported from Prelude, but defined in GHC.Internal.List):
    "This is a partial function, it throws an error on empty lists. Replace it with 'drop' 1, or use pattern matching or 'GHC.Internal.Data.List.uncons' instead. Consider refactoring to use "Data.List.NonEmpty"."
    |
108 |   dropOneTuple = tail
    |                  ^^^^

Configuring test suite 'IndexedListLiterals-test' for indexed-list-literals-0.2.1.3...
Preprocessing test suite 'IndexedListLiterals-test' for indexed-list-literals-0.2.1.3...
Building test suite 'IndexedListLiterals-test' for indexed-list-literals-0.2.1.3...
test/Docs.hs:1:43: warning: [GHC-53692] [-Wdeprecated-flags]
    -XTypeInType is deprecated: use -XDataKinds and -XPolyKinds instead
  |
1 | {-# Language TypeApplications, DataKinds, TypeInType, KindSignatures #-}
  |                                           ^^^^^^^^^^

[1 of 1] Compiling Main
test/Docs.hs:1:43: warning: [GHC-53692] [-Wdeprecated-flags]
    -XTypeInType is deprecated: use -XDataKinds and -XPolyKinds instead
  |
1 | {-# Language TypeApplications, DataKinds, TypeInType, KindSignatures #-}
  |                                           ^^^^^^^^^^

[2 of 2] Linking dist-newstyle/build/x86_64-linux/ghc-9.10.2/indexed-list-literals-0.2.1.3/t/IndexedListLiterals-test/build/IndexedListLiterals-test/IndexedListLiterals-test
