Resolving dependencies...
Build profile: -w ghc-9.10.2 -O1
In order, the following will be built (use -v for more details):
 - cryptohash-md5-0.11.101.0 (lib) (first run)
 - cryptohash-md5-0.11.101.0 (test:test-md5) (first run)
Configuring library for cryptohash-md5-0.11.101.0...
Preprocessing library for cryptohash-md5-0.11.101.0...
Building library for cryptohash-md5-0.11.101.0...
[1 of 3] Compiling Compat
[2 of 3] Compiling Crypto.Hash.MD5.FFI
[3 of 3] Compiling Crypto.Hash.MD5
src/Crypto/Hash/MD5.hs:134:19: warning: [GHC-68441] [-Wdeprecations]
    In the use of ‘memcpy’
    (imported from Data.ByteString.Internal, but defined in Data.ByteString.Internal.Type):
    Deprecated: "Use Foreign.Marshal.Utils.copyBytes instead"
    |
134 | copyCtx dst src = memcpy (castPtr dst) (castPtr src) (fromIntegral sizeCtx)
    |                   ^^^^^^

Configuring test suite 'test-md5' for cryptohash-md5-0.11.101.0...
Preprocessing test suite 'test-md5' for cryptohash-md5-0.11.101.0...
Building test suite 'test-md5' for cryptohash-md5-0.11.101.0...
[1 of 1] Compiling Main
src-tests/test-md5.hs:168:48: warning: [GHC-63394] [-Wx-partial]
    In the use of ‘tail’
    (imported from Prelude, but defined in GHC.Internal.List):
    "This is a partial function, it throws an error on empty lists. Replace it with 'drop' 1, or use pattern matching or 'GHC.Internal.Data.List.uncons' instead. Consider refactoring to use "Data.List.NonEmpty"."
    |
168 |         go bs = zipWith B.append (B.inits bs) (tail $ B.tails bs)
    |                                                ^^^^

[2 of 2] Linking dist-newstyle/build/x86_64-linux/ghc-9.10.2/cryptohash-md5-0.11.101.0/t/test-md5/build/test-md5/test-md5
