Resolving dependencies...
Build profile: -w ghc-9.10.2 -O1
In order, the following will be built (use -v for more details):
 - covariance-0.2.0.1 (lib) (first run)
 - covariance-0.2.0.1 (test:covariance-test) (first run)
Configuring library for covariance-0.2.0.1...
Preprocessing library for covariance-0.2.0.1...
Building library for covariance-0.2.0.1...
[1 of 7] Compiling Statistics.Covariance.GraphicalLasso
[2 of 7] Compiling Statistics.Covariance.Internal.Tools
[3 of 7] Compiling Statistics.Covariance.OracleApproximatingShrinkage
[4 of 7] Compiling Statistics.Covariance.RaoBlackwellLedoitWolf
[5 of 7] Compiling Statistics.Covariance.Types
[6 of 7] Compiling Statistics.Covariance.LedoitWolf
src/Statistics/Covariance/LedoitWolf.hs:17:1: warning: [GHC-66111] [-Wunused-imports]
    The import of ‘Data.Foldable’ is redundant
      except perhaps to import instances from ‘Data.Foldable’
    To import instances alone, use: import Data.Foldable()
   |
17 | import Data.Foldable
   | ^^^^^^^^^^^^^^^^^^^^

[7 of 7] Compiling Statistics.Covariance
Configuring test suite 'covariance-test' for covariance-0.2.0.1...
Preprocessing test suite 'covariance-test' for covariance-0.2.0.1...
Building test suite 'covariance-test' for covariance-0.2.0.1...
[1 of 1] Compiling Main
[2 of 2] Linking dist-newstyle/build/x86_64-linux/ghc-9.10.2/covariance-0.2.0.1/t/covariance-test/build/covariance-test/covariance-test
