Resolving dependencies...
Build profile: -w ghc-9.10.2 -O1
In order, the following will be built (use -v for more details):
 - lukko-0.1.2 (lib) (first run)
 - lukko-0.1.2 (test:test-thread) (first run)
 - lukko-0.1.2 (test:test-process) (first run)
Configuring library for lukko-0.1.2...
Preprocessing library for lukko-0.1.2...
Building library for lukko-0.1.2...
[1 of 8] Compiling Lukko.Internal.FillBytes
[2 of 8] Compiling Lukko.Internal.HandleToFD
[3 of 8] Compiling Lukko.Internal.FD
[4 of 8] Compiling Lukko.Internal.Types
[5 of 8] Compiling Lukko.FLock
[6 of 8] Compiling Lukko.NoOp
[7 of 8] Compiling Lukko.OFD
[8 of 8] Compiling Lukko
Configuring test suite 'test-thread' for lukko-0.1.2...
Preprocessing test suite 'test-thread' for lukko-0.1.2...
Building test suite 'test-thread' for lukko-0.1.2...
[1 of 1] Compiling Main
[2 of 2] Linking dist-newstyle/build/x86_64-linux/ghc-9.10.2/lukko-0.1.2/t/test-thread/build/test-thread/test-thread
Configuring test suite 'test-process' for lukko-0.1.2...
Preprocessing test suite 'test-process' for lukko-0.1.2...
Building test suite 'test-process' for lukko-0.1.2...
[1 of 1] Compiling Main
[2 of 2] Linking dist-newstyle/build/x86_64-linux/ghc-9.10.2/lukko-0.1.2/t/test-process/build/test-process/test-process
