Resolving dependencies...
Build profile: -w ghc-9.10.2 -O1
In order, the following will be built (use -v for more details):
 - bloomfilter-2.0.1.2 (lib) (first run)
 - bloomfilter-2.0.1.2 (test:tests) (first run)
Configuring library for bloomfilter-2.0.1.2...
Warning: [git-protocol] Cloning over git:// might lead to an arbitrary code
execution vulnerability. Furthermore, popular forges like GitHub do not
support it. Use https:// or ssh:// instead.
Preprocessing library for bloomfilter-2.0.1.2...
Building library for bloomfilter-2.0.1.2...
[1 of 7] Compiling Data.BloomFilter.Array
[2 of 7] Compiling Data.BloomFilter.Hash
Data/BloomFilter/Hash.hs:324:54: warning: [GHC-63394] [-Wx-partial]
    In the use of ‘head’
    (imported from Prelude, but defined in GHC.Internal.List):
    "This is a partial function, it throws an error on empty lists. Use pattern matching, 'Data.List.uncons' or 'Data.Maybe.listToMaybe' instead. Consider refactoring to use "Data.List.NonEmpty"."
    |
324 |         alignedHash ptr (fromIntegral (len * sizeOf (head xs))) salt
    |                                                      ^^^^

Data/BloomFilter/Hash.hs:330:55: warning: [GHC-63394] [-Wx-partial]
    In the use of ‘head’
    (imported from Prelude, but defined in GHC.Internal.List):
    "This is a partial function, it throws an error on empty lists. Use pattern matching, 'Data.List.uncons' or 'Data.Maybe.listToMaybe' instead. Consider refactoring to use "Data.List.NonEmpty"."
    |
330 |         alignedHash2 ptr (fromIntegral (len * sizeOf (head xs))) salt
    |                                                       ^^^^

[3 of 7] Compiling Data.BloomFilter.Mutable.Internal
[4 of 7] Compiling Data.BloomFilter.Util
[5 of 7] Compiling Data.BloomFilter.Mutable
[6 of 7] Compiling Data.BloomFilter
[7 of 7] Compiling Data.BloomFilter.Easy
Configuring test suite 'tests' for bloomfilter-2.0.1.2...
Warning: [git-protocol] Cloning over git:// might lead to an arbitrary code
execution vulnerability. Furthermore, popular forges like GitHub do not
support it. Use https:// or ssh:// instead.
Preprocessing test suite 'tests' for bloomfilter-2.0.1.2...
Building test suite 'tests' for bloomfilter-2.0.1.2...
[1 of 2] Compiling QCSupport
[2 of 2] Compiling Main
[3 of 3] Linking dist-newstyle/build/x86_64-linux/ghc-9.10.2/bloomfilter-2.0.1.2/t/tests/build/tests/tests
