Build profile: -w ghc-9.6.5 -O1
In order, the following will be built (use -v for more details):
 - servant-swagger-1.2 (lib:servant-swagger, test:doctests, test:spec) (first run)
[1 of 2] Compiling Main             ( /tmp/workdir-servant-swagger/servant-swagger-1.2/dist-newstyle/build/x86_64-linux/ghc-9.6.5/servant-swagger-1.2/setup/setup.hs, /tmp/workdir-servant-swagger/servant-swagger-1.2/dist-newstyle/build/x86_64-linux/ghc-9.6.5/servant-swagger-1.2/setup/Main.o )
[2 of 2] Linking /tmp/workdir-servant-swagger/servant-swagger-1.2/dist-newstyle/build/x86_64-linux/ghc-9.6.5/servant-swagger-1.2/setup/setup
Configuring servant-swagger-1.2...
Preprocessing test suite 'doctests' for servant-swagger-1.2..
Building test suite 'doctests' for servant-swagger-1.2..
[1 of 2] Compiling Build_doctests
[2 of 2] Compiling Main
[3 of 3] Linking /tmp/workdir-servant-swagger/servant-swagger-1.2/dist-newstyle/build/x86_64-linux/ghc-9.6.5/servant-swagger-1.2/build/doctests/doctests
Preprocessing library for servant-swagger-1.2..
Building library for servant-swagger-1.2..
[ 1 of 10] Compiling Servant.Swagger.Internal.Orphans
[ 2 of 10] Compiling Servant.Swagger.Internal.TypeLevel.API

src/Servant/Swagger/Internal/TypeLevel/API.hs:78:34: warning: [GHC-39567] [-Wstar-is-type]
    Using ‘*’ (or its Unicode variant) to mean ‘Data.Kind.Type’
    relies on the StarIsType extension, which will become
    deprecated in the future.
    Suggested fix: Use ‘Type’ from ‘Data.Kind’ instead.
   |
78 | type family BodyTypes' c api :: [*] where
   |                                  ^
[ 3 of 10] Compiling Servant.Swagger.Internal

src/Servant/Swagger/Internal.hs:41:1: warning: [-Wunused-imports]
    The import of ‘Servant.API.Generic’ is redundant
      except perhaps to import instances from ‘Servant.API.Generic’
    To import instances alone, use: import Servant.API.Generic()
   |
41 | import           Servant.API.Generic                    (ToServantApi, AsApi)
   | ^^^^^^^^^^^^^^^^^^^^^^^^^^^^^^^^^^^^^^^^^^^^^^^^^^^^^^^^^^^^^^^^^^^^^^^^^^^^^
[ 4 of 10] Compiling Servant.Swagger.Internal.TypeLevel.TMap
[ 5 of 10] Compiling Servant.Swagger.Internal.TypeLevel.Every

src/Servant/Swagger/Internal/TypeLevel/Every.hs:51:37: warning: [GHC-39567] [-Wstar-is-type]
    Using ‘*’ (or its Unicode variant) to mean ‘Data.Kind.Type’
    relies on the StarIsType extension, which will become
    deprecated in the future.
    Suggested fix: Use ‘Type’ from ‘Data.Kind’ instead.
   |
51 | class EveryTF cs x => Every (cs :: [* -> Constraint]) (x :: *) where
   |                                     ^

src/Servant/Swagger/Internal/TypeLevel/Every.hs:51:61: warning: [GHC-39567] [-Wstar-is-type]
    Using ‘*’ (or its Unicode variant) to mean ‘Data.Kind.Type’
    relies on the StarIsType extension, which will become
    deprecated in the future.
    Suggested fix: Use ‘Type’ from ‘Data.Kind’ instead.
   |
51 | class EveryTF cs x => Every (cs :: [* -> Constraint]) (x :: *) where
   |                                                             ^
[ 6 of 10] Compiling Servant.Swagger.Internal.TypeLevel
[ 7 of 10] Compiling Servant.Swagger.Internal.Test
[ 8 of 10] Compiling Servant.Swagger.Test
[ 9 of 10] Compiling Servant.Swagger
[10 of 10] Compiling Servant.Swagger.TypeLevel
Preprocessing test suite 'spec' for servant-swagger-1.2..
Building test suite 'spec' for servant-swagger-1.2..
[1 of 2] Compiling Servant.SwaggerSpec
[2 of 2] Compiling Main
[3 of 3] Linking /tmp/workdir-servant-swagger/servant-swagger-1.2/dist-newstyle/build/x86_64-linux/ghc-9.6.5/servant-swagger-1.2/build/spec/spec
