Resolving dependencies...
Build profile: -w ghc-9.10.2 -O1
In order, the following will be built (use -v for more details):
 - network-house-0.1.0.3 (lib) (first run)
Configuring library for network-house-0.1.0.3...
Preprocessing library for network-house-0.1.0.3...
Building library for network-house-0.1.0.3...
[ 1 of 31] Compiling Monad.Util
[ 2 of 31] Compiling Net.Bits
Net/Bits.hs:33:42: warning: [GHC-63394] [-Wx-partial]
    In the use of ‘head’
    (imported from Prelude, but defined in GHC.Internal.List):
    "This is a partial function, it throws an error on empty lists. Use pattern matching, 'Data.List.uncons' or 'Data.Maybe.listToMaybe' instead. Consider refactoring to use "Data.List.NonEmpty"."
   |
33 |         size            = finiteBitSize (head bs)
   |                                          ^^^^

[ 3 of 31] Compiling Net.Concurrent
[ 4 of 31] Compiling Net.IO
[ 5 of 31] Compiling Net.Interface
[ 6 of 31] Compiling Net.Utils
[ 7 of 31] Compiling Net.Packet
[ 8 of 31] Compiling Net.PacketParsing
[ 9 of 31] Compiling Net.TFTP
[10 of 31] Compiling Net.PortNumber
[11 of 31] Compiling Net.UDP
[12 of 31] Compiling Net.TCP
[13 of 31] Compiling Net.IPv4
[14 of 31] Compiling Net.TCP_Client
Net/TCP_Client.hs:139:28: warning: [GHC-63394] [-Wx-partial]
    In the use of ‘head’
    (imported from Prelude, but defined in GHC.Internal.List):
    "This is a partial function, it throws an error on empty lists. Use pattern matching, 'Data.List.uncons' or 'Data.Maybe.listToMaybe' instead. Consider refactoring to use "Data.List.NonEmpty"."
    |
139 |                   return $ head (map Port [32768..65535]\\inuse)
    |                            ^^^^

[15 of 31] Compiling Net.IPv6
[16 of 31] Compiling Net.IPv4Link
[17 of 31] Compiling Net.ICMP
[18 of 31] Compiling Net.Ethernet
[19 of 31] Compiling Net.IPv4OverEthernet
[20 of 31] Compiling Net.DHCP
[21 of 31] Compiling Net.ARP
[22 of 31] Compiling Net.DHCP_Client
Net/DHCP_Client.hs:30:21: warning: [GHC-63394] [-Wx-partial]
    In the use of ‘head’
    (imported from Prelude, but defined in GHC.Internal.List):
    "This is a partial function, it throws an error on empty lists. Use pattern matching, 'Data.List.uncons' or 'Data.Maybe.listToMaybe' instead. Consider refactoring to use "Data.List.NonEmpty"."
   |
30 |          serverIP = head [sIP|ServerIdentifier sIP<-os]
   |                     ^^^^

[23 of 31] Compiling Net.ARP_Protocol
[24 of 31] Compiling Net.Wire
[25 of 31] Compiling Net.UDP_Client
Net/UDP_Client.hs:88:32: warning: [GHC-63394] [-Wx-partial]
    In the use of ‘head’
    (imported from Prelude, but defined in GHC.Internal.List):
    "This is a partial function, it throws an error on empty lists. Use pattern matching, 'Data.List.uncons' or 'Data.Maybe.listToMaybe' instead. Consider refactoring to use "Data.List.NonEmpty"."
   |
88 |                       return $ head (map Port [32768..65535]\\inuse)
   |                                ^^^^

[26 of 31] Compiling Net.TFTP_Client
[27 of 31] Compiling Net.ClientInterface
[28 of 31] Compiling Net.Servers
[29 of 31] Compiling Net.IPv4Client
[30 of 31] Compiling Net.EthernetClient
[31 of 31] Compiling Net.Test
