Resolving dependencies...
Build profile: -w ghc-9.10.2 -O1
In order, the following will be built (use -v for more details):
 - tomland-1.3.3.3 (lib) (first run)
 - tomland-1.3.3.3 (test:tomland-test) (first run)
Configuring library for tomland-1.3.3.3...
Preprocessing library for tomland-1.3.3.3...
Building library for tomland-1.3.3.3...
[ 1 of 36] Compiling Toml.Parser.Core
[ 2 of 36] Compiling Toml.Parser.String
[ 3 of 36] Compiling Toml.Type.Key
[ 4 of 36] Compiling Toml.Parser.Key
[ 5 of 36] Compiling Toml.Type.PrefixTree
src/Toml/Type/PrefixTree.hs:42:1: warning: [GHC-66111] [-Wunused-imports]
    The import of ‘Data.Foldable’ is redundant
      except perhaps to import instances from ‘Data.Foldable’
    To import instances alone, use: import Data.Foldable()
   |
42 | import Data.Foldable (foldl')
   | ^^^^^^^^^^^^^^^^^^^^^^^^^^^^^

[ 6 of 36] Compiling Toml.Type.Value
[ 7 of 36] Compiling Toml.Type.AnyValue
[ 8 of 36] Compiling Toml.Type.UValue
[ 9 of 36] Compiling Toml.Type.TOML
[10 of 36] Compiling Toml.Type.Edsl
[11 of 36] Compiling Toml.Type.Printer
src/Toml/Type/Printer.hs:31:27: warning: [GHC-38856] [-Wunused-imports]
    The import of ‘foldl'’ from module ‘Data.List’ is redundant
   |
31 | import Data.List (sortBy, foldl')
   |                           ^^^^^^

[12 of 36] Compiling Toml.Type
[13 of 36] Compiling Toml.Parser.Value
[14 of 36] Compiling Toml.Parser.Item
src/Toml/Parser/Item.hs:26:29: warning: [GHC-38856] [-Wunused-imports]
    The import of ‘liftA2’
    from module ‘Control.Applicative’ is redundant
   |
26 | import Control.Applicative (liftA2, many)
   |                             ^^^^^^

[15 of 36] Compiling Toml.Parser.Validate
[16 of 36] Compiling Toml.Parser
[17 of 36] Compiling Toml.Codec.BiMap
[18 of 36] Compiling Toml.Codec.Error
[19 of 36] Compiling Toml.Codec.Types
src/Toml/Codec/Types.hs:37:47: warning: [GHC-38856] [-Wunused-imports]
    The import of ‘liftA2’
    from module ‘Control.Applicative’ is redundant
   |
37 | import Control.Applicative (Alternative (..), liftA2)
   |                                               ^^^^^^

[20 of 36] Compiling Toml.Codec.Di
[21 of 36] Compiling Toml.Codec.Combinator.Tuple
[22 of 36] Compiling Toml.Codec.Combinator.Table
[23 of 36] Compiling Toml.Codec.Code
[24 of 36] Compiling Toml.Codec.Combinator.Common
[25 of 36] Compiling Toml.Codec.Combinator.Map
[26 of 36] Compiling Toml.Codec.BiMap.Conversion
[27 of 36] Compiling Toml.Codec.Combinator.Time
[28 of 36] Compiling Toml.Codec.Combinator.Primitive
[29 of 36] Compiling Toml.Codec.Combinator.Monoid
[30 of 36] Compiling Toml.Codec.Combinator.List
[31 of 36] Compiling Toml.Codec.Combinator.Set
[32 of 36] Compiling Toml.Codec.Combinator.Custom
[33 of 36] Compiling Toml.Codec.Combinator
[34 of 36] Compiling Toml.Codec.Generic
[35 of 36] Compiling Toml.Codec
[36 of 36] Compiling Toml
Configuring test suite 'tomland-test' for tomland-1.3.3.3...
Preprocessing test suite 'tomland-test' for tomland-1.3.3.3...
Building test suite 'tomland-test' for tomland-1.3.3.3...
[ 1 of 39] Compiling Test.Toml.Codec.Code
[ 2 of 39] Compiling Test.Toml.Codec.Combinator.Common
[ 3 of 39] Compiling Test.Toml.Gen
test/Test/Toml/Gen.hs:318:1: warning: [GHC-40910] [-Wunused-top-binds]
    Defined but not used: ‘genUnicodeChar’
    |
318 | genUnicodeChar = Gen.element
    | ^^^^^^^^^^^^^^

test/Test/Toml/Gen.hs:56:1: warning: [GHC-66111] [-Wunused-imports]
    The import of ‘Control.Applicative’ is redundant
      except perhaps to import instances from ‘Control.Applicative’
    To import instances alone, use: import Control.Applicative()
   |
56 | import Control.Applicative (liftA2)
   | ^^^^^^^^^^^^^^^^^^^^^^^^^^^^^^^^^^^

[ 4 of 39] Compiling Test.Toml.Codec.SmallType
[ 5 of 39] Compiling Test.Toml.Codec.Generic
[ 6 of 39] Compiling Test.Toml.Codec.Di
[ 7 of 39] Compiling Test.Toml.Codec.Combinator.Tuple
test/Test/Toml/Codec/Combinator/Tuple.hs:5:29: warning: [GHC-38856] [-Wunused-imports]
    The import of ‘liftA2’
    from module ‘Control.Applicative’ is redundant
  |
5 | import Control.Applicative (liftA2, liftA3)
  |                             ^^^^^^

[ 8 of 39] Compiling Test.Toml.Codec.Combinator.Time
[ 9 of 39] Compiling Test.Toml.Codec.Combinator.Table
[10 of 39] Compiling Test.Toml.Codec.Combinator.Set
[11 of 39] Compiling Test.Toml.Codec.Combinator.Primitive
[12 of 39] Compiling Test.Toml.Codec.Combinator.Monoid
[13 of 39] Compiling Test.Toml.Codec.Combinator.Map
[14 of 39] Compiling Test.Toml.Codec.Combinator.List
[15 of 39] Compiling Test.Toml.Codec.Combinator.Custom
[16 of 39] Compiling Test.Toml.Codec.Combinator
[17 of 39] Compiling Test.Toml.Codec.BiMap.Conversion
[18 of 39] Compiling Test.Toml.Codec.BiMap
[19 of 39] Compiling Test.Toml.Codec
[20 of 39] Compiling Test.Toml.Parser.Common
[21 of 39] Compiling Test.Toml.Parser.Bool
[22 of 39] Compiling Test.Toml.Parser.Array
[23 of 39] Compiling Test.Toml.Parser.Date
[24 of 39] Compiling Test.Toml.Parser.Double
[25 of 39] Compiling Test.Toml.Parser.Examples
[26 of 39] Compiling Test.Toml.Parser.Integer
[27 of 39] Compiling Test.Toml.Parser.Key
[28 of 39] Compiling Test.Toml.Parser.Property
[29 of 39] Compiling Test.Toml.Parser.Text
[30 of 39] Compiling Test.Toml.Parser.Toml
[31 of 39] Compiling Test.Toml.Parser.Validate
[32 of 39] Compiling Test.Toml.Parser
[33 of 39] Compiling Test.Toml.Property
[34 of 39] Compiling Test.Toml.Type.Key
[35 of 39] Compiling Test.Toml.Type.PrefixTree
[36 of 39] Compiling Test.Toml.Type.Printer
[37 of 39] Compiling Test.Toml.Type.TOML
[38 of 39] Compiling Test.Toml.Type
[39 of 39] Compiling Main
[40 of 40] Linking dist-newstyle/build/x86_64-linux/ghc-9.10.2/tomland-1.3.3.3/t/tomland-test/build/tomland-test/tomland-test
