Resolving dependencies...
Build profile: -w ghc-9.10.2 -O1
In order, the following will be built (use -v for more details):
 - swizzle-modify-0.1.0.0 (lib) (first run)
 - swizzle-modify-0.1.0.0 (test:swizzle-modify-test) (first run)
Configuring library for swizzle-modify-0.1.0.0...
Preprocessing library for swizzle-modify-0.1.0.0...
Building library for swizzle-modify-0.1.0.0...
[1 of 8] Compiling Data.SwizzleModify.Base.Pkg
src/Data/SwizzleModify/Base/Pkg.hs:1:1: warning: [GHC-85401] [-Wmissing-export-lists]
    The export item ‘module Data.SwizzleModify.Base.Pkg’ is missing an export list
  |
1 | {-# LANGUAGE TemplateHaskell #-}
  | ^

src/Data/SwizzleModify/Base/Pkg.hs:13:75: warning: [GHC-63394] [-Wx-partial]
    In the use of ‘head’
    (imported from Prelude, but defined in GHC.Internal.List):
    "This is a partial function, it throws an error on empty lists. Use pattern matching, 'Data.List.uncons' or 'Data.Maybe.listToMaybe' instead. Consider refactoring to use "Data.List.NonEmpty"."
   |
13 | swizzleClassPkg = $(litE =<< stringL . (\(Module (PkgName pn) _) -> pn) . head
   |                                                                           ^^^^

src/Data/SwizzleModify/Base/Pkg.hs:18:78: warning: [GHC-63394] [-Wx-partial]
    In the use of ‘head’
    (imported from Prelude, but defined in GHC.Internal.List):
    "This is a partial function, it throws an error on empty lists. Use pattern matching, 'Data.List.uncons' or 'Data.Maybe.listToMaybe' instead. Consider refactoring to use "Data.List.NonEmpty"."
   |
18 | swizzleSetClassPkg = $(litE =<< stringL . (\(Module (PkgName pn) _) -> pn) . head
   |                                                                              ^^^^

[2 of 8] Compiling Paths_swizzle_modify
[3 of 8] Compiling Template.Tools
src/Template/Tools.hs:1:1: warning: [GHC-85401] [-Wmissing-export-lists]
    The export item ‘module Template.Tools’ is missing an export list
  |
1 | {-# LANGUAGE ImportQualifiedPost #-}
  | ^

[4 of 8] Compiling Data.SwizzleModify.Base.TH
src/Data/SwizzleModify/Base/TH.hs:1:1: warning: [GHC-85401] [-Wmissing-export-lists]
    The export item ‘module Data.SwizzleModify.Base.TH’ is missing an export list
  |
1 | {-# LANGUAGE ImportQualifiedPost #-}
  | ^

[5 of 8] Compiling Data.SwizzleModify.Base
src/Data/SwizzleModify/Base.hs:1:1: warning: [GHC-85401] [-Wmissing-export-lists]
    The export item ‘module Data.SwizzleModify.Base’ is missing an export list
  |
1 | {-# LANGUAGE TemplateHaskell #-}
  | ^

[6 of 8] Compiling Data.SwizzleModify.Pkg
src/Data/SwizzleModify/Pkg.hs:1:1: warning: [GHC-85401] [-Wmissing-export-lists]
    The export item ‘module Data.SwizzleModify.Pkg’ is missing an export list
  |
1 | {-# LANGUAGE TemplateHaskell #-}
  | ^

src/Data/SwizzleModify/Pkg.hs:12:80: warning: [GHC-63394] [-Wx-partial]
    In the use of ‘head’
    (imported from Prelude, but defined in GHC.Internal.List):
    "This is a partial function, it throws an error on empty lists. Use pattern matching, 'Data.List.uncons' or 'Data.Maybe.listToMaybe' instead. Consider refactoring to use "Data.List.NonEmpty"."
   |
12 | swizzleModifyBasePkg = $(litE =<< stringL . (\(Module (PkgName pn) _) -> pn) . head
   |                                                                                ^^^^

[7 of 8] Compiling Data.SwizzleModify.TH
src/Data/SwizzleModify/TH.hs:26:17: warning: [GHC-62161] [-Wincomplete-uni-patterns]
    Pattern match(es) are non-exhaustive
    In a pattern binding: Patterns of type ‘[TypeQ]’ not matched: []
   |
26 |         let     xsa : ysbs = swzsList s nm ab in
   |                 ^^^^^^^^^^^^^^^^^^^^^^^^^^^^^

[8 of 8] Compiling Data.SwizzleModify
src/Data/SwizzleModify.hs:1:1: warning: [GHC-85401] [-Wmissing-export-lists]
    The export item ‘module Data.SwizzleModify’ is missing an export list
  |
1 | {-# LANGUAGE ImportQualifiedPost #-}
  | ^

Configuring test suite 'swizzle-modify-test' for swizzle-modify-0.1.0.0...
Preprocessing test suite 'swizzle-modify-test' for swizzle-modify-0.1.0.0...
Building test suite 'swizzle-modify-test' for swizzle-modify-0.1.0.0...
[1 of 2] Compiling Main
[2 of 2] Compiling Paths_swizzle_modify
[3 of 3] Linking dist-newstyle/build/x86_64-linux/ghc-9.10.2/swizzle-modify-0.1.0.0/t/swizzle-modify-test/build/swizzle-modify-test/swizzle-modify-test
