Resolving dependencies...
Build profile: -w ghc-9.10.2 -O1
In order, the following will be built (use -v for more details):
 - monoidmap-examples-0.0.0.1 (lib) (first run)
 - monoidmap-examples-0.0.0.1 (test:monoidmap-examples-test) (first run)
Configuring library for monoidmap-examples-0.0.0.1...
Preprocessing library for monoidmap-examples-0.0.0.1...
Building library for monoidmap-examples-0.0.0.1...
[1 of 9] Compiling Data.MonoidMap.Examples.MultiMap.Class
[2 of 9] Compiling Data.MonoidMap.Examples.MultiMap.Instances.MultiMap1
[3 of 9] Compiling Data.MonoidMap.Examples.MultiMap.Instances.MultiMap2
[4 of 9] Compiling Data.MonoidMap.Examples.MultiMap.Instances.MultiMap4
[5 of 9] Compiling Data.MonoidMap.Examples.MultiSet
[6 of 9] Compiling Data.MonoidMap.Examples.NestedMonoidMap
[7 of 9] Compiling Data.MonoidMap.Examples.Set.NonEmpty
[8 of 9] Compiling Data.MonoidMap.Examples.MultiMap.Instances.MultiMap3
[9 of 9] Compiling Data.MonoidMap.Examples.MultiMap
Configuring test suite 'monoidmap-examples-test' for monoidmap-examples-0.0.0.1...
Preprocessing test suite 'monoidmap-examples-test' for monoidmap-examples-0.0.0.1...
Building test suite 'monoidmap-examples-test' for monoidmap-examples-0.0.0.1...
[1 of 3] Compiling Data.MonoidMap.Examples.MultiMapSpec
[2 of 3] Compiling SpecHook
[3 of 3] Compiling Main
[4 of 4] Linking dist-newstyle/build/x86_64-linux/ghc-9.10.2/monoidmap-examples-0.0.0.1/t/monoidmap-examples-test/build/monoidmap-examples-test/monoidmap-examples-test
