Resolving dependencies...
Build profile: -w ghc-9.10.2 -O1
In order, the following will be built (use -v for more details):
 - chell-0.5.0.2 (lib) (first run)
Configuring library for chell-0.5.0.2...
Preprocessing library for chell-0.5.0.2...
Building library for chell-0.5.0.2...
[1 of 4] Compiling Test.Chell.Types
Test/Chell/Types.hs:300:13: warning: [GHC-62161] [-Wincomplete-uni-patterns]
    Pattern match(es) are non-exhaustive
    In a pattern binding:
        Patterns of type ‘Maybe Int’ not matched: Nothing
    |
300 |             Just time = testOptionTimeout opts
    |             ^^^^^^^^^^^^^^^^^^^^^^^^^^^^^^^^^^

[2 of 4] Compiling Test.Chell.Output
[3 of 4] Compiling Test.Chell.Main
[4 of 4] Compiling Test.Chell
Test/Chell.hs:126:19: warning: [GHC-38856] [-Wunused-imports]
    The import of ‘foldl'’ from module ‘Data.List’ is redundant
    |
126 | import Data.List (foldl', intercalate, sort)
    |                   ^^^^^^

