Resolving dependencies...
Build profile: -w ghc-9.10.2 -O1
In order, the following will be built (use -v for more details):
 - psqueues-0.2.8.1 (lib) (first run)
 - psqueues-0.2.8.1 (test:psqueues-tests) (first run)
Configuring library for psqueues-0.2.8.1...
Preprocessing library for psqueues-0.2.8.1...
Building library for psqueues-0.2.8.1...
[1 of 7] Compiling Data.BitUtil
[2 of 7] Compiling Data.IntPSQ.Internal
src/Data/IntPSQ/Internal.hs:66:1: warning: [GHC-66111] [-Wunused-imports]
    The import of ‘Control.Applicative’ is redundant
      except perhaps to import instances from ‘Control.Applicative’
    To import instances alone, use: import Control.Applicative()
   |
66 | import           Control.Applicative ((<$>), (<*>))
   | ^^^^^^^^^^^^^^^^^^^^^^^^^^^^^^^^^^^^^^^^^^^^^^^^^^^

src/Data/IntPSQ/Internal.hs:70:1: warning: [GHC-66111] [-Wunused-imports]
    The import of ‘Data.Foldable’ is redundant
      except perhaps to import instances from ‘Data.Foldable’
    To import instances alone, use: import Data.Foldable()
   |
70 | import           Data.Foldable       (Foldable)
   | ^^^^^^^^^^^^^^^^^^^^^^^^^^^^^^^^^^^^^^^^^^^^^^^

src/Data/IntPSQ/Internal.hs:71:1: warning: [GHC-66111] [-Wunused-imports]
    The import of ‘Data.List’ is redundant
      except perhaps to import instances from ‘Data.List’
    To import instances alone, use: import Data.List()
   |
71 | import           Data.List           (foldl')
   | ^^^^^^^^^^^^^^^^^^^^^^^^^^^^^^^^^^^^^^^^^^^^^

src/Data/IntPSQ/Internal.hs:75:1: warning: [GHC-66111] [-Wunused-imports]
    The import of ‘Data.Word’ is redundant
      except perhaps to import instances from ‘Data.Word’
    To import instances alone, use: import Data.Word()
   |
75 | import           Data.Word           (Word)
   | ^^^^^^^^^^^^^^^^^^^^^^^^^^^^^^^^^^^^^^^^^^^

[3 of 7] Compiling Data.IntPSQ
[4 of 7] Compiling Data.OrdPSQ.Internal
src/Data/OrdPSQ/Internal.hs:74:1: warning: [GHC-66111] [-Wunused-imports]
    The import of ‘Data.Foldable’ is redundant
      except perhaps to import instances from ‘Data.Foldable’
    To import instances alone, use: import Data.Foldable()
   |
74 | import           Data.Foldable    (Foldable (foldl'))
   | ^^^^^^^^^^^^^^^^^^^^^^^^^^^^^^^^^^^^^^^^^^^^^^^^^^^^^

[5 of 7] Compiling Data.OrdPSQ
[6 of 7] Compiling Data.HashPSQ.Internal
src/Data/HashPSQ/Internal.hs:59:1: warning: [GHC-66111] [-Wunused-imports]
    The import of ‘Data.Foldable’ is redundant
      except perhaps to import instances from ‘Data.Foldable’
    To import instances alone, use: import Data.Foldable()
   |
59 | import           Data.Foldable        (Foldable)
   | ^^^^^^^^^^^^^^^^^^^^^^^^^^^^^^^^^^^^^^^^^^^^^^^^

[7 of 7] Compiling Data.HashPSQ
Configuring test suite 'psqueues-tests' for psqueues-0.2.8.1...
Preprocessing test suite 'psqueues-tests' for psqueues-0.2.8.1...
Building test suite 'psqueues-tests' for psqueues-0.2.8.1...
[ 1 of 15] Compiling Data.BitUtil
[ 2 of 15] Compiling Data.IntPSQ.Internal
src/Data/IntPSQ/Internal.hs:66:1: warning: [GHC-66111] [-Wunused-imports]
    The import of ‘Control.Applicative’ is redundant
      except perhaps to import instances from ‘Control.Applicative’
    To import instances alone, use: import Control.Applicative()
   |
66 | import           Control.Applicative ((<$>), (<*>))
   | ^^^^^^^^^^^^^^^^^^^^^^^^^^^^^^^^^^^^^^^^^^^^^^^^^^^

src/Data/IntPSQ/Internal.hs:70:1: warning: [GHC-66111] [-Wunused-imports]
    The import of ‘Data.Foldable’ is redundant
      except perhaps to import instances from ‘Data.Foldable’
    To import instances alone, use: import Data.Foldable()
   |
70 | import           Data.Foldable       (Foldable)
   | ^^^^^^^^^^^^^^^^^^^^^^^^^^^^^^^^^^^^^^^^^^^^^^^

src/Data/IntPSQ/Internal.hs:71:1: warning: [GHC-66111] [-Wunused-imports]
    The import of ‘Data.List’ is redundant
      except perhaps to import instances from ‘Data.List’
    To import instances alone, use: import Data.List()
   |
71 | import           Data.List           (foldl')
   | ^^^^^^^^^^^^^^^^^^^^^^^^^^^^^^^^^^^^^^^^^^^^^

src/Data/IntPSQ/Internal.hs:75:1: warning: [GHC-66111] [-Wunused-imports]
    The import of ‘Data.Word’ is redundant
      except perhaps to import instances from ‘Data.Word’
    To import instances alone, use: import Data.Word()
   |
75 | import           Data.Word           (Word)
   | ^^^^^^^^^^^^^^^^^^^^^^^^^^^^^^^^^^^^^^^^^^^

[ 3 of 15] Compiling Data.IntPSQ
[ 4 of 15] Compiling Data.OrdPSQ.Internal
src/Data/OrdPSQ/Internal.hs:74:1: warning: [GHC-66111] [-Wunused-imports]
    The import of ‘Data.Foldable’ is redundant
      except perhaps to import instances from ‘Data.Foldable’
    To import instances alone, use: import Data.Foldable()
   |
74 | import           Data.Foldable    (Foldable (foldl'))
   | ^^^^^^^^^^^^^^^^^^^^^^^^^^^^^^^^^^^^^^^^^^^^^^^^^^^^^

[ 5 of 15] Compiling Data.OrdPSQ
[ 6 of 15] Compiling Data.HashPSQ.Internal
src/Data/HashPSQ/Internal.hs:59:1: warning: [GHC-66111] [-Wunused-imports]
    The import of ‘Data.Foldable’ is redundant
      except perhaps to import instances from ‘Data.Foldable’
    To import instances alone, use: import Data.Foldable()
   |
59 | import           Data.Foldable        (Foldable)
   | ^^^^^^^^^^^^^^^^^^^^^^^^^^^^^^^^^^^^^^^^^^^^^^^^

[ 7 of 15] Compiling Data.HashPSQ
[ 8 of 15] Compiling Data.PSQ.Class
tests/Data/PSQ/Class.hs:17:19: warning: [GHC-39567] [-Wstar-is-type]
    Using ‘*’ (or its Unicode variant) to mean ‘Data.Kind.Type’
    relies on the StarIsType extension, which will become
    deprecated in the future.
    Suggested fix: Use ‘Type’ from ‘Data.Kind’ instead.
   |
17 | class PSQ (psq :: * -> * -> *) where
   |                   ^

tests/Data/PSQ/Class.hs:17:24: warning: [GHC-39567] [-Wstar-is-type]
    Using ‘*’ (or its Unicode variant) to mean ‘Data.Kind.Type’
    relies on the StarIsType extension, which will become
    deprecated in the future.
    Suggested fix: Use ‘Type’ from ‘Data.Kind’ instead.
   |
17 | class PSQ (psq :: * -> * -> *) where
   |                        ^

tests/Data/PSQ/Class.hs:17:29: warning: [GHC-39567] [-Wstar-is-type]
    Using ‘*’ (or its Unicode variant) to mean ‘Data.Kind.Type’
    relies on the StarIsType extension, which will become
    deprecated in the future.
    Suggested fix: Use ‘Type’ from ‘Data.Kind’ instead.
   |
17 | class PSQ (psq :: * -> * -> *) where
   |                             ^

tests/Data/PSQ/Class.hs:18:21: warning: [GHC-39567] [-Wstar-is-type]
    Using ‘*’ (or its Unicode variant) to mean ‘Data.Kind.Type’
    relies on the StarIsType extension, which will become
    deprecated in the future.
    Suggested fix: Use ‘Type’ from ‘Data.Kind’ instead.
   |
18 |     type Key psq :: *
   |                     ^

[ 9 of 15] Compiling Data.PSQ.Class.Util
tests/Data/PSQ/Class/Util.hs:14:1: warning: [GHC-66111] [-Wunused-imports]
    The import of ‘Control.Applicative’ is redundant
      except perhaps to import instances from ‘Control.Applicative’
    To import instances alone, use: import Control.Applicative()
   |
14 | import           Control.Applicative ((<$>))
   | ^^^^^^^^^^^^^^^^^^^^^^^^^^^^^^^^^^^^^^^^^^^^

[10 of 15] Compiling Data.PSQ.Class.Gen
tests/Data/PSQ/Class/Gen.hs:12:1: warning: [GHC-66111] [-Wunused-imports]
    The import of ‘Control.Applicative’ is redundant
      except perhaps to import instances from ‘Control.Applicative’
    To import instances alone, use: import Control.Applicative()
   |
12 | import           Control.Applicative (pure, (<$>), (<*>))
   | ^^^^^^^^^^^^^^^^^^^^^^^^^^^^^^^^^^^^^^^^^^^^^^^^^^^^^^^^^

[11 of 15] Compiling Data.PSQ.Class.Tests
tests/Data/PSQ/Class/Tests.hs:9:1: warning: [GHC-66111] [-Wunused-imports]
    The import of ‘Control.Applicative’ is redundant
      except perhaps to import instances from ‘Control.Applicative’
    To import instances alone, use: import Control.Applicative()
  |
9 | import           Control.Applicative   ((<$>))
  | ^^^^^^^^^^^^^^^^^^^^^^^^^^^^^^^^^^^^^^^^^^^^^^

tests/Data/PSQ/Class/Tests.hs:12:41: warning: [GHC-38856] [-Wunused-imports]
    The import of ‘Foldable’ from module ‘Data.Foldable’ is redundant
   |
12 | import           Data.Foldable         (Foldable, foldr)
   |                                         ^^^^^^^^

[12 of 15] Compiling Data.OrdPSQ.Tests
[13 of 15] Compiling Data.IntPSQ.Tests
[14 of 15] Compiling Data.HashPSQ.Tests
[15 of 15] Compiling Main
[16 of 16] Linking /tmp/workdir-psqueues/psqueues-0.2.8.1/dist-newstyle/build/x86_64-linux/ghc-9.10.2/psqueues-0.2.8.1/t/psqueues-tests/build/psqueues-tests/psqueues-tests
