Resolving dependencies...
Build profile: -w ghc-9.10.2 -O1
In order, the following will be built (use -v for more details):
 - type-of-html-1.6.2.0 (lib) (first run)
 - type-of-html-1.6.2.0 (test:type) (first run)
 - type-of-html-1.6.2.0 (test:value) (first run)
Configuring library for type-of-html-1.6.2.0...
Preprocessing library for type-of-html-1.6.2.0...
Building library for type-of-html-1.6.2.0...
src/Html/Type/Internal.hs:10:14: warning: [GHC-53692] [-Wdeprecated-flags]
    -XTypeInType is deprecated: use -XDataKinds and -XPolyKinds instead
   |
10 | {-# LANGUAGE TypeInType             #-}
   |              ^^^^^^^^^^

[1 of 6] Compiling Html.Type.Internal
[2 of 6] Compiling Html.Convert
[3 of 6] Compiling Html.Reify
[4 of 6] Compiling Html.Type
[5 of 6] Compiling Html.Obsolete
[6 of 6] Compiling Html
Configuring test suite 'type' for type-of-html-1.6.2.0...
Preprocessing test suite 'type' for type-of-html-1.6.2.0...
Building test suite 'type' for type-of-html-1.6.2.0...
test/Type.hs:5:14: warning: [GHC-53692] [-Wdeprecated-flags]
    -XTypeInType is deprecated: use -XDataKinds and -XPolyKinds instead
  |
5 | {-# LANGUAGE TypeInType #-}
  |              ^^^^^^^^^^

src/Html/Type/Internal.hs:10:14: warning: [GHC-53692] [-Wdeprecated-flags]
    -XTypeInType is deprecated: use -XDataKinds and -XPolyKinds instead
   |
10 | {-# LANGUAGE TypeInType             #-}
   |              ^^^^^^^^^^

[1 of 2] Compiling Html.Type.Internal
[2 of 2] Compiling Main
test/Type.hs:5:14: warning: [GHC-53692] [-Wdeprecated-flags]
    -XTypeInType is deprecated: use -XDataKinds and -XPolyKinds instead
  |
5 | {-# LANGUAGE TypeInType #-}
  |              ^^^^^^^^^^

src/Html/Type/Internal.hs:10:14: warning: [GHC-53692] [-Wdeprecated-flags]
    -XTypeInType is deprecated: use -XDataKinds and -XPolyKinds instead
   |
10 | {-# LANGUAGE TypeInType             #-}
   |              ^^^^^^^^^^

[3 of 3] Linking /tmp/workdir-type-of-html/type-of-html-1.6.2.0/dist-newstyle/build/x86_64-linux/ghc-9.10.2/type-of-html-1.6.2.0/t/type/build/type/type
Configuring test suite 'value' for type-of-html-1.6.2.0...
Preprocessing test suite 'value' for type-of-html-1.6.2.0...
Building test suite 'value' for type-of-html-1.6.2.0...
[1 of 2] Compiling Custom
[2 of 2] Compiling Main
test/Value.hs:136:21: warning: [GHC-63394] [-Wx-partial]
    In the use of ‘tail’
    (imported from Prelude, but defined in GHC.Internal.List):
    "This is a partial function, it throws an error on empty lists. Replace it with 'drop' 1, or use pattern matching or 'GHC.Internal.Data.List.uncons' instead. Consider refactoring to use "Data.List.NonEmpty"."
    |
136 |       renderString (tail [Td :> "a"])
    |                     ^^^^

[3 of 3] Linking /tmp/workdir-type-of-html/type-of-html-1.6.2.0/dist-newstyle/build/x86_64-linux/ghc-9.10.2/type-of-html-1.6.2.0/t/value/build/value/value
