Resolving dependencies...
Build profile: -w ghc-9.10.2 -O1
In order, the following will be built (use -v for more details):
 - bbdb-0.8 (lib) (first run)
 - bbdb-0.8 (test:bbdb-tests) (first run)
Configuring library for bbdb-0.8...
Preprocessing library for bbdb-0.8...
Building library for bbdb-0.8...
[1 of 1] Compiling Database.BBDB
Configuring test suite 'bbdb-tests' for bbdb-0.8...
Preprocessing test suite 'bbdb-tests' for bbdb-0.8...
Building test suite 'bbdb-tests' for bbdb-0.8...
[1 of 3] Compiling Database.BBDB
[2 of 3] Compiling BBDBSpec
test/BBDBSpec.hs:13:12: warning: [GHC-63394] [-Wx-partial]
    In the use of ‘head’
    (imported from Prelude, but defined in GHC.Internal.List):
    "This is a partial function, it throws an error on empty lists. Use pattern matching, 'Data.List.uncons' or 'Data.Maybe.listToMaybe' instead. Consider refactoring to use "Data.List.NonEmpty"."
   |
13 |       me = head b
   |            ^^^^

[3 of 3] Compiling Main
[4 of 4] Linking dist-newstyle/build/x86_64-linux/ghc-9.10.2/bbdb-0.8/t/bbdb-tests/build/bbdb-tests/bbdb-tests
