Resolving dependencies...
Build profile: -w ghc-9.10.2 -O1
In order, the following will be built (use -v for more details):
 - language-c-0.10.0 (lib) (first run)
 - language-c-0.10.0 (test:language-c-harness) (first run)
Configuring library for language-c-0.10.0...
Preprocessing library for language-c-0.10.0...
Building library for language-c-0.10.0...
[ 1 of 40] Compiling Language.C.Analysis.NameSpaceMap
[ 2 of 40] Compiling Language.C.Data.InputStream
[ 3 of 40] Compiling Language.C.Data.Name
[ 4 of 40] Compiling Language.C.Data.Position
[ 5 of 40] Compiling Language.C.Data.Node
[ 6 of 40] Compiling Language.C.Data.Ident
[ 7 of 40] Compiling Language.C.Data.Error
[ 8 of 40] Compiling Language.C.Data
[ 9 of 40] Compiling Language.C.Data.RList
[10 of 40] Compiling Language.C.Parser.Builtin
[11 of 40] Compiling Language.C.Syntax.Constants
[12 of 40] Compiling Language.C.Parser.Tokens
[13 of 40] Compiling Language.C.Parser.ParserMonad
src/Language/C/Parser/ParserMonad.hs:132:18: warning: [GHC-62161] [-Wincomplete-uni-patterns]
    Pattern match(es) are non-exhaustive
    In a lambda abstraction:
        Patterns of type ‘PState’ not matched: PState _ _ _ _ [] _ _
    |
132 | getNewName = P $ \s@PState{namesupply=(n:ns)} -> n `seq` POk s{namesupply=ns} n
    |                  ^^^^^^^^^^^^^^^^^^^^^^^^^^^^^^^^^^^^^^^^^^^^^^^^^^^^^^^^^^^^^^

[14 of 40] Compiling Language.C.Parser.Lexer
[15 of 40] Compiling Language.C.Syntax.Ops
[16 of 40] Compiling Language.C.Syntax.AST
[17 of 40] Compiling Language.C.Syntax
[18 of 40] Compiling Language.C.Pretty
[19 of 40] Compiling Language.C.Parser.Parser
[20 of 40] Compiling Language.C.Parser
[21 of 40] Compiling Language.C.Analysis.SemRep
[22 of 40] Compiling Language.C.Analysis.TypeConversions
[23 of 40] Compiling Language.C.Analysis.SemError
[24 of 40] Compiling Language.C.Analysis.DefTable
[25 of 40] Compiling Language.C.Analysis.TypeUtils
[26 of 40] Compiling Language.C.Analysis.Builtins
[27 of 40] Compiling Language.C.Analysis.TravMonad
src/Language/C/Analysis/TravMonad.hs:512:12: warning: [GHC-62161] [-Wincomplete-uni-patterns]
    Pattern match(es) are non-exhaustive
    In a pattern binding: Patterns of type ‘[Name]’ not matched: []
    |
512 |     do let (new_name : gen') = nameGenerator ts
    |            ^^^^^^^^^^^^^^^^^^^^^^^^^^^^^^^^^^^^

[28 of 40] Compiling Language.C.Analysis.Export
[29 of 40] Compiling Language.C.Analysis.Debug
[30 of 40] Compiling Language.C.Analysis.TypeCheck
[31 of 40] Compiling Language.C.Syntax.Utils
[32 of 40] Compiling Language.C.Analysis.AstAnalysis[boot]
[33 of 40] Compiling Language.C.Analysis.DeclAnalysis
src/Language/C/Analysis/DeclAnalysis.hs:140:1: warning: [GHC-62161] [-Wincomplete-patterns]
    Pattern match(es) are non-exhaustive
    In an equation for ‘hasClKernelSpec’:
        Patterns of type ‘StorageSpec’ not matched:
            NoStorageSpec
            AutoSpec
            RegSpec
            ThreadSpec
            ...
    |
140 | hasClKernelSpec ClKernelSpec = True
    | ^^^^^^^^^^^^^^^^^^^^^^^^^^^^^^^^^^^

[34 of 40] Compiling Language.C.Analysis.ConstEval
[35 of 40] Compiling Language.C.Analysis.AstAnalysis
src/Language/C/Analysis/AstAnalysis.hs:237:8: warning: [GHC-62161] [-Wincomplete-patterns]
    Pattern match(es) are non-exhaustive
    In an equation for ‘globalStorage’:
        Patterns of type ‘StorageSpec’ not matched:
            ClKernelSpec
            ClGlobalSpec
            ClLocalSpec
    |
237 |        globalStorage _ | fun_spec /= noFunctionAttrs =
    |        ^^^^^^^^^^^^^^^^^^^^^^^^^^^^^^^^^^^^^^^^^^^^^^^...

src/Language/C/Analysis/AstAnalysis.hs:447:13: warning: [GHC-62161] [-Wincomplete-patterns]
    Pattern match(es) are non-exhaustive
    In a case alternative:
        Patterns of type ‘FloatType’ not matched:
            TyBFloat16
            TyFloatN _ _
    |
447 |             case ft of
    |             ^^^^^^^^^^...

src/Language/C/Analysis/AstAnalysis.hs:474:14: warning: [GHC-62161] [-Wincomplete-patterns]
    Pattern match(es) are non-exhaustive
    In a case alternative:
        Patterns of type ‘FloatType’ not matched:
            TyBFloat16
            TyFloatN _ _
    |
474 |              case ft of
    |              ^^^^^^^^^^...

[36 of 40] Compiling Language.C.Analysis.MachineDescs
[37 of 40] Compiling Language.C.Analysis
[38 of 40] Compiling Language.C.System.Preprocess
[39 of 40] Compiling Language.C.System.GCC
[40 of 40] Compiling Language.C
Configuring test suite 'language-c-harness' for language-c-0.10.0...
Preprocessing test suite 'language-c-harness' for language-c-0.10.0...
Building test suite 'language-c-harness' for language-c-0.10.0...
[1 of 1] Compiling Main
[2 of 2] Linking /tmp/workdir-language-c/language-c-0.10.0/dist-newstyle/build/x86_64-linux/ghc-9.10.2/language-c-0.10.0/t/language-c-harness/build/language-c-harness/language-c-harness
