Resolving dependencies...
Build profile: -w ghc-9.10.2 -O1
In order, the following will be built (use -v for more details):
 - yi-frontend-vty-0.19.1 (lib) (first run)
Configuring library for yi-frontend-vty-0.19.1...
Preprocessing library for yi-frontend-vty-0.19.1...
Building library for yi-frontend-vty-0.19.1...
[1 of 4] Compiling Paths_yi_frontend_vty
[2 of 4] Compiling Yi.Frontend.Vty.Conversions
[3 of 4] Compiling Yi.Frontend.Vty
src/Yi/Frontend/Vty.hs:33:56-59: warning: [GHC-38856] [-Wunused-imports]
    The import of ‘when’ from module ‘Control.Monad’ is redundant
   |
33 | import           Control.Monad                  (void, when)
   |                                                        ^^^^

src/Yi/Frontend/Vty.hs:42:66-69: warning: [GHC-38856] [-Wunused-imports]
    The import of ‘<>’ from module ‘Data.Monoid’ is redundant
   |
42 | import           Data.Monoid                    (Endo (appEndo), (<>))
   |                                                                  ^^^^

src/Yi/Frontend/Vty.hs:334:9-70: warning: [GHC-62161] [-Wincomplete-uni-patterns]
    Pattern match(es) are non-exhaustive
    In a pattern binding:
        Patterns of type ‘(Maybe WinMarks, FBuffer)’ not matched:
            (Nothing, _)
    |
334 |         (Just (MarkSet fromM _ _), _) = runBuffer win b (getMarks win)
    |         ^^^^^^^^^^^^^^^^^^^^^^^^^^^^^^^^^^^^^^^^^^^^^^^^^^^^^^^^^^^^^^

[4 of 4] Compiling Yi.Config.Default.Vty
