Resolving dependencies...
Build profile: -w ghc-9.10.2 -O1
In order, the following will be built (use -v for more details):
 - HaskellNet-SSL-0.4.0.2 (lib) (first run)
 - HaskellNet-SSL-0.4.0.2 (exe:HaskellNet-SSL-example) (first run)
Configuring library for HaskellNet-SSL-0.4.0.2...
Preprocessing library for HaskellNet-SSL-0.4.0.2...
Building library for HaskellNet-SSL-0.4.0.2...
[1 of 5] Compiling Network.HaskellNet.SSL
[2 of 5] Compiling Network.HaskellNet.SSL.Internal
src/Network/HaskellNet/SSL/Internal.hs:47:18: warning: [GHC-62161] [-Wincomplete-record-updates]
    Pattern match(es) are non-exhaustive
    In a record update:
        Patterns of type ‘TLSSettings’ not matched: TLSSettings _
   |
47 |         tlsCfg = def { settingDisableCertificateValidation = sslDisableCertificateValidation cfg }
   |                  ^^^^^^^^^^^^^^^^^^^^^^^^^^^^^^^^^^^^^^^^^^^^^^^^^^^^^^^^^^^^^^^^^^^^^^^^^^^^^^^^^

src/Network/HaskellNet/SSL/Internal.hs:56:18: warning: [GHC-62161] [-Wincomplete-record-updates]
    Pattern match(es) are non-exhaustive
    In a record update:
        Patterns of type ‘TLSSettings’ not matched: TLSSettings _
   |
56 |         tlsCfg = def { settingDisableCertificateValidation = sslDisableCertificateValidation cfg }
   |                  ^^^^^^^^^^^^^^^^^^^^^^^^^^^^^^^^^^^^^^^^^^^^^^^^^^^^^^^^^^^^^^^^^^^^^^^^^^^^^^^^^

[3 of 5] Compiling Network.HaskellNet.SMTP.SSL
src/Network/HaskellNet/SMTP/SSL.hs:69:26: warning: [GHC-63394] [-Wx-partial]
    In the use of ‘head’
    (imported from Prelude, but defined in GHC.Internal.List):
    "This is a partial function, it throws an error on empty lists. Use pattern matching, 'Data.List.uncons' or 'Data.Maybe.listToMaybe' instead. Consider refactoring to use "Data.List.NonEmpty"."
   |
69 |         getCode = read . head . words
   |                          ^^^^

[4 of 5] Compiling Network.HaskellNet.POP3.SSL
[5 of 5] Compiling Network.HaskellNet.IMAP.SSL
Configuring executable 'HaskellNet-SSL-example' for HaskellNet-SSL-0.4.0.2...
Preprocessing executable 'HaskellNet-SSL-example' for HaskellNet-SSL-0.4.0.2...
Building executable 'HaskellNet-SSL-example' for HaskellNet-SSL-0.4.0.2...
[1 of 1] Compiling Main
[2 of 2] Linking /tmp/workdir-HaskellNet-SSL/HaskellNet-SSL-0.4.0.2/dist-newstyle/build/x86_64-linux/ghc-9.10.2/HaskellNet-SSL-0.4.0.2/x/HaskellNet-SSL-example/build/HaskellNet-SSL-example/HaskellNet-SSL-example
