Build profile: -w ghc-9.6.5 -O1
In order, the following will be built (use -v for more details):
 - foldl-1.4.16 (lib) (first run)
 - foldl-1.4.16 (test:doctest) (first run)
Configuring library for foldl-1.4.16...
Preprocessing library for foldl-1.4.16...
Building library for foldl-1.4.16...
[1 of 9] Compiling Control.Foldl.Internal
[2 of 9] Compiling Control.Foldl.Optics
[3 of 9] Compiling Control.Foldl.Util.MVector
[4 of 9] Compiling Control.Foldl.Util.Vector
[5 of 9] Compiling Control.Foldl
[6 of 9] Compiling Control.Foldl.Text
[7 of 9] Compiling Control.Foldl.NonEmpty

src/Control/Foldl/NonEmpty.hs:14:1: warning: [-Wunused-imports]
    The import of ‘Control.Applicative’ is redundant
      except perhaps to import instances from ‘Control.Applicative’
    To import instances alone, use: import Control.Applicative()
   |
14 | import Control.Applicative (liftA2)
   | ^^^^^^^^^^^^^^^^^^^^^^^^^^^^^^^^^^^
[8 of 9] Compiling Control.Foldl.ByteString
[9 of 9] Compiling Control.Scanl
Configuring test suite 'doctest' for foldl-1.4.16...
Preprocessing test suite 'doctest' for foldl-1.4.16...
Building test suite 'doctest' for foldl-1.4.16...
[1 of 1] Compiling Main
[2 of 2] Linking /tmp/workdir-foldl/foldl-1.4.16/dist-newstyle/build/x86_64-linux/ghc-9.6.5/foldl-1.4.16/t/doctest/build/doctest/doctest
