Resolving dependencies...
Build profile: -w ghc-9.10.2 -O1
In order, the following will be built (use -v for more details):
 - linear-geo-0.1.0.0 (lib) (first run)
 - linear-geo-0.1.0.0 (test:props) (first run)
Configuring library for linear-geo-0.1.0.0...
Preprocessing library for linear-geo-0.1.0.0...
Building library for linear-geo-0.1.0.0...
[1 of 5] Compiling Linear.Geo.ECEF
src/Linear/Geo/ECEF.hs:55:1: warning: [GHC-65490] [-Wmissing-role-annotations]
    Missing role annotation: type role ECEF representational
   |
55 | newtype ECEF a = ECEF (L.V3 a)
   | ^^^^^^^^^^^^^^^^^^^^^^^^^^^^^^...

src/Linear/Geo/ECEF.hs: warning: [-Wall-missed-specialisations]
    Could not specialise imported function ‘ghc-internal:GHC.Internal.Data.Traversable.C:Traversable’
    Probable fix: add INLINABLE pragma on ‘ghc-internal:GHC.Internal.Data.Traversable.C:Traversable’

src/Linear/Geo/ECEF.hs: warning: [-Wall-missed-specialisations]
    Could not specialise imported function ‘Data.Distributive.C:Distributive’
    Probable fix: add INLINABLE pragma on ‘Data.Distributive.C:Distributive’

src/Linear/Geo/ECEF.hs: warning: [-Wall-missed-specialisations]
    Could not specialise imported function ‘Linear.Trace.C:Trace’
    Probable fix: add INLINABLE pragma on ‘Linear.Trace.C:Trace’

src/Linear/Geo/ECEF.hs: warning: [-Wall-missed-specialisations]
    Could not specialise imported function ‘Linear.Metric.C:Metric’
    Probable fix: add INLINABLE pragma on ‘Linear.Metric.C:Metric’

src/Linear/Geo/ECEF.hs: warning: [-Wall-missed-specialisations]
    Could not specialise imported function ‘Linear.Vector.C:Additive’
    Probable fix: add INLINABLE pragma on ‘Linear.Vector.C:Additive’

src/Linear/Geo/ECEF.hs: warning: [-Wall-missed-specialisations]
    Could not specialise imported function ‘Control.Monad.Zip.C:MonadZip’
    Probable fix: add INLINABLE pragma on ‘Control.Monad.Zip.C:MonadZip’

src/Linear/Geo/ECEF.hs: warning: [-Wall-missed-specialisations]
    Could not specialise imported function ‘ghc-internal:GHC.Internal.Control.Monad.Fix.C:MonadFix’
    Probable fix: add INLINABLE pragma on ‘ghc-internal:GHC.Internal.Control.Monad.Fix.C:MonadFix’

src/Linear/Geo/ECEF.hs: warning: [-Wall-missed-specialisations]
    Could not specialise imported function ‘ghc-internal:GHC.Internal.Base.C:Monad’
    Probable fix: add INLINABLE pragma on ‘ghc-internal:GHC.Internal.Base.C:Monad’

src/Linear/Geo/ECEF.hs: warning: [-Wall-missed-specialisations]
    Could not specialise imported function ‘ghc-internal:GHC.Internal.Base.C:Applicative’
    Probable fix: add INLINABLE pragma on ‘ghc-internal:GHC.Internal.Base.C:Applicative’

src/Linear/Geo/ECEF.hs: warning: [-Wall-missed-specialisations]
    Could not specialise imported function ‘Linear.Affine.C:Affine’
    Probable fix: add INLINABLE pragma on ‘Linear.Affine.C:Affine’

src/Linear/Geo/ECEF.hs: warning: [-Wall-missed-specialisations]
    Could not specialise imported function ‘Linear.V3.C:R3’
    Probable fix: add INLINABLE pragma on ‘Linear.V3.C:R3’

src/Linear/Geo/ECEF.hs: warning: [-Wall-missed-specialisations]
    Could not specialise imported function ‘Linear.V2.C:R2’
    Probable fix: add INLINABLE pragma on ‘Linear.V2.C:R2’

[2 of 5] Compiling Linear.Geo.PlaneAngle
src/Linear/Geo/PlaneAngle.hs:34:1: warning: [GHC-66111] [-Wunused-imports]
    The import of ‘Control.Applicative’ is redundant
      except perhaps to import instances from ‘Control.Applicative’
    To import instances alone, use: import Control.Applicative()
   |
34 | import Control.Applicative
   | ^^^^^^^^^^^^^^^^^^^^^^^^^^

src/Linear/Geo/PlaneAngle.hs:63:1: warning: [GHC-65490] [-Wmissing-role-annotations]
    Missing role annotation: type role Radians representational
   |
63 | newtype Radians a = Radians a
   | ^^^^^^^^^^^^^^^^^^^^^^^^^^^^^...

src/Linear/Geo/PlaneAngle.hs:113:1: warning: [GHC-65490] [-Wmissing-role-annotations]
    Missing role annotation: type role Degrees representational
    |
113 | newtype Degrees a = Degrees a
    | ^^^^^^^^^^^^^^^^^^^^^^^^^^^^^...

src/Linear/Geo/PlaneAngle.hs:163:1: warning: [GHC-65490] [-Wmissing-role-annotations]
    Missing role annotation: type role DMS representational
    |
163 | data DMS a = DMS {
    | ^^^^^^^^^^^^^^^^^^...

src/Linear/Geo/PlaneAngle.hs:230:1: warning: [GHC-65490] [-Wmissing-role-annotations]
    Missing role annotation: type role DM representational
    |
230 | data DM a = DM {
    | ^^^^^^^^^^^^^^^^...

src/Linear/Geo/PlaneAngle.hs: warning: [-Wall-missed-specialisations]
    Could not specialise imported function ‘Control.Monad.Zip.C:MonadZip’
    Probable fix: add INLINABLE pragma on ‘Control.Monad.Zip.C:MonadZip’

src/Linear/Geo/PlaneAngle.hs: warning: [-Wall-missed-specialisations]
    Could not specialise imported function ‘ghc-internal:GHC.Internal.Control.Monad.Fix.C:MonadFix’
    Probable fix: add INLINABLE pragma on ‘ghc-internal:GHC.Internal.Control.Monad.Fix.C:MonadFix’

src/Linear/Geo/PlaneAngle.hs: warning: [-Wall-missed-specialisations]
    Could not specialise imported function ‘ghc-internal:GHC.Internal.Base.C:Monad’
    Probable fix: add INLINABLE pragma on ‘ghc-internal:GHC.Internal.Base.C:Monad’

src/Linear/Geo/PlaneAngle.hs: warning: [-Wall-missed-specialisations]
    Could not specialise imported function ‘ghc-internal:GHC.Internal.Base.C:Applicative’
    Probable fix: add INLINABLE pragma on ‘ghc-internal:GHC.Internal.Base.C:Applicative’

src/Linear/Geo/PlaneAngle.hs: warning: [-Wall-missed-specialisations]
    Could not specialise imported function ‘ghc-internal:GHC.Internal.Data.Traversable.C:Traversable’
    Probable fix: add INLINABLE pragma on ‘ghc-internal:GHC.Internal.Data.Traversable.C:Traversable’

src/Linear/Geo/PlaneAngle.hs: warning: [-Wall-missed-specialisations]
    Could not specialise imported function ‘Data.Distributive.C:Distributive’
    Probable fix: add INLINABLE pragma on ‘Data.Distributive.C:Distributive’

[3 of 5] Compiling Linear.Geo.Geodetic
src/Linear/Geo/Geodetic.hs:35:1: warning: [GHC-66111] [-Wunused-imports]
    The import of ‘Control.Applicative’ is redundant
      except perhaps to import instances from ‘Control.Applicative’
    To import instances alone, use: import Control.Applicative()
   |
35 | import Control.Applicative
   | ^^^^^^^^^^^^^^^^^^^^^^^^^^

src/Linear/Geo/Geodetic.hs:59:1: warning: [GHC-65490] [-Wmissing-role-annotations]
    Missing role annotation: type role Geo representational
   |
59 | data Geo a = Geo {
   | ^^^^^^^^^^^^^^^^^^...

src/Linear/Geo/Geodetic.hs: warning: [-Wall-missed-specialisations]
    Could not specialise imported function ‘Control.Monad.Zip.C:MonadZip’
    Probable fix: add INLINABLE pragma on ‘Control.Monad.Zip.C:MonadZip’

src/Linear/Geo/Geodetic.hs: warning: [-Wall-missed-specialisations]
    Could not specialise imported function ‘ghc-internal:GHC.Internal.Control.Monad.Fix.C:MonadFix’
    Probable fix: add INLINABLE pragma on ‘ghc-internal:GHC.Internal.Control.Monad.Fix.C:MonadFix’

src/Linear/Geo/Geodetic.hs: warning: [-Wall-missed-specialisations]
    Could not specialise imported function ‘ghc-internal:GHC.Internal.Base.C:Monad’
    Probable fix: add INLINABLE pragma on ‘ghc-internal:GHC.Internal.Base.C:Monad’

src/Linear/Geo/Geodetic.hs: warning: [-Wall-missed-specialisations]
    Could not specialise imported function ‘ghc-internal:GHC.Internal.Base.C:Applicative’
    Probable fix: add INLINABLE pragma on ‘ghc-internal:GHC.Internal.Base.C:Applicative’

src/Linear/Geo/Geodetic.hs: warning: [-Wall-missed-specialisations]
    Could not specialise imported function ‘ghc-internal:GHC.Internal.Data.Traversable.C:Traversable’
    Probable fix: add INLINABLE pragma on ‘ghc-internal:GHC.Internal.Data.Traversable.C:Traversable’

[4 of 5] Compiling Linear.Geo.ENU
src/Linear/Geo/ENU.hs:81:1: warning: [GHC-65490] [-Wmissing-role-annotations]
    Missing role annotation: type role ENU representational
   |
81 | data ENU a = ENU {
   | ^^^^^^^^^^^^^^^^^^...

src/Linear/Geo/ENU.hs: warning: [-Wall-missed-specialisations]
    Could not specialise imported function ‘Linear.V3.C:R3’
    Probable fix: add INLINABLE pragma on ‘Linear.V3.C:R3’

src/Linear/Geo/ENU.hs: warning: [-Wall-missed-specialisations]
    Could not specialise imported function ‘Linear.V2.C:R2’
    Probable fix: add INLINABLE pragma on ‘Linear.V2.C:R2’

[5 of 5] Compiling Linear.Geo
Configuring test suite 'props' for linear-geo-0.1.0.0...
Preprocessing test suite 'props' for linear-geo-0.1.0.0...
Building test suite 'props' for linear-geo-0.1.0.0...
[1 of 1] Compiling Main
test/Main.hs: warning: [-Wmissed-specialisations]
    Could not specialise imported function ‘Data.Fixed.$wdivMod'’
      when specialising ‘Linear.Geo.PlaneAngle.$wdegreesToDM’
      when specialising ‘degreesToDM’
    Probable fix: add INLINABLE pragma on ‘Data.Fixed.$wdivMod'’

test/Main.hs: warning: [-Wmissed-specialisations]
    Could not specialise imported function ‘Data.Fixed.$wdivMod'’
      when specialising ‘Linear.Geo.PlaneAngle.$wdegreesToDMS’
      when specialising ‘degreesToDMS’
    Probable fix: add INLINABLE pragma on ‘Data.Fixed.$wdivMod'’

test/Main.hs: warning: [-Wmissed-specialisations]
    Could not specialise imported function ‘Data.Fixed.mod'’
      when specialising ‘Linear.Geo.PlaneAngle.$fPlaneAngleDM_$cnormalizeAngle’
    Probable fix: add INLINABLE pragma on ‘Data.Fixed.mod'’

test/Main.hs: warning: [-Wmissed-specialisations]
    Could not specialise imported function ‘Linear.Geo.PlaneAngle.$fRealDegrees’
      when specialising ‘Linear.Geo.PlaneAngle.$fPlaneAngleDM_$cnormalizeAngle’
    Probable fix: add INLINABLE pragma on ‘Linear.Geo.PlaneAngle.$fRealDegrees’

test/Main.hs: warning: [-Wmissed-specialisations]
    Could not specialise imported function ‘Data.Fixed.mod'’
      when specialising ‘Linear.Geo.PlaneAngle.$fPlaneAngleDMS_$cnormalizeAngle’
    Probable fix: add INLINABLE pragma on ‘Data.Fixed.mod'’

test/Main.hs: warning: [-Wmissed-specialisations]
    Could not specialise imported function ‘Linear.Geo.PlaneAngle.$fRealDegrees’
      when specialising ‘Linear.Geo.PlaneAngle.$fPlaneAngleDMS_$cnormalizeAngle’
    Probable fix: add INLINABLE pragma on ‘Linear.Geo.PlaneAngle.$fRealDegrees’

test/Main.hs: warning: [-Wmissed-specialisations]
    Could not specialise imported function ‘Linear.Geo.PlaneAngle.$fRealDegrees’
      when specialising ‘Linear.Geo.PlaneAngle.$w$cnormalizeAngle’
      when specialising ‘Linear.Geo.PlaneAngle.$fPlaneAngleDegrees_$cnormalizeAngle’
    Probable fix: add INLINABLE pragma on ‘Linear.Geo.PlaneAngle.$fRealDegrees’

test/Main.hs: warning: [-Wmissed-specialisations]
    Could not specialise imported function ‘Data.Fixed.mod'’
      when specialising ‘Linear.Geo.PlaneAngle.$w$cnormalizeAngle’
      when specialising ‘Linear.Geo.PlaneAngle.$fPlaneAngleDegrees_$cnormalizeAngle’
    Probable fix: add INLINABLE pragma on ‘Data.Fixed.mod'’

[2 of 2] Linking dist-newstyle/build/x86_64-linux/ghc-9.10.2/linear-geo-0.1.0.0/t/props/build/props/props
