Resolving dependencies...
Build profile: -w ghc-9.10.2 -O1
In order, the following will be built (use -v for more details):
 - ods2csv-0.1.0.2 (exe:ods2csv) (first run)
Configuring executable 'ods2csv' for ods2csv-0.1.0.2...
Preprocessing executable 'ods2csv' for ods2csv-0.1.0.2...
Building executable 'ods2csv' for ods2csv-0.1.0.2...
[1 of 1] Compiling Main
src/Main.hs:31:1: warning: [GHC-66111] [-Wunused-imports]
    The import of ‘Data.Monoid’ is redundant
      except perhaps to import instances from ‘Data.Monoid’
    To import instances alone, use: import Data.Monoid()
   |
31 | import Data.Monoid ((<>))
   | ^^^^^^^^^^^^^^^^^^^^^^^^^

src/Main.hs:34:1: warning: [GHC-38856] [-Wunused-imports]
    The import of ‘<*>, pure’
    from module ‘Control.Applicative’ is redundant
   |
34 | import Control.Applicative (pure, (<*>), (<|>))
   | ^^^^^^^^^^^^^^^^^^^^^^^^^^^^^^^^^^^^^^^^^^^^^^^

[2 of 2] Linking /tmp/workdir-ods2csv/ods2csv-0.1.0.2/dist-newstyle/build/x86_64-linux/ghc-9.10.2/ods2csv-0.1.0.2/x/ods2csv/build/ods2csv/ods2csv
