Resolving dependencies...
Build profile: -w ghc-9.10.2 -O1
In order, the following will be built (use -v for more details):
 - srtree-2.0.1.5 (lib) (first run)
 - srtree-2.0.1.5 (exe:tinygp) (first run)
 - srtree-2.0.1.5 (test:srtree-test) (first run)
 - srtree-2.0.1.5 (exe:srtools) (first run)
 - srtree-2.0.1.5 (exe:srsimplify) (first run)
Configuring library for srtree-2.0.1.5...
Preprocessing library for srtree-2.0.1.5...
Building library for srtree-2.0.1.5...
[ 1 of 27] Compiling Data.SRTree.Recursion
[ 2 of 27] Compiling Data.SRTree.Internal
[ 3 of 27] Compiling Data.SRTree.Print
src/Data/SRTree/Print.hs:113:5: warning: [GHC-62161] [-Wincomplete-patterns]
    Pattern match(es) are non-exhaustive
    In an equation for ‘pyFun’:
        Patterns of type ‘Function’ not matched:
            SqrtAbs
            LogAbs
            Cube
    |
113 |     pyFun Id     = ""
    |     ^^^^^^^^^^^^^^^^^...

src/Data/SRTree/Print.hs:175:5: warning: [GHC-62161] [-Wincomplete-patterns]
    Pattern match(es) are non-exhaustive
    In an equation for ‘showOpTikz’:
        Patterns of type ‘Op’ not matched:
            PowerAbs
            AQ
    |
175 |     showOpTikz Add = "+\n"
    |     ^^^^^^^^^^^^^^^^^^^^^^...

[ 4 of 27] Compiling Data.SRTree
[ 5 of 27] Compiling Data.SRTree.Eval
[ 6 of 27] Compiling Data.SRTree.Random
src/Data/SRTree/Random.hs:146:3: warning: [GHC-62161] [-Wincomplete-patterns]
    Pattern match(es) are non-exhaustive
    In a case alternative:
        Patterns of type ‘Int’ not matched:
            p where p is not one of {8, 7, 6, ...}
    |
146 |   case choice of
    |   ^^^^^^^^^^^^^^...

src/Data/SRTree/Random.hs:161:3: warning: [GHC-62161] [-Wincomplete-patterns]
    Pattern match(es) are non-exhaustive
    In a case alternative:
        Patterns of type ‘Int’ not matched:
            p where p is not one of {6, 5, 4, ...}
    |
161 |   case choice of
    |   ^^^^^^^^^^^^^^...

src/Data/SRTree/Random.hs:184:16: warning: [GHC-62161] [-Wincomplete-patterns]
    Pattern match(es) are non-exhaustive
    In a case alternative:
        Patterns of type ‘Int’ not matched:
            p where p is not one of {2, 0, 1}
    |
184 |   fromJust <$> case arity node of
    |                ^^^^^^^^^^^^^^^^^^...

src/Data/SRTree/Random.hs:203:16: warning: [GHC-62161] [-Wincomplete-patterns]
    Pattern match(es) are non-exhaustive
    In a case alternative:
        Patterns of type ‘Int’ not matched: p where p is not one of {1, 2}
    |
203 |   fromJust <$> case arity node of
    |                ^^^^^^^^^^^^^^^^^^...

src/Data/SRTree/Random.hs:225:9: warning: [GHC-62161] [-Wincomplete-patterns]
    Pattern match(es) are non-exhaustive
    In a case alternative:
        Patterns of type ‘SRTree ()’ not matched:
            Var _
            Param _
            Const _
    |
225 |         case node of
    |         ^^^^^^^^^^^^...

[ 7 of 27] Compiling Data.SRTree.Datasets
src/Data/SRTree/Datasets.hs:202:34: warning: [GHC-63394] [-Wx-partial]
    In the use of ‘head’
    (imported from Prelude, but defined in GHC.Internal.List):
    "This is a partial function, it throws an error on empty lists. Use pattern matching, 'Data.List.uncons' or 'Data.Maybe.listToMaybe' instead. Consider refactoring to use "Data.List.NonEmpty"."
    |
202 |     ncols             = length $ head csv
    |                                  ^^^^

src/Data/SRTree/Datasets.hs:205:53: warning: [GHC-63394] [-Wx-partial]
    In the use of ‘head’
    (imported from Prelude, but defined in GHC.Internal.List):
    "This is a partial function, it throws an error on empty lists. Use pattern matching, 'Data.List.uncons' or 'Data.Maybe.listToMaybe' instead. Consider refactoring to use "Data.List.NonEmpty"."
    |
205 |                            then (zip (map B.strip $ head csv) [0..], tail csv)
    |                                                     ^^^^

src/Data/SRTree/Datasets.hs:205:70: warning: [GHC-63394] [-Wx-partial]
    In the use of ‘tail’
    (imported from Prelude, but defined in GHC.Internal.List):
    "This is a partial function, it throws an error on empty lists. Replace it with 'drop' 1, or use pattern matching or 'GHC.Internal.Data.List.uncons' instead. Consider refactoring to use "Data.List.NonEmpty"."
    |
205 |                            then (zip (map B.strip $ head csv) [0..], tail csv)
    |                                                                      ^^^^

src/Data/SRTree/Datasets.hs:261:79: warning: [GHC-63394] [-Wx-partial]
    In the use of ‘tail’
    (imported from Prelude, but defined in GHC.Internal.List):
    "This is a partial function, it throws an error on empty lists. Replace it with 'drop' 1, or use pattern matching or 'GHC.Internal.Data.List.uncons' instead. Consider refactoring to use "Data.List.NonEmpty"."
    |
261 |                     in ( MA.fromLists' comp_x [xs !! ix | ixs_i <- ixs, ix <- Prelude.tail ixs_i]
    |                                                                               ^^^^^^^^^^^^

src/Data/SRTree/Datasets.hs:262:82: warning: [GHC-63394] [-Wx-partial]
    In the use of ‘head’
    (imported from Prelude, but defined in GHC.Internal.List):
    "This is a partial function, it throws an error on empty lists. Use pattern matching, 'Data.List.uncons' or 'Data.Maybe.listToMaybe' instead. Consider refactoring to use "Data.List.NonEmpty"."
    |
262 |                        , MA.fromLists' comp_x [xs !! ix | ixs_i <- ixs, let ix = Prelude.head ixs_i]
    |                                                                                  ^^^^^^^^^^^^

src/Data/SRTree/Datasets.hs:265:75: warning: [GHC-63394] [-Wx-partial]
    In the use of ‘tail’
    (imported from Prelude, but defined in GHC.Internal.List):
    "This is a partial function, it throws an error on empty lists. Replace it with 'drop' 1, or use pattern matching or 'GHC.Internal.Data.List.uncons' instead. Consider refactoring to use "Data.List.NonEmpty"."
    |
265 |     getY ixs ys  = ( MA.fromList comp_y [ys MA.! ix | ixs_i <- ixs, ix <- Prelude.tail ixs_i]
    |                                                                           ^^^^^^^^^^^^

src/Data/SRTree/Datasets.hs:266:78: warning: [GHC-63394] [-Wx-partial]
    In the use of ‘head’
    (imported from Prelude, but defined in GHC.Internal.List):
    "This is a partial function, it throws an error on empty lists. Use pattern matching, 'Data.List.uncons' or 'Data.Maybe.listToMaybe' instead. Consider refactoring to use "Data.List.NonEmpty"."
    |
266 |                    , MA.fromList comp_y [ys MA.! ix | ixs_i <- ixs, let ix = Prelude.head ixs_i]
    |                                                                              ^^^^^^^^^^^^

[ 8 of 27] Compiling Algorithm.Massiv.Utils
src/Algorithm/Massiv/Utils.hs:235:28: warning: [GHC-63394] [-Wx-partial]
    In the use of ‘tail’
    (imported from Prelude, but defined in GHC.Internal.List):
    "This is a partial function, it throws an error on empty lists. Replace it with 'drop' 1, or use pattern matching or 'GHC.Internal.Data.List.uncons' instead. Consider refactoring to use "Data.List.NonEmpty"."
    |
235 |       xdiff = zipWith (-) (tail x) x
    |                            ^^^^

src/Algorithm/Massiv/Utils.hs:238:79: warning: [GHC-63394] [-Wx-partial]
    In the use of ‘tail’
    (imported from Prelude, but defined in GHC.Internal.List):
    "This is a partial function, it throws an error on empty lists. Replace it with 'drop' 1, or use pattern matching or 'GHC.Internal.Data.List.uncons' instead. Consider refactoring to use "Data.List.NonEmpty"."
    |
238 |       dydx  = fromList compMode $ Prelude.zipWith3 (\y0 y1 xd -> (y0-y1)/xd) (tail y) y xdiff
    |                                                                               ^^^^

src/Algorithm/Massiv/Utils.hs:244:11: warning: [GHC-62161] [-Wincomplete-patterns]
    Pattern match(es) are non-exhaustive
    In an equation for ‘nextW’:
        Patterns of type ‘Int’, ‘[Double]’ not matched: _ []
    |
244 |           nextW ix (wi : t)
    |           ^^^^^^^^^^^^^^^^^...

src/Algorithm/Massiv/Utils.hs:252:11: warning: [GHC-62161] [-Wincomplete-patterns]
    Pattern match(es) are non-exhaustive
    In an equation for ‘nextZ’:
        Patterns of type ‘Int’, ‘[Double]’ not matched: _ []
    |
252 |           nextZ ix (zi : t)
    |           ^^^^^^^^^^^^^^^^^...

src/Algorithm/Massiv/Utils.hs:267:41: warning: [GHC-63394] [-Wx-partial]
    In the use of ‘tail’
    (imported from Prelude, but defined in GHC.Internal.List):
    "This is a partial function, it throws an error on empty lists. Replace it with 'drop' 1, or use pattern matching or 'GHC.Internal.Data.List.uncons' instead. Consider refactoring to use "Data.List.NonEmpty"."
    |
267 | genSplineFun pts x = go xs $ zip coefs (tail coefs)
    |                                         ^^^^

src/Algorithm/Massiv/Utils.hs:274:5: warning: [GHC-62161] [-Wincomplete-patterns]
    Pattern match(es) are non-exhaustive
    In an equation for ‘go’:
        Patterns of type ‘[Double]’,
                         ‘[((Double, Double, Double),
                            (Double, Double, Double))]’ not matched:
            [] _
            [_] _
            (_:_:_:_) []
            [_, _] []
    |
274 |     go [x1,x2] [(c1,c2)] = evalAt c1 c2 x
    |     ^^^^^^^^^^^^^^^^^^^^^^^^^^^^^^^^^^^^^...

[ 9 of 27] Compiling Algorithm.EqSat.Egraph
src/Algorithm/EqSat/Egraph.hs:211:1: warning: [GHC-08585] [-Wmissing-methods]
    • No explicit associated type or default declaration for ‘Rep’
    • In the instance declaration for ‘Generic (EClassId, ENode)’
    |
211 | instance Generic (EClassId, ENode)
    | ^^^^^^^^^^^^^^^^^^^^^^^^^^^^^^^^^^

src/Algorithm/EqSat/Egraph.hs:211:10: warning: [GHC-06201] [-Wmissing-methods]
    • No explicit implementation for
        ‘from’ and ‘to’
    • In the instance declaration for ‘Generic (EClassId, ENode)’
    |
211 | instance Generic (EClassId, ENode)
    |          ^^^^^^^^^^^^^^^^^^^^^^^^^

src/Algorithm/EqSat/Egraph.hs:221:12: warning: [GHC-62161] [-Wincomplete-patterns]
    Pattern match(es) are non-exhaustive
    In a case alternative:
        Patterns of type ‘Word8’ not matched:
            p where p is not one of {4, 3, 2, ...}
    |
221 |            case t of
    |            ^^^^^^^^^...

src/Algorithm/EqSat/Egraph.hs:236:12: warning: [GHC-62161] [-Wincomplete-patterns]
    Pattern match(es) are non-exhaustive
    In a case alternative:
        Patterns of type ‘Word8’ not matched:
            p where p is not one of {4, 3, 2, ...}
    |
236 |            case t of
    |            ^^^^^^^^^...

[10 of 27] Compiling Algorithm.EqSat.Queries
[11 of 27] Compiling Algorithm.EqSat.Info
src/Algorithm/EqSat/Info.hs:63:5: warning: [GHC-62161] [-Wincomplete-patterns]
    Pattern match(es) are non-exhaustive
    In an equation for ‘bestParam’:
        Patterns of type ‘Maybe a’, ‘Maybe a’, ‘Maybe a’,
                         ‘Maybe a’ not matched:
            (Just _) (Just _) Nothing _
            (Just _) (Just _) (Just _) Nothing
   |
63 |     bestParam Nothing x _ _ = x
   |     ^^^^^^^^^^^^^^^^^^^^^^^^^^^...

src/Algorithm/EqSat/Info.hs:84:5: warning: [GHC-53633] [-Woverlapping-patterns]
    Pattern match is redundant
    In an equation for ‘combineConsts’: combineConsts x y = ...
   |
84 |     combineConsts x y = error (show x <> " " <> show y)
   |     ^^^^^^^^^^^^^^^^^^^^^^^^^^^^^^^^^^^^^^^^^^^^^^^^^^^

[12 of 27] Compiling Data.SRTree.Derivative
[13 of 27] Compiling Algorithm.SRTree.AD
src/Algorithm/SRTree/AD.hs:292:7: warning: [GHC-53633] [-Woverlapping-patterns]
    Pattern match is redundant
    In an equation for ‘diff’: diff PowerAbs 0 0 0 = ...
    |
292 |       diff PowerAbs 0  0  0  = (0, 0)
    |       ^^^^^^^^^^^^^^^^^^^^^^^^^^^^^^^

[14 of 27] Compiling Algorithm.SRTree.Likelihoods
src/Algorithm/SRTree/Likelihoods.hs:255:1: warning: [GHC-62161] [-Wincomplete-patterns]
    Pattern match(es) are non-exhaustive
    In an equation for ‘predict’:
        Patterns of type ‘Distribution’, ‘Fix SRTree’, ‘PVector’,
                         ‘SRMatrix’ not matched:
            HGaussian _ _ _
    |
255 | predict MSE       tree theta xss = evalTree xss theta tree
    | ^^^^^^^^^^^^^^^^^^^^^^^^^^^^^^^^^^^^^^^^^^^^^^^^^^^^^^^^^^...

src/Algorithm/SRTree/Likelihoods.hs:309:1: warning: [GHC-62161] [-Wincomplete-patterns]
    Pattern match(es) are non-exhaustive
    In an equation for ‘gradNLLArr’:
        Patterns of type ‘Distribution’, ‘SRMatrix’, ‘PVector’,
                         ‘Maybe PVector’, ‘[(Int, (Int, Int, Int, Double))]’,
                         ‘IntMap.IntMap Int’, ‘VS.Vector Double’ not matched:
            HGaussian _ _ _ _ _ _
    |
309 | gradNLLArr MSE xss ys mYerr tree j2ix theta =
    | ^^^^^^^^^^^^^^^^^^^^^^^^^^^^^^^^^^^^^^^^^^^^^...

src/Algorithm/SRTree/Likelihoods.hs:338:1: warning: [GHC-62161] [-Wincomplete-patterns]
    Pattern match(es) are non-exhaustive
    In an equation for ‘gradNLLGraph’:
        Patterns of type ‘Distribution’, ‘SRMatrix’, ‘PVector’,
                         ‘Maybe PVector’, ‘Fix SRTree’, ‘VS.Vector Double’ not matched:
            HGaussian _ _ _ _ _
    |
338 | gradNLLGraph MSE xss ys mYerr tree theta =
    | ^^^^^^^^^^^^^^^^^^^^^^^^^^^^^^^^^^^^^^^^^^...

src/Algorithm/SRTree/Likelihoods.hs:424:19: warning: [GHC-62161] [-Wincomplete-patterns]
    Pattern match(es) are non-exhaustive
    In a case alternative:
        Patterns of type ‘Distribution’ not matched: HGaussian
    |
424 |     (phi, phi') = case dist of
    |                   ^^^^^^^^^^^^...

src/Algorithm/SRTree/Likelihoods.hs:426:21: warning: [GHC-53633] [-Woverlapping-patterns]
    Pattern match is redundant
    In a case alternative: Gaussian -> ...
    |
426 |                     Gaussian  -> (yhat, M.replicate compMode (Sz m) 1)
    |                     ^^^^^^^^^^^^^^^^^^^^^^^^^^^^^^^^^^^^^^^^^^^^^^^^^^

src/Algorithm/SRTree/Likelihoods.hs:460:19: warning: [GHC-62161] [-Wincomplete-patterns]
    Pattern match(es) are non-exhaustive
    In a case alternative:
        Patterns of type ‘Distribution’ not matched: HGaussian
    |
460 |     (phi, phi') = case dist of
    |                   ^^^^^^^^^^^^...

[15 of 27] Compiling Algorithm.SRTree.ModelSelection
[16 of 27] Compiling Algorithm.EqSat.DB
src/Algorithm/EqSat/DB.hs:86:1: warning: [GHC-62161] [-Wincomplete-patterns]
    Pattern match(es) are non-exhaustive
    In an equation for ‘unFixPat’:
        Patterns of type ‘Pattern’ not matched: VarPat _
   |
86 | unFixPat (Fixed p) = p
   | ^^^^^^^^^^^^^^^^^^^^^^

[17 of 27] Compiling Algorithm.EqSat.Build
src/Algorithm/EqSat/Build.hs:415:18: warning: [GHC-63394] [-Wx-partial]
    In the use of ‘head’
    (imported from Prelude, but defined in GHC.Internal.List):
    "This is a partial function, it throws an error on empty lists. Use pattern matching, 'Data.List.uncons' or 'Data.Maybe.listToMaybe' instead. Consider refactoring to use "Data.List.NonEmpty"."
    |
415 |     Fix <$> case head $ Set.toList nodes of
    |                  ^^^^

[18 of 27] Compiling Algorithm.EqSat
[19 of 27] Compiling Algorithm.EqSat.Simplify
[20 of 27] Compiling Numeric.Optimization.NLOPT.Bindings
src/Numeric/Optimization/NLOPT/Bindings.hs:637:3: warning: [GHC-63397] [-Wname-shadowing]
    This binding for ‘nEvals’ shadows the existing binding
      defined at src/Numeric/Optimization/NLOPT/Bindings.hs:617:5
    |
637 |   nEvals <- fromIntegral <$> get_numevals optimizer
    |   ^^^^^^

[21 of 27] Compiling Algorithm.SRTree.NonlinearOpt
[22 of 27] Compiling Algorithm.SRTree.Opt
[23 of 27] Compiling Algorithm.SRTree.ConfidenceIntervals
src/Algorithm/SRTree/ConfidenceIntervals.hs:137:1: warning: [GHC-62161] [-Wincomplete-patterns]
    Pattern match(es) are non-exhaustive
    In an equation for ‘inverseDist’:
        Patterns of type ‘Distribution’, ‘p’ not matched:
            HGaussian _
            ROXY _
    |
137 | inverseDist MSE y = y
    | ^^^^^^^^^^^^^^^^^^^^^...

src/Algorithm/SRTree/ConfidenceIntervals.hs:244:77: warning: [GHC-63394] [-Wx-partial]
    In the use of ‘head’
    (imported from Prelude, but defined in GHC.Internal.List):
    "This is a partial function, it throws an error on empty lists. Use pattern matching, 'Data.List.uncons' or 'Data.Maybe.listToMaybe' instead. Consider refactoring to use "Data.List.NonEmpty"."
    |
244 |         acc'        = if nll_cond == nll_opt || ( (not.null) taus && tau == head taus ) || isNaN tau
    |                                                                             ^^^^

src/Algorithm/SRTree/ConfidenceIntervals.hs:437:45: warning: [GHC-63394] [-Wx-partial]
    In the use of ‘head’
    (imported from Prelude, but defined in GHC.Internal.List):
    "This is a partial function, it throws an error on empty lists. Use pattern matching, 'Data.List.uncons' or 'Data.Maybe.listToMaybe' instead. Consider refactoring to use "Data.List.NonEmpty"."
    |
437 |             <> (\(x,y) -> [(x + 2*pi, y)]) (head points)
    |                                             ^^^^

[24 of 27] Compiling Algorithm.EqSat.SearchSR
src/Algorithm/EqSat/SearchSR.hs:134:39: warning: [GHC-63394] [-Wx-partial]
    In the use of ‘head’
    (imported from Prelude, but defined in GHC.Internal.List):
    "This is a partial function, it throws an error on empty lists. Use pattern matching, 'Data.List.uncons' or 'Data.Maybe.listToMaybe' instead. Consider refactoring to use "Data.List.NonEmpty"."
    |
134 |               bestFit <- getFitness $ head ec
    |                                       ^^^^

src/Algorithm/EqSat/SearchSR.hs:135:56: warning: [GHC-63394] [-Wx-partial]
    In the use of ‘head’
    (imported from Prelude, but defined in GHC.Internal.List):
    "This is a partial function, it throws an error on empty lists. Use pattern matching, 'Data.List.uncons' or 'Data.Maybe.listToMaybe' instead. Consider refactoring to use "Data.List.NonEmpty"."
    |
135 |               bestP   <- gets (_theta . _info . (IM.! (head ec)) . _eClass)
    |                                                        ^^^^

src/Algorithm/EqSat/SearchSR.hs:136:22: warning: [GHC-63394] [-Wx-partial]
    In the use of ‘head’
    (imported from Prelude, but defined in GHC.Internal.List):
    "This is a partial function, it throws an error on empty lists. Use pattern matching, 'Data.List.uncons' or 'Data.Maybe.listToMaybe' instead. Consider refactoring to use "Data.List.NonEmpty"."
    |
136 |               pure [(head ec, bestFit)]
    |                      ^^^^

src/Algorithm/EqSat/SearchSR.hs:170:40: warning: [GHC-63394] [-Wx-partial]
    In the use of ‘head’
    (imported from Prelude, but defined in GHC.Internal.List):
    "This is a partial function, it throws an error on empty lists. Use pattern matching, 'Data.List.uncons' or 'Data.Maybe.listToMaybe' instead. Consider refactoring to use "Data.List.NonEmpty"."
    |
170 |                 then do let (ec, mf) = head ecList
    |                                        ^^^^

[25 of 27] Compiling Paths_srtree
[26 of 27] Compiling Text.ParseSR
[27 of 27] Compiling Text.ParseSR.IO
Configuring executable 'tinygp' for srtree-2.0.1.5...
Preprocessing executable 'tinygp' for srtree-2.0.1.5...
Building executable 'tinygp' for srtree-2.0.1.5...
[1 of 5] Compiling Initialization
[2 of 5] Compiling Paths_srtree
[3 of 5] Compiling Util
[4 of 5] Compiling GP
[5 of 5] Compiling Main
apps/tinygp/Main.hs:109:38: warning: [GHC-63394] [-Wx-partial]
    In the use of ‘head’
    (imported from Prelude, but defined in GHC.Internal.List):
    "This is a partial function, it throws an error on empty lists. Use pattern matching, 'Data.List.uncons' or 'Data.Maybe.listToMaybe' instead. Consider refactoring to use "Data.List.NonEmpty"."
    |
109 |       (Sz2 _ nFeats) = size . getX $ head dataTrains
    |                                      ^^^^

[6 of 6] Linking dist-newstyle/build/x86_64-linux/ghc-9.10.2/srtree-2.0.1.5/x/tinygp/build/tinygp/tinygp
Configuring test suite 'srtree-test' for srtree-2.0.1.5...
Preprocessing test suite 'srtree-test' for srtree-2.0.1.5...
Building test suite 'srtree-test' for srtree-2.0.1.5...
[1 of 2] Compiling Main
[2 of 2] Compiling Paths_srtree
[3 of 3] Linking dist-newstyle/build/x86_64-linux/ghc-9.10.2/srtree-2.0.1.5/t/srtree-test/build/srtree-test/srtree-test
Configuring executable 'srtools' for srtree-2.0.1.5...
Preprocessing executable 'srtools' for srtree-2.0.1.5...
Building executable 'srtools' for srtree-2.0.1.5...
[1 of 5] Compiling Args
[2 of 5] Compiling Paths_srtree
[3 of 5] Compiling Report
[4 of 5] Compiling IO
[5 of 5] Compiling Main
[6 of 6] Linking dist-newstyle/build/x86_64-linux/ghc-9.10.2/srtree-2.0.1.5/x/srtools/build/srtools/srtools
Configuring executable 'srsimplify' for srtree-2.0.1.5...
Preprocessing executable 'srsimplify' for srtree-2.0.1.5...
Building executable 'srsimplify' for srtree-2.0.1.5...
[1 of 2] Compiling Main
[2 of 2] Compiling Paths_srtree
[3 of 3] Linking dist-newstyle/build/x86_64-linux/ghc-9.10.2/srtree-2.0.1.5/x/srsimplify/build/srsimplify/srsimplify
