Resolving dependencies...
Build profile: -w ghc-9.10.2 -O1
In order, the following will be built (use -v for more details):
 - gloss-rendering-1.13.2.1 (lib) (first run)
Configuring library for gloss-rendering-1.13.2.1...
Preprocessing library for gloss-rendering-1.13.2.1...
Building library for gloss-rendering-1.13.2.1...
[ 1 of 10] Compiling Graphics.Gloss.Internals.Data.Color
[ 2 of 10] Compiling Graphics.Gloss.Internals.Rendering.Bitmap
[ 3 of 10] Compiling Graphics.Gloss.Internals.Data.Picture
Graphics/Gloss/Internals/Data/Picture.hs:122:3: warning: [GHC-50928] [-Wnoncanonical-monoid-instances]
    Noncanonical ‘mappend’ definition detected
    in the instance declaration for ‘Monoid Picture’.
    ‘mappend’ will eventually be removed in favour of ‘(<>)’
    Suggested fix:
      Either remove definition for ‘mappend’ (recommended) or define as ‘mappend = (<>)’
      See also: https://gitlab.haskell.org/ghc/ghc/-/wikis/proposal/semigroup-monoid
    |
122 |   mappend a b     = Pictures [a, b]
    |   ^^^^^^^^^^^^^^^^^^^^^^^^^^^^^^^^^

[ 4 of 10] Compiling Graphics.Gloss.Internals.Rendering.Color
[ 5 of 10] Compiling Graphics.Gloss.Internals.Rendering.Common
[ 6 of 10] Compiling Graphics.Gloss.Internals.Rendering.Circle
[ 7 of 10] Compiling Graphics.Gloss.Internals.Rendering.Polygon
[ 8 of 10] Compiling Graphics.Gloss.Internals.Rendering.State
[ 9 of 10] Compiling Graphics.Gloss.Internals.Rendering.Picture
[10 of 10] Compiling Graphics.Gloss.Rendering
