Resolving dependencies...
Build profile: -w ghc-9.10.2 -O1
In order, the following will be built (use -v for more details):
 - git-annex-10.20250416 (exe:git-annex) (first run)
[ 1 of 25] Compiling Author           ( Author.hs, dist-newstyle/build/x86_64-linux/ghc-9.10.2/git-annex-10.20250416/setup/Author.o )
[ 2 of 25] Compiling Utility.Data     ( Utility/Data.hs, dist-newstyle/build/x86_64-linux/ghc-9.10.2/git-annex-10.20250416/setup/Utility/Data.o )
[ 3 of 25] Compiling Utility.FileSystemEncoding ( Utility/FileSystemEncoding.hs, dist-newstyle/build/x86_64-linux/ghc-9.10.2/git-annex-10.20250416/setup/Utility/FileSystemEncoding.o )
[ 4 of 25] Compiling Utility.Debug    ( Utility/Debug.hs, dist-newstyle/build/x86_64-linux/ghc-9.10.2/git-annex-10.20250416/setup/Utility/Debug.o )
[ 5 of 25] Compiling Utility.Misc     ( Utility/Misc.hs, dist-newstyle/build/x86_64-linux/ghc-9.10.2/git-annex-10.20250416/setup/Utility/Misc.o )
[ 6 of 25] Compiling Utility.Monad    ( Utility/Monad.hs, dist-newstyle/build/x86_64-linux/ghc-9.10.2/git-annex-10.20250416/setup/Utility/Monad.o )
[ 7 of 25] Compiling Utility.OsPath   ( Utility/OsPath.hs, dist-newstyle/build/x86_64-linux/ghc-9.10.2/git-annex-10.20250416/setup/Utility/OsPath.o )
[ 8 of 25] Compiling Utility.FileIO   ( Utility/FileIO.hs, dist-newstyle/build/x86_64-linux/ghc-9.10.2/git-annex-10.20250416/setup/Utility/FileIO.o )
[ 9 of 25] Compiling Utility.OsString ( Utility/OsString.hs, dist-newstyle/build/x86_64-linux/ghc-9.10.2/git-annex-10.20250416/setup/Utility/OsString.o )
[10 of 25] Compiling Utility.Process.Shim ( Utility/Process/Shim.hs, dist-newstyle/build/x86_64-linux/ghc-9.10.2/git-annex-10.20250416/setup/Utility/Process/Shim.o )
[11 of 25] Compiling Utility.SafeOutput ( Utility/SafeOutput.hs, dist-newstyle/build/x86_64-linux/ghc-9.10.2/git-annex-10.20250416/setup/Utility/SafeOutput.o )
[12 of 25] Compiling Utility.Exception ( Utility/Exception.hs, dist-newstyle/build/x86_64-linux/ghc-9.10.2/git-annex-10.20250416/setup/Utility/Exception.o )
[13 of 25] Compiling Utility.Process  ( Utility/Process.hs, dist-newstyle/build/x86_64-linux/ghc-9.10.2/git-annex-10.20250416/setup/Utility/Process.o )
[14 of 25] Compiling Utility.SafeCommand ( Utility/SafeCommand.hs, dist-newstyle/build/x86_64-linux/ghc-9.10.2/git-annex-10.20250416/setup/Utility/SafeCommand.o )
[15 of 25] Compiling Utility.Env.Basic ( Utility/Env/Basic.hs, dist-newstyle/build/x86_64-linux/ghc-9.10.2/git-annex-10.20250416/setup/Utility/Env/Basic.o )
[16 of 25] Compiling Build.Version    ( Build/Version.hs, dist-newstyle/build/x86_64-linux/ghc-9.10.2/git-annex-10.20250416/setup/Build/Version.o )
[17 of 25] Compiling Utility.Split    ( Utility/Split.hs, dist-newstyle/build/x86_64-linux/ghc-9.10.2/git-annex-10.20250416/setup/Utility/Split.o )
[18 of 25] Compiling Utility.DottedVersion ( Utility/DottedVersion.hs, dist-newstyle/build/x86_64-linux/ghc-9.10.2/git-annex-10.20250416/setup/Utility/DottedVersion.o )
[19 of 25] Compiling Git.Version      ( Git/Version.hs, dist-newstyle/build/x86_64-linux/ghc-9.10.2/git-annex-10.20250416/setup/Git/Version.o )
[20 of 25] Compiling Utility.SystemDirectory ( Utility/SystemDirectory.hs, dist-newstyle/build/x86_64-linux/ghc-9.10.2/git-annex-10.20250416/setup/Utility/SystemDirectory.o )
[21 of 25] Compiling Utility.Path     ( Utility/Path.hs, dist-newstyle/build/x86_64-linux/ghc-9.10.2/git-annex-10.20250416/setup/Utility/Path.o )
[22 of 25] Compiling Build.TestConfig ( Build/TestConfig.hs, dist-newstyle/build/x86_64-linux/ghc-9.10.2/git-annex-10.20250416/setup/Build/TestConfig.o )
[23 of 25] Compiling Build.Configure  ( Build/Configure.hs, dist-newstyle/build/x86_64-linux/ghc-9.10.2/git-annex-10.20250416/setup/Build/Configure.o )
[24 of 25] Compiling Main             ( dist-newstyle/build/x86_64-linux/ghc-9.10.2/git-annex-10.20250416/setup/setup.hs, dist-newstyle/build/x86_64-linux/ghc-9.10.2/git-annex-10.20250416/setup/Main.o )
[25 of 25] Linking dist-newstyle/build/x86_64-linux/ghc-9.10.2/git-annex-10.20250416/setup/setup
  checking UPGRADE_LOCATION... not available
  checking git... yes
  checking git version... 2.43.0
  checking cp -a... yes
  checking cp -p... yes
  checking cp --preserve=timestamps... yes
  checking cp --reflink=auto... yes
  checking cp --no-preserve=xattr... yes
  checking xargs -0... yes
  checking rsync... no
  checking curl... yes
  checking bup... no
  checking borg... no
  checking nice... yes
  checking ionice... yes
  checking nocache... no
  checking gpg... gpg
  checking lsof... not available
  checking git-remote-gcrypt... not available
  checking ssh connection caching...fatal: not a git repository (or any parent up to mount point /)
Stopping at filesystem boundary (GIT_DISCOVERY_ACROSS_FILESYSTEM not set).
 yes
Configuring git-annex-10.20250416...
Preprocessing executable 'git-annex' for git-annex-10.20250416...
Building executable 'git-annex' for git-annex-10.20250416...
[  1 of 756] Compiling Assistant.Types.BranchChange
[  2 of 756] Compiling Assistant.Types.ThreadName
[  3 of 756] Compiling Assistant.Types.TransferSlots
[  4 of 756] Compiling Author
[  5 of 756] Compiling BuildFlags
[  6 of 756] Compiling BuildInfo
[  7 of 756] Compiling Build.BundledPrograms
[  8 of 756] Compiling CmdLine.Multicall
[  9 of 756] Compiling Config.Cost
[ 10 of 756] Compiling Database.Keys.Tables
[ 11 of 756] Compiling Database.Utility
[ 12 of 756] Compiling Types.AdjustedBranch
[ 13 of 756] Compiling Types.Availability
[ 14 of 756] Compiling Types.Creds
[ 15 of 756] Compiling Assistant.Types.CredPairCache
[ 16 of 756] Compiling Types.DesktopNotify
[ 17 of 756] Compiling Types.Direction
[ 18 of 756] Compiling Types.IndexFiles
[ 19 of 756] Compiling Types.Link
[ 20 of 756] Compiling Types.Mime
[ 21 of 756] Compiling Types.ProposedAccepted
[ 22 of 756] Compiling Types.RemoteConfig
[ 23 of 756] Compiling Types.RepoVersion
[ 24 of 756] Compiling Types.Upgrade
[ 25 of 756] Compiling Types.WorkerPool
[ 26 of 756] Compiling Utility.Applicative
[ 27 of 756] Compiling Utility.Attoparsec
[ 28 of 756] Compiling Utility.Bloom
[ 29 of 756] Compiling Utility.Data
[ 30 of 756] Compiling Utility.DebugLocks
[ 31 of 756] Compiling Utility.Dot
[ 32 of 756] Compiling Utility.Env
[ 33 of 756] Compiling Utility.Env.Set
[ 34 of 756] Compiling Utility.FileIO
[ 35 of 756] Compiling Utility.FileSystemEncoding
[ 36 of 756] Compiling Utility.Debug
[ 37 of 756] Compiling Utility.Hash
[ 38 of 756] Compiling Utility.HumanNumber
[ 39 of 756] Compiling Utility.DataUnits
[ 40 of 756] Compiling Utility.LockFile.LockStatus
[ 41 of 756] Compiling Utility.MD5
[ 42 of 756] Compiling Utility.Misc
[ 43 of 756] Compiling Utility.Monad
[ 44 of 756] Compiling Utility.OptParse
[ 45 of 756] Compiling Utility.OsPath
[ 46 of 756] Compiling Utility.LockPool.STM
[ 47 of 756] Compiling Utility.LockPool.LockHandle
[ 48 of 756] Compiling Utility.HtmlDetect
[ 49 of 756] Compiling Utility.Aeson
[ 50 of 756] Compiling Types.Transitions
[ 51 of 756] Compiling Types.Key
[ 52 of 756] Compiling Types.GitRemoteAnnex
[ 53 of 756] Compiling Utility.OsString
[ 54 of 756] Compiling Utility.PID
[ 55 of 756] Compiling Utility.PartialPrelude
[ 56 of 756] Compiling Utility.Format
[ 57 of 756] Compiling Types.Concurrency
[ 58 of 756] Compiling Utility.Percentage
[ 59 of 756] Compiling Utility.Process.Shim
[ 60 of 756] Compiling Utility.QuickCheck
[ 61 of 756] Compiling Utility.HumanTime
[ 62 of 756] Compiling Types.VectorClock
[ 63 of 756] Compiling Utility.RawFilePath
[ 64 of 756] Compiling Utility.OpenFd
[ 65 of 756] Compiling Utility.OpenFile
[ 66 of 756] Compiling Utility.FileSize
[ 67 of 756] Compiling Database.RawFilePath
[ 68 of 756] Compiling Utility.STM
[ 69 of 756] Compiling Utility.SafeOutput
[ 70 of 756] Compiling Utility.Exception
[ 71 of 756] Compiling Utility.Process
[ 72 of 756] Compiling Utility.SafeCommand
[ 73 of 756] Compiling Git.Types
[ 74 of 756] Compiling Utility.Process.Transcript
[ 75 of 756] Compiling Utility.Path.Max
[ 76 of 756] Compiling Utility.Network
[ 77 of 756] Compiling Utility.Mounts
[ 78 of 756] Compiling Utility.MonotonicClock
[ 79 of 756] Compiling Utility.IPAddress
[ 80 of 756] Compiling Utility.Glob
[ 81 of 756] Compiling Utility.FileMode
[ 82 of 756] Compiling Utility.LockFile.Posix
[ 83 of 756] Compiling Utility.LockPool.Posix
[ 84 of 756] Compiling Utility.LockPool
[ 85 of 756] Compiling Types.LockCache
[ 86 of 756] Compiling Utility.LockFile
[ 87 of 756] Compiling Git.FileMode
[ 88 of 756] Compiling Utility.Env.Basic
[ 89 of 756] Compiling Utility.DiskFree
[ 90 of 756] Compiling Utility.Directory
[ 91 of 756] Compiling Utility.Directory.Stream
[ 92 of 756] Compiling Utility.DBus
[ 93 of 756] Compiling Utility.Base64
[ 94 of 756] Compiling Git.PktLine
[ 95 of 756] Compiling Build.Version
[ 96 of 756] Compiling Build.Mans
[ 97 of 756] Compiling Annex.UntrustedFilePath
[ 98 of 756] Compiling Utility.Shell
[ 99 of 756] Compiling Utility.Split
[100 of 756] Compiling Utility.ShellEscape
[101 of 756] Compiling Utility.DottedVersion
[102 of 756] Compiling Git.Version
[103 of 756] Compiling Git.BuildVersion
[104 of 756] Compiling Utility.SshHost
[105 of 756] Compiling Utility.SystemDirectory
[106 of 756] Compiling Utility.Path
[107 of 756] Compiling Utility.Path.Windows
[108 of 756] Compiling Utility.MagicWormhole
[109 of 756] Compiling Build.TestConfig
[110 of 756] Compiling Build.Configure
[111 of 756] Compiling Utility.Tense
[112 of 756] Compiling Assistant.Types.Alert
[113 of 756] Compiling Utility.Terminal
[114 of 756] Compiling Utility.ThreadLock
[115 of 756] Compiling Utility.ThreadScheduler
[116 of 756] Compiling Utility.TimeStamp
[117 of 756] Compiling Annex.VectorClock.Utility
[118 of 756] Compiling Utility.Tmp
[119 of 756] Compiling Utility.MoveFile
[120 of 756] Compiling Utility.Tmp.Dir
[121 of 756] Compiling Utility.Touch
[122 of 756] Compiling Utility.Tuple
[123 of 756] Compiling Utility.Scheduled
[124 of 756] Compiling Utility.Scheduled.QuickCheck
[125 of 756] Compiling Utility.Url.Parse
[126 of 756] Compiling Utility.UserInfo
[127 of 756] Compiling Utility.Path.AbsRel
[128 of 756] Compiling Utility.LockFile.PidLock
[129 of 756] Compiling Utility.LockPool.PidLock
[130 of 756] Compiling Utility.LinuxMkLibs
[131 of 756] Compiling Utility.Directory.Create
[132 of 756] Compiling Common
[133 of 756] Compiling Utility.Tor
[134 of 756] Compiling Utility.TList
[135 of 756] Compiling Assistant.Types.Commits
[136 of 756] Compiling Utility.Su
[137 of 756] Compiling Utility.StatelessOpenPGP
[138 of 756] Compiling Utility.SshConfig
[139 of 756] Compiling Utility.SimpleProtocol
[140 of 756] Compiling Utility.AuthToken
[141 of 756] Compiling Utility.ResourcePool
[142 of 756] Compiling Utility.Path.Tests
[143 of 756] Compiling Utility.NotificationBroadcaster
[144 of 756] Compiling Utility.Metered
[145 of 756] Compiling Utility.Url
[146 of 756] Compiling Types.UrlContents
[147 of 756] Compiling Utility.Rsync
[148 of 756] Compiling Types.Messages
[149 of 756] Compiling Utility.Matcher
[150 of 756] Compiling Utility.Lsof
[151 of 756] Compiling Utility.LogFile
[152 of 756] Compiling Utility.InodeCache
[153 of 756] Compiling Types.KeySource
[154 of 756] Compiling Types.Backend
[155 of 756] Compiling Database.Handle
[156 of 756] Compiling Database.RepoSize.Handle
[157 of 756] Compiling Database.Queue
[158 of 756] Compiling Database.Keys.Handle
[159 of 756] Compiling Utility.Gpg
[160 of 756] Compiling Types.Crypto
[161 of 756] Compiling Utility.DirWatcher.Types
[162 of 756] Compiling Utility.DirWatcher.INotify
[163 of 756] Compiling Utility.DirWatcher
[164 of 756] Compiling Utility.Daemon
[165 of 756] Compiling Utility.CopyFile
[166 of 756] Compiling Utility.CoProcess
[167 of 756] Compiling Utility.Batch
[168 of 756] Compiling Utility.Android
[169 of 756] Compiling Types.UUID
[170 of 756] Compiling Types.TrustLevel
[171 of 756] Compiling Types.RepoSize
[172 of 756] Compiling Types.RemoteState
[173 of 756] Compiling Types.NumCopies
[174 of 756] Compiling Types.FileMatcher
[175 of 756] Compiling Types.Cluster
[176 of 756] Compiling Types.CleanupActions
[177 of 756] Compiling Types.TransferrerPool
[178 of 756] Compiling Types.ScheduledActivity
[179 of 756] Compiling Types.RefSpec
[180 of 756] Compiling Types.MetaData
[181 of 756] Compiling Annex.MetaData.StandardFields
[182 of 756] Compiling Logs.Line
[183 of 756] Compiling Key
[184 of 756] Compiling Annex.Balanced
[185 of 756] Compiling Types.Group
[186 of 756] Compiling Git.Url
[187 of 756] Compiling Git.Ssh
[188 of 756] Compiling Git.Sha
[189 of 756] Compiling Git.Quote
[190 of 756] Compiling Git.LockFile
[191 of 756] Compiling Git.FilterProcess
[192 of 756] Compiling Git
[193 of 756] Compiling Types.View
[194 of 756] Compiling Types.BranchState
[195 of 756] Compiling P2P.Http.Url
[196 of 756] Compiling Git.Objects
[197 of 756] Compiling Git.Index
[198 of 756] Compiling Git.Hook
[199 of 756] Compiling Git.FilePath
[200 of 756] Compiling Types.Export
[201 of 756] Compiling Types.Import
[202 of 756] Compiling Database.Types
[203 of 756] Compiling Git.DiffTreeItem
[204 of 756] Compiling Database.Keys.SQL
[205 of 756] Compiling Git.Env
[206 of 756] Compiling Git.Command
[207 of 756] Compiling Git.UpdateIndex
[208 of 756] Compiling Git.Status
[209 of 756] Compiling Git.Remote.Remove
[210 of 756] Compiling Git.Remote
[211 of 756] Compiling Git.RefLog
[212 of 756] Compiling Git.Ref
[213 of 756] Compiling Git.Queue
[214 of 756] Compiling Git.LsTree
[215 of 756] Compiling Git.Tree
[216 of 756] Compiling Git.LsFiles
[217 of 756] Compiling Git.Log
[218 of 756] Compiling Git.History
[219 of 756] Compiling Git.HashObject
[220 of 756] Compiling Git.Fsck
[221 of 756] Compiling Git.DiffTree
[222 of 756] Compiling Git.Command.Batch
[223 of 756] Compiling Git.CheckIgnore
[224 of 756] Compiling Git.CheckAttr
[225 of 756] Compiling Git.CatFile
[226 of 756] Compiling Types.CatFileHandles
[227 of 756] Compiling Git.UnionMerge
[228 of 756] Compiling Git.Bundle
[229 of 756] Compiling Annex.AdjustedBranch.Name
[230 of 756] Compiling Config.DynamicConfig
[231 of 756] Compiling Annex.Magic
[232 of 756] Compiling Utility.OSX
[233 of 756] Compiling Utility.FreeDesktop
[234 of 756] Compiling Config.Files
[235 of 756] Compiling Config.Files.AutoStart
[236 of 756] Compiling Assistant.Install.Menu
[237 of 756] Compiling Assistant.Install.AutoStart
[238 of 756] Compiling Build.DesktopFile
[239 of 756] Compiling Git.Construct
[240 of 756] Compiling Git.Config
[241 of 756] Compiling Types.StallDetection
[242 of 756] Compiling Types.Distribution
[243 of 756] Compiling Types.Difference
[244 of 756] Compiling Git.GCrypt
[245 of 756] Compiling Git.CurrentRepo
[246 of 756] Compiling Git.Credential
[247 of 756] Compiling Git.ConfigTypes
[248 of 756] Compiling Git.Branch
[249 of 756] Compiling Types.GitConfig
[250 of 756] Compiling Types.Remote
[251 of 756] Compiling Annex.DirHashes
[252 of 756] Compiling Annex.Debug.Utility
[253 of 756] Compiling Git.Repair
[254 of 756] Compiling Git.Merge
[255 of 756] Compiling Git.AutoCorrect
[256 of 756] Compiling Annex.Fixup
[257 of 756] Compiling Annex.Locations
[258 of 756] Compiling Annex
[259 of 756] Compiling Types.DeferredParse
[260 of 756] Compiling Types
[261 of 756] Compiling Types.Transfer
[262 of 756] Compiling Types.ActionItem
[263 of 756] Compiling Types.Command
[264 of 756] Compiling Types.Test
[265 of 756] Compiling Types.Benchmark
[266 of 756] Compiling Messages.JSON
[267 of 756] Compiling Remote.WebDAV.DavLocation
[268 of 756] Compiling Remote.Rsync.RsyncUrl
[269 of 756] Compiling Assistant.Types.RepoProblem
[270 of 756] Compiling Annex.SpecialRemote.Config
[271 of 756] Compiling Types.StandardGroups
[272 of 756] Compiling Annex.GitShaKey
[273 of 756] Compiling Messages.Concurrent
[274 of 756] Compiling Messages.Internal
[275 of 756] Compiling CmdLine.AnnexSetter
[276 of 756] Compiling Annex.Debug
[277 of 756] Compiling CmdLine.Option
[278 of 756] Compiling Annex.Concurrent.Utility
[279 of 756] Compiling Messages
[280 of 756] Compiling Messages.Progress
[281 of 756] Compiling Messages.Serialized
[282 of 756] Compiling Annex.Common
[283 of 756] Compiling Upgrade.V4
[284 of 756] Compiling Upgrade.V3
[285 of 756] Compiling Types.Transferrer
[286 of 756] Compiling Types.StoreRetrieve
[287 of 756] Compiling Remote.Helper.ReadOnly
[288 of 756] Compiling Remote.Helper.Path
[289 of 756] Compiling Remote.Helper.Messages
[290 of 756] Compiling Remote.External.Types
[291 of 756] Compiling Remote.External.AsyncExtension
[292 of 756] Compiling Logs
[293 of 756] Compiling Crypto
[294 of 756] Compiling Remote.Helper.ThirdPartyPopulated
[295 of 756] Compiling Remote.Helper.Encryptable
[296 of 756] Compiling Config
[297 of 756] Compiling Annex.LockPool.PosixOrPid
[298 of 756] Compiling Annex.LockPool
[299 of 756] Compiling CmdLine.Usage
[300 of 756] Compiling CmdLine.GitAnnexShell.Fields
[301 of 756] Compiling Backend.Utilities
[302 of 756] Compiling Backend.WORM
[303 of 756] Compiling Backend.Hash
[304 of 756] Compiling Backend.GitRemoteAnnex
[305 of 756] Compiling Assistant.Types.TransferQueue
[306 of 756] Compiling Assistant.Types.ThreadedMonad
[307 of 756] Compiling Assistant.Types.ScanRemotes
[308 of 756] Compiling Assistant.Types.Pushes
[309 of 756] Compiling Assistant.Ssh
[310 of 756] Compiling Assistant.Alert.Utility
[311 of 756] Compiling Annex.WorkerPool
[312 of 756] Compiling Annex.View.ViewedFile
[313 of 756] Compiling Annex.Version
[314 of 756] Compiling Config.Smudge
[315 of 756] Compiling Upgrade.V8
[316 of 756] Compiling Annex.VectorClock
[317 of 756] Compiling Logs.SingleValue.Pure
[318 of 756] Compiling Logs.MetaData.Pure
[319 of 756] Compiling Logs.Presence.Pure
[320 of 756] Compiling Logs.MapLog
[321 of 756] Compiling Logs.UUIDBased
[322 of 756] Compiling Logs.Trust.Pure
[323 of 756] Compiling Logs.Remote.Pure
[324 of 756] Compiling Logs.Difference.Pure
[325 of 756] Compiling Logs.ContentIdentifier.Pure
[326 of 756] Compiling Logs.Chunk.Pure
[327 of 756] Compiling Logs.Export.Pure
[328 of 756] Compiling Annex.VariantFile
[329 of 756] Compiling Annex.UUID
[330 of 756] Compiling Remote.List.Util
[331 of 756] Compiling Annex.StallDetection
[332 of 756] Compiling Annex.SafeDropProof
[333 of 756] Compiling Annex.Notification
[334 of 756] Compiling Annex.Hook
[335 of 756] Compiling Upgrade.V6
[336 of 756] Compiling Annex.Url
[337 of 756] Compiling Annex.Perms
[338 of 756] Compiling Database.Init
[339 of 756] Compiling Database.Benchmark
[340 of 756] Compiling Creds
[341 of 756] Compiling Remote.Helper.AWS
[342 of 756] Compiling P2P.Address
[343 of 756] Compiling P2P.Auth
[344 of 756] Compiling Annex.LockFile
[345 of 756] Compiling Remote.Helper.Hooks
[346 of 756] Compiling Database.RepoSize
[347 of 756] Compiling Database.Fsck
[348 of 756] Compiling Annex.Tmp
[349 of 756] Compiling Annex.ReplaceFile
[350 of 756] Compiling Logs.File
[351 of 756] Compiling Logs.View
[352 of 756] Compiling Logs.Upgrade
[353 of 756] Compiling Logs.Unused
[354 of 756] Compiling Logs.Transfer
[355 of 756] Compiling Logs.Smudge
[356 of 756] Compiling Logs.Restage
[357 of 756] Compiling Logs.Import
[358 of 756] Compiling Logs.FsckResults
[359 of 756] Compiling Logs.AdjustedBranchUpdate
[360 of 756] Compiling Annex.RepoSize.LiveUpdate
[361 of 756] Compiling Annex.Queue
[362 of 756] Compiling Annex.InodeSentinal
[363 of 756] Compiling Upgrade.V5.Direct
[364 of 756] Compiling Annex.HashObject
[365 of 756] Compiling Annex.GitOverlay
[366 of 756] Compiling Annex.PidLock
[367 of 756] Compiling Annex.Path
[368 of 756] Compiling Annex.Ssh
[369 of 756] Compiling Annex.Multicast
[370 of 756] Compiling Annex.Link
[371 of 756] Compiling Annex.TransferrerPool
[372 of 756] Compiling Annex.ExternalAddonProcess
[373 of 756] Compiling Backend.External
[374 of 756] Compiling Annex.CurrentBranch
[375 of 756] Compiling Annex.CopyFile
[376 of 756] Compiling Annex.Content.LowLevel
[377 of 756] Compiling Annex.Content.PointerFile
[378 of 756] Compiling Annex.ChangedRefs
[379 of 756] Compiling RemoteDaemon.Types
[380 of 756] Compiling Assistant.Types.RemoteControl
[381 of 756] Compiling RemoteDaemon.Transport.Ssh.Types
[382 of 756] Compiling P2P.Protocol
[383 of 756] Compiling P2P.Http.Types
[384 of 756] Compiling P2P.Http
[385 of 756] Compiling P2P.IO
[386 of 756] Compiling Annex.CheckIgnore
[387 of 756] Compiling Annex.CheckAttr
[388 of 756] Compiling Annex.CatFile
[389 of 756] Compiling RemoteDaemon.Common
[390 of 756] Compiling Logs.Transitions
[391 of 756] Compiling Annex.Branch.Transitions
[392 of 756] Compiling Annex.RemoteTrackingBranch
[393 of 756] Compiling Annex.Export
[394 of 756] Compiling Annex.Concurrent
[395 of 756] Compiling P2P.Http.Client
[396 of 756] Compiling Annex.BranchState
[397 of 756] Compiling Annex.Journal
[398 of 756] Compiling Annex.Branch
[399 of 756] Compiling Logs.UUID
[400 of 756] Compiling Logs.Trust.Basic
[401 of 756] Compiling Logs.SingleValue
[402 of 756] Compiling Logs.Schedule
[403 of 756] Compiling Logs.RemoteState
[404 of 756] Compiling Logs.Remote
[405 of 756] Compiling Logs.Proxy
[406 of 756] Compiling Remote.Helper.Git
[407 of 756] Compiling Logs.Presence
[408 of 756] Compiling Logs.PreferredContent.Raw
[409 of 756] Compiling Logs.NumCopies
[410 of 756] Compiling Logs.Multicast
[411 of 756] Compiling Logs.Migrate
[412 of 756] Compiling Logs.MetaData
[413 of 756] Compiling Annex.MetaData
[414 of 756] Compiling Logs.MaxSize
[415 of 756] Compiling Logs.Location
[416 of 756] Compiling Logs.Web
[417 of 756] Compiling Logs.Group
[418 of 756] Compiling Logs.Export
[419 of 756] Compiling Database.Export
[420 of 756] Compiling Logs.EquivilantKeys
[421 of 756] Compiling Backend.VURL.Utilities
[422 of 756] Compiling Backend.URL
[423 of 756] Compiling Backend.Variety
[424 of 756] Compiling Backend.VURL
[425 of 756] Compiling Backend
[426 of 756] Compiling Annex.Verify
[427 of 756] Compiling Annex.Content.Presence.LowLevel
[428 of 756] Compiling Database.Keys
[429 of 756] Compiling Upgrade.V7
[430 of 756] Compiling Annex.WorkTree
[431 of 756] Compiling Annex.Content.Presence
[432 of 756] Compiling Logs.Difference
[433 of 756] Compiling Annex.Difference
[434 of 756] Compiling Logs.ContentIdentifier
[435 of 756] Compiling Logs.Config
[436 of 756] Compiling Config.GitConfig
[437 of 756] Compiling Logs.Cluster.Basic
[438 of 756] Compiling Logs.Chunk
[439 of 756] Compiling Remote.Helper.Chunked
[440 of 756] Compiling Remote.Helper.Chunked.Legacy
[441 of 756] Compiling Logs.Activity
[442 of 756] Compiling Database.ImportFeed
[443 of 756] Compiling Database.ContentIdentifier
[444 of 756] Compiling Annex.RepoSize
[445 of 756] Compiling Annex.BloomFilter
[446 of 756] Compiling Annex.AdjustedBranch
[447 of 756] Compiling Annex.UpdateInstead
[448 of 756] Compiling Annex.Content
[449 of 756] Compiling Upgrade.V9
[450 of 756] Compiling Upgrade.V5
[451 of 756] Compiling Upgrade.V2
[452 of 756] Compiling Upgrade.V1
[453 of 756] Compiling Upgrade.V0
[454 of 756] Compiling Upgrade
[455 of 756] Compiling Remote.Helper.Special
[456 of 756] Compiling Remote.Helper.Http
[457 of 756] Compiling Remote.Directory.LegacyChunked
[458 of 756] Compiling Remote.Helper.P2P
[459 of 756] Compiling Remote.Helper.ExportImport
[460 of 756] Compiling Remote.WebDAV
[461 of 756] Compiling Remote.Tahoe
[462 of 756] Compiling Remote.S3
[463 of 756] Compiling Remote.Rsync
[464 of 756] Compiling Remote.HttpAlso
[465 of 756] Compiling Remote.Hook
[466 of 756] Compiling Remote.Glacier
[467 of 756] Compiling Remote.Ddar
[468 of 756] Compiling Remote.Borg
[469 of 756] Compiling Remote.BitTorrent
[470 of 756] Compiling Remote.Adb
[471 of 756] Compiling Remote.External
[472 of 756] Compiling Remote.Rclone
[473 of 756] Compiling Remote.Directory
[474 of 756] Compiling Annex.YoutubeDl
[475 of 756] Compiling Remote.Web
[476 of 756] Compiling Annex.AutoMerge
[477 of 756] Compiling Annex.AdjustedBranch.Merge
[478 of 756] Compiling Annex.Action
[479 of 756] Compiling CmdLine.GitRemoteTorAnnex
[480 of 756] Compiling Annex.Transfer
[481 of 756] Compiling Remote.Compute
[482 of 756] Compiling P2P.Annex
[483 of 756] Compiling RemoteDaemon.Transport.Tor
[484 of 756] Compiling Remote.P2P
[485 of 756] Compiling Remote.Helper.Ssh
[486 of 756] Compiling RemoteDaemon.Transport.Ssh
[487 of 756] Compiling Remote.GCrypt
[488 of 756] Compiling RemoteDaemon.Transport.GCrypt
[489 of 756] Compiling RemoteDaemon.Transport
[490 of 756] Compiling RemoteDaemon.Core
[491 of 756] Compiling Remote.GitLFS
[492 of 756] Compiling Remote.Bup
[493 of 756] Compiling Assistant.Gpg
[494 of 756] Compiling Annex.Environment
[495 of 756] Compiling Annex.Init
[496 of 756] Compiling Remote.Git
[497 of 756] Compiling Remote.Mask
[498 of 756] Compiling Remote.List
[499 of 756] Compiling Logs.Trust
[500 of 756] Compiling Remote
[501 of 756] Compiling P2P.Proxy
[502 of 756] Compiling Assistant.WebApp.RepoId
[503 of 756] Compiling Annex.TaggedPush
[504 of 756] Compiling Logs.Cluster
[505 of 756] Compiling Annex.Startup
[506 of 756] Compiling Annex.NumCopies
[507 of 756] Compiling Limit
[508 of 756] Compiling Annex.FileMatcher
[509 of 756] Compiling Logs.PreferredContent
[510 of 756] Compiling Annex.Wanted
[511 of 756] Compiling Limit.Wanted
[512 of 756] Compiling Annex.Ingest
[513 of 756] Compiling Assistant.Types.Changes
[514 of 756] Compiling CmdLine.GitAnnex.Options
[515 of 756] Compiling CmdLine.Action
[516 of 756] Compiling CmdLine.Seek
[517 of 756] Compiling CmdLine.Batch
[518 of 756] Compiling Annex.View
[519 of 756] Compiling Annex.SpecialRemote
[520 of 756] Compiling Annex.Proxy
[521 of 756] Compiling Annex.Cluster
[522 of 756] Compiling P2P.Http.State
[523 of 756] Compiling P2P.Http.Server
[524 of 756] Compiling Command
[525 of 756] Compiling Command.WhereUsed
[526 of 756] Compiling Command.Wanted
[527 of 756] Compiling Command.View
[528 of 756] Compiling Command.Vicfg
[529 of 756] Compiling Command.Version
[530 of 756] Compiling Command.VPop
[531 of 756] Compiling Command.VFilter
[532 of 756] Compiling Command.VCycle
[533 of 756] Compiling Command.VAdd
[534 of 756] Compiling Command.Upgrade
[535 of 756] Compiling Command.UpdateProxy
[536 of 756] Compiling Command.UpdateCluster
[537 of 756] Compiling Command.Unused
[538 of 756] Compiling Command.Unlock
[539 of 756] Compiling Command.Ungroup
[540 of 756] Compiling Command.Undo
[541 of 756] Compiling Command.Unannex
[542 of 756] Compiling Command.Uninit
[543 of 756] Compiling Test.Framework
[544 of 756] Compiling Command.Trust
[545 of 756] Compiling Command.Untrust
[546 of 756] Compiling Command.Transferrer
[547 of 756] Compiling Command.TransferKeys
[548 of 756] Compiling Command.TransferKey
[549 of 756] Compiling Command.TestRemote
[550 of 756] Compiling Command.Test
[551 of 756] Compiling Command.Status
[552 of 756] Compiling Command.Smudge
[553 of 756] Compiling Command.SetPresentKey
[554 of 756] Compiling Command.SetKey
[555 of 756] Compiling Command.SendKey
[556 of 756] Compiling Command.Semitrust
[557 of 756] Compiling Command.Schedule
[558 of 756] Compiling Command.RmUrl
[559 of 756] Compiling Command.Restage
[560 of 756] Compiling Command.ResolveMerge
[561 of 756] Compiling Command.Required
[562 of 756] Compiling Command.Repair
[563 of 756] Compiling Command.RenameRemote
[564 of 756] Compiling Command.RemoteDaemon
[565 of 756] Compiling Command.Reinject
[566 of 756] Compiling Command.Reinit
[567 of 756] Compiling Command.RecvKey
[568 of 756] Compiling Command.ReadPresentKey
[569 of 756] Compiling Command.ReKey
[570 of 756] Compiling Command.Proxy
[571 of 756] Compiling Command.P2PHttp
[572 of 756] Compiling Command.P2P
[573 of 756] Compiling Command.OldKeys
[574 of 756] Compiling Command.NumCopies
[575 of 756] Compiling Command.NotifyChanges
[576 of 756] Compiling Command.Multicast
[577 of 756] Compiling Command.MinCopies
[578 of 756] Compiling Command.MetaData
[579 of 756] Compiling Command.MaxSize
[580 of 756] Compiling Command.MatchExpression
[581 of 756] Compiling Command.Map
[582 of 756] Compiling Command.LookupKey
[583 of 756] Compiling Command.Log
[584 of 756] Compiling Command.Lock
[585 of 756] Compiling Command.List
[586 of 756] Compiling Command.Inprogress
[587 of 756] Compiling Command.InitRemote
[588 of 756] Compiling Command.InitCluster
[589 of 756] Compiling Command.Init
[590 of 756] Compiling Command.Info
[591 of 756] Compiling Command.Indirect
[592 of 756] Compiling Command.InAnnex
[593 of 756] Compiling Command.GroupWanted
[594 of 756] Compiling Command.Group
[595 of 756] Compiling Command.GCryptSetup
[596 of 756] Compiling Command.FuzzTest
[597 of 756] Compiling Command.Fsck
[598 of 756] Compiling Command.Migrate
[599 of 756] Compiling Command.FromKey
[600 of 756] Compiling Command.ReregisterUrl
[601 of 756] Compiling Command.RegisterUrl
[602 of 756] Compiling Command.UnregisterUrl
[603 of 756] Compiling Command.Forget
[604 of 756] Compiling Command.Fix
[605 of 756] Compiling Command.PreCommit
[606 of 756] Compiling Command.Find
[607 of 756] Compiling Command.Whereis
[608 of 756] Compiling Command.FindRef
[609 of 756] Compiling Command.FindKeys
[610 of 756] Compiling Command.FindComputed
[611 of 756] Compiling Command.FilterProcess
[612 of 756] Compiling Command.FilterBranch
[613 of 756] Compiling Command.ExtendCluster
[614 of 756] Compiling Command.Export
[615 of 756] Compiling Command.Expire
[616 of 756] Compiling Command.ExamineKey
[617 of 756] Compiling Command.EnableTor
[618 of 756] Compiling Command.EnableRemote
[619 of 756] Compiling Command.DropKey
[620 of 756] Compiling Command.Drop
[621 of 756] Compiling Command.Move
[622 of 756] Compiling Command.Get
[623 of 756] Compiling Command.Mirror
[624 of 756] Compiling Command.DropUnused
[625 of 756] Compiling Command.Direct
[626 of 756] Compiling Command.DiffDriver
[627 of 756] Compiling Command.Describe
[628 of 756] Compiling Command.Dead
[629 of 756] Compiling Command.Copy
[630 of 756] Compiling Command.ContentLocation
[631 of 756] Compiling Command.ConfigRemote
[632 of 756] Compiling Command.Config
[633 of 756] Compiling Command.CheckPresentKey
[634 of 756] Compiling Command.CalcKey
[635 of 756] Compiling Command.Benchmark
[636 of 756] Compiling Command.Adjust
[637 of 756] Compiling Command.AddUnused
[638 of 756] Compiling Command.AddComputed
[639 of 756] Compiling Command.Recompute
[640 of 756] Compiling Command.Add
[641 of 756] Compiling Command.AddUrl
[642 of 756] Compiling Command.ImportFeed
[643 of 756] Compiling CmdLine
[644 of 756] Compiling Benchmark
[645 of 756] Compiling Annex.Import
[646 of 756] Compiling Command.Import
[647 of 756] Compiling Annex.Drop
[648 of 756] Compiling Command.Sync
[649 of 756] Compiling Command.Satisfy
[650 of 756] Compiling Command.Push
[651 of 756] Compiling Command.Pull
[652 of 756] Compiling Command.PostReceive
[653 of 756] Compiling Command.Merge
[654 of 756] Compiling Command.Help
[655 of 756] Compiling Command.Assist
[656 of 756] Compiling CmdLine.GitRemoteAnnex
[657 of 756] Compiling CmdLine.GitAnnexShell.Checks
[658 of 756] Compiling Command.P2PStdIO
[659 of 756] Compiling Command.ConfigList
[660 of 756] Compiling CmdLine.GitAnnexShell
[661 of 756] Compiling Annex.Sim
[662 of 756] Compiling Annex.Sim.File
[663 of 756] Compiling Command.Sim
[664 of 756] Compiling Utility.Verifiable
[665 of 756] Compiling Test
[666 of 756] Compiling Assistant.Pairing
[667 of 756] Compiling Assistant.Types.DaemonStatus
[668 of 756] Compiling Assistant.Monad
[669 of 756] Compiling Assistant.Types.NamedThread
[670 of 756] Compiling Assistant.Common
[671 of 756] Compiling Assistant.WebApp.Pairing
[672 of 756] Compiling Assistant.Unused
[673 of 756] Compiling Assistant.ScanRemotes
[674 of 756] Compiling Assistant.RepoProblem
[675 of 756] Compiling Assistant.RemoteControl
[676 of 756] Compiling Assistant.Pushes
[677 of 756] Compiling Assistant.MakeRemote
[678 of 756] Compiling Assistant.Install
[679 of 756] Compiling Assistant.DaemonStatus
[680 of 756] Compiling Assistant.TransferQueue
[681 of 756] Compiling Assistant.Threads.Glacier
[682 of 756] Compiling Assistant.Threads.DaemonStatus
[683 of 756] Compiling Assistant.Drop
[684 of 756] Compiling Assistant.CredPairCache
[685 of 756] Compiling Assistant.Commits
[686 of 756] Compiling Assistant.Threads.Exporter
[687 of 756] Compiling Assistant.Changes
[688 of 756] Compiling Assistant.BranchChange
[689 of 756] Compiling Assistant.Threads.ConfigMonitor
[690 of 756] Compiling Assistant.Pairing.Network
[691 of 756] Compiling Utility.WebApp
[692 of 756] Compiling Utility.Yesod
[693 of 756] Compiling Assistant.WebApp.Types
[694 of 756] Compiling Assistant.WebApp.Form
[695 of 756] Compiling Assistant.WebApp
[696 of 756] Compiling Assistant.WebApp.Notifications
[697 of 756] Compiling Assistant.WebApp.SideBar
[698 of 756] Compiling Assistant.WebApp.Page
[699 of 756] Compiling Assistant.WebApp.Common
[700 of 756] Compiling Assistant.WebApp.Documentation
[701 of 756] Compiling Assistant.WebApp.Configurators.Unused
[702 of 756] Compiling Assistant.MakeRepo
[703 of 756] Compiling Assistant.Types.UrlRenderer
[704 of 756] Compiling Assistant.Alert
[705 of 756] Compiling Assistant.TransferSlots
[706 of 756] Compiling Assistant.Threads.Transferrer
[707 of 756] Compiling Assistant.Threads.TransferWatcher
[708 of 756] Compiling Assistant.Threads.TransferPoller
[709 of 756] Compiling Assistant.Threads.Watcher
[710 of 756] Compiling Assistant.Threads.RemoteControl
[711 of 756] Compiling Assistant.Threads.Committer
[712 of 756] Compiling Assistant.NamedThread
[713 of 756] Compiling Assistant.Sync
[714 of 756] Compiling Assistant.WebApp.RepoList
[715 of 756] Compiling Assistant.WebApp.DashBoard
[716 of 756] Compiling Assistant.WebApp.Configurators
[717 of 756] Compiling Assistant.WebApp.MakeRemote
[718 of 756] Compiling Assistant.WebApp.Gpg
[719 of 756] Compiling Assistant.WebApp.Configurators.WebDAV
[720 of 756] Compiling Assistant.WebApp.Configurators.Ssh
[721 of 756] Compiling Assistant.WebApp.Configurators.AWS
[722 of 756] Compiling Assistant.WebApp.Configurators.IA
[723 of 756] Compiling Assistant.WebApp.Configurators.Edit
[724 of 756] Compiling Assistant.Threads.Pusher
[725 of 756] Compiling Assistant.Threads.NetWatcher
[726 of 756] Compiling Assistant.Threads.Merger
[727 of 756] Compiling Assistant.Repair
[728 of 756] Compiling Assistant.WebApp.Repair
[729 of 756] Compiling Assistant.Threads.ProblemFixer
[730 of 756] Compiling Assistant.Pairing.MakeRemote
[731 of 756] Compiling Assistant.WebApp.Configurators.Pairing
[732 of 756] Compiling Assistant.Threads.PairListener
[733 of 756] Compiling Assistant.Restart
[734 of 756] Compiling Assistant.WebApp.OtherRepos
[735 of 756] Compiling Assistant.WebApp.Control
[736 of 756] Compiling Assistant.WebApp.Configurators.Local
[737 of 756] Compiling Assistant.Upgrade
[738 of 756] Compiling Assistant.WebApp.Configurators.Upgrade
[739 of 756] Compiling Assistant.WebApp.Configurators.Preferences
[740 of 756] Compiling Assistant.Threads.Upgrader
[741 of 756] Compiling Assistant.Threads.UpgradeWatcher
[742 of 756] Compiling Assistant.Threads.SanityChecker
[743 of 756] Compiling Assistant.Fsck
[744 of 756] Compiling Assistant.WebApp.Configurators.Fsck
[745 of 756] Compiling Assistant.Threads.MountWatcher
[746 of 756] Compiling Assistant.Threads.Cronner
[747 of 756] Compiling Assistant.DeleteRemote
[748 of 756] Compiling Assistant.WebApp.Configurators.Delete
[749 of 756] Compiling Assistant.Threads.WebApp
[750 of 756] Compiling Assistant.Threads.TransferScanner
[751 of 756] Compiling Assistant
[752 of 756] Compiling Command.WebApp
[753 of 756] Compiling Command.Watch
[754 of 756] Compiling Command.Assistant
[755 of 756] Compiling CmdLine.GitAnnex
[756 of 756] Compiling Main
[757 of 757] Linking dist-newstyle/build/x86_64-linux/ghc-9.10.2/git-annex-10.20250416/build/git-annex/git-annex
