Resolving dependencies...
Build profile: -w ghc-9.6.5 -O1
In order, the following will be built (use -v for more details):
 - primitive-extras-0.10.2 (lib) (requires build)
 - stm-hamt-1.2.1 (lib) (requires download & build)
 - stm-containers-1.2.1 (lib) (requires download & build)
Downloading  stm-hamt-1.2.1
Starting     primitive-extras-0.10.2 (lib)
Downloaded   stm-hamt-1.2.1
Downloading  stm-containers-1.2.1
Building     primitive-extras-0.10.2 (lib)
Downloaded   stm-containers-1.2.1
Installing   primitive-extras-0.10.2 (lib)
Completed    primitive-extras-0.10.2 (lib)
Starting     stm-hamt-1.2.1 (lib)
Building     stm-hamt-1.2.1 (lib)
Installing   stm-hamt-1.2.1 (lib)
Completed    stm-hamt-1.2.1 (lib)
Starting     stm-containers-1.2.1 (lib)
Building     stm-containers-1.2.1 (lib)
Installing   stm-containers-1.2.1 (lib)
Completed    stm-containers-1.2.1 (lib)
