Resolving dependencies...
Build profile: -w ghc-9.10.2 -O1
In order, the following will be built (use -v for more details):
 - gogol-resourcemanager-1.0.0 (lib) (first run)
Configuring library for gogol-resourcemanager-1.0.0...
Preprocessing library for gogol-resourcemanager-1.0.0...
Building library for gogol-resourcemanager-1.0.0...
[ 1 of 61] Compiling Gogol.ResourceManager.Internal.Sum
[ 2 of 61] Compiling Gogol.ResourceManager.Internal.Product
[ 3 of 61] Compiling Gogol.ResourceManager.Types
[ 4 of 61] Compiling Gogol.ResourceManager.Cloudresourcemanager.TagValues.TestIamPermissions
[ 5 of 61] Compiling Gogol.ResourceManager.Cloudresourcemanager.TagValues.TagHolds.List
[ 6 of 61] Compiling Gogol.ResourceManager.Cloudresourcemanager.TagValues.TagHolds.Delete
[ 7 of 61] Compiling Gogol.ResourceManager.Cloudresourcemanager.TagValues.TagHolds.Create
[ 8 of 61] Compiling Gogol.ResourceManager.Cloudresourcemanager.TagValues.SetIamPolicy
[ 9 of 61] Compiling Gogol.ResourceManager.Cloudresourcemanager.TagValues.Patch
[10 of 61] Compiling Gogol.ResourceManager.Cloudresourcemanager.TagValues.List
[11 of 61] Compiling Gogol.ResourceManager.Cloudresourcemanager.TagValues.GetNamespaced
[12 of 61] Compiling Gogol.ResourceManager.Cloudresourcemanager.TagValues.GetIamPolicy
[13 of 61] Compiling Gogol.ResourceManager.Cloudresourcemanager.TagValues.Get
[14 of 61] Compiling Gogol.ResourceManager.Cloudresourcemanager.TagValues.Delete
[15 of 61] Compiling Gogol.ResourceManager.Cloudresourcemanager.TagValues.Create
[16 of 61] Compiling Gogol.ResourceManager.Cloudresourcemanager.TagKeys.TestIamPermissions
[17 of 61] Compiling Gogol.ResourceManager.Cloudresourcemanager.TagKeys.SetIamPolicy
[18 of 61] Compiling Gogol.ResourceManager.Cloudresourcemanager.TagKeys.Patch
[19 of 61] Compiling Gogol.ResourceManager.Cloudresourcemanager.TagKeys.List
[20 of 61] Compiling Gogol.ResourceManager.Cloudresourcemanager.TagKeys.GetNamespaced
[21 of 61] Compiling Gogol.ResourceManager.Cloudresourcemanager.TagKeys.GetIamPolicy
[22 of 61] Compiling Gogol.ResourceManager.Cloudresourcemanager.TagKeys.Get
[23 of 61] Compiling Gogol.ResourceManager.Cloudresourcemanager.TagKeys.Delete
[24 of 61] Compiling Gogol.ResourceManager.Cloudresourcemanager.TagKeys.Create
[25 of 61] Compiling Gogol.ResourceManager.Cloudresourcemanager.TagBindings.List
[26 of 61] Compiling Gogol.ResourceManager.Cloudresourcemanager.TagBindings.Delete
[27 of 61] Compiling Gogol.ResourceManager.Cloudresourcemanager.TagBindings.Create
[28 of 61] Compiling Gogol.ResourceManager.Cloudresourcemanager.Projects.Undelete
[29 of 61] Compiling Gogol.ResourceManager.Cloudresourcemanager.Projects.TestIamPermissions
[30 of 61] Compiling Gogol.ResourceManager.Cloudresourcemanager.Projects.SetIamPolicy
[31 of 61] Compiling Gogol.ResourceManager.Cloudresourcemanager.Projects.Search
[32 of 61] Compiling Gogol.ResourceManager.Cloudresourcemanager.Projects.Patch
[33 of 61] Compiling Gogol.ResourceManager.Cloudresourcemanager.Projects.Move
[34 of 61] Compiling Gogol.ResourceManager.Cloudresourcemanager.Projects.List
[35 of 61] Compiling Gogol.ResourceManager.Cloudresourcemanager.Projects.GetIamPolicy
[36 of 61] Compiling Gogol.ResourceManager.Cloudresourcemanager.Projects.Get
[37 of 61] Compiling Gogol.ResourceManager.Cloudresourcemanager.Projects.Delete
[38 of 61] Compiling Gogol.ResourceManager.Cloudresourcemanager.Projects.Create
[39 of 61] Compiling Gogol.ResourceManager.Cloudresourcemanager.Organizations.TestIamPermissions
[40 of 61] Compiling Gogol.ResourceManager.Cloudresourcemanager.Organizations.SetIamPolicy
[41 of 61] Compiling Gogol.ResourceManager.Cloudresourcemanager.Organizations.Search
[42 of 61] Compiling Gogol.ResourceManager.Cloudresourcemanager.Organizations.GetIamPolicy
[43 of 61] Compiling Gogol.ResourceManager.Cloudresourcemanager.Organizations.Get
[44 of 61] Compiling Gogol.ResourceManager.Cloudresourcemanager.Operations.Get
[45 of 61] Compiling Gogol.ResourceManager.Cloudresourcemanager.Liens.List
[46 of 61] Compiling Gogol.ResourceManager.Cloudresourcemanager.Liens.Get
[47 of 61] Compiling Gogol.ResourceManager.Cloudresourcemanager.Liens.Delete
[48 of 61] Compiling Gogol.ResourceManager.Cloudresourcemanager.Liens.Create
[49 of 61] Compiling Gogol.ResourceManager.Cloudresourcemanager.Folders.Undelete
[50 of 61] Compiling Gogol.ResourceManager.Cloudresourcemanager.Folders.TestIamPermissions
[51 of 61] Compiling Gogol.ResourceManager.Cloudresourcemanager.Folders.SetIamPolicy
[52 of 61] Compiling Gogol.ResourceManager.Cloudresourcemanager.Folders.Search
[53 of 61] Compiling Gogol.ResourceManager.Cloudresourcemanager.Folders.Patch
[54 of 61] Compiling Gogol.ResourceManager.Cloudresourcemanager.Folders.Move
[55 of 61] Compiling Gogol.ResourceManager.Cloudresourcemanager.Folders.List
[56 of 61] Compiling Gogol.ResourceManager.Cloudresourcemanager.Folders.GetIamPolicy
[57 of 61] Compiling Gogol.ResourceManager.Cloudresourcemanager.Folders.Get
[58 of 61] Compiling Gogol.ResourceManager.Cloudresourcemanager.Folders.Delete
[59 of 61] Compiling Gogol.ResourceManager.Cloudresourcemanager.Folders.Create
[60 of 61] Compiling Gogol.ResourceManager.Cloudresourcemanager.EffectiveTags.List
[61 of 61] Compiling Gogol.ResourceManager
