Resolving dependencies...
Build profile: -w ghc-9.10.2 -O1
In order, the following will be built (use -v for more details):
 - iproute-1.7.15 (lib) (first run)
 - iproute-1.7.15 (test:spec) (first run)
Configuring library for iproute-1.7.15...
Warning: [git-protocol] Cloning over git:// might lead to an arbitrary code
execution vulnerability. Furthermore, popular forges like GitHub do not
support it. Use https:// or ssh:// instead.
Preprocessing library for iproute-1.7.15...
Building library for iproute-1.7.15...
[1 of 9] Compiling Data.IP.Addr
Data/IP/Addr.hs:11:19: warning: [GHC-38856] [-Wunused-imports]
    The import of ‘foldl'’ from module ‘Data.List’ is redundant
   |
11 | import Data.List (foldl', intersperse)
   |                   ^^^^^^

Data/IP/Addr.hs:679:5: warning: [GHC-62161] [-Wincomplete-uni-patterns]
    Pattern match(es) are non-exhaustive
    In a pattern binding:
        Patterns of type ‘[Int]’ not matched:
            []
            [_]
            [_, _]
            [_, _, _]
            ...
    |
679 |     [i1, i2, i3, i4] = fromIPv4 ip
    |     ^^^^^^^^^^^^^^^^^^^^^^^^^^^^^^

[2 of 9] Compiling Data.IP.Builder
[3 of 9] Compiling Data.IP.Mask
[4 of 9] Compiling Data.IP.Range
[5 of 9] Compiling Data.IP.Op
Data/IP/Op.hs:103:5: warning: [GHC-62161] [-Wincomplete-uni-patterns]
    Pattern match(es) are non-exhaustive
    In a pattern binding:
        Patterns of type ‘[Int]’ not matched:
            []
            [_]
            [_, _]
            [_, _, _]
            ...
    |
103 |     [i1, i2, i3, i4] = fromIPv4 ip
    |     ^^^^^^^^^^^^^^^^^^^^^^^^^^^^^^

[6 of 9] Compiling Data.IP.Internal
[7 of 9] Compiling Data.IP
[8 of 9] Compiling Data.IP.RouteTable.Internal
Data/IP/RouteTable/Internal.hs:16:1: warning: [GHC-66111] [-Wunused-imports]
    The import of ‘Data.Foldable’ is redundant
      except perhaps to import instances from ‘Data.Foldable’
    To import instances alone, use: import Data.Foldable()
   |
16 | import Data.Foldable (Foldable (..))
   | ^^^^^^^^^^^^^^^^^^^^^^^^^^^^^^^^^^^^

[9 of 9] Compiling Data.IP.RouteTable
Configuring test suite 'spec' for iproute-1.7.15...
Warning: [git-protocol] Cloning over git:// might lead to an arbitrary code
execution vulnerability. Furthermore, popular forges like GitHub do not
support it. Use https:// or ssh:// instead.
Preprocessing test suite 'spec' for iproute-1.7.15...
Building test suite 'spec' for iproute-1.7.15...
[1 of 4] Compiling BuilderSpec
[2 of 4] Compiling RouteTableSpec
test/RouteTableSpec.hs:17:1: warning: [GHC-66111] [-Wunused-imports]
    The import of ‘Data.Monoid’ is redundant
      except perhaps to import instances from ‘Data.Monoid’
    To import instances alone, use: import Data.Monoid()
   |
17 | import Data.Monoid ((<>))
   | ^^^^^^^^^^^^^^^^^^^^^^^^^

[3 of 4] Compiling IPSpec
[4 of 4] Compiling Main
[5 of 5] Linking dist-newstyle/build/x86_64-linux/ghc-9.10.2/iproute-1.7.15/t/spec/build/spec/spec
