Resolving dependencies...
Build profile: -w ghc-9.10.2 -O1
In order, the following will be built (use -v for more details):
 - perfect-hash-generator-1.0.0 (lib) (first run)
 - perfect-hash-generator-1.0.0 (test:regression-tests) (first run)
 - perfect-hash-generator-1.0.0 (exe:hash-perfectly-strings-demo) (first run)
 - perfect-hash-generator-1.0.0 (exe:hash-perfectly-ints-demo) (first run)
Configuring library for perfect-hash-generator-1.0.0...
Preprocessing library for perfect-hash-generator-1.0.0...
Building library for perfect-hash-generator-1.0.0...
[1 of 5] Compiling Data.PerfectHash.Types.Nonces
[2 of 5] Compiling Data.PerfectHash.Hashing
src/Data/PerfectHash/Hashing.hs:18:1: warning: [GHC-66111] [-Wunused-imports]
    The import of ‘Data.Foldable’ is redundant
      except perhaps to import instances from ‘Data.Foldable’
    To import instances alone, use: import Data.Foldable()
   |
18 | import           Data.Foldable        (foldl')
   | ^^^^^^^^^^^^^^^^^^^^^^^^^^^^^^^^^^^^^^^^^^^^^^

[3 of 5] Compiling Data.PerfectHash.Lookup
[4 of 5] Compiling Data.PerfectHash.Construction
src/Data/PerfectHash/Construction.hs:37:1: warning: [GHC-66111] [-Wunused-imports]
    The import of ‘Data.Foldable’ is redundant
      except perhaps to import instances from ‘Data.Foldable’
    To import instances alone, use: import Data.Foldable()
   |
37 | import           Data.Foldable            (foldl')
   | ^^^^^^^^^^^^^^^^^^^^^^^^^^^^^^^^^^^^^^^^^^^^^^^^^^

[5 of 5] Compiling Paths_perfect_hash_generator
Configuring test suite 'regression-tests' for perfect-hash-generator-1.0.0...
Preprocessing test suite 'regression-tests' for perfect-hash-generator-1.0.0...
Building test suite 'regression-tests' for perfect-hash-generator-1.0.0...
[1 of 3] Compiling Exercise
[2 of 3] Compiling Main
[3 of 3] Compiling Paths_perfect_hash_generator
[4 of 4] Linking dist-newstyle/build/x86_64-linux/ghc-9.10.2/perfect-hash-generator-1.0.0/t/regression-tests/build/regression-tests/regression-tests
Configuring executable 'hash-perfectly-strings-demo' for perfect-hash-generator-1.0.0...
Preprocessing executable 'hash-perfectly-strings-demo' for perfect-hash-generator-1.0.0...
Building executable 'hash-perfectly-strings-demo' for perfect-hash-generator-1.0.0...
[1 of 3] Compiling Exercise
[2 of 3] Compiling Main
[3 of 3] Compiling Paths_perfect_hash_generator
[4 of 4] Linking dist-newstyle/build/x86_64-linux/ghc-9.10.2/perfect-hash-generator-1.0.0/x/hash-perfectly-strings-demo/build/hash-perfectly-strings-demo/hash-perfectly-strings-demo
Configuring executable 'hash-perfectly-ints-demo' for perfect-hash-generator-1.0.0...
Preprocessing executable 'hash-perfectly-ints-demo' for perfect-hash-generator-1.0.0...
Building executable 'hash-perfectly-ints-demo' for perfect-hash-generator-1.0.0...
[1 of 3] Compiling Exercise
[2 of 3] Compiling Main
[3 of 3] Compiling Paths_perfect_hash_generator
[4 of 4] Linking dist-newstyle/build/x86_64-linux/ghc-9.10.2/perfect-hash-generator-1.0.0/x/hash-perfectly-ints-demo/build/hash-perfectly-ints-demo/hash-perfectly-ints-demo
