Resolving dependencies...
Build profile: -w ghc-9.10.2 -O1
In order, the following will be built (use -v for more details):
 - repa-3.4.2.0 (lib) (first run)
Configuring library for repa-3.4.2.0...
Preprocessing library for repa-3.4.2.0...
Building library for repa-3.4.2.0...
[ 1 of 39] Compiling Data.Array.Repa.Eval.Elt
[ 2 of 39] Compiling Data.Array.Repa.Eval.Gang
[ 3 of 39] Compiling Data.Array.Repa.Eval.Interleaved
[ 4 of 39] Compiling Data.Array.Repa.Eval.Reduction
[ 5 of 39] Compiling Data.Array.Repa.Shape
[ 6 of 39] Compiling Data.Array.Repa.Index
[ 7 of 39] Compiling Data.Array.Repa.Eval.Chunked
[ 8 of 39] Compiling Data.Array.Repa.Eval.Selection
[ 9 of 39] Compiling Data.Array.Repa.Eval.Cursored
[10 of 39] Compiling Data.Array.Repa.Base
[11 of 39] Compiling Data.Array.Repa.Eval.Target
[12 of 39] Compiling Data.Array.Repa.Eval.Load
[13 of 39] Compiling Data.Array.Repa.Repr.HintSmall
[14 of 39] Compiling Data.Array.Repa.Repr.Delayed
[15 of 39] Compiling Data.Array.Repa.Repr.HintInterleave
[16 of 39] Compiling Data.Array.Repa.Repr.ForeignPtr
[17 of 39] Compiling Data.Array.Repa.Repr.ByteString
[18 of 39] Compiling Data.Array.Repa.Operators.Traversal
[19 of 39] Compiling Data.Array.Repa.Operators.Interleave
[20 of 39] Compiling Data.Array.Repa.Eval
[21 of 39] Compiling Data.Array.Repa.Repr.Vector
[22 of 39] Compiling Data.Array.Repa.Repr.Undefined
[23 of 39] Compiling Data.Array.Repa.Repr.Cursored
[24 of 39] Compiling Data.Array.Repa.Repr.Unboxed
[25 of 39] Compiling Data.Array.Repa.Operators.Selection
[26 of 39] Compiling Data.Array.Repa.Repr.Partitioned
[27 of 39] Compiling Data.Array.Repa.Operators.Mapping
[28 of 39] Compiling Data.Array.Repa.Operators.Reduction
[29 of 39] Compiling Data.Array.Repa.Arbitrary
[30 of 39] Compiling Data.Array.Repa.Slice
[31 of 39] Compiling Data.Array.Repa.Operators.IndexSpace
[32 of 39] Compiling Data.Array.Repa
[33 of 39] Compiling Data.Array.Repa.Specialised.Dim2
[34 of 39] Compiling Data.Array.Repa.Stencil.Base
[35 of 39] Compiling Data.Array.Repa.Stencil
[36 of 39] Compiling Data.Array.Repa.Stencil.Partition
[37 of 39] Compiling Data.Array.Repa.Stencil.Template
Data/Array/Repa/Stencil/Template.hs:50:9: warning: [GHC-62161] [-Wincomplete-uni-patterns]
    Pattern match(es) are non-exhaustive
    In a pattern binding: Patterns of type ‘[String]’ not matched: []
   |
50 |         line1 : _       = lines str
   |         ^^^^^^^^^^^^^^^^^^^^^^^^^^^

[38 of 39] Compiling Data.Array.Repa.Stencil.Dim2
Data/Array/Repa/Stencil/Dim2.hs:70:9: warning: [GHC-62161] [-Wincomplete-uni-patterns]
    Pattern match(es) are non-exhaustive
    In a pattern binding:
        Patterns of type ‘[Region]’ not matched:
            []
            [(Region _ _ _ _)]
            [(Region _ _ _ _), (Region _ _ _ _)]
            [(Region _ _ _ _), (Region _ _ _ _), (Region _ _ _ _)]
            ...
   |
70 |  = let  sh                       = extent arr
   |         ^^^^^^^^^^^^^^^^^^^^^^^^^^^^^^^^^^^^^...

[39 of 39] Compiling Data.Array.Repa.Unsafe
