Resolving dependencies...
Build profile: -w ghc-9.10.2 -O1
In order, the following will be built (use -v for more details):
 - ghc-lib-9.12.2.20250421 (lib) (first run)
Configuring library for ghc-lib-9.12.2.20250421...
Preprocessing library for ghc-lib-9.12.2.20250421...
Building library for ghc-lib-9.12.2.20250421...
[  1 of 427] Compiling GHC.Builtin.Names.TH
[  2 of 427] Compiling GHC.Builtin.Utils
[  3 of 427] Compiling GHC.Cmm.CallConv
[  4 of 427] Compiling GHC.Cmm.Config
[  5 of 427] Compiling GHC.Cmm.ContFlowOpt
[  6 of 427] Compiling GHC.Cmm.CommonBlockElim
[  7 of 427] Compiling GHC.Cmm.Dataflow
[  8 of 427] Compiling GHC.Cmm.DebugBlock
[  9 of 427] Compiling GHC.Cmm.Graph
[ 10 of 427] Compiling GHC.Cmm.InitFini
[ 11 of 427] Compiling GHC.Cmm.LRegSet
[ 12 of 427] Compiling GHC.Cmm.Liveness
[ 13 of 427] Compiling GHC.Cmm.Lint
[ 14 of 427] Compiling GHC.Cmm.Opt
[ 15 of 427] Compiling GHC.Cmm.Parser.Config
[ 16 of 427] Compiling GHC.Cmm.Parser.Monad
[ 17 of 427] Compiling GHC.Cmm.Lexer
[ 18 of 427] Compiling GHC.Cmm.Sink
[ 19 of 427] Compiling GHC.Cmm.Switch.Implement
[ 20 of 427] Compiling GHC.Cmm.ThreadSanitizer
[ 21 of 427] Compiling GHC.Cmm.UniqueRenamer
[ 22 of 427] Compiling GHC.CmmToAsm.AArch64.Cond
[ 23 of 427] Compiling GHC.CmmToAsm.CFG.Dominators
[ 24 of 427] Compiling GHC.Cmm.Dominators
[ 25 of 427] Compiling GHC.CmmToAsm.CPrim
[ 26 of 427] Compiling GHC.CmmToAsm.Config
[ 27 of 427] Compiling GHC.CmmToAsm.Format
[ 28 of 427] Compiling GHC.CmmToAsm.AArch64.Regs
[ 29 of 427] Compiling GHC.CmmToAsm.Instr
[ 30 of 427] Compiling GHC.CmmToAsm.PPC.Cond
[ 31 of 427] Compiling GHC.CmmToAsm.PPC.Regs
[ 32 of 427] Compiling GHC.CmmToAsm.RV64.Cond
[ 33 of 427] Compiling GHC.CmmToAsm.RV64.Regs
[ 34 of 427] Compiling GHC.CmmToAsm.Reg.Linear.AArch64
[ 35 of 427] Compiling GHC.CmmToAsm.Reg.Linear.PPC
[ 36 of 427] Compiling GHC.CmmToAsm.Reg.Linear.RV64
[ 37 of 427] Compiling GHC.CmmToAsm.Reg.Linear.StackMap
[ 38 of 427] Compiling GHC.CmmToAsm.Reg.Utils
[ 39 of 427] Compiling GHC.CmmToAsm.Types
[ 40 of 427] Compiling GHC.CmmToAsm.Utils
[ 41 of 427] Compiling GHC.CmmToAsm.RV64.Instr
[ 42 of 427] Compiling GHC.CmmToAsm.RV64.RegInfo
[ 43 of 427] Compiling GHC.CmmToAsm.Wasm.Types
[ 44 of 427] Compiling GHC.CmmToAsm.Wasm.Utils
[ 45 of 427] Compiling GHC.CmmToAsm.X86.Cond
[ 46 of 427] Compiling GHC.CmmToAsm.X86.Regs
[ 47 of 427] Compiling GHC.CmmToAsm.X86.RegInfo
[ 48 of 427] Compiling GHC.CmmToAsm.Reg.Target
[ 49 of 427] Compiling GHC.CmmToAsm.X86.Instr
[ 50 of 427] Compiling GHC.CmmToAsm.AArch64.Instr
[ 51 of 427] Compiling GHC.CmmToAsm.AArch64.RegInfo
[ 52 of 427] Compiling GHC.CmmToAsm.Reg.Linear.X86_64
[ 53 of 427] Compiling GHC.CmmToAsm.Reg.Linear.X86
[ 54 of 427] Compiling GHC.CmmToC
[ 55 of 427] Compiling GHC.CmmToLlvm.Mangler
[ 56 of 427] Compiling GHC.Core.LateCC.Types
[ 57 of 427] Compiling GHC.Core.LateCC.Utils
[ 58 of 427] Compiling GHC.Core.LateCC.TopLevelBinds
[ 59 of 427] Compiling GHC.Core.LateCC.OverloadedCalls
[ 60 of 427] Compiling GHC.Core.LateCC
[ 61 of 427] Compiling GHC.Core.Opt.CSE
[ 62 of 427] Compiling GHC.Core.Opt.CallArity
[ 63 of 427] Compiling GHC.Core.Opt.Exitify
[ 64 of 427] Compiling GHC.Core.Opt.FloatIn
[ 65 of 427] Compiling GHC.Core.Opt.LiberateCase
[ 66 of 427] Compiling GHC.Core.Opt.SetLevels
[ 67 of 427] Compiling GHC.Core.Opt.FloatOut
[ 68 of 427] Compiling GHC.Core.Opt.StaticArgs
[ 69 of 427] Compiling GHC.Core.TyCon.Set
[ 70 of 427] Compiling GHC.Core.Opt.WorkWrap.Utils
[ 71 of 427] Compiling GHC.Core.Opt.WorkWrap
[ 72 of 427] Compiling GHC.Core.Opt.SpecConstr
[ 73 of 427] Compiling GHC.CoreToStg.Prep
[ 74 of 427] Compiling GHC.Data.Bitmap
[ 75 of 427] Compiling GHC.Cmm.Info
[ 76 of 427] Compiling GHC.CmmToAsm.PPC.Instr
[ 77 of 427] Compiling GHC.CmmToAsm.Reg.Linear.FreeRegs
[ 78 of 427] Compiling GHC.CmmToAsm.PPC.RegInfo
[ 79 of 427] Compiling GHC.Cmm.ProcPoint
[ 80 of 427] Compiling GHC.Data.Graph.Base
[ 81 of 427] Compiling GHC.CmmToAsm.Reg.Graph.TrivColorable
[ 82 of 427] Compiling GHC.Data.Graph.Inductive.Graph
[ 83 of 427] Compiling GHC.Data.Graph.Collapse
[ 84 of 427] Compiling GHC.Data.Graph.Inductive.PatriciaTree
[ 85 of 427] Compiling GHC.Cmm.Reducibility
[ 86 of 427] Compiling GHC.Data.Graph.Ops
[ 87 of 427] Compiling GHC.Data.Graph.Ppr
[ 88 of 427] Compiling GHC.Data.Graph.Color
[ 89 of 427] Compiling GHC.Data.UnionFind
[ 90 of 427] Compiling GHC.CmmToAsm.CFG
[ 91 of 427] Compiling GHC.CmmToAsm.Reg.Liveness
[ 92 of 427] Compiling GHC.CmmToAsm.Reg.Linear.Base
[ 93 of 427] Compiling GHC.CmmToAsm.Reg.Linear.Stats
[ 94 of 427] Compiling GHC.CmmToAsm.Reg.Linear.State
[ 95 of 427] Compiling GHC.CmmToAsm.Reg.Linear.JoinToTargets
[ 96 of 427] Compiling GHC.CmmToAsm.Reg.Linear
[ 97 of 427] Compiling GHC.CmmToAsm.Reg.Graph.SpillClean
[ 98 of 427] Compiling GHC.CmmToAsm.Reg.Graph.Spill
[ 99 of 427] Compiling GHC.CmmToAsm.Reg.Graph.SpillCost
[100 of 427] Compiling GHC.CmmToAsm.Reg.Graph.Stats
[101 of 427] Compiling GHC.CmmToAsm.Reg.Graph
[102 of 427] Compiling GHC.CmmToAsm.Monad
[103 of 427] Compiling GHC.CmmToAsm.PIC
[104 of 427] Compiling GHC.CmmToAsm.RV64.CodeGen
[105 of 427] Compiling GHC.CmmToAsm.PPC.CodeGen
[106 of 427] Compiling GHC.Cmm.GenericOpt
[107 of 427] Compiling GHC.CmmToAsm.AArch64.CodeGen
[108 of 427] Compiling GHC.CmmToAsm.BlockLayout
[109 of 427] Compiling GHC.Driver.Config.Cmm
[110 of 427] Compiling GHC.Driver.Config.CmmToAsm
[111 of 427] Compiling GHC.Driver.Config.Core.Lint.Interactive
[112 of 427] Compiling GHC.Driver.Config.Core.Opt.Arity
[113 of 427] Compiling GHC.Driver.Config.Core.Opt.LiberateCase
[114 of 427] Compiling GHC.Driver.Config.Core.Opt.WorkWrap
[115 of 427] Compiling GHC.Driver.Config.Core.Rules
[116 of 427] Compiling GHC.Driver.Config.Core.Opt.Simplify
[117 of 427] Compiling GHC.Core.Opt.Specialise
[118 of 427] Compiling GHC.Driver.Config.CoreToStg.Prep
[119 of 427] Compiling GHC.Driver.Config.Finder
[120 of 427] Compiling GHC.Driver.Config.HsToCore
[121 of 427] Compiling GHC.Driver.Config.Linker
[122 of 427] Compiling GHC.Driver.Config.Stg.Ppr
[123 of 427] Compiling GHC.Driver.Config.StgToCmm
[124 of 427] Compiling GHC.Driver.Config.Cmm.Parser
[125 of 427] Compiling GHC.Driver.Config.StgToJS
[126 of 427] Compiling GHC.Driver.MakeSem
[127 of 427] Compiling GHC.Driver.Pipeline.LogQueue
[128 of 427] Compiling GHC.Hs.Stats
[129 of 427] Compiling GHC.Hs.Syn.Type
[130 of 427] Compiling GHC.HsToCore.Docs
[131 of 427] Compiling GHC.HsToCore.Foreign.Utils
[132 of 427] Compiling GHC.HsToCore.Ticks
[133 of 427] Compiling GHC.HsToCore.Coverage
[134 of 427] Compiling GHC.Driver.Config.HsToCore.Ticks
[135 of 427] Compiling GHC.HsToCore.Types
[136 of 427] Compiling GHC.Iface.Binary
[137 of 427] Compiling GHC.Iface.Errors
[138 of 427] Compiling GHC.Iface.Ext.Types
[139 of 427] Compiling GHC.Iface.Ext.Binary
[140 of 427] Compiling GHC.Iface.Ext.Utils
[141 of 427] Compiling GHC.Iface.Ext.Debug
[142 of 427] Compiling GHC.Iface.Recomp.Flags
[143 of 427] Compiling GHC.Iface.Tidy.StaticPtrTable
[144 of 427] Compiling GHC.Iface.Warnings
[145 of 427] Compiling GHC.JS.Opt.Expr
[146 of 427] Compiling GHC.JS.Opt.Simple
[147 of 427] Compiling GHC.JS.Optimizer
[148 of 427] Compiling GHC.Linker.Unit
[149 of 427] Compiling GHC.Parser.Utils
[150 of 427] Compiling GHC.Platform.Host
[151 of 427] Compiling GHC.Runtime.Interpreter.Process
[152 of 427] Compiling GHC.Runtime.Interpreter.Wasm
[153 of 427] Compiling GHC.Runtime.Utils
[154 of 427] Compiling GHC.Settings.IO
[155 of 427] Compiling GHC.Stg.BcPrep
[156 of 427] Compiling GHC.Stg.CSE
[157 of 427] Compiling GHC.Stg.Debug
[158 of 427] Compiling GHC.Driver.Config.Stg.Debug
[159 of 427] Compiling GHC.Stg.InferTags.Types
[160 of 427] Compiling GHC.Stg.Lift.Config
[161 of 427] Compiling GHC.Driver.Config.Stg.Lift
[162 of 427] Compiling GHC.Stg.Stats
[163 of 427] Compiling GHC.Stg.Subst
[164 of 427] Compiling GHC.Stg.Lift.Monad
[165 of 427] Compiling GHC.Stg.Utils
[166 of 427] Compiling GHC.Stg.Make
[167 of 427] Compiling GHC.Stg.Lint
[168 of 427] Compiling GHC.Stg.FVs
[169 of 427] Compiling GHC.CoreToStg
[170 of 427] Compiling GHC.Driver.Config.CoreToStg
[171 of 427] Compiling GHC.StgToCmm.Hpc
[172 of 427] Compiling GHC.StgToCmm.Sequel
[173 of 427] Compiling GHC.StgToCmm.Closure
[174 of 427] Compiling GHC.StgToCmm.Monad
[175 of 427] Compiling GHC.StgToCmm.InfoTableProv
[176 of 427] Compiling GHC.StgToCmm.ExtCode
[177 of 427] Compiling GHC.StgToCmm.Env
[178 of 427] Compiling GHC.StgToCmm.Lit
[179 of 427] Compiling GHC.StgToCmm.ArgRep
[180 of 427] Compiling GHC.Stg.InferTags.Rewrite
[181 of 427] Compiling GHC.Stg.InferTags
[182 of 427] Compiling GHC.StgToJS.ExprCtx
[183 of 427] Compiling GHC.StgToJS.Heap
[184 of 427] Compiling GHC.StgToJS.Linker.Opt
[185 of 427] Compiling GHC.StgToJS.Monad
[186 of 427] Compiling GHC.StgToJS.Regs
[187 of 427] Compiling GHC.StgToJS.Profiling
[188 of 427] Compiling GHC.StgToJS.Prim
[189 of 427] Compiling GHC.StgToJS.Rts.Types
[190 of 427] Compiling GHC.StgToJS.Utils
[191 of 427] Compiling GHC.StgToJS.Sinker
[192 of 427] Compiling GHC.StgToJS.Ids
[193 of 427] Compiling GHC.StgToJS.Stack
[194 of 427] Compiling GHC.StgToJS.Literal
[195 of 427] Compiling GHC.StgToJS.StaticPtr
[196 of 427] Compiling GHC.StgToJS.Linker.Utils
[197 of 427] Compiling GHC.StgToJS.Deps
[198 of 427] Compiling GHC.StgToJS.Closure
[199 of 427] Compiling GHC.StgToJS.DataCon
[200 of 427] Compiling GHC.StgToJS.Arg
[201 of 427] Compiling GHC.StgToJS.FFI
[202 of 427] Compiling GHC.StgToJS.Apply
[203 of 427] Compiling GHC.StgToJS.Rts.Rts
[204 of 427] Compiling GHC.StgToJS.Expr
[205 of 427] Compiling GHC.StgToJS.CodeGen
[206 of 427] Compiling GHC.StgToJS
[207 of 427] Compiling GHC.SysTools.Ar
[208 of 427] Compiling GHC.SysTools.Process
[209 of 427] Compiling GHC.Linker.External
[210 of 427] Compiling GHC.SysTools.Tasks
[211 of 427] Compiling GHC.SysTools
[212 of 427] Compiling GHC.SysTools.Cpp
[213 of 427] Compiling GHC.Linker.Windows
[214 of 427] Compiling GHC.Driver.Config.CmmToLlvm
[215 of 427] Compiling GHC.Tc.Instance.FunDeps
[216 of 427] Compiling GHC.Tc.Types.EvTerm
[217 of 427] Compiling GHC.Tc.Zonk.TcType
[218 of 427] Compiling GHC.Tc.Utils.Monad
[219 of 427] Compiling GHC.Rename.Unbound
[220 of 427] Compiling GHC.Rename.Doc
[221 of 427] Compiling GHC.Iface.Env[boot]
[222 of 427] Compiling GHC.Iface.Env
[223 of 427] Compiling GHC.Tc.TyCl.Build
[224 of 427] Compiling GHC.ThToHs
[225 of 427] Compiling GHC.Types.Name.Shape
[226 of 427] Compiling GHC.Types.Unique.MemoFun
[227 of 427] Compiling GHC.Core.Opt.DmdAnal
[228 of 427] Compiling GHC.Core.Opt.CprAnal
[229 of 427] Compiling GHC.Core.Opt.Pipeline
[230 of 427] Compiling GHC.Unit.Finder
[231 of 427] Compiling GHC.StgToJS.Linker.Linker
[232 of 427] Compiling GHC.Runtime.Interpreter.JS
[233 of 427] Compiling GHC.Runtime.Interpreter
[234 of 427] Compiling GHC.Linker.MacOS
[235 of 427] Compiling GHC.Linker.Dynamic
[236 of 427] Compiling GHC.HsToCore.Breakpoints
[237 of 427] Compiling GHC.ByteCode.Linker
[238 of 427] Compiling GHC.Linker.Deps
[239 of 427] Compiling GHC.Utils.Asm
[240 of 427] Compiling GHC.SysTools.Elf
[241 of 427] Compiling GHC.Linker.ExtraObj
[242 of 427] Compiling GHC.Linker.Static
[243 of 427] Compiling GHC.CmmToAsm.Ppr
[244 of 427] Compiling GHC.Llvm.Types
[245 of 427] Compiling GHC.Llvm.MetaData
[246 of 427] Compiling GHC.Llvm.Syntax
[247 of 427] Compiling GHC.Llvm.Ppr
[248 of 427] Compiling GHC.Llvm
[249 of 427] Compiling GHC.CmmToLlvm.Regs
[250 of 427] Compiling GHC.CmmToLlvm.Base
[251 of 427] Compiling GHC.CmmToLlvm.Data
[252 of 427] Compiling GHC.CmmToLlvm.Ppr
[253 of 427] Compiling GHC.CmmToLlvm.CodeGen
[254 of 427] Compiling GHC.CmmToLlvm
[255 of 427] Compiling GHC.CmmToAsm.X86.Ppr
[256 of 427] Compiling GHC.CmmToAsm.X86.CodeGen
[257 of 427] Compiling GHC.CmmToAsm.X86
[258 of 427] Compiling GHC.CmmToAsm.RV64.Ppr
[259 of 427] Compiling GHC.CmmToAsm.RV64
[260 of 427] Compiling GHC.CmmToAsm.PPC.Ppr
[261 of 427] Compiling GHC.CmmToAsm.PPC
[262 of 427] Compiling GHC.CmmToAsm.AArch64.Ppr
[263 of 427] Compiling GHC.CmmToAsm.AArch64
[264 of 427] Compiling GHC.CmmToAsm.Dwarf.Constants
[265 of 427] Compiling GHC.CmmToAsm.Dwarf.Types
[266 of 427] Compiling GHC.CmmToAsm.Dwarf
[267 of 427] Compiling GHC.Utils.Monad.Codensity
[268 of 427] Compiling GHC.Tc.Zonk.Env
[269 of 427] Compiling GHC.Utils.Touch
[270 of 427] Compiling GHC.Utils.Unique
[271 of 427] Compiling GHC.Wasm.ControlFlow
[272 of 427] Compiling GHC.Wasm.ControlFlow.FromCmm
[273 of 427] Compiling GHC.CmmToAsm.Wasm.FromCmm
[274 of 427] Compiling GHC.CmmToAsm.Wasm.Asm
[275 of 427] Compiling GHC.CmmToAsm.Wasm
[276 of 427] Compiling GHC.CmmToAsm
[277 of 427] Compiling GHC.Driver.CodeOutput
[278 of 427] Compiling GHC.StgToCmm.Foreign[boot]
[279 of 427] Compiling GHC.StgToCmm.Utils
[280 of 427] Compiling GHC.StgToCmm.Prof
[281 of 427] Compiling GHC.StgToCmm.Ticky
[282 of 427] Compiling GHC.StgToCmm.Layout
[283 of 427] Compiling GHC.StgToCmm.Foreign
[284 of 427] Compiling GHC.StgToCmm.TagCheck
[285 of 427] Compiling GHC.Stg.Lift.Analysis
[286 of 427] Compiling GHC.Stg.Lift
[287 of 427] Compiling GHC.ByteCode.Instr
[288 of 427] Compiling GHC.ByteCode.InfoTable
[289 of 427] Compiling GHC.ByteCode.Asm
[290 of 427] Compiling GHC.StgToByteCode
[291 of 427] Compiling GHC.StgToCmm.Heap
[292 of 427] Compiling GHC.StgToCmm.DataCon
[293 of 427] Compiling GHC.Cmm.Info.Build
[294 of 427] Compiling GHC.StgToCmm.Prim
[295 of 427] Compiling GHC.Cmm.LayoutStack
[296 of 427] Compiling GHC.Cmm.Pipeline
[297 of 427] Compiling GHC.StgToCmm.Bind[boot]
[298 of 427] Compiling GHC.StgToCmm.Expr
[299 of 427] Compiling GHC.StgToCmm.Bind
[300 of 427] Compiling GHC.StgToCmm
[301 of 427] Compiling GHC.Driver.GenerateCgIPEStub
[302 of 427] Compiling GHC.Cmm.Parser
[303 of 427] Compiling GHC.Driver.Pipeline[boot]
[304 of 427] Compiling GHC.Tc.Gen.Match[boot]
[305 of 427] Compiling GHC.Rename.Expr[boot]
[306 of 427] Compiling GHC.Rename.Splice[boot]
[307 of 427] Compiling GHC.Tc.Errors.Hole[boot]
[308 of 427] Compiling GHC.Tc.Gen.Splice[boot]
[309 of 427] Compiling GHC.Tc.Gen.Annotation
[310 of 427] Compiling GHC.IfaceToCore[boot]
[311 of 427] Compiling GHC.Iface.Load[boot]
[312 of 427] Compiling GHC.Iface.Rename
[313 of 427] Compiling GHC.Tc.Gen.Expr[boot]
[314 of 427] Compiling GHC.Tc.Utils.Unify[boot]
[315 of 427] Compiling GHC.Tc.Utils.TcMType[boot]
[316 of 427] Compiling GHC.Tc.Module[boot]
[317 of 427] Compiling GHC.Driver.Main[boot]
[318 of 427] Compiling GHC.Iface.Load
[319 of 427] Compiling GHC.Tc.Utils.Env
[320 of 427] Compiling GHC.Tc.Zonk.Type
[321 of 427] Compiling GHC.Tc.Utils.TcMType
[322 of 427] Compiling GHC.Tc.Utils.Concrete
[323 of 427] Compiling GHC.Tc.Utils.Instantiate
[324 of 427] Compiling GHC.Tc.Utils.Unify
[325 of 427] Compiling GHC.Tc.Instance.Typeable
[326 of 427] Compiling GHC.Plugins
[327 of 427] Compiling GHC.Builtin.PrimOps.Casts
[328 of 427] Compiling GHC.Stg.Unarise
[329 of 427] Compiling GHC.Stg.Pipeline
[330 of 427] Compiling GHC.Driver.Config.Stg.Pipeline
[331 of 427] Compiling GHC.Iface.Tidy
[332 of 427] Compiling GHC.Driver.Config.Tidy
[333 of 427] Compiling GHC.Tc.Instance.Family
[334 of 427] Compiling GHC.Tc.Errors
[335 of 427] Compiling GHC.IfaceToCore
[336 of 427] Compiling GHC.HsToCore.Monad
[337 of 427] Compiling GHC.HsToCore.Expr[boot]
[338 of 427] Compiling GHC.HsToCore.Match[boot]
[339 of 427] Compiling GHC.HsToCore.Binds[boot]
[340 of 427] Compiling GHC.HsToCore.Pmc.Utils
[341 of 427] Compiling GHC.Rename.Utils
[342 of 427] Compiling GHC.Rename.Env
[343 of 427] Compiling GHC.Tc.Instance.Class
[344 of 427] Compiling GHC.Tc.Solver.Monad
[345 of 427] Compiling GHC.Tc.Solver.Rewrite
[346 of 427] Compiling GHC.Tc.Solver.Dict
[347 of 427] Compiling GHC.Tc.Solver.Irred
[348 of 427] Compiling GHC.Tc.Solver.Equality
[349 of 427] Compiling GHC.Tc.Solver.Solve
[350 of 427] Compiling GHC.Tc.Solver
[351 of 427] Compiling GHC.HsToCore.Pmc.Solver
[352 of 427] Compiling GHC.HsToCore.Pmc.Check
[353 of 427] Compiling GHC.Tc.Validity
[354 of 427] Compiling GHC.HsToCore.Utils
[355 of 427] Compiling GHC.HsToCore.Match.Literal
[356 of 427] Compiling GHC.HsToCore.Pmc.Desugar
[357 of 427] Compiling GHC.HsToCore.Pmc
[358 of 427] Compiling GHC.HsToCore.GuardedRHSs
[359 of 427] Compiling GHC.HsToCore.Binds
[360 of 427] Compiling GHC.HsToCore.Quote
[361 of 427] Compiling GHC.HsToCore.Match.Constructor
[362 of 427] Compiling GHC.HsToCore.Match
[363 of 427] Compiling GHC.HsToCore.ListComp
[364 of 427] Compiling GHC.HsToCore.Arrows
[365 of 427] Compiling GHC.HsToCore.Expr
[366 of 427] Compiling GHC.HsToCore.Foreign.Call
[367 of 427] Compiling GHC.HsToCore.Foreign.Wasm
[368 of 427] Compiling GHC.HsToCore.Foreign.Prim
[369 of 427] Compiling GHC.HsToCore.Foreign.C
[370 of 427] Compiling GHC.HsToCore.Foreign.JavaScript
[371 of 427] Compiling GHC.HsToCore.Foreign.Decl
[372 of 427] Compiling GHC.Tc.Gen.HsType
[373 of 427] Compiling GHC.Tc.Gen.Sig
[374 of 427] Compiling GHC.Tc.TyCl.PatSyn[boot]
[375 of 427] Compiling GHC.Tc.Gen.Default
[376 of 427] Compiling GHC.Tc.Gen.Pat
[377 of 427] Compiling GHC.Tc.Gen.Do
[378 of 427] Compiling GHC.Tc.Errors.Hole
[379 of 427] Compiling GHC.Rename.Fixity
[380 of 427] Compiling GHC.Rename.HsType
[381 of 427] Compiling GHC.Rename.Pat
[382 of 427] Compiling GHC.Rename.Names
[383 of 427] Compiling GHC.Rename.Bind
[384 of 427] Compiling GHC.Tc.Gen.Bind
[385 of 427] Compiling GHC.Tc.TyCl.Utils
[386 of 427] Compiling GHC.Tc.TyCl.PatSyn
[387 of 427] Compiling GHC.Tc.Gen.Head
[388 of 427] Compiling GHC.Tc.Gen.Match
[389 of 427] Compiling GHC.Tc.Gen.App
[390 of 427] Compiling GHC.Tc.Gen.Arrow
[391 of 427] Compiling GHC.Tc.Gen.Expr
[392 of 427] Compiling GHC.Tc.Gen.Rule
[393 of 427] Compiling GHC.Tc.Gen.Foreign
[394 of 427] Compiling GHC.Tc.TyCl.Class
[395 of 427] Compiling GHC.Tc.Deriv.Generate
[396 of 427] Compiling GHC.Tc.Deriv.Functor
[397 of 427] Compiling GHC.Tc.Deriv.Generics
[398 of 427] Compiling GHC.Rename.Module
[399 of 427] Compiling GHC.Rename.Splice
[400 of 427] Compiling GHC.Rename.Expr
[401 of 427] Compiling GHC.Tc.Gen.Export
[402 of 427] Compiling GHC.Tc.Utils.Backpack
[403 of 427] Compiling GHC.Tc.Deriv.Utils
[404 of 427] Compiling GHC.Tc.Deriv.Infer
[405 of 427] Compiling GHC.Tc.Deriv
[406 of 427] Compiling GHC.Tc.TyCl.Instance[boot]
[407 of 427] Compiling GHC.Tc.TyCl
[408 of 427] Compiling GHC.Tc.TyCl.Instance
[409 of 427] Compiling GHC.Tc.Module
[410 of 427] Compiling GHC.Linker.Loader
[411 of 427] Compiling GHC.Runtime.Loader
[412 of 427] Compiling GHC.Iface.Recomp
[413 of 427] Compiling GHC.HsToCore.Usage
[414 of 427] Compiling GHC.Driver.Config.HsToCore.Usage
[415 of 427] Compiling GHC.Iface.Make
[416 of 427] Compiling GHC.Iface.Ext.Ast
[417 of 427] Compiling GHC.HsToCore
[418 of 427] Compiling GHC.Driver.Main
[419 of 427] Compiling GHC.Tc.Gen.Splice
[420 of 427] Compiling GHC.Driver.Pipeline.Execute
[421 of 427] Compiling GHC.Driver.Pipeline
[422 of 427] Compiling GHC.Runtime.Heap.Inspect
[423 of 427] Compiling GHC.Tc.Plugin
[424 of 427] Compiling GHC.Runtime.Eval
[425 of 427] Compiling GHC.Driver.Make
[426 of 427] Compiling GHC
[427 of 427] Compiling Paths_ghc_lib
