Resolving dependencies...
Build profile: -w ghc-9.10.2 -O1
In order, the following will be built (use -v for more details):
 - imp-1.0.3.3 (lib) (first run)
 - imp-1.0.3.3 (test:imp-test-suite) (first run)
Configuring library for imp-1.0.3.3...
Preprocessing library for imp-1.0.3.3...
Building library for imp-1.0.3.3...
[ 1 of 27] Compiling Imp.Exception.InvalidAlias
[ 2 of 27] Compiling Imp.Exception.InvalidModuleName
[ 3 of 27] Compiling Imp.Exception.InvalidOption
[ 4 of 27] Compiling Imp.Exception.InvalidPackage
[ 5 of 27] Compiling Imp.Exception.InvalidPackageName
[ 6 of 27] Compiling Imp.Exception.UnexpectedArgument
[ 7 of 27] Compiling Imp.Exception.UnknownOption
[ 8 of 27] Compiling Imp.Extra.Exception
[ 9 of 27] Compiling Imp.Extra.HsModule
[10 of 27] Compiling Imp.Extra.HsParsedModule
[11 of 27] Compiling Imp.Extra.ImportDecl
[12 of 27] Compiling Imp.Extra.ParsedResult
[13 of 27] Compiling Imp.Extra.ReadP
[14 of 27] Compiling Imp.Extra.ModuleName
[15 of 27] Compiling Imp.Extra.SrcSpanAnnN
[16 of 27] Compiling Imp.Type.Flag
[17 of 27] Compiling Imp.Exception.ShowHelp
[18 of 27] Compiling Imp.Type.PackageName
[19 of 27] Compiling Imp.Type.Source
[20 of 27] Compiling Imp.Type.Target
[21 of 27] Compiling Imp.Type.Package
[22 of 27] Compiling Imp.Type.Alias
[23 of 27] Compiling Imp.Type.Config
[24 of 27] Compiling Paths_imp
[25 of 27] Compiling Imp.Exception.ShowVersion
[26 of 27] Compiling Imp.Type.Context
[27 of 27] Compiling Imp
Configuring test suite 'imp-test-suite' for imp-1.0.3.3...
Preprocessing test suite 'imp-test-suite' for imp-1.0.3.3...
Building test suite 'imp-test-suite' for imp-1.0.3.3...
[1 of 1] Compiling Main
[2 of 2] Linking dist-newstyle/build/x86_64-linux/ghc-9.10.2/imp-1.0.3.3/t/imp-test-suite/build/imp-test-suite/imp-test-suite
