Resolving dependencies...
Build profile: -w ghc-9.10.2 -O1
In order, the following will be built (use -v for more details):
 - network-transport-0.5.9 (lib) (first run)
Configuring library for network-transport-0.5.9...
Preprocessing library for network-transport-0.5.9...
Building library for network-transport-0.5.9...
<no location info>: warning: [GHC-42258] [-Wunused-packages]
    The following packages were specified via -package or -package-id flags,
    but were not needed for compilation:
      - transformers-0.6.1.1 (exposed by flag -package-id transformers-0.6.1.1-3532)

[1 of 3] Compiling Network.Transport
[2 of 3] Compiling Network.Transport.Internal
src/Network/Transport/Internal.hs:30:1: warning: [GHC-66111] [-Wunused-imports]
    The import of ‘Data.List’ is redundant
      except perhaps to import instances from ‘Data.List’
    To import instances alone, use: import Data.List()
   |
30 | import Data.List(foldl')
   | ^^^^^^^^^^^^^^^^^^^^^^^^

[3 of 3] Compiling Network.Transport.Util
