Build profile: -w ghc-9.6.5 -O1
In order, the following will be built (use -v for more details):
 - rawfilepath-1.1.0 (lib) (first run)
 - rawfilepath-1.1.0 (test:RawFilePath-test) (first run)
Configuring library for rawfilepath-1.1.0...
Preprocessing library for rawfilepath-1.1.0...
Building library for rawfilepath-1.1.0...
[ 1 of 12] Compiling Data.ByteString.RawFilePath
[ 2 of 12] Compiling Paths_rawfilepath
[ 3 of 12] Compiling RawFilePath.Import
[ 4 of 12] Compiling RawFilePath.Directory.Internal
[ 5 of 12] Compiling RawFilePath.Directory
[ 6 of 12] Compiling RawFilePath.Process.Common
[ 7 of 12] Compiling RawFilePath.Process.Internal
[ 8 of 12] Compiling RawFilePath.Process.Posix

src/RawFilePath/Process/Posix.hs:51:5: warning: [GHC-68441] [-Wdeprecations]
    In the use of ‘memcpy’
    (imported from Data.ByteString.Internal, but defined in Data.ByteString.Internal.Type):
    Deprecated: "Use Foreign.Marshal.Utils.copyBytes instead"
   |
51 |     memcpy buf (p `plusPtr` o) (fromIntegral l)
   |     ^^^^^^
[ 9 of 12] Compiling RawFilePath.Process.Basic
[10 of 12] Compiling RawFilePath.Process.Utility
[11 of 12] Compiling RawFilePath.Process
[12 of 12] Compiling RawFilePath
Configuring test suite 'RawFilePath-test' for rawfilepath-1.1.0...
Preprocessing test suite 'RawFilePath-test' for rawfilepath-1.1.0...
Building test suite 'RawFilePath-test' for rawfilepath-1.1.0...
[1 of 2] Compiling Main
[2 of 2] Compiling Paths_rawfilepath
[3 of 3] Linking /tmp/workdir-rawfilepath/rawfilepath-1.1.0/dist-newstyle/build/x86_64-linux/ghc-9.6.5/rawfilepath-1.1.0/t/RawFilePath-test/build/RawFilePath-test/RawFilePath-test
