Warning: The package description file ./di-df1.cabal has warnings:
di-df1.cabal:11:22: Packages with 'cabal-version: 1.12' or later should
specify a specific version of the Cabal spec of the form 'cabal-version: x.y'.
Use 'cabal-version: 1.18'.
Warning: The package description file
/tmp/workdir-di-df1/di-df1-1.2.1/di-df1.cabal has warnings:
/tmp/workdir-di-df1/di-df1-1.2.1/di-df1.cabal:11:22: Packages with
'cabal-version: 1.12' or later should specify a specific version of the Cabal
spec of the form 'cabal-version: x.y'. Use 'cabal-version: 1.18'.
Resolving dependencies...
Build profile: -w ghc-9.10.2 -O1
In order, the following will be built (use -v for more details):
 - di-df1-1.2.1 (lib) (first run)
 - di-df1-1.2.1 (test:test) (first run)
Warning: di-df1.cabal:11:22: Packages with 'cabal-version: 1.12' or later
should specify a specific version of the Cabal spec of the form
'cabal-version: x.y'. Use 'cabal-version: 1.18'.
Configuring library for di-df1-1.2.1...
Preprocessing library for di-df1-1.2.1...
Building library for di-df1-1.2.1...
[1 of 2] Compiling Di.Df1
[2 of 2] Compiling Di.Df1.Monad
Warning: di-df1.cabal:11:22: Packages with 'cabal-version: 1.12' or later
should specify a specific version of the Cabal spec of the form
'cabal-version: x.y'. Use 'cabal-version: 1.18'.
Configuring test suite 'test' for di-df1-1.2.1...
Preprocessing test suite 'test' for di-df1-1.2.1...
Building test suite 'test' for di-df1-1.2.1...
[1 of 1] Compiling Main
[2 of 2] Linking dist-newstyle/build/x86_64-linux/ghc-9.10.2/di-df1-1.2.1/t/test/build/test/test
