Resolving dependencies...
Build profile: -w ghc-9.10.2 -O1
In order, the following will be built (use -v for more details):
 - hpqtypes-extras-1.18.0.0 (lib) (first run)
 - hpqtypes-extras-1.18.0.0 (test:hpqtypes-extras-tests) (first run)
Configuring library for hpqtypes-extras-1.18.0.0...
Preprocessing library for hpqtypes-extras-1.18.0.0...
Building library for hpqtypes-extras-1.18.0.0...
[ 1 of 21] Compiling Database.PostgreSQL.PQTypes.Deriving
[ 2 of 21] Compiling Database.PostgreSQL.PQTypes.ExtrasOptions
[ 3 of 21] Compiling Database.PostgreSQL.PQTypes.Model.Check
[ 4 of 21] Compiling Database.PostgreSQL.PQTypes.Model.ColumnType
[ 5 of 21] Compiling Database.PostgreSQL.PQTypes.Model.Domain
[ 6 of 21] Compiling Database.PostgreSQL.PQTypes.Model.EnumType
[ 7 of 21] Compiling Database.PostgreSQL.PQTypes.Model.Extension
[ 8 of 21] Compiling Database.PostgreSQL.PQTypes.Model.ForeignKey
[ 9 of 21] Compiling Database.PostgreSQL.PQTypes.Model.Index
[10 of 21] Compiling Database.PostgreSQL.PQTypes.SQL.Builder
[11 of 21] Compiling Database.PostgreSQL.PQTypes.Model.Trigger
src/Database/PostgreSQL/PQTypes/Model/Trigger.hs:31:1: warning: [GHC-66111] [-Wunused-imports]
    The import of ‘Data.Foldable’ is redundant
      except perhaps to import instances from ‘Data.Foldable’
    To import instances alone, use: import Data.Foldable()
   |
31 | import Data.Foldable (foldl')
   | ^^^^^^^^^^^^^^^^^^^^^^^^^^^^^

[12 of 21] Compiling Database.PostgreSQL.PQTypes.Model.CompositeType
[13 of 21] Compiling Database.PostgreSQL.PQTypes.Utils.NubList
[14 of 21] Compiling Database.PostgreSQL.PQTypes.Model.PrimaryKey
[15 of 21] Compiling Database.PostgreSQL.PQTypes.Model.Table
[16 of 21] Compiling Database.PostgreSQL.PQTypes.Model.Migration
[17 of 21] Compiling Database.PostgreSQL.PQTypes.Model
[18 of 21] Compiling Database.PostgreSQL.PQTypes.Checks.Util
[19 of 21] Compiling Database.PostgreSQL.PQTypes.Migrate
[20 of 21] Compiling Database.PostgreSQL.PQTypes.Versions
[21 of 21] Compiling Database.PostgreSQL.PQTypes.Checks
Configuring test suite 'hpqtypes-extras-tests' for hpqtypes-extras-1.18.0.0...
Preprocessing test suite 'hpqtypes-extras-tests' for hpqtypes-extras-1.18.0.0...
Building test suite 'hpqtypes-extras-tests' for hpqtypes-extras-1.18.0.0...
[1 of 1] Compiling Main
[2 of 2] Linking /tmp/workdir-hpqtypes-extras/hpqtypes-extras-1.18.0.0/dist-newstyle/build/x86_64-linux/ghc-9.10.2/hpqtypes-extras-1.18.0.0/t/hpqtypes-extras-tests/build/hpqtypes-extras-tests/hpqtypes-extras-tests
