Resolving dependencies...
Build profile: -w ghc-9.10.2 -O1
In order, the following will be built (use -v for more details):
 - cmark-0.6.1 (lib) (first run)
 - cmark-0.6.1 (test:test-cmark) (first run)
Configuring library for cmark-0.6.1...
Warning: [git-protocol] Cloning over git:// might lead to an arbitrary code
execution vulnerability. Furthermore, popular forges like GitHub do not
support it. Use https:// or ssh:// instead.
Preprocessing library for cmark-0.6.1...
Building library for cmark-0.6.1...
[1 of 1] Compiling CMark
CMark.hsc:46:1: warning: [GHC-66111] [-Wunused-imports]
    The import of ‘Control.Applicative’ is redundant
      except perhaps to import instances from ‘Control.Applicative’
    To import instances alone, use: import Control.Applicative()
   |
46 | import Control.Applicative ((<$>), (<*>))
   | ^^^^^^^^^^^^^^^^^^^^^^^^^^^^^^^^^^^^^^^^^

Configuring test suite 'test-cmark' for cmark-0.6.1...
Warning: [git-protocol] Cloning over git:// might lead to an arbitrary code
execution vulnerability. Furthermore, popular forges like GitHub do not
support it. Use https:// or ssh:// instead.
Preprocessing test suite 'test-cmark' for cmark-0.6.1...
Building test suite 'test-cmark' for cmark-0.6.1...
[1 of 1] Compiling Main
[2 of 2] Linking dist-newstyle/build/x86_64-linux/ghc-9.10.2/cmark-0.6.1/t/test-cmark/build/test-cmark/test-cmark
