Resolving dependencies...
Build profile: -w ghc-9.10.2 -O1
In order, the following will be built (use -v for more details):
 - gogol-analytics-1.0.0 (lib) (first run)
Configuring library for gogol-analytics-1.0.0...
Warning: [git-protocol] Cloning over git:// might lead to an arbitrary code
execution vulnerability. Furthermore, popular forges like GitHub do not
support it. Use https:// or ssh:// instead.
Preprocessing library for gogol-analytics-1.0.0...
Building library for gogol-analytics-1.0.0...
[ 1 of 92] Compiling Gogol.Analytics.Internal.Sum
[ 2 of 92] Compiling Gogol.Analytics.Internal.Product
[ 3 of 92] Compiling Gogol.Analytics.Types
[ 4 of 92] Compiling Gogol.Analytics.Provisioning.CreateAccountTree
[ 5 of 92] Compiling Gogol.Analytics.Provisioning.CreateAccountTicket
[ 6 of 92] Compiling Gogol.Analytics.Metadata.Columns.List
[ 7 of 92] Compiling Gogol.Analytics.Management.WebpropertyUserLinks.Update
[ 8 of 92] Compiling Gogol.Analytics.Management.WebpropertyUserLinks.List
[ 9 of 92] Compiling Gogol.Analytics.Management.WebpropertyUserLinks.Insert
[10 of 92] Compiling Gogol.Analytics.Management.WebpropertyUserLinks.Delete
[11 of 92] Compiling Gogol.Analytics.Management.Webproperties.Update
[12 of 92] Compiling Gogol.Analytics.Management.Webproperties.Patch
[13 of 92] Compiling Gogol.Analytics.Management.Webproperties.List
[14 of 92] Compiling Gogol.Analytics.Management.Webproperties.Insert
[15 of 92] Compiling Gogol.Analytics.Management.Webproperties.Get
[16 of 92] Compiling Gogol.Analytics.Management.WebPropertyAdWordsLinks.Update
[17 of 92] Compiling Gogol.Analytics.Management.WebPropertyAdWordsLinks.Patch
[18 of 92] Compiling Gogol.Analytics.Management.WebPropertyAdWordsLinks.List
[19 of 92] Compiling Gogol.Analytics.Management.WebPropertyAdWordsLinks.Insert
[20 of 92] Compiling Gogol.Analytics.Management.WebPropertyAdWordsLinks.Get
[21 of 92] Compiling Gogol.Analytics.Management.WebPropertyAdWordsLinks.Delete
[22 of 92] Compiling Gogol.Analytics.Management.Uploads.UploadData
[23 of 92] Compiling Gogol.Analytics.Management.Uploads.List
[24 of 92] Compiling Gogol.Analytics.Management.Uploads.Get
[25 of 92] Compiling Gogol.Analytics.Management.Uploads.DeleteUploadData
[26 of 92] Compiling Gogol.Analytics.Management.UnsampledReports.List
[27 of 92] Compiling Gogol.Analytics.Management.UnsampledReports.Insert
[28 of 92] Compiling Gogol.Analytics.Management.UnsampledReports.Get
[29 of 92] Compiling Gogol.Analytics.Management.UnsampledReports.Delete
[30 of 92] Compiling Gogol.Analytics.Management.Segments.List
[31 of 92] Compiling Gogol.Analytics.Management.RemarketingAudience.Update
[32 of 92] Compiling Gogol.Analytics.Management.RemarketingAudience.Patch
[33 of 92] Compiling Gogol.Analytics.Management.RemarketingAudience.List
[34 of 92] Compiling Gogol.Analytics.Management.RemarketingAudience.Insert
[35 of 92] Compiling Gogol.Analytics.Management.RemarketingAudience.Get
[36 of 92] Compiling Gogol.Analytics.Management.RemarketingAudience.Delete
[37 of 92] Compiling Gogol.Analytics.Management.Profiles.Update
[38 of 92] Compiling Gogol.Analytics.Management.Profiles.Patch
[39 of 92] Compiling Gogol.Analytics.Management.Profiles.List
[40 of 92] Compiling Gogol.Analytics.Management.Profiles.Insert
[41 of 92] Compiling Gogol.Analytics.Management.Profiles.Get
[42 of 92] Compiling Gogol.Analytics.Management.Profiles.Delete
[43 of 92] Compiling Gogol.Analytics.Management.ProfileUserLinks.Update
[44 of 92] Compiling Gogol.Analytics.Management.ProfileUserLinks.List
[45 of 92] Compiling Gogol.Analytics.Management.ProfileUserLinks.Insert
[46 of 92] Compiling Gogol.Analytics.Management.ProfileUserLinks.Delete
[47 of 92] Compiling Gogol.Analytics.Management.ProfileFilterLinks.Update
[48 of 92] Compiling Gogol.Analytics.Management.ProfileFilterLinks.Patch
[49 of 92] Compiling Gogol.Analytics.Management.ProfileFilterLinks.List
[50 of 92] Compiling Gogol.Analytics.Management.ProfileFilterLinks.Insert
[51 of 92] Compiling Gogol.Analytics.Management.ProfileFilterLinks.Get
[52 of 92] Compiling Gogol.Analytics.Management.ProfileFilterLinks.Delete
[53 of 92] Compiling Gogol.Analytics.Management.Goals.Update
[54 of 92] Compiling Gogol.Analytics.Management.Goals.Patch
[55 of 92] Compiling Gogol.Analytics.Management.Goals.List
[56 of 92] Compiling Gogol.Analytics.Management.Goals.Insert
[57 of 92] Compiling Gogol.Analytics.Management.Goals.Get
[58 of 92] Compiling Gogol.Analytics.Management.Filters.Update
[59 of 92] Compiling Gogol.Analytics.Management.Filters.Patch
[60 of 92] Compiling Gogol.Analytics.Management.Filters.List
[61 of 92] Compiling Gogol.Analytics.Management.Filters.Insert
[62 of 92] Compiling Gogol.Analytics.Management.Filters.Get
[63 of 92] Compiling Gogol.Analytics.Management.Filters.Delete
[64 of 92] Compiling Gogol.Analytics.Management.Experiments.Update
[65 of 92] Compiling Gogol.Analytics.Management.Experiments.Patch
[66 of 92] Compiling Gogol.Analytics.Management.Experiments.List
[67 of 92] Compiling Gogol.Analytics.Management.Experiments.Insert
[68 of 92] Compiling Gogol.Analytics.Management.Experiments.Get
[69 of 92] Compiling Gogol.Analytics.Management.Experiments.Delete
[70 of 92] Compiling Gogol.Analytics.Management.CustomMetrics.Update
[71 of 92] Compiling Gogol.Analytics.Management.CustomMetrics.Patch
[72 of 92] Compiling Gogol.Analytics.Management.CustomMetrics.List
[73 of 92] Compiling Gogol.Analytics.Management.CustomMetrics.Insert
[74 of 92] Compiling Gogol.Analytics.Management.CustomMetrics.Get
[75 of 92] Compiling Gogol.Analytics.Management.CustomDimensions.Update
[76 of 92] Compiling Gogol.Analytics.Management.CustomDimensions.Patch
[77 of 92] Compiling Gogol.Analytics.Management.CustomDimensions.List
[78 of 92] Compiling Gogol.Analytics.Management.CustomDimensions.Insert
[79 of 92] Compiling Gogol.Analytics.Management.CustomDimensions.Get
[80 of 92] Compiling Gogol.Analytics.Management.CustomDataSources.List
[81 of 92] Compiling Gogol.Analytics.Management.ClientId.HashClientId
[82 of 92] Compiling Gogol.Analytics.Management.Accounts.List
[83 of 92] Compiling Gogol.Analytics.Management.AccountUserLinks.Update
[84 of 92] Compiling Gogol.Analytics.Management.AccountUserLinks.List
[85 of 92] Compiling Gogol.Analytics.Management.AccountUserLinks.Insert
[86 of 92] Compiling Gogol.Analytics.Management.AccountUserLinks.Delete
[87 of 92] Compiling Gogol.Analytics.Management.AccountSummaries.List
[88 of 92] Compiling Gogol.Analytics.Data.Realtime.Get
[89 of 92] Compiling Gogol.Analytics.Data.Mcf.Get
[90 of 92] Compiling Gogol.Analytics.Data.Ga.Get
[91 of 92] Compiling Gogol.Analytics.UserDeletion.UserDeletionRequest.Upsert
[92 of 92] Compiling Gogol.Analytics
