Resolving dependencies...
Build profile: -w ghc-9.10.2 -O1
In order, the following will be built (use -v for more details):
 - monad-logger-0.3.42 (lib) (first run)
Configuring library for monad-logger-0.3.42...
Preprocessing library for monad-logger-0.3.42...
Building library for monad-logger-0.3.42...
[1 of 3] Compiling Control.Monad.Logger
Control/Monad/Logger.hs:206:10: warning: [GHC-06201] [-Wmissing-methods]
    • No explicit implementation for
        ‘Language.Haskell.TH.Syntax.liftTyped’
    • In the instance declaration for ‘Lift LogLevel’
    |
206 | instance Lift LogLevel where
    |          ^^^^^^^^^^^^^

Control/Monad/Logger.hs:228:104: warning: [GHC-58520] [-Wtype-equality-requires-operators]
    The use of ‘~’ without TypeOperators
    will become an error in a future GHC release.
    Suggested fix: Perhaps you intended to use TypeOperators
    |
228 |     default monadLoggerLog :: (MonadLogger m', Trans.MonadTrans t, MonadLogger (t m'), ToLogStr msg, m ~ t m')
    |                                                                                                        ^

Control/Monad/Logger.hs:243:68: warning: [GHC-58520] [-Wtype-equality-requires-operators]
    The use of ‘~’ without TypeOperators
    will become an error in a future GHC release.
    Suggested fix: Perhaps you intended to use TypeOperators
    |
243 |     default askLoggerIO :: (Trans.MonadTrans t, MonadLoggerIO n, m ~ t n)
    |                                                                    ^

[2 of 3] Compiling Control.Monad.Logger.CallStack
[3 of 3] Compiling Paths_monad_logger
