Warning: The package description file ./indexed.cabal has warnings:
indexed.cabal:31:2: Inconsistent indentation. Indentation jumps at lines 31
Warning: The package description file
/tmp/workdir-indexed/indexed-0.1.3/indexed.cabal has warnings:
/tmp/workdir-indexed/indexed-0.1.3/indexed.cabal:31:2: Inconsistent
indentation. Indentation jumps at lines 31
Resolving dependencies...
Build profile: -w ghc-9.10.2 -O1
In order, the following will be built (use -v for more details):
 - indexed-0.1.3 (lib) (first run)
Warning: indexed.cabal:31:2: Inconsistent indentation. Indentation jumps at
lines 31
Configuring library for indexed-0.1.3...
Warning: [git-protocol] Cloning over git:// might lead to an arbitrary code
execution vulnerability. Furthermore, popular forges like GitHub do not
support it. Use https:// or ssh:// instead.
Preprocessing library for indexed-0.1.3...
Building library for indexed-0.1.3...
[1 of 5] Compiling Control.Monad.Indexed.Trans
[2 of 5] Compiling Data.Functor.Indexed
[3 of 5] Compiling Control.Monad.Indexed
[4 of 5] Compiling Control.Monad.Indexed.Fix
[5 of 5] Compiling Control.Comonad.Indexed
