Resolving dependencies...
Build profile: -w ghc-9.10.2 -O1
In order, the following will be built (use -v for more details):
 - aftovolio-0.8.0.0 (lib) (first run)
 - aftovolio-0.8.0.0 (exe:aftovolioUkr) (first run)
 - aftovolio-0.8.0.0 (exe:unconcatUkr2) (first run)
Configuring library for aftovolio-0.8.0.0...
Preprocessing library for aftovolio-0.8.0.0...
Building library for aftovolio-0.8.0.0...
[ 1 of 33] Compiling Aftovolio.Basis
[ 2 of 33] Compiling Aftovolio.Coeffs
[ 3 of 33] Compiling Aftovolio.Constraints
[ 4 of 33] Compiling Aftovolio.ConstraintsEncoded
Aftovolio/ConstraintsEncoded.hs:272:15: warning: [GHC-63394] [-Wx-partial]
    In the use of ‘head’
    (imported from GHC.List, but defined in GHC.Internal.List):
    "This is a partial function, it throws an error on empty lists. Use pattern matching, 'Data.List.uncons' or 'Data.Maybe.listToMaybe' instead. Consider refactoring to use "Data.List.NonEmpty"."
    |
272 |             . head
    |               ^^^^

Aftovolio/ConstraintsEncoded.hs:273:15: warning: [GHC-63394] [-Wx-partial]
    In the use of ‘head’
    (imported from GHC.List, but defined in GHC.Internal.List):
    "This is a partial function, it throws an error on empty lists. Use pattern matching, 'Data.List.uncons' or 'Data.Maybe.listToMaybe' instead. Consider refactoring to use "Data.List.NonEmpty"."
    |
273 |             . head
    |               ^^^^

Aftovolio/ConstraintsEncoded.hs:290:27: warning: [GHC-63394] [-Wx-partial]
    In the use of ‘head’
    (imported from GHC.List, but defined in GHC.Internal.List):
    "This is a partial function, it throws an error on empty lists. Use pattern matching, 'Data.List.uncons' or 'Data.Maybe.listToMaybe' instead. Consider refactoring to use "Data.List.NonEmpty"."
    |
290 |                         . head
    |                           ^^^^

Aftovolio/ConstraintsEncoded.hs:291:27: warning: [GHC-63394] [-Wx-partial]
    In the use of ‘head’
    (imported from GHC.List, but defined in GHC.Internal.List):
    "This is a partial function, it throws an error on empty lists. Use pattern matching, 'Data.List.uncons' or 'Data.Maybe.listToMaybe' instead. Consider refactoring to use "Data.List.NonEmpty"."
    |
291 |                         . head
    |                           ^^^^

Aftovolio/ConstraintsEncoded.hs:310:17: warning: [GHC-63394] [-Wx-partial]
    In the use of ‘head’
    (imported from GHC.List, but defined in GHC.Internal.List):
    "This is a partial function, it throws an error on empty lists. Use pattern matching, 'Data.List.uncons' or 'Data.Maybe.listToMaybe' instead. Consider refactoring to use "Data.List.NonEmpty"."
    |
310 |         let h = head xs
    |                 ^^^^

Aftovolio/ConstraintsEncoded.hs:311:61: warning: [GHC-63394] [-Wx-partial]
    In the use of ‘tail’
    (imported from GHC.List, but defined in GHC.Internal.List):
    "This is a partial function, it throws an error on empty lists. Replace it with 'drop' 1, or use pattern matching or 'GHC.Internal.Data.List.uncons' instead. Consider refactoring to use "Data.List.NonEmpty"."
    |
311 |             ts = filter (\x -> x >= '0' && [x] <= show n) . tail $ xs
    |                                                             ^^^^

Aftovolio/ConstraintsEncoded.hs:328:79: warning: [GHC-63394] [-Wx-partial]
    In the use of ‘head’
    (imported from GHC.List, but defined in GHC.Internal.List):
    "This is a partial function, it throws an error on empty lists. Use pattern matching, 'Data.List.uncons' or 'Data.Maybe.listToMaybe' instead. Consider refactoring to use "Data.List.NonEmpty"."
    |
328 |                                 else Just ((if c == 'D' then D else I) n y z (head ps))
    |                                                                               ^^^^

Aftovolio/ConstraintsEncoded.hs:399:19: warning: [GHC-63394] [-Wx-partial]
    In the use of ‘head’
    (imported from GHC.List, but defined in GHC.Internal.List):
    "This is a partial function, it throws an error on empty lists. Use pattern matching, 'Data.List.uncons' or 'Data.Maybe.listToMaybe' instead. Consider refactoring to use "Data.List.NonEmpty"."
    |
399 |         qqs = map head h2
    |                   ^^^^

[ 5 of 33] Compiling Aftovolio.DataG
[ 6 of 33] Compiling Aftovolio.General.Base
Aftovolio/General/Base.hs:203:46: warning: [GHC-63394] [-Wx-partial]
    In the use of ‘head’
    (imported from GHC.List, but defined in GHC.Internal.List):
    "This is a partial function, it throws an error on empty lists. Use pattern matching, 'Data.List.uncons' or 'Data.Maybe.listToMaybe' instead. Consider refactoring to use "Data.List.NonEmpty"."
    |
203 |             ( (\xs -> if null xs then 1 else head xs) . filter (\n -> elem (take n ys) zss) $
    |                                              ^^^^

Aftovolio/General/Base.hs:397:41: warning: [GHC-63394] [-Wx-partial]
    In the use of ‘head’
    (imported from GHC.List, but defined in GHC.Internal.List):
    "This is a partial function, it throws an error on empty lists. Use pattern matching, 'Data.List.uncons' or 'Data.Maybe.listToMaybe' instead. Consider refactoring to use "Data.List.NonEmpty"."
    |
397 |     !zs = if null ts then [] else fst . head $ ts -- zs :: PhoneticRepresentationX
    |                                         ^^^^

[ 7 of 33] Compiling Aftovolio.General.Datatype3
Aftovolio/General/Datatype3.hs:123:11: warning: [GHC-63394] [-Wx-partial]
    In the use of ‘head’
    (imported from GHC.List, but defined in GHC.Internal.List):
    "This is a partial function, it throws an error on empty lists. Use pattern matching, 'Data.List.uncons' or 'Data.Maybe.listToMaybe' instead. Consider refactoring to use "Data.List.NonEmpty"."
    |
123 |     ql1 = head q2s
    |           ^^^^

Aftovolio/General/Datatype3.hs:201:10: warning: [GHC-63394] [-Wx-partial]
    In the use of ‘head’
    (imported from GHC.List, but defined in GHC.Internal.List):
    "This is a partial function, it throws an error on empty lists. Use pattern matching, 'Data.List.uncons' or 'Data.Maybe.listToMaybe' instead. Consider refactoring to use "Data.List.NonEmpty"."
    |
201 |     ql = head qs
    |          ^^^^

[ 8 of 33] Compiling Aftovolio.General.Distance
[ 9 of 33] Compiling Aftovolio.General.PrepareText
[10 of 33] Compiling Aftovolio.General.Syllables
[11 of 33] Compiling Aftovolio.Halfsplit
Aftovolio/Halfsplit.hs:59:53: warning: [GHC-63394] [-Wx-partial]
    In the use of ‘head’
    (imported from Data.List, but defined in GHC.Internal.List):
    "This is a partial function, it throws an error on empty lists. Use pattern matching, 'Data.List.uncons' or 'Data.Maybe.listToMaybe' instead. Consider refactoring to use "Data.List.NonEmpty"."
   |
59 |             l0 = length . showFiltering filtering . head $ xs -- For empty lines
   |                                                     ^^^^

[12 of 33] Compiling Aftovolio.Partir
[13 of 33] Compiling Aftovolio.PermutationsArr
[14 of 33] Compiling Aftovolio.PermutationsArrMini
[15 of 33] Compiling Aftovolio.PermutationsArrMini1
[16 of 33] Compiling Aftovolio.PermutationsArrMini2
[17 of 33] Compiling Aftovolio.PermutationsRepresent
[18 of 33] Compiling Aftovolio.RGLPK.General
[19 of 33] Compiling Aftovolio.General.SpecificationsRead
[20 of 33] Compiling Aftovolio.General.Parsing
[21 of 33] Compiling Aftovolio.StrictVG
[22 of 33] Compiling Aftovolio.Tests
[23 of 33] Compiling Aftovolio.Ukrainian.Common2
[24 of 33] Compiling Aftovolio.Ukrainian.Melodics
Aftovolio/Ukrainian/Melodics.hs:432:25: warning: [GHC-63394] [-Wx-partial]
    In the use of ‘head’
    (imported from GHC.List, but defined in GHC.Internal.List):
    "This is a partial function, it throws an error on empty lists. Use pattern matching, 'Data.List.uncons' or 'Data.Maybe.listToMaybe' instead. Consider refactoring to use "Data.List.NonEmpty"."
    |
432 |     | not (null ta) && (head ta == 27 && getBFst' (False, tup2) h) =
    |                         ^^^^

Aftovolio/Ukrainian/Melodics.hs:708:9: warning: [GHC-63394] [-Wx-partial]
    In the use of ‘head’
    (imported from GHC.List, but defined in GHC.Internal.List):
    "This is a partial function, it throws an error on empty lists. Use pattern matching, 'Data.List.uncons' or 'Data.Maybe.listToMaybe' instead. Consider refactoring to use "Data.List.NonEmpty"."
    |
708 |     k = head ts
    |         ^^^^

Aftovolio/Ukrainian/Melodics.hs:714:45: warning: [GHC-63394] [-Wx-partial]
    In the use of ‘tail’
    (imported from GHC.List, but defined in GHC.Internal.List):
    "This is a partial function, it throws an error on empty lists. Replace it with 'drop' 1, or use pattern matching or 'GHC.Internal.Data.List.uncons' instead. Consider refactoring to use "Data.List.NonEmpty"."
    |
714 |     | otherwise = ks : takeFromFT2 (n - 1) (tail ts)
    |                                             ^^^^

Aftovolio/Ukrainian/Melodics.hs:716:10: warning: [GHC-63394] [-Wx-partial]
    In the use of ‘head’
    (imported from GHC.List, but defined in GHC.Internal.List):
    "This is a partial function, it throws an error on empty lists. Use pattern matching, 'Data.List.uncons' or 'Data.Maybe.listToMaybe' instead. Consider refactoring to use "Data.List.NonEmpty"."
    |
716 |     ks = head ts
    |          ^^^^

Aftovolio/Ukrainian/Melodics.hs:721:15: warning: [GHC-63394] [-Wx-partial]
    In the use of ‘tail’
    (imported from GHC.List, but defined in GHC.Internal.List):
    "This is a partial function, it throws an error on empty lists. Replace it with 'drop' 1, or use pattern matching or 'GHC.Internal.Data.List.uncons' instead. Consider refactoring to use "Data.List.NonEmpty"."
    |
721 |     | n < 2 = tail ts
    |               ^^^^

Aftovolio/Ukrainian/Melodics.hs:722:40: warning: [GHC-63394] [-Wx-partial]
    In the use of ‘tail’
    (imported from GHC.List, but defined in GHC.Internal.List):
    "This is a partial function, it throws an error on empty lists. Replace it with 'drop' 1, or use pattern matching or 'GHC.Internal.Data.List.uncons' instead. Consider refactoring to use "Data.List.NonEmpty"."
    |
722 |     | otherwise = dropFromFT2 (n - 1) (tail ts)
    |                                        ^^^^

[25 of 33] Compiling Aftovolio.Ukrainian.PrepareText
Aftovolio/Ukrainian/PrepareText.hs:291:27: warning: [GHC-63394] [-Wx-partial]
    In the use of ‘head’
    (imported from Data.List, but defined in GHC.Internal.List):
    "This is a partial function, it throws an error on empty lists. Use pattern matching, 'Data.List.uncons' or 'Data.Maybe.listToMaybe' instead. Consider refactoring to use "Data.List.NonEmpty"."
    |
291 |          in (ts `mappend` head rs) : complexWords (concat [ws, xss])
    |                           ^^^^

Aftovolio/Ukrainian/PrepareText.hs:511:17: warning: [GHC-63394] [-Wx-partial]
    In the use of ‘head’
    (imported from Data.List, but defined in GHC.Internal.List):
    "This is a partial function, it throws an error on empty lists. Use pattern matching, 'Data.List.uncons' or 'Data.Maybe.listToMaybe' instead. Consider refactoring to use "Data.List.NonEmpty"."
    |
511 |             && (head ts `notElem` "\1031\1111")
    |                 ^^^^

Aftovolio/Ukrainian/PrepareText.hs:667:19: warning: [GHC-63394] [-Wx-partial]
    In the use of ‘head’
    (imported from Data.List, but defined in GHC.Internal.List):
    "This is a partial function, it throws an error on empty lists. Use pattern matching, 'Data.List.uncons' or 'Data.Maybe.listToMaybe' instead. Consider refactoring to use "Data.List.NonEmpty"."
    |
667 |     | otherwise = head xs
    |                   ^^^^

[26 of 33] Compiling Aftovolio.Ukrainian.ReverseConcatenations
[27 of 33] Compiling Aftovolio.Ukrainian.Syllable
[28 of 33] Compiling Aftovolio.Ukrainian.SyllableWord8
[29 of 33] Compiling Aftovolio.Ukrainian.ReadDurations
[30 of 33] Compiling Aftovolio.UniquenessPeriodsG
Aftovolio/UniquenessPeriodsG.hs:58:37: warning: [GHC-63394] [-Wx-partial]
    In the use of ‘head’
    (imported from Data.List, but defined in GHC.Internal.List):
    "This is a partial function, it throws an error on empty lists. Use pattern matching, 'Data.List.uncons' or 'Data.Maybe.listToMaybe' instead. Consider refactoring to use "Data.List.NonEmpty"."
   |
58 |                             , snd . head $ v2
   |                                     ^^^^

[31 of 33] Compiling Aftovolio.Ukrainian.IO
Aftovolio/Ukrainian/IO.hs:506:18: warning: [GHC-63394] [-Wx-partial]
    In the use of ‘head’
    (imported from Data.List, but defined in GHC.Internal.List):
    "This is a partial function, it throws an error on empty lists. Use pattern matching, 'Data.List.uncons' or 'Data.Maybe.listToMaybe' instead. Consider refactoring to use "Data.List.NonEmpty"."
    |
506 |     lineOption = head . filter (\(S k _ _) -> k == num) $ sRepresent
    |                  ^^^^

[32 of 33] Compiling Data.ChooseLine2
Data/ChooseLine2.hs:43:41: warning: [GHC-63394] [-Wx-partial]
    In the use of ‘head’
    (imported from Data.List, but defined in GHC.Internal.List):
    "This is a partial function, it throws an error on empty lists. Use pattern matching, 'Data.List.uncons' or 'Data.Maybe.listToMaybe' instead. Consider refactoring to use "Data.List.NonEmpty"."
   |
43 |                       else let (_,rs) = head ts in  (j,rs)) .
   |                                         ^^^^

Data/ChooseLine2.hs:48:69: warning: [GHC-63394] [-Wx-partial]
    In the use of ‘head’
    (imported from Data.List, but defined in GHC.Internal.List):
    "This is a partial function, it throws an error on empty lists. Use pattern matching, 'Data.List.uncons' or 'Data.Maybe.listToMaybe' instead. Consider refactoring to use "Data.List.NonEmpty"."
   |
48 |           toFileStr file3 ((\us -> if null us then [""] else [snd . head $ us]) . filter ((== choice2) . fst) $ strs)) $ [1..]
   |                                                                     ^^^^

[33 of 33] Compiling Aftovolio.General.Simple
Aftovolio/General/Simple.hs:378:36: warning: [GHC-63394] [-Wx-partial]
    In the use of ‘head’
    (imported from Data.List, but defined in GHC.Internal.List):
    "This is a partial function, it throws an error on empty lists. Use pattern matching, 'Data.List.uncons' or 'Data.Maybe.listToMaybe' instead. Consider refactoring to use "Data.List.NonEmpty"."
    |
378 |                     | otherwise = (head dcspecs == "1", last dcspecs)
    |                                    ^^^^

Aftovolio/General/Simple.hs:401:26: warning: [GHC-63394] [-Wx-partial]
    In the use of ‘head’
    (imported from Data.List, but defined in GHC.Internal.List):
    "This is a partial function, it throws an error on empty lists. Use pattern matching, 'Data.List.uncons' or 'Data.Maybe.listToMaybe' instead. Consider refactoring to use "Data.List.NonEmpty"."
    |
401 |                         (head multiline2, fromMaybe 1 (readMaybe (last multiline2) :: Maybe Int))
    |                          ^^^^

Aftovolio/General/Simple.hs:402:36: warning: [GHC-63394] [-Wx-partial]
    In the use of ‘head’
    (imported from Data.List, but defined in GHC.Internal.List):
    "This is a partial function, it throws an error on empty lists. Use pattern matching, 'Data.List.uncons' or 'Data.Maybe.listToMaybe' instead. Consider refactoring to use "Data.List.NonEmpty"."
    |
402 |                     | otherwise = (head multiline2, 1)
    |                                    ^^^^

Aftovolio/General/Simple.hs:452:26: warning: [GHC-63394] [-Wx-partial]
    In the use of ‘head’
    (imported from Data.List, but defined in GHC.Internal.List):
    "This is a partial function, it throws an error on empty lists. Use pattern matching, 'Data.List.uncons' or 'Data.Maybe.listToMaybe' instead. Consider refactoring to use "Data.List.NonEmpty"."
    |
452 |                         (head filedata, fromMaybe 0 (readMaybe (last filedata) :: Maybe Int))
    |                          ^^^^

Aftovolio/General/Simple.hs:453:36: warning: [GHC-63394] [-Wx-partial]
    In the use of ‘head’
    (imported from Data.List, but defined in GHC.Internal.List):
    "This is a partial function, it throws an error on empty lists. Use pattern matching, 'Data.List.uncons' or 'Data.Maybe.listToMaybe' instead. Consider refactoring to use "Data.List.NonEmpty"."
    |
453 |                     | otherwise = (head filedata, 0)
    |                                    ^^^^

Aftovolio/General/Simple.hs:708:18: warning: [GHC-63394] [-Wx-partial]
    In the use of ‘head’
    (imported from Data.List, but defined in GHC.Internal.List):
    "This is a partial function, it throws an error on empty lists. Use pattern matching, 'Data.List.uncons' or 'Data.Maybe.listToMaybe' instead. Consider refactoring to use "Data.List.NonEmpty"."
    |
708 |     lineOption = head . filter (\(S k _ _) -> k == num) $ sRepresent
    |                  ^^^^

Configuring executable 'aftovolioUkr' for aftovolio-0.8.0.0...
Preprocessing executable 'aftovolioUkr' for aftovolio-0.8.0.0...
Building executable 'aftovolioUkr' for aftovolio-0.8.0.0...
[ 1 of 34] Compiling Aftovolio.Basis
[ 2 of 34] Compiling Aftovolio.Coeffs
[ 3 of 34] Compiling Aftovolio.Constraints
[ 4 of 34] Compiling Aftovolio.ConstraintsEncoded
Aftovolio/ConstraintsEncoded.hs:272:15: warning: [GHC-63394] [-Wx-partial]
    In the use of ‘head’
    (imported from GHC.List, but defined in GHC.Internal.List):
    "This is a partial function, it throws an error on empty lists. Use pattern matching, 'Data.List.uncons' or 'Data.Maybe.listToMaybe' instead. Consider refactoring to use "Data.List.NonEmpty"."
    |
272 |             . head
    |               ^^^^

Aftovolio/ConstraintsEncoded.hs:273:15: warning: [GHC-63394] [-Wx-partial]
    In the use of ‘head’
    (imported from GHC.List, but defined in GHC.Internal.List):
    "This is a partial function, it throws an error on empty lists. Use pattern matching, 'Data.List.uncons' or 'Data.Maybe.listToMaybe' instead. Consider refactoring to use "Data.List.NonEmpty"."
    |
273 |             . head
    |               ^^^^

Aftovolio/ConstraintsEncoded.hs:290:27: warning: [GHC-63394] [-Wx-partial]
    In the use of ‘head’
    (imported from GHC.List, but defined in GHC.Internal.List):
    "This is a partial function, it throws an error on empty lists. Use pattern matching, 'Data.List.uncons' or 'Data.Maybe.listToMaybe' instead. Consider refactoring to use "Data.List.NonEmpty"."
    |
290 |                         . head
    |                           ^^^^

Aftovolio/ConstraintsEncoded.hs:291:27: warning: [GHC-63394] [-Wx-partial]
    In the use of ‘head’
    (imported from GHC.List, but defined in GHC.Internal.List):
    "This is a partial function, it throws an error on empty lists. Use pattern matching, 'Data.List.uncons' or 'Data.Maybe.listToMaybe' instead. Consider refactoring to use "Data.List.NonEmpty"."
    |
291 |                         . head
    |                           ^^^^

Aftovolio/ConstraintsEncoded.hs:310:17: warning: [GHC-63394] [-Wx-partial]
    In the use of ‘head’
    (imported from GHC.List, but defined in GHC.Internal.List):
    "This is a partial function, it throws an error on empty lists. Use pattern matching, 'Data.List.uncons' or 'Data.Maybe.listToMaybe' instead. Consider refactoring to use "Data.List.NonEmpty"."
    |
310 |         let h = head xs
    |                 ^^^^

Aftovolio/ConstraintsEncoded.hs:311:61: warning: [GHC-63394] [-Wx-partial]
    In the use of ‘tail’
    (imported from GHC.List, but defined in GHC.Internal.List):
    "This is a partial function, it throws an error on empty lists. Replace it with 'drop' 1, or use pattern matching or 'GHC.Internal.Data.List.uncons' instead. Consider refactoring to use "Data.List.NonEmpty"."
    |
311 |             ts = filter (\x -> x >= '0' && [x] <= show n) . tail $ xs
    |                                                             ^^^^

Aftovolio/ConstraintsEncoded.hs:328:79: warning: [GHC-63394] [-Wx-partial]
    In the use of ‘head’
    (imported from GHC.List, but defined in GHC.Internal.List):
    "This is a partial function, it throws an error on empty lists. Use pattern matching, 'Data.List.uncons' or 'Data.Maybe.listToMaybe' instead. Consider refactoring to use "Data.List.NonEmpty"."
    |
328 |                                 else Just ((if c == 'D' then D else I) n y z (head ps))
    |                                                                               ^^^^

Aftovolio/ConstraintsEncoded.hs:399:19: warning: [GHC-63394] [-Wx-partial]
    In the use of ‘head’
    (imported from GHC.List, but defined in GHC.Internal.List):
    "This is a partial function, it throws an error on empty lists. Use pattern matching, 'Data.List.uncons' or 'Data.Maybe.listToMaybe' instead. Consider refactoring to use "Data.List.NonEmpty"."
    |
399 |         qqs = map head h2
    |                   ^^^^

[ 5 of 34] Compiling Aftovolio.DataG
[ 6 of 34] Compiling Aftovolio.General.Base
Aftovolio/General/Base.hs:203:46: warning: [GHC-63394] [-Wx-partial]
    In the use of ‘head’
    (imported from GHC.List, but defined in GHC.Internal.List):
    "This is a partial function, it throws an error on empty lists. Use pattern matching, 'Data.List.uncons' or 'Data.Maybe.listToMaybe' instead. Consider refactoring to use "Data.List.NonEmpty"."
    |
203 |             ( (\xs -> if null xs then 1 else head xs) . filter (\n -> elem (take n ys) zss) $
    |                                              ^^^^

Aftovolio/General/Base.hs:397:41: warning: [GHC-63394] [-Wx-partial]
    In the use of ‘head’
    (imported from GHC.List, but defined in GHC.Internal.List):
    "This is a partial function, it throws an error on empty lists. Use pattern matching, 'Data.List.uncons' or 'Data.Maybe.listToMaybe' instead. Consider refactoring to use "Data.List.NonEmpty"."
    |
397 |     !zs = if null ts then [] else fst . head $ ts -- zs :: PhoneticRepresentationX
    |                                         ^^^^

[ 7 of 34] Compiling Aftovolio.General.Datatype3
Aftovolio/General/Datatype3.hs:123:11: warning: [GHC-63394] [-Wx-partial]
    In the use of ‘head’
    (imported from GHC.List, but defined in GHC.Internal.List):
    "This is a partial function, it throws an error on empty lists. Use pattern matching, 'Data.List.uncons' or 'Data.Maybe.listToMaybe' instead. Consider refactoring to use "Data.List.NonEmpty"."
    |
123 |     ql1 = head q2s
    |           ^^^^

Aftovolio/General/Datatype3.hs:201:10: warning: [GHC-63394] [-Wx-partial]
    In the use of ‘head’
    (imported from GHC.List, but defined in GHC.Internal.List):
    "This is a partial function, it throws an error on empty lists. Use pattern matching, 'Data.List.uncons' or 'Data.Maybe.listToMaybe' instead. Consider refactoring to use "Data.List.NonEmpty"."
    |
201 |     ql = head qs
    |          ^^^^

[ 8 of 34] Compiling Aftovolio.General.Distance
[ 9 of 34] Compiling Aftovolio.General.PrepareText
[10 of 34] Compiling Aftovolio.General.Syllables
[11 of 34] Compiling Aftovolio.Halfsplit
Aftovolio/Halfsplit.hs:59:53: warning: [GHC-63394] [-Wx-partial]
    In the use of ‘head’
    (imported from Data.List, but defined in GHC.Internal.List):
    "This is a partial function, it throws an error on empty lists. Use pattern matching, 'Data.List.uncons' or 'Data.Maybe.listToMaybe' instead. Consider refactoring to use "Data.List.NonEmpty"."
   |
59 |             l0 = length . showFiltering filtering . head $ xs -- For empty lines
   |                                                     ^^^^

[12 of 34] Compiling Aftovolio.Partir
[13 of 34] Compiling Aftovolio.PermutationsArr
[14 of 34] Compiling Aftovolio.PermutationsArrMini
[15 of 34] Compiling Aftovolio.PermutationsArrMini1
[16 of 34] Compiling Aftovolio.PermutationsArrMini2
[17 of 34] Compiling Aftovolio.PermutationsRepresent
[18 of 34] Compiling Aftovolio.RGLPK.General
[19 of 34] Compiling Aftovolio.General.SpecificationsRead
[20 of 34] Compiling Aftovolio.General.Parsing
[21 of 34] Compiling Aftovolio.StrictVG
[22 of 34] Compiling Aftovolio.Tests
[23 of 34] Compiling Aftovolio.Ukrainian.Common2
[24 of 34] Compiling Aftovolio.Ukrainian.Melodics
Aftovolio/Ukrainian/Melodics.hs:432:25: warning: [GHC-63394] [-Wx-partial]
    In the use of ‘head’
    (imported from GHC.List, but defined in GHC.Internal.List):
    "This is a partial function, it throws an error on empty lists. Use pattern matching, 'Data.List.uncons' or 'Data.Maybe.listToMaybe' instead. Consider refactoring to use "Data.List.NonEmpty"."
    |
432 |     | not (null ta) && (head ta == 27 && getBFst' (False, tup2) h) =
    |                         ^^^^

Aftovolio/Ukrainian/Melodics.hs:708:9: warning: [GHC-63394] [-Wx-partial]
    In the use of ‘head’
    (imported from GHC.List, but defined in GHC.Internal.List):
    "This is a partial function, it throws an error on empty lists. Use pattern matching, 'Data.List.uncons' or 'Data.Maybe.listToMaybe' instead. Consider refactoring to use "Data.List.NonEmpty"."
    |
708 |     k = head ts
    |         ^^^^

Aftovolio/Ukrainian/Melodics.hs:714:45: warning: [GHC-63394] [-Wx-partial]
    In the use of ‘tail’
    (imported from GHC.List, but defined in GHC.Internal.List):
    "This is a partial function, it throws an error on empty lists. Replace it with 'drop' 1, or use pattern matching or 'GHC.Internal.Data.List.uncons' instead. Consider refactoring to use "Data.List.NonEmpty"."
    |
714 |     | otherwise = ks : takeFromFT2 (n - 1) (tail ts)
    |                                             ^^^^

Aftovolio/Ukrainian/Melodics.hs:716:10: warning: [GHC-63394] [-Wx-partial]
    In the use of ‘head’
    (imported from GHC.List, but defined in GHC.Internal.List):
    "This is a partial function, it throws an error on empty lists. Use pattern matching, 'Data.List.uncons' or 'Data.Maybe.listToMaybe' instead. Consider refactoring to use "Data.List.NonEmpty"."
    |
716 |     ks = head ts
    |          ^^^^

Aftovolio/Ukrainian/Melodics.hs:721:15: warning: [GHC-63394] [-Wx-partial]
    In the use of ‘tail’
    (imported from GHC.List, but defined in GHC.Internal.List):
    "This is a partial function, it throws an error on empty lists. Replace it with 'drop' 1, or use pattern matching or 'GHC.Internal.Data.List.uncons' instead. Consider refactoring to use "Data.List.NonEmpty"."
    |
721 |     | n < 2 = tail ts
    |               ^^^^

Aftovolio/Ukrainian/Melodics.hs:722:40: warning: [GHC-63394] [-Wx-partial]
    In the use of ‘tail’
    (imported from GHC.List, but defined in GHC.Internal.List):
    "This is a partial function, it throws an error on empty lists. Replace it with 'drop' 1, or use pattern matching or 'GHC.Internal.Data.List.uncons' instead. Consider refactoring to use "Data.List.NonEmpty"."
    |
722 |     | otherwise = dropFromFT2 (n - 1) (tail ts)
    |                                        ^^^^

[25 of 34] Compiling Aftovolio.Ukrainian.PrepareText
Aftovolio/Ukrainian/PrepareText.hs:291:27: warning: [GHC-63394] [-Wx-partial]
    In the use of ‘head’
    (imported from Data.List, but defined in GHC.Internal.List):
    "This is a partial function, it throws an error on empty lists. Use pattern matching, 'Data.List.uncons' or 'Data.Maybe.listToMaybe' instead. Consider refactoring to use "Data.List.NonEmpty"."
    |
291 |          in (ts `mappend` head rs) : complexWords (concat [ws, xss])
    |                           ^^^^

Aftovolio/Ukrainian/PrepareText.hs:511:17: warning: [GHC-63394] [-Wx-partial]
    In the use of ‘head’
    (imported from Data.List, but defined in GHC.Internal.List):
    "This is a partial function, it throws an error on empty lists. Use pattern matching, 'Data.List.uncons' or 'Data.Maybe.listToMaybe' instead. Consider refactoring to use "Data.List.NonEmpty"."
    |
511 |             && (head ts `notElem` "\1031\1111")
    |                 ^^^^

Aftovolio/Ukrainian/PrepareText.hs:667:19: warning: [GHC-63394] [-Wx-partial]
    In the use of ‘head’
    (imported from Data.List, but defined in GHC.Internal.List):
    "This is a partial function, it throws an error on empty lists. Use pattern matching, 'Data.List.uncons' or 'Data.Maybe.listToMaybe' instead. Consider refactoring to use "Data.List.NonEmpty"."
    |
667 |     | otherwise = head xs
    |                   ^^^^

[26 of 34] Compiling Aftovolio.Ukrainian.ReverseConcatenations
[27 of 34] Compiling Aftovolio.Ukrainian.Syllable
[28 of 34] Compiling Aftovolio.Ukrainian.SyllableWord8
[29 of 34] Compiling Aftovolio.Ukrainian.ReadDurations
[30 of 34] Compiling Aftovolio.UniquenessPeriodsG
Aftovolio/UniquenessPeriodsG.hs:58:37: warning: [GHC-63394] [-Wx-partial]
    In the use of ‘head’
    (imported from Data.List, but defined in GHC.Internal.List):
    "This is a partial function, it throws an error on empty lists. Use pattern matching, 'Data.List.uncons' or 'Data.Maybe.listToMaybe' instead. Consider refactoring to use "Data.List.NonEmpty"."
   |
58 |                             , snd . head $ v2
   |                                     ^^^^

[31 of 34] Compiling Aftovolio.Ukrainian.IO
Aftovolio/Ukrainian/IO.hs:506:18: warning: [GHC-63394] [-Wx-partial]
    In the use of ‘head’
    (imported from Data.List, but defined in GHC.Internal.List):
    "This is a partial function, it throws an error on empty lists. Use pattern matching, 'Data.List.uncons' or 'Data.Maybe.listToMaybe' instead. Consider refactoring to use "Data.List.NonEmpty"."
    |
506 |     lineOption = head . filter (\(S k _ _) -> k == num) $ sRepresent
    |                  ^^^^

[32 of 34] Compiling Data.ChooseLine2
Data/ChooseLine2.hs:43:41: warning: [GHC-63394] [-Wx-partial]
    In the use of ‘head’
    (imported from Data.List, but defined in GHC.Internal.List):
    "This is a partial function, it throws an error on empty lists. Use pattern matching, 'Data.List.uncons' or 'Data.Maybe.listToMaybe' instead. Consider refactoring to use "Data.List.NonEmpty"."
   |
43 |                       else let (_,rs) = head ts in  (j,rs)) .
   |                                         ^^^^

Data/ChooseLine2.hs:48:69: warning: [GHC-63394] [-Wx-partial]
    In the use of ‘head’
    (imported from Data.List, but defined in GHC.Internal.List):
    "This is a partial function, it throws an error on empty lists. Use pattern matching, 'Data.List.uncons' or 'Data.Maybe.listToMaybe' instead. Consider refactoring to use "Data.List.NonEmpty"."
   |
48 |           toFileStr file3 ((\us -> if null us then [""] else [snd . head $ us]) . filter ((== choice2) . fst) $ strs)) $ [1..]
   |                                                                     ^^^^

[33 of 34] Compiling Aftovolio.General.Simple
Aftovolio/General/Simple.hs:378:36: warning: [GHC-63394] [-Wx-partial]
    In the use of ‘head’
    (imported from Data.List, but defined in GHC.Internal.List):
    "This is a partial function, it throws an error on empty lists. Use pattern matching, 'Data.List.uncons' or 'Data.Maybe.listToMaybe' instead. Consider refactoring to use "Data.List.NonEmpty"."
    |
378 |                     | otherwise = (head dcspecs == "1", last dcspecs)
    |                                    ^^^^

Aftovolio/General/Simple.hs:401:26: warning: [GHC-63394] [-Wx-partial]
    In the use of ‘head’
    (imported from Data.List, but defined in GHC.Internal.List):
    "This is a partial function, it throws an error on empty lists. Use pattern matching, 'Data.List.uncons' or 'Data.Maybe.listToMaybe' instead. Consider refactoring to use "Data.List.NonEmpty"."
    |
401 |                         (head multiline2, fromMaybe 1 (readMaybe (last multiline2) :: Maybe Int))
    |                          ^^^^

Aftovolio/General/Simple.hs:402:36: warning: [GHC-63394] [-Wx-partial]
    In the use of ‘head’
    (imported from Data.List, but defined in GHC.Internal.List):
    "This is a partial function, it throws an error on empty lists. Use pattern matching, 'Data.List.uncons' or 'Data.Maybe.listToMaybe' instead. Consider refactoring to use "Data.List.NonEmpty"."
    |
402 |                     | otherwise = (head multiline2, 1)
    |                                    ^^^^

Aftovolio/General/Simple.hs:452:26: warning: [GHC-63394] [-Wx-partial]
    In the use of ‘head’
    (imported from Data.List, but defined in GHC.Internal.List):
    "This is a partial function, it throws an error on empty lists. Use pattern matching, 'Data.List.uncons' or 'Data.Maybe.listToMaybe' instead. Consider refactoring to use "Data.List.NonEmpty"."
    |
452 |                         (head filedata, fromMaybe 0 (readMaybe (last filedata) :: Maybe Int))
    |                          ^^^^

Aftovolio/General/Simple.hs:453:36: warning: [GHC-63394] [-Wx-partial]
    In the use of ‘head’
    (imported from Data.List, but defined in GHC.Internal.List):
    "This is a partial function, it throws an error on empty lists. Use pattern matching, 'Data.List.uncons' or 'Data.Maybe.listToMaybe' instead. Consider refactoring to use "Data.List.NonEmpty"."
    |
453 |                     | otherwise = (head filedata, 0)
    |                                    ^^^^

Aftovolio/General/Simple.hs:708:18: warning: [GHC-63394] [-Wx-partial]
    In the use of ‘head’
    (imported from Data.List, but defined in GHC.Internal.List):
    "This is a partial function, it throws an error on empty lists. Use pattern matching, 'Data.List.uncons' or 'Data.Maybe.listToMaybe' instead. Consider refactoring to use "Data.List.NonEmpty"."
    |
708 |     lineOption = head . filter (\(S k _ _) -> k == num) $ sRepresent
    |                  ^^^^

[34 of 34] Compiling Main
src/Main.hs:59:26: warning: [GHC-63394] [-Wx-partial]
    In the use of ‘head’
    (imported from Data.List, but defined in GHC.Internal.List):
    "This is a partial function, it throws an error on empty lists. Use pattern matching, 'Data.List.uncons' or 'Data.Maybe.listToMaybe' instead. Consider refactoring to use "Data.List.NonEmpty"."
   |
59 |           | otherwise = (head dcspecs == "1",last dcspecs)
   |                          ^^^^

src/Main.hs:83:39: warning: [GHC-63394] [-Wx-partial]
    In the use of ‘head’
    (imported from Data.List, but defined in GHC.Internal.List):
    "This is a partial function, it throws an error on empty lists. Use pattern matching, 'Data.List.uncons' or 'Data.Maybe.listToMaybe' instead. Consider refactoring to use "Data.List.NonEmpty"."
   |
83 |           | length multiline2 == 2 = (head multiline2, fromMaybe 1 (readMaybe (last multiline2)::Maybe Int))
   |                                       ^^^^

src/Main.hs:84:26: warning: [GHC-63394] [-Wx-partial]
    In the use of ‘head’
    (imported from Data.List, but defined in GHC.Internal.List):
    "This is a partial function, it throws an error on empty lists. Use pattern matching, 'Data.List.uncons' or 'Data.Maybe.listToMaybe' instead. Consider refactoring to use "Data.List.NonEmpty"."
   |
84 |           | otherwise = (head multiline2, 1)
   |                          ^^^^

src/Main.hs:131:37: warning: [GHC-63394] [-Wx-partial]
    In the use of ‘head’
    (imported from Data.List, but defined in GHC.Internal.List):
    "This is a partial function, it throws an error on empty lists. Use pattern matching, 'Data.List.uncons' or 'Data.Maybe.listToMaybe' instead. Consider refactoring to use "Data.List.NonEmpty"."
    |
131 |           | length filedata == 2 = (head filedata, fromMaybe 0 (readMaybe (last filedata)::Maybe Int))
    |                                     ^^^^

src/Main.hs:132:26: warning: [GHC-63394] [-Wx-partial]
    In the use of ‘head’
    (imported from Data.List, but defined in GHC.Internal.List):
    "This is a partial function, it throws an error on empty lists. Use pattern matching, 'Data.List.uncons' or 'Data.Maybe.listToMaybe' instead. Consider refactoring to use "Data.List.NonEmpty"."
    |
132 |           | otherwise = (head filedata,0)
    |                          ^^^^

[35 of 35] Linking /tmp/workdir-aftovolio/aftovolio-0.8.0.0/dist-newstyle/build/x86_64-linux/ghc-9.10.2/aftovolio-0.8.0.0/x/aftovolioUkr/build/aftovolioUkr/aftovolioUkr
Configuring executable 'unconcatUkr2' for aftovolio-0.8.0.0...
Preprocessing executable 'unconcatUkr2' for aftovolio-0.8.0.0...
Building executable 'unconcatUkr2' for aftovolio-0.8.0.0...
[1 of 2] Compiling Aftovolio.Ukrainian.ReverseConcatenations
[2 of 2] Compiling Main
[3 of 3] Linking /tmp/workdir-aftovolio/aftovolio-0.8.0.0/dist-newstyle/build/x86_64-linux/ghc-9.10.2/aftovolio-0.8.0.0/x/unconcatUkr2/build/unconcatUkr2/unconcatUkr2
