Resolving dependencies...
Build profile: -w ghc-9.10.2 -O1
In order, the following will be built (use -v for more details):
 - gogol-gmail-1.0.0 (lib) (first run)
Configuring library for gogol-gmail-1.0.0...
Preprocessing library for gogol-gmail-1.0.0...
Building library for gogol-gmail-1.0.0...
[ 1 of 83] Compiling Gogol.Gmail.Internal.Sum
[ 2 of 83] Compiling Gogol.Gmail.Internal.Product
[ 3 of 83] Compiling Gogol.Gmail.Types
[ 4 of 83] Compiling Gogol.Gmail.Users.Drafts.Create
[ 5 of 83] Compiling Gogol.Gmail.Users.Drafts.Delete
[ 6 of 83] Compiling Gogol.Gmail.Users.Drafts.Get
[ 7 of 83] Compiling Gogol.Gmail.Users.Drafts.List
[ 8 of 83] Compiling Gogol.Gmail.Users.Drafts.Send
[ 9 of 83] Compiling Gogol.Gmail.Users.Drafts.Update
[10 of 83] Compiling Gogol.Gmail.Users.GetProfile
[11 of 83] Compiling Gogol.Gmail.Users.History.List
[12 of 83] Compiling Gogol.Gmail.Users.Labels.Create
[13 of 83] Compiling Gogol.Gmail.Users.Labels.Delete
[14 of 83] Compiling Gogol.Gmail.Users.Labels.Get
[15 of 83] Compiling Gogol.Gmail.Users.Labels.List
[16 of 83] Compiling Gogol.Gmail.Users.Labels.Patch
[17 of 83] Compiling Gogol.Gmail.Users.Labels.Update
[18 of 83] Compiling Gogol.Gmail.Users.Messages.Attachments.Get
[19 of 83] Compiling Gogol.Gmail.Users.Messages.BatchDelete
[20 of 83] Compiling Gogol.Gmail.Users.Messages.BatchModify
[21 of 83] Compiling Gogol.Gmail.Users.Messages.Delete
[22 of 83] Compiling Gogol.Gmail.Users.Messages.Get
[23 of 83] Compiling Gogol.Gmail.Users.Messages.Import
[24 of 83] Compiling Gogol.Gmail.Users.Messages.Insert
[25 of 83] Compiling Gogol.Gmail.Users.Messages.List
[26 of 83] Compiling Gogol.Gmail.Users.Messages.Modify
[27 of 83] Compiling Gogol.Gmail.Users.Messages.Send
[28 of 83] Compiling Gogol.Gmail.Users.Messages.Trash
[29 of 83] Compiling Gogol.Gmail.Users.Messages.Untrash
[30 of 83] Compiling Gogol.Gmail.Users.Settings.Cse.Identities.Create
[31 of 83] Compiling Gogol.Gmail.Users.Settings.Cse.Identities.Delete
[32 of 83] Compiling Gogol.Gmail.Users.Settings.Cse.Identities.Get
[33 of 83] Compiling Gogol.Gmail.Users.Settings.Cse.Identities.List
[34 of 83] Compiling Gogol.Gmail.Users.Settings.Cse.Identities.Patch
[35 of 83] Compiling Gogol.Gmail.Users.Settings.Cse.Keypairs.Create
[36 of 83] Compiling Gogol.Gmail.Users.Settings.Cse.Keypairs.Disable
[37 of 83] Compiling Gogol.Gmail.Users.Settings.Cse.Keypairs.Enable
[38 of 83] Compiling Gogol.Gmail.Users.Settings.Cse.Keypairs.Get
[39 of 83] Compiling Gogol.Gmail.Users.Settings.Cse.Keypairs.List
[40 of 83] Compiling Gogol.Gmail.Users.Settings.Cse.Keypairs.Obliterate
[41 of 83] Compiling Gogol.Gmail.Users.Settings.Delegates.Create
[42 of 83] Compiling Gogol.Gmail.Users.Settings.Delegates.Delete
[43 of 83] Compiling Gogol.Gmail.Users.Settings.Delegates.Get
[44 of 83] Compiling Gogol.Gmail.Users.Settings.Delegates.List
[45 of 83] Compiling Gogol.Gmail.Users.Settings.Filters.Create
[46 of 83] Compiling Gogol.Gmail.Users.Settings.Filters.Delete
[47 of 83] Compiling Gogol.Gmail.Users.Settings.Filters.Get
[48 of 83] Compiling Gogol.Gmail.Users.Settings.Filters.List
[49 of 83] Compiling Gogol.Gmail.Users.Settings.ForwardingAddresses.Create
[50 of 83] Compiling Gogol.Gmail.Users.Settings.ForwardingAddresses.Delete
[51 of 83] Compiling Gogol.Gmail.Users.Settings.ForwardingAddresses.Get
[52 of 83] Compiling Gogol.Gmail.Users.Settings.ForwardingAddresses.List
[53 of 83] Compiling Gogol.Gmail.Users.Settings.GetAutoForwarding
[54 of 83] Compiling Gogol.Gmail.Users.Settings.GetImap
[55 of 83] Compiling Gogol.Gmail.Users.Settings.GetLanguage
[56 of 83] Compiling Gogol.Gmail.Users.Settings.GetPop
[57 of 83] Compiling Gogol.Gmail.Users.Settings.GetVacation
[58 of 83] Compiling Gogol.Gmail.Users.Settings.SendAs.Create
[59 of 83] Compiling Gogol.Gmail.Users.Settings.SendAs.Delete
[60 of 83] Compiling Gogol.Gmail.Users.Settings.SendAs.Get
[61 of 83] Compiling Gogol.Gmail.Users.Settings.SendAs.List
[62 of 83] Compiling Gogol.Gmail.Users.Settings.SendAs.Patch
[63 of 83] Compiling Gogol.Gmail.Users.Settings.SendAs.SmimeInfo.Delete
[64 of 83] Compiling Gogol.Gmail.Users.Settings.SendAs.SmimeInfo.Get
[65 of 83] Compiling Gogol.Gmail.Users.Settings.SendAs.SmimeInfo.Insert
[66 of 83] Compiling Gogol.Gmail.Users.Settings.SendAs.SmimeInfo.List
[67 of 83] Compiling Gogol.Gmail.Users.Settings.SendAs.SmimeInfo.SetDefault
[68 of 83] Compiling Gogol.Gmail.Users.Settings.SendAs.Update
[69 of 83] Compiling Gogol.Gmail.Users.Settings.SendAs.Verify
[70 of 83] Compiling Gogol.Gmail.Users.Settings.UpdateAutoForwarding
[71 of 83] Compiling Gogol.Gmail.Users.Settings.UpdateImap
[72 of 83] Compiling Gogol.Gmail.Users.Settings.UpdateLanguage
[73 of 83] Compiling Gogol.Gmail.Users.Settings.UpdatePop
[74 of 83] Compiling Gogol.Gmail.Users.Settings.UpdateVacation
[75 of 83] Compiling Gogol.Gmail.Users.Stop
[76 of 83] Compiling Gogol.Gmail.Users.Threads.Delete
[77 of 83] Compiling Gogol.Gmail.Users.Threads.Get
[78 of 83] Compiling Gogol.Gmail.Users.Threads.List
[79 of 83] Compiling Gogol.Gmail.Users.Threads.Modify
[80 of 83] Compiling Gogol.Gmail.Users.Threads.Trash
[81 of 83] Compiling Gogol.Gmail.Users.Threads.Untrash
[82 of 83] Compiling Gogol.Gmail.Users.Watch
[83 of 83] Compiling Gogol.Gmail
