Resolving dependencies...
Build profile: -w ghc-9.10.2 -O1
In order, the following will be built (use -v for more details):
 - swizzle-lens-0.1.0.0 (lib) (first run)
 - swizzle-lens-0.1.0.0 (test:swizzle-lens-test) (first run)
Configuring library for swizzle-lens-0.1.0.0...
Preprocessing library for swizzle-lens-0.1.0.0...
Building library for swizzle-lens-0.1.0.0...
[1 of 5] Compiling Data.SwizzleLens.Pkg
src/Data/SwizzleLens/Pkg.hs:1:1: warning: [GHC-85401] [-Wmissing-export-lists]
    The export item ‘module Data.SwizzleLens.Pkg’ is missing an export list
  |
1 | {-# LANGUAGE TemplateHaskell #-}
  | ^

src/Data/SwizzleLens/Pkg.hs:13:75: warning: [GHC-63394] [-Wx-partial]
    In the use of ‘head’
    (imported from Prelude, but defined in GHC.Internal.List):
    "This is a partial function, it throws an error on empty lists. Use pattern matching, 'Data.List.uncons' or 'Data.Maybe.listToMaybe' instead. Consider refactoring to use "Data.List.NonEmpty"."
   |
13 | swizzleClassPkg = $(litE =<< stringL . (\(Module (PkgName pn) _) -> pn) . head
   |                                                                           ^^^^

src/Data/SwizzleLens/Pkg.hs:18:78: warning: [GHC-63394] [-Wx-partial]
    In the use of ‘head’
    (imported from Prelude, but defined in GHC.Internal.List):
    "This is a partial function, it throws an error on empty lists. Use pattern matching, 'Data.List.uncons' or 'Data.Maybe.listToMaybe' instead. Consider refactoring to use "Data.List.NonEmpty"."
   |
18 | swizzleSetClassPkg = $(litE =<< stringL . (\(Module (PkgName pn) _) -> pn) . head
   |                                                                              ^^^^

[2 of 5] Compiling Paths_swizzle_lens
[3 of 5] Compiling Template.Tools
src/Template/Tools.hs:1:1: warning: [GHC-85401] [-Wmissing-export-lists]
    The export item ‘module Template.Tools’ is missing an export list
  |
1 | {-# LANGUAGE ImportQualifiedPost #-}
  | ^

[4 of 5] Compiling Data.SwizzleLens.TH
src/Data/SwizzleLens/TH.hs:27:17: warning: [GHC-62161] [-Wincomplete-uni-patterns]
    Pattern match(es) are non-exhaustive
    In a pattern binding: Patterns of type ‘[TypeQ]’ not matched: []
   |
27 |         let     xsa : ysbs = swzsList s nm ab in
   |                 ^^^^^^^^^^^^^^^^^^^^^^^^^^^^^

[5 of 5] Compiling Data.SwizzleLens
src/Data/SwizzleLens.hs:1:1: warning: [GHC-85401] [-Wmissing-export-lists]
    The export item ‘module Data.SwizzleLens’ is missing an export list
  |
1 | {-# LANGUAGE TemplateHaskell #-}
  | ^

Configuring test suite 'swizzle-lens-test' for swizzle-lens-0.1.0.0...
Preprocessing test suite 'swizzle-lens-test' for swizzle-lens-0.1.0.0...
Building test suite 'swizzle-lens-test' for swizzle-lens-0.1.0.0...
[1 of 2] Compiling Main
[2 of 2] Compiling Paths_swizzle_lens
[3 of 3] Linking dist-newstyle/build/x86_64-linux/ghc-9.10.2/swizzle-lens-0.1.0.0/t/swizzle-lens-test/build/swizzle-lens-test/swizzle-lens-test
