Resolving dependencies...
Build profile: -w ghc-9.10.2 -O1
In order, the following will be built (use -v for more details):
 - butcher-1.3.3.2 (lib) (first run)
 - butcher-1.3.3.2 (test:tests) (first run)
Configuring library for butcher-1.3.3.2...
Preprocessing library for butcher-1.3.3.2...
Building library for butcher-1.3.3.2...
[ 1 of 11] Compiling UI.Butcher.Monadic.Internal.Types
[ 2 of 11] Compiling UI.Butcher.Monadic.Internal.Core
src/UI/Butcher/Monadic/Internal/Core.hs:960:12: warning: [GHC-12003] [-Wtype-equality-out-of-scope]
    • The ‘~’ operator is out of scope.
      Assuming it to stand for an equality constraint.
    • NB: ‘~’ used to be built-in syntax but now is a regular type operator
          exported from Data.Type.Equality and Prelude.
      If you are using a custom Prelude, consider re-exporting it.
    • This will become an error in a future GHC release.
    |
960 |        , m ~ MultiRWSS.MultiRWST r w s m0
    |            ^

src/UI/Butcher/Monadic/Internal/Core.hs:1152:12: warning: [GHC-12003] [-Wtype-equality-out-of-scope]
    • The ‘~’ operator is out of scope.
      Assuming it to stand for an equality constraint.
    • NB: ‘~’ used to be built-in syntax but now is a regular type operator
          exported from Data.Type.Equality and Prelude.
      If you are using a custom Prelude, consider re-exporting it.
    • This will become an error in a future GHC release.
     |
1152 |     :: ( m ~ MultiRWSS.MultiRWST r w s m0
     |            ^

src/UI/Butcher/Monadic/Internal/Core.hs:1185:31: warning: [GHC-63394] [-Wx-partial]
    In the use of ‘head’
    (imported from Prelude, but defined in GHC.Internal.List):
    "This is a partial function, it throws an error on empty lists. Use pattern matching, 'Data.List.uncons' or 'Data.Maybe.listToMaybe' instead. Consider refactoring to use "Data.List.NonEmpty"."
     |
1185 |     PartAlts     alts  -> f $ head alts -- this is not optimal, but probably
     |                               ^^^^

[ 3 of 11] Compiling UI.Butcher.Monadic.Flag
[ 4 of 11] Compiling UI.Butcher.Monadic.Param
[ 5 of 11] Compiling UI.Butcher.Monadic.Command
[ 6 of 11] Compiling UI.Butcher.Monadic.Pretty
[ 7 of 11] Compiling UI.Butcher.Monadic.Interactive
[ 8 of 11] Compiling UI.Butcher.Monadic.IO
src/UI/Butcher/Monadic/IO.hs:95:70: warning: [GHC-63394] [-Wx-partial]
    In the use of ‘head’
    (imported from Prelude, but defined in GHC.Internal.List):
    "This is a partial function, it throws an error on empty lists. Use pattern matching, 'Data.List.uncons' or 'Data.Maybe.listToMaybe' instead. Consider refactoring to use "Data.List.NonEmpty"."
   |
95 |           putStrErrLn $ progName ++ ": error parsing arguments: " ++ head mess
   |                                                                      ^^^^

[ 9 of 11] Compiling UI.Butcher.Monadic.BuiltinCommands
[10 of 11] Compiling UI.Butcher.Monadic.Types
[11 of 11] Compiling UI.Butcher.Monadic
Configuring test suite 'tests' for butcher-1.3.3.2...
Preprocessing test suite 'tests' for butcher-1.3.3.2...
Building test suite 'tests' for butcher-1.3.3.2...
[1 of 1] Compiling Main
[2 of 2] Linking /tmp/workdir-butcher/butcher-1.3.3.2/dist-newstyle/build/x86_64-linux/ghc-9.10.2/butcher-1.3.3.2/t/tests/build/tests/tests
