Resolving dependencies...
Build profile: -w ghc-9.10.2 -O1
In order, the following will be built (use -v for more details):
 - Allure-0.11.0.0 (lib) (first run)
 - Allure-0.11.0.0 (test:test) (first run)
 - Allure-0.11.0.0 (exe:Allure) (first run)
Configuring library for Allure-0.11.0.0...
Preprocessing library for Allure-0.11.0.0...
Building library for Allure-0.11.0.0...
[ 1 of 18] Compiling Client.UI.Content.Input
[ 2 of 18] Compiling Client.UI.Content.Screen
[ 3 of 18] Compiling Content.ItemKindTemporary
[ 4 of 18] Compiling Content.ItemKindBlast
[ 5 of 18] Compiling Implementation.MonadClientImplementation
[ 6 of 18] Compiling Implementation.MonadServerImplementation
[ 7 of 18] Compiling Paths_Allure
[ 8 of 18] Compiling Content.RuleKind
[ 9 of 18] Compiling Content.ItemKindOrgan
[10 of 18] Compiling Content.ItemKindActor
[11 of 18] Compiling Content.ItemKindEmbed
[12 of 18] Compiling Content.TileKind
[13 of 18] Compiling Content.PlaceKind
GameDefinition/Content/PlaceKind.hs:1734:41: warning: [GHC-63394] [-Wx-partial]
    In the use of ‘tail’
    (imported from Game.LambdaHack.Core.Prelude, but defined in GHC.Internal.List):
    "This is a partial function, it throws an error on empty lists. Replace it with 'drop' 1, or use pattern matching or 'GHC.Internal.Data.List.uncons' instead. Consider refactoring to use "Data.List.NonEmpty"."
     |
1734 |   { pname     = T.unwords $ "a gated" : tail (T.words (pname s))
     |                                         ^^^^

GameDefinition/Content/PlaceKind.hs:1745:41: warning: [GHC-63394] [-Wx-partial]
    In the use of ‘tail’
    (imported from Game.LambdaHack.Core.Prelude, but defined in GHC.Internal.List):
    "This is a partial function, it throws an error on empty lists. Replace it with 'drop' 1, or use pattern matching or 'GHC.Internal.Data.List.uncons' instead. Consider refactoring to use "Data.List.NonEmpty"."
     |
1745 |   { pname     = T.unwords $ "a gated" : tail (T.words (pname s))
     |                                         ^^^^

[14 of 18] Compiling Content.FactionKind
[15 of 18] Compiling Content.ItemKind
[16 of 18] Compiling Content.CaveKind
[17 of 18] Compiling Content.ModeKind
[18 of 18] Compiling TieKnot
Configuring test suite 'test' for Allure-0.11.0.0...
Preprocessing test suite 'test' for Allure-0.11.0.0...
Building test suite 'test' for Allure-0.11.0.0...
[1 of 1] Compiling Main
[2 of 2] Linking /tmp/workdir-Allure/Allure-0.11.0.0/dist-newstyle/build/x86_64-linux/ghc-9.10.2/Allure-0.11.0.0/t/test/build/test/test
Configuring executable 'Allure' for Allure-0.11.0.0...
Preprocessing executable 'Allure' for Allure-0.11.0.0...
Building executable 'Allure' for Allure-0.11.0.0...
[1 of 1] Compiling Main
[2 of 2] Linking /tmp/workdir-Allure/Allure-0.11.0.0/dist-newstyle/build/x86_64-linux/ghc-9.10.2/Allure-0.11.0.0/x/Allure/build/Allure/Allure
