Warning: The package description file ./snap-blaze.cabal has warnings:
snap-blaze.cabal:25:25: version operators used. To use version operators the
package needs to specify at least 'cabal-version: >= 1.8'.
snap-blaze.cabal:26:25: version operators used. To use version operators the
package needs to specify at least 'cabal-version: >= 1.8'.
snap-blaze.cabal:27:25: version operators used. To use version operators the
package needs to specify at least 'cabal-version: >= 1.8'.
Warning: The package description file
/tmp/workdir-snap-blaze/snap-blaze-0.2.1.5/snap-blaze.cabal has warnings:
/tmp/workdir-snap-blaze/snap-blaze-0.2.1.5/snap-blaze.cabal:25:25: version
operators used. To use version operators the package needs to specify at least
'cabal-version: >= 1.8'.
/tmp/workdir-snap-blaze/snap-blaze-0.2.1.5/snap-blaze.cabal:26:25: version
operators used. To use version operators the package needs to specify at least
'cabal-version: >= 1.8'.
/tmp/workdir-snap-blaze/snap-blaze-0.2.1.5/snap-blaze.cabal:27:25: version
operators used. To use version operators the package needs to specify at least
'cabal-version: >= 1.8'.
Resolving dependencies...
Build profile: -w ghc-9.10.2 -O1
In order, the following will be built (use -v for more details):
 - snap-blaze-0.2.1.5 (lib:snap-blaze) (first run)
Warning: snap-blaze.cabal:25:25: version operators used. To use version
operators the package needs to specify at least 'cabal-version: >= 1.8'.
Warning: snap-blaze.cabal:26:25: version operators used. To use version
operators the package needs to specify at least 'cabal-version: >= 1.8'.
Warning: snap-blaze.cabal:27:25: version operators used. To use version
operators the package needs to specify at least 'cabal-version: >= 1.8'.
Configuring snap-blaze-0.2.1.5...
Preprocessing library for snap-blaze-0.2.1.5...
Building library for snap-blaze-0.2.1.5...
[1 of 1] Compiling Snap.Blaze
