Resolving dependencies...
Build profile: -w ghc-9.10.2 -O1
In order, the following will be built (use -v for more details):
 - ogma-language-xlsx-1.7.0 (lib) (first run)
Configuring library for ogma-language-xlsx-1.7.0...
Preprocessing library for ogma-language-xlsx-1.7.0...
Building library for ogma-language-xlsx-1.7.0...
[1 of 1] Compiling Language.XLSXSpec.Parser
src/Language/XLSXSpec/Parser.hs:36:46: warning: [GHC-38856] [-Wunused-imports]
    The import of ‘sequence’ from module ‘Control.Monad’ is redundant
   |
36 | import           Control.Monad        (forM, sequence)
   |                                              ^^^^^^^^

src/Language/XLSXSpec/Parser.hs:38:1: warning: [GHC-66111] [-Wunused-imports]
    The import of ‘Data.List’ is redundant
      except perhaps to import instances from ‘Data.List’
    To import instances alone, use: import Data.List()
   |
38 | import           Data.List            (lookup)
   | ^^^^^^^^^^^^^^^^^^^^^^^^^^^^^^^^^^^^^^^^^^^^^^

src/Language/XLSXSpec/Parser.hs:41:1: warning: [GHC-66111] [-Wunused-imports]
    The qualified import of ‘Data.Text.Encoding’ is redundant
      except perhaps to import instances from ‘Data.Text.Encoding’
    To import instances alone, use: import Data.Text.Encoding()
   |
41 | import qualified Data.Text.Encoding   as T
   | ^^^^^^^^^^^^^^^^^^^^^^^^^^^^^^^^^^^^^^^^^^

src/Language/XLSXSpec/Parser.hs:87:50: warning: [GHC-63394] [-Wx-partial]
    In the use of ‘tail’
    (imported from Prelude, but defined in GHC.Internal.List):
    "This is a partial function, it throws an error on empty lists. Replace it with 'drop' 1, or use pattern matching or 'GHC.Internal.Data.List.uncons' instead. Consider refactoring to use "Data.List.NonEmpty"."
   |
87 |       let rows  = if skipHeaders xlsxFormat then tail rows' else rows'
   |                                                  ^^^^

src/Language/XLSXSpec/Parser.hs:170:32: warning: [GHC-40910] [-Wunused-matches]
    Defined but not used: ‘txt’
    |
170 | showParseError (InvalidFile fp txt)       = "Invalid file: " ++ fp
    |                                ^^^

src/Language/XLSXSpec/Parser.hs:171:31: warning: [GHC-40910] [-Wunused-matches]
    Defined but not used: ‘refId’
    |
171 | showParseError (InvalidRef fp refId)      = "Invalid reference in file: " ++ fp
    |                               ^^^^^

src/Language/XLSXSpec/Parser.hs:172:34: warning: [GHC-40910] [-Wunused-matches]
    Defined but not used: ‘txt’
    |
172 | showParseError (InconsistentXlsx txt)     = "Inconsistent XLSX file"
    |                                  ^^^

