Resolving dependencies...
Build profile: -w ghc-9.10.2 -O1
In order, the following will be built (use -v for more details):
 - ogma-language-jsonspec-1.7.0 (lib) (first run)
Configuring library for ogma-language-jsonspec-1.7.0...
Preprocessing library for ogma-language-jsonspec-1.7.0...
Building library for ogma-language-jsonspec-1.7.0...
[1 of 1] Compiling Language.JSONSpec.Parser
src/Language/JSONSpec/Parser.hs:37:1: warning: [GHC-38856] [-Wunused-imports]
    The import of ‘.:, FromJSON, decode’
    from module ‘Data.Aeson’ is redundant
   |
37 | import           Data.Aeson            (FromJSON (..), Value (..), decode, (.:))
   | ^^^^^^^^^^^^^^^^^^^^^^^^^^^^^^^^^^^^^^^^^^^^^^^^^^^^^^^^^^^^^^^^^^^^^^^^^^^^^^^^

src/Language/JSONSpec/Parser.hs:38:1: warning: [GHC-66111] [-Wunused-imports]
    The import of ‘Data.Aeson.Key’ is redundant
      except perhaps to import instances from ‘Data.Aeson.Key’
    To import instances alone, use: import Data.Aeson.Key()
   |
38 | import           Data.Aeson.Key        (toString)
   | ^^^^^^^^^^^^^^^^^^^^^^^^^^^^^^^^^^^^^^^^^^^^^^^^^

src/Language/JSONSpec/Parser.hs:39:1: warning: [GHC-66111] [-Wunused-imports]
    The qualified import of ‘Data.Aeson.KeyMap’ is redundant
      except perhaps to import instances from ‘Data.Aeson.KeyMap’
    To import instances alone, use: import Data.Aeson.KeyMap()
   |
39 | import qualified Data.Aeson.KeyMap     as M
   | ^^^^^^^^^^^^^^^^^^^^^^^^^^^^^^^^^^^^^^^^^^^

src/Language/JSONSpec/Parser.hs:40:1: warning: [GHC-66111] [-Wunused-imports]
    The import of ‘Data.Aeson.Types’ is redundant
      except perhaps to import instances from ‘Data.Aeson.Types’
    To import instances alone, use: import Data.Aeson.Types()
   |
40 | import           Data.Aeson.Types      (prependFailure, typeMismatch)
   | ^^^^^^^^^^^^^^^^^^^^^^^^^^^^^^^^^^^^^^^^^^^^^^^^^^^^^^^^^^^^^^^^^^^^^

src/Language/JSONSpec/Parser.hs:42:1: warning: [GHC-66111] [-Wunused-imports]
    The import of ‘Data.ByteString.Lazy’ is redundant
      except perhaps to import instances from ‘Data.ByteString.Lazy’
    To import instances alone, use: import Data.ByteString.Lazy()
   |
42 | import           Data.ByteString.Lazy  (fromStrict)
   | ^^^^^^^^^^^^^^^^^^^^^^^^^^^^^^^^^^^^^^^^^^^^^^^^^^^

src/Language/JSONSpec/Parser.hs:48:1: warning: [GHC-66111] [-Wunused-imports]
    The qualified import of ‘Data.Text.Encoding’ is redundant
      except perhaps to import instances from ‘Data.Text.Encoding’
    To import instances alone, use: import Data.Text.Encoding()
   |
48 | import qualified Data.Text.Encoding    as T
   | ^^^^^^^^^^^^^^^^^^^^^^^^^^^^^^^^^^^^^^^^^^^

src/Language/JSONSpec/Parser.hs:49:1: warning: [GHC-66111] [-Wunused-imports]
    The qualified import of ‘Data.Text.IO’ is redundant
      except perhaps to import instances from ‘Data.Text.IO’
    To import instances alone, use: import Data.Text.IO()
   |
49 | import qualified Data.Text.IO          as T
   | ^^^^^^^^^^^^^^^^^^^^^^^^^^^^^^^^^^^^^^^^^^^

src/Language/JSONSpec/Parser.hs:127:22: warning: [GHC-63397] [-Wname-shadowing]
    This binding for ‘value’ shadows the existing binding
      bound at src/Language/JSONSpec/Parser.hs:120:36
    |
127 |       internalVarDef value = do
    |                      ^^^^^

src/Language/JSONSpec/Parser.hs:131:13: warning: [GHC-63397] [-Wname-shadowing]
    This binding for ‘msg’ shadows the existing binding
      bound at src/Language/JSONSpec/Parser.hs:128:13
    |
131 |         let msg = "internal variable type"
    |             ^^^

src/Language/JSONSpec/Parser.hs:134:13: warning: [GHC-63397] [-Wname-shadowing]
    This binding for ‘msg’ shadows the existing binding
      bound at src/Language/JSONSpec/Parser.hs:131:13
    |
134 |         let msg = "internal variable expr"
    |             ^^^

src/Language/JSONSpec/Parser.hs:146:7: warning: [GHC-63397] [-Wname-shadowing]
    This binding for ‘values’ shadows the existing binding
      bound at src/Language/JSONSpec/Parser.hs:124:7
    |
146 |       values = maybe [] (`executeJSONPath` value) (jfiExternalVars jsonFormatInternal)
    |       ^^^^^^

src/Language/JSONSpec/Parser.hs:149:22: warning: [GHC-63397] [-Wname-shadowing]
    This binding for ‘value’ shadows the existing binding
      bound at src/Language/JSONSpec/Parser.hs:120:36
    |
149 |       externalVarDef value = do
    |                      ^^^^^

src/Language/JSONSpec/Parser.hs:154:13: warning: [GHC-63397] [-Wname-shadowing]
    This binding for ‘msg’ shadows the existing binding
      bound at src/Language/JSONSpec/Parser.hs:151:13
    |
154 |         let msg = "external variable type"
    |             ^^^

src/Language/JSONSpec/Parser.hs:165:7: warning: [GHC-63397] [-Wname-shadowing]
    This binding for ‘values’ shadows the existing binding
      bound at src/Language/JSONSpec/Parser.hs:146:7
    |
165 |       values = executeJSONPath (jfiRequirements jsonFormatInternal) value
    |       ^^^^^^

src/Language/JSONSpec/Parser.hs:168:22: warning: [GHC-63397] [-Wname-shadowing]
    This binding for ‘value’ shadows the existing binding
      bound at src/Language/JSONSpec/Parser.hs:120:36
    |
168 |       requirementDef value = do
    |                      ^^^^^

src/Language/JSONSpec/Parser.hs:172:13: warning: [GHC-63397] [-Wname-shadowing]
    This binding for ‘msg’ shadows the existing binding
      bound at src/Language/JSONSpec/Parser.hs:169:13
    |
172 |         let msg = "Requirement expression"
    |             ^^^

src/Language/JSONSpec/Parser.hs:176:13: warning: [GHC-63397] [-Wname-shadowing]
    This binding for ‘msg’ shadows the existing binding
      bound at src/Language/JSONSpec/Parser.hs:172:13
    |
176 |         let msg = "Requirement description"
    |             ^^^

src/Language/JSONSpec/Parser.hs:179:13: warning: [GHC-63397] [-Wname-shadowing]
    This binding for ‘msg’ shadows the existing binding
      bound at src/Language/JSONSpec/Parser.hs:176:13
    |
179 |         let msg = "Requirement result type"
    |             ^^^

src/Language/JSONSpec/Parser.hs:184:13: warning: [GHC-63397] [-Wname-shadowing]
    This binding for ‘msg’ shadows the existing binding
      bound at src/Language/JSONSpec/Parser.hs:179:13
    |
184 |         let msg = "Requirement result expression"
    |             ^^^

src/Language/JSONSpec/Parser.hs:201:3: warning: [GHC-63397] [-Wname-shadowing]
    This binding for ‘requirements’ shadows the existing binding
      imported from ‘Data.OgmaSpec’ at src/Language/JSONSpec/Parser.hs:53:1-20
    |
201 |   requirements <- mapM requirementDef values
    |   ^^^^^^^^^^^^

src/Language/JSONSpec/Parser.hs:206:15: warning: [GHC-40910] [-Wunused-matches]
    Defined but not used: ‘msg’
    |
206 | valueToString msg (String x) = Right $ unpack x
    |               ^^^

