Resolving dependencies...
Build profile: -w ghc-9.10.2 -O1
In order, the following will be built (use -v for more details):
 - tidal-core-1.10.1 (lib) (first run)
 - tidal-core-1.10.1 (test:tests) (first run)
Configuring library for tidal-core-1.10.1...
Preprocessing library for tidal-core-1.10.1...
Building library for tidal-core-1.10.1...
[ 1 of 15] Compiling Sound.Tidal.Bjorklund
[ 2 of 15] Compiling Sound.Tidal.Pattern.Types
[ 3 of 15] Compiling Sound.Tidal.Time
src/Sound/Tidal/Time.hs:6:1: warning: [GHC-66111] [-Wunused-imports]
    The import of ‘Control.Applicative’ is redundant
      except perhaps to import instances from ‘Control.Applicative’
    To import instances alone, use: import Control.Applicative()
  |
6 | import Control.Applicative
  | ^^^^^^^^^^^^^^^^^^^^^^^^^^

[ 4 of 15] Compiling Sound.Tidal.Pattern
src/Sound/Tidal/Pattern.hs:34:1: warning: [GHC-66111] [-Wunused-imports]
    The import of ‘Control.Applicative’ is redundant
      except perhaps to import instances from ‘Control.Applicative’
    To import instances alone, use: import Control.Applicative()
   |
34 | import Control.Applicative (liftA2)
   | ^^^^^^^^^^^^^^^^^^^^^^^^^^^^^^^^^^^

[ 5 of 15] Compiling Sound.Tidal.Show
[ 6 of 15] Compiling Sound.Tidal.Core
[ 7 of 15] Compiling Sound.Tidal.Chords
[ 8 of 15] Compiling Sound.Tidal.Utils
[ 9 of 15] Compiling Sound.Tidal.Stepwise
src/Sound/Tidal/Stepwise.hs:21:25: warning: [GHC-38856] [-Wunused-imports]
    The import of ‘sortOn’ from module ‘Data.List’ is redundant
   |
21 | import Data.List (sort, sortOn, transpose)
   |                         ^^^^^^

src/Sound/Tidal/Stepwise.hs:22:1: warning: [GHC-38856] [-Wunused-imports]
    The import of ‘catMaybes, fromJust’
    from module ‘Data.Maybe’ is redundant
   |
22 | import Data.Maybe (catMaybes, fromJust, fromMaybe, isJust, mapMaybe)
   | ^^^^^^^^^^^^^^^^^^^^^^^^^^^^^^^^^^^^^^^^^^^^^^^^^^^^^^^^^^^^^^^^^^^^

src/Sound/Tidal/Stepwise.hs:23:48: warning: [GHC-38856] [-Wunused-imports]
    The import of ‘zoompat’ from module ‘Sound.Tidal.Core’ is redundant
   |
23 | import Sound.Tidal.Core (stack, timecat, zoom, zoompat)
   |                                                ^^^^^^^

src/Sound/Tidal/Stepwise.hs:25:27: warning: [GHC-38856] [-Wunused-imports]
    The import of ‘enumerate’
    from module ‘Sound.Tidal.Utils’ is redundant
   |
25 | import Sound.Tidal.Utils (enumerate, nubOrd, pairs)
   |                           ^^^^^^^^^

src/Sound/Tidal/Stepwise.hs:40:19: warning: [GHC-40910] [-Wunused-matches]
    Defined but not used: ‘c’
   |
40 |     q st@(State a c) = query (timecat $ retime $ slices $ query (rotL (sam $ start a) pp) (st {arc = Arc 0 1})) st
   |                   ^

src/Sound/Tidal/Stepwise.hs:92:7: warning: [GHC-63397] [-Wname-shadowing]
    This binding for ‘t’ shadows the existing binding
      bound at src/Sound/Tidal/Stepwise.hs:90:34
   |
92 |     f t
   |       ^

[10 of 15] Compiling Sound.Tidal.Scales
[11 of 15] Compiling Sound.Tidal.Params
src/Sound/Tidal/Params.hs:118:9: warning: [GHC-63394] [-Wx-partial]
    In the use of ‘head’
    (imported from Prelude, but defined in GHC.Internal.List):
    "This is a partial function, it throws an error on empty lists. Use pattern matching, 'Data.List.uncons' or 'Data.Maybe.listToMaybe' instead. Consider refactoring to use "Data.List.NonEmpty"."
    |
118 |         head looped
    |         ^^^^

[12 of 15] Compiling Sound.Tidal.UI
src/Sound/Tidal/UI.hs:306:40: warning: [GHC-63394] [-Wx-partial]
    In the use of ‘head’
    (imported from Prelude, but defined in GHC.Internal.List):
    "This is a partial function, it throws an error on empty lists. Use pattern matching, 'Data.List.uncons' or 'Data.Maybe.listToMaybe' instead. Consider refactoring to use "Data.List.NonEmpty"."
    |
306 |     match r cweights total = values !! head (findIndices (> (r * total)) cweights)
    |                                        ^^^^

src/Sound/Tidal/UI.hs:1308:24: warning: [GHC-63394] [-Wx-partial]
    In the use of ‘head’
    (imported from Prelude, but defined in GHC.Internal.List):
    "This is a partial function, it throws an error on empty lists. Use pattern matching, 'Data.List.uncons' or 'Data.Maybe.listToMaybe' instead. Consider refactoring to use "Data.List.NonEmpty"."
     |
1308 |     pairUp xs = Arc 0 (head xs) : pairUp' xs
     |                        ^^^^

src/Sound/Tidal/UI.hs:1330:15: warning: [GHC-63394] [-Wx-partial]
    In the use of ‘head’
    (imported from Prelude, but defined in GHC.Internal.List):
    "This is a partial function, it throws an error on empty lists. Use pattern matching, 'Data.List.uncons' or 'Data.Maybe.listToMaybe' instead. Consider refactoring to use "Data.List.NonEmpty"."
     |
1330 |             $ head
     |               ^^^^

src/Sound/Tidal/UI.hs:1384:21: warning: [GHC-63394] [-Wx-partial]
    In the use of ‘head’
    (imported from Prelude, but defined in GHC.Internal.List):
    "This is a partial function, it throws an error on empty lists. Use pattern matching, 'Data.List.uncons' or 'Data.Maybe.listToMaybe' instead. Consider refactoring to use "Data.List.NonEmpty"."
     |
1384 |     fixer (c, r) = (head c, r)
     |                     ^^^^

src/Sound/Tidal/UI.hs:1437:60: warning: [GHC-63394] [-Wx-partial]
    In the use of ‘tail’
    (imported from Prelude, but defined in GHC.Internal.List):
    "This is a partial function, it throws an error on empty lists. Replace it with 'drop' 1, or use pattern matching or 'GHC.Internal.Data.List.uncons' instead. Consider refactoring to use "Data.List.NonEmpty"."
     |
1437 |     renorm = IM.fromList $ zip [0 ..] [Map.fromList $ zip (tail $ scanl (+) 0 x) [0 ..] | x <- tp]
     |                                                            ^^^^

src/Sound/Tidal/UI.hs:2039:17: warning: [GHC-63394] [-Wx-partial]
    In the use of ‘head’
    (imported from Prelude, but defined in GHC.Internal.List):
    "This is a partial function, it throws an error on empty lists. Use pattern matching, 'Data.List.uncons' or 'Data.Maybe.listToMaybe' instead. Consider refactoring to use "Data.List.NonEmpty"."
     |
2039 |         thumb = head xs
     |                 ^^^^

src/Sound/Tidal/UI.hs:2516:27: warning: [GHC-63394] [-Wx-partial]
    In the use of ‘head’
    (imported from Prelude, but defined in GHC.Internal.List):
    "This is a partial function, it throws an error on empty lists. Use pattern matching, 'Data.List.uncons' or 'Data.Maybe.listToMaybe' instead. Consider refactoring to use "Data.List.NonEmpty"."
     |
2516 |       | c == 'x' = pure $ head ss
     |                           ^^^^

src/Sound/Tidal/UI.hs:2785:39: warning: [GHC-63394] [-Wx-partial]
    In the use of ‘head’
    (imported from Prelude, but defined in GHC.Internal.List):
    "This is a partial function, it throws an error on empty lists. Use pattern matching, 'Data.List.uncons' or 'Data.Maybe.listToMaybe' instead. Consider refactoring to use "Data.List.NonEmpty"."
     |
2785 |           | otherwise = Just $ value (head (nextEs st'))
     |                                       ^^^^

[13 of 15] Compiling Sound.Tidal.ParseBP
src/Sound/Tidal/ParseBP.hs:188:34: warning: [GHC-63394] [-Wx-partial]
    In the use of ‘head’
    (imported from Prelude, but defined in GHC.Internal.List):
    "This is a partial function, it throws an error on empty lists. Use pattern matching, 'Data.List.uncons' or 'Data.Maybe.listToMaybe' instead. Consider refactoring to use "Data.List.NonEmpty"."
    |
188 |       | otherwise = show $ fst $ head pats
    |                                  ^^^^

src/Sound/Tidal/ParseBP.hs:218:36: warning: [GHC-63394] [-Wx-partial]
    In the use of ‘head’
    (imported from Prelude, but defined in GHC.Internal.List):
    "This is a partial function, it throws an error on empty lists. Use pattern matching, 'Data.List.uncons' or 'Data.Maybe.listToMaybe' instead. Consider refactoring to use "Data.List.NonEmpty"."
    |
218 |         | otherwise = pure $ fst $ head pats
    |                                    ^^^^

[14 of 15] Compiling Sound.Tidal.Control
[15 of 15] Compiling Sound.Tidal.Simple
Configuring test suite 'tests' for tidal-core-1.10.1...
Preprocessing test suite 'tests' for tidal-core-1.10.1...
Building test suite 'tests' for tidal-core-1.10.1...
[ 1 of 13] Compiling Sound.Tidal.ExceptionsTest
[ 2 of 13] Compiling Sound.Tidal.UtilsTest
[ 3 of 13] Compiling TestUtils
[ 4 of 13] Compiling Sound.Tidal.UITest
[ 5 of 13] Compiling Sound.Tidal.StepwiseTest
[ 6 of 13] Compiling Sound.Tidal.ScalesTest
[ 7 of 13] Compiling Sound.Tidal.PatternTest
[ 8 of 13] Compiling Sound.Tidal.ParseTest
[ 9 of 13] Compiling Sound.Tidal.ParamsTest
[10 of 13] Compiling Sound.Tidal.CoreTest
test/Sound/Tidal/CoreTest.hs:21:37: warning: [GHC-63394] [-Wx-partial]
    In the use of ‘head’
    (imported from Prelude, but defined in GHC.Internal.List):
    "This is a partial function, it throws an error on empty lists. Use pattern matching, 'Data.List.uncons' or 'Data.Maybe.listToMaybe' instead. Consider refactoring to use "Data.List.NonEmpty"."
   |
21 |           sampleOf pat t = (value . head) $ query pat (State (Arc t t) Map.empty)
   |                                     ^^^^

[11 of 13] Compiling Sound.Tidal.ControlTest
[12 of 13] Compiling Sound.Tidal.ChordsTest
[13 of 13] Compiling Main
[14 of 14] Linking dist-newstyle/build/x86_64-linux/ghc-9.10.2/tidal-core-1.10.1/t/tests/build/tests/tests
