Resolving dependencies...
Build profile: -w ghc-9.10.2 -O1
In order, the following will be built (use -v for more details):
 - streaming-commons-0.2.3.0 (lib) (first run)
 - streaming-commons-0.2.3.0 (test:test) (first run)
Configuring library for streaming-commons-0.2.3.0...
Preprocessing library for streaming-commons-0.2.3.0...
Building library for streaming-commons-0.2.3.0...
[ 1 of 11] Compiling Data.Streaming.ByteString.Builder.Buffer
[ 2 of 11] Compiling Data.Streaming.ByteString.Builder
[ 3 of 11] Compiling Data.Streaming.FileRead
[ 4 of 11] Compiling Data.Streaming.Filesystem
[ 5 of 11] Compiling Data.Streaming.Network.Internal
[ 6 of 11] Compiling Data.Streaming.Network
[ 7 of 11] Compiling Data.Streaming.Process.Internal
[ 8 of 11] Compiling Data.Streaming.Process
[ 9 of 11] Compiling Data.Streaming.Text
[10 of 11] Compiling Data.Streaming.Zlib.Lowlevel
Data/Streaming/Zlib/Lowlevel.hs:105:1: warning: [GHC-53633] [-Woverlapping-patterns]
    Pattern match is redundant
    In an equation for ‘wbToInt’: wbToInt _ = ...
    |
105 | wbToInt _ = 15
    | ^^^^^^^^^^^^^^

[11 of 11] Compiling Data.Streaming.Zlib
Configuring test suite 'test' for streaming-commons-0.2.3.0...
Preprocessing test suite 'test' for streaming-commons-0.2.3.0...
Building test suite 'test' for streaming-commons-0.2.3.0...
[1 of 8] Compiling Data.Streaming.ByteString.BuilderSpec
[2 of 8] Compiling Data.Streaming.FileReadSpec
[3 of 8] Compiling Data.Streaming.FilesystemSpec
[4 of 8] Compiling Data.Streaming.NetworkSpec
[5 of 8] Compiling Data.Streaming.ProcessSpec
[6 of 8] Compiling Data.Streaming.TextSpec
[7 of 8] Compiling Data.Streaming.ZlibSpec
[8 of 8] Compiling Main
[9 of 9] Linking /tmp/workdir-streaming-commons/streaming-commons-0.2.3.0/dist-newstyle/build/x86_64-linux/ghc-9.10.2/streaming-commons-0.2.3.0/t/test/build/test/test
