Resolving dependencies...
Build profile: -w ghc-9.10.2 -O1
In order, the following will be built (use -v for more details):
 - cabal-gild-1.6.0.2 (lib) (first run)
 - cabal-gild-1.6.0.2 (test:cabal-gild-test-suite) (first run)
 - cabal-gild-1.6.0.2 (exe:cabal-gild) (first run)
Configuring library for cabal-gild-1.6.0.2...
Preprocessing library for cabal-gild-1.6.0.2...
Building library for cabal-gild-1.6.0.2...
[ 1 of 63] Compiling CabalGild.Unstable.Action.StripBlanks
[ 2 of 63] Compiling CabalGild.Unstable.Class.MonadHandle
[ 3 of 63] Compiling CabalGild.Unstable.Class.MonadLog
[ 4 of 63] Compiling CabalGild.Unstable.Class.MonadWalk
[ 5 of 63] Compiling CabalGild.Unstable.Exception.CheckFailure
[ 6 of 63] Compiling CabalGild.Unstable.Exception.DuplicateOption
[ 7 of 63] Compiling CabalGild.Unstable.Exception.InvalidLeniency
[ 8 of 63] Compiling CabalGild.Unstable.Exception.InvalidMode
[ 9 of 63] Compiling CabalGild.Unstable.Exception.InvalidOption
[10 of 63] Compiling CabalGild.Unstable.Exception.ParseError
[11 of 63] Compiling CabalGild.Unstable.Exception.UnexpectedArgument
[12 of 63] Compiling CabalGild.Unstable.Exception.UnknownOption
[13 of 63] Compiling CabalGild.Unstable.Extra.ByteString
[14 of 63] Compiling CabalGild.Unstable.Extra.CharParsing
[15 of 63] Compiling CabalGild.Unstable.Extra.Either
[16 of 63] Compiling CabalGild.Unstable.Extra.Field
[17 of 63] Compiling CabalGild.Unstable.Extra.FieldLine
[18 of 63] Compiling CabalGild.Unstable.Extra.FilePath
[19 of 63] Compiling CabalGild.Unstable.Extra.List
[20 of 63] Compiling CabalGild.Unstable.Extra.SectionArg
[21 of 63] Compiling CabalGild.Unstable.Extra.String
[22 of 63] Compiling CabalGild.Unstable.Extra.Name
[23 of 63] Compiling CabalGild.Unstable.Extra.ModuleName
[24 of 63] Compiling CabalGild.Unstable.Action.GetCabalVersion
[25 of 63] Compiling CabalGild.Unstable.Type.Chunk
[26 of 63] Compiling CabalGild.Unstable.Type.Comment
[27 of 63] Compiling CabalGild.Unstable.Action.ReflowText
[28 of 63] Compiling CabalGild.Unstable.Action.ExtractComments
[29 of 63] Compiling CabalGild.Unstable.Action.AttachComments
[30 of 63] Compiling CabalGild.Unstable.Type.Condition
[31 of 63] Compiling CabalGild.Unstable.Type.DiscoverTarget
[32 of 63] Compiling CabalGild.Unstable.Type.Extension
[33 of 63] Compiling CabalGild.Unstable.Type.Flag
[34 of 63] Compiling CabalGild.Unstable.Exception.SpecifiedStdinWithFileInput
[35 of 63] Compiling CabalGild.Unstable.Exception.SpecifiedOutputWithCheckMode
[36 of 63] Compiling CabalGild.Unstable.Exception.NoCabalFileFound
[37 of 63] Compiling CabalGild.Unstable.Exception.MoreThanOneCabalFileFound
[38 of 63] Compiling CabalGild.Unstable.Type.Input
[39 of 63] Compiling CabalGild.Unstable.Class.MonadRead
[40 of 63] Compiling CabalGild.Unstable.Type.Leniency
[41 of 63] Compiling CabalGild.Unstable.Type.Line
[42 of 63] Compiling CabalGild.Unstable.Type.Block
[43 of 63] Compiling CabalGild.Unstable.Action.Render
[44 of 63] Compiling CabalGild.Unstable.Type.List
[45 of 63] Compiling CabalGild.Unstable.Type.Mixin
[46 of 63] Compiling CabalGild.Unstable.Type.Mode
[47 of 63] Compiling CabalGild.Unstable.Type.Optional
[48 of 63] Compiling CabalGild.Unstable.Type.Output
[49 of 63] Compiling CabalGild.Unstable.Type.Config
[50 of 63] Compiling CabalGild.Unstable.Class.MonadWrite
[51 of 63] Compiling CabalGild.Unstable.Type.Pragma
[52 of 63] Compiling CabalGild.Unstable.Action.EvaluatePragmas
[53 of 63] Compiling CabalGild.Unstable.Type.Set
[54 of 63] Compiling CabalGild.Unstable.Type.SomeParsecParser
[55 of 63] Compiling CabalGild.Unstable.Type.VersionRange
[56 of 63] Compiling CabalGild.Unstable.Type.Variable
[57 of 63] Compiling CabalGild.Unstable.Type.TestedWith
[58 of 63] Compiling CabalGild.Unstable.Type.Dependency
[59 of 63] Compiling CabalGild.Unstable.Action.FormatFields
[60 of 63] Compiling Paths_cabal_gild
[61 of 63] Compiling CabalGild.Unstable.Type.Context
[62 of 63] Compiling CabalGild.Unstable.Main
[63 of 63] Compiling CabalGild
Configuring test suite 'cabal-gild-test-suite' for cabal-gild-1.6.0.2...
Preprocessing test suite 'cabal-gild-test-suite' for cabal-gild-1.6.0.2...
Building test suite 'cabal-gild-test-suite' for cabal-gild-1.6.0.2...
[1 of 1] Compiling Main
[2 of 2] Linking /tmp/workdir-cabal-gild/cabal-gild-1.6.0.2/dist-newstyle/build/x86_64-linux/ghc-9.10.2/cabal-gild-1.6.0.2/t/cabal-gild-test-suite/build/cabal-gild-test-suite/cabal-gild-test-suite
Configuring executable 'cabal-gild' for cabal-gild-1.6.0.2...
Preprocessing executable 'cabal-gild' for cabal-gild-1.6.0.2...
Building executable 'cabal-gild' for cabal-gild-1.6.0.2...
[1 of 1] Compiling Main
[2 of 2] Linking /tmp/workdir-cabal-gild/cabal-gild-1.6.0.2/dist-newstyle/build/x86_64-linux/ghc-9.10.2/cabal-gild-1.6.0.2/x/cabal-gild/build/cabal-gild/cabal-gild
