Resolving dependencies...
Build profile: -w ghc-9.10.2 -O1
In order, the following will be built (use -v for more details):
 - gogol-apps-calendar-1.0.0 (lib) (first run)
Configuring library for gogol-apps-calendar-1.0.0...
Warning: [git-protocol] Cloning over git:// might lead to an arbitrary code
execution vulnerability. Furthermore, popular forges like GitHub do not
support it. Use https:// or ssh:// instead.
Preprocessing library for gogol-apps-calendar-1.0.0...
Building library for gogol-apps-calendar-1.0.0...
[ 1 of 41] Compiling Gogol.AppsCalendar.Internal.Sum
[ 2 of 41] Compiling Gogol.AppsCalendar.Internal.Product
[ 3 of 41] Compiling Gogol.AppsCalendar.Types
[ 4 of 41] Compiling Gogol.AppsCalendar.Calendar.Settings.Watch
[ 5 of 41] Compiling Gogol.AppsCalendar.Calendar.Settings.List
[ 6 of 41] Compiling Gogol.AppsCalendar.Calendar.Settings.Get
[ 7 of 41] Compiling Gogol.AppsCalendar.Calendar.Freebusy.Query
[ 8 of 41] Compiling Gogol.AppsCalendar.Calendar.Events.Watch
[ 9 of 41] Compiling Gogol.AppsCalendar.Calendar.Events.Update
[10 of 41] Compiling Gogol.AppsCalendar.Calendar.Events.QuickAdd
[11 of 41] Compiling Gogol.AppsCalendar.Calendar.Events.Patch
[12 of 41] Compiling Gogol.AppsCalendar.Calendar.Events.Move
[13 of 41] Compiling Gogol.AppsCalendar.Calendar.Events.List
[14 of 41] Compiling Gogol.AppsCalendar.Calendar.Events.Instances
[15 of 41] Compiling Gogol.AppsCalendar.Calendar.Events.Insert
[16 of 41] Compiling Gogol.AppsCalendar.Calendar.Events.Import
[17 of 41] Compiling Gogol.AppsCalendar.Calendar.Events.Get
[18 of 41] Compiling Gogol.AppsCalendar.Calendar.Events.Delete
[19 of 41] Compiling Gogol.AppsCalendar.Calendar.Colors.Get
[20 of 41] Compiling Gogol.AppsCalendar.Calendar.Channels.Stop
[21 of 41] Compiling Gogol.AppsCalendar.Calendar.Calendars.Update
[22 of 41] Compiling Gogol.AppsCalendar.Calendar.Calendars.Patch
[23 of 41] Compiling Gogol.AppsCalendar.Calendar.Calendars.Insert
[24 of 41] Compiling Gogol.AppsCalendar.Calendar.Calendars.Get
[25 of 41] Compiling Gogol.AppsCalendar.Calendar.Calendars.Delete
[26 of 41] Compiling Gogol.AppsCalendar.Calendar.Calendars.Clear
[27 of 41] Compiling Gogol.AppsCalendar.Calendar.CalendarList.Watch
[28 of 41] Compiling Gogol.AppsCalendar.Calendar.CalendarList.Update
[29 of 41] Compiling Gogol.AppsCalendar.Calendar.CalendarList.Patch
[30 of 41] Compiling Gogol.AppsCalendar.Calendar.CalendarList.List
[31 of 41] Compiling Gogol.AppsCalendar.Calendar.CalendarList.Insert
[32 of 41] Compiling Gogol.AppsCalendar.Calendar.CalendarList.Get
[33 of 41] Compiling Gogol.AppsCalendar.Calendar.CalendarList.Delete
[34 of 41] Compiling Gogol.AppsCalendar.Calendar.Acl.Watch
[35 of 41] Compiling Gogol.AppsCalendar.Calendar.Acl.Update
[36 of 41] Compiling Gogol.AppsCalendar.Calendar.Acl.Patch
[37 of 41] Compiling Gogol.AppsCalendar.Calendar.Acl.List
[38 of 41] Compiling Gogol.AppsCalendar.Calendar.Acl.Insert
[39 of 41] Compiling Gogol.AppsCalendar.Calendar.Acl.Get
[40 of 41] Compiling Gogol.AppsCalendar.Calendar.Acl.Delete
[41 of 41] Compiling Gogol.AppsCalendar
