Resolving dependencies...
Build profile: -w ghc-9.10.2 -O1
In order, the following will be built (use -v for more details):
 - regex-tdfa-1.3.2.4 (lib) (first run)
 - regex-tdfa-1.3.2.4 (test:regex-tdfa-unittest) (first run)
 - regex-tdfa-1.3.2.4 (test:doctest) (first run)
Configuring library for regex-tdfa-1.3.2.4...
Preprocessing library for regex-tdfa-1.3.2.4...
Building library for regex-tdfa-1.3.2.4...
[ 1 of 25] Compiling Data.IntMap.CharMap2
[ 2 of 25] Compiling Data.IntSet.EnumSet2
[ 3 of 25] Compiling Data.IntMap.EnumMap2
[ 4 of 25] Compiling Paths_regex_tdfa
[ 5 of 25] Compiling Text.Regex.TDFA.IntArrTrieSet
[ 6 of 25] Compiling Text.Regex.TDFA.Common
[ 7 of 25] Compiling Text.Regex.TDFA.NewDFA.Uncons
[ 8 of 25] Compiling Text.Regex.TDFA.NewDFA.MakeTest
[ 9 of 25] Compiling Text.Regex.TDFA.NewDFA.Tester
[10 of 25] Compiling Text.Regex.TDFA.NewDFA.Engine_NC_FA
[11 of 25] Compiling Text.Regex.TDFA.NewDFA.Engine_NC
[12 of 25] Compiling Text.Regex.TDFA.NewDFA.Engine_FA
[13 of 25] Compiling Text.Regex.TDFA.NewDFA.Engine
lib/Text/Regex/TDFA/NewDFA/Engine.hs:39:33: warning: [GHC-38856] [-Wunused-imports]
    The import of ‘foldl'’ from module ‘Data.List’ is redundant
   |
39 | import Data.List(partition,sort,foldl',sortBy,groupBy)
   |                                 ^^^^^^

[14 of 25] Compiling Text.Regex.TDFA.Pattern
[15 of 25] Compiling Text.Regex.TDFA.CorePattern
[16 of 25] Compiling Text.Regex.TDFA.ReadRegex
[17 of 25] Compiling Text.Regex.TDFA.TNFA
lib/Text/Regex/TDFA/TNFA.hs:43:1: warning: [GHC-66111] [-Wunused-imports]
    The import of ‘Data.List’ is redundant
      except perhaps to import instances from ‘Data.List’
    To import instances alone, use: import Data.List()
   |
43 | import Data.List(foldl')
   | ^^^^^^^^^^^^^^^^^^^^^^^^

[18 of 25] Compiling Text.Regex.TDFA.TDFA
lib/Text/Regex/TDFA/TDFA.hs:21:1: warning: [GHC-66111] [-Wunused-imports]
    The import of ‘Data.List’ is redundant
      except perhaps to import instances from ‘Data.List’
    To import instances alone, use: import Data.List()
   |
21 | import Data.List(foldl')
   | ^^^^^^^^^^^^^^^^^^^^^^^^

[19 of 25] Compiling Text.Regex.TDFA.String
[20 of 25] Compiling Text.Regex.TDFA.Sequence
[21 of 25] Compiling Text.Regex.TDFA.ByteString.Lazy
[22 of 25] Compiling Text.Regex.TDFA.ByteString
[23 of 25] Compiling Text.Regex.TDFA.Text
[24 of 25] Compiling Text.Regex.TDFA.Text.Lazy
[25 of 25] Compiling Text.Regex.TDFA
Configuring test suite 'regex-tdfa-unittest' for regex-tdfa-1.3.2.4...
Preprocessing test suite 'regex-tdfa-unittest' for regex-tdfa-1.3.2.4...
Building test suite 'regex-tdfa-unittest' for regex-tdfa-1.3.2.4...
[1 of 1] Compiling Main
[2 of 2] Linking /tmp/workdir-regex-tdfa/regex-tdfa-1.3.2.4/dist-newstyle/build/x86_64-linux/ghc-9.10.2/regex-tdfa-1.3.2.4/t/regex-tdfa-unittest/build/regex-tdfa-unittest/regex-tdfa-unittest
Configuring test suite 'doctest' for regex-tdfa-1.3.2.4...
Preprocessing test suite 'doctest' for regex-tdfa-1.3.2.4...
Building test suite 'doctest' for regex-tdfa-1.3.2.4...
[1 of 1] Compiling Main
[2 of 2] Linking /tmp/workdir-regex-tdfa/regex-tdfa-1.3.2.4/dist-newstyle/build/x86_64-linux/ghc-9.10.2/regex-tdfa-1.3.2.4/t/doctest/build/doctest/doctest
