Resolving dependencies...
Build profile: -w ghc-9.10.2 -O1
In order, the following will be built (use -v for more details):
 - oeis-0.3.10.1 (lib) (first run)
 - oeis-0.3.10.1 (test:main) (first run)
Configuring library for oeis-0.3.10.1...
Preprocessing library for oeis-0.3.10.1...
Building library for oeis-0.3.10.1...
[1 of 3] Compiling Math.OEIS.Types
[2 of 3] Compiling Math.OEIS.Internal
Math/OEIS/Internal.hs:72:24: warning: [GHC-63394] [-Wx-partial]
    In the use of ‘tail’
    (imported from Prelude, but defined in GHC.Internal.List):
    "This is a partial function, it throws an error on empty lists. Replace it with 'drop' 1, or use pattern matching or 'GHC.Internal.Data.List.uncons' instead. Consider refactoring to use "Data.List.NonEmpty"."
   |
72 |   where (o,f) = second tail . span (/=',') $ x
   |                        ^^^^

Math/OEIS/Internal.hs:127:35: warning: [GHC-63394] [-Wx-partial]
    In the use of ‘head’
    (imported from Prelude, but defined in GHC.Internal.List):
    "This is a partial function, it throws an error on empty lists. Use pattern matching, 'Data.List.uncons' or 'Data.Maybe.listToMaybe' instead. Consider refactoring to use "Data.List.NonEmpty"."
    |
127 | isItem x = not (null x) && '%' == head x
    |                                   ^^^^

[3 of 3] Compiling Math.OEIS
Configuring test suite 'main' for oeis-0.3.10.1...
Preprocessing test suite 'main' for oeis-0.3.10.1...
Building test suite 'main' for oeis-0.3.10.1...
[1 of 1] Compiling Main
[2 of 2] Linking dist-newstyle/build/x86_64-linux/ghc-9.10.2/oeis-0.3.10.1/t/main/build/main/main
