Resolving dependencies...
Build profile: -w ghc-9.10.2 -O1
In order, the following will be built (use -v for more details):
 - websockets-0.13.0.0 (lib) (first run)
 - websockets-0.13.0.0 (test:websockets-tests) (first run)
Configuring library for websockets-0.13.0.0...
Preprocessing library for websockets-0.13.0.0...
Building library for websockets-0.13.0.0...
[ 1 of 17] Compiling Network.WebSockets.Connection.Options
src/Network/WebSockets/Connection/Options.hs:18:1: warning: [GHC-66111] [-Wunused-imports]
    The import of ‘Data.Monoid’ is redundant
      except perhaps to import instances from ‘Data.Monoid’
    To import instances alone, use: import Data.Monoid()
   |
18 | import           Data.Monoid (Monoid (..))
   | ^^^^^^^^^^^^^^^^^^^^^^^^^^^^^^^^^^^^^^^^^^

[ 2 of 17] Compiling Network.WebSockets.Extensions.Description
src/Network/WebSockets/Extensions/Description.hs:13:1: warning: [GHC-66111] [-Wunused-imports]
    The import of ‘Control.Applicative’ is redundant
      except perhaps to import instances from ‘Control.Applicative’
    To import instances alone, use: import Control.Applicative()
   |
13 | import           Control.Applicative              ((*>), (<*))
   | ^^^^^^^^^^^^^^^^^^^^^^^^^^^^^^^^^^^^^^^^^^^^^^^^^^^^^^^^^^^^^^

src/Network/WebSockets/Extensions/Description.hs:17:1: warning: [GHC-66111] [-Wunused-imports]
    The import of ‘Data.Monoid’ is redundant
      except perhaps to import instances from ‘Data.Monoid’
    To import instances alone, use: import Data.Monoid()
   |
17 | import           Data.Monoid                      (mconcat, mappend)
   | ^^^^^^^^^^^^^^^^^^^^^^^^^^^^^^^^^^^^^^^^^^^^^^^^^^^^^^^^^^^^^^^^^^^^

[ 3 of 17] Compiling Network.WebSockets.Http
src/Network/WebSockets/Http.hs:36:1: warning: [GHC-66111] [-Wunused-imports]
    The import of ‘Control.Applicative’ is redundant
      except perhaps to import instances from ‘Control.Applicative’
    To import instances alone, use: import Control.Applicative()
   |
36 | import           Control.Applicative                       (pure, (*>), (<$>),
   | ^^^^^^^^^^^^^^^^^^^^^^^^^^^^^^^^^^^^^^^^^^^^^^^^^^^^^^^^^^^^^^^^^^^^^^^^^^^^^^...

src/Network/WebSockets/Http.hs:47:1: warning: [GHC-66111] [-Wunused-imports]
    The import of ‘Data.Monoid’ is redundant
      except perhaps to import instances from ‘Data.Monoid’
    To import instances alone, use: import Data.Monoid()
   |
47 | import           Data.Monoid                               (mappend, mconcat)
   | ^^^^^^^^^^^^^^^^^^^^^^^^^^^^^^^^^^^^^^^^^^^^^^^^^^^^^^^^^^^^^^^^^^^^^^^^^^^^^

[ 4 of 17] Compiling Network.WebSockets.Hybi13.Mask
[ 5 of 17] Compiling Network.WebSockets.Types
[ 6 of 17] Compiling Network.WebSockets.Stream
[ 7 of 17] Compiling Network.WebSockets.Hybi13.Demultiplex
src/Network/WebSockets/Hybi13/Demultiplex.hs:22:1: warning: [GHC-66111] [-Wunused-imports]
    The import of ‘Data.Monoid’ is redundant
      except perhaps to import instances from ‘Data.Monoid’
    To import instances alone, use: import Data.Monoid()
   |
22 | import           Data.Monoid                           (mappend)
   | ^^^^^^^^^^^^^^^^^^^^^^^^^^^^^^^^^^^^^^^^^^^^^^^^^^^^^^^^^^^^^^^^

[ 8 of 17] Compiling Network.WebSockets.Hybi13
src/Network/WebSockets/Hybi13.hs:21:1: warning: [GHC-66111] [-Wunused-imports]
    The import of ‘Control.Applicative’ is redundant
      except perhaps to import instances from ‘Control.Applicative’
    To import instances alone, use: import Control.Applicative()
   |
21 | import           Control.Applicative                   (pure, (<$>))
   | ^^^^^^^^^^^^^^^^^^^^^^^^^^^^^^^^^^^^^^^^^^^^^^^^^^^^^^^^^^^^^^^^^^^^

src/Network/WebSockets/Hybi13.hs:37:1: warning: [GHC-66111] [-Wunused-imports]
    The import of ‘Data.Monoid’ is redundant
      except perhaps to import instances from ‘Data.Monoid’
    To import instances alone, use: import Data.Monoid()
   |
37 | import           Data.Monoid                           (mappend, mconcat,
   | ^^^^^^^^^^^^^^^^^^^^^^^^^^^^^^^^^^^^^^^^^^^^^^^^^^^^^^^^^^^^^^^^^^^^^^^^^...

src/Network/WebSockets/Hybi13.hs:258:21: warning: [GHC-63394] [-Wx-partial]
    In the use of ‘head’
    (imported from Prelude, but defined in GHC.Internal.List):
    "This is a partial function, it throws an error on empty lists. Use pattern matching, 'Data.List.uncons' or 'Data.Maybe.listToMaybe' instead. Consider refactoring to use "Data.List.NonEmpty"."
    |
258 |     versionNumber = head headerVersions
    |                     ^^^^

[ 9 of 17] Compiling Network.WebSockets.Protocol
[10 of 17] Compiling Network.WebSockets.Extensions
[11 of 17] Compiling Network.WebSockets.Extensions.StrictUnicode
[12 of 17] Compiling Network.WebSockets.Extensions.PermessageDeflate
src/Network/WebSockets/Extensions/PermessageDeflate.hs:17:1: warning: [GHC-66111] [-Wunused-imports]
    The import of ‘Control.Applicative’ is redundant
      except perhaps to import instances from ‘Control.Applicative’
    To import instances alone, use: import Control.Applicative()
   |
17 | import           Control.Applicative                       ((<$>))
   | ^^^^^^^^^^^^^^^^^^^^^^^^^^^^^^^^^^^^^^^^^^^^^^^^^^^^^^^^^^^^^^^^^^

[13 of 17] Compiling Network.WebSockets.Connection
src/Network/WebSockets/Connection.hs:48:1: warning: [GHC-66111] [-Wunused-imports]
    The import of ‘Control.Applicative’ is redundant
      except perhaps to import instances from ‘Control.Applicative’
    To import instances alone, use: import Control.Applicative()
   |
48 | import           Control.Applicative                             ((<$>))
   | ^^^^^^^^^^^^^^^^^^^^^^^^^^^^^^^^^^^^^^^^^^^^^^^^^^^^^^^^^^^^^^^^^^^^^^^^

[14 of 17] Compiling Network.WebSockets.Connection.PingPong
[15 of 17] Compiling Network.WebSockets.Server
[16 of 17] Compiling Network.WebSockets.Client
src/Network/WebSockets/Client.hs:22:58: warning: [GHC-38856] [-Wunused-imports]
    The import of ‘finally’
    from module ‘Control.Exception’ is redundant
   |
22 | import           Control.Exception             (bracket, finally, throwIO)
   |                                                          ^^^^^^^

[17 of 17] Compiling Network.WebSockets
Configuring test suite 'websockets-tests' for websockets-0.13.0.0...
Preprocessing test suite 'websockets-tests' for websockets-0.13.0.0...
Building test suite 'websockets-tests' for websockets-0.13.0.0...
[ 1 of 28] Compiling Network.WebSockets.Connection.Options
src/Network/WebSockets/Connection/Options.hs:18:1: warning: [GHC-66111] [-Wunused-imports]
    The import of ‘Data.Monoid’ is redundant
      except perhaps to import instances from ‘Data.Monoid’
    To import instances alone, use: import Data.Monoid()
   |
18 | import           Data.Monoid (Monoid (..))
   | ^^^^^^^^^^^^^^^^^^^^^^^^^^^^^^^^^^^^^^^^^^

[ 2 of 28] Compiling Network.WebSockets.Extensions.Description
src/Network/WebSockets/Extensions/Description.hs:13:1: warning: [GHC-66111] [-Wunused-imports]
    The import of ‘Control.Applicative’ is redundant
      except perhaps to import instances from ‘Control.Applicative’
    To import instances alone, use: import Control.Applicative()
   |
13 | import           Control.Applicative              ((*>), (<*))
   | ^^^^^^^^^^^^^^^^^^^^^^^^^^^^^^^^^^^^^^^^^^^^^^^^^^^^^^^^^^^^^^

src/Network/WebSockets/Extensions/Description.hs:17:1: warning: [GHC-66111] [-Wunused-imports]
    The import of ‘Data.Monoid’ is redundant
      except perhaps to import instances from ‘Data.Monoid’
    To import instances alone, use: import Data.Monoid()
   |
17 | import           Data.Monoid                      (mconcat, mappend)
   | ^^^^^^^^^^^^^^^^^^^^^^^^^^^^^^^^^^^^^^^^^^^^^^^^^^^^^^^^^^^^^^^^^^^^

[ 3 of 28] Compiling Network.WebSockets.Http
src/Network/WebSockets/Http.hs:36:1: warning: [GHC-66111] [-Wunused-imports]
    The import of ‘Control.Applicative’ is redundant
      except perhaps to import instances from ‘Control.Applicative’
    To import instances alone, use: import Control.Applicative()
   |
36 | import           Control.Applicative                       (pure, (*>), (<$>),
   | ^^^^^^^^^^^^^^^^^^^^^^^^^^^^^^^^^^^^^^^^^^^^^^^^^^^^^^^^^^^^^^^^^^^^^^^^^^^^^^...

src/Network/WebSockets/Http.hs:47:1: warning: [GHC-66111] [-Wunused-imports]
    The import of ‘Data.Monoid’ is redundant
      except perhaps to import instances from ‘Data.Monoid’
    To import instances alone, use: import Data.Monoid()
   |
47 | import           Data.Monoid                               (mappend, mconcat)
   | ^^^^^^^^^^^^^^^^^^^^^^^^^^^^^^^^^^^^^^^^^^^^^^^^^^^^^^^^^^^^^^^^^^^^^^^^^^^^^

[ 4 of 28] Compiling Network.WebSockets.Http.Tests
[ 5 of 28] Compiling Network.WebSockets.Hybi13.Mask
[ 6 of 28] Compiling Network.WebSockets.Types
[ 7 of 28] Compiling Network.WebSockets.Tests.Util
tests/haskell/Network/WebSockets/Tests/Util.hs:10:1: warning: [GHC-66111] [-Wunused-imports]
    The import of ‘Control.Applicative’ is redundant
      except perhaps to import instances from ‘Control.Applicative’
    To import instances alone, use: import Control.Applicative()
   |
10 | import           Control.Applicative      ((<$>))
   | ^^^^^^^^^^^^^^^^^^^^^^^^^^^^^^^^^^^^^^^^^^^^^^^^^

[ 8 of 28] Compiling Network.WebSockets.Mask.Tests
tests/haskell/Network/WebSockets/Mask/Tests.hs:51:63: warning: [GHC-63394] [-Wx-partial]
    In the use of ‘tail’
    (imported from Prelude, but defined in GHC.Internal.List):
    "This is a partial function, it throws an error on empty lists. Replace it with 'drop' 1, or use pattern matching or 'GHC.Internal.Data.List.uncons' instead. Consider refactoring to use "Data.List.NonEmpty"."
   |
51 |       map APkt [ BL.append a b | (a, b) <- zip (BL.inits bs) (tail $ BL.tails bs) ]
   |                                                               ^^^^

[ 9 of 28] Compiling Network.WebSockets.Stream
[10 of 28] Compiling Network.WebSockets.Hybi13.Demultiplex
src/Network/WebSockets/Hybi13/Demultiplex.hs:22:1: warning: [GHC-66111] [-Wunused-imports]
    The import of ‘Data.Monoid’ is redundant
      except perhaps to import instances from ‘Data.Monoid’
    To import instances alone, use: import Data.Monoid()
   |
22 | import           Data.Monoid                           (mappend)
   | ^^^^^^^^^^^^^^^^^^^^^^^^^^^^^^^^^^^^^^^^^^^^^^^^^^^^^^^^^^^^^^^^

[11 of 28] Compiling Network.WebSockets.Hybi13
src/Network/WebSockets/Hybi13.hs:21:1: warning: [GHC-66111] [-Wunused-imports]
    The import of ‘Control.Applicative’ is redundant
      except perhaps to import instances from ‘Control.Applicative’
    To import instances alone, use: import Control.Applicative()
   |
21 | import           Control.Applicative                   (pure, (<$>))
   | ^^^^^^^^^^^^^^^^^^^^^^^^^^^^^^^^^^^^^^^^^^^^^^^^^^^^^^^^^^^^^^^^^^^^

src/Network/WebSockets/Hybi13.hs:37:1: warning: [GHC-66111] [-Wunused-imports]
    The import of ‘Data.Monoid’ is redundant
      except perhaps to import instances from ‘Data.Monoid’
    To import instances alone, use: import Data.Monoid()
   |
37 | import           Data.Monoid                           (mappend, mconcat,
   | ^^^^^^^^^^^^^^^^^^^^^^^^^^^^^^^^^^^^^^^^^^^^^^^^^^^^^^^^^^^^^^^^^^^^^^^^^...

src/Network/WebSockets/Hybi13.hs:258:21: warning: [GHC-63394] [-Wx-partial]
    In the use of ‘head’
    (imported from Prelude, but defined in GHC.Internal.List):
    "This is a partial function, it throws an error on empty lists. Use pattern matching, 'Data.List.uncons' or 'Data.Maybe.listToMaybe' instead. Consider refactoring to use "Data.List.NonEmpty"."
    |
258 |     versionNumber = head headerVersions
    |                     ^^^^

[12 of 28] Compiling Network.WebSockets.Protocol
[13 of 28] Compiling Network.WebSockets.Extensions
[14 of 28] Compiling Network.WebSockets.Extensions.Tests
[15 of 28] Compiling Network.WebSockets.Extensions.StrictUnicode
[16 of 28] Compiling Network.WebSockets.Extensions.PermessageDeflate
src/Network/WebSockets/Extensions/PermessageDeflate.hs:17:1: warning: [GHC-66111] [-Wunused-imports]
    The import of ‘Control.Applicative’ is redundant
      except perhaps to import instances from ‘Control.Applicative’
    To import instances alone, use: import Control.Applicative()
   |
17 | import           Control.Applicative                       ((<$>))
   | ^^^^^^^^^^^^^^^^^^^^^^^^^^^^^^^^^^^^^^^^^^^^^^^^^^^^^^^^^^^^^^^^^^

[17 of 28] Compiling Network.WebSockets.Extensions.PermessageDeflate.Tests
[18 of 28] Compiling Network.WebSockets.Connection
src/Network/WebSockets/Connection.hs:48:1: warning: [GHC-66111] [-Wunused-imports]
    The import of ‘Control.Applicative’ is redundant
      except perhaps to import instances from ‘Control.Applicative’
    To import instances alone, use: import Control.Applicative()
   |
48 | import           Control.Applicative                             ((<$>))
   | ^^^^^^^^^^^^^^^^^^^^^^^^^^^^^^^^^^^^^^^^^^^^^^^^^^^^^^^^^^^^^^^^^^^^^^^^

[19 of 28] Compiling Network.WebSockets.Connection.PingPong
[20 of 28] Compiling Network.WebSockets.Server
[21 of 28] Compiling Network.WebSockets.Client
src/Network/WebSockets/Client.hs:22:58: warning: [GHC-38856] [-Wunused-imports]
    The import of ‘finally’
    from module ‘Control.Exception’ is redundant
   |
22 | import           Control.Exception             (bracket, finally, throwIO)
   |                                                          ^^^^^^^

[22 of 28] Compiling Network.WebSockets
[23 of 28] Compiling Network.WebSockets.Tests
tests/haskell/Network/WebSockets/Tests.hs:11:1: warning: [GHC-66111] [-Wunused-imports]
    The import of ‘Control.Applicative’ is redundant
      except perhaps to import instances from ‘Control.Applicative’
    To import instances alone, use: import Control.Applicative()
   |
11 | import           Control.Applicative                   ((<$>))
   | ^^^^^^^^^^^^^^^^^^^^^^^^^^^^^^^^^^^^^^^^^^^^^^^^^^^^^^^^^^^^^^

tests/haskell/Network/WebSockets/Tests.hs:19:1: warning: [GHC-66111] [-Wunused-imports]
    The import of ‘Data.Monoid’ is redundant
      except perhaps to import instances from ‘Data.Monoid’
    To import instances alone, use: import Data.Monoid()
   |
19 | import           Data.Monoid                           (mempty, mconcat)
   | ^^^^^^^^^^^^^^^^^^^^^^^^^^^^^^^^^^^^^^^^^^^^^^^^^^^^^^^^^^^^^^^^^^^^^^^^

[24 of 28] Compiling Network.WebSockets.Server.Tests
tests/haskell/Network/WebSockets/Server/Tests.hs:10:50: warning: [GHC-38856] [-Wunused-imports]
    The import of ‘<$>’ from module ‘Control.Applicative’ is redundant
   |
10 | import           Control.Applicative            ((<$>), (<|>))
   |                                                  ^^^^^

tests/haskell/Network/WebSockets/Server/Tests.hs:11:1: warning: [GHC-38856] [-Wunused-imports]
    The import of ‘forkIO, killThread’
    from module ‘Control.Concurrent’ is redundant
   |
11 | import           Control.Concurrent             (forkIO, killThread,
   | ^^^^^^^^^^^^^^^^^^^^^^^^^^^^^^^^^^^^^^^^^^^^^^^^^^^^^^^^^^^^^^^^^^^^...

tests/haskell/Network/WebSockets/Server/Tests.hs:13:50: warning: [GHC-38856] [-Wunused-imports]
    The import of ‘Async’
    from module ‘Control.Concurrent.Async’ is redundant
   |
13 | import           Control.Concurrent.Async       (Async, async, cancel)
   |                                                  ^^^^^

tests/haskell/Network/WebSockets/Server/Tests.hs:14:1: warning: [GHC-38856] [-Wunused-imports]
    The import of ‘SomeException, handle’
    from module ‘Control.Exception’ is redundant
   |
14 | import           Control.Exception              (SomeException, catch, handle)
   | ^^^^^^^^^^^^^^^^^^^^^^^^^^^^^^^^^^^^^^^^^^^^^^^^^^^^^^^^^^^^^^^^^^^^^^^^^^^^^^

[25 of 28] Compiling Network.WebSockets.Hybi13.Demultiplex.Tests
tests/haskell/Network/WebSockets/Hybi13/Demultiplex/Tests.hs:9:1: warning: [GHC-66111] [-Wunused-imports]
    The import of ‘Control.Applicative’ is redundant
      except perhaps to import instances from ‘Control.Applicative’
    To import instances alone, use: import Control.Applicative()
  |
9 | import           Control.Applicative                   ((<$>))
  | ^^^^^^^^^^^^^^^^^^^^^^^^^^^^^^^^^^^^^^^^^^^^^^^^^^^^^^^^^^^^^^

[26 of 28] Compiling Network.WebSockets.Handshake.Tests
[27 of 28] Compiling Main
[28 of 28] Compiling Paths_websockets
[29 of 29] Linking dist-newstyle/build/x86_64-linux/ghc-9.10.2/websockets-0.13.0.0/t/websockets-tests/build/websockets-tests/websockets-tests
