Resolving dependencies...
Build profile: -w ghc-9.10.2 -O1
In order, the following will be built (use -v for more details):
 - barbies-2.1.1.0 (lib) (first run)
 - barbies-2.1.1.0 (test:barbies-test) (first run)
Configuring library for barbies-2.1.1.0...
Preprocessing library for barbies-2.1.1.0...
Building library for barbies-2.1.1.0...
[ 1 of 32] Compiling Barbies.Internal.Dicts
[ 2 of 32] Compiling Barbies.Internal.Writer
[ 3 of 32] Compiling Data.Generics.GenericN
[ 4 of 32] Compiling Barbies.Internal.Wear
[ 5 of 32] Compiling Barbies.Generics.Traversable
[ 6 of 32] Compiling Barbies.Generics.Functor
[ 7 of 32] Compiling Barbies.Internal.FunctorT
[ 8 of 32] Compiling Barbies.Internal.TraversableT
[ 9 of 32] Compiling Barbies.Internal.MonadT
[10 of 32] Compiling Barbies.Internal.FunctorB
[11 of 32] Compiling Barbies.Internal.TraversableB
[12 of 32] Compiling Barbies.Generics.Distributive
[13 of 32] Compiling Barbies.Internal.DistributiveT
[14 of 32] Compiling Barbies.Internal.DistributiveB
[15 of 32] Compiling Barbies.Generics.Constraints
[16 of 32] Compiling Barbies.Generics.Bare
[17 of 32] Compiling Barbies.Internal.BareB
[18 of 32] Compiling Barbies.Bare
[19 of 32] Compiling Barbies.Generics.Applicative
[20 of 32] Compiling Barbies.Internal.ApplicativeT
[21 of 32] Compiling Barbies.Internal.ConstraintsT
[22 of 32] Compiling Data.Functor.Transformer
[23 of 32] Compiling Barbies.Internal.ApplicativeB
[24 of 32] Compiling Barbies.Internal.ConstraintsB
[25 of 32] Compiling Data.Functor.Barbie
[26 of 32] Compiling Barbies.Internal.Containers
[27 of 32] Compiling Barbies.Internal.Wrappers
[28 of 32] Compiling Barbies.Internal.Trivial
[29 of 32] Compiling Barbies.Bi
[30 of 32] Compiling Barbies
[31 of 32] Compiling Barbies.Constraints
[32 of 32] Compiling Barbies.Internal
Configuring test suite 'barbies-test' for barbies-2.1.1.0...
Preprocessing test suite 'barbies-test' for barbies-2.1.1.0...
Building test suite 'barbies-test' for barbies-2.1.1.0...
[ 1 of 12] Compiling Clothes
[ 2 of 12] Compiling Spec.Applicative
[ 3 of 12] Compiling Spec.Bare
[ 4 of 12] Compiling Spec.Constraints
[ 5 of 12] Compiling Spec.Distributive
[ 6 of 12] Compiling Spec.Functor
[ 7 of 12] Compiling Spec.Traversable
[ 8 of 12] Compiling Spec.Wrapper
[ 9 of 12] Compiling TestBarbies
[10 of 12] Compiling TestBarbiesW
[11 of 12] Compiling TestBiBarbies
[12 of 12] Compiling Main
test/Spec.hs:18:1: warning: [GHC-66111] [-Wunused-imports]
    The import of ‘Control.Applicative’ is redundant
      except perhaps to import instances from ‘Control.Applicative’
    To import instances alone, use: import Control.Applicative()
   |
18 | import Control.Applicative ( liftA2 )
   | ^^^^^^^^^^^^^^^^^^^^^^^^^^^^^^^^^^^^^

[13 of 13] Linking dist-newstyle/build/x86_64-linux/ghc-9.10.2/barbies-2.1.1.0/t/barbies-test/build/barbies-test/barbies-test
