Resolving dependencies...
Build profile: -w ghc-9.10.2 -O1
In order, the following will be built (use -v for more details):
 - saturn-1.0.0.9 (lib:unstable) (first run)
 - saturn-1.0.0.9 (lib:spec) (first run)
 - saturn-1.0.0.9 (lib) (first run)
 - saturn-1.0.0.9 (test:saturn-test-suite) (first run)
Configuring library 'unstable' for saturn-1.0.0.9...
Preprocessing library 'unstable' for saturn-1.0.0.9...
Building library 'unstable' for saturn-1.0.0.9...
[ 1 of 20] Compiling Saturn.Unstable.Extra.Int
[ 2 of 20] Compiling Saturn.Unstable.Extra.Ord
[ 3 of 20] Compiling Saturn.Unstable.Extra.Parsec
[ 4 of 20] Compiling Saturn.Unstable.Extra.Time
[ 5 of 20] Compiling Saturn.Unstable.Extra.Tuple
[ 6 of 20] Compiling Saturn.Unstable.Type.Number
[ 7 of 20] Compiling Saturn.Unstable.Type.Range
[ 8 of 20] Compiling Saturn.Unstable.Type.Element
[ 9 of 20] Compiling Saturn.Unstable.Type.Wildcard
[10 of 20] Compiling Saturn.Unstable.Type.Field
[11 of 20] Compiling Saturn.Unstable.Type.Weekday
[12 of 20] Compiling Saturn.Unstable.Type.Month
[13 of 20] Compiling Saturn.Unstable.Type.Minute
[14 of 20] Compiling Saturn.Unstable.Type.Hour
[15 of 20] Compiling Saturn.Unstable.Type.Day
[16 of 20] Compiling Saturn.Unstable.Type.Schedule
[17 of 20] Compiling Saturn.Unstable.Render
[18 of 20] Compiling Saturn.Unstable.Parse
[19 of 20] Compiling Saturn.Unstable.Match
[20 of 20] Compiling Saturn.Unstable.Constant
Configuring library 'spec' for saturn-1.0.0.9...
Preprocessing library 'spec' for saturn-1.0.0.9...
Building library 'spec' for saturn-1.0.0.9...
[ 1 of 21] Compiling Saturn.Unstable.ConstantSpec
[ 2 of 21] Compiling Saturn.Unstable.Extra.IntSpec
[ 3 of 21] Compiling Saturn.Unstable.Extra.OrdSpec
[ 4 of 21] Compiling Saturn.Unstable.Extra.ParsecSpec
[ 5 of 21] Compiling Saturn.Unstable.Extra.TimeSpec
[ 6 of 21] Compiling Saturn.Unstable.Extra.TupleSpec
[ 7 of 21] Compiling Saturn.Unstable.Type.NumberSpec
[ 8 of 21] Compiling Saturn.Unstable.Type.RangeSpec
[ 9 of 21] Compiling Saturn.Unstable.Type.ElementSpec
[10 of 21] Compiling Saturn.Unstable.Type.WildcardSpec
[11 of 21] Compiling Saturn.Unstable.Type.FieldSpec
[12 of 21] Compiling Saturn.Unstable.Type.WeekdaySpec
[13 of 21] Compiling Saturn.Unstable.Type.MonthSpec
[14 of 21] Compiling Saturn.Unstable.Type.MinuteSpec
[15 of 21] Compiling Saturn.Unstable.Type.HourSpec
[16 of 21] Compiling Saturn.Unstable.Type.DaySpec
[17 of 21] Compiling Saturn.Unstable.Type.ScheduleSpec
[18 of 21] Compiling Saturn.Unstable.RenderSpec
[19 of 21] Compiling Saturn.Unstable.ParseSpec
[20 of 21] Compiling Saturn.Unstable.MatchSpec
[21 of 21] Compiling SaturnSpec
Configuring library for saturn-1.0.0.9...
Preprocessing library for saturn-1.0.0.9...
Building library for saturn-1.0.0.9...
[1 of 1] Compiling Saturn
Configuring test suite 'saturn-test-suite' for saturn-1.0.0.9...
Preprocessing test suite 'saturn-test-suite' for saturn-1.0.0.9...
Building test suite 'saturn-test-suite' for saturn-1.0.0.9...
[1 of 1] Compiling Main
[2 of 2] Linking dist-newstyle/build/x86_64-linux/ghc-9.10.2/saturn-1.0.0.9/t/saturn-test-suite/build/saturn-test-suite/saturn-test-suite
