Resolving dependencies...
Build profile: -w ghc-9.10.2 -O1
In order, the following will be built (use -v for more details):
 - cabal-flatpak-0.1.2 (exe:cabal-flatpak) (first run)
Configuring executable 'cabal-flatpak' for cabal-flatpak-0.1.2...
Preprocessing executable 'cabal-flatpak' for cabal-flatpak-0.1.2...
Building executable 'cabal-flatpak' for cabal-flatpak-0.1.2...
[1 of 6] Compiling Flatpak
src/Flatpak.hs:28:1: warning: [GHC-66111] [-Wunused-imports]
    The import of ‘Data.Monoid’ is redundant
      except perhaps to import instances from ‘Data.Monoid’
    To import instances alone, use: import Data.Monoid()
   |
28 | import Data.Monoid (mempty, (<>))
   | ^^^^^^^^^^^^^^^^^^^^^^^^^^^^^^^^^

src/Flatpak.hs:33:1: warning: [GHC-38856] [-Wunused-imports]
    The import of ‘<$>, <*>, pure’
    from module ‘Control.Applicative’ is redundant
   |
33 | import Control.Applicative (pure, (<*>), (<$>), (<|>))
   | ^^^^^^^^^^^^^^^^^^^^^^^^^^^^^^^^^^^^^^^^^^^^^^^^^^^^^^

[2 of 6] Compiling Option
src/Option.hs:12:1: warning: [GHC-66111] [-Wunused-imports]
    The import of ‘Control.Applicative’ is redundant
      except perhaps to import instances from ‘Control.Applicative’
    To import instances alone, use: import Control.Applicative()
   |
12 | import Control.Applicative (pure, (<*>))
   | ^^^^^^^^^^^^^^^^^^^^^^^^^^^^^^^^^^^^^^^^

src/Option.hs:14:1: warning: [GHC-66111] [-Wunused-imports]
    The import of ‘Data.Monoid’ is redundant
      except perhaps to import instances from ‘Data.Monoid’
    To import instances alone, use: import Data.Monoid()
   |
14 | import Data.Monoid ((<>))
   | ^^^^^^^^^^^^^^^^^^^^^^^^^

[3 of 6] Compiling Retrieve
[4 of 6] Compiling Package
src/Package.hs:21:1: warning: [GHC-66111] [-Wunused-imports]
    The import of ‘Control.Applicative’ is redundant
      except perhaps to import instances from ‘Control.Applicative’
    To import instances alone, use: import Control.Applicative()
   |
21 | import Control.Applicative (liftA2, (<$>))
   | ^^^^^^^^^^^^^^^^^^^^^^^^^^^^^^^^^^^^^^^^^^

[5 of 6] Compiling Generate
src/Generate.hs:13:1: warning: [GHC-66111] [-Wunused-imports]
    The import of ‘Data.Foldable’ is redundant
      except perhaps to import instances from ‘Data.Foldable’
    To import instances alone, use: import Data.Foldable()
   |
13 | import Data.Foldable (foldMap)
   | ^^^^^^^^^^^^^^^^^^^^^^^^^^^^^^

[6 of 6] Compiling Main
src/Main.hs:23:1: warning: [GHC-66111] [-Wunused-imports]
    The import of ‘Control.Applicative’ is redundant
      except perhaps to import instances from ‘Control.Applicative’
    To import instances alone, use: import Control.Applicative()
   |
23 | import Control.Applicative ((<$>))
   | ^^^^^^^^^^^^^^^^^^^^^^^^^^^^^^^^^^

[7 of 7] Linking /tmp/workdir-cabal-flatpak/cabal-flatpak-0.1.2/dist-newstyle/build/x86_64-linux/ghc-9.10.2/cabal-flatpak-0.1.2/x/cabal-flatpak/build/cabal-flatpak/cabal-flatpak
