Resolving dependencies...
Build profile: -w ghc-9.10.2 -O1
In order, the following will be built (use -v for more details):
 - gi-gio-2.0.38 (lib:gi-gio) (first run)
[1 of 2] Compiling Main             ( dist-newstyle/build/x86_64-linux/ghc-9.10.2/gi-gio-2.0.38/setup/setup.hs, dist-newstyle/build/x86_64-linux/ghc-9.10.2/gi-gio-2.0.38/setup/Main.o )
[2 of 2] Linking dist-newstyle/build/x86_64-linux/ghc-9.10.2/gi-gio-2.0.38/setup/setup
Configuring gi-gio-2.0.38...
Preprocessing library for gi-gio-2.0.38...
Building library for gi-gio-2.0.38...
[  1 of 372] Compiling GI.Gio.Config
[  2 of 372] Compiling GI.Gio.Constants
[  3 of 372] Compiling GI.Gio.Enums[boot]
[  4 of 372] Compiling GI.Gio.Enums
[  5 of 372] Compiling GI.Gio.Flags[boot]
[  6 of 372] Compiling GI.Gio.Flags
[  7 of 372] Compiling GI.Gio.Interfaces.Action[boot]
[  8 of 372] Compiling GI.Gio.Interfaces.Action
[  9 of 372] Compiling GI.Gio.Interfaces.ActionGroup[boot]
[ 10 of 372] Compiling GI.Gio.Interfaces.ActionGroup
[ 11 of 372] Compiling GI.Gio.Interfaces.AsyncResult[boot]
[ 12 of 372] Compiling GI.Gio.Interfaces.AsyncResult
[ 13 of 372] Compiling GI.Gio.Interfaces.Converter[boot]
[ 14 of 372] Compiling GI.Gio.Interfaces.Converter
[ 15 of 372] Compiling GI.Gio.Interfaces.FileDescriptorBased[boot]
[ 16 of 372] Compiling GI.Gio.Interfaces.FileDescriptorBased
[ 17 of 372] Compiling GI.Gio.Interfaces.Icon[boot]
[ 18 of 372] Compiling GI.Gio.Interfaces.Icon
[ 19 of 372] Compiling GI.Gio.Interfaces.ListModel[boot]
[ 20 of 372] Compiling GI.Gio.Interfaces.ListModel
[ 21 of 372] Compiling GI.Gio.Interfaces.RemoteActionGroup[boot]
[ 22 of 372] Compiling GI.Gio.Interfaces.RemoteActionGroup
[ 23 of 372] Compiling GI.Gio.Objects.AppInfoMonitor[boot]
[ 24 of 372] Compiling GI.Gio.Objects.AppInfoMonitor
[ 25 of 372] Compiling GI.Gio.Objects.Cancellable[boot]
[ 26 of 372] Compiling GI.Gio.Objects.Cancellable
[ 27 of 372] Compiling GI.Gio.Interfaces.Seekable[boot]
[ 28 of 372] Compiling GI.Gio.Interfaces.Seekable
[ 29 of 372] Compiling GI.Gio.Interfaces.Initable[boot]
[ 30 of 372] Compiling GI.Gio.Interfaces.Initable
[ 31 of 372] Compiling GI.Gio.Interfaces.PowerProfileMonitor[boot]
[ 32 of 372] Compiling GI.Gio.Interfaces.PowerProfileMonitor
[ 33 of 372] Compiling GI.Gio.Interfaces.MemoryMonitor[boot]
[ 34 of 372] Compiling GI.Gio.Interfaces.MemoryMonitor
[ 35 of 372] Compiling GI.Gio.Interfaces.DebugController[boot]
[ 36 of 372] Compiling GI.Gio.Interfaces.DebugController
[ 37 of 372] Compiling GI.Gio.Objects.CharsetConverter[boot]
[ 38 of 372] Compiling GI.Gio.Objects.CharsetConverter
[ 39 of 372] Compiling GI.Gio.Objects.Credentials[boot]
[ 40 of 372] Compiling GI.Gio.Objects.Credentials
[ 41 of 372] Compiling GI.Gio.Objects.Emblem[boot]
[ 42 of 372] Compiling GI.Gio.Objects.Emblem
[ 43 of 372] Compiling GI.Gio.Objects.EmblemedIcon[boot]
[ 44 of 372] Compiling GI.Gio.Objects.EmblemedIcon
[ 45 of 372] Compiling GI.Gio.Objects.FilenameCompleter[boot]
[ 46 of 372] Compiling GI.Gio.Objects.FilenameCompleter
[ 47 of 372] Compiling GI.Gio.Objects.InetAddress[boot]
[ 48 of 372] Compiling GI.Gio.Objects.InetAddress
[ 49 of 372] Compiling GI.Gio.Objects.InetAddressMask[boot]
[ 50 of 372] Compiling GI.Gio.Objects.InetAddressMask
[ 51 of 372] Compiling GI.Gio.Objects.ListStore[boot]
[ 52 of 372] Compiling GI.Gio.Objects.ListStore
[ 53 of 372] Compiling GI.Gio.Objects.MenuAttributeIter[boot]
[ 54 of 372] Compiling GI.Gio.Objects.MenuAttributeIter
[ 55 of 372] Compiling GI.Gio.Objects.MenuLinkIter[boot]
[ 56 of 372] Compiling GI.Gio.Objects.MenuModel[boot]
[ 57 of 372] Compiling GI.Gio.Objects.MenuModel
[ 58 of 372] Compiling GI.Gio.Objects.MenuLinkIter
[ 59 of 372] Compiling GI.Gio.Objects.MenuItem[boot]
[ 60 of 372] Compiling GI.Gio.Objects.MenuItem
[ 61 of 372] Compiling GI.Gio.Objects.Menu[boot]
[ 62 of 372] Compiling GI.Gio.Objects.Menu
[ 63 of 372] Compiling GI.Gio.Objects.MountOperation[boot]
[ 64 of 372] Compiling GI.Gio.Objects.MountOperation
[ 65 of 372] Compiling GI.Gio.Objects.Notification[boot]
[ 66 of 372] Compiling GI.Gio.Objects.Notification
[ 67 of 372] Compiling GI.Gio.Objects.PropertyAction[boot]
[ 68 of 372] Compiling GI.Gio.Objects.PropertyAction
[ 69 of 372] Compiling GI.Gio.Objects.SettingsBackend[boot]
[ 70 of 372] Compiling GI.Gio.Objects.SettingsBackend
[ 71 of 372] Compiling GI.Gio.Objects.SimpleAction[boot]
[ 72 of 372] Compiling GI.Gio.Objects.SimpleAction
[ 73 of 372] Compiling GI.Gio.Objects.SocketControlMessage[boot]
[ 74 of 372] Compiling GI.Gio.Objects.SocketControlMessage
[ 75 of 372] Compiling GI.Gio.Objects.TestDBus[boot]
[ 76 of 372] Compiling GI.Gio.Objects.TestDBus
[ 77 of 372] Compiling GI.Gio.Objects.ThemedIcon[boot]
[ 78 of 372] Compiling GI.Gio.Objects.ThemedIcon
[ 79 of 372] Compiling GI.Gio.Objects.TlsPassword[boot]
[ 80 of 372] Compiling GI.Gio.Objects.TlsPassword
[ 81 of 372] Compiling GI.Gio.Objects.UnixCredentialsMessage[boot]
[ 82 of 372] Compiling GI.Gio.Objects.UnixCredentialsMessage
[ 83 of 372] Compiling GI.Gio.Objects.UnixFDList[boot]
[ 84 of 372] Compiling GI.Gio.Objects.UnixFDList
[ 85 of 372] Compiling GI.Gio.Objects.DBusMessage[boot]
[ 86 of 372] Compiling GI.Gio.Objects.DBusMessage
[ 87 of 372] Compiling GI.Gio.Objects.UnixFDMessage[boot]
[ 88 of 372] Compiling GI.Gio.Objects.UnixFDMessage
[ 89 of 372] Compiling GI.Gio.Objects.UnixMountMonitor[boot]
[ 90 of 372] Compiling GI.Gio.Objects.UnixMountMonitor
[ 91 of 372] Compiling GI.Gio.Structs.DBusAnnotationInfo[boot]
[ 92 of 372] Compiling GI.Gio.Structs.DBusAnnotationInfo
[ 93 of 372] Compiling GI.Gio.Structs.DBusArgInfo[boot]
[ 94 of 372] Compiling GI.Gio.Structs.DBusArgInfo
[ 95 of 372] Compiling GI.Gio.Structs.DBusErrorEntry[boot]
[ 96 of 372] Compiling GI.Gio.Structs.DBusErrorEntry
[ 97 of 372] Compiling GI.Gio.Structs.DBusMethodInfo[boot]
[ 98 of 372] Compiling GI.Gio.Structs.DBusMethodInfo
[ 99 of 372] Compiling GI.Gio.Structs.DBusPropertyInfo[boot]
[100 of 372] Compiling GI.Gio.Structs.DBusPropertyInfo
[101 of 372] Compiling GI.Gio.Structs.DBusSignalInfo[boot]
[102 of 372] Compiling GI.Gio.Structs.DBusSignalInfo
[103 of 372] Compiling GI.Gio.Structs.DBusInterfaceInfo[boot]
[104 of 372] Compiling GI.Gio.Structs.DBusInterfaceInfo
[105 of 372] Compiling GI.Gio.Structs.DBusNodeInfo[boot]
[106 of 372] Compiling GI.Gio.Structs.DBusNodeInfo
[107 of 372] Compiling GI.Gio.Interfaces.DBusObject[boot]
[108 of 372] Compiling GI.Gio.Interfaces.DBusInterface[boot]
[109 of 372] Compiling GI.Gio.Interfaces.DBusInterface
[110 of 372] Compiling GI.Gio.Interfaces.DBusObject
[111 of 372] Compiling GI.Gio.Interfaces.DBusObjectManager[boot]
[112 of 372] Compiling GI.Gio.Interfaces.DBusObjectManager
[113 of 372] Compiling GI.Gio.Structs.FileAttributeInfo[boot]
[114 of 372] Compiling GI.Gio.Structs.FileAttributeInfo
[115 of 372] Compiling GI.Gio.Structs.FileAttributeInfoList[boot]
[116 of 372] Compiling GI.Gio.Structs.FileAttributeInfoList
[117 of 372] Compiling GI.Gio.Structs.FileAttributeMatcher[boot]
[118 of 372] Compiling GI.Gio.Structs.FileAttributeMatcher
[119 of 372] Compiling GI.Gio.Objects.FileInfo[boot]
[120 of 372] Compiling GI.Gio.Objects.FileInfo
[121 of 372] Compiling GI.Gio.Objects.ZlibDecompressor[boot]
[122 of 372] Compiling GI.Gio.Objects.ZlibDecompressor
[123 of 372] Compiling GI.Gio.Objects.ZlibCompressor[boot]
[124 of 372] Compiling GI.Gio.Objects.ZlibCompressor
[125 of 372] Compiling GI.Gio.Structs.IOExtension[boot]
[126 of 372] Compiling GI.Gio.Structs.IOExtension
[127 of 372] Compiling GI.Gio.Structs.IOExtensionPoint[boot]
[128 of 372] Compiling GI.Gio.Structs.IOExtensionPoint
[129 of 372] Compiling GI.Gio.Structs.IOModuleScope[boot]
[130 of 372] Compiling GI.Gio.Structs.IOModuleScope
[131 of 372] Compiling GI.Gio.Structs.IOSchedulerJob[boot]
[132 of 372] Compiling GI.Gio.Structs.IOSchedulerJob
[133 of 372] Compiling GI.Gio.Structs.IOStreamAdapter[boot]
[134 of 372] Compiling GI.Gio.Structs.IOStreamAdapter
[135 of 372] Compiling GI.Gio.Structs.InputVector[boot]
[136 of 372] Compiling GI.Gio.Structs.InputVector
[137 of 372] Compiling GI.Gio.Structs.OutputVector[boot]
[138 of 372] Compiling GI.Gio.Structs.OutputVector
[139 of 372] Compiling GI.Gio.Objects.DBusMethodInvocation[boot]
[140 of 372] Compiling GI.Gio.Objects.DBusObjectManagerClient[boot]
[141 of 372] Compiling GI.Gio.Objects.DBusObjectProxy[boot]
[142 of 372] Compiling GI.Gio.Interfaces.AsyncInitable[boot]
[143 of 372] Compiling GI.Gio.Objects.DBusAuthObserver[boot]
[144 of 372] Compiling GI.Gio.Objects.DBusConnection[boot]
[145 of 372] Compiling GI.Gio.Objects.DBusProxy[boot]
[146 of 372] Compiling GI.Gio.Objects.DesktopAppInfo[boot]
[147 of 372] Compiling GI.Gio.Objects.SimpleAsyncResult[boot]
[148 of 372] Compiling GI.Gio.Interfaces.DatagramBased[boot]
[149 of 372] Compiling GI.Gio.Objects.Socket[boot]
[150 of 372] Compiling GI.Gio.Objects.SocketConnection[boot]
[151 of 372] Compiling GI.Gio.Objects.Task[boot]
[152 of 372] Compiling GI.Gio.Interfaces.AppInfo[boot]
[153 of 372] Compiling GI.Gio.Interfaces.Drive[boot]
[154 of 372] Compiling GI.Gio.Interfaces.File[boot]
[155 of 372] Compiling GI.Gio.Interfaces.Mount[boot]
[156 of 372] Compiling GI.Gio.Interfaces.Volume[boot]
[157 of 372] Compiling GI.Gio.Objects.AppLaunchContext[boot]
[158 of 372] Compiling GI.Gio.Objects.FileEnumerator[boot]
[159 of 372] Compiling GI.Gio.Objects.FileIOStream[boot]
[160 of 372] Compiling GI.Gio.Objects.FileInputStream[boot]
[161 of 372] Compiling GI.Gio.Objects.FileMonitor[boot]
[162 of 372] Compiling GI.Gio.Objects.FileOutputStream[boot]
[163 of 372] Compiling GI.Gio.Objects.IOStream[boot]
[164 of 372] Compiling GI.Gio.Objects.InputStream[boot]
[165 of 372] Compiling GI.Gio.Objects.OutputStream[boot]
[166 of 372] Compiling GI.Gio.Objects.Vfs[boot]
[167 of 372] Compiling GI.Gio.Structs.DBusInterfaceVTable[boot]
[168 of 372] Compiling GI.Gio.Structs.DBusSubtreeVTable[boot]
[169 of 372] Compiling GI.Gio.Structs.InputMessage[boot]
[170 of 372] Compiling GI.Gio.Interfaces.SocketConnectable[boot]
[171 of 372] Compiling GI.Gio.Objects.SocketAddress[boot]
[172 of 372] Compiling GI.Gio.Objects.SocketAddressEnumerator[boot]
[173 of 372] Compiling GI.Gio.Structs.OutputMessage[boot]
[174 of 372] Compiling GI.Gio.Callbacks
[175 of 372] Compiling GI.Gio.Objects.SocketAddressEnumerator
[176 of 372] Compiling GI.Gio.Objects.SocketAddress
[177 of 372] Compiling GI.Gio.Interfaces.SocketConnectable
[178 of 372] Compiling GI.Gio.Structs.InputMessage
[179 of 372] Compiling GI.Gio.Structs.DBusSubtreeVTable
[180 of 372] Compiling GI.Gio.Structs.DBusInterfaceVTable
[181 of 372] Compiling GI.Gio.Objects.Vfs
[182 of 372] Compiling GI.Gio.Objects.OutputStream
[183 of 372] Compiling GI.Gio.Objects.InputStream
[184 of 372] Compiling GI.Gio.Objects.IOStream
[185 of 372] Compiling GI.Gio.Objects.FileOutputStream
[186 of 372] Compiling GI.Gio.Objects.FileMonitor
[187 of 372] Compiling GI.Gio.Objects.FileInputStream
[188 of 372] Compiling GI.Gio.Objects.FileIOStream
[189 of 372] Compiling GI.Gio.Objects.FileEnumerator
[190 of 372] Compiling GI.Gio.Objects.AppLaunchContext
[191 of 372] Compiling GI.Gio.Interfaces.Volume
[192 of 372] Compiling GI.Gio.Interfaces.Mount
[193 of 372] Compiling GI.Gio.Interfaces.File
[194 of 372] Compiling GI.Gio.Interfaces.Drive
[195 of 372] Compiling GI.Gio.Interfaces.AppInfo
[196 of 372] Compiling GI.Gio.Objects.Task
[197 of 372] Compiling GI.Gio.Objects.SimpleAsyncResult
[198 of 372] Compiling GI.Gio.Objects.DesktopAppInfo
[199 of 372] Compiling GI.Gio.Objects.DBusProxy
[200 of 372] Compiling GI.Gio.Objects.DBusConnection
[201 of 372] Compiling GI.Gio.Objects.DBusAuthObserver
[202 of 372] Compiling GI.Gio.Interfaces.AsyncInitable
[203 of 372] Compiling GI.Gio.Objects.DBusObjectProxy
[204 of 372] Compiling GI.Gio.Objects.DBusObjectManagerClient
[205 of 372] Compiling GI.Gio.Objects.DBusMethodInvocation
[206 of 372] Compiling GI.Gio.Structs.OutputMessage
[207 of 372] Compiling GI.Gio.Objects.SocketConnection
[208 of 372] Compiling GI.Gio.Objects.Socket
[209 of 372] Compiling GI.Gio.Interfaces.DatagramBased
[210 of 372] Compiling GI.Gio.Structs.InputStreamClass[boot]
[211 of 372] Compiling GI.Gio.Structs.InputStreamClass
[212 of 372] Compiling GI.Gio.Structs.ActionEntry[boot]
[213 of 372] Compiling GI.Gio.Structs.ActionEntry
[214 of 372] Compiling GI.Gio.Objects.Permission[boot]
[215 of 372] Compiling GI.Gio.Objects.Permission
[216 of 372] Compiling GI.Gio.Objects.SimplePermission[boot]
[217 of 372] Compiling GI.Gio.Objects.SimplePermission
[218 of 372] Compiling GI.Gio.Objects.Subprocess[boot]
[219 of 372] Compiling GI.Gio.Objects.Subprocess
[220 of 372] Compiling GI.Gio.Objects.SubprocessLauncher[boot]
[221 of 372] Compiling GI.Gio.Objects.SubprocessLauncher
[222 of 372] Compiling GI.Gio.Objects.SimpleIOStream[boot]
[223 of 372] Compiling GI.Gio.Objects.SimpleIOStream
[224 of 372] Compiling GI.Gio.Objects.FilterOutputStream[boot]
[225 of 372] Compiling GI.Gio.Objects.FilterOutputStream
[226 of 372] Compiling GI.Gio.Objects.FilterInputStream[boot]
[227 of 372] Compiling GI.Gio.Objects.FilterInputStream
[228 of 372] Compiling GI.Gio.Objects.DataOutputStream[boot]
[229 of 372] Compiling GI.Gio.Objects.DataOutputStream
[230 of 372] Compiling GI.Gio.Objects.BufferedOutputStream[boot]
[231 of 372] Compiling GI.Gio.Objects.BufferedOutputStream
[232 of 372] Compiling GI.Gio.Objects.BufferedInputStream[boot]
[233 of 372] Compiling GI.Gio.Objects.BufferedInputStream
[234 of 372] Compiling GI.Gio.Objects.DataInputStream[boot]
[235 of 372] Compiling GI.Gio.Objects.DataInputStream
[236 of 372] Compiling GI.Gio.Objects.UnixSocketAddress[boot]
[237 of 372] Compiling GI.Gio.Objects.UnixSocketAddress
[238 of 372] Compiling GI.Gio.Objects.TlsCertificate[boot]
[239 of 372] Compiling GI.Gio.Objects.TlsCertificate
[240 of 372] Compiling GI.Gio.Objects.TlsDatabase[boot]
[241 of 372] Compiling GI.Gio.Objects.TlsInteraction[boot]
[242 of 372] Compiling GI.Gio.Objects.TlsConnection[boot]
[243 of 372] Compiling GI.Gio.Objects.TlsConnection
[244 of 372] Compiling GI.Gio.Objects.TlsInteraction
[245 of 372] Compiling GI.Gio.Objects.TlsDatabase
[246 of 372] Compiling GI.Gio.Objects.NetworkService[boot]
[247 of 372] Compiling GI.Gio.Objects.NetworkService
[248 of 372] Compiling GI.Gio.Objects.NetworkAddress[boot]
[249 of 372] Compiling GI.Gio.Objects.NetworkAddress
[250 of 372] Compiling GI.Gio.Objects.NativeSocketAddress[boot]
[251 of 372] Compiling GI.Gio.Objects.NativeSocketAddress
[252 of 372] Compiling GI.Gio.Objects.InetSocketAddress[boot]
[253 of 372] Compiling GI.Gio.Objects.InetSocketAddress
[254 of 372] Compiling GI.Gio.Objects.ProxyAddress[boot]
[255 of 372] Compiling GI.Gio.Objects.ProxyAddress
[256 of 372] Compiling GI.Gio.Interfaces.TlsServerConnection[boot]
[257 of 372] Compiling GI.Gio.Interfaces.TlsServerConnection
[258 of 372] Compiling GI.Gio.Interfaces.TlsFileDatabase[boot]
[259 of 372] Compiling GI.Gio.Interfaces.TlsFileDatabase
[260 of 372] Compiling GI.Gio.Interfaces.TlsClientConnection[boot]
[261 of 372] Compiling GI.Gio.Interfaces.TlsClientConnection
[262 of 372] Compiling GI.Gio.Interfaces.TlsBackend[boot]
[263 of 372] Compiling GI.Gio.Interfaces.TlsBackend
[264 of 372] Compiling GI.Gio.Interfaces.ProxyResolver[boot]
[265 of 372] Compiling GI.Gio.Interfaces.ProxyResolver
[266 of 372] Compiling GI.Gio.Objects.SimpleProxyResolver[boot]
[267 of 372] Compiling GI.Gio.Objects.SimpleProxyResolver
[268 of 372] Compiling GI.Gio.Objects.ProxyAddressEnumerator[boot]
[269 of 372] Compiling GI.Gio.Objects.ProxyAddressEnumerator
[270 of 372] Compiling GI.Gio.Interfaces.Proxy[boot]
[271 of 372] Compiling GI.Gio.Interfaces.Proxy
[272 of 372] Compiling GI.Gio.Interfaces.PollableOutputStream[boot]
[273 of 372] Compiling GI.Gio.Interfaces.PollableOutputStream
[274 of 372] Compiling GI.Gio.Objects.UnixOutputStream[boot]
[275 of 372] Compiling GI.Gio.Objects.UnixOutputStream
[276 of 372] Compiling GI.Gio.Objects.MemoryOutputStream[boot]
[277 of 372] Compiling GI.Gio.Objects.MemoryOutputStream
[278 of 372] Compiling GI.Gio.Objects.ConverterOutputStream[boot]
[279 of 372] Compiling GI.Gio.Objects.ConverterOutputStream
[280 of 372] Compiling GI.Gio.Interfaces.PollableInputStream[boot]
[281 of 372] Compiling GI.Gio.Interfaces.PollableInputStream
[282 of 372] Compiling GI.Gio.Objects.UnixInputStream[boot]
[283 of 372] Compiling GI.Gio.Objects.UnixInputStream
[284 of 372] Compiling GI.Gio.Objects.MemoryInputStream[boot]
[285 of 372] Compiling GI.Gio.Objects.MemoryInputStream
[286 of 372] Compiling GI.Gio.Objects.ConverterInputStream[boot]
[287 of 372] Compiling GI.Gio.Objects.ConverterInputStream
[288 of 372] Compiling GI.Gio.Interfaces.NetworkMonitor[boot]
[289 of 372] Compiling GI.Gio.Interfaces.NetworkMonitor
[290 of 372] Compiling GI.Gio.Interfaces.LoadableIcon[boot]
[291 of 372] Compiling GI.Gio.Interfaces.LoadableIcon
[292 of 372] Compiling GI.Gio.Objects.BytesIcon[boot]
[293 of 372] Compiling GI.Gio.Objects.BytesIcon
[294 of 372] Compiling GI.Gio.Objects.UnixConnection[boot]
[295 of 372] Compiling GI.Gio.Objects.UnixConnection
[296 of 372] Compiling GI.Gio.Objects.TcpConnection[boot]
[297 of 372] Compiling GI.Gio.Objects.TcpConnection
[298 of 372] Compiling GI.Gio.Objects.TcpWrapperConnection[boot]
[299 of 372] Compiling GI.Gio.Objects.TcpWrapperConnection
[300 of 372] Compiling GI.Gio.Objects.SocketListener[boot]
[301 of 372] Compiling GI.Gio.Objects.SocketListener
[302 of 372] Compiling GI.Gio.Objects.SocketService[boot]
[303 of 372] Compiling GI.Gio.Objects.SocketService
[304 of 372] Compiling GI.Gio.Objects.ThreadedSocketService[boot]
[305 of 372] Compiling GI.Gio.Objects.ThreadedSocketService
[306 of 372] Compiling GI.Gio.Objects.SocketClient[boot]
[307 of 372] Compiling GI.Gio.Objects.SocketClient
[308 of 372] Compiling GI.Gio.Interfaces.DtlsConnection[boot]
[309 of 372] Compiling GI.Gio.Interfaces.DtlsConnection
[310 of 372] Compiling GI.Gio.Interfaces.DtlsServerConnection[boot]
[311 of 372] Compiling GI.Gio.Interfaces.DtlsServerConnection
[312 of 372] Compiling GI.Gio.Interfaces.DtlsClientConnection[boot]
[313 of 372] Compiling GI.Gio.Interfaces.DtlsClientConnection
[314 of 372] Compiling GI.Gio.Objects.DBusServer[boot]
[315 of 372] Compiling GI.Gio.Objects.DBusServer
[316 of 372] Compiling GI.Gio.Objects.DebugControllerDBus[boot]
[317 of 372] Compiling GI.Gio.Objects.DebugControllerDBus
[318 of 372] Compiling GI.Gio.Objects.DBusMenuModel[boot]
[319 of 372] Compiling GI.Gio.Objects.DBusMenuModel
[320 of 372] Compiling GI.Gio.Objects.DBusInterfaceSkeleton[boot]
[321 of 372] Compiling GI.Gio.Objects.DBusInterfaceSkeleton
[322 of 372] Compiling GI.Gio.Objects.DBusObjectSkeleton[boot]
[323 of 372] Compiling GI.Gio.Objects.DBusObjectSkeleton
[324 of 372] Compiling GI.Gio.Objects.DBusObjectManagerServer[boot]
[325 of 372] Compiling GI.Gio.Objects.DBusObjectManagerServer
[326 of 372] Compiling GI.Gio.Objects.DBusActionGroup[boot]
[327 of 372] Compiling GI.Gio.Objects.DBusActionGroup
[328 of 372] Compiling GI.Gio.Objects.VolumeMonitor[boot]
[329 of 372] Compiling GI.Gio.Objects.VolumeMonitor
[330 of 372] Compiling GI.Gio.Objects.NativeVolumeMonitor[boot]
[331 of 372] Compiling GI.Gio.Objects.NativeVolumeMonitor
[332 of 372] Compiling GI.Gio.Objects.FileIcon[boot]
[333 of 372] Compiling GI.Gio.Objects.FileIcon
[334 of 372] Compiling GI.Gio.Objects.ApplicationCommandLine[boot]
[335 of 372] Compiling GI.Gio.Objects.ApplicationCommandLine
[336 of 372] Compiling GI.Gio.Interfaces.DesktopAppInfoLookup[boot]
[337 of 372] Compiling GI.Gio.Interfaces.DesktopAppInfoLookup
[338 of 372] Compiling GI.Gio.Interfaces.ActionMap[boot]
[339 of 372] Compiling GI.Gio.Interfaces.ActionMap
[340 of 372] Compiling GI.Gio.Objects.SimpleActionGroup[boot]
[341 of 372] Compiling GI.Gio.Objects.SimpleActionGroup
[342 of 372] Compiling GI.Gio.Objects.Application[boot]
[343 of 372] Compiling GI.Gio.Objects.Application
[344 of 372] Compiling GI.Gio.Interfaces
[345 of 372] Compiling GI.Gio.Structs.Resource[boot]
[346 of 372] Compiling GI.Gio.Structs.Resource
[347 of 372] Compiling GI.Gio.Structs.SeekableIface[boot]
[348 of 372] Compiling GI.Gio.Structs.SeekableIface
[349 of 372] Compiling GI.Gio.Structs.SettingsSchemaKey[boot]
[350 of 372] Compiling GI.Gio.Structs.SettingsSchemaKey
[351 of 372] Compiling GI.Gio.Structs.SettingsSchema[boot]
[352 of 372] Compiling GI.Gio.Structs.SettingsSchema
[353 of 372] Compiling GI.Gio.Objects.Settings[boot]
[354 of 372] Compiling GI.Gio.Objects.Settings
[355 of 372] Compiling GI.Gio.Structs.SettingsSchemaSource[boot]
[356 of 372] Compiling GI.Gio.Structs.SettingsSchemaSource
[357 of 372] Compiling GI.Gio.Structs.SrvTarget[boot]
[358 of 372] Compiling GI.Gio.Structs.SrvTarget
[359 of 372] Compiling GI.Gio.Objects.Resolver[boot]
[360 of 372] Compiling GI.Gio.Objects.Resolver
[361 of 372] Compiling GI.Gio.Objects.ThreadedResolver[boot]
[362 of 372] Compiling GI.Gio.Objects.ThreadedResolver
[363 of 372] Compiling GI.Gio.Objects
[364 of 372] Compiling GI.Gio.Structs.StaticResource[boot]
[365 of 372] Compiling GI.Gio.Structs.StaticResource
[366 of 372] Compiling GI.Gio.Structs.UnixMountEntry[boot]
[367 of 372] Compiling GI.Gio.Structs.UnixMountEntry
[368 of 372] Compiling GI.Gio.Structs.UnixMountPoint[boot]
[369 of 372] Compiling GI.Gio.Structs.UnixMountPoint
[370 of 372] Compiling GI.Gio.Structs
[371 of 372] Compiling GI.Gio.Functions
[372 of 372] Compiling GI.Gio
