Resolving dependencies...
Build profile: -w ghc-9.10.2 -O1
In order, the following will be built (use -v for more details):
 - system-fileio-0.3.16.7 (lib) (first run)
 - system-fileio-0.3.16.7 (test:filesystem_tests) (first run)
Configuring library for system-fileio-0.3.16.7...
Preprocessing library for system-fileio-0.3.16.7...
Building library for system-fileio-0.3.16.7...
[1 of 1] Compiling Filesystem
lib/Filesystem.hs:79:48: warning: [GHC-38856] [-Wunused-imports]
    The import of ‘when’ from module ‘Control.Monad’ is redundant
   |
79 | import           Control.Monad (forM_, unless, when)
   |                                                ^^^^

lib/Filesystem.hs:95:1: warning: [GHC-66111] [-Wunused-imports]
    The import of ‘System.IO.Error’ is redundant
      except perhaps to import instances from ‘System.IO.Error’
    To import instances alone, use: import System.IO.Error()
   |
95 | import           System.IO.Error (IOError)
   | ^^^^^^^^^^^^^^^^^^^^^^^^^^^^^^^^^^^^^^^^^^

lib/Filesystem.hs:925:1: warning: [GHC-40910] [-Wunused-top-binds]
    Defined but not used: ‘throwErrnoPathIfMinus1’
    |
925 | throwErrnoPathIfMinus1 loc path = CError.throwErrnoPathIfMinus1 loc (encodeString path)
    | ^^^^^^^^^^^^^^^^^^^^^^

In file included from /usr/include/dirent.h:25,
                 from lib/hssystemfileio-unix.c:9:0: error: 

/usr/include/features.h:196:3: error:
     warning: #warning "_BSD_SOURCE and _SVID_SOURCE are deprecated, use _DEFAULT_SOURCE" [-Wcpp]
      196 | # warning "_BSD_SOURCE and _SVID_SOURCE are deprecated, use _DEFAULT_SOURCE"
          |   ^~~~~~~
    |
196 | # warning "_BSD_SOURCE and _SVID_SOURCE are deprecated, use _DEFAULT_SOURCE"
    |   ^

lib/hssystemfileio-unix.c: In function ‘hssystemfileio_readdir’:
lib/hssystemfileio-unix.c:57:17: error:
     warning: ‘readdir_r’ is deprecated [-Wdeprecated-declarations]
       57 |                 int rc = readdir_r(dir, dirent, &dirent_result);
          |                 ^~~
   |
57 |                 int rc = readdir_r(dir, dirent, &dirent_result);
   |                 ^

/usr/include/dirent.h:185:12: error:
     note: declared here
      185 | extern int readdir_r (DIR *__restrict __dirp,
          |            ^~~~~~~~~
    |
185 | extern int readdir_r (DIR *__restrict __dirp,
    |            ^

In file included from /usr/include/dirent.h:25,
                 from lib/hssystemfileio-unix.c:9:0: error: 

/usr/include/features.h:196:3: error:
     warning: #warning "_BSD_SOURCE and _SVID_SOURCE are deprecated, use _DEFAULT_SOURCE" [-Wcpp]
      196 | # warning "_BSD_SOURCE and _SVID_SOURCE are deprecated, use _DEFAULT_SOURCE"
          |   ^~~~~~~
    |
196 | # warning "_BSD_SOURCE and _SVID_SOURCE are deprecated, use _DEFAULT_SOURCE"
    |   ^

lib/hssystemfileio-unix.c: In function ‘hssystemfileio_readdir’:
lib/hssystemfileio-unix.c:57:17: error:
     warning: ‘readdir_r’ is deprecated [-Wdeprecated-declarations]
       57 |                 int rc = readdir_r(dir, dirent, &dirent_result);
          |                 ^~~
   |
57 |                 int rc = readdir_r(dir, dirent, &dirent_result);
   |                 ^

/usr/include/dirent.h:185:12: error:
     note: declared here
      185 | extern int readdir_r (DIR *__restrict __dirp,
          |            ^~~~~~~~~
    |
185 | extern int readdir_r (DIR *__restrict __dirp,
    |            ^

Configuring test suite 'filesystem_tests' for system-fileio-0.3.16.7...
Preprocessing test suite 'filesystem_tests' for system-fileio-0.3.16.7...
Building test suite 'filesystem_tests' for system-fileio-0.3.16.7...
[1 of 3] Compiling FilesystemTests.Util
[2 of 3] Compiling FilesystemTests.Posix
[3 of 3] Compiling Main
[4 of 4] Linking dist-newstyle/build/x86_64-linux/ghc-9.10.2/system-fileio-0.3.16.7/t/filesystem_tests/build/filesystem_tests/filesystem_tests
