Resolving dependencies...
Build profile: -w ghc-9.10.2 -O1
In order, the following will be built (use -v for more details):
 - java-adt-1.0.20231204 (exe:java-adt) (first run)
Configuring executable 'java-adt' for java-adt-1.0.20231204...
Preprocessing executable 'java-adt' for java-adt-1.0.20231204...
Building executable 'java-adt' for java-adt-1.0.20231204...
[1 of 6] Compiling Lexer
[2 of 6] Compiling Options
[3 of 6] Compiling Syntax
[4 of 6] Compiling Printer
src/Printer.hs:41:31: warning: [GHC-63394] [-Wx-partial]
    In the use of ‘head’
    (imported from Prelude, but defined in GHC.Internal.List):
    "This is a partial function, it throws an error on empty lists. Use pattern matching, 'Data.List.uncons' or 'Data.Maybe.listToMaybe' instead. Consider refactoring to use "Data.List.NonEmpty"."
   |
41 |   where var = char $ toLower (head x)
   |                               ^^^^

[5 of 6] Compiling Parser
[6 of 6] Compiling Main
src/Main.hs:38:13: warning: [GHC-63394] [-Wx-partial]
    In the use of ‘head’
    (imported from Prelude, but defined in GHC.Internal.List):
    "This is a partial function, it throws an error on empty lists. Use pattern matching, 'Data.List.uncons' or 'Data.Maybe.listToMaybe' instead. Consider refactoring to use "Data.List.NonEmpty"."
   |
38 |   fresh l = head $ filter (`notElem` l) $ map (:[]) $ ['R' .. 'Z'] ++ ['A' .. 'Q']
   |             ^^^^

[7 of 7] Linking dist-newstyle/build/x86_64-linux/ghc-9.10.2/java-adt-1.0.20231204/x/java-adt/build/java-adt/java-adt
