Resolving dependencies...
Build profile: -w ghc-9.10.2 -O1
In order, the following will be built (use -v for more details):
 - skylighting-core-0.14.6 (lib) (first run)
 - skylighting-core-0.14.6 (test:test-skylighting) (first run)
Configuring library for skylighting-core-0.14.6...
Preprocessing library for skylighting-core-0.14.6...
Building library for skylighting-core-0.14.6...
[ 1 of 11] Compiling Regex.KDE.Regex
[ 2 of 11] Compiling Regex.KDE.Match
[ 3 of 11] Compiling Regex.KDE.Compile
[ 4 of 11] Compiling Regex.KDE
[ 5 of 11] Compiling Skylighting.Regex
[ 6 of 11] Compiling Skylighting.Types
[ 7 of 11] Compiling Skylighting.Styles
[ 8 of 11] Compiling Skylighting.Parser
[ 9 of 11] Compiling Skylighting.Tokenizer
[10 of 11] Compiling Skylighting.Loader
[11 of 11] Compiling Skylighting.Core
Configuring test suite 'test-skylighting' for skylighting-core-0.14.6...
Preprocessing test suite 'test-skylighting' for skylighting-core-0.14.6...
Building test suite 'test-skylighting' for skylighting-core-0.14.6...
[1 of 1] Compiling Main
[2 of 2] Linking dist-newstyle/build/x86_64-linux/ghc-9.10.2/skylighting-core-0.14.6/t/test-skylighting/build/test-skylighting/test-skylighting
