Resolving dependencies...
Build profile: -w ghc-9.10.2 -O1
In order, the following will be built (use -v for more details):
 - Color-0.4.0 (lib) (first run)
 - Color-0.4.0 (test:tests) (first run)
Configuring library for Color-0.4.0...
Preprocessing library for Color-0.4.0...
Building library for Color-0.4.0...
[ 1 of 56] Compiling Graphics.Color.Algebra.Elevator
[ 2 of 56] Compiling Graphics.Color.Algebra.Binary
[ 3 of 56] Compiling Graphics.Color.Algebra
[ 4 of 56] Compiling Graphics.Color.Model.Internal
[ 5 of 56] Compiling Graphics.Color.Model.LCH
[ 6 of 56] Compiling Graphics.Color.Model.RGB
[ 7 of 56] Compiling Graphics.Color.Model.HSV
[ 8 of 56] Compiling Graphics.Color.Model.HSL
[ 9 of 56] Compiling Graphics.Color.Model.HSI
[10 of 56] Compiling Graphics.Color.Model.CMYK
[11 of 56] Compiling Graphics.Color.Model.X
[12 of 56] Compiling Graphics.Color.Model.YCbCr
[13 of 56] Compiling Graphics.Color.Model
[14 of 56] Compiling Graphics.Color.Space.Internal
[15 of 56] Compiling Graphics.Color.Space.CIE1976.LUV
[16 of 56] Compiling Graphics.Color.Space.CIE1976.LUV.LCH
[17 of 56] Compiling Graphics.Color.Space.CIE1976.LAB
[18 of 56] Compiling Graphics.Color.Space.DIN99
[19 of 56] Compiling Graphics.Color.Space.CIE1976.LAB.LCH
[20 of 56] Compiling Graphics.Color.Space.CIE1931.XYZ
[21 of 56] Compiling Graphics.Color.Illuminant.Wikipedia
[22 of 56] Compiling Graphics.Color.Illuminant.ITU.Rec601
[23 of 56] Compiling Graphics.Color.Illuminant.ITU.Rec470
[24 of 56] Compiling Graphics.Color.Illuminant.ICC.PCS
[25 of 56] Compiling Graphics.Color.Illuminant.CIE1931
[26 of 56] Compiling Graphics.Color.Illuminant.CIE1964
[27 of 56] Compiling Graphics.Color.Space.RGB.Internal
[28 of 56] Compiling Graphics.Color.Space.RGB.ITU.Rec470
[29 of 56] Compiling Graphics.Color.Space.RGB.Alternative.HSV
[30 of 56] Compiling Graphics.Color.Space.RGB.Alternative.HSL
[31 of 56] Compiling Graphics.Color.Space.RGB.Alternative.HSI
[32 of 56] Compiling Graphics.Color.Space.CIE1931.RGB
[33 of 56] Compiling Graphics.Color.Space.RGB.Derived.CIERGB
[34 of 56] Compiling Graphics.Color.Space.RGB.CIERGB
[35 of 56] Compiling Graphics.Color.Adaptation.Internal
[36 of 56] Compiling Graphics.Color.Adaptation.VonKries
[37 of 56] Compiling Graphics.Color.Adaptation
[38 of 56] Compiling Graphics.Color.Space.RGB.Luma
[39 of 56] Compiling Graphics.Color.Space.RGB.ITU.Rec601
[40 of 56] Compiling Graphics.Color.Space.RGB.ITU.Rec709
[41 of 56] Compiling Graphics.Color.Space.RGB.AdobeRGB
[42 of 56] Compiling Graphics.Color.Space.RGB.Derived.AdobeRGB
[43 of 56] Compiling Graphics.Color.Space.RGB.SRGB
[44 of 56] Compiling Graphics.Color.Space.RGB.Derived.SRGB
[45 of 56] Compiling Graphics.Color.Space.RGB.Alternative.YCbCr
[46 of 56] Compiling Graphics.Color.Space.RGB.Alternative.CMYK
[47 of 56] Compiling Graphics.Color.Space.RGB.Alternative
[48 of 56] Compiling Graphics.Color.Space.RGB
[49 of 56] Compiling Graphics.Color.Space
[50 of 56] Compiling Graphics.Color.Standard.Internal
[51 of 56] Compiling Graphics.Color.Standard.RAL
[52 of 56] Compiling Graphics.Color.Standard.SVG
[53 of 56] Compiling Graphics.Color.Standard
[54 of 56] Compiling Graphics.Pixel.Internal
[55 of 56] Compiling Graphics.Pixel
[56 of 56] Compiling Graphics.Pixel.ColorSpace
Configuring test suite 'tests' for Color-0.4.0...
Preprocessing test suite 'tests' for Color-0.4.0...
Building test suite 'tests' for Color-0.4.0...
[ 1 of 36] Compiling Graphics.Color.Model.Common
[ 2 of 36] Compiling Graphics.Color.Illuminant.Common
[ 3 of 36] Compiling Graphics.Color.Algebra.ElevatorSpec
[ 4 of 36] Compiling Graphics.Color.Model.LCHSpec
[ 5 of 36] Compiling Graphics.Color.Model.RGBSpec
[ 6 of 36] Compiling Graphics.Color.Model.HSVSpec
[ 7 of 36] Compiling Graphics.Color.Model.HSLSpec
[ 8 of 36] Compiling Graphics.Color.Model.HSISpec
[ 9 of 36] Compiling Graphics.Color.Model.CMYKSpec
[10 of 36] Compiling Graphics.Color.Model.YCbCrSpec
[11 of 36] Compiling Graphics.Color.Space.Common
[12 of 36] Compiling Graphics.Color.Space.CIE1976.LUVSpec
[13 of 36] Compiling Graphics.Color.Space.CIE1976.LUV.LCHSpec
[14 of 36] Compiling Graphics.Color.Space.CIE1931.RGBSpec
[15 of 36] Compiling Graphics.Color.Illuminant.WikipediaSpec
[16 of 36] Compiling Graphics.Color.Illuminant.CIE1964Spec
[17 of 36] Compiling Graphics.Color.Illuminant.CIE1931Spec
[18 of 36] Compiling Graphics.Color.Space.RGB.AdobeRGBSpec
[19 of 36] Compiling Graphics.Color.Space.RGB.Derived.AdobeRGBSpec
[20 of 36] Compiling Graphics.Color.Space.RGB.Derived.CIERGBSpec
[21 of 36] Compiling Graphics.Color.Space.RGB.Derived.SRGBSpec
[22 of 36] Compiling Graphics.Color.Space.RGB.Alternative.CMYKSpec
[23 of 36] Compiling Graphics.Color.Space.CIE1976.LABSpec
[24 of 36] Compiling Graphics.Color.Space.CIE1976.LAB.LCHSpec
[25 of 36] Compiling Graphics.Color.Space.RGB.ITU.Rec470Spec
[26 of 36] Compiling Graphics.Color.Space.RGB.ITU.Rec601Spec
[27 of 36] Compiling Graphics.Color.Space.RGB.ITU.Rec709Spec
[28 of 36] Compiling Graphics.Color.Space.RGB.SRGBSpec
[29 of 36] Compiling Graphics.Color.Space.RGB.Alternative.YCbCrSpec
[30 of 36] Compiling Graphics.Color.Space.RGB.Alternative.HSVSpec
[31 of 36] Compiling Graphics.Color.Space.RGB.Alternative.HSLSpec
[32 of 36] Compiling Graphics.Color.Space.RGB.Alternative.HSISpec
[33 of 36] Compiling Graphics.Color.SpaceSpec
[34 of 36] Compiling Graphics.Color.Standard.RALSpec
[35 of 36] Compiling Spec
[36 of 36] Compiling Main
[37 of 37] Linking /tmp/workdir-Color/Color-0.4.0/dist-newstyle/build/x86_64-linux/ghc-9.10.2/Color-0.4.0/t/tests/build/tests/tests
