Resolving dependencies...
Build profile: -w ghc-9.10.2 -O1
In order, the following will be built (use -v for more details):
 - hxt-xpath-9.1.2.2 (lib:hxt-xpath) (first run)
Warning: hxt-xpath.cabal:57:37: version operators used. To use version
operators the package needs to specify at least 'cabal-version: >= 1.8'.
Warning: hxt-xpath.cabal:58:37: version operators used. To use version
operators the package needs to specify at least 'cabal-version: >= 1.8'.
Warning: hxt-xpath.cabal:59:37: version operators used. To use version
operators the package needs to specify at least 'cabal-version: >= 1.8'.
Warning: hxt-xpath.cabal:60:37: version operators used. To use version
operators the package needs to specify at least 'cabal-version: >= 1.8'.
Warning: hxt-xpath.cabal:61:37: version operators used. To use version
operators the package needs to specify at least 'cabal-version: >= 1.8'.
Warning: hxt-xpath.cabal:62:37: version operators used. To use version
operators the package needs to specify at least 'cabal-version: >= 1.8'.
Configuring hxt-xpath-9.1.2.2...
Preprocessing library for hxt-xpath-9.1.2.2...
Building library for hxt-xpath-9.1.2.2...
[ 1 of 11] Compiling Text.XML.HXT.XPath.NavTree
src/Text/XML/HXT/XPath/NavTree.hs:83:35: warning: [GHC-63394] [-Wx-partial]
    In the use of ‘tail’
    (imported from Prelude, but defined in GHC.Internal.List):
    "This is a partial function, it throws an error on empty lists. Replace it with 'drop' 1, or use pattern matching or 'GHC.Internal.Data.List.uncons' instead. Consider refactoring to use "Data.List.NonEmpty"."
   |
83 | pathNT                          = tail . reverse . map selfIndex . ancestorOrSelfAxis
   |                                   ^^^^

src/Text/XML/HXT/XPath/NavTree.hs:155:27: warning: [GHC-63394] [-Wx-partial]
    In the use of ‘tail’
    (imported from Prelude, but defined in GHC.Internal.List):
    "This is a partial function, it throws an error on empty lists. Replace it with 'drop' 1, or use pattern matching or 'GHC.Internal.Data.List.uncons' instead. Consider refactoring to use "Data.List.NonEmpty"."
    |
155 | descendantAxis          = tail . preorderNT             -- concatMap preorderNT . childAxis
    |                           ^^^^

[ 2 of 11] Compiling Text.XML.HXT.XPath.XPathDataTypes
src/Text/XML/HXT/XPath/XPathDataTypes.hs:324:27: warning: [GHC-63394] [-Wx-partial]
    In the use of ‘head’
    (imported from Prelude, but defined in GHC.Internal.List):
    "This is a partial function, it throws an error on empty lists. Use pattern matching, 'Data.List.uncons' or 'Data.Maybe.listToMaybe' instead. Consider refactoring to use "Data.List.NonEmpty"."
    |
324 | headNodeSet             = head . fromNodeSet
    |                           ^^^^

[ 3 of 11] Compiling Text.XML.HXT.XPath.XPathArithmetic
[ 4 of 11] Compiling Text.XML.HXT.XPath.XPathKeywords
[ 5 of 11] Compiling Text.XML.HXT.XPath.XPathParser
[ 6 of 11] Compiling Text.XML.HXT.XPath.XPathFct
src/Text/XML/HXT/XPath/XPathFct.hs:304:53: warning: [GHC-62161] [-Wincomplete-uni-patterns]
    Pattern match(es) are non-exhaustive
    In a lambda abstraction:
        Patterns of type ‘XPathValue’ not matched:
            XPVNode _
            XPVBool _
            XPVNumber _
            XPVError _
    |
304 |                                   strValues = map ((\ (XPVString str) -> str) . stringValue) . fromNodeSet
    |                                                     ^^^^^^^^^^^^^^^^^^^^^^^^

src/Text/XML/HXT/XPath/XPathFct.hs:306:58: warning: [GHC-62161] [-Wincomplete-uni-patterns]
    Pattern match(es) are non-exhaustive
    In a lambda abstraction:
        Patterns of type ‘XPathValue’ not matched:
            XPVNode _
            XPVBool _
            XPVNumber _
            XPVError _
            ...
    |
306 | xid c@(_, _, cn) env arg        = isInId (getIds env) ( (\(XPVString s) -> words s) (xstring c env arg)) [cn]
    |                                                          ^^^^^^^^^^^^^^^^^^^^^^^^^

src/Text/XML/HXT/XPath/XPathFct.hs:317:36: warning: [GHC-62161] [-Wincomplete-uni-patterns]
    Pattern match(es) are non-exhaustive
    In a lambda abstraction:
        Patterns of type ‘XPathValue’ not matched:
            XPVNode _
            XPVBool _
            XPVNumber _
            XPVError _
    |
317 |                                   (\ (XPVString str) -> str) . fromJust $ lookup ("", "idAttr") $
    |                                    ^^^^^^^^^^^^^^^^^^^^^^^^

src/Text/XML/HXT/XPath/XPathFct.hs:464:61: warning: [GHC-62161] [-Wincomplete-uni-patterns]
    Pattern match(es) are non-exhaustive
    In a lambda abstraction:
        Patterns of type ‘XPathValue’ not matched:
            XPVNode _
            XPVBool _
            XPVNumber _
            XPVError _
    |
464 | xconcat c env args                      = XPVString (foldr (\ (XPVString s) -> (s ++)) "" (toXValue xstring c env args))
    |                                                             ^^^^^^^^^^^^^^^^^^^^^^^^^

src/Text/XML/HXT/XPath/XPathFct.hs:474:44: warning: [GHC-62161] [-Wincomplete-uni-patterns]
    Pattern match(es) are non-exhaustive
    In a lambda abstraction:
        Patterns of type ‘[XPathValue]’ not matched:
            []
            ((XPVNode _):_)
            ((XPVBool _):_)
            ((XPVNumber _):_)
            ...
    |
474 |                                           (\ ((XPVString a):[XPVString b]) -> strStartsWith a b) $
    |                                            ^^^^^^^^^^^^^^^^^^^^^^^^^^^^^^^^^^^^^^^^^^^^^^^^^^^^

src/Text/XML/HXT/XPath/XPathFct.hs:485:44: warning: [GHC-62161] [-Wincomplete-uni-patterns]
    Pattern match(es) are non-exhaustive
    In a lambda abstraction:
        Patterns of type ‘[XPathValue]’ not matched:
            []
            ((XPVNode _):_)
            ((XPVBool _):_)
            ((XPVNumber _):_)
            ...
    |
485 |                                           (\ ((XPVString s):[XPVString sub]) -> getFirstPos s sub /= -1) $
    |                                            ^^^^^^^^^^^^^^^^^^^^^^^^^^^^^^^^^^^^^^^^^^^^^^^^^^^^^^^^^^^^

src/Text/XML/HXT/XPath/XPathFct.hs:565:43: warning: [GHC-62161] [-Wincomplete-uni-patterns]
    Pattern match(es) are non-exhaustive
    In a pattern binding:
        Patterns of type ‘XPathValue’ not matched:
            XPVNode _
            XPVBool _
            XPVNumber _
            XPVError _
    |
565 |                                           XPVString s = xstring c env [XPVNode $ singletonNodeSet cn]
    |                                           ^^^^^^^^^^^^^^^^^^^^^^^^^^^^^^^^^^^^^^^^^^^^^^^^^^^^^^^^^^^

src/Text/XML/HXT/XPath/XPathFct.hs:568:44: warning: [GHC-62161] [-Wincomplete-uni-patterns]
    Pattern match(es) are non-exhaustive
    In a lambda abstraction:
        Patterns of type ‘[XPathValue]’ not matched:
            []
            ((XPVNode _):_)
            ((XPVBool _):_)
            ((XPVNumber _):_)
            ...
    |
568 |                                           (\[XPVString s] -> int2XPNumber $ length s) $
    |                                            ^^^^^^^^^^^^^^^^^^^^^^^^^^^^^^^^^^^^^^^^^

src/Text/XML/HXT/XPath/XPathFct.hs:583:44: warning: [GHC-62161] [-Wincomplete-uni-patterns]
    Pattern match(es) are non-exhaustive
    In a lambda abstraction:
        Patterns of type ‘XPathValue’ not matched:
            XPVNode _
            XPVBool _
            XPVNumber _
            XPVError _
    |
583 | xnormalizeSpace c@(_, _, cn) env []     = (\ (XPVString s) -> XPVString $ normStr s) $
    |                                            ^^^^^^^^^^^^^^^^^^^^^^^^^^^^^^^^^^^^^^^^

src/Text/XML/HXT/XPath/XPathFct.hs:585:44: warning: [GHC-62161] [-Wincomplete-uni-patterns]
    Pattern match(es) are non-exhaustive
    In a lambda abstraction:
        Patterns of type ‘[XPathValue]’ not matched:
            []
            ((XPVNode _):_)
            ((XPVBool _):_)
            ((XPVNumber _):_)
            ...
    |
585 | xnormalizeSpace c env args              = (\ [XPVString s] -> XPVString $ normStr s) $
    |                                            ^^^^^^^^^^^^^^^^^^^^^^^^^^^^^^^^^^^^^^^^

src/Text/XML/HXT/XPath/XPathFct.hs:636:54: warning: [GHC-62161] [-Wincomplete-uni-patterns]
    Pattern match(es) are non-exhaustive
    In a lambda abstraction:
        Patterns of type ‘XPathValue’ not matched:
            XPVNode _
            XPVNumber _
            XPVString _
            XPVError _
    |
636 | xnot c env args                         = XPVBool ( (\ (XPVBool b) -> not b) (xboolean c env args) )
    |                                                      ^^^^^^^^^^^^^^^^^^^^^^

src/Text/XML/HXT/XPath/XPathFct.hs:672:44: warning: [GHC-62161] [-Wincomplete-uni-patterns]
    Pattern match(es) are non-exhaustive
    In a lambda abstraction:
        Patterns of type ‘XPathValue’ not matched:
            XPVNode _
            XPVBool _
            XPVNumber _
            XPVError _
    |
672 | xnumber c@(_, _, cn) env []             = (\ (XPVString s) -> parseNumber s) (xstring c env [XPVNode $ singletonNodeSet cn])
    |                                            ^^^^^^^^^^^^^^^^^^^^^^^^^^^^^^^^

src/Text/XML/HXT/XPath/XPathFct.hs:673:44: warning: [GHC-62161] [-Wincomplete-uni-patterns]
    Pattern match(es) are non-exhaustive
    In a lambda abstraction:
        Patterns of type ‘XPathValue’ not matched:
            XPVNode _
            XPVBool _
            XPVNumber _
            XPVError _
    |
673 | xnumber c env [n@(XPVNode _)]           = (\ (XPVString s) -> parseNumber s) (xstring c env [n])
    |                                            ^^^^^^^^^^^^^^^^^^^^^^^^^^^^^^^^

src/Text/XML/HXT/XPath/XPathFct.hs:764:49: warning: [GHC-62161] [-Wincomplete-uni-patterns]
    Pattern match(es) are non-exhaustive
    In a lambda abstraction:
        Patterns of type ‘XPathValue’ not matched:
            XPVNode _
            XPVBool _
            XPVNumber _
            XPVError _
    |
764 |     strValues                           = map ((\ (XPVString str) -> str) . stringValue)
    |                                                 ^^^^^^^^^^^^^^^^^^^^^^^^

src/Text/XML/HXT/XPath/XPathFct.hs:769:43: warning: [GHC-62161] [-Wincomplete-uni-patterns]
    Pattern match(es) are non-exhaustive
    In a pattern binding:
        Patterns of type ‘XPathValue’ not matched:
            XPVNode _
            XPVBool _
            XPVNumber _
            XPVError _
            ...
    |
769 |                                           XPVString str = xstring c env arg
    |                                           ^^^^^^^^^^^^^^^^^^^^^^^^^^^^^^^^^

src/Text/XML/HXT/XPath/XPathFct.hs:812:66: warning: [GHC-62161] [-Wincomplete-uni-patterns]
    Pattern match(es) are non-exhaustive
    In a lambda abstraction:
        Patterns of type ‘XPathValue’ not matched:
            XPVNode _
            XPVBool _
            XPVNumber _
            XPVError _
    |
812 | xdocument c e val                       = XPVNode . toNodeSet . (\ (XPVString s) -> xdocument' s) . xstring c e $ val
    |                                                                  ^^^^^^^^^^^^^^^^^^^^^^^^^^^^^^^

[ 7 of 11] Compiling Text.XML.HXT.XPath.XPathToNodeSet
src/Text/XML/HXT/XPath/XPathToNodeSet.hs:44:56: warning: [GHC-63394] [-Wx-partial]
    In the use of ‘head’
    (imported from Prelude, but defined in GHC.Internal.List):
    "This is a partial function, it throws an error on empty lists. Use pattern matching, 'Data.List.uncons' or 'Data.Maybe.listToMaybe' instead. Consider refactoring to use "Data.List.NonEmpty"."
   |
44 |               ix par _left _right)      = upTree ps' $ head par
   |                                                        ^^^^

[ 8 of 11] Compiling Text.XML.HXT.XPath.XPathToString
[ 9 of 11] Compiling Text.XML.HXT.XPath.XPathEval
src/Text/XML/HXT/XPath/XPathEval.hs:289:48: warning: [GHC-63394] [-Wx-partial]
    In the use of ‘head’
    (imported from Prelude, but defined in GHC.Internal.List):
    "This is a partial function, it throws an error on empty lists. Use pattern matching, 'Data.List.uncons' or 'Data.Maybe.listToMaybe' instead. Consider refactoring to use "Data.List.NonEmpty"."
    |
289 |     | not (null evs)                    = case head evs of
    |                                                ^^^^

[10 of 11] Compiling Text.XML.HXT.XPath.Arrows
[11 of 11] Compiling Text.XML.HXT.XPath
