Resolving dependencies...
Build profile: -w ghc-9.10.2 -O1
In order, the following will be built (use -v for more details):
 - wild-bind-x11-0.2.0.17 (lib) (first run)
 - wild-bind-x11-0.2.0.17 (test:spec) (first run)
Configuring library for wild-bind-x11-0.2.0.17...
Preprocessing library for wild-bind-x11-0.2.0.17...
Building library for wild-bind-x11-0.2.0.17...
[1 of 9] Compiling WildBind.X11.Internal.Key
[2 of 9] Compiling WildBind.X11.Internal.GrabMan
[3 of 9] Compiling WildBind.X11.Internal.NotificationDebouncer
[4 of 9] Compiling WildBind.X11.Internal.Window
[5 of 9] Compiling WildBind.X11.Internal.FrontEnd
[6 of 9] Compiling WildBind.X11.Emulate
[7 of 9] Compiling WildBind.X11
[8 of 9] Compiling WildBind.X11.KeySym
[9 of 9] Compiling WildBind.X11.Emulate.Example
Configuring test suite 'spec' for wild-bind-x11-0.2.0.17...
Preprocessing test suite 'spec' for wild-bind-x11-0.2.0.17...
Building test suite 'spec' for wild-bind-x11-0.2.0.17...
[1 of 5] Compiling WildBind.X11.TestUtil
[2 of 5] Compiling WildBind.X11.Internal.NotificationDebouncerSpec
[3 of 5] Compiling WildBind.X11.EmulateSpec
[4 of 5] Compiling WildBind.X11Spec
[5 of 5] Compiling Main
[6 of 6] Linking dist-newstyle/build/x86_64-linux/ghc-9.10.2/wild-bind-x11-0.2.0.17/t/spec/build/spec/spec
