Resolving dependencies...
Build profile: -w ghc-9.10.2 -O1
In order, the following will be built (use -v for more details):
 - cabal-install-3.12.1.0 (lib) (first run)
 - cabal-install-3.12.1.0 (exe:cabal) (first run)
Configuring library for cabal-install-3.12.1.0...
Preprocessing library for cabal-install-3.12.1.0...
Building library for cabal-install-3.12.1.0...
[  1 of 141] Compiling Distribution.Client.Compat.Directory
[  2 of 141] Compiling Distribution.Client.Compat.ExecutablePath
[  3 of 141] Compiling Distribution.Client.Compat.Orphans
[  4 of 141] Compiling Distribution.Client.Compat.Prelude
[  5 of 141] Compiling Distribution.Client.BuildReports.Types
[  6 of 141] Compiling Distribution.Client.BuildReports.Lens
[  7 of 141] Compiling Distribution.Client.Compat.Semaphore
[  8 of 141] Compiling Distribution.Client.Dependency.Types
[  9 of 141] Compiling Distribution.Client.GZipUtils
[ 10 of 141] Compiling Distribution.Client.Compat.Tar
[ 11 of 141] Compiling Distribution.Client.Glob
[ 12 of 141] Compiling Distribution.Client.Haddock
[ 13 of 141] Compiling Distribution.Client.HashValue
[ 14 of 141] Compiling Distribution.Client.IndexUtils.Timestamp
[ 15 of 141] Compiling Distribution.Client.Init.Licenses
[ 16 of 141] Compiling Distribution.Client.JobControl
[ 17 of 141] Compiling Distribution.Client.ManpageFlags
[ 18 of 141] Compiling Distribution.Client.ProjectFlags
[ 19 of 141] Compiling Distribution.Client.SavedFlags
[ 20 of 141] Compiling Distribution.Client.Security.DNS
[ 21 of 141] Compiling Distribution.Client.Signal
[ 22 of 141] Compiling Distribution.Client.Tar
[ 23 of 141] Compiling Distribution.Client.Types.AllowNewer
[ 24 of 141] Compiling Distribution.Client.Types.BuildResults
[ 25 of 141] Compiling Distribution.Client.Types.ConfiguredId
[ 26 of 141] Compiling Distribution.Client.Types.ConfiguredPackage
[ 27 of 141] Compiling Distribution.Client.Types.Credentials
[ 28 of 141] Compiling Distribution.Client.Types.InstallMethod
[ 29 of 141] Compiling Distribution.Client.Types.OverwritePolicy
[ 30 of 141] Compiling Distribution.Client.CmdInstall.ClientInstallFlags
[ 31 of 141] Compiling Distribution.Client.Types.PackageSpecifier
[ 32 of 141] Compiling Distribution.Client.Types.RepoName
[ 33 of 141] Compiling Distribution.Client.Types.Repo
[ 34 of 141] Compiling Distribution.Client.IndexUtils.IndexState
[ 35 of 141] Compiling Distribution.Client.IndexUtils.ActiveRepos
[ 36 of 141] Compiling Distribution.Client.Types.SourceRepo
[ 37 of 141] Compiling Distribution.Client.Types.PackageLocation
[ 38 of 141] Compiling Distribution.Client.Types.SourcePackageDb
[ 39 of 141] Compiling Distribution.Client.Types.ReadyPackage
[ 40 of 141] Compiling Distribution.Client.Types.WriteGhcEnvironmentFilesPolicy
[ 41 of 141] Compiling Distribution.Client.Types
[ 42 of 141] Compiling Distribution.Client.SolverInstallPlan
[ 43 of 141] Compiling Distribution.Client.PackageHash
[ 44 of 141] Compiling Distribution.Client.InstallPlan
[ 45 of 141] Compiling Distribution.Client.Utils.Json
[ 46 of 141] Compiling Distribution.Client.Utils.Parsec
[ 47 of 141] Compiling Distribution.Deprecated.ReadP
[ 48 of 141] Compiling Distribution.Deprecated.ParseUtils
[ 49 of 141] Compiling Distribution.Client.Errors
[ 50 of 141] Compiling Distribution.Client.Win32SelfUpgrade
[ 51 of 141] Compiling Distribution.Client.Utils
[ 52 of 141] Compiling Distribution.Client.Init.Types
[ 53 of 141] Compiling Distribution.Client.Init.Prompt
[ 54 of 141] Compiling Distribution.Client.Init.Format
[ 55 of 141] Compiling Distribution.Client.Init.Defaults
[ 56 of 141] Compiling Distribution.Client.Init.Utils
[ 57 of 141] Compiling Distribution.Client.Init.FlagExtractors
[ 58 of 141] Compiling Distribution.Client.Init.Simple
[ 59 of 141] Compiling Distribution.Client.Init.NonInteractive.Heuristics
[ 60 of 141] Compiling Distribution.Client.Init.NonInteractive.Command
[ 61 of 141] Compiling Distribution.Client.Init.Interactive.Command
[ 62 of 141] Compiling Distribution.Client.Init.FileCreators
[ 63 of 141] Compiling Distribution.Client.FileMonitor
[ 64 of 141] Compiling Distribution.Client.RebuildMonad
[ 65 of 141] Compiling Distribution.Client.VCS
[ 66 of 141] Compiling Distribution.Client.ProjectBuilding.Types
[ 67 of 141] Compiling Distribution.Client.Dependency
[ 68 of 141] Compiling Distribution.Client.SrcDist
[ 69 of 141] Compiling Distribution.Client.Run
[ 70 of 141] Compiling Distribution.Client.Check
[ 71 of 141] Compiling Distribution.Client.TargetSelector
[ 72 of 141] Compiling Distribution.Client.CmdInstall.ClientInstallTargetSelector
[ 73 of 141] Compiling Distribution.Deprecated.ViewAsFieldDescr
[ 74 of 141] Compiling Distribution.Client.ParseUtils
[ 75 of 141] Compiling Paths_cabal_install
[ 76 of 141] Compiling Distribution.Client.Version
[ 77 of 141] Compiling Distribution.Client.HttpUtils
[ 78 of 141] Compiling Distribution.Client.Security.HTTP
[ 79 of 141] Compiling Distribution.Client.GlobalFlags
[ 80 of 141] Compiling Distribution.Client.FetchUtils
[ 81 of 141] Compiling Distribution.Client.Targets
[ 82 of 141] Compiling Distribution.Client.Setup
[ 83 of 141] Compiling Distribution.Client.ReplFlags
[ 84 of 141] Compiling Distribution.Client.NixStyleOptions
[ 85 of 141] Compiling Distribution.Client.Manpage
[ 86 of 141] Compiling Distribution.Client.InstallSymlink
[ 87 of 141] Compiling Distribution.Client.IndexUtils
[ 88 of 141] Compiling Distribution.Client.Init
[ 89 of 141] Compiling Distribution.Client.ProjectConfig.Types
[ 90 of 141] Compiling Distribution.Client.List
[ 91 of 141] Compiling Distribution.Client.Get
[ 92 of 141] Compiling Distribution.Client.Fetch
[ 93 of 141] Compiling Distribution.Client.Config
[ 94 of 141] Compiling Distribution.Client.SetupWrapper
[ 95 of 141] Compiling Distribution.Client.Configure
[ 96 of 141] Compiling Distribution.Client.Sandbox.PackageEnvironment
[ 97 of 141] Compiling Distribution.Client.Sandbox
[ 98 of 141] Compiling Distribution.Client.CmdLegacy
[ 99 of 141] Compiling Distribution.Client.ProjectConfig.Legacy
[100 of 141] Compiling Distribution.Client.Nix
[101 of 141] Compiling Distribution.Client.Reconfigure
[102 of 141] Compiling Distribution.Client.Freeze
[103 of 141] Compiling Distribution.Client.GenBounds
[104 of 141] Compiling Distribution.Client.DistDirLayout
[105 of 141] Compiling Distribution.Client.Store
[106 of 141] Compiling Distribution.Client.ProjectPlanning.Types
[107 of 141] Compiling Distribution.Client.SourceFiles
[108 of 141] Compiling Distribution.Client.ProjectPlanning.SetupPolicy
[109 of 141] Compiling Distribution.Client.ProjectPlanOutput
[110 of 141] Compiling Distribution.Client.ProjectConfig
[111 of 141] Compiling Distribution.Client.CmdOutdated
[112 of 141] Compiling Distribution.Client.CmdClean
[113 of 141] Compiling Distribution.Client.BuildReports.Anonymous
[114 of 141] Compiling Distribution.Client.BuildReports.Upload
[115 of 141] Compiling Distribution.Client.Upload
[116 of 141] Compiling Distribution.Client.BuildReports.Storage
[117 of 141] Compiling Distribution.Client.ProjectPlanning
[118 of 141] Compiling Distribution.Client.TargetProblem
[119 of 141] Compiling Distribution.Client.ProjectBuilding.PackageFileMonitor
[120 of 141] Compiling Distribution.Client.ProjectBuilding.UnpackedPackage
[121 of 141] Compiling Distribution.Client.ProjectBuilding
[122 of 141] Compiling Distribution.Client.CmdErrorMessages
[123 of 141] Compiling Distribution.Client.ProjectOrchestration
[124 of 141] Compiling Distribution.Client.ScriptUtils
[125 of 141] Compiling Distribution.Client.CmdUpdate
[126 of 141] Compiling Distribution.Client.CmdTest
[127 of 141] Compiling Distribution.Client.CmdSdist
[128 of 141] Compiling Distribution.Client.CmdRun
[129 of 141] Compiling Distribution.Client.CmdRepl
[130 of 141] Compiling Distribution.Client.CmdPath
[131 of 141] Compiling Distribution.Client.CmdListBin
[132 of 141] Compiling Distribution.Client.CmdInstall
[133 of 141] Compiling Distribution.Client.CmdHaddock
[134 of 141] Compiling Distribution.Client.CmdFreeze
[135 of 141] Compiling Distribution.Client.CmdExec
[136 of 141] Compiling Distribution.Client.CmdConfigure
[137 of 141] Compiling Distribution.Client.CmdBuild
[138 of 141] Compiling Distribution.Client.CmdHaddockProject
[139 of 141] Compiling Distribution.Client.CmdBench
[140 of 141] Compiling Distribution.Client.Install
[141 of 141] Compiling Distribution.Client.Main
Configuring executable 'cabal' for cabal-install-3.12.1.0...
Preprocessing executable 'cabal' for cabal-install-3.12.1.0...
Building executable 'cabal' for cabal-install-3.12.1.0...
[1 of 1] Compiling Main
[2 of 2] Linking dist-newstyle/build/x86_64-linux/ghc-9.10.2/cabal-install-3.12.1.0/x/cabal/build/cabal/cabal
