Resolving dependencies...
Build profile: -w ghc-9.10.2 -O1
In order, the following will be built (use -v for more details):
 - loop-0.3.0 (lib) (first run)
 - loop-0.3.0 (test:tests) (first run)
Configuring library for loop-0.3.0...
Warning: [git-protocol] Cloning over git:// might lead to an arbitrary code
execution vulnerability. Furthermore, popular forges like GitHub do not
support it. Use https:// or ssh:// instead.
Preprocessing library for loop-0.3.0...
Building library for loop-0.3.0...
[1 of 2] Compiling Control.Loop
[2 of 2] Compiling Control.Loop.Internal
Configuring test suite 'tests' for loop-0.3.0...
Warning: [git-protocol] Cloning over git:// might lead to an arbitrary code
execution vulnerability. Furthermore, popular forges like GitHub do not
support it. Use https:// or ssh:// instead.
Preprocessing test suite 'tests' for loop-0.3.0...
Building test suite 'tests' for loop-0.3.0...
[1 of 1] Compiling Main
[2 of 2] Linking dist-newstyle/build/x86_64-linux/ghc-9.10.2/loop-0.3.0/t/tests/build/tests/tests
