Resolving dependencies...
Build profile: -w ghc-9.10.2 -O1
In order, the following will be built (use -v for more details):
 - learn-physics-0.6.7 (lib) (first run)
 - learn-physics-0.6.7 (exe:learn-physics-sunEarth) (first run)
 - learn-physics-0.6.7 (exe:learn-physics-eFieldLine3D) (first run)
 - learn-physics-0.6.7 (exe:learn-physics-eFieldLine2D) (first run)
 - learn-physics-0.6.7 (exe:learn-physics-Projectile) (first run)
 - learn-physics-0.6.7 (exe:learn-physics-PlaneWave) (first run)
 - learn-physics-0.6.7 (exe:learn-physics-NMR) (first run)
 - learn-physics-0.6.7 (exe:learn-physics-LorentzForceSimulation) (first run)
 - learn-physics-0.6.7 (exe:learn-physics-BCircularLoop) (first run)
Configuring library for learn-physics-0.6.7...
Preprocessing library for learn-physics-0.6.7...
Building library for learn-physics-0.6.7...
[ 1 of 25] Compiling Physics.Learn.CommonVec
[ 2 of 25] Compiling Physics.Learn.CarrotVec
[ 3 of 25] Compiling Physics.Learn.CompositeQuadrature
[ 4 of 25] Compiling Physics.Learn.Position
[ 5 of 25] Compiling Physics.Learn.Curve
src/Physics/Learn/Curve.hs:104:41: warning: [GHC-63394] [-Wx-partial]
    In the use of ‘tail’
    (imported from Prelude, but defined in GHC.Internal.List):
    "This is a partial function, it throws an error on empty lists. Replace it with 'drop' 1, or use pattern matching or 'GHC.Internal.Data.List.uncons' instead. Consider refactoring to use "Data.List.NonEmpty"."
    |
104 |         aveVecs = zipWith average vecs (tail vecs)
    |                                         ^^^^

src/Physics/Learn/Curve.hs:105:41: warning: [GHC-63394] [-Wx-partial]
    In the use of ‘tail’
    (imported from Prelude, but defined in GHC.Internal.List):
    "This is a partial function, it throws an error on empty lists. Replace it with 'drop' 1, or use pattern matching or 'GHC.Internal.Data.List.uncons' instead. Consider refactoring to use "Data.List.NonEmpty"."
    |
105 |         dls = zipWith displacement pts (tail pts)
    |                                         ^^^^

src/Physics/Learn/Curve.hs:119:41: warning: [GHC-63394] [-Wx-partial]
    In the use of ‘tail’
    (imported from Prelude, but defined in GHC.Internal.List):
    "This is a partial function, it throws an error on empty lists. Replace it with 'drop' 1, or use pattern matching or 'GHC.Internal.Data.List.uncons' instead. Consider refactoring to use "Data.List.NonEmpty"."
    |
119 |         aveVecs = zipWith average vecs (tail vecs)
    |                                         ^^^^

src/Physics/Learn/Curve.hs:120:41: warning: [GHC-63394] [-Wx-partial]
    In the use of ‘tail’
    (imported from Prelude, but defined in GHC.Internal.List):
    "This is a partial function, it throws an error on empty lists. Replace it with 'drop' 1, or use pattern matching or 'GHC.Internal.Data.List.uncons' instead. Consider refactoring to use "Data.List.NonEmpty"."
    |
120 |         dls = zipWith displacement pts (tail pts)
    |                                         ^^^^

src/Physics/Learn/Curve.hs:124:32: warning: [GHC-58520] [-Wtype-equality-requires-operators]
    The use of ‘~’ without TypeOperators
    will become an error in a future GHC release.
    Suggested fix: Perhaps you intended to use TypeOperators
    |
124 |     :: (InnerSpace v, Scalar v ~ Double)
    |                                ^

src/Physics/Learn/Curve.hs:135:41: warning: [GHC-63394] [-Wx-partial]
    In the use of ‘tail’
    (imported from Prelude, but defined in GHC.Internal.List):
    "This is a partial function, it throws an error on empty lists. Replace it with 'drop' 1, or use pattern matching or 'GHC.Internal.Data.List.uncons' instead. Consider refactoring to use "Data.List.NonEmpty"."
    |
135 |         aveVecs = zipWith average vecs (tail vecs)
    |                                         ^^^^

src/Physics/Learn/Curve.hs:136:41: warning: [GHC-63394] [-Wx-partial]
    In the use of ‘tail’
    (imported from Prelude, but defined in GHC.Internal.List):
    "This is a partial function, it throws an error on empty lists. Replace it with 'drop' 1, or use pattern matching or 'GHC.Internal.Data.List.uncons' instead. Consider refactoring to use "Data.List.NonEmpty"."
    |
136 |         dls = zipWith displacement pts (tail pts)
    |                                         ^^^^

src/Physics/Learn/Curve.hs:201:37: warning: [GHC-58520] [-Wtype-equality-requires-operators]
    The use of ‘~’ without TypeOperators
    will become an error in a future GHC release.
    Suggested fix: Perhaps you intended to use TypeOperators
    |
201 | average :: (VectorSpace v, Scalar v ~ Double) => v -> v -> v
    |                                     ^

[ 6 of 25] Compiling Physics.Learn.CoordinateSystem
[ 7 of 25] Compiling Physics.Learn.CoordinateFields
[ 8 of 25] Compiling Physics.Learn.QuantumMat
[ 9 of 25] Compiling Physics.Learn.Ket
[10 of 25] Compiling Physics.Learn.BeamStack
[11 of 25] Compiling Physics.Learn.RootFinding
src/Physics/Learn/RootFinding.hs:103:85: warning: [GHC-63394] [-Wx-partial]
    In the use of ‘tail’
    (imported from Prelude, but defined in GHC.Internal.List):
    "This is a partial function, it throws an error on empty lists. Replace it with 'drop' 1, or use pattern matching or 'GHC.Internal.Data.List.uncons' instead. Consider refactoring to use "Data.List.NonEmpty"."
    |
103 |       in map (findRootMachinePrecision f) [((x0,fx0),(x1,fx1)) | (x0,x1) <- zip xs (tail xs), let fx0 = f x0, let fx1 = f x1, fx0 * fx1 <= 0]
    |                                                                                     ^^^^

[12 of 25] Compiling Physics.Learn.Schrodinger1D
src/Physics/Learn/Schrodinger1D.hs:44:1: warning: [GHC-38856] [-Wunused-imports]
    The import of ‘Display, black, display’
    from module ‘Graphics.Gloss’ is redundant
   |
44 | import Graphics.Gloss
   | ^^^^^^^^^^^^^^^^^^^^^...

src/Physics/Learn/Schrodinger1D.hs:67:7: warning: [GHC-38856] [-Wunused-imports]
    The import of ‘timeEv’
    from module ‘Physics.Learn.QuantumMat’ is redundant
   |
67 |     , timeEv
   |       ^^^^^^

src/Physics/Learn/Schrodinger1D.hs:175:1: warning: [GHC-40910] [-Wunused-top-binds]
    Defined but not used: ‘fact’
    |
175 | fact 0 = 1
    | ^^^^

src/Physics/Learn/Schrodinger1D.hs:249:10: warning: [GHC-63394] [-Wx-partial]
    In the use of ‘head’
    (imported from Prelude, but defined in GHC.Internal.List):
    "This is a partial function, it throws an error on empty lists. Use pattern matching, 'Data.List.uncons' or 'Data.Maybe.listToMaybe' instead. Consider refactoring to use "Data.List.NonEmpty"."
    |
249 |         (head xs, last xs)
    |          ^^^^

[13 of 25] Compiling Physics.Learn.SimpleVec
[14 of 25] Compiling Physics.Learn.StateSpace
src/Physics/Learn/StateSpace.hs:48:7: warning: [GHC-38856] [-Wunused-imports]
    The import of ‘^-^’
    from module ‘Physics.Learn.CarrotVec’ is redundant
   |
48 |     , (^-^)
   |       ^^^^^

src/Physics/Learn/StateSpace.hs:91:46: warning: [GHC-58520] [-Wtype-equality-requires-operators]
    The use of ‘~’ without TypeOperators
    will become an error in a future GHC release.
    Suggested fix: Perhaps you intended to use TypeOperators
   |
91 | instance (StateSpace p, StateSpace q, Time p ~ Time q) => StateSpace (p,q) where
   |                                              ^

src/Physics/Learn/StateSpace.hs:96:60: warning: [GHC-58520] [-Wtype-equality-requires-operators]
    The use of ‘~’ without TypeOperators
    will become an error in a future GHC release.
    Suggested fix: Perhaps you intended to use TypeOperators
   |
96 | instance (StateSpace p, StateSpace q, StateSpace r, Time p ~ Time q
   |                                                            ^

src/Physics/Learn/StateSpace.hs:97:18: warning: [GHC-58520] [-Wtype-equality-requires-operators]
    The use of ‘~’ without TypeOperators
    will become an error in a future GHC release.
    Suggested fix: Perhaps you intended to use TypeOperators
   |
97 |          ,Time q ~ Time r) => StateSpace (p,q,r) where
   |                  ^

[15 of 25] Compiling Physics.Learn.RungeKutta
[16 of 25] Compiling Physics.Learn.Mechanics
[17 of 25] Compiling Physics.Learn.Surface
src/Physics/Learn/Surface.hs:97:45: warning: [GHC-58520] [-Wtype-equality-requires-operators]
    The use of ‘~’ without TypeOperators
    will become an error in a future GHC release.
    Suggested fix: Perhaps you intended to use TypeOperators
   |
97 | surfaceIntegral :: (VectorSpace v, Scalar v ~ Double) =>
   |                                             ^

src/Physics/Learn/Surface.hs:108:51: warning: [GHC-63394] [-Wx-partial]
    In the use of ‘tail’
    (imported from Prelude, but defined in GHC.Internal.List):
    "This is a partial function, it throws an error on empty lists. Replace it with 'drop' 1, or use pattern matching or 'GHC.Internal.Data.List.uncons' instead. Consider refactoring to use "Data.List.NonEmpty"."
    |
108 |         dus = zipWith (zipWith displacement) pts (tail pts)
    |                                                   ^^^^

src/Physics/Learn/Surface.hs:109:54: warning: [GHC-63394] [-Wx-partial]
    In the use of ‘tail’
    (imported from Prelude, but defined in GHC.Internal.List):
    "This is a partial function, it throws an error on empty lists. Replace it with 'drop' 1, or use pattern matching or 'GHC.Internal.Data.List.uncons' instead. Consider refactoring to use "Data.List.NonEmpty"."
    |
109 |         dvs = map (\row -> zipWith displacement row (tail row)) pts
    |                                                      ^^^^

src/Physics/Learn/Surface.hs:111:49: warning: [GHC-63394] [-Wx-partial]
    In the use of ‘tail’
    (imported from Prelude, but defined in GHC.Internal.List):
    "This is a partial function, it throws an error on empty lists. Replace it with 'drop' 1, or use pattern matching or 'GHC.Internal.Data.List.uncons' instead. Consider refactoring to use "Data.List.NonEmpty"."
    |
111 |         halfAveVals = map (\row -> zipWith ave (tail row) row) vals
    |                                                 ^^^^

src/Physics/Learn/Surface.hs:112:42: warning: [GHC-63394] [-Wx-partial]
    In the use of ‘tail’
    (imported from Prelude, but defined in GHC.Internal.List):
    "This is a partial function, it throws an error on empty lists. Replace it with 'drop' 1, or use pattern matching or 'GHC.Internal.Data.List.uncons' instead. Consider refactoring to use "Data.List.NonEmpty"."
    |
112 |         aveVals = zipWith (zipWith ave) (tail halfAveVals) halfAveVals
    |                                          ^^^^

src/Physics/Learn/Surface.hs:125:51: warning: [GHC-63394] [-Wx-partial]
    In the use of ‘tail’
    (imported from Prelude, but defined in GHC.Internal.List):
    "This is a partial function, it throws an error on empty lists. Replace it with 'drop' 1, or use pattern matching or 'GHC.Internal.Data.List.uncons' instead. Consider refactoring to use "Data.List.NonEmpty"."
    |
125 |         dus = zipWith (zipWith displacement) pts (tail pts)
    |                                                   ^^^^

src/Physics/Learn/Surface.hs:126:54: warning: [GHC-63394] [-Wx-partial]
    In the use of ‘tail’
    (imported from Prelude, but defined in GHC.Internal.List):
    "This is a partial function, it throws an error on empty lists. Replace it with 'drop' 1, or use pattern matching or 'GHC.Internal.Data.List.uncons' instead. Consider refactoring to use "Data.List.NonEmpty"."
    |
126 |         dvs = map (\row -> zipWith displacement row (tail row)) pts
    |                                                      ^^^^

src/Physics/Learn/Surface.hs:128:49: warning: [GHC-63394] [-Wx-partial]
    In the use of ‘tail’
    (imported from Prelude, but defined in GHC.Internal.List):
    "This is a partial function, it throws an error on empty lists. Replace it with 'drop' 1, or use pattern matching or 'GHC.Internal.Data.List.uncons' instead. Consider refactoring to use "Data.List.NonEmpty"."
    |
128 |         halfAveVals = map (\row -> zipWith ave (tail row) row) vals
    |                                                 ^^^^

src/Physics/Learn/Surface.hs:129:42: warning: [GHC-63394] [-Wx-partial]
    In the use of ‘tail’
    (imported from Prelude, but defined in GHC.Internal.List):
    "This is a partial function, it throws an error on empty lists. Replace it with 'drop' 1, or use pattern matching or 'GHC.Internal.Data.List.uncons' instead. Consider refactoring to use "Data.List.NonEmpty"."
    |
129 |         aveVals = zipWith (zipWith ave) (tail halfAveVals) halfAveVals
    |                                          ^^^^

src/Physics/Learn/Surface.hs:275:33: warning: [GHC-58520] [-Wtype-equality-requires-operators]
    The use of ‘~’ without TypeOperators
    will become an error in a future GHC release.
    Suggested fix: Perhaps you intended to use TypeOperators
    |
275 | (~~) :: (InnerSpace v, Scalar v ~ Double) => v -> v -> Bool
    |                                 ^

src/Physics/Learn/Surface.hs:281:33: warning: [GHC-58520] [-Wtype-equality-requires-operators]
    The use of ‘~’ without TypeOperators
    will become an error in a future GHC release.
    Suggested fix: Perhaps you intended to use TypeOperators
    |
281 | ave :: (VectorSpace v, Scalar v ~ Double) => v -> v -> v
    |                                 ^

[18 of 25] Compiling Physics.Learn.Visual.GlossTools
[19 of 25] Compiling Physics.Learn.Visual.PlotTools
[20 of 25] Compiling Physics.Learn.Visual.VisTools
[21 of 25] Compiling Physics.Learn.Volume
src/Physics/Learn/Volume.hs:107:44: warning: [GHC-58520] [-Wtype-equality-requires-operators]
    The use of ‘~’ without TypeOperators
    will become an error in a future GHC release.
    Suggested fix: Perhaps you intended to use TypeOperators
    |
107 | volumeIntegral :: (VectorSpace v, Scalar v ~ Double) =>
    |                                            ^

src/Physics/Learn/Volume.hs:140:37: warning: [GHC-58520] [-Wtype-equality-requires-operators]
    The use of ‘~’ without TypeOperators
    will become an error in a future GHC release.
    Suggested fix: Perhaps you intended to use TypeOperators
    |
140 | zipAve3 :: (VectorSpace v, Scalar v ~ Double) => [[[v]]] -> [[[v]]] -> [[[v]]]
    |                                     ^

src/Physics/Learn/Volume.hs:144:20: warning: [GHC-63394] [-Wx-partial]
    In the use of ‘tail’
    (imported from Prelude, but defined in GHC.Internal.List):
    "This is a partial function, it throws an error on empty lists. Replace it with 'drop' 1, or use pattern matching or 'GHC.Internal.Data.List.uncons' instead. Consider refactoring to use "Data.List.NonEmpty"."
    |
144 | shift1 pts = (pts, tail pts)
    |                    ^^^^

src/Physics/Learn/Volume.hs:147:28: warning: [GHC-63394] [-Wx-partial]
    In the use of ‘tail’
    (imported from Prelude, but defined in GHC.Internal.List):
    "This is a partial function, it throws an error on empty lists. Replace it with 'drop' 1, or use pattern matching or 'GHC.Internal.Data.List.uncons' instead. Consider refactoring to use "Data.List.NonEmpty"."
    |
147 | shift2 pts2d = (pts2d, map tail pts2d)
    |                            ^^^^

src/Physics/Learn/Volume.hs:150:33: warning: [GHC-63394] [-Wx-partial]
    In the use of ‘tail’
    (imported from Prelude, but defined in GHC.Internal.List):
    "This is a partial function, it throws an error on empty lists. Replace it with 'drop' 1, or use pattern matching or 'GHC.Internal.Data.List.uncons' instead. Consider refactoring to use "Data.List.NonEmpty"."
    |
150 | shift3 pts3d = (pts3d, map (map tail) pts3d)
    |                                 ^^^^

src/Physics/Learn/Volume.hs:160:33: warning: [GHC-58520] [-Wtype-equality-requires-operators]
    The use of ‘~’ without TypeOperators
    will become an error in a future GHC release.
    Suggested fix: Perhaps you intended to use TypeOperators
    |
160 | (~~) :: (InnerSpace v, Scalar v ~ Double) => v -> v -> Bool
    |                                 ^

src/Physics/Learn/Volume.hs:166:33: warning: [GHC-58520] [-Wtype-equality-requires-operators]
    The use of ‘~’ without TypeOperators
    will become an error in a future GHC release.
    Suggested fix: Perhaps you intended to use TypeOperators
    |
166 | ave :: (VectorSpace v, Scalar v ~ Double) => v -> v -> v
    |                                 ^

[22 of 25] Compiling Physics.Learn.Current
[23 of 25] Compiling Physics.Learn.Charge
[24 of 25] Compiling Physics.Learn
[25 of 25] Compiling Physics.Learn.BlochSphere
Configuring executable 'learn-physics-sunEarth' for learn-physics-0.6.7...
Preprocessing executable 'learn-physics-sunEarth' for learn-physics-0.6.7...
Building executable 'learn-physics-sunEarth' for learn-physics-0.6.7...
[1 of 1] Compiling Main
[2 of 2] Linking /tmp/workdir-learn-physics/learn-physics-0.6.7/dist-newstyle/build/x86_64-linux/ghc-9.10.2/learn-physics-0.6.7/x/learn-physics-sunEarth/build/learn-physics-sunEarth/learn-physics-sunEarth
Configuring executable 'learn-physics-eFieldLine3D' for learn-physics-0.6.7...
Preprocessing executable 'learn-physics-eFieldLine3D' for learn-physics-0.6.7...
Building executable 'learn-physics-eFieldLine3D' for learn-physics-0.6.7...
[1 of 1] Compiling Main
[2 of 2] Linking /tmp/workdir-learn-physics/learn-physics-0.6.7/dist-newstyle/build/x86_64-linux/ghc-9.10.2/learn-physics-0.6.7/x/learn-physics-eFieldLine3D/build/learn-physics-eFieldLine3D/learn-physics-eFieldLine3D
Configuring executable 'learn-physics-eFieldLine2D' for learn-physics-0.6.7...
Preprocessing executable 'learn-physics-eFieldLine2D' for learn-physics-0.6.7...
Building executable 'learn-physics-eFieldLine2D' for learn-physics-0.6.7...
[1 of 1] Compiling Main
[2 of 2] Linking /tmp/workdir-learn-physics/learn-physics-0.6.7/dist-newstyle/build/x86_64-linux/ghc-9.10.2/learn-physics-0.6.7/x/learn-physics-eFieldLine2D/build/learn-physics-eFieldLine2D/learn-physics-eFieldLine2D
Configuring executable 'learn-physics-Projectile' for learn-physics-0.6.7...
Preprocessing executable 'learn-physics-Projectile' for learn-physics-0.6.7...
Building executable 'learn-physics-Projectile' for learn-physics-0.6.7...
[1 of 1] Compiling Main
[2 of 2] Linking /tmp/workdir-learn-physics/learn-physics-0.6.7/dist-newstyle/build/x86_64-linux/ghc-9.10.2/learn-physics-0.6.7/x/learn-physics-Projectile/build/learn-physics-Projectile/learn-physics-Projectile
Configuring executable 'learn-physics-PlaneWave' for learn-physics-0.6.7...
Preprocessing executable 'learn-physics-PlaneWave' for learn-physics-0.6.7...
Building executable 'learn-physics-PlaneWave' for learn-physics-0.6.7...
[1 of 1] Compiling Main
[2 of 2] Linking /tmp/workdir-learn-physics/learn-physics-0.6.7/dist-newstyle/build/x86_64-linux/ghc-9.10.2/learn-physics-0.6.7/x/learn-physics-PlaneWave/build/learn-physics-PlaneWave/learn-physics-PlaneWave
Configuring executable 'learn-physics-NMR' for learn-physics-0.6.7...
Preprocessing executable 'learn-physics-NMR' for learn-physics-0.6.7...
Building executable 'learn-physics-NMR' for learn-physics-0.6.7...
[1 of 1] Compiling Main
[2 of 2] Linking /tmp/workdir-learn-physics/learn-physics-0.6.7/dist-newstyle/build/x86_64-linux/ghc-9.10.2/learn-physics-0.6.7/x/learn-physics-NMR/build/learn-physics-NMR/learn-physics-NMR
Configuring executable 'learn-physics-LorentzForceSimulation' for learn-physics-0.6.7...
Preprocessing executable 'learn-physics-LorentzForceSimulation' for learn-physics-0.6.7...
Building executable 'learn-physics-LorentzForceSimulation' for learn-physics-0.6.7...
[1 of 1] Compiling Main
[2 of 2] Linking /tmp/workdir-learn-physics/learn-physics-0.6.7/dist-newstyle/build/x86_64-linux/ghc-9.10.2/learn-physics-0.6.7/x/learn-physics-LorentzForceSimulation/build/learn-physics-LorentzForceSimulation/learn-physics-LorentzForceSimulation
Configuring executable 'learn-physics-BCircularLoop' for learn-physics-0.6.7...
Preprocessing executable 'learn-physics-BCircularLoop' for learn-physics-0.6.7...
Building executable 'learn-physics-BCircularLoop' for learn-physics-0.6.7...
[1 of 1] Compiling Main
[2 of 2] Linking /tmp/workdir-learn-physics/learn-physics-0.6.7/dist-newstyle/build/x86_64-linux/ghc-9.10.2/learn-physics-0.6.7/x/learn-physics-BCircularLoop/build/learn-physics-BCircularLoop/learn-physics-BCircularLoop
