Resolving dependencies...
Build profile: -w ghc-9.10.2 -O1
In order, the following will be built (use -v for more details):
 - random-tree-0.6.0.5 (lib) (first run)
Configuring library for random-tree-0.6.0.5...
Preprocessing library for random-tree-0.6.0.5...
Building library for random-tree-0.6.0.5...
[1 of 3] Compiling Math.RandomTree.Label
src/Math/RandomTree/Label.hs:32:5: warning: [GHC-63394] [-Wx-partial]
    In the use of ‘head’
    (imported from Data.List, but defined in GHC.Internal.List):
    "This is a partial function, it throws an error on empty lists. Use pattern matching, 'Data.List.uncons' or 'Data.Maybe.listToMaybe' instead. Consider refactoring to use "Data.List.NonEmpty"."
   |
32 |   . head
   |     ^^^^

src/Math/RandomTree/Label.hs:43:9: warning: [GHC-63394] [-Wx-partial]
    In the use of ‘head’
    (imported from Data.List, but defined in GHC.Internal.List):
    "This is a partial function, it throws an error on empty lists. Use pattern matching, 'Data.List.uncons' or 'Data.Maybe.listToMaybe' instead. Consider refactoring to use "Data.List.NonEmpty"."
   |
43 |       . head
   |         ^^^^

[2 of 3] Compiling Math.RandomTree.Types
[3 of 3] Compiling Math.RandomTree.Algorithms
