Resolving dependencies...
Build profile: -w ghc-9.10.2 -O1
In order, the following will be built (use -v for more details):
 - megaparsec-9.7.0 (lib) (first run)
Configuring library for megaparsec-9.7.0...
Preprocessing library for megaparsec-9.7.0...
Building library for megaparsec-9.7.0...
[ 1 of 19] Compiling Text.Megaparsec.Pos
[ 2 of 19] Compiling Text.Megaparsec.Unicode
[ 3 of 19] Compiling Text.Megaparsec.Error[boot]
[ 4 of 19] Compiling Text.Megaparsec.State
[ 5 of 19] Compiling Text.Megaparsec.Stream
Text/Megaparsec/Stream.hs:43:23: warning: [GHC-38856] [-Wunused-imports]
    The import of ‘foldl'’ from module ‘Data.Foldable’ is redundant
   |
43 | import Data.Foldable (foldl', toList)
   |                       ^^^^^^

[ 6 of 19] Compiling Text.Megaparsec.Error
[ 7 of 19] Compiling Text.Megaparsec.Error.Builder
[ 8 of 19] Compiling Text.Megaparsec.Internal[boot]
[ 9 of 19] Compiling Text.Megaparsec.Class
[10 of 19] Compiling Text.Megaparsec.Internal
[11 of 19] Compiling Text.Megaparsec.Debug
[12 of 19] Compiling Text.Megaparsec
[13 of 19] Compiling Text.Megaparsec.Common
[14 of 19] Compiling Text.Megaparsec.Lexer
[15 of 19] Compiling Text.Megaparsec.Char
[16 of 19] Compiling Text.Megaparsec.Char.Lexer
Text/Megaparsec/Char/Lexer.hs:72:1: warning: [GHC-66111] [-Wunused-imports]
    The import of ‘Data.List’ is redundant
      except perhaps to import instances from ‘Data.List’
    To import instances alone, use: import Data.List()
   |
72 | import Data.List (foldl')
   | ^^^^^^^^^^^^^^^^^^^^^^^^^

[17 of 19] Compiling Text.Megaparsec.Byte.Binary
[18 of 19] Compiling Text.Megaparsec.Byte
[19 of 19] Compiling Text.Megaparsec.Byte.Lexer
Text/Megaparsec/Byte/Lexer.hs:44:1: warning: [GHC-66111] [-Wunused-imports]
    The import of ‘Data.List’ is redundant
      except perhaps to import instances from ‘Data.List’
    To import instances alone, use: import Data.List()
   |
44 | import Data.List (foldl')
   | ^^^^^^^^^^^^^^^^^^^^^^^^^

