Resolving dependencies...
Build profile: -w ghc-9.10.2 -O1
In order, the following will be built (use -v for more details):
 - annotated-exception-0.3.0.4 (lib) (first run)
 - annotated-exception-0.3.0.4 (test:annotated-exception-test) (first run)
Configuring library for annotated-exception-0.3.0.4...
Preprocessing library for annotated-exception-0.3.0.4...
Building library for annotated-exception-0.3.0.4...
[1 of 4] Compiling Data.Annotation
[2 of 4] Compiling Control.Exception.Annotated
[3 of 4] Compiling Control.Exception.Annotated.UnliftIO
src/Control/Exception/Annotated/UnliftIO.hs:113:38: warning: [GHC-68441] [-Wdeprecations]
    In the use of ‘checkpointCallStackWith’
    (imported from Control.Exception.Annotated):
    Deprecated: "As of 0.2.0.0 this is exactly equivalent to `checkpointMany`."
    |
113 |         liftIO $ withFrozenCallStack Catch.checkpointCallStackWith anns (runInIO action)
    |                                      ^^^^^^^^^^^^^^^^^^^^^^^^^^^^^

[4 of 4] Compiling Paths_annotated_exception
Configuring test suite 'annotated-exception-test' for annotated-exception-0.3.0.4...
Preprocessing test suite 'annotated-exception-test' for annotated-exception-0.3.0.4...
Building test suite 'annotated-exception-test' for annotated-exception-0.3.0.4...
[1 of 5] Compiling Data.AnnotationSpec
[2 of 5] Compiling Control.Exception.AnnotatedSpec
[3 of 5] Compiling Control.Exception.Annotated.UnliftIOSpec
[4 of 5] Compiling Main
[5 of 5] Compiling Paths_annotated_exception
[6 of 6] Linking dist-newstyle/build/x86_64-linux/ghc-9.10.2/annotated-exception-0.3.0.4/t/annotated-exception-test/build/annotated-exception-test/annotated-exception-test
