Resolving dependencies...
Build profile: -w ghc-9.10.2 -O1
In order, the following will be built (use -v for more details):
 - tsv2csv-0.1.0.2 (lib) (first run)
 - tsv2csv-0.1.0.2 (exe:tsv2csv) (first run)
Configuring library for tsv2csv-0.1.0.2...
Warning: [git-protocol] Cloning over git:// might lead to an arbitrary code
execution vulnerability. Furthermore, popular forges like GitHub do not
support it. Use https:// or ssh:// instead.
Preprocessing library for tsv2csv-0.1.0.2...
Building library for tsv2csv-0.1.0.2...
[1 of 1] Compiling Data.Tsv2csv
Configuring executable 'tsv2csv' for tsv2csv-0.1.0.2...
Warning: [git-protocol] Cloning over git:// might lead to an arbitrary code
execution vulnerability. Furthermore, popular forges like GitHub do not
support it. Use https:// or ssh:// instead.
Preprocessing executable 'tsv2csv' for tsv2csv-0.1.0.2...
Building executable 'tsv2csv' for tsv2csv-0.1.0.2...
[1 of 1] Compiling Main
[2 of 2] Linking dist-newstyle/build/x86_64-linux/ghc-9.10.2/tsv2csv-0.1.0.2/x/tsv2csv/build/tsv2csv/tsv2csv
