Resolving dependencies...
Build profile: -w ghc-9.10.2 -O1
In order, the following will be built (use -v for more details):
 - vector-quicksort-0.2 (lib) (first run)
 - vector-quicksort-0.2 (lib:test-foreign-sort) (first run)
 - vector-quicksort-0.2 (lib:test-predefined-sorts) (first run)
 - vector-quicksort-0.2 (test:test) (first run)
Configuring library for vector-quicksort-0.2...
Preprocessing library for vector-quicksort-0.2...
Building library for vector-quicksort-0.2...
[1 of 6] Compiling Data.Vector.Algorithms.FixedSort
[2 of 6] Compiling Data.Vector.Algorithms.Heapsort
[3 of 6] Compiling Data.Vector.Algorithms.Quicksort.Fork2
[4 of 6] Compiling Data.Vector.Algorithms.Quicksort.Median
[5 of 6] Compiling Data.Vector.Algorithms.Quicksort.Parameterised
[6 of 6] Compiling Data.Vector.Algorithms.Quicksort
Configuring library 'test-foreign-sort' for vector-quicksort-0.2...
Preprocessing library 'test-foreign-sort' for vector-quicksort-0.2...
Building library 'test-foreign-sort' for vector-quicksort-0.2...
cbits/sort.cpp:56:10: error:
     warning: ‘template<class _Category, class _Tp, class _Distance, class _Pointer, class _Reference> struct std::iterator’ is deprecated [-Wdeprecated-declarations]
       56 |     std::iterator<
          |          ^~~~~~~~
   |
56 |     std::iterator<
   |          ^

In file included from /usr/include/c++/13/bits/stl_algobase.h:65,
                 from /usr/include/c++/13/algorithm:60,
                 from cbits/sort.cpp:1:0: error: 

/usr/include/c++/13/bits/stl_iterator_base_types.h:127:34: error:
     note: declared here
      127 |     struct _GLIBCXX17_DEPRECATED iterator
          |                                  ^~~~~~~~
    |
127 |     struct _GLIBCXX17_DEPRECATED iterator
    |                                  ^

cbits/sort.cpp:56:10: error:
     warning: ‘template<class _Category, class _Tp, class _Distance, class _Pointer, class _Reference> struct std::iterator’ is deprecated [-Wdeprecated-declarations]
       56 |     std::iterator<
          |          ^~~~~~~~
   |
56 |     std::iterator<
   |          ^

In file included from /usr/include/c++/13/bits/stl_algobase.h:65,
                 from /usr/include/c++/13/algorithm:60,
                 from cbits/sort.cpp:1:0: error: 

/usr/include/c++/13/bits/stl_iterator_base_types.h:127:34: error:
     note: declared here
      127 |     struct _GLIBCXX17_DEPRECATED iterator
          |                                  ^~~~~~~~
    |
127 |     struct _GLIBCXX17_DEPRECATED iterator
    |                                  ^

Configuring library 'test-predefined-sorts' for vector-quicksort-0.2...
Preprocessing library 'test-predefined-sorts' for vector-quicksort-0.2...
Building library 'test-predefined-sorts' for vector-quicksort-0.2...
[ 1 of 65] Compiling Data.Vector.Algorithms.Quicksort.Predefined.BitonicIntST
[ 2 of 65] Compiling Data.Vector.Algorithms.Quicksort.Predefined.PIntSequentialMedian3IO
[ 3 of 65] Compiling Data.Vector.Algorithms.Quicksort.Predefined.PIntParallelStrategiesMedian3or5IO
[ 4 of 65] Compiling Data.Vector.Algorithms.Quicksort.Predefined.PIntParallelStrategiesMedian3IO
[ 5 of 65] Compiling Data.Vector.Algorithms.Quicksort.Predefined.PIntParallelMedian3or5IO
[ 6 of 65] Compiling Data.Vector.Algorithms.Quicksort.Predefined.PIntParallelMedian3IO
[ 7 of 65] Compiling Data.Vector.Algorithms.Quicksort.Predefined.PIntSequentialMedian3ST
[ 8 of 65] Compiling Data.Vector.Algorithms.Quicksort.Predefined.PIntParallelStrategiesMedian3or5ST
[ 9 of 65] Compiling Data.Vector.Algorithms.Quicksort.Predefined.PIntParallelStrategiesMedian3ST
[10 of 65] Compiling Data.Vector.Algorithms.Quicksort.Predefined.PIntSequentialMedian3or5IO
[11 of 65] Compiling Data.Vector.Algorithms.Quicksort.Predefined.PIntSequentialMedian3or5ST
[12 of 65] Compiling Data.Vector.Algorithms.Quicksort.Predefined.Pair
[13 of 65] Compiling Data.Vector.Algorithms.Quicksort.Predefined.SortTriple
[14 of 65] Compiling Data.Vector.Algorithms.Quicksort.Predefined.PTripleSequentialMedian3ST
[15 of 65] Compiling Data.Vector.Algorithms.Quicksort.Predefined.PTripleSequentialMedian3or5ST
[16 of 65] Compiling Data.Vector.Algorithms.Quicksort.Predefined.UIntSequentialMedian3IO
[17 of 65] Compiling Data.Vector.Algorithms.Quicksort.Predefined.UIntParallelStrategiesMedian3or5IO
[18 of 65] Compiling Data.Vector.Algorithms.Quicksort.Predefined.UIntParallelStrategiesMedian3IO
[19 of 65] Compiling Data.Vector.Algorithms.Quicksort.Predefined.UIntSequentialMedian3ST
[20 of 65] Compiling Data.Vector.Algorithms.Quicksort.Predefined.UIntParallelStrategiesMedian3or5ST
[21 of 65] Compiling Data.Vector.Algorithms.Quicksort.Predefined.UIntParallelStrategiesMedian3ST
[22 of 65] Compiling Data.Vector.Algorithms.Quicksort.Predefined.UIntSequentialMedian3or5IO
[23 of 65] Compiling Data.Vector.Algorithms.Quicksort.Predefined.UIntSequentialMedian3or5ST
[24 of 65] Compiling Data.Vector.Algorithms.Quicksort.Predefined.UPairSequentialMedian3IO
[25 of 65] Compiling Data.Vector.Algorithms.Quicksort.Predefined.UPairParallelStrategiesMedian3or5IO
[26 of 65] Compiling Data.Vector.Algorithms.Quicksort.Predefined.UPairParallelStrategiesMedian3IO
[27 of 65] Compiling Data.Vector.Algorithms.Quicksort.Predefined.UPairSequentialMedian3ST
[28 of 65] Compiling Data.Vector.Algorithms.Quicksort.Predefined.UPairParallelStrategiesMedian3or5ST
[29 of 65] Compiling Data.Vector.Algorithms.Quicksort.Predefined.UPairParallelStrategiesMedian3ST
[30 of 65] Compiling Data.Vector.Algorithms.Quicksort.Predefined.UPairSequentialMedian3or5IO
[31 of 65] Compiling Data.Vector.Algorithms.Quicksort.Predefined.UPairSequentialMedian3or5ST
[32 of 65] Compiling Data.Vector.Algorithms.Quicksort.Predefined.UTripleSequentialMedian3ST
[33 of 65] Compiling Data.Vector.Algorithms.Quicksort.Predefined.UTripleSequentialMedian3or5ST
[34 of 65] Compiling Data.Vector.Algorithms.Quicksort.Predefined.UTupleSequentialMedian3IO
[35 of 65] Compiling Data.Vector.Algorithms.Quicksort.Predefined.UTupleParallelStrategiesMedian3or5IO
[36 of 65] Compiling Data.Vector.Algorithms.Quicksort.Predefined.UTupleParallelStrategiesMedian3IO
[37 of 65] Compiling Data.Vector.Algorithms.Quicksort.Predefined.UTupleSequentialMedian3ST
[38 of 65] Compiling Data.Vector.Algorithms.Quicksort.Predefined.UTupleParallelStrategiesMedian3or5ST
[39 of 65] Compiling Data.Vector.Algorithms.Quicksort.Predefined.UTupleParallelStrategiesMedian3ST
[40 of 65] Compiling Data.Vector.Algorithms.Quicksort.Predefined.UTupleSequentialMedian3or5IO
[41 of 65] Compiling Data.Vector.Algorithms.Quicksort.Predefined.UTupleSequentialMedian3or5ST
[42 of 65] Compiling Data.Vector.Algorithms.Quicksort.Predefined.VIntSequentialMedian3IO
[43 of 65] Compiling Data.Vector.Algorithms.Quicksort.Predefined.VIntParallelStrategiesMedian3or5IO
[44 of 65] Compiling Data.Vector.Algorithms.Quicksort.Predefined.VIntParallelStrategiesMedian3IO
[45 of 65] Compiling Data.Vector.Algorithms.Quicksort.Predefined.VIntSequentialMedian3ST
[46 of 65] Compiling Data.Vector.Algorithms.Quicksort.Predefined.VIntParallelStrategiesMedian3or5ST
[47 of 65] Compiling Data.Vector.Algorithms.Quicksort.Predefined.VIntParallelStrategiesMedian3ST
[48 of 65] Compiling Data.Vector.Algorithms.Quicksort.Predefined.VIntSequentialMedian3or5IO
[49 of 65] Compiling Data.Vector.Algorithms.Quicksort.Predefined.VIntSequentialMedian3or5ST
[50 of 65] Compiling Data.Vector.Algorithms.Quicksort.Predefined.VPairSequentialMedian3IO
[51 of 65] Compiling Data.Vector.Algorithms.Quicksort.Predefined.VPairParallelStrategiesMedian3or5IO
[52 of 65] Compiling Data.Vector.Algorithms.Quicksort.Predefined.VPairParallelStrategiesMedian3IO
[53 of 65] Compiling Data.Vector.Algorithms.Quicksort.Predefined.VPairSequentialMedian3ST
[54 of 65] Compiling Data.Vector.Algorithms.Quicksort.Predefined.VPairParallelStrategiesMedian3or5ST
[55 of 65] Compiling Data.Vector.Algorithms.Quicksort.Predefined.VPairParallelStrategiesMedian3ST
[56 of 65] Compiling Data.Vector.Algorithms.Quicksort.Predefined.VPairSequentialMedian3or5IO
[57 of 65] Compiling Data.Vector.Algorithms.Quicksort.Predefined.VPairSequentialMedian3or5ST
[58 of 65] Compiling Data.Vector.Algorithms.Quicksort.Predefined.VTupleSequentialMedian3IO
[59 of 65] Compiling Data.Vector.Algorithms.Quicksort.Predefined.VTupleParallelStrategiesMedian3or5IO
[60 of 65] Compiling Data.Vector.Algorithms.Quicksort.Predefined.VTupleParallelStrategiesMedian3IO
[61 of 65] Compiling Data.Vector.Algorithms.Quicksort.Predefined.VTupleSequentialMedian3ST
[62 of 65] Compiling Data.Vector.Algorithms.Quicksort.Predefined.VTupleParallelStrategiesMedian3or5ST
[63 of 65] Compiling Data.Vector.Algorithms.Quicksort.Predefined.VTupleParallelStrategiesMedian3ST
[64 of 65] Compiling Data.Vector.Algorithms.Quicksort.Predefined.VTupleSequentialMedian3or5IO
[65 of 65] Compiling Data.Vector.Algorithms.Quicksort.Predefined.VTupleSequentialMedian3or5ST
Configuring test suite 'test' for vector-quicksort-0.2...
Preprocessing test suite 'test' for vector-quicksort-0.2...
Building test suite 'test' for vector-quicksort-0.2...
[1 of 2] Compiling Data.Vector.Algorithms.Quicksort.Tests
[2 of 2] Compiling TestMain
[3 of 3] Linking dist-newstyle/build/x86_64-linux/ghc-9.10.2/vector-quicksort-0.2/t/test/build/test/test
