Resolving dependencies...
Build profile: -w ghc-9.10.2 -O1
In order, the following will be built (use -v for more details):
 - bitwise-1.0.0.1 (lib) (first run)
 - bitwise-1.0.0.1 (test:bitwise-testsuite) (first run)
Configuring library for bitwise-1.0.0.1...
Preprocessing library for bitwise-1.0.0.1...
Building library for bitwise-1.0.0.1...
[1 of 7] Compiling Data.Array.BitArray.Internal
[2 of 7] Compiling Data.Bits.Bitwise
src/Data/Bits/Bitwise.hs:50:1: warning: [GHC-66111] [-Wunused-imports]
    The import of ‘Data.List’ is redundant
      except perhaps to import instances from ‘Data.List’
    To import instances alone, use: import Data.List()
   |
50 | import Data.List (foldl')
   | ^^^^^^^^^^^^^^^^^^^^^^^^^

[3 of 7] Compiling Data.Array.BitArray.IO
[4 of 7] Compiling Data.Array.BitArray.ST
[5 of 7] Compiling Data.Array.BitArray
[6 of 7] Compiling Data.Array.BitArray.ByteString
[7 of 7] Compiling Codec.Image.PBM
Configuring test suite 'bitwise-testsuite' for bitwise-1.0.0.1...
Preprocessing test suite 'bitwise-testsuite' for bitwise-1.0.0.1...
Building test suite 'bitwise-testsuite' for bitwise-1.0.0.1...
[1 of 1] Compiling Main
[2 of 2] Linking dist-newstyle/build/x86_64-linux/ghc-9.10.2/bitwise-1.0.0.1/t/bitwise-testsuite/build/bitwise-testsuite/bitwise-testsuite
