Resolving dependencies...
Build profile: -w ghc-9.10.2 -O1
In order, the following will be built (use -v for more details):
 - diagrams-lib-1.5 (lib) (first run)
 - diagrams-lib-1.5 (test:tests) (first run)
Configuring library for diagrams-lib-1.5...
Preprocessing library for diagrams-lib-1.5...
Building library for diagrams-lib-1.5...
[ 1 of 74] Compiling Diagrams.Attributes
[ 2 of 74] Compiling Diagrams.Attributes.Compile
[ 3 of 74] Compiling Diagrams.CubicSpline.Internal
src/Diagrams/CubicSpline/Internal.hs:53:32: warning: [GHC-63394] [-Wx-partial]
    In the use of ‘tail’
    (imported from Data.List, but defined in GHC.Internal.List):
    "This is a partial function, it throws an error on empty lists. Replace it with 'drop' 1, or use pattern matching or 'GHC.Internal.Data.List.uncons' instead. Consider refactoring to use "Data.List.NonEmpty"."
   |
53 |     | (x,x1,d,d1) <- zip4 xs' (tail xs') ds' (tail ds')
   |                                ^^^^

src/Diagrams/CubicSpline/Internal.hs:53:47: warning: [GHC-63394] [-Wx-partial]
    In the use of ‘tail’
    (imported from Data.List, but defined in GHC.Internal.List):
    "This is a partial function, it throws an error on empty lists. Replace it with 'drop' 1, or use pattern matching or 'GHC.Internal.Data.List.uncons' instead. Consider refactoring to use "Data.List.NonEmpty"."
   |
53 |     | (x,x1,d,d1) <- zip4 xs' (tail xs') ds' (tail ds')
   |                                               ^^^^

src/Diagrams/CubicSpline/Internal.hs:58:35: warning: [GHC-63394] [-Wx-partial]
    In the use of ‘head’
    (imported from Data.List, but defined in GHC.Internal.List):
    "This is a partial function, it throws an error on empty lists. Use pattern matching, 'Data.List.uncons' or 'Data.Maybe.listToMaybe' instead. Consider refactoring to use "Data.List.NonEmpty"."
   |
58 |     close as | closed    = as ++ [head as]
   |                                   ^^^^

[ 4 of 74] Compiling Diagrams.Names
[ 5 of 74] Compiling Diagrams.Parametric
[ 6 of 74] Compiling Diagrams.Parametric.Adjust
[ 7 of 74] Compiling Diagrams.Points
[ 8 of 74] Compiling Diagrams.Coordinates
[ 9 of 74] Compiling Diagrams.Angle
[10 of 74] Compiling Diagrams.Direction
[11 of 74] Compiling Diagrams.Query
[12 of 74] Compiling Diagrams.ThreeD.Attributes
[13 of 74] Compiling Diagrams.Transform
[14 of 74] Compiling Diagrams.TwoD.Segment.Bernstein
src/Diagrams/TwoD/Segment/Bernstein.hs:51:40: warning: [GHC-63394] [-Wx-partial]
    In the use of ‘head’
    (imported from Prelude, but defined in GHC.Internal.List):
    "This is a partial function, it throws an error on empty lists. Use pattern matching, 'Data.List.uncons' or 'Data.Maybe.listToMaybe' instead. Consider refactoring to use "Data.List.NonEmpty"."
   |
51 |   degreeElevate (BernsteinPoly (lp+1) (head p:inner p 1)) (times-1)
   |                                        ^^^^

src/Diagrams/TwoD/Segment/Bernstein.hs:88:71: warning: [GHC-63394] [-Wx-partial]
    In the use of ‘tail’
    (imported from Prelude, but defined in GHC.Internal.List):
    "This is a partial function, it throws an error on empty lists. Replace it with 'drop' 1, or use pattern matching or 'GHC.Internal.Data.List.uncons' instead. Consider refactoring to use "Data.List.NonEmpty"."
   |
88 |   BernsteinPoly (lp-1) $ zipWith (\a b -> (a - b) * fromIntegral lp) (tail p) p
   |                                                                       ^^^^

src/Diagrams/TwoD/Segment/Bernstein.hs:101:27: warning: [GHC-63394] [-Wx-partial]
    In the use of ‘head’
    (imported from Prelude, but defined in GHC.Internal.List):
    "This is a partial function, it throws an error on empty lists. Use pattern matching, 'Data.List.uncons' or 'Data.Maybe.listToMaybe' instead. Consider refactoring to use "Data.List.NonEmpty"."
    |
101 |   (BernsteinPoly lp $ map head controls,
    |                           ^^^^

src/Diagrams/TwoD/Segment/Bernstein.hs:107:45: warning: [GHC-63394] [-Wx-partial]
    In the use of ‘tail’
    (imported from Prelude, but defined in GHC.Internal.List):
    "This is a partial function, it throws an error on empty lists. Replace it with 'drop' 1, or use pattern matching or 'GHC.Internal.Data.List.uncons' instead. Consider refactoring to use "Data.List.NonEmpty"."
    |
107 |     terp l   = let ctrs = zipWith interp l (tail l)
    |                                             ^^^^

src/Diagrams/TwoD/Segment/Bernstein.hs:127:52: warning: [GHC-63394] [-Wx-partial]
    In the use of ‘tail’
    (imported from Prelude, but defined in GHC.Internal.List):
    "This is a partial function, it throws an error on empty lists. Replace it with 'drop' 1, or use pattern matching or 'GHC.Internal.Data.List.uncons' instead. Consider refactoring to use "Data.List.NonEmpty"."
    |
127 |                    map (zipWith (*) (reverse b')) (tail $ tails a')
    |                                                    ^^^^

src/Diagrams/TwoD/Segment/Bernstein.hs:129:20: warning: [GHC-63394] [-Wx-partial]
    In the use of ‘tail’
    (imported from Prelude, but defined in GHC.Internal.List):
    "This is a partial function, it throws an error on empty lists. Replace it with 'drop' 1, or use pattern matching or 'GHC.Internal.Data.List.uncons' instead. Consider refactoring to use "Data.List.NonEmpty"."
    |
129 |     where down l = tail $ scanl (flip (:)) [] l -- [[1], [2, 1], [3, 2, 1], ...
    |                    ^^^^

[15 of 74] Compiling Diagrams.TwoD.Types
[16 of 74] Compiling Diagrams.ThreeD.Types
[17 of 74] Compiling Diagrams.Transform.Matrix
[18 of 74] Compiling Diagrams.ThreeD.Light
[19 of 74] Compiling Diagrams.TwoD.Vector
[20 of 74] Compiling Diagrams.TwoD.Transform
[21 of 74] Compiling Diagrams.Transform.ScaleInv
[22 of 74] Compiling Diagrams.ThreeD.Transform
[23 of 74] Compiling Diagrams.TwoD.Points
src/Diagrams/TwoD/Points.hs:30:42: warning: [GHC-63394] [-Wx-partial]
    In the use of ‘tail’
    (imported from Data.List, but defined in GHC.Internal.List):
    "This is a partial function, it throws an error on empty lists. Replace it with 'drop' 1, or use pattern matching or 'GHC.Internal.Data.List.uncons' instead. Consider refactoring to use "Data.List.NonEmpty"."
   |
30 | convexHull2D ps = init upper ++ reverse (tail lower)
   |                                          ^^^^

[24 of 74] Compiling Diagrams.ThreeD.Vector
[25 of 74] Compiling Diagrams.ThreeD.Shapes
[26 of 74] Compiling Diagrams.ThreeD.Camera
[27 of 74] Compiling Diagrams.Util
src/Diagrams/Util.hs:206:39: warning: [GHC-63394] [-Wx-partial]
    In the use of ‘head’
    (imported from Data.List, but defined in GHC.Internal.List):
    "This is a partial function, it throws an error on empty lists. Use pattern matching, 'Data.List.uncons' or 'Data.Maybe.listToMaybe' instead. Consider refactoring to use "Data.List.NonEmpty"."
    |
206 |     lookEnv = MaybeT . (fmap . fmap) (head . splitSearchPath) . lookupEnv
    |                                       ^^^^

[28 of 74] Compiling Linear.Vector.Compat
[29 of 74] Compiling Diagrams.Align
[30 of 74] Compiling Diagrams.TwoD.Align
[31 of 74] Compiling Diagrams.ThreeD.Align
[32 of 74] Compiling Diagrams.Located
[33 of 74] Compiling Diagrams.Segment
src/Diagrams/Segment.hs:81:1: warning: [GHC-66111] [-Wunused-imports]
    The import of ‘Control.Applicative’ is redundant
      except perhaps to import instances from ‘Control.Applicative’
    To import instances alone, use: import Control.Applicative()
   |
81 | import           Control.Applicative
   | ^^^^^^^^^^^^^^^^^^^^^^^^^^^^^^^^^^^^

[34 of 74] Compiling Diagrams.TwoD.Segment
src/Diagrams/TwoD/Segment.hs:196:7: warning: [GHC-62161] [-Wincomplete-uni-patterns]
    Pattern match(es) are non-exhaustive
    In a pattern binding:
        Patterns of type ‘Maybe (n, n)’ not matched: Nothing
    |
196 |       Just (tminChop, tmaxChop) = chopInterval
    |       ^^^^^^^^^^^^^^^^^^^^^^^^^^^^^^^^^^^^^^^^

src/Diagrams/TwoD/Segment.hs:221:5: warning: [GHC-62161] [-Wincomplete-uni-patterns]
    Pattern match(es) are non-exhaustive
    In a pattern binding:
        Patterns of type ‘Maybe (n, n)’ not matched: Nothing
    |
221 |     Just (tminChop, tmaxChop) = chopInterval
    |     ^^^^^^^^^^^^^^^^^^^^^^^^^^^^^^^^^^^^^^^^

src/Diagrams/TwoD/Segment.hs:269:50: warning: [GHC-63394] [-Wx-partial]
    In the use of ‘head’
    (imported from Prelude, but defined in GHC.Internal.List):
    "This is a partial function, it throws an error on empty lists. Use pattern matching, 'Data.List.uncons' or 'Data.Maybe.listToMaybe' instead. Consider refactoring to use "Data.List.NonEmpty"."
    |
269 |   tL <- testBelow upper           $ testBetween (head upper) $ testAbove lower
    |                                                  ^^^^

[35 of 74] Compiling Diagrams.Tangent
[36 of 74] Compiling Diagrams.TwoD.Curvature
[37 of 74] Compiling Diagrams.Trail
src/Diagrams/Trail.hs:236:5: warning: [GHC-62161] [-Wincomplete-uni-patterns]
    Pattern match(es) are non-exhaustive
    In a pattern binding:
        Patterns of type ‘(FingerTree
                             (SegMeasure v n) (Segment Closed v n),
                           FingerTree (SegMeasure v n) (Segment Closed v n))’ not matched:
            (_, _)
    |
236 |     (before, viewl -> seg FT.:< after) = FT.split ((pSegs <) . numSegs) t
    |     ^^^^^^^^^^^^^^^^^^^^^^^^^^^^^^^^^^^^^^^^^^^^^^^^^^^^^^^^^^^^^^^^^^^^^

src/Diagrams/Trail.hs:922:73: warning: [GHC-63394] [-Wx-partial]
    In the use of ‘tail’
    (imported from Prelude, but defined in GHC.Internal.List):
    "This is a partial function, it throws an error on empty lists. Replace it with 'drop' 1, or use pattern matching or 'GHC.Internal.Data.List.uncons' instead. Consider refactoring to use "Data.List.NonEmpty"."
    |
922 | lineFromVertices ps  = lineFromSegments . map straight $ zipWith (.-.) (tail ps) ps
    |                                                                         ^^^^

src/Diagrams/Trail.hs:1223:50: warning: [GHC-63394] [-Wx-partial]
    In the use of ‘head’
    (imported from Prelude, but defined in GHC.Internal.List):
    "This is a partial function, it throws an error on empty lists. Use pattern matching, 'Data.List.uncons' or 'Data.Maybe.listToMaybe' instead. Consider refactoring to use "Data.List.NonEmpty"."
     |
1223 |     far = quadrance ((signorm . tangentAtStart . head $ segs) ^-^
     |                                                  ^^^^

[38 of 74] Compiling Diagrams.TrailLike
[39 of 74] Compiling Diagrams.TwoD.Arc
[40 of 74] Compiling Diagrams.TwoD.Ellipse
[41 of 74] Compiling Diagrams.Animation.Active
[42 of 74] Compiling Diagrams.Combinators
src/Diagrams/Combinators.hs:398:22: warning: [GHC-63394] [-Wx-partial]
    In the use of ‘head’
    (imported from Prelude, but defined in GHC.Internal.List):
    "This is a partial function, it throws an error on empty lists. Use pattern matching, 'Data.List.uncons' or 'Data.Maybe.listToMaybe' instead. Consider refactoring to use "Data.List.NonEmpty"."
    |
398 |     l   = location . head . fromJust $ mss
    |                      ^^^^

[43 of 74] Compiling Diagrams.Trace
[44 of 74] Compiling Diagrams.Envelope
[45 of 74] Compiling Diagrams.Path
[46 of 74] Compiling Diagrams.TwoD.Polygons
src/Diagrams/TwoD/Polygons.hs:226:26: warning: [GHC-63394] [-Wx-partial]
    In the use of ‘tail’
    (imported from Prelude, but defined in GHC.Internal.List):
    "This is a partial function, it throws an error on empty lists. Replace it with 'drop' 1, or use pattern matching or 'GHC.Internal.Data.List.uncons' instead. Consider refactoring to use "Data.List.NonEmpty"."
    |
226 |                   (zip3 (tail (cycle xs)) xs (last xs : init xs))
    |                          ^^^^

[47 of 74] Compiling Diagrams.TwoD.Shapes
src/Diagrams/TwoD/Shapes.hs:115:24: warning: [GHC-63394] [-Wx-partial]
    In the use of ‘head’
    (imported from Prelude, but defined in GHC.Internal.List):
    "This is a partial function, it throws an error on empty lists. Use pattern matching, 'Data.List.uncons' or 'Data.Maybe.listToMaybe' instead. Consider refactoring to use "Data.List.NonEmpty"."
    |
115 | rect w h = trailLike . head . op Path $ unitSquare # scaleX w # scaleY h
    |                        ^^^^

[48 of 74] Compiling Diagrams.TwoD.Path
src/Diagrams/TwoD/Path.hs:64:1: warning: [GHC-66111] [-Wunused-imports]
    The import of ‘Control.Applicative’ is redundant
      except perhaps to import instances from ‘Control.Applicative’
    To import instances alone, use: import Control.Applicative()
   |
64 | import           Control.Applicative       (liftA2)
   | ^^^^^^^^^^^^^^^^^^^^^^^^^^^^^^^^^^^^^^^^^^^^^^^^^^^

[49 of 74] Compiling Diagrams.TwoD.Offset
src/Diagrams/TwoD/Offset.hs:85:5: warning: [GHC-62161] [-Wincomplete-uni-patterns]
    Pattern match(es) are non-exhaustive
    In a pattern binding:
        Patterns of type ‘Segment Closed V2 n’ not matched:
            Linear p where p is not one of {OffsetOpen}
   |
85 |     (Cubic a _ _) = snd $ splitAtParam cubic t
   |     ^^^^^^^^^^^^^^^^^^^^^^^^^^^^^^^^^^^^^^^^^^

src/Diagrams/TwoD/Offset.hs:288:27: warning: [GHC-62161] [-Wincomplete-uni-patterns]
    Pattern match(es) are non-exhaustive
    In a lambda abstraction:
        Patterns of type ‘[Point V2 n]’ not matched: []
    |
288 |       ends | isLoop    = (\(a:as) -> as ++ [a]) . trailPoints $ t
    |                           ^^^^^^^^^^^^^^^^^^^^

src/Diagrams/TwoD/Offset.hs:289:26: warning: [GHC-63394] [-Wx-partial]
    In the use of ‘tail’
    (imported from Prelude, but defined in GHC.Internal.List):
    "This is a partial function, it throws an error on empty lists. Replace it with 'drop' 1, or use pattern matching or 'GHC.Internal.Data.List.uncons' instead. Consider refactoring to use "Data.List.NonEmpty"."
    |
289 |            | otherwise = tail . trailPoints $ t
    |                          ^^^^

src/Diagrams/TwoD/Offset.hs:383:14: warning: [GHC-63394] [-Wx-partial]
    In the use of ‘tail’
    (imported from Prelude, but defined in GHC.Internal.List):
    "This is a partial function, it throws an error on empty lists. Replace it with 'drop' 1, or use pattern matching or 'GHC.Internal.Data.List.uncons' instead. Consider refactoring to use "Data.List.NonEmpty"."
    |
383 |       ends = tail . trailPoints $ t
    |              ^^^^

src/Diagrams/TwoD/Offset.hs:395:15: warning: [GHC-62161] [-Wincomplete-uni-patterns]
    Pattern match(es) are non-exhaustive
    In a lambda abstraction:
        Patterns of type ‘[Point V2 n]’ not matched: []
    |
395 |       ends = (\(a:as) -> as ++ [a]) . trailPoints $ t
    |               ^^^^^^^^^^^^^^^^^^^^

src/Diagrams/TwoD/Offset.hs:504:102: warning: [GHC-63394] [-Wx-partial]
    In the use of ‘tail’
    (imported from Prelude, but defined in GHC.Internal.List):
    "This is a partial function, it throws an error on empty lists. Replace it with 'drop' 1, or use pattern matching or 'GHC.Internal.Data.List.uncons' instead. Consider refactoring to use "Data.List.NonEmpty"."
    |
504 |     ss es' ts' = concat [[test a b $ j ml r e a b, Just $ unLoc b] | (e,(a,b)) <- zip es' . (zip <*> tail) $ ts']
    |                                                                                                      ^^^^

[50 of 74] Compiling Diagrams.TwoD.Image
[51 of 74] Compiling Diagrams.TwoD.Attributes
[52 of 74] Compiling Diagrams.TwoD.Text
[53 of 74] Compiling Diagrams.TwoD.Arrowheads
src/Diagrams/TwoD/Arrowheads.hs:129:5: warning: [GHC-62161] [-Wincomplete-uni-patterns]
    Pattern match(es) are non-exhaustive
    In a pattern binding:
        Patterns of type ‘[V2 n]’ not matched:
            []
            [_]
            (_:_:_:_)
    |
129 |     [b1, b2] = map (reflectY . negated) [t1, t2]
    |     ^^^^^^^^^^^^^^^^^^^^^^^^^^^^^^^^^^^^^^^^^^^^

[54 of 74] Compiling Diagrams.TwoD.Arrow
src/Diagrams/TwoD/Arrow.hs:545:9: warning: [GHC-62161] [-Wincomplete-uni-patterns]
    Pattern match(es) are non-exhaustive
    In a pattern binding:
        Patterns of type ‘[Point V2 n]’ not matched:
            []
            [_]
            (_:_:_:_)
    |
545 |     let [s,e] = map location [sub1, sub2]
    |         ^^^^^^^^^^^^^^^^^^^^^^^^^^^^^^^^^

src/Diagrams/TwoD/Arrow.hs:563:9: warning: [GHC-62161] [-Wincomplete-uni-patterns]
    Pattern match(es) are non-exhaustive
    In a pattern binding:
        Patterns of type ‘[Point V2 n]’ not matched:
            []
            [_]
            (_:_:_:_)
    |
563 |     let [os, oe] = map location [sub1, sub2]
    |         ^^^^^^^^^^^^^^^^^^^^^^^^^^^^^^^^^^^^

[55 of 74] Compiling Diagrams.LinearMap
[56 of 74] Compiling Diagrams.Deform
[57 of 74] Compiling Diagrams.TwoD.Deform
[58 of 74] Compiling Diagrams.ThreeD.Projection
[59 of 74] Compiling Diagrams.ThreeD.Deform
[60 of 74] Compiling Diagrams.ThreeD
[61 of 74] Compiling Diagrams.CubicSpline.Boehm
src/Diagrams/CubicSpline/Boehm.hs:56:28: warning: [GHC-63394] [-Wx-partial]
    In the use of ‘head’
    (imported from Prelude, but defined in GHC.Internal.List):
    "This is a partial function, it throws an error on empty lists. Use pattern matching, 'Data.List.uncons' or 'Data.Maybe.listToMaybe' instead. Consider refactoring to use "Data.List.NonEmpty"."
   |
56 | extend k xs = replicate k (head xs) ++ xs ++ replicate k (last xs)
   |                            ^^^^

src/Diagrams/CubicSpline/Boehm.hs:80:21: warning: [GHC-63394] [-Wx-partial]
    In the use of ‘head’
    (imported from Prelude, but defined in GHC.Internal.List):
    "This is a partial function, it throws an error on empty lists. Use pattern matching, 'Data.List.uncons' or 'Data.Maybe.listToMaybe' instead. Consider refactoring to use "Data.List.NonEmpty"."
   |
80 |       (affineCombo (head kts1) (last kts2) newKt pt1 pt2)
   |                     ^^^^

[62 of 74] Compiling Diagrams.CubicSpline
[63 of 74] Compiling Diagrams.TwoD.Model
[64 of 74] Compiling Diagrams.BoundingBox
[65 of 74] Compiling Diagrams.TwoD.Combinators
[66 of 74] Compiling Diagrams.Size
[67 of 74] Compiling Diagrams.TwoD.Size
[68 of 74] Compiling Diagrams.TwoD
[69 of 74] Compiling Diagrams.TwoD.Adjust
[70 of 74] Compiling Diagrams.ThreeD.Size
[71 of 74] Compiling Diagrams.Animation
[72 of 74] Compiling Diagrams.Backend.CmdLine
[73 of 74] Compiling Diagrams
[74 of 74] Compiling Diagrams.Prelude
Configuring test suite 'tests' for diagrams-lib-1.5...
Preprocessing test suite 'tests' for diagrams-lib-1.5...
Building test suite 'tests' for diagrams-lib-1.5...
[ 1 of 10] Compiling Diagrams.Test.TwoD.Offset
[ 2 of 10] Compiling Diagrams.Test.TwoD.Segment
[ 3 of 10] Compiling Instances
[ 4 of 10] Compiling Diagrams.Test.TwoD
[ 5 of 10] Compiling Diagrams.Test.Transform.Matrix
[ 6 of 10] Compiling Diagrams.Test.Transform
[ 7 of 10] Compiling Diagrams.Test.Trail
test/Diagrams/Test/Trail.hs:97:13: warning: [GHC-63394] [-Wx-partial]
    In the use of ‘head’
    (imported from Data.List, but defined in GHC.Internal.List):
    "This is a partial function, it throws an error on empty lists. Use pattern matching, 'Data.List.uncons' or 'Data.Maybe.listToMaybe' instead. Consider refactoring to use "Data.List.NonEmpty"."
   |
97 |     aSecT = head segs'
   |             ^^^^

[ 8 of 10] Compiling Diagrams.Test.Direction
[ 9 of 10] Compiling Diagrams.Test.Angle
[10 of 10] Compiling Main
[11 of 11] Linking dist-newstyle/build/x86_64-linux/ghc-9.10.2/diagrams-lib-1.5/t/tests/build/tests/tests
