Resolving dependencies...
Build profile: -w ghc-9.10.2 -O1
In order, the following will be built (use -v for more details):
 - gogol-android-enterprise-1.0.0 (lib) (first run)
Configuring library for gogol-android-enterprise-1.0.0...
Warning: [git-protocol] Cloning over git:// might lead to an arbitrary code
execution vulnerability. Furthermore, popular forges like GitHub do not
support it. Use https:// or ssh:// instead.
Preprocessing library for gogol-android-enterprise-1.0.0...
Building library for gogol-android-enterprise-1.0.0...
[ 1 of 81] Compiling Gogol.AndroidEnterprise.Internal.Sum
[ 2 of 81] Compiling Gogol.AndroidEnterprise.Internal.Product
[ 3 of 81] Compiling Gogol.AndroidEnterprise.Types
[ 4 of 81] Compiling Gogol.AndroidEnterprise.Storelayoutpages.Update
[ 5 of 81] Compiling Gogol.AndroidEnterprise.Storelayoutpages.List
[ 6 of 81] Compiling Gogol.AndroidEnterprise.Storelayoutpages.Insert
[ 7 of 81] Compiling Gogol.AndroidEnterprise.Storelayoutpages.Get
[ 8 of 81] Compiling Gogol.AndroidEnterprise.Storelayoutpages.Delete
[ 9 of 81] Compiling Gogol.AndroidEnterprise.Storelayoutclusters.Update
[10 of 81] Compiling Gogol.AndroidEnterprise.Storelayoutclusters.List
[11 of 81] Compiling Gogol.AndroidEnterprise.Storelayoutclusters.Insert
[12 of 81] Compiling Gogol.AndroidEnterprise.Storelayoutclusters.Get
[13 of 81] Compiling Gogol.AndroidEnterprise.Storelayoutclusters.Delete
[14 of 81] Compiling Gogol.AndroidEnterprise.Serviceaccountkeys.List
[15 of 81] Compiling Gogol.AndroidEnterprise.Serviceaccountkeys.Insert
[16 of 81] Compiling Gogol.AndroidEnterprise.Serviceaccountkeys.Delete
[17 of 81] Compiling Gogol.AndroidEnterprise.Products.Unapprove
[18 of 81] Compiling Gogol.AndroidEnterprise.Products.List
[19 of 81] Compiling Gogol.AndroidEnterprise.Products.GetPermissions
[20 of 81] Compiling Gogol.AndroidEnterprise.Products.GetAppRestrictionsSchema
[21 of 81] Compiling Gogol.AndroidEnterprise.Products.Get
[22 of 81] Compiling Gogol.AndroidEnterprise.Products.GenerateApprovalUrl
[23 of 81] Compiling Gogol.AndroidEnterprise.Products.Approve
[24 of 81] Compiling Gogol.AndroidEnterprise.Permissions.Get
[25 of 81] Compiling Gogol.AndroidEnterprise.Managedconfigurationssettings.List
[26 of 81] Compiling Gogol.AndroidEnterprise.Managedconfigurationsforuser.Update
[27 of 81] Compiling Gogol.AndroidEnterprise.Managedconfigurationsforuser.List
[28 of 81] Compiling Gogol.AndroidEnterprise.Managedconfigurationsforuser.Get
[29 of 81] Compiling Gogol.AndroidEnterprise.Managedconfigurationsforuser.Delete
[30 of 81] Compiling Gogol.AndroidEnterprise.Managedconfigurationsfordevice.Update
[31 of 81] Compiling Gogol.AndroidEnterprise.Managedconfigurationsfordevice.List
[32 of 81] Compiling Gogol.AndroidEnterprise.Managedconfigurationsfordevice.Get
[33 of 81] Compiling Gogol.AndroidEnterprise.Managedconfigurationsfordevice.Delete
[34 of 81] Compiling Gogol.AndroidEnterprise.Installs.Update
[35 of 81] Compiling Gogol.AndroidEnterprise.Installs.List
[36 of 81] Compiling Gogol.AndroidEnterprise.Installs.Get
[37 of 81] Compiling Gogol.AndroidEnterprise.Installs.Delete
[38 of 81] Compiling Gogol.AndroidEnterprise.Grouplicenseusers.List
[39 of 81] Compiling Gogol.AndroidEnterprise.Grouplicenses.List
[40 of 81] Compiling Gogol.AndroidEnterprise.Grouplicenses.Get
[41 of 81] Compiling Gogol.AndroidEnterprise.Entitlements.Update
[42 of 81] Compiling Gogol.AndroidEnterprise.Entitlements.List
[43 of 81] Compiling Gogol.AndroidEnterprise.Entitlements.Get
[44 of 81] Compiling Gogol.AndroidEnterprise.Entitlements.Delete
[45 of 81] Compiling Gogol.AndroidEnterprise.Enterprises.Unenroll
[46 of 81] Compiling Gogol.AndroidEnterprise.Enterprises.SetStoreLayout
[47 of 81] Compiling Gogol.AndroidEnterprise.Enterprises.SetAccount
[48 of 81] Compiling Gogol.AndroidEnterprise.Enterprises.SendTestPushNotification
[49 of 81] Compiling Gogol.AndroidEnterprise.Enterprises.PullNotificationSet
[50 of 81] Compiling Gogol.AndroidEnterprise.Enterprises.List
[51 of 81] Compiling Gogol.AndroidEnterprise.Enterprises.GetStoreLayout
[52 of 81] Compiling Gogol.AndroidEnterprise.Enterprises.GetServiceAccount
[53 of 81] Compiling Gogol.AndroidEnterprise.Enterprises.Get
[54 of 81] Compiling Gogol.AndroidEnterprise.Enterprises.GenerateSignupUrl
[55 of 81] Compiling Gogol.AndroidEnterprise.Enterprises.GenerateEnterpriseUpgradeUrl
[56 of 81] Compiling Gogol.AndroidEnterprise.Enterprises.Enroll
[57 of 81] Compiling Gogol.AndroidEnterprise.Enterprises.CreateWebToken
[58 of 81] Compiling Gogol.AndroidEnterprise.Enterprises.CompleteSignup
[59 of 81] Compiling Gogol.AndroidEnterprise.Enterprises.AcknowledgeNotificationSet
[60 of 81] Compiling Gogol.AndroidEnterprise.EnrollmentTokens.Create
[61 of 81] Compiling Gogol.AndroidEnterprise.Devices.Update
[62 of 81] Compiling Gogol.AndroidEnterprise.Devices.SetState
[63 of 81] Compiling Gogol.AndroidEnterprise.Devices.List
[64 of 81] Compiling Gogol.AndroidEnterprise.Devices.GetState
[65 of 81] Compiling Gogol.AndroidEnterprise.Devices.Get
[66 of 81] Compiling Gogol.AndroidEnterprise.Devices.ForceReportUpload
[67 of 81] Compiling Gogol.AndroidEnterprise.Users.Delete
[68 of 81] Compiling Gogol.AndroidEnterprise.Users.GenerateAuthenticationToken
[69 of 81] Compiling Gogol.AndroidEnterprise.Users.Get
[70 of 81] Compiling Gogol.AndroidEnterprise.Users.GetAvailableProductSet
[71 of 81] Compiling Gogol.AndroidEnterprise.Users.Insert
[72 of 81] Compiling Gogol.AndroidEnterprise.Users.List
[73 of 81] Compiling Gogol.AndroidEnterprise.Users.RevokeDeviceAccess
[74 of 81] Compiling Gogol.AndroidEnterprise.Users.SetAvailableProductSet
[75 of 81] Compiling Gogol.AndroidEnterprise.Users.Update
[76 of 81] Compiling Gogol.AndroidEnterprise.Webapps.Delete
[77 of 81] Compiling Gogol.AndroidEnterprise.Webapps.Get
[78 of 81] Compiling Gogol.AndroidEnterprise.Webapps.Insert
[79 of 81] Compiling Gogol.AndroidEnterprise.Webapps.List
[80 of 81] Compiling Gogol.AndroidEnterprise.Webapps.Update
[81 of 81] Compiling Gogol.AndroidEnterprise
