Warning: The package description file ./integration.cabal has warnings:
integration.cabal:21:36: version operators used. To use version operators the
package needs to specify at least 'cabal-version: >= 1.8'.
integration.cabal:22:38: version operators used. To use version operators the
package needs to specify at least 'cabal-version: >= 1.8'.
Warning: The package description file
/tmp/workdir-integration/integration-0.2.1/integration.cabal has warnings:
/tmp/workdir-integration/integration-0.2.1/integration.cabal:21:36: version
operators used. To use version operators the package needs to specify at least
'cabal-version: >= 1.8'.
/tmp/workdir-integration/integration-0.2.1/integration.cabal:22:38: version
operators used. To use version operators the package needs to specify at least
'cabal-version: >= 1.8'.
Resolving dependencies...
Build profile: -w ghc-9.10.2 -O1
In order, the following will be built (use -v for more details):
 - integration-0.2.1 (lib:integration) (first run)
Warning: integration.cabal:21:36: version operators used. To use version
operators the package needs to specify at least 'cabal-version: >= 1.8'.
Warning: integration.cabal:22:38: version operators used. To use version
operators the package needs to specify at least 'cabal-version: >= 1.8'.
Configuring integration-0.2.1...
Warning: [git-protocol] Cloning over git:// might lead to an arbitrary code
execution vulnerability. Furthermore, popular forges like GitHub do not
support it. Use https:// or ssh:// instead.
Preprocessing library for integration-0.2.1...
Building library for integration-0.2.1...
[1 of 1] Compiling Numeric.Integration.TanhSinh
src/Numeric/Integration/TanhSinh.hs:60:1: warning: [GHC-66111] [-Wunused-imports]
    The import of ‘Data.List’ is redundant
      except perhaps to import instances from ‘Data.List’
    To import instances alone, use: import Data.List()
   |
60 | import Data.List (foldl')
   | ^^^^^^^^^^^^^^^^^^^^^^^^^

