Resolving dependencies...
Build profile: -w ghc-9.10.2 -O1
In order, the following will be built (use -v for more details):
 - leancheck-instances-0.0.8 (lib) (first run)
 - leancheck-instances-0.0.8 (test:text-) (first run)
 - leancheck-instances-0.0.8 (test:main) (first run)
Configuring library for leancheck-instances-0.0.8...
Preprocessing library for leancheck-instances-0.0.8...
Building library for leancheck-instances-0.0.8...
[1 of 9] Compiling Test.LeanCheck.Instances.Array
[2 of 9] Compiling Test.LeanCheck.Instances.ByteString
[3 of 9] Compiling Test.LeanCheck.Instances.Containers
[4 of 9] Compiling Test.LeanCheck.Instances.Natural
[5 of 9] Compiling Test.LeanCheck.Instances.Text
[6 of 9] Compiling Test.LeanCheck.Instances.Time
[7 of 9] Compiling Test.LeanCheck.Instances.Void
[8 of 9] Compiling Test.LeanCheck.Instances
[9 of 9] Compiling Test.LeanCheck.WithInstances
Configuring test suite 'text-' for leancheck-instances-0.0.8...
Preprocessing test suite 'text-' for leancheck-instances-0.0.8...
Building test suite 'text-' for leancheck-instances-0.0.8...
[1 of 1] Compiling Main
[2 of 2] Linking dist-newstyle/build/x86_64-linux/ghc-9.10.2/leancheck-instances-0.0.8/t/text-/build/text-/text-
Configuring test suite 'main' for leancheck-instances-0.0.8...
Preprocessing test suite 'main' for leancheck-instances-0.0.8...
Building test suite 'main' for leancheck-instances-0.0.8...
[1 of 1] Compiling Main
[2 of 2] Linking dist-newstyle/build/x86_64-linux/ghc-9.10.2/leancheck-instances-0.0.8/t/main/build/main/main
