Resolving dependencies...
Build profile: -w ghc-9.10.2 -O1
In order, the following will be built (use -v for more details):
 - hedgehog-fakedata-0.0.1.5 (lib) (first run)
 - hedgehog-fakedata-0.0.1.5 (test:specs) (first run)
Configuring library for hedgehog-fakedata-0.0.1.5...
Preprocessing library for hedgehog-fakedata-0.0.1.5...
Building library for hedgehog-fakedata-0.0.1.5...
[1 of 1] Compiling Hedgehog.Gen.Faker
Configuring test suite 'specs' for hedgehog-fakedata-0.0.1.5...
Preprocessing test suite 'specs' for hedgehog-fakedata-0.0.1.5...
Building test suite 'specs' for hedgehog-fakedata-0.0.1.5...
[1 of 1] Compiling Main
test/Main.hs:3:1: warning: [GHC-66111] [-Wunused-imports]
    The import of ‘Hedgehog’ is redundant
      except perhaps to import instances from ‘Hedgehog’
    To import instances alone, use: import Hedgehog()
  |
3 | import Hedgehog
  | ^^^^^^^^^^^^^^^

test/Main.hs:4:1: warning: [GHC-66111] [-Wunused-imports]
    The import of ‘Faker’ is redundant
      except perhaps to import instances from ‘Faker’
    To import instances alone, use: import Faker()
  |
4 | import Faker
  | ^^^^^^^^^^^^

[2 of 2] Linking dist-newstyle/build/x86_64-linux/ghc-9.10.2/hedgehog-fakedata-0.0.1.5/t/specs/build/specs/specs
