Resolving dependencies...
Build profile: -w ghc-9.10.2 -O1
In order, the following will be built (use -v for more details):
 - polyparse-1.13 (lib) (first run)
Configuring library for polyparse-1.13...
Preprocessing library for polyparse-1.13...
Building library for polyparse-1.13...
[ 1 of 18] Compiling Text.ParserCombinators.HuttonMeijer
[ 2 of 18] Compiling Text.ParserCombinators.HuttonMeijerWallace
[ 3 of 18] Compiling Text.ParserCombinators.Poly.Base
src/Text/ParserCombinators/Poly/Base.hs:3:19: warning: [GHC-94817] [-Wtabs]
    Tab character found here, and in 14 further locations.
    Suggested fix: Please use spaces instead.
  |
3 |     Commitment(..)      -- class of all two-level-error values
  |                   ^^^^^^

[ 4 of 18] Compiling Text.ParserCombinators.Poly.Result
src/Text/ParserCombinators/Poly/Result.hs:3:15: warning: [GHC-94817] [-Wtabs]
    Tab character found here.
    Suggested fix: Please use spaces instead.
  |
3 |     Result(..)  -- A parsing result type, with Success, Failure, and Commitment.
  |               ^^

[ 5 of 18] Compiling Text.ParserCombinators.Poly.Parser
src/Text/ParserCombinators/Poly/Parser.hs:7:14: warning: [GHC-94817] [-Wtabs]
    Tab character found here, and in 8 further locations.
    Suggested fix: Please use spaces instead.
  |
7 |     Parser(P)   -- datatype, instance of: Functor, Monad, PolyParse
  |              ^^^

[ 6 of 18] Compiling Text.ParserCombinators.Poly.Plain
src/Text/ParserCombinators/Poly/Plain.hs:3:14: warning: [GHC-94817] [-Wtabs]
    Tab character found here, and in 9 further locations.
    Suggested fix: Please use spaces instead.
  |
3 |     Parser(P)   -- datatype, instance of: Functor, Monad, PolyParse
  |              ^^^

[ 7 of 18] Compiling Text.ParserCombinators.Poly
[ 8 of 18] Compiling Text.Parse
src/Text/Parse.hs:4:15: warning: [GHC-94817] [-Wtabs]
    Tab character found here, and in 12 further locations.
    Suggested fix: Please use spaces instead.
  |
4 |     TextParser  -- synonym for Parser Char, i.e. string input, no state
  |               ^^

src/Text/Parse.hs:255:22: warning: [GHC-47082] [-Woperator-whitespace-ext-conflict]
    The prefix use of a ‘%’ would denote a multiplicity annotation
      were the LinearTypes extension enabled.
    Suggested fix: Add whitespace after the ‘%’.
    |
255 |                   . (%1) .  (\ (Right x)->x) . fst
    |                      ^

src/Text/Parse.hs:400:36: warning: [GHC-63394] [-Wx-partial]
    In the use of ‘head’
    (imported from Prelude, but defined in GHC.Internal.List):
    "This is a partial function, it throws an error on empty lists. Use pattern matching, 'Data.List.uncons' or 'Data.Maybe.listToMaybe' instead. Consider refactoring to use "Data.List.NonEmpty"."
    |
400 |     parseList = do { w <- word; if head w == '"' then return (init (tail w))
    |                                    ^^^^

src/Text/Parse.hs:400:69: warning: [GHC-63394] [-Wx-partial]
    In the use of ‘tail’
    (imported from Prelude, but defined in GHC.Internal.List):
    "This is a partial function, it throws an error on empty lists. Replace it with 'drop' 1, or use pattern matching or 'GHC.Internal.Data.List.uncons' instead. Consider refactoring to use "Data.List.NonEmpty"."
    |
400 |     parseList = do { w <- word; if head w == '"' then return (init (tail w))
    |                                                                     ^^^^

[ 9 of 18] Compiling Text.ParserCombinators.Poly.Lex
src/Text/ParserCombinators/Poly/Lex.hs:96:18: warning: [GHC-94817] [-Wtabs]
    Tab character found here.
    Suggested fix: Please use spaces instead.
   |
96 | infixl 6 `onFail`       -- not sure about precedence 6?
   |                  ^^^^^^^

[10 of 18] Compiling Text.ParserCombinators.Poly.Lazy
src/Text/ParserCombinators/Poly/Lazy.hs:4:14: warning: [GHC-94817] [-Wtabs]
    Tab character found here, and in 8 further locations.
    Suggested fix: Please use spaces instead.
  |
4 |     Parser(P)   -- datatype, instance of: Functor, Monad, PolyParse
  |              ^^^

[11 of 18] Compiling Text.ParserCombinators.Poly.ByteStringChar
[12 of 18] Compiling Text.Parse.ByteString
src/Text/Parse/ByteString.hs:5:15: warning: [GHC-94817] [-Wtabs]
    Tab character found here, and in 13 further locations.
    Suggested fix: Please use spaces instead.
  |
5 |     TextParser  -- synonym for Text.ParserCombinators.Poly.ByteString
  |               ^^

src/Text/Parse/ByteString.hs:304:22: warning: [GHC-47082] [-Woperator-whitespace-ext-conflict]
    The prefix use of a ‘%’ would denote a multiplicity annotation
      were the LinearTypes extension enabled.
    Suggested fix: Add whitespace after the ‘%’.
    |
304 |                   . (%1) .  (\ (Right x)->x) . fst
    |                      ^

src/Text/Parse/ByteString.hs:440:36: warning: [GHC-63394] [-Wx-partial]
    In the use of ‘head’
    (imported from Prelude, but defined in GHC.Internal.List):
    "This is a partial function, it throws an error on empty lists. Use pattern matching, 'Data.List.uncons' or 'Data.Maybe.listToMaybe' instead. Consider refactoring to use "Data.List.NonEmpty"."
    |
440 |     parseList = do { w <- word; if head w == '"' then return (init (tail w))
    |                                    ^^^^

src/Text/Parse/ByteString.hs:440:69: warning: [GHC-63394] [-Wx-partial]
    In the use of ‘tail’
    (imported from Prelude, but defined in GHC.Internal.List):
    "This is a partial function, it throws an error on empty lists. Replace it with 'drop' 1, or use pattern matching or 'GHC.Internal.Data.List.uncons' instead. Consider refactoring to use "Data.List.NonEmpty"."
    |
440 |     parseList = do { w <- word; if head w == '"' then return (init (tail w))
    |                                                                     ^^^^

[13 of 18] Compiling Text.ParserCombinators.Poly.ByteString
[14 of 18] Compiling Text.ParserCombinators.Poly.StateParser
src/Text/ParserCombinators/Poly/StateParser.hs:7:14: warning: [GHC-94817] [-Wtabs]
    Tab character found here, and in 7 further locations.
    Suggested fix: Please use spaces instead.
  |
7 |     Parser(P)   -- datatype, instance of: Functor, Monad, PolyParse
  |              ^^^

[15 of 18] Compiling Text.ParserCombinators.Poly.StateLazy
src/Text/ParserCombinators/Poly/StateLazy.hs:4:14: warning: [GHC-94817] [-Wtabs]
    Tab character found here, and in 8 further locations.
    Suggested fix: Please use spaces instead.
  |
4 |     Parser(P)   -- datatype, instance of: Functor, Monad, PolyParse
  |              ^^^

[16 of 18] Compiling Text.ParserCombinators.Poly.State
src/Text/ParserCombinators/Poly/State.hs:3:14: warning: [GHC-94817] [-Wtabs]
    Tab character found here, and in 8 further locations.
    Suggested fix: Please use spaces instead.
  |
3 |     Parser(P)   -- datatype, instance of: Functor, Monad, PolyParse
  |              ^^^

[17 of 18] Compiling Text.ParserCombinators.Poly.StateText
[18 of 18] Compiling Text.ParserCombinators.Poly.Text
