Resolving dependencies...
Build profile: -w ghc-9.10.2 -O1
In order, the following will be built (use -v for more details):
 - redact-0.6.0.0 (lib) (first run)
 - redact-0.6.0.0 (test:redact-test) (first run)
 - redact-0.6.0.0 (exe:redact) (first run)
Configuring library for redact-0.6.0.0...
Preprocessing library for redact-0.6.0.0...
Building library for redact-0.6.0.0...
[1 of 7] Compiling Paths_redact
[2 of 7] Compiling Redact
[3 of 7] Compiling Redact.Types
[4 of 7] Compiling Redact.Monad.Terminal
[5 of 7] Compiling Redact.Monad.Handle
[6 of 7] Compiling Redact.Internal
[7 of 7] Compiling Redact.Markdown
Configuring test suite 'redact-test' for redact-0.6.0.0...
Preprocessing test suite 'redact-test' for redact-0.6.0.0...
Building test suite 'redact-test' for redact-0.6.0.0...
[ 1 of 23] Compiling Redact.Markdown.Test
[ 2 of 23] Compiling Test.HMock.Internal.Util
[ 3 of 23] Compiling Test.HMock.Internal.TH
[ 4 of 23] Compiling Test.HMock.Multiplicity
[ 5 of 23] Compiling Test.HMock.Internal.ExpectSet
[ 6 of 23] Compiling Test.HMock.Internal.State[boot]
[ 7 of 23] Compiling Test.HMock.Mockable
[ 8 of 23] Compiling Test.HMock.Internal.Rule
[ 9 of 23] Compiling Test.HMock.Rule
[10 of 23] Compiling Test.HMock.ExpectContext
[11 of 23] Compiling Test.HMock.Internal.Step
[12 of 23] Compiling Test.HMock.Internal.State
[13 of 23] Compiling Test.HMock.MockT
[14 of 23] Compiling Test.HMock.MockMethod
test/Test/HMock/MockMethod.hs:90:67: warning: [GHC-63394] [-Wx-partial]
    In the use of ‘head’
    (imported from Prelude, but defined in GHC.Internal.List):
    "This is a partial function, it throws an error on empty lists. Use pattern matching, 'Data.List.uncons' or 'Data.Maybe.listToMaybe' instead. Consider refactoring to use "Data.List.NonEmpty"."
   |
90 |     ambigSev <- mockSetupSTM $ readTVar . mockAmbiguitySeverity . head $ states
   |                                                                   ^^^^

test/Test/HMock/MockMethod.hs:92:61: warning: [GHC-63394] [-Wx-partial]
    In the use of ‘head’
    (imported from Prelude, but defined in GHC.Internal.List):
    "This is a partial function, it throws an error on empty lists. Use pattern matching, 'Data.List.uncons' or 'Data.Maybe.listToMaybe' instead. Consider refactoring to use "Data.List.NonEmpty"."
   |
92 |       mockSetupSTM $ readTVar . mockUninterestingSeverity . head $ states
   |                                                             ^^^^

test/Test/HMock/MockMethod.hs:93:68: warning: [GHC-63394] [-Wx-partial]
    In the use of ‘head’
    (imported from Prelude, but defined in GHC.Internal.List):
    "This is a partial function, it throws an error on empty lists. Use pattern matching, 'Data.List.uncons' or 'Data.Maybe.listToMaybe' instead. Consider refactoring to use "Data.List.NonEmpty"."
   |
93 |     unexpSev <- mockSetupSTM $ readTVar . mockUnexpectedSeverity . head $ states
   |                                                                    ^^^^

[15 of 23] Compiling Test.Predicates.Internal.FlowMatcher
[16 of 23] Compiling Test.Predicates.Internal.Util
[17 of 23] Compiling Test.Predicates
test/Test/Predicates.hs:1129:15: warning: [GHC-53633] [-Woverlapping-patterns]
    Pattern match is redundant
    In a multi-way if alternative: | signum x < 0 -> ...
     |
1129 |             | signum x < 0 -> "value is positive"
     |               ^^^^^^^^^^^^

[18 of 23] Compiling Test.HMock.TH
test/Test/HMock/TH.hs:29:19: warning: [GHC-38856] [-Wunused-imports]
    The import of ‘foldl'’ from module ‘Data.List’ is redundant
   |
29 | import Data.List (foldl', (\\))
   |                   ^^^^^^

[19 of 23] Compiling Test.HMock
[20 of 23] Compiling TestLib
[21 of 23] Compiling Redact.Monad.Terminal.Mock
[22 of 23] Compiling Redact.Markdown.Mock
[23 of 23] Compiling Main
[24 of 24] Linking dist-newstyle/build/x86_64-linux/ghc-9.10.2/redact-0.6.0.0/t/redact-test/build/redact-test/redact-test
Configuring executable 'redact' for redact-0.6.0.0...
Preprocessing executable 'redact' for redact-0.6.0.0...
Building executable 'redact' for redact-0.6.0.0...
[1 of 2] Compiling LibOA
[2 of 2] Compiling Main
[3 of 3] Linking dist-newstyle/build/x86_64-linux/ghc-9.10.2/redact-0.6.0.0/x/redact/build/redact/redact
