Resolving dependencies...
Build profile: -w ghc-9.10.2 -O1
In order, the following will be built (use -v for more details):
 - yi-0.19.3 (exe:yi) (first run)
Configuring executable 'yi' for yi-0.19.3...
Preprocessing executable 'yi' for yi-0.19.3...
Building executable 'yi' for yi-0.19.3...
/tmp/ghc2812638-18.rsp: warning: [GHC-53692] [-Wdeprecated-flags]
    -eventlog is deprecated: the eventlog is now enabled in all runtime system ways

[1 of 1] Compiling Main
Main.hs:7:1-38: warning: [GHC-66111] [-Wunused-imports]
    The import of ‘Data.Monoid’ is redundant
      except perhaps to import instances from ‘Data.Monoid’
    To import instances alone, use: import Data.Monoid()
  |
7 | import Data.Monoid              ((<>))
  | ^^^^^^^^^^^^^^^^^^^^^^^^^^^^^^^^^^^^^^

Main.hs:15:1-35: warning: [GHC-66111] [-Wunused-imports]
    The import of ‘Yi.Buffer.Misc’ is redundant
      except perhaps to import instances from ‘Yi.Buffer.Misc’
    To import instances alone, use: import Yi.Buffer.Misc()
   |
15 | import Yi.Buffer.Misc (lineMoveRel)
   | ^^^^^^^^^^^^^^^^^^^^^^^^^^^^^^^^^^^

Main.hs:110:21-24: warning: [GHC-63394] [-Wx-partial]
    In the use of ‘head’
    (imported from Prelude, but defined in GHC.Internal.List):
    "This is a partial function, it throws an error on empty lists. Use pattern matching, 'Data.List.uncons' or 'Data.Maybe.listToMaybe' instead. Consider refactoring to use "Data.List.NonEmpty"."
    |
110 |     Nothing -> snd (head frontends)
    |                     ^^^^

Main.hs:114:21-24: warning: [GHC-63394] [-Wx-partial]
    In the use of ‘head’
    (imported from Prelude, but defined in GHC.Internal.List):
    "This is a partial function, it throws an error on empty lists. Use pattern matching, 'Data.List.uncons' or 'Data.Maybe.listToMaybe' instead. Consider refactoring to use "Data.List.NonEmpty"."
    |
114 |     Nothing -> snd (head keymaps)
    |                     ^^^^

/tmp/ghc2812638-19.rsp: warning: [GHC-53692] [-Wdeprecated-flags]
    -eventlog is deprecated: the eventlog is now enabled in all runtime system ways

[2 of 2] Linking dist-newstyle/build/x86_64-linux/ghc-9.10.2/yi-0.19.3/x/yi/build/yi/yi
