Resolving dependencies...
Build profile: -w ghc-9.10.2 -O1
In order, the following will be built (use -v for more details):
 - jsonifier-0.2.1.3 (lib) (first run)
 - jsonifier-0.2.1.3 (test:test) (first run)
 - jsonifier-0.2.1.3 (test:demo) (first run)
Configuring library for jsonifier-0.2.1.3...
Warning: [git-protocol] Cloning over git:// might lead to an arbitrary code
execution vulnerability. Furthermore, popular forges like GitHub do not
support it. Use https:// or ssh:// instead.
Preprocessing library for jsonifier-0.2.1.3...
Building library for jsonifier-0.2.1.3...
[1 of 7] Compiling Jsonifier.Prelude
[2 of 7] Compiling Jsonifier.Ffi
[3 of 7] Compiling Jsonifier.Text
[4 of 7] Compiling Jsonifier.Size
[5 of 7] Compiling Jsonifier.Poke
[6 of 7] Compiling Jsonifier.Write
[7 of 7] Compiling Jsonifier
Configuring test suite 'test' for jsonifier-0.2.1.3...
Warning: [git-protocol] Cloning over git:// might lead to an arbitrary code
execution vulnerability. Furthermore, popular forges like GitHub do not
support it. Use https:// or ssh:// instead.
Preprocessing test suite 'test' for jsonifier-0.2.1.3...
Building test suite 'test' for jsonifier-0.2.1.3...
[1 of 2] Compiling Main.Util.HedgehogGens
[2 of 2] Compiling Main
[3 of 3] Linking dist-newstyle/build/x86_64-linux/ghc-9.10.2/jsonifier-0.2.1.3/t/test/build/test/test
Configuring test suite 'demo' for jsonifier-0.2.1.3...
Warning: [git-protocol] Cloning over git:// might lead to an arbitrary code
execution vulnerability. Furthermore, popular forges like GitHub do not
support it. Use https:// or ssh:// instead.
Preprocessing test suite 'demo' for jsonifier-0.2.1.3...
Building test suite 'demo' for jsonifier-0.2.1.3...
[1 of 1] Compiling Main
[2 of 2] Linking dist-newstyle/build/x86_64-linux/ghc-9.10.2/jsonifier-0.2.1.3/t/demo/build/demo/demo
