Resolving dependencies...
Build profile: -w ghc-9.10.2 -O1
In order, the following will be built (use -v for more details):
 - envparse-0.6.0 (lib) (first run)
 - envparse-0.6.0 (test:spec) (first run)
Configuring library for envparse-0.6.0...
Preprocessing library for envparse-0.6.0...
Building library for envparse-0.6.0...
[1 of 7] Compiling Env.Internal.Error
[2 of 7] Compiling Env.Internal.Free
[3 of 7] Compiling Env.Internal.Val
src/Env/Internal/Val.hs:13:1: warning: [GHC-66111] [-Wunused-imports]
    The import of ‘Data.Monoid’ is redundant
      except perhaps to import instances from ‘Data.Monoid’
    To import instances alone, use: import Data.Monoid()
   |
13 | import Data.Monoid ((<>))
   | ^^^^^^^^^^^^^^^^^^^^^^^^^

[4 of 7] Compiling Env.Internal.Parser
src/Env/Internal/Parser.hs:36:1: warning: [GHC-66111] [-Wunused-imports]
    The import of ‘Control.Monad’ is redundant
      except perhaps to import instances from ‘Control.Monad’
    To import instances alone, use: import Control.Monad()
   |
36 | import           Control.Monad ((<=<))
   | ^^^^^^^^^^^^^^^^^^^^^^^^^^^^^^^^^^^^^^

src/Env/Internal/Parser.hs:45:1: warning: [GHC-66111] [-Wunused-imports]
    The import of ‘Data.Semigroup’ is redundant
      except perhaps to import instances from ‘Data.Semigroup’
    To import instances alone, use: import Data.Semigroup()
   |
45 | import           Data.Semigroup (Semigroup(..))
   | ^^^^^^^^^^^^^^^^^^^^^^^^^^^^^^^^^^^^^^^^^^^^^^^

[5 of 7] Compiling Env.Internal.Help
src/Env/Internal/Help.hs:39:9: warning: [GHC-63397] [-Wname-shadowing]
    This binding for ‘widthMax’ shadows the existing binding
      defined at src/Env/Internal/Help.hs:129:1
   |
39 | helpDoc widthMax p =
   |         ^^^^^^^^

src/Env/Internal/Help.hs:43:15: warning: [GHC-63397] [-Wname-shadowing]
    This binding for ‘widthMax’ shadows the existing binding
      defined at src/Env/Internal/Help.hs:129:1
   |
43 | helpParserDoc widthMax =
   |               ^^^^^^^^

src/Env/Internal/Help.hs:47:13: warning: [GHC-63397] [-Wname-shadowing]
    This binding for ‘widthMax’ shadows the existing binding
      defined at src/Env/Internal/Help.hs:129:1
   |
47 | helpVarfDoc widthMax VarF {varfName, varfHelp, varfHelpDef} =
   |             ^^^^^^^^

[6 of 7] Compiling Env
src/Env.hs:91:33: warning: [GHC-38856] [-Wunused-imports]
    The import of ‘asum’ from module ‘Data.Foldable’ is redundant
   |
91 | import           Data.Foldable (asum, for_)
   |                                 ^^^^

src/Env.hs:95:1: warning: [GHC-66111] [-Wunused-imports]
    The import of ‘Data.Monoid’ is redundant
      except perhaps to import instances from ‘Data.Monoid’
    To import instances alone, use: import Data.Monoid()
   |
95 | import           Data.Monoid ((<>))
   | ^^^^^^^^^^^^^^^^^^^^^^^^^^^^^^^^^^^

[7 of 7] Compiling Env.Generic
src/Env/Generic.hs:106:39: warning: [GHC-38856] [-Wunused-imports]
    The import of ‘liftA2’
    from module ‘Control.Applicative’ is redundant
    |
106 | import           Control.Applicative (liftA2, (<|>))
    |                                       ^^^^^^

Configuring test suite 'spec' for envparse-0.6.0...
Preprocessing test suite 'spec' for envparse-0.6.0...
Building test suite 'spec' for envparse-0.6.0...
[1 of 4] Compiling Env.GenericSpec
[2 of 4] Compiling Env.Internal.ParserSpec
[3 of 4] Compiling EnvSpec
[4 of 4] Compiling Main
[5 of 5] Linking dist-newstyle/build/x86_64-linux/ghc-9.10.2/envparse-0.6.0/t/spec/build/spec/spec
