Resolving dependencies...
Build profile: -w ghc-9.10.2 -O1
In order, the following will be built (use -v for more details):
 - tmp-proc-0.7.2.2 (lib) (first run)
 - tmp-proc-0.7.2.2 (test:integration-test) (first run)
Configuring library for tmp-proc-0.7.2.2...
Preprocessing library for tmp-proc-0.7.2.2...
Building library for tmp-proc-0.7.2.2...
[1 of 5] Compiling System.TmpProc.TypeLevel.Sort
[2 of 5] Compiling System.TmpProc.TypeLevel
[3 of 5] Compiling System.TmpProc.Docker
[4 of 5] Compiling System.TmpProc.Warp
[5 of 5] Compiling System.TmpProc
Configuring test suite 'integration-test' for tmp-proc-0.7.2.2...
Preprocessing test suite 'integration-test' for tmp-proc-0.7.2.2...
Building test suite 'integration-test' for tmp-proc-0.7.2.2...
[ 1 of 10] Compiling Network.Connection.CPP
[ 2 of 10] Compiling Paths_tmp_proc
[ 3 of 10] Compiling Test.Hspec.TmpProc
[ 4 of 10] Compiling Test.NginxGateway
test/Test/NginxGateway.hs:35:1: warning: [GHC-66111] [-Wunused-imports]
    The import of ‘Network.TLS’ is redundant
      except perhaps to import instances from ‘Network.TLS’
    To import instances alone, use: import Network.TLS()
   |
35 | import Network.TLS (ClientParams (..), HostName, Shared (..), Supported (..), defaultParamsClient)
   | ^^^^^^^^^^^^^^^^^^^^^^^^^^^^^^^^^^^^^^^^^^^^^^^^^^^^^^^^^^^^^^^^^^^^^^^^^^^^^^^^^^^^^^^^^^^^^^^^^^

test/Test/NginxGateway.hs:36:1: warning: [GHC-66111] [-Wunused-imports]
    The import of ‘Network.TLS.Extra’ is redundant
      except perhaps to import instances from ‘Network.TLS.Extra’
    To import instances alone, use: import Network.TLS.Extra()
   |
36 | import Network.TLS.Extra (ciphersuite_default)
   | ^^^^^^^^^^^^^^^^^^^^^^^^^^^^^^^^^^^^^^^^^^^^^^

test/Test/NginxGateway.hs:54:1: warning: [GHC-66111] [-Wunused-imports]
    The import of ‘System.X509’ is redundant
      except perhaps to import instances from ‘System.X509’
    To import instances alone, use: import System.X509()
   |
54 | import System.X509 (getSystemCertificateStore)
   | ^^^^^^^^^^^^^^^^^^^^^^^^^^^^^^^^^^^^^^^^^^^^^^

[ 5 of 10] Compiling Test.HttpBin
[ 6 of 10] Compiling Test.SimpleServer
[ 7 of 10] Compiling Test.System.TmpProc.Hspec
[ 8 of 10] Compiling Test.System.TmpProc.HttpBinSpec
[ 9 of 10] Compiling Test.System.TmpProc.WarpSpec
[10 of 10] Compiling Main
[11 of 11] Linking /tmp/workdir-tmp-proc/tmp-proc-0.7.2.2/dist-newstyle/build/x86_64-linux/ghc-9.10.2/tmp-proc-0.7.2.2/t/integration-test/build/integration-test/integration-test
