Resolving dependencies...
Build profile: -w ghc-9.10.2 -O1
In order, the following will be built (use -v for more details):
 - patrol-1.1.0.0 (lib) (first run)
 - patrol-1.1.0.0 (test:patrol-test-suite) (first run)
Configuring library for patrol-1.1.0.0...
Preprocessing library for patrol-1.1.0.0...
Building library for patrol-1.1.0.0...
[ 1 of 58] Compiling Paths_patrol
[ 2 of 58] Compiling Patrol.Exception.Problem
[ 3 of 58] Compiling Patrol.Extra.Aeson
[ 4 of 58] Compiling Patrol.Extra.List
[ 5 of 58] Compiling Patrol.Type.AppContext
[ 6 of 58] Compiling Patrol.Type.AppleDebugImage
[ 7 of 58] Compiling Patrol.Type.BreadcrumbType
[ 8 of 58] Compiling Patrol.Type.BrowserContext
[ 9 of 58] Compiling Patrol.Type.CError
[10 of 58] Compiling Patrol.Type.ClientSdkPackage
[11 of 58] Compiling Patrol.Type.DeviceContext
[12 of 58] Compiling Patrol.Type.ErrorType
[13 of 58] Compiling Patrol.Type.EventId
[14 of 58] Compiling Patrol.Type.EventProcessingError
[15 of 58] Compiling Patrol.Type.EventType
[16 of 58] Compiling Patrol.Type.Geo
[17 of 58] Compiling Patrol.Type.GpuContext
[18 of 58] Compiling Patrol.Type.Headers
[19 of 58] Compiling Patrol.Type.Level
[20 of 58] Compiling Patrol.Type.Breadcrumb
[21 of 58] Compiling Patrol.Type.Breadcrumbs
[22 of 58] Compiling Patrol.Type.LogEntry
[23 of 58] Compiling Patrol.Type.MachException
[24 of 58] Compiling Patrol.Type.NativeDebugImage
[25 of 58] Compiling Patrol.Type.NsError
[26 of 58] Compiling Patrol.Type.OsContext
[27 of 58] Compiling Patrol.Type.Platform
[28 of 58] Compiling Patrol.Type.Frame
[29 of 58] Compiling Patrol.Type.PosixSignal
[30 of 58] Compiling Patrol.Type.MechanismMeta
[31 of 58] Compiling Patrol.Type.Mechanism
[32 of 58] Compiling Patrol.Type.ProguardDebugImage
[33 of 58] Compiling Patrol.Type.DebugImage
[34 of 58] Compiling Patrol.Type.Request
[35 of 58] Compiling Patrol.Type.Response
[36 of 58] Compiling Patrol.Type.RuntimeContext
[37 of 58] Compiling Patrol.Type.SpanStatus
[38 of 58] Compiling Patrol.Type.Stacktrace
[39 of 58] Compiling Patrol.Type.Exception
[40 of 58] Compiling Patrol.Type.Exceptions
[41 of 58] Compiling Patrol.Type.SystemSdkInfo
[42 of 58] Compiling Patrol.Type.DebugMeta
[43 of 58] Compiling Patrol.Type.Thread
[44 of 58] Compiling Patrol.Type.Threads
[45 of 58] Compiling Patrol.Type.TraceContext
[46 of 58] Compiling Patrol.Type.Context
[47 of 58] Compiling Patrol.Type.TransactionSource
[48 of 58] Compiling Patrol.Type.TransactionInfo
[49 of 58] Compiling Patrol.Type.User
[50 of 58] Compiling Patrol.Version
[51 of 58] Compiling Patrol.Type.ClientSdkInfo
[52 of 58] Compiling Patrol.Constant
[53 of 58] Compiling Patrol.Type.Dsn
[54 of 58] Compiling Patrol.Type.Event
[55 of 58] Compiling Patrol.Type.Item
[56 of 58] Compiling Patrol.Type.Envelope
[57 of 58] Compiling Patrol.Client
[58 of 58] Compiling Patrol
Configuring test suite 'patrol-test-suite' for patrol-1.1.0.0...
Preprocessing test suite 'patrol-test-suite' for patrol-1.1.0.0...
Building test suite 'patrol-test-suite' for patrol-1.1.0.0...
[ 1 of 56] Compiling Patrol.ClientSpec
[ 2 of 56] Compiling Patrol.ConstantSpec
[ 3 of 56] Compiling Patrol.Extra.AesonSpec
[ 4 of 56] Compiling Patrol.Extra.ListSpec
[ 5 of 56] Compiling Patrol.Type.AppContextSpec
[ 6 of 56] Compiling Patrol.Type.AppleDebugImageSpec
[ 7 of 56] Compiling Patrol.Type.BreadcrumbSpec
[ 8 of 56] Compiling Patrol.Type.BreadcrumbTypeSpec
[ 9 of 56] Compiling Patrol.Type.BreadcrumbsSpec
[10 of 56] Compiling Patrol.Type.BrowserContextSpec
[11 of 56] Compiling Patrol.Type.CErrorSpec
[12 of 56] Compiling Patrol.Type.ClientSdkInfoSpec
[13 of 56] Compiling Patrol.Type.ClientSdkPackageSpec
[14 of 56] Compiling Patrol.Type.ContextSpec
[15 of 56] Compiling Patrol.Type.DebugImageSpec
[16 of 56] Compiling Patrol.Type.DebugMetaSpec
[17 of 56] Compiling Patrol.Type.DeviceContextSpec
[18 of 56] Compiling Patrol.Type.DsnSpec
[19 of 56] Compiling Patrol.Type.EnvelopeSpec
[20 of 56] Compiling Patrol.Type.ErrorTypeSpec
[21 of 56] Compiling Patrol.Type.EventIdSpec
[22 of 56] Compiling Patrol.Type.EventProcessingErrorSpec
[23 of 56] Compiling Patrol.Type.EventSpec
[24 of 56] Compiling Patrol.Type.EventTypeSpec
[25 of 56] Compiling Patrol.Type.ExceptionSpec
[26 of 56] Compiling Patrol.Type.ExceptionsSpec
[27 of 56] Compiling Patrol.Type.FrameSpec
[28 of 56] Compiling Patrol.Type.GeoSpec
[29 of 56] Compiling Patrol.Type.GpuContextSpec
[30 of 56] Compiling Patrol.Type.HeadersSpec
[31 of 56] Compiling Patrol.Type.ItemSpec
[32 of 56] Compiling Patrol.Type.LevelSpec
[33 of 56] Compiling Patrol.Type.LogEntrySpec
[34 of 56] Compiling Patrol.Type.MachExceptionSpec
[35 of 56] Compiling Patrol.Type.MechanismMetaSpec
[36 of 56] Compiling Patrol.Type.MechanismSpec
[37 of 56] Compiling Patrol.Type.NativeDebugImageSpec
[38 of 56] Compiling Patrol.Type.NsErrorSpec
[39 of 56] Compiling Patrol.Type.OsContextSpec
[40 of 56] Compiling Patrol.Type.PlatformSpec
[41 of 56] Compiling Patrol.Type.PosixSignalSpec
[42 of 56] Compiling Patrol.Type.ProguardDebugImageSpec
[43 of 56] Compiling Patrol.Type.RequestSpec
[44 of 56] Compiling Patrol.Type.ResponseSpec
[45 of 56] Compiling Patrol.Type.RuntimeContextSpec
[46 of 56] Compiling Patrol.Type.SpanStatusSpec
[47 of 56] Compiling Patrol.Type.StacktraceSpec
[48 of 56] Compiling Patrol.Type.SystemSdkInfoSpec
[49 of 56] Compiling Patrol.Type.ThreadSpec
[50 of 56] Compiling Patrol.Type.ThreadsSpec
[51 of 56] Compiling Patrol.Type.TraceContextSpec
[52 of 56] Compiling Patrol.Type.TransactionInfoSpec
[53 of 56] Compiling Patrol.Type.TransactionSourceSpec
[54 of 56] Compiling Patrol.Type.UserSpec
[55 of 56] Compiling PatrolSpec
[56 of 56] Compiling Main
[57 of 57] Linking /tmp/workdir-patrol/patrol-1.1.0.0/dist-newstyle/build/x86_64-linux/ghc-9.10.2/patrol-1.1.0.0/t/patrol-test-suite/build/patrol-test-suite/patrol-test-suite
