Resolving dependencies...
Build profile: -w ghc-9.10.2 -O1
In order, the following will be built (use -v for more details):
 - http-media-0.8.1.1 (lib) (first run)
 - http-media-0.8.1.1 (test:test-http-media) (first run)
Configuring library for http-media-0.8.1.1...
Preprocessing library for http-media-0.8.1.1...
Building library for http-media-0.8.1.1...
[ 1 of 13] Compiling Network.HTTP.Media.Accept
[ 2 of 13] Compiling Network.HTTP.Media.RenderHeader
[ 3 of 13] Compiling Network.HTTP.Media.Quality
[ 4 of 13] Compiling Network.HTTP.Media.Language.Internal
[ 5 of 13] Compiling Network.HTTP.Media.Language
[ 6 of 13] Compiling Network.HTTP.Media.Utils
[ 7 of 13] Compiling Network.HTTP.Media.MediaType.Internal
[ 8 of 13] Compiling Network.HTTP.Media.MediaType
[ 9 of 13] Compiling Network.HTTP.Media.Encoding.Internal
[10 of 13] Compiling Network.HTTP.Media.Encoding
[11 of 13] Compiling Network.HTTP.Media.Charset.Internal
[12 of 13] Compiling Network.HTTP.Media.Charset
[13 of 13] Compiling Network.HTTP.Media
src/Network/HTTP/Media.hs:64:29: warning: [GHC-38856] [-Wunused-imports]
    The import of ‘foldl'’ from module ‘Data.Foldable’ is redundant
   |
64 | import Data.Foldable (find, foldl', maximumBy)
   |                             ^^^^^^

Configuring test suite 'test-http-media' for http-media-0.8.1.1...
Preprocessing test suite 'test-http-media' for http-media-0.8.1.1...
Building test suite 'test-http-media' for http-media-0.8.1.1...
[ 1 of 25] Compiling Network.HTTP.Media.Accept
[ 2 of 25] Compiling Network.HTTP.Media.RenderHeader
[ 3 of 25] Compiling Network.HTTP.Media.Quality
[ 4 of 25] Compiling Network.HTTP.Media.Language.Internal
[ 5 of 25] Compiling Network.HTTP.Media.Language
[ 6 of 25] Compiling Network.HTTP.Media.Utils
[ 7 of 25] Compiling Network.HTTP.Media.MediaType.Internal
[ 8 of 25] Compiling Network.HTTP.Media.MediaType
[ 9 of 25] Compiling Network.HTTP.Media.Gen
[10 of 25] Compiling Network.HTTP.Media.MediaType.Gen
[11 of 25] Compiling Network.HTTP.Media.MediaType.Tests
[12 of 25] Compiling Network.HTTP.Media.Language.Gen
[13 of 25] Compiling Network.HTTP.Media.Language.Tests
[14 of 25] Compiling Network.HTTP.Media.Accept.Tests
[15 of 25] Compiling Network.HTTP.Media.Encoding.Internal
[16 of 25] Compiling Network.HTTP.Media.Encoding.Gen
[17 of 25] Compiling Network.HTTP.Media.Encoding.Tests
[18 of 25] Compiling Network.HTTP.Media.Encoding
[19 of 25] Compiling Network.HTTP.Media.Charset.Internal
[20 of 25] Compiling Network.HTTP.Media.Charset.Gen
[21 of 25] Compiling Network.HTTP.Media.Charset
[22 of 25] Compiling Network.HTTP.Media.Charset.Tests
[23 of 25] Compiling Network.HTTP.Media
src/Network/HTTP/Media.hs:64:29: warning: [GHC-38856] [-Wunused-imports]
    The import of ‘foldl'’ from module ‘Data.Foldable’ is redundant
   |
64 | import Data.Foldable (find, foldl', maximumBy)
   |                             ^^^^^^

[24 of 25] Compiling Network.HTTP.Media.Tests
test/Network/HTTP/Media/Tests.hs:56:49: warning: [GHC-63394] [-Wx-partial]
    In the use of ‘tail’
    (imported from Prelude, but defined in GHC.Internal.List):
    "This is a partial function, it throws an error on empty lists. Replace it with 'drop' 1, or use pattern matching or 'GHC.Internal.Data.List.uncons' instead. Consider refactoring to use "Data.List.NonEmpty"."
   |
56 |     padConcat f l = flip (foldlM (padComma f)) (tail l) =<< f (head l)
   |                                                 ^^^^

test/Network/HTTP/Media/Tests.hs:56:64: warning: [GHC-63394] [-Wx-partial]
    In the use of ‘head’
    (imported from Prelude, but defined in GHC.Internal.List):
    "This is a partial function, it throws an error on empty lists. Use pattern matching, 'Data.List.uncons' or 'Data.Maybe.listToMaybe' instead. Consider refactoring to use "Data.List.NonEmpty"."
   |
56 |     padConcat f l = flip (foldlM (padComma f)) (tail l) =<< f (head l)
   |                                                                ^^^^

test/Network/HTTP/Media/Tests.hs:142:48: warning: [GHC-63394] [-Wx-partial]
    In the use of ‘head’
    (imported from Prelude, but defined in GHC.Internal.List):
    "This is a partial function, it throws an error on empty lists. Use pattern matching, 'Data.List.uncons' or 'Data.Maybe.listToMaybe' instead. Consider refactoring to use "Data.List.NonEmpty"."
    |
142 |         return $ match server client === Just (head server),
    |                                                ^^^^

test/Network/HTTP/Media/Tests.hs:148:23: warning: [GHC-63394] [-Wx-partial]
    In the use of ‘head’
    (imported from Prelude, but defined in GHC.Internal.List):
    "This is a partial function, it throws an error on empty lists. Use pattern matching, 'Data.List.uncons' or 'Data.Maybe.listToMaybe' instead. Consider refactoring to use "Data.List.NonEmpty"."
    |
148 |             === Just (head server),
    |                       ^^^^

test/Network/HTTP/Media/Tests.hs:151:52: warning: [GHC-63394] [-Wx-partial]
    In the use of ‘head’
    (imported from Prelude, but defined in GHC.Internal.List):
    "This is a partial function, it throws an error on empty lists. Use pattern matching, 'Data.List.uncons' or 'Data.Maybe.listToMaybe' instead. Consider refactoring to use "Data.List.NonEmpty"."
    |
151 |         let client = qToI [maxQuality (subStarOf $ head server)]
    |                                                    ^^^^

test/Network/HTTP/Media/Tests.hs:152:48: warning: [GHC-63394] [-Wx-partial]
    In the use of ‘head’
    (imported from Prelude, but defined in GHC.Internal.List):
    "This is a partial function, it throws an error on empty lists. Use pattern matching, 'Data.List.uncons' or 'Data.Maybe.listToMaybe' instead. Consider refactoring to use "Data.List.NonEmpty"."
    |
152 |         return $ match server client === Just (head server),
    |                                                ^^^^

[25 of 25] Compiling Main
[26 of 26] Linking dist-newstyle/build/x86_64-linux/ghc-9.10.2/http-media-0.8.1.1/t/test-http-media/build/test-http-media/test-http-media
