Resolving dependencies...
Build profile: -w ghc-9.10.2 -O1
In order, the following will be built (use -v for more details):
 - manifolds-core-0.6.1.1 (lib) (first run)
Configuring library for manifolds-core-0.6.1.1...
Preprocessing library for manifolds-core-0.6.1.1...
Building library for manifolds-core-0.6.1.1...
[1 of 5] Compiling Math.Manifold.VectorSpace.Scalar
Math/Manifold/VectorSpace/Scalar.hs:21:39: warning: [GHC-58520] [-Wtype-equality-requires-operators]
    The use of ‘~’ without TypeOperators
    will become an error in a future GHC release.
    Suggested fix: Perhaps you intended to use TypeOperators
   |
21 | class (VectorSpace s, Num s, Scalar s ~ s) => ScalarSpace s
   |                                       ^

Math/Manifold/VectorSpace/Scalar.hs:22:42: warning: [GHC-58520] [-Wtype-equality-requires-operators]
    The use of ‘~’ without TypeOperators
    will become an error in a future GHC release.
    Suggested fix: Perhaps you intended to use TypeOperators
   |
22 | instance (VectorSpace s, Num s, Scalar s ~ s) => ScalarSpace s
   |                                          ^

[2 of 5] Compiling Math.Manifold.VectorSpace.ZeroDimensional
[3 of 5] Compiling Math.Manifold.Core.Types.Internal
[4 of 5] Compiling Math.Manifold.Core.PseudoAffine
Math/Manifold/Core/PseudoAffine.hs:82:20: warning: [GHC-39567] [-Wstar-is-type]
    Using ‘*’ (or its Unicode variant) to mean ‘Data.Kind.Type’
    relies on the StarIsType extension, which will become
    deprecated in the future.
    Suggested fix: Use ‘Type’ from ‘Data.Kind’ instead.
   |
82 |   type Needle x :: *
   |                    ^

[5 of 5] Compiling Math.Manifold.Core.Types
