Resolving dependencies...
Build profile: -w ghc-9.10.2 -O1
In order, the following will be built (use -v for more details):
 - iso8601-time-0.1.5 (lib) (first run)
 - iso8601-time-0.1.5 (test:tests) (first run)
Configuring library for iso8601-time-0.1.5...
Warning: [git-protocol] Cloning over git:// might lead to an arbitrary code
execution vulnerability. Furthermore, popular forges like GitHub do not
support it. Use https:// or ssh:// instead.
Preprocessing library for iso8601-time-0.1.5...
Building library for iso8601-time-0.1.5...
[1 of 1] Compiling Data.Time.ISO8601
Configuring test suite 'tests' for iso8601-time-0.1.5...
Warning: [git-protocol] Cloning over git:// might lead to an arbitrary code
execution vulnerability. Furthermore, popular forges like GitHub do not
support it. Use https:// or ssh:// instead.
Preprocessing test suite 'tests' for iso8601-time-0.1.5...
Building test suite 'tests' for iso8601-time-0.1.5...
[1 of 1] Compiling Main
[2 of 2] Linking dist-newstyle/build/x86_64-linux/ghc-9.10.2/iso8601-time-0.1.5/t/tests/build/tests/tests
