Resolving dependencies...
Build profile: -w ghc-9.10.2 -O1
In order, the following will be built (use -v for more details):
 - boomwhacker-0.0.2 (exe:boomwhacker) (first run)
Configuring executable 'boomwhacker' for boomwhacker-0.0.2...
Preprocessing executable 'boomwhacker' for boomwhacker-0.0.2...
Building executable 'boomwhacker' for boomwhacker-0.0.2...
[1 of 1] Compiling Main
src/Main.hs:41:1: warning: [GHC-66111] [-Wunused-imports]
    The import of ‘Data.Semigroup’ is redundant
      except perhaps to import instances from ‘Data.Semigroup’
    To import instances alone, use: import Data.Semigroup()
   |
41 | import Data.Semigroup ((<>))
   | ^^^^^^^^^^^^^^^^^^^^^^^^^^^^

src/Main.hs:49:1: warning: [GHC-38856] [-Wunused-imports]
    The import of ‘<$>, <*>, liftA2’
    from module ‘Control.Applicative’ is redundant
   |
49 | import Control.Applicative (liftA2, (<$>), (<*>), (<|>))
   | ^^^^^^^^^^^^^^^^^^^^^^^^^^^^^^^^^^^^^^^^^^^^^^^^^^^^^^^^

[2 of 2] Linking /tmp/workdir-boomwhacker/boomwhacker-0.0.2/dist-newstyle/build/x86_64-linux/ghc-9.10.2/boomwhacker-0.0.2/x/boomwhacker/build/boomwhacker/boomwhacker
