Resolving dependencies...
Build profile: -w ghc-9.10.2 -O1
In order, the following will be built (use -v for more details):
 - logfloat-0.14.0 (lib) (first run)
Configuring library for logfloat-0.14.0...
Preprocessing library for logfloat-0.14.0...
Building library for logfloat-0.14.0...
[1 of 6] Compiling Hugs.RealFloat
[2 of 6] Compiling Data.Number.PartialOrd
[3 of 6] Compiling Data.Number.Transfinite
[4 of 6] Compiling Data.Number.RealToFrac
[5 of 6] Compiling Data.Number.LogFloat.Raw
src/Data/Number/LogFloat/Raw.hs:56:1: warning: [GHC-66111] [-Wunused-imports]
    The import of ‘Data.List’ is redundant
      except perhaps to import instances from ‘Data.List’
    To import instances alone, use: import Data.List()
   |
56 | import Data.List (foldl')
   | ^^^^^^^^^^^^^^^^^^^^^^^^^

[6 of 6] Compiling Data.Number.LogFloat
