Resolving dependencies...
Build profile: -w ghc-9.10.2 -O1
In order, the following will be built (use -v for more details):
 - parser-regex-0.3.0.0 (lib) (first run)
 - parser-regex-0.3.0.0 (test:test) (first run)
Configuring library for parser-regex-0.3.0.0...
Preprocessing library for parser-regex-0.3.0.0...
Building library for parser-regex-0.3.0.0...
[ 1 of 15] Compiling Regex.Internal.CharSet
[ 2 of 15] Compiling Regex.Internal.CharSets
[ 3 of 15] Compiling Data.CharSet
[ 4 of 15] Compiling Regex.Internal.Generated.CaseFold
[ 5 of 15] Compiling Regex.Internal.Solo
[ 6 of 15] Compiling Regex.Internal.Regex
[ 7 of 15] Compiling Regex.Internal.Num
[ 8 of 15] Compiling Regex.Internal.Unique
[ 9 of 15] Compiling Regex.Internal.Parser
[10 of 15] Compiling Regex.Internal.Text
[11 of 15] Compiling Regex.Internal.List
[12 of 15] Compiling Regex.Base
[13 of 15] Compiling Regex.Internal.Debug
[14 of 15] Compiling Regex.List
[15 of 15] Compiling Regex.Text
Configuring test suite 'test' for parser-regex-0.3.0.0...
Preprocessing test suite 'test' for parser-regex-0.3.0.0...
Building test suite 'test' for parser-regex-0.3.0.0...
[1 of 1] Compiling Main
[2 of 2] Linking /tmp/workdir-parser-regex/parser-regex-0.3.0.0/dist-newstyle/build/x86_64-linux/ghc-9.10.2/parser-regex-0.3.0.0/t/test/build/test/test
