Resolving dependencies...
Build profile: -w ghc-9.10.2 -O1
In order, the following will be built (use -v for more details):
 - parseargs-0.2.0.9 (lib) (first run)
 - parseargs-0.2.0.9 (exe:parseargs-example) (first run)
 - parseargs-0.2.0.9 (test:test-parseargs) (first run)
Configuring library for parseargs-0.2.0.9...
Preprocessing library for parseargs-0.2.0.9...
Building library for parseargs-0.2.0.9...
[1 of 1] Compiling System.Console.ParseArgs
System/Console/ParseArgs.hs:741:38: warning: [GHC-63394] [-Wx-partial]
    In the use of ‘tail’
    (imported from Data.List, but defined in GHC.Internal.List):
    "This is a partial function, it throws an error on empty lists. Replace it with 'drop' 1, or use pattern matching or 'GHC.Internal.Data.List.uncons' instead. Consider refactoring to use "Data.List.NonEmpty"."
    |
741 |     if null s' then s else baseName (tail s')
    |                                      ^^^^

Configuring executable 'parseargs-example' for parseargs-0.2.0.9...
Preprocessing executable 'parseargs-example' for parseargs-0.2.0.9...
Building executable 'parseargs-example' for parseargs-0.2.0.9...
[1 of 2] Compiling System.Console.ParseArgs
System/Console/ParseArgs.hs:741:38: warning: [GHC-63394] [-Wx-partial]
    In the use of ‘tail’
    (imported from Data.List, but defined in GHC.Internal.List):
    "This is a partial function, it throws an error on empty lists. Replace it with 'drop' 1, or use pattern matching or 'GHC.Internal.Data.List.uncons' instead. Consider refactoring to use "Data.List.NonEmpty"."
    |
741 |     if null s' then s else baseName (tail s')
    |                                      ^^^^

[2 of 2] Compiling Main
[3 of 3] Linking /tmp/workdir-parseargs/parseargs-0.2.0.9/dist-newstyle/build/x86_64-linux/ghc-9.10.2/parseargs-0.2.0.9/x/parseargs-example/build/parseargs-example/parseargs-example
Configuring test suite 'test-parseargs' for parseargs-0.2.0.9...
Preprocessing test suite 'test-parseargs' for parseargs-0.2.0.9...
Building test suite 'test-parseargs' for parseargs-0.2.0.9...
[1 of 1] Compiling Main
[2 of 2] Linking /tmp/workdir-parseargs/parseargs-0.2.0.9/dist-newstyle/build/x86_64-linux/ghc-9.10.2/parseargs-0.2.0.9/t/test-parseargs/build/test-parseargs/test-parseargs
