Resolving dependencies...
Build profile: -w ghc-9.10.2 -O1
In order, the following will be built (use -v for more details):
 - tasty-discover-5.0.2 (lib) (first run)
 - tasty-discover-5.0.2 (exe:tasty-discover) (first run)
 - tasty-discover-5.0.2 (test:tasty-discover-test) (first run)
Configuring library for tasty-discover-5.0.2...
Preprocessing library for tasty-discover-5.0.2...
Building library for tasty-discover-5.0.2...
[1 of 7] Compiling Paths_tasty_discover
[2 of 7] Compiling Test.Tasty.Discover.Internal.Config
[3 of 7] Compiling Test.Tasty.Discover.Internal.Generator
src/Test/Tasty/Discover/Internal/Generator.hs:48:5: warning: [GHC-55631] [-Wmissing-deriving-strategies]
    No deriving strategy specified. Did you want stock, newtype, or anyclass?
   |
48 |   } deriving (Generic)
   |     ^^^^^^^^^^^^^^^^^^

src/Test/Tasty/Discover/Internal/Generator.hs:56:26: warning: [GHC-63394] [-Wx-partial]
    In the use of ‘tail’
    (imported from Prelude, but defined in GHC.Internal.List):
    "This is a partial function, it throws an error on empty lists. Replace it with 'drop' 1, or use pattern matching or 'GHC.Internal.Data.List.uncons' instead. Consider refactoring to use "Data.List.NonEmpty"."
   |
56 | name = chooser '_' ' ' . tail . dropWhile (/= '_') . testFunction
   |                          ^^^^

src/Test/Tasty/Discover/Internal/Generator.hs:67:7: warning: [GHC-63394] [-Wx-partial]
    In the use of ‘head’
    (imported from Prelude, but defined in GHC.Internal.List):
    "This is a partial function, it throws an error on empty lists. Use pattern matching, 'Data.List.uncons' or 'Data.Maybe.listToMaybe' instead. Consider refactoring to use "Data.List.NonEmpty"."
   |
67 |   map head .
   |       ^^^^

[4 of 7] Compiling Test.Tasty.Discover.Internal.Driver
[5 of 7] Compiling Test.Tasty.Discover.TastyInfo
[6 of 7] Compiling Test.Tasty.Discover
[7 of 7] Compiling Test.Tasty.Discover.Version
Configuring executable 'tasty-discover' for tasty-discover-5.0.2...
Preprocessing executable 'tasty-discover' for tasty-discover-5.0.2...
Building executable 'tasty-discover' for tasty-discover-5.0.2...
[1 of 2] Compiling Main
[2 of 2] Compiling Paths_tasty_discover
[3 of 3] Linking /tmp/workdir-tasty-discover/tasty-discover-5.0.2/dist-newstyle/build/x86_64-linux/ghc-9.10.2/tasty-discover-5.0.2/x/tasty-discover/build/tasty-discover/tasty-discover
Configuring test suite 'tasty-discover-test' for tasty-discover-5.0.2...
Preprocessing test suite 'tasty-discover-test' for tasty-discover-5.0.2...
Building test suite 'tasty-discover-test' for tasty-discover-5.0.2...
[1 of 7] Compiling ConfigTest
[2 of 7] Compiling DiscoverTest
test/DiscoverTest.hs:44:5: warning: [GHC-63394] [-Wx-partial]
    In the use of ‘head’
    (imported from Data.List, but defined in GHC.Internal.List):
    "This is a partial function, it throws an error on empty lists. Use pattern matching, 'Data.List.uncons' or 'Data.Maybe.listToMaybe' instead. Consider refactoring to use "Data.List.NonEmpty"."
   |
44 |     head [23 ..] `shouldBe` (23 :: Int)
   |     ^^^^

[3 of 7] Compiling Paths_tasty_discover
[4 of 7] Compiling SubMod.FooBaz
[5 of 7] Compiling SubMod.PropTest
[6 of 7] Compiling SubMod.SubSubMod.PropTest
[7 of 7] Compiling Main
[8 of 8] Linking /tmp/workdir-tasty-discover/tasty-discover-5.0.2/dist-newstyle/build/x86_64-linux/ghc-9.10.2/tasty-discover-5.0.2/t/tasty-discover-test/build/tasty-discover-test/tasty-discover-test
