Resolving dependencies...
Build profile: -w ghc-9.10.2 -O1
In order, the following will be built (use -v for more details):
 - quickcheck-arbitrary-adt-0.3.1.0 (lib) (first run)
 - quickcheck-arbitrary-adt-0.3.1.0 (test:test) (first run)
Configuring library for quickcheck-arbitrary-adt-0.3.1.0...
Preprocessing library for quickcheck-arbitrary-adt-0.3.1.0...
Building library for quickcheck-arbitrary-adt-0.3.1.0...
[1 of 2] Compiling Paths_quickcheck_arbitrary_adt
[2 of 2] Compiling Test.QuickCheck.Arbitrary.ADT
src/Test/QuickCheck/Arbitrary/ADT.hs:240:34: warning: [GHC-63394] [-Wx-partial]
    In the use of ‘head’
    (imported from Prelude, but defined in GHC.Internal.List):
    "This is a partial function, it throws an error on empty lists. Use pattern matching, 'Data.List.uncons' or 'Data.Maybe.listToMaybe' instead. Consider refactoring to use "Data.List.NonEmpty"."
    |
240 |       ac   = M1 . capArbitrary . head . adtCAPs <$> kRep
    |                                  ^^^^

src/Test/QuickCheck/Arbitrary/ADT.hs:262:34: warning: [GHC-63394] [-Wx-partial]
    In the use of ‘head’
    (imported from Prelude, but defined in GHC.Internal.List):
    "This is a partial function, it throws an error on empty lists. Use pattern matching, 'Data.List.uncons' or 'Data.Maybe.listToMaybe' instead. Consider refactoring to use "Data.List.NonEmpty"."
    |
262 |       ac   = M1 . capArbitrary . head . adtCAPs <$> kRep
    |                                  ^^^^

Configuring test suite 'test' for quickcheck-arbitrary-adt-0.3.1.0...
Preprocessing test suite 'test' for quickcheck-arbitrary-adt-0.3.1.0...
Building test suite 'test' for quickcheck-arbitrary-adt-0.3.1.0...
[1 of 2] Compiling Test.QuickCheck.Arbitrary.ADTSpec
[2 of 2] Compiling Main
[3 of 3] Linking dist-newstyle/build/x86_64-linux/ghc-9.10.2/quickcheck-arbitrary-adt-0.3.1.0/t/test/build/test/test
