Resolving dependencies...
Build profile: -w ghc-9.10.2 -O1
In order, the following will be built (use -v for more details):
 - xml-conduit-1.10.0.1 (lib:xml-conduit, test:doctest, test:unit) (first run)
[1 of 2] Compiling Main             ( /tmp/workdir-xml-conduit/xml-conduit-1.10.0.1/dist-newstyle/build/x86_64-linux/ghc-9.10.2/xml-conduit-1.10.0.1/setup/setup.hs, /tmp/workdir-xml-conduit/xml-conduit-1.10.0.1/dist-newstyle/build/x86_64-linux/ghc-9.10.2/xml-conduit-1.10.0.1/setup/Main.o )
[2 of 2] Linking /tmp/workdir-xml-conduit/xml-conduit-1.10.0.1/dist-newstyle/build/x86_64-linux/ghc-9.10.2/xml-conduit-1.10.0.1/setup/setup
Configuring xml-conduit-1.10.0.1...
Preprocessing library for xml-conduit-1.10.0.1...
Building library for xml-conduit-1.10.0.1...
[1 of 8] Compiling Text.XML.Cursor.Generic
src/Text/XML/Cursor/Generic.hs:31:1: warning: [GHC-66111] [-Wunused-imports]
    The import of ‘Data.List’ is redundant
      except perhaps to import instances from ‘Data.List’
    To import instances alone, use: import Data.List()
   |
31 | import Data.List (foldl')
   | ^^^^^^^^^^^^^^^^^^^^^^^^^

[2 of 8] Compiling Text.XML.Stream.Token
src/Text/XML/Stream/Token.hs:19:1: warning: [GHC-66111] [-Wunused-imports]
    The import of ‘Data.Monoid’ is redundant
      except perhaps to import instances from ‘Data.Monoid’
    To import instances alone, use: import Data.Monoid()
   |
19 | import Data.Monoid (mconcat, mempty, (<>))
   | ^^^^^^^^^^^^^^^^^^^^^^^^^^^^^^^^^^^^^^^^^^

src/Text/XML/Stream/Token.hs:22:1: warning: [GHC-66111] [-Wunused-imports]
    The import of ‘Data.List’ is redundant
      except perhaps to import instances from ‘Data.List’
    To import instances alone, use: import Data.List()
   |
22 | import Data.List (foldl')
   | ^^^^^^^^^^^^^^^^^^^^^^^^^

[3 of 8] Compiling Text.XML.Stream.Render.Internal
src/Text/XML/Stream/Render/Internal.hs:32:1: warning: [GHC-66111] [-Wunused-imports]
    The import of ‘Control.Applicative’ is redundant
      except perhaps to import instances from ‘Control.Applicative’
    To import instances alone, use: import Control.Applicative()
   |
32 | import           Control.Applicative          ((<$>))
   | ^^^^^^^^^^^^^^^^^^^^^^^^^^^^^^^^^^^^^^^^^^^^^^^^^^^^^

src/Text/XML/Stream/Render/Internal.hs:33:1: warning: [GHC-66111] [-Wunused-imports]
    The import of ‘Control.Monad.Trans.Resource’ is redundant
      except perhaps to import instances from ‘Control.Monad.Trans.Resource’
    To import instances alone, use: import Control.Monad.Trans.Resource()
   |
33 | import           Control.Monad.Trans.Resource (MonadThrow)
   | ^^^^^^^^^^^^^^^^^^^^^^^^^^^^^^^^^^^^^^^^^^^^^^^^^^^^^^^^^^

src/Text/XML/Stream/Render/Internal.hs:38:1: warning: [GHC-66111] [-Wunused-imports]
    The import of ‘Data.List’ is redundant
      except perhaps to import instances from ‘Data.List’
    To import instances alone, use: import Data.List()
   |
38 | import           Data.List                    (foldl')
   | ^^^^^^^^^^^^^^^^^^^^^^^^^^^^^^^^^^^^^^^^^^^^^^^^^^^^^^

src/Text/XML/Stream/Render/Internal.hs:42:1: warning: [GHC-66111] [-Wunused-imports]
    The import of ‘Data.Monoid’ is redundant
      except perhaps to import instances from ‘Data.Monoid’
    To import instances alone, use: import Data.Monoid()
   |
42 | import           Data.Monoid                  (Monoid, mappend, mempty)
   | ^^^^^^^^^^^^^^^^^^^^^^^^^^^^^^^^^^^^^^^^^^^^^^^^^^^^^^^^^^^^^^^^^^^^^^^

src/Text/XML/Stream/Render/Internal.hs:195:5: warning: [GHC-62161] [-Wincomplete-uni-patterns]
    Pattern match(es) are non-exhaustive
    In a pattern binding:
        Patterns of type ‘Stack’ not matched:
            []
            []
    |
195 |     (sl:s') = s
    |     ^^^^^^^^^^^

[4 of 8] Compiling Text.XML.Stream.Render
[5 of 8] Compiling Text.XML.Stream.Parse
src/Text/XML/Stream/Parse.hs:140:1: warning: [GHC-38856] [-Wunused-imports]
    The import of ‘<$>, Applicative’
    from module ‘Control.Applicative’ is redundant
    |
140 | import           Control.Applicative          (Alternative (empty, (<|>)),
    | ^^^^^^^^^^^^^^^^^^^^^^^^^^^^^^^^^^^^^^^^^^^^^^^^^^^^^^^^^^^^^^^^^^^^^^^^^^...

src/Text/XML/Stream/Parse.hs:147:1: warning: [GHC-66111] [-Wunused-imports]
    The import of ‘Control.Monad.IO.Class’ is redundant
      except perhaps to import instances from ‘Control.Monad.IO.Class’
    To import instances alone, use: import Control.Monad.IO.Class()
    |
147 | import           Control.Monad.IO.Class       (liftIO)
    | ^^^^^^^^^^^^^^^^^^^^^^^^^^^^^^^^^^^^^^^^^^^^^^^^^^^^^^

src/Text/XML/Stream/Parse.hs:148:1: warning: [GHC-66111] [-Wunused-imports]
    The import of ‘Control.Monad.Trans.Class’ is redundant
      except perhaps to import instances from ‘Control.Monad.Trans.Class’
    To import instances alone, use: import Control.Monad.Trans.Class()
    |
148 | import           Control.Monad.Trans.Class    (lift)
    | ^^^^^^^^^^^^^^^^^^^^^^^^^^^^^^^^^^^^^^^^^^^^^^^^^^^^

src/Text/XML/Stream/Parse.hs:150:1: warning: [GHC-66111] [-Wunused-imports]
    The import of ‘Control.Monad.Trans.Resource’ is redundant
      except perhaps to import instances from ‘Control.Monad.Trans.Resource’
    To import instances alone, use: import Control.Monad.Trans.Resource()
    |
150 | import           Control.Monad.Trans.Resource (MonadResource, MonadThrow (..),
    | ^^^^^^^^^^^^^^^^^^^^^^^^^^^^^^^^^^^^^^^^^^^^^^^^^^^^^^^^^^^^^^^^^^^^^^^^^^^^^^...

src/Text/XML/Stream/Parse.hs:165:48: warning: [GHC-38856] [-Wunused-imports]
    The import of ‘foldl'’ from module ‘Data.List’ is redundant
    |
165 | import           Data.List                    (foldl', intercalate)
    |                                                ^^^^^^

[6 of 8] Compiling Text.XML.Unresolved
src/Text/XML/Unresolved.hs:46:1: warning: [GHC-66111] [-Wunused-imports]
    The import of ‘Control.Applicative’ is redundant
      except perhaps to import instances from ‘Control.Applicative’
    To import instances alone, use: import Control.Applicative()
   |
46 | import           Control.Applicative          ((<$>), (<*>))
   | ^^^^^^^^^^^^^^^^^^^^^^^^^^^^^^^^^^^^^^^^^^^^^^^^^^^^^^^^^^^^

src/Text/XML/Unresolved.hs:49:1: warning: [GHC-66111] [-Wunused-imports]
    The import of ‘Control.Monad.Trans.Class’ is redundant
      except perhaps to import instances from ‘Control.Monad.Trans.Class’
    To import instances alone, use: import Control.Monad.Trans.Class()
   |
49 | import           Control.Monad.Trans.Class    (lift)
   | ^^^^^^^^^^^^^^^^^^^^^^^^^^^^^^^^^^^^^^^^^^^^^^^^^^^^

src/Text/XML/Unresolved.hs:58:1: warning: [GHC-66111] [-Wunused-imports]
    The import of ‘Data.Monoid’ is redundant
      except perhaps to import instances from ‘Data.Monoid’
    To import instances alone, use: import Data.Monoid()
   |
58 | import           Data.Monoid                  (mconcat)
   | ^^^^^^^^^^^^^^^^^^^^^^^^^^^^^^^^^^^^^^^^^^^^^^^^^^^^^^^

[7 of 8] Compiling Text.XML
src/Text/XML.hs:77:1: warning: [GHC-66111] [-Wunused-imports]
    The import of ‘Control.Applicative’ is redundant
      except perhaps to import instances from ‘Control.Applicative’
    To import instances alone, use: import Control.Applicative()
   |
77 | import           Control.Applicative          ((<$>))
   | ^^^^^^^^^^^^^^^^^^^^^^^^^^^^^^^^^^^^^^^^^^^^^^^^^^^^^

src/Text/XML.hs:81:1: warning: [GHC-66111] [-Wunused-imports]
    The import of ‘Control.Monad.Trans.Resource’ is redundant
      except perhaps to import instances from ‘Control.Monad.Trans.Resource’
    To import instances alone, use: import Control.Monad.Trans.Resource()
   |
81 | import           Control.Monad.Trans.Resource (MonadThrow, throwM)
   | ^^^^^^^^^^^^^^^^^^^^^^^^^^^^^^^^^^^^^^^^^^^^^^^^^^^^^^^^^^^^^^^^^^

src/Text/XML.hs:104:1: warning: [GHC-66111] [-Wunused-imports]
    The import of ‘Control.Monad.Trans.Class’ is redundant
      except perhaps to import instances from ‘Control.Monad.Trans.Class’
    To import instances alone, use: import Control.Monad.Trans.Class()
    |
104 | import           Control.Monad.Trans.Class    (lift)
    | ^^^^^^^^^^^^^^^^^^^^^^^^^^^^^^^^^^^^^^^^^^^^^^^^^^^^

src/Text/XML.hs:113:1: warning: [GHC-66111] [-Wunused-imports]
    The import of ‘Data.List’ is redundant
      except perhaps to import instances from ‘Data.List’
    To import instances alone, use: import Data.List()
    |
113 | import           Data.List                    (foldl')
    | ^^^^^^^^^^^^^^^^^^^^^^^^^^^^^^^^^^^^^^^^^^^^^^^^^^^^^^

src/Text/XML.hs:114:1: warning: [GHC-66111] [-Wunused-imports]
    The import of ‘Data.Monoid’ is redundant
      except perhaps to import instances from ‘Data.Monoid’
    To import instances alone, use: import Data.Monoid()
    |
114 | import           Data.Monoid                  (mappend, mempty)
    | ^^^^^^^^^^^^^^^^^^^^^^^^^^^^^^^^^^^^^^^^^^^^^^^^^^^^^^^^^^^^^^^

[8 of 8] Compiling Text.XML.Cursor
Preprocessing test suite 'doctest' for xml-conduit-1.10.0.1...
Building test suite 'doctest' for xml-conduit-1.10.0.1...
[1 of 2] Compiling Build_doctests
[2 of 2] Compiling Main
[3 of 3] Linking /tmp/workdir-xml-conduit/xml-conduit-1.10.0.1/dist-newstyle/build/x86_64-linux/ghc-9.10.2/xml-conduit-1.10.0.1/build/doctest/doctest
Preprocessing test suite 'unit' for xml-conduit-1.10.0.1...
Building test suite 'unit' for xml-conduit-1.10.0.1...
[1 of 1] Compiling Main
[2 of 2] Linking /tmp/workdir-xml-conduit/xml-conduit-1.10.0.1/dist-newstyle/build/x86_64-linux/ghc-9.10.2/xml-conduit-1.10.0.1/build/unit/unit
