Resolving dependencies...
Build profile: -w ghc-9.10.2 -O1
In order, the following will be built (use -v for more details):
 - zlib-bindings-0.1.1.5 (lib) (first run)
 - zlib-bindings-0.1.1.5 (test:test) (first run)
Configuring library for zlib-bindings-0.1.1.5...
Preprocessing library for zlib-bindings-0.1.1.5...
Building library for zlib-bindings-0.1.1.5...
[1 of 2] Compiling Codec.Zlib.Lowlevel
Codec/Zlib/Lowlevel.hs:100:1: warning: [GHC-53633] [-Woverlapping-patterns]
    Pattern match is redundant
    In an equation for ‘wbToInt’: wbToInt _ = ...
    |
100 | wbToInt _ = 15
    | ^^^^^^^^^^^^^^

[2 of 2] Compiling Codec.Zlib
Configuring test suite 'test' for zlib-bindings-0.1.1.5...
Preprocessing test suite 'test' for zlib-bindings-0.1.1.5...
Building test suite 'test' for zlib-bindings-0.1.1.5...
[1 of 1] Compiling Main
[2 of 2] Linking /tmp/workdir-zlib-bindings/zlib-bindings-0.1.1.5/dist-newstyle/build/x86_64-linux/ghc-9.10.2/zlib-bindings-0.1.1.5/t/test/build/test/test
