Resolving dependencies...
Build profile: -w ghc-9.10.2 -O1
In order, the following will be built (use -v for more details):
 - incipit-base-0.6.1.1 (lib) (first run)
Configuring library for incipit-base-0.6.1.1...
Preprocessing library for incipit-base-0.6.1.1...
Building library for incipit-base-0.6.1.1...
<no location info>: warning: [GHC-42258] [-Wunused-packages]
    The following packages were specified via -package or -package-id flags,
    but were not needed for compilation:
      - stm-2.5.3.1 (exposed by flag -package-id stm-2.5.3.1-c66c)

[ 1 of 15] Compiling Incipit.Foldable
[ 2 of 15] Compiling Incipit.Integral
[ 3 of 15] Compiling Incipit.Fractional
[ 4 of 15] Compiling Incipit.Fixed
[ 5 of 15] Compiling Incipit.Base
[ 6 of 15] Compiling Incipit.Either
[ 7 of 15] Compiling Incipit.Libraries
[ 8 of 15] Compiling Incipit.List
lib/Incipit/List.hs:32:15: warning: [GHC-63394] [-Wx-partial]
    In the use of ‘tail’
    (imported from Data.List, but defined in GHC.Internal.List):
    "This is a partial function, it throws an error on empty lists. Replace it with 'drop' 1, or use pattern matching or 'GHC.Internal.Data.List.uncons' instead. Consider refactoring to use "Data.List.NonEmpty"."
   |
32 |   as -> Just (List.tail as)
   |               ^^^^^^^^^

[ 9 of 15] Compiling Incipit.Misc
[10 of 15] Compiling Incipit.String.Reexport
[11 of 15] Compiling Incipit.String.Conversion
[12 of 15] Compiling Incipit.Debug
[13 of 15] Compiling Incipit.String
[14 of 15] Compiling Incipit.TypeError
[15 of 15] Compiling IncipitBase
