Resolving dependencies...
Build profile: -w ghc-9.10.2 -O1
In order, the following will be built (use -v for more details):
 - rrb-vector-0.2.2.1 (lib) (first run)
 - rrb-vector-0.2.2.1 (test:test) (first run)
Configuring library for rrb-vector-0.2.2.1...
Preprocessing library for rrb-vector-0.2.2.1...
Building library for rrb-vector-0.2.2.1...
[1 of 7] Compiling Data.RRBVector.Internal.Array
[2 of 7] Compiling Data.RRBVector.Internal.IntRef
[3 of 7] Compiling Data.RRBVector.Internal.Buffer
[4 of 7] Compiling Data.RRBVector.Internal
src/Data/RRBVector/Internal.hs:731:47: warning: [GHC-62161] [-Wincomplete-uni-patterns]
    Pattern match(es) are non-exhaustive
    In a lambda abstraction:
        Patterns of type ‘Tree a’ not matched:
            Balanced _
            Unbalanced _ _
    |
731 |         | sh == blockShift = mergeRebalance' (\(Leaf arr) -> arr) Leaf
    |                                               ^^^^^^^^^^^^^^^^^^

[5 of 7] Compiling Data.RRBVector.Internal.Debug
src/Data/RRBVector/Internal/Debug.hs:18:23: warning: [GHC-38856] [-Wunused-imports]
    The import of ‘foldl'’ from module ‘Data.Foldable’ is redundant
   |
18 | import Data.Foldable (foldl', toList, traverse_)
   |                       ^^^^^^

[6 of 7] Compiling Data.RRBVector.Internal.Sorting
[7 of 7] Compiling Data.RRBVector
Configuring test suite 'test' for rrb-vector-0.2.2.1...
Preprocessing test suite 'test' for rrb-vector-0.2.2.1...
Building test suite 'test' for rrb-vector-0.2.2.1...
[1 of 4] Compiling Arbitrary
[2 of 4] Compiling Properties
[3 of 4] Compiling Strictness
test/Strictness.hs:9:31: warning: [GHC-38856] [-Wunused-imports]
    The import of ‘foldl'’ from module ‘Data.Foldable’ is redundant
  |
9 | import Data.Foldable (foldr', foldl', toList)
  |                               ^^^^^^

[4 of 4] Compiling Main
[5 of 5] Linking dist-newstyle/build/x86_64-linux/ghc-9.10.2/rrb-vector-0.2.2.1/t/test/build/test/test
