Resolving dependencies...
Build profile: -w ghc-9.10.2 -O1
In order, the following will be built (use -v for more details):
 - automaton-1.5 (lib) (first run)
 - automaton-1.5 (test:automaton-test) (first run)
 - automaton-1.5 (exe:UserSawtooth) (first run)
 - automaton-1.5 (exe:ForeverSawtooth) (first run)
Configuring library for automaton-1.5...
Preprocessing library for automaton-1.5...
Building library for automaton-1.5...
[ 1 of 18] Compiling Data.Automaton.Trans.Except.Internal
[ 2 of 18] Compiling Data.Stream.Internal
[ 3 of 18] Compiling Data.Stream.Result
[ 4 of 18] Compiling Data.Stream
[ 5 of 18] Compiling Data.Stream.Recursive
[ 6 of 18] Compiling Data.Stream.Recursive.Except
[ 7 of 18] Compiling Data.Stream.Optimized
[ 8 of 18] Compiling Data.Stream.Except
[ 9 of 18] Compiling Data.Automaton
[10 of 18] Compiling Data.Automaton.Trans.Writer
[11 of 18] Compiling Data.Automaton.Trans.State
[12 of 18] Compiling Data.Automaton.Trans.Reader
[13 of 18] Compiling Data.Automaton.Trans.Random
[14 of 18] Compiling Data.Automaton.Trans.RWS
[15 of 18] Compiling Data.Automaton.Trans.Except
[16 of 18] Compiling Data.Automaton.Trans.Maybe
[17 of 18] Compiling Data.Automaton.Trans.Accum
[18 of 18] Compiling Data.Automaton.Recursive
Configuring test suite 'automaton-test' for automaton-1.5...
Preprocessing test suite 'automaton-test' for automaton-1.5...
Building test suite 'automaton-test' for automaton-1.5...
[1 of 5] Compiling Automaton.Except
[2 of 5] Compiling Automaton.Trans.Accum
[3 of 5] Compiling Automaton
[4 of 5] Compiling Stream
[5 of 5] Compiling Main
[6 of 6] Linking /tmp/workdir-automaton/automaton-1.5/dist-newstyle/build/x86_64-linux/ghc-9.10.2/automaton-1.5/t/automaton-test/build/automaton-test/automaton-test
Configuring executable 'UserSawtooth' for automaton-1.5...
Preprocessing executable 'UserSawtooth' for automaton-1.5...
Building executable 'UserSawtooth' for automaton-1.5...
[1 of 1] Compiling Main
[2 of 2] Linking /tmp/workdir-automaton/automaton-1.5/dist-newstyle/build/x86_64-linux/ghc-9.10.2/automaton-1.5/x/UserSawtooth/build/UserSawtooth/UserSawtooth
Configuring executable 'ForeverSawtooth' for automaton-1.5...
Preprocessing executable 'ForeverSawtooth' for automaton-1.5...
Building executable 'ForeverSawtooth' for automaton-1.5...
[1 of 1] Compiling Main
[2 of 2] Linking /tmp/workdir-automaton/automaton-1.5/dist-newstyle/build/x86_64-linux/ghc-9.10.2/automaton-1.5/x/ForeverSawtooth/build/ForeverSawtooth/ForeverSawtooth
