Resolving dependencies...
Build profile: -w ghc-9.10.2 -O1
In order, the following will be built (use -v for more details):
 - approximate-0.3.5 (lib) (first run)
Configuring library for approximate-0.3.5...
Warning: [git-protocol] Cloning over git:// might lead to an arbitrary code
execution vulnerability. Furthermore, popular forges like GitHub do not
support it. Use https:// or ssh:// instead.
Preprocessing library for approximate-0.3.5...
Building library for approximate-0.3.5...
[1 of 4] Compiling Data.Approximate.Mass
[2 of 4] Compiling Data.Approximate.Numerics
[3 of 4] Compiling Data.Approximate.Type
src/Data/Approximate/Type.hs:25:1: warning: [GHC-66111] [-Wunused-imports]
    The import of ‘Control.Applicative’ is redundant
      except perhaps to import instances from ‘Control.Applicative’
    To import instances alone, use: import Control.Applicative()
   |
25 | import Control.Applicative
   | ^^^^^^^^^^^^^^^^^^^^^^^^^^

[4 of 4] Compiling Data.Approximate
