Resolving dependencies...
Build profile: -w ghc-9.10.2 -O1
In order, the following will be built (use -v for more details):
 - zlib-0.7.1.0 (lib) (first run)
 - zlib-0.7.1.0 (test:tests) (first run)
Configuring library for zlib-0.7.1.0...
Preprocessing library for zlib-0.7.1.0...
Building library for zlib-0.7.1.0...
[1 of 6] Compiling Codec.Compression.Zlib.ByteStringCompat
[2 of 6] Compiling Codec.Compression.Zlib.Stream
[3 of 6] Compiling Codec.Compression.Zlib.Internal
[4 of 6] Compiling Codec.Compression.Zlib.Raw
[5 of 6] Compiling Codec.Compression.Zlib
[6 of 6] Compiling Codec.Compression.GZip
Configuring test suite 'tests' for zlib-0.7.1.0...
Preprocessing test suite 'tests' for zlib-0.7.1.0...
Building test suite 'tests' for zlib-0.7.1.0...
[1 of 4] Compiling Test.Codec.Compression.Zlib.Stream
[2 of 4] Compiling Test.Codec.Compression.Zlib.Internal
[3 of 4] Compiling Utils
[4 of 4] Compiling Main
[5 of 5] Linking dist-newstyle/build/x86_64-linux/ghc-9.10.2/zlib-0.7.1.0/t/tests/build/tests/tests
