Resolving dependencies...
Build profile: -w ghc-9.10.2 -O1
In order, the following will be built (use -v for more details):
 - gogol-logging-1.0.0 (lib) (first run)
Configuring library for gogol-logging-1.0.0...
Warning: [git-protocol] Cloning over git:// might lead to an arbitrary code
execution vulnerability. Furthermore, popular forges like GitHub do not
support it. Use https:// or ssh:// instead.
Preprocessing library for gogol-logging-1.0.0...
Building library for gogol-logging-1.0.0...
[  1 of 258] Compiling Gogol.Logging.Internal.Sum
[  2 of 258] Compiling Gogol.Logging.Internal.Product
[  3 of 258] Compiling Gogol.Logging.Types
[  4 of 258] Compiling Gogol.Logging.Sinks.Update
[  5 of 258] Compiling Gogol.Logging.Sinks.List
[  6 of 258] Compiling Gogol.Logging.Sinks.Get
[  7 of 258] Compiling Gogol.Logging.Sinks.Delete
[  8 of 258] Compiling Gogol.Logging.Sinks.Create
[  9 of 258] Compiling Gogol.Logging.Projects.Sinks.Update
[ 10 of 258] Compiling Gogol.Logging.Projects.Sinks.Patch
[ 11 of 258] Compiling Gogol.Logging.Projects.Sinks.List
[ 12 of 258] Compiling Gogol.Logging.Projects.Sinks.Get
[ 13 of 258] Compiling Gogol.Logging.Projects.Sinks.Delete
[ 14 of 258] Compiling Gogol.Logging.Projects.Sinks.Create
[ 15 of 258] Compiling Gogol.Logging.Projects.Metrics.Update
[ 16 of 258] Compiling Gogol.Logging.Projects.Metrics.List
[ 17 of 258] Compiling Gogol.Logging.Projects.Metrics.Get
[ 18 of 258] Compiling Gogol.Logging.Projects.Metrics.Delete
[ 19 of 258] Compiling Gogol.Logging.Projects.Metrics.Create
[ 20 of 258] Compiling Gogol.Logging.Projects.Logs.List
[ 21 of 258] Compiling Gogol.Logging.Projects.Logs.Delete
[ 22 of 258] Compiling Gogol.Logging.Projects.Locations.SavedQueries.Patch
[ 23 of 258] Compiling Gogol.Logging.Projects.Locations.SavedQueries.List
[ 24 of 258] Compiling Gogol.Logging.Projects.Locations.SavedQueries.Get
[ 25 of 258] Compiling Gogol.Logging.Projects.Locations.SavedQueries.Delete
[ 26 of 258] Compiling Gogol.Logging.Projects.Locations.SavedQueries.Create
[ 27 of 258] Compiling Gogol.Logging.Projects.Locations.RecentQueries.List
[ 28 of 258] Compiling Gogol.Logging.Projects.Locations.Operations.List
[ 29 of 258] Compiling Gogol.Logging.Projects.Locations.Operations.Get
[ 30 of 258] Compiling Gogol.Logging.Projects.Locations.Operations.Cancel
[ 31 of 258] Compiling Gogol.Logging.Projects.Locations.LogScopes.Patch
[ 32 of 258] Compiling Gogol.Logging.Projects.Locations.LogScopes.List
[ 33 of 258] Compiling Gogol.Logging.Projects.Locations.LogScopes.Get
[ 34 of 258] Compiling Gogol.Logging.Projects.Locations.LogScopes.Delete
[ 35 of 258] Compiling Gogol.Logging.Projects.Locations.LogScopes.Create
[ 36 of 258] Compiling Gogol.Logging.Projects.Locations.List
[ 37 of 258] Compiling Gogol.Logging.Projects.Locations.Get
[ 38 of 258] Compiling Gogol.Logging.Projects.Locations.Buckets.Views.TestIamPermissions
[ 39 of 258] Compiling Gogol.Logging.Projects.Locations.Buckets.Views.SetIamPolicy
[ 40 of 258] Compiling Gogol.Logging.Projects.Locations.Buckets.Views.Patch
[ 41 of 258] Compiling Gogol.Logging.Projects.Locations.Buckets.Views.Logs.List
[ 42 of 258] Compiling Gogol.Logging.Projects.Locations.Buckets.Views.List
[ 43 of 258] Compiling Gogol.Logging.Projects.Locations.Buckets.Views.GetIamPolicy
[ 44 of 258] Compiling Gogol.Logging.Projects.Locations.Buckets.Views.Get
[ 45 of 258] Compiling Gogol.Logging.Projects.Locations.Buckets.Views.Delete
[ 46 of 258] Compiling Gogol.Logging.Projects.Locations.Buckets.Views.Create
[ 47 of 258] Compiling Gogol.Logging.Projects.Locations.Buckets.UpdateAsync
[ 48 of 258] Compiling Gogol.Logging.Projects.Locations.Buckets.Undelete
[ 49 of 258] Compiling Gogol.Logging.Projects.Locations.Buckets.Patch
[ 50 of 258] Compiling Gogol.Logging.Projects.Locations.Buckets.List
[ 51 of 258] Compiling Gogol.Logging.Projects.Locations.Buckets.Links.List
[ 52 of 258] Compiling Gogol.Logging.Projects.Locations.Buckets.Links.Get
[ 53 of 258] Compiling Gogol.Logging.Projects.Locations.Buckets.Links.Delete
[ 54 of 258] Compiling Gogol.Logging.Projects.Locations.Buckets.Links.Create
[ 55 of 258] Compiling Gogol.Logging.Projects.Locations.Buckets.Get
[ 56 of 258] Compiling Gogol.Logging.Projects.Locations.Buckets.Delete
[ 57 of 258] Compiling Gogol.Logging.Projects.Locations.Buckets.CreateAsync
[ 58 of 258] Compiling Gogol.Logging.Projects.Locations.Buckets.Create
[ 59 of 258] Compiling Gogol.Logging.Projects.GetSettings
[ 60 of 258] Compiling Gogol.Logging.Projects.GetCmekSettings
[ 61 of 258] Compiling Gogol.Logging.Projects.Exclusions.Patch
[ 62 of 258] Compiling Gogol.Logging.Projects.Exclusions.List
[ 63 of 258] Compiling Gogol.Logging.Projects.Exclusions.Get
[ 64 of 258] Compiling Gogol.Logging.Projects.Exclusions.Delete
[ 65 of 258] Compiling Gogol.Logging.Projects.Exclusions.Create
[ 66 of 258] Compiling Gogol.Logging.Organizations.UpdateSettings
[ 67 of 258] Compiling Gogol.Logging.Organizations.UpdateCmekSettings
[ 68 of 258] Compiling Gogol.Logging.Organizations.Sinks.Update
[ 69 of 258] Compiling Gogol.Logging.Organizations.Sinks.Patch
[ 70 of 258] Compiling Gogol.Logging.Organizations.Sinks.List
[ 71 of 258] Compiling Gogol.Logging.Organizations.Sinks.Get
[ 72 of 258] Compiling Gogol.Logging.Organizations.Sinks.Delete
[ 73 of 258] Compiling Gogol.Logging.Organizations.Sinks.Create
[ 74 of 258] Compiling Gogol.Logging.Organizations.Logs.List
[ 75 of 258] Compiling Gogol.Logging.Organizations.Logs.Delete
[ 76 of 258] Compiling Gogol.Logging.Organizations.Locations.SavedQueries.Patch
[ 77 of 258] Compiling Gogol.Logging.Organizations.Locations.SavedQueries.List
[ 78 of 258] Compiling Gogol.Logging.Organizations.Locations.SavedQueries.Get
[ 79 of 258] Compiling Gogol.Logging.Organizations.Locations.SavedQueries.Delete
[ 80 of 258] Compiling Gogol.Logging.Organizations.Locations.SavedQueries.Create
[ 81 of 258] Compiling Gogol.Logging.Organizations.Locations.RecentQueries.List
[ 82 of 258] Compiling Gogol.Logging.Organizations.Locations.Operations.List
[ 83 of 258] Compiling Gogol.Logging.Organizations.Locations.Operations.Get
[ 84 of 258] Compiling Gogol.Logging.Organizations.Locations.Operations.Cancel
[ 85 of 258] Compiling Gogol.Logging.Organizations.Locations.LogScopes.Patch
[ 86 of 258] Compiling Gogol.Logging.Organizations.Locations.LogScopes.List
[ 87 of 258] Compiling Gogol.Logging.Organizations.Locations.LogScopes.Get
[ 88 of 258] Compiling Gogol.Logging.Organizations.Locations.LogScopes.Delete
[ 89 of 258] Compiling Gogol.Logging.Organizations.Locations.LogScopes.Create
[ 90 of 258] Compiling Gogol.Logging.Organizations.Locations.List
[ 91 of 258] Compiling Gogol.Logging.Organizations.Locations.Get
[ 92 of 258] Compiling Gogol.Logging.Organizations.Locations.Buckets.Views.TestIamPermissions
[ 93 of 258] Compiling Gogol.Logging.Organizations.Locations.Buckets.Views.SetIamPolicy
[ 94 of 258] Compiling Gogol.Logging.Organizations.Locations.Buckets.Views.Patch
[ 95 of 258] Compiling Gogol.Logging.Organizations.Locations.Buckets.Views.Logs.List
[ 96 of 258] Compiling Gogol.Logging.Organizations.Locations.Buckets.Views.List
[ 97 of 258] Compiling Gogol.Logging.Organizations.Locations.Buckets.Views.GetIamPolicy
[ 98 of 258] Compiling Gogol.Logging.Organizations.Locations.Buckets.Views.Get
[ 99 of 258] Compiling Gogol.Logging.Organizations.Locations.Buckets.Views.Delete
[100 of 258] Compiling Gogol.Logging.Organizations.Locations.Buckets.Views.Create
[101 of 258] Compiling Gogol.Logging.Organizations.Locations.Buckets.UpdateAsync
[102 of 258] Compiling Gogol.Logging.Organizations.Locations.Buckets.Undelete
[103 of 258] Compiling Gogol.Logging.Organizations.Locations.Buckets.Patch
[104 of 258] Compiling Gogol.Logging.Organizations.Locations.Buckets.List
[105 of 258] Compiling Gogol.Logging.Organizations.Locations.Buckets.Links.List
[106 of 258] Compiling Gogol.Logging.Organizations.Locations.Buckets.Links.Get
[107 of 258] Compiling Gogol.Logging.Organizations.Locations.Buckets.Links.Delete
[108 of 258] Compiling Gogol.Logging.Organizations.Locations.Buckets.Links.Create
[109 of 258] Compiling Gogol.Logging.Organizations.Locations.Buckets.Get
[110 of 258] Compiling Gogol.Logging.Organizations.Locations.Buckets.Delete
[111 of 258] Compiling Gogol.Logging.Organizations.Locations.Buckets.CreateAsync
[112 of 258] Compiling Gogol.Logging.Organizations.Locations.Buckets.Create
[113 of 258] Compiling Gogol.Logging.Organizations.GetSettings
[114 of 258] Compiling Gogol.Logging.Organizations.GetCmekSettings
[115 of 258] Compiling Gogol.Logging.Organizations.Exclusions.Patch
[116 of 258] Compiling Gogol.Logging.Organizations.Exclusions.List
[117 of 258] Compiling Gogol.Logging.Organizations.Exclusions.Get
[118 of 258] Compiling Gogol.Logging.Organizations.Exclusions.Delete
[119 of 258] Compiling Gogol.Logging.Organizations.Exclusions.Create
[120 of 258] Compiling Gogol.Logging.MonitoredResourceDescriptors.List
[121 of 258] Compiling Gogol.Logging.Logs.List
[122 of 258] Compiling Gogol.Logging.Logs.Delete
[123 of 258] Compiling Gogol.Logging.Locations.Operations.List
[124 of 258] Compiling Gogol.Logging.Locations.Operations.Get
[125 of 258] Compiling Gogol.Logging.Locations.Operations.Cancel
[126 of 258] Compiling Gogol.Logging.Locations.List
[127 of 258] Compiling Gogol.Logging.Locations.Get
[128 of 258] Compiling Gogol.Logging.Locations.Buckets.Views.TestIamPermissions
[129 of 258] Compiling Gogol.Logging.Locations.Buckets.Views.SetIamPolicy
[130 of 258] Compiling Gogol.Logging.Locations.Buckets.Views.Patch
[131 of 258] Compiling Gogol.Logging.Locations.Buckets.Views.List
[132 of 258] Compiling Gogol.Logging.Locations.Buckets.Views.GetIamPolicy
[133 of 258] Compiling Gogol.Logging.Locations.Buckets.Views.Get
[134 of 258] Compiling Gogol.Logging.Locations.Buckets.Views.Delete
[135 of 258] Compiling Gogol.Logging.Locations.Buckets.Views.Create
[136 of 258] Compiling Gogol.Logging.Locations.Buckets.UpdateAsync
[137 of 258] Compiling Gogol.Logging.Locations.Buckets.Undelete
[138 of 258] Compiling Gogol.Logging.Locations.Buckets.Patch
[139 of 258] Compiling Gogol.Logging.Locations.Buckets.List
[140 of 258] Compiling Gogol.Logging.Locations.Buckets.Links.List
[141 of 258] Compiling Gogol.Logging.Locations.Buckets.Links.Get
[142 of 258] Compiling Gogol.Logging.Locations.Buckets.Links.Delete
[143 of 258] Compiling Gogol.Logging.Locations.Buckets.Links.Create
[144 of 258] Compiling Gogol.Logging.Locations.Buckets.Get
[145 of 258] Compiling Gogol.Logging.Locations.Buckets.Delete
[146 of 258] Compiling Gogol.Logging.Locations.Buckets.CreateAsync
[147 of 258] Compiling Gogol.Logging.Locations.Buckets.Create
[148 of 258] Compiling Gogol.Logging.GetSettings
[149 of 258] Compiling Gogol.Logging.GetCmekSettings
[150 of 258] Compiling Gogol.Logging.Folders.UpdateSettings
[151 of 258] Compiling Gogol.Logging.Folders.Sinks.Update
[152 of 258] Compiling Gogol.Logging.Folders.Sinks.Patch
[153 of 258] Compiling Gogol.Logging.Folders.Sinks.List
[154 of 258] Compiling Gogol.Logging.Folders.Sinks.Get
[155 of 258] Compiling Gogol.Logging.Folders.Sinks.Delete
[156 of 258] Compiling Gogol.Logging.Folders.Sinks.Create
[157 of 258] Compiling Gogol.Logging.Folders.Logs.List
[158 of 258] Compiling Gogol.Logging.Folders.Logs.Delete
[159 of 258] Compiling Gogol.Logging.Folders.Locations.SavedQueries.Patch
[160 of 258] Compiling Gogol.Logging.Folders.Locations.SavedQueries.List
[161 of 258] Compiling Gogol.Logging.Folders.Locations.SavedQueries.Get
[162 of 258] Compiling Gogol.Logging.Folders.Locations.SavedQueries.Delete
[163 of 258] Compiling Gogol.Logging.Folders.Locations.SavedQueries.Create
[164 of 258] Compiling Gogol.Logging.Folders.Locations.RecentQueries.List
[165 of 258] Compiling Gogol.Logging.Folders.Locations.Operations.List
[166 of 258] Compiling Gogol.Logging.Folders.Locations.Operations.Get
[167 of 258] Compiling Gogol.Logging.Folders.Locations.Operations.Cancel
[168 of 258] Compiling Gogol.Logging.Folders.Locations.LogScopes.Patch
[169 of 258] Compiling Gogol.Logging.Folders.Locations.LogScopes.List
[170 of 258] Compiling Gogol.Logging.Folders.Locations.LogScopes.Get
[171 of 258] Compiling Gogol.Logging.Folders.Locations.LogScopes.Delete
[172 of 258] Compiling Gogol.Logging.Folders.Locations.LogScopes.Create
[173 of 258] Compiling Gogol.Logging.Folders.Locations.List
[174 of 258] Compiling Gogol.Logging.Folders.Locations.Get
[175 of 258] Compiling Gogol.Logging.Folders.Locations.Buckets.Views.TestIamPermissions
[176 of 258] Compiling Gogol.Logging.Folders.Locations.Buckets.Views.SetIamPolicy
[177 of 258] Compiling Gogol.Logging.Folders.Locations.Buckets.Views.Patch
[178 of 258] Compiling Gogol.Logging.Folders.Locations.Buckets.Views.Logs.List
[179 of 258] Compiling Gogol.Logging.Folders.Locations.Buckets.Views.List
[180 of 258] Compiling Gogol.Logging.Folders.Locations.Buckets.Views.GetIamPolicy
[181 of 258] Compiling Gogol.Logging.Folders.Locations.Buckets.Views.Get
[182 of 258] Compiling Gogol.Logging.Folders.Locations.Buckets.Views.Delete
[183 of 258] Compiling Gogol.Logging.Folders.Locations.Buckets.Views.Create
[184 of 258] Compiling Gogol.Logging.Folders.Locations.Buckets.UpdateAsync
[185 of 258] Compiling Gogol.Logging.Folders.Locations.Buckets.Undelete
[186 of 258] Compiling Gogol.Logging.Folders.Locations.Buckets.Patch
[187 of 258] Compiling Gogol.Logging.Folders.Locations.Buckets.List
[188 of 258] Compiling Gogol.Logging.Folders.Locations.Buckets.Links.List
[189 of 258] Compiling Gogol.Logging.Folders.Locations.Buckets.Links.Get
[190 of 258] Compiling Gogol.Logging.Folders.Locations.Buckets.Links.Delete
[191 of 258] Compiling Gogol.Logging.Folders.Locations.Buckets.Links.Create
[192 of 258] Compiling Gogol.Logging.Folders.Locations.Buckets.Get
[193 of 258] Compiling Gogol.Logging.Folders.Locations.Buckets.Delete
[194 of 258] Compiling Gogol.Logging.Folders.Locations.Buckets.CreateAsync
[195 of 258] Compiling Gogol.Logging.Folders.Locations.Buckets.Create
[196 of 258] Compiling Gogol.Logging.Folders.GetSettings
[197 of 258] Compiling Gogol.Logging.Folders.GetCmekSettings
[198 of 258] Compiling Gogol.Logging.Folders.Exclusions.Patch
[199 of 258] Compiling Gogol.Logging.Folders.Exclusions.List
[200 of 258] Compiling Gogol.Logging.Folders.Exclusions.Get
[201 of 258] Compiling Gogol.Logging.Folders.Exclusions.Delete
[202 of 258] Compiling Gogol.Logging.Folders.Exclusions.Create
[203 of 258] Compiling Gogol.Logging.Exclusions.Patch
[204 of 258] Compiling Gogol.Logging.Exclusions.List
[205 of 258] Compiling Gogol.Logging.Exclusions.Get
[206 of 258] Compiling Gogol.Logging.Exclusions.Delete
[207 of 258] Compiling Gogol.Logging.Exclusions.Create
[208 of 258] Compiling Gogol.Logging.Entries.Write
[209 of 258] Compiling Gogol.Logging.Entries.Tail
[210 of 258] Compiling Gogol.Logging.Entries.List
[211 of 258] Compiling Gogol.Logging.Entries.Copy
[212 of 258] Compiling Gogol.Logging.BillingAccounts.Sinks.Update
[213 of 258] Compiling Gogol.Logging.BillingAccounts.Sinks.Patch
[214 of 258] Compiling Gogol.Logging.BillingAccounts.Sinks.List
[215 of 258] Compiling Gogol.Logging.BillingAccounts.Sinks.Get
[216 of 258] Compiling Gogol.Logging.BillingAccounts.Sinks.Delete
[217 of 258] Compiling Gogol.Logging.BillingAccounts.Sinks.Create
[218 of 258] Compiling Gogol.Logging.BillingAccounts.Logs.List
[219 of 258] Compiling Gogol.Logging.BillingAccounts.Logs.Delete
[220 of 258] Compiling Gogol.Logging.BillingAccounts.Locations.SavedQueries.Patch
[221 of 258] Compiling Gogol.Logging.BillingAccounts.Locations.SavedQueries.List
[222 of 258] Compiling Gogol.Logging.BillingAccounts.Locations.SavedQueries.Get
[223 of 258] Compiling Gogol.Logging.BillingAccounts.Locations.SavedQueries.Delete
[224 of 258] Compiling Gogol.Logging.BillingAccounts.Locations.SavedQueries.Create
[225 of 258] Compiling Gogol.Logging.BillingAccounts.Locations.RecentQueries.List
[226 of 258] Compiling Gogol.Logging.BillingAccounts.Locations.Operations.List
[227 of 258] Compiling Gogol.Logging.BillingAccounts.Locations.Operations.Get
[228 of 258] Compiling Gogol.Logging.BillingAccounts.Locations.Operations.Cancel
[229 of 258] Compiling Gogol.Logging.BillingAccounts.Locations.List
[230 of 258] Compiling Gogol.Logging.BillingAccounts.Locations.Get
[231 of 258] Compiling Gogol.Logging.BillingAccounts.Locations.Buckets.Views.Patch
[232 of 258] Compiling Gogol.Logging.BillingAccounts.Locations.Buckets.Views.Logs.List
[233 of 258] Compiling Gogol.Logging.BillingAccounts.Locations.Buckets.Views.List
[234 of 258] Compiling Gogol.Logging.BillingAccounts.Locations.Buckets.Views.Get
[235 of 258] Compiling Gogol.Logging.BillingAccounts.Locations.Buckets.Views.Delete
[236 of 258] Compiling Gogol.Logging.BillingAccounts.Locations.Buckets.Views.Create
[237 of 258] Compiling Gogol.Logging.BillingAccounts.Locations.Buckets.UpdateAsync
[238 of 258] Compiling Gogol.Logging.BillingAccounts.Locations.Buckets.Undelete
[239 of 258] Compiling Gogol.Logging.BillingAccounts.Locations.Buckets.Patch
[240 of 258] Compiling Gogol.Logging.BillingAccounts.Locations.Buckets.List
[241 of 258] Compiling Gogol.Logging.BillingAccounts.Locations.Buckets.Links.List
[242 of 258] Compiling Gogol.Logging.BillingAccounts.Locations.Buckets.Links.Get
[243 of 258] Compiling Gogol.Logging.BillingAccounts.Locations.Buckets.Links.Delete
[244 of 258] Compiling Gogol.Logging.BillingAccounts.Locations.Buckets.Links.Create
[245 of 258] Compiling Gogol.Logging.BillingAccounts.Locations.Buckets.Get
[246 of 258] Compiling Gogol.Logging.BillingAccounts.Locations.Buckets.Delete
[247 of 258] Compiling Gogol.Logging.BillingAccounts.Locations.Buckets.CreateAsync
[248 of 258] Compiling Gogol.Logging.BillingAccounts.Locations.Buckets.Create
[249 of 258] Compiling Gogol.Logging.BillingAccounts.GetSettings
[250 of 258] Compiling Gogol.Logging.BillingAccounts.GetCmekSettings
[251 of 258] Compiling Gogol.Logging.BillingAccounts.Exclusions.Patch
[252 of 258] Compiling Gogol.Logging.BillingAccounts.Exclusions.List
[253 of 258] Compiling Gogol.Logging.BillingAccounts.Exclusions.Get
[254 of 258] Compiling Gogol.Logging.BillingAccounts.Exclusions.Delete
[255 of 258] Compiling Gogol.Logging.BillingAccounts.Exclusions.Create
[256 of 258] Compiling Gogol.Logging.UpdateCmekSettings
[257 of 258] Compiling Gogol.Logging.UpdateSettings
[258 of 258] Compiling Gogol.Logging
