Resolving dependencies...
Build profile: -w ghc-9.10.2 -O1
In order, the following will be built (use -v for more details):
 - aws-lambda-haskell-runtime-4.3.2 (lib) (first run)
 - aws-lambda-haskell-runtime-4.3.2 (test:aws-lambda-haskell-runtime-test) (first run)
Configuring library for aws-lambda-haskell-runtime-4.3.2...
Preprocessing library for aws-lambda-haskell-runtime-4.3.2...
Building library for aws-lambda-haskell-runtime-4.3.2...
[ 1 of 17] Compiling Aws.Lambda.Runtime.API.Version
[ 2 of 17] Compiling Aws.Lambda.Runtime.API.Endpoints
[ 3 of 17] Compiling Aws.Lambda.Runtime.Error
[ 4 of 17] Compiling Aws.Lambda.Runtime.Environment
[ 5 of 17] Compiling Aws.Lambda.Runtime.ApiInfo
[ 6 of 17] Compiling Aws.Lambda.Runtime.Context
[ 7 of 17] Compiling Aws.Lambda.Runtime.StandaloneLambda.Types
[ 8 of 17] Compiling Aws.Lambda.Utilities
[ 9 of 17] Compiling Aws.Lambda.Runtime.APIGateway.Types
[10 of 17] Compiling Aws.Lambda.Runtime.Configuration
[11 of 17] Compiling Aws.Lambda.Runtime.ALB.Types
[12 of 17] Compiling Aws.Lambda.Runtime.Common
[13 of 17] Compiling Aws.Lambda.Runtime.Publish
[14 of 17] Compiling Aws.Lambda.Runtime
[15 of 17] Compiling Aws.Lambda.Setup
[16 of 17] Compiling Aws.Lambda
[17 of 17] Compiling Paths_aws_lambda_haskell_runtime
Configuring test suite 'aws-lambda-haskell-runtime-test' for aws-lambda-haskell-runtime-4.3.2...
Preprocessing test suite 'aws-lambda-haskell-runtime-test' for aws-lambda-haskell-runtime-4.3.2...
Building test suite 'aws-lambda-haskell-runtime-test' for aws-lambda-haskell-runtime-4.3.2...
[1 of 2] Compiling Main
[2 of 2] Compiling Paths_aws_lambda_haskell_runtime
[3 of 3] Linking dist-newstyle/build/x86_64-linux/ghc-9.10.2/aws-lambda-haskell-runtime-4.3.2/t/aws-lambda-haskell-runtime-test/build/aws-lambda-haskell-runtime-test/aws-lambda-haskell-runtime-test
