Warning: The package description file ./stm-split.cabal has warnings:
stm-split.cabal:39:17: version operators used. To use version operators the
package needs to specify at least 'cabal-version: >= 1.8'.
stm-split.cabal:40:16: version operators used. To use version operators the
package needs to specify at least 'cabal-version: >= 1.8'.
Warning: The package description file
/tmp/workdir-stm-split/stm-split-0.0.2.1/stm-split.cabal has warnings:
/tmp/workdir-stm-split/stm-split-0.0.2.1/stm-split.cabal:39:17: version
operators used. To use version operators the package needs to specify at least
'cabal-version: >= 1.8'.
/tmp/workdir-stm-split/stm-split-0.0.2.1/stm-split.cabal:40:16: version
operators used. To use version operators the package needs to specify at least
'cabal-version: >= 1.8'.
Resolving dependencies...
Build profile: -w ghc-9.10.2 -O1
In order, the following will be built (use -v for more details):
 - stm-split-0.0.2.1 (lib:stm-split) (first run)
Warning: stm-split.cabal:39:17: version operators used. To use version
operators the package needs to specify at least 'cabal-version: >= 1.8'.
Warning: stm-split.cabal:40:16: version operators used. To use version
operators the package needs to specify at least 'cabal-version: >= 1.8'.
Configuring stm-split-0.0.2.1...
Preprocessing library for stm-split-0.0.2.1...
Building library for stm-split-0.0.2.1...
[1 of 3] Compiling Control.Concurrent.STM.Split.Class
[2 of 3] Compiling Control.Concurrent.STM.Split.Chan
[3 of 3] Compiling Control.Concurrent.STM.Split.MVar
