Resolving dependencies...
Build profile: -w ghc-9.10.2 -O1
In order, the following will be built (use -v for more details):
 - rhine-terminal-1.5 (lib) (first run)
 - rhine-terminal-1.5 (test:rhine-terminal-tests) (first run)
 - rhine-terminal-1.5 (exe:rhine-terminal-simple) (first run)
Configuring library for rhine-terminal-1.5...
Preprocessing library for rhine-terminal-1.5...
Building library for rhine-terminal-1.5...
[1 of 1] Compiling FRP.Rhine.Terminal
Configuring test suite 'rhine-terminal-tests' for rhine-terminal-1.5...
Preprocessing test suite 'rhine-terminal-tests' for rhine-terminal-1.5...
Building test suite 'rhine-terminal-tests' for rhine-terminal-1.5...
[1 of 1] Compiling Main
[2 of 2] Linking /tmp/workdir-rhine-terminal/rhine-terminal-1.5/dist-newstyle/build/x86_64-linux/ghc-9.10.2/rhine-terminal-1.5/t/rhine-terminal-tests/build/rhine-terminal-tests/rhine-terminal-tests
Configuring executable 'rhine-terminal-simple' for rhine-terminal-1.5...
Preprocessing executable 'rhine-terminal-simple' for rhine-terminal-1.5...
Building executable 'rhine-terminal-simple' for rhine-terminal-1.5...
[1 of 1] Compiling Main
[2 of 2] Linking /tmp/workdir-rhine-terminal/rhine-terminal-1.5/dist-newstyle/build/x86_64-linux/ghc-9.10.2/rhine-terminal-1.5/x/rhine-terminal-simple/build/rhine-terminal-simple/rhine-terminal-simple
