Resolving dependencies...
Build profile: -w ghc-9.10.2 -O1
In order, the following will be built (use -v for more details):
 - trie-simple-0.4.4 (lib) (first run)
 - trie-simple-0.4.4 (test:trie-simple-test) (first run)
Configuring library for trie-simple-0.4.4...
Preprocessing library for trie-simple-0.4.4...
Building library for trie-simple-0.4.4...
[1 of 6] Compiling Data.Trie.Set.Hidden
[2 of 6] Compiling Data.Trie.Set
[3 of 6] Compiling Data.Trie.Set.Internal
[4 of 6] Compiling Data.Trie.Map.Hidden
[5 of 6] Compiling Data.Trie.Map.Internal
[6 of 6] Compiling Data.Trie.Map
Configuring test suite 'trie-simple-test' for trie-simple-0.4.4...
Preprocessing test suite 'trie-simple-test' for trie-simple-0.4.4...
Building test suite 'trie-simple-test' for trie-simple-0.4.4...
[1 of 6] Compiling Common
[2 of 6] Compiling Data.Trie.Map.Gen
[3 of 6] Compiling Data.Trie.Set.Gen
[4 of 6] Compiling Data.Trie.MapSpec
test/Data/Trie/MapSpec.hs:11:37: warning: [GHC-38856] [-Wunused-imports]
    The import of ‘foldl'’ from module ‘Data.List’ is redundant
   |
11 | import           Data.List (sortBy, foldl', inits)
   |                                     ^^^^^^

test/Data/Trie/MapSpec.hs:13:1: warning: [GHC-66111] [-Wunused-imports]
    The import of ‘Data.Map’ is redundant
      except perhaps to import instances from ‘Data.Map’
    To import instances alone, use: import Data.Map()
   |
13 | import           Data.Map            (Map)
   | ^^^^^^^^^^^^^^^^^^^^^^^^^^^^^^^^^^^^^^^^^^

[5 of 6] Compiling Data.Trie.SetSpec
[6 of 6] Compiling Main
[7 of 7] Linking /tmp/workdir-trie-simple/trie-simple-0.4.4/dist-newstyle/build/x86_64-linux/ghc-9.10.2/trie-simple-0.4.4/t/trie-simple-test/build/trie-simple-test/trie-simple-test
