Resolving dependencies...
Build profile: -w ghc-9.10.2 -O1
In order, the following will be built (use -v for more details):
 - gogol-dataproc-1.0.0 (lib) (first run)
Configuring library for gogol-dataproc-1.0.0...
Preprocessing library for gogol-dataproc-1.0.0...
Building library for gogol-dataproc-1.0.0...
[  1 of 133] Compiling Gogol.Dataproc.Internal.Sum
[  2 of 133] Compiling Gogol.Dataproc.Internal.Product
[  3 of 133] Compiling Gogol.Dataproc.Types
[  4 of 133] Compiling Gogol.Dataproc.Projects.Regions.WorkflowTemplates.Update
[  5 of 133] Compiling Gogol.Dataproc.Projects.Regions.WorkflowTemplates.TestIamPermissions
[  6 of 133] Compiling Gogol.Dataproc.Projects.Regions.WorkflowTemplates.SetIamPolicy
[  7 of 133] Compiling Gogol.Dataproc.Projects.Regions.WorkflowTemplates.List
[  8 of 133] Compiling Gogol.Dataproc.Projects.Regions.WorkflowTemplates.InstantiateInline
[  9 of 133] Compiling Gogol.Dataproc.Projects.Regions.WorkflowTemplates.Instantiate
[ 10 of 133] Compiling Gogol.Dataproc.Projects.Regions.WorkflowTemplates.GetIamPolicy
[ 11 of 133] Compiling Gogol.Dataproc.Projects.Regions.WorkflowTemplates.Get
[ 12 of 133] Compiling Gogol.Dataproc.Projects.Regions.WorkflowTemplates.Delete
[ 13 of 133] Compiling Gogol.Dataproc.Projects.Regions.WorkflowTemplates.Create
[ 14 of 133] Compiling Gogol.Dataproc.Projects.Regions.Operations.TestIamPermissions
[ 15 of 133] Compiling Gogol.Dataproc.Projects.Regions.Operations.SetIamPolicy
[ 16 of 133] Compiling Gogol.Dataproc.Projects.Regions.Operations.List
[ 17 of 133] Compiling Gogol.Dataproc.Projects.Regions.Operations.GetIamPolicy
[ 18 of 133] Compiling Gogol.Dataproc.Projects.Regions.Operations.Get
[ 19 of 133] Compiling Gogol.Dataproc.Projects.Regions.Operations.Delete
[ 20 of 133] Compiling Gogol.Dataproc.Projects.Regions.Operations.Cancel
[ 21 of 133] Compiling Gogol.Dataproc.Projects.Regions.Jobs.TestIamPermissions
[ 22 of 133] Compiling Gogol.Dataproc.Projects.Regions.Jobs.SubmitAsOperation
[ 23 of 133] Compiling Gogol.Dataproc.Projects.Regions.Jobs.Submit
[ 24 of 133] Compiling Gogol.Dataproc.Projects.Regions.Jobs.SetIamPolicy
[ 25 of 133] Compiling Gogol.Dataproc.Projects.Regions.Jobs.Patch
[ 26 of 133] Compiling Gogol.Dataproc.Projects.Regions.Jobs.List
[ 27 of 133] Compiling Gogol.Dataproc.Projects.Regions.Jobs.GetIamPolicy
[ 28 of 133] Compiling Gogol.Dataproc.Projects.Regions.Jobs.Get
[ 29 of 133] Compiling Gogol.Dataproc.Projects.Regions.Jobs.Delete
[ 30 of 133] Compiling Gogol.Dataproc.Projects.Regions.Jobs.Cancel
[ 31 of 133] Compiling Gogol.Dataproc.Projects.Regions.Clusters.TestIamPermissions
[ 32 of 133] Compiling Gogol.Dataproc.Projects.Regions.Clusters.Stop
[ 33 of 133] Compiling Gogol.Dataproc.Projects.Regions.Clusters.Start
[ 34 of 133] Compiling Gogol.Dataproc.Projects.Regions.Clusters.SetIamPolicy
[ 35 of 133] Compiling Gogol.Dataproc.Projects.Regions.Clusters.Repair
[ 36 of 133] Compiling Gogol.Dataproc.Projects.Regions.Clusters.Patch
[ 37 of 133] Compiling Gogol.Dataproc.Projects.Regions.Clusters.NodeGroups.Resize
[ 38 of 133] Compiling Gogol.Dataproc.Projects.Regions.Clusters.NodeGroups.Repair
[ 39 of 133] Compiling Gogol.Dataproc.Projects.Regions.Clusters.NodeGroups.Get
[ 40 of 133] Compiling Gogol.Dataproc.Projects.Regions.Clusters.NodeGroups.Create
[ 41 of 133] Compiling Gogol.Dataproc.Projects.Regions.Clusters.List
[ 42 of 133] Compiling Gogol.Dataproc.Projects.Regions.Clusters.InjectCredentials
[ 43 of 133] Compiling Gogol.Dataproc.Projects.Regions.Clusters.GetIamPolicy
[ 44 of 133] Compiling Gogol.Dataproc.Projects.Regions.Clusters.Get
[ 45 of 133] Compiling Gogol.Dataproc.Projects.Regions.Clusters.Diagnose
[ 46 of 133] Compiling Gogol.Dataproc.Projects.Regions.Clusters.Delete
[ 47 of 133] Compiling Gogol.Dataproc.Projects.Regions.Clusters.Create
[ 48 of 133] Compiling Gogol.Dataproc.Projects.Regions.AutoscalingPolicies.Update
[ 49 of 133] Compiling Gogol.Dataproc.Projects.Regions.AutoscalingPolicies.TestIamPermissions
[ 50 of 133] Compiling Gogol.Dataproc.Projects.Regions.AutoscalingPolicies.SetIamPolicy
[ 51 of 133] Compiling Gogol.Dataproc.Projects.Regions.AutoscalingPolicies.List
[ 52 of 133] Compiling Gogol.Dataproc.Projects.Regions.AutoscalingPolicies.GetIamPolicy
[ 53 of 133] Compiling Gogol.Dataproc.Projects.Regions.AutoscalingPolicies.Get
[ 54 of 133] Compiling Gogol.Dataproc.Projects.Regions.AutoscalingPolicies.Delete
[ 55 of 133] Compiling Gogol.Dataproc.Projects.Regions.AutoscalingPolicies.Create
[ 56 of 133] Compiling Gogol.Dataproc.Projects.Locations.WorkflowTemplates.Update
[ 57 of 133] Compiling Gogol.Dataproc.Projects.Locations.WorkflowTemplates.TestIamPermissions
[ 58 of 133] Compiling Gogol.Dataproc.Projects.Locations.WorkflowTemplates.SetIamPolicy
[ 59 of 133] Compiling Gogol.Dataproc.Projects.Locations.WorkflowTemplates.List
[ 60 of 133] Compiling Gogol.Dataproc.Projects.Locations.WorkflowTemplates.InstantiateInline
[ 61 of 133] Compiling Gogol.Dataproc.Projects.Locations.WorkflowTemplates.Instantiate
[ 62 of 133] Compiling Gogol.Dataproc.Projects.Locations.WorkflowTemplates.GetIamPolicy
[ 63 of 133] Compiling Gogol.Dataproc.Projects.Locations.WorkflowTemplates.Get
[ 64 of 133] Compiling Gogol.Dataproc.Projects.Locations.WorkflowTemplates.Delete
[ 65 of 133] Compiling Gogol.Dataproc.Projects.Locations.WorkflowTemplates.Create
[ 66 of 133] Compiling Gogol.Dataproc.Projects.Locations.Sessions.Terminate
[ 67 of 133] Compiling Gogol.Dataproc.Projects.Locations.Sessions.SparkApplications.Write
[ 68 of 133] Compiling Gogol.Dataproc.Projects.Locations.Sessions.SparkApplications.SummarizeStages
[ 69 of 133] Compiling Gogol.Dataproc.Projects.Locations.Sessions.SparkApplications.SummarizeStageAttemptTasks
[ 70 of 133] Compiling Gogol.Dataproc.Projects.Locations.Sessions.SparkApplications.SummarizeJobs
[ 71 of 133] Compiling Gogol.Dataproc.Projects.Locations.Sessions.SparkApplications.SummarizeExecutors
[ 72 of 133] Compiling Gogol.Dataproc.Projects.Locations.Sessions.SparkApplications.SearchStages
[ 73 of 133] Compiling Gogol.Dataproc.Projects.Locations.Sessions.SparkApplications.SearchStageAttempts
[ 74 of 133] Compiling Gogol.Dataproc.Projects.Locations.Sessions.SparkApplications.SearchStageAttemptTasks
[ 75 of 133] Compiling Gogol.Dataproc.Projects.Locations.Sessions.SparkApplications.SearchSqlQueries
[ 76 of 133] Compiling Gogol.Dataproc.Projects.Locations.Sessions.SparkApplications.SearchJobs
[ 77 of 133] Compiling Gogol.Dataproc.Projects.Locations.Sessions.SparkApplications.SearchExecutors
[ 78 of 133] Compiling Gogol.Dataproc.Projects.Locations.Sessions.SparkApplications.SearchExecutorStageSummary
[ 79 of 133] Compiling Gogol.Dataproc.Projects.Locations.Sessions.SparkApplications.Search
[ 80 of 133] Compiling Gogol.Dataproc.Projects.Locations.Sessions.SparkApplications.AccessStageRddGraph
[ 81 of 133] Compiling Gogol.Dataproc.Projects.Locations.Sessions.SparkApplications.AccessStageAttempt
[ 82 of 133] Compiling Gogol.Dataproc.Projects.Locations.Sessions.SparkApplications.AccessSqlQuery
[ 83 of 133] Compiling Gogol.Dataproc.Projects.Locations.Sessions.SparkApplications.AccessSqlPlan
[ 84 of 133] Compiling Gogol.Dataproc.Projects.Locations.Sessions.SparkApplications.AccessJob
[ 85 of 133] Compiling Gogol.Dataproc.Projects.Locations.Sessions.SparkApplications.AccessEnvironmentInfo
[ 86 of 133] Compiling Gogol.Dataproc.Projects.Locations.Sessions.SparkApplications.Access
[ 87 of 133] Compiling Gogol.Dataproc.Projects.Locations.Sessions.List
[ 88 of 133] Compiling Gogol.Dataproc.Projects.Locations.Sessions.Get
[ 89 of 133] Compiling Gogol.Dataproc.Projects.Locations.Sessions.Delete
[ 90 of 133] Compiling Gogol.Dataproc.Projects.Locations.Sessions.Create
[ 91 of 133] Compiling Gogol.Dataproc.Projects.Locations.SessionTemplates.Patch
[ 92 of 133] Compiling Gogol.Dataproc.Projects.Locations.SessionTemplates.List
[ 93 of 133] Compiling Gogol.Dataproc.Projects.Locations.SessionTemplates.Get
[ 94 of 133] Compiling Gogol.Dataproc.Projects.Locations.SessionTemplates.Delete
[ 95 of 133] Compiling Gogol.Dataproc.Projects.Locations.SessionTemplates.Create
[ 96 of 133] Compiling Gogol.Dataproc.Projects.Locations.Operations.List
[ 97 of 133] Compiling Gogol.Dataproc.Projects.Locations.Operations.Get
[ 98 of 133] Compiling Gogol.Dataproc.Projects.Locations.Operations.Delete
[ 99 of 133] Compiling Gogol.Dataproc.Projects.Locations.Operations.Cancel
[100 of 133] Compiling Gogol.Dataproc.Projects.Locations.Batches.SparkApplications.Write
[101 of 133] Compiling Gogol.Dataproc.Projects.Locations.Batches.SparkApplications.SummarizeStages
[102 of 133] Compiling Gogol.Dataproc.Projects.Locations.Batches.SparkApplications.SummarizeStageAttemptTasks
[103 of 133] Compiling Gogol.Dataproc.Projects.Locations.Batches.SparkApplications.SummarizeJobs
[104 of 133] Compiling Gogol.Dataproc.Projects.Locations.Batches.SparkApplications.SummarizeExecutors
[105 of 133] Compiling Gogol.Dataproc.Projects.Locations.Batches.SparkApplications.SearchStages
[106 of 133] Compiling Gogol.Dataproc.Projects.Locations.Batches.SparkApplications.SearchStageAttempts
[107 of 133] Compiling Gogol.Dataproc.Projects.Locations.Batches.SparkApplications.SearchStageAttemptTasks
[108 of 133] Compiling Gogol.Dataproc.Projects.Locations.Batches.SparkApplications.SearchSqlQueries
[109 of 133] Compiling Gogol.Dataproc.Projects.Locations.Batches.SparkApplications.SearchJobs
[110 of 133] Compiling Gogol.Dataproc.Projects.Locations.Batches.SparkApplications.SearchExecutors
[111 of 133] Compiling Gogol.Dataproc.Projects.Locations.Batches.SparkApplications.SearchExecutorStageSummary
[112 of 133] Compiling Gogol.Dataproc.Projects.Locations.Batches.SparkApplications.Search
[113 of 133] Compiling Gogol.Dataproc.Projects.Locations.Batches.SparkApplications.AccessStageRddGraph
[114 of 133] Compiling Gogol.Dataproc.Projects.Locations.Batches.SparkApplications.AccessStageAttempt
[115 of 133] Compiling Gogol.Dataproc.Projects.Locations.Batches.SparkApplications.AccessSqlQuery
[116 of 133] Compiling Gogol.Dataproc.Projects.Locations.Batches.SparkApplications.AccessSqlPlan
[117 of 133] Compiling Gogol.Dataproc.Projects.Locations.Batches.SparkApplications.AccessJob
[118 of 133] Compiling Gogol.Dataproc.Projects.Locations.Batches.SparkApplications.AccessEnvironmentInfo
[119 of 133] Compiling Gogol.Dataproc.Projects.Locations.Batches.SparkApplications.Access
[120 of 133] Compiling Gogol.Dataproc.Projects.Locations.Batches.List
[121 of 133] Compiling Gogol.Dataproc.Projects.Locations.Batches.Get
[122 of 133] Compiling Gogol.Dataproc.Projects.Locations.Batches.Delete
[123 of 133] Compiling Gogol.Dataproc.Projects.Locations.Batches.Create
[124 of 133] Compiling Gogol.Dataproc.Projects.Locations.Batches.Analyze
[125 of 133] Compiling Gogol.Dataproc.Projects.Locations.AutoscalingPolicies.Update
[126 of 133] Compiling Gogol.Dataproc.Projects.Locations.AutoscalingPolicies.TestIamPermissions
[127 of 133] Compiling Gogol.Dataproc.Projects.Locations.AutoscalingPolicies.SetIamPolicy
[128 of 133] Compiling Gogol.Dataproc.Projects.Locations.AutoscalingPolicies.List
[129 of 133] Compiling Gogol.Dataproc.Projects.Locations.AutoscalingPolicies.GetIamPolicy
[130 of 133] Compiling Gogol.Dataproc.Projects.Locations.AutoscalingPolicies.Get
[131 of 133] Compiling Gogol.Dataproc.Projects.Locations.AutoscalingPolicies.Delete
[132 of 133] Compiling Gogol.Dataproc.Projects.Locations.AutoscalingPolicies.Create
[133 of 133] Compiling Gogol.Dataproc
