Resolving dependencies...
Build profile: -w ghc-9.10.2 -O1
In order, the following will be built (use -v for more details):
 - yi-mode-haskell-0.19.1 (lib) (first run)
Configuring library for yi-mode-haskell-0.19.1...
Preprocessing library for yi-mode-haskell-0.19.1...
Building library for yi-mode-haskell-0.19.1...
[ 1 of 10] Compiling Paths_yi_mode_haskell
[ 2 of 10] Compiling Yi.Lexer.Haskell
[ 3 of 10] Compiling Yi.Lexer.LiterateHaskell
[ 4 of 10] Compiling Yi.Mode.GHCi
[ 5 of 10] Compiling Yi.Syntax.Haskell
src/Yi/Syntax/Haskell.hs:152:37-57: warning: [GHC-62161] [-Wincomplete-uni-patterns]
    Pattern match(es) are non-exhaustive
    In a lambda abstraction:
        Patterns of type ‘[Exp t]’ not matched:
            []
            [_]
            (_:_:_:_)
    |
152 |        (ProgMod a b)     -> ([a,b], \[a,b] -> ProgMod a b)
    |                                     ^^^^^^^^^^^^^^^^^^^^^

src/Yi/Syntax/Haskell.hs:153:46-79: warning: [GHC-62161] [-Wincomplete-uni-patterns]
    Pattern match(es) are non-exhaustive
    In a lambda abstraction:
        Patterns of type ‘[Exp t]’ not matched:
            []
            [_]
            [_, _]
            (_:_:_:_:_)
    |
153 |        (Body x exp exp') -> ([x, exp, exp'], \[x, exp, exp'] -> Body x exp exp')
    |                                              ^^^^^^^^^^^^^^^^^^^^^^^^^^^^^^^^^^

src/Yi/Syntax/Haskell.hs:154:37-62: warning: [GHC-62161] [-Wincomplete-uni-patterns]
    Pattern match(es) are non-exhaustive
    In a lambda abstraction:
        Patterns of type ‘[Exp t]’ not matched:
            []
            (_:_:_)
    |
154 |        (PModule x (Just e)) -> ([e],\[e] -> PModule x (Just e))
    |                                     ^^^^^^^^^^^^^^^^^^^^^^^^^^

src/Yi/Syntax/Haskell.hs:156:23-60: warning: [GHC-62161] [-Wincomplete-uni-patterns]
    Pattern match(es) are non-exhaustive
    In a lambda abstraction: Patterns of type ‘[Exp t]’ not matched: []
    |
156 |          (l:g ++ [r], \(l:gr) -> Paren l (init gr) (last gr))
    |                       ^^^^^^^^^^^^^^^^^^^^^^^^^^^^^^^^^^^^^^

src/Yi/Syntax/Haskell.hs:157:33-51: warning: [GHC-62161] [-Wincomplete-uni-patterns]
    Pattern match(es) are non-exhaustive
    In a lambda abstraction:
        Patterns of type ‘[Exp t]’ not matched:
            []
            [_]
            (_:_:_:_)
    |
157 |        (RHS l g)      -> ([l,g],\[l,g] -> (RHS l g))
    |                                 ^^^^^^^^^^^^^^^^^^^

src/Yi/Syntax/Haskell.hs:159:35-56: warning: [GHC-62161] [-Wincomplete-uni-patterns]
    Pattern match(es) are non-exhaustive
    In a lambda abstraction:
        Patterns of type ‘[Exp t]’ not matched:
            []
            [_]
            [_, _]
            (_:_:_:_:_)
    |
159 |        (PLet l s i)   -> ([l,s,i],\[l,s,i] -> PLet l s i)
    |                                   ^^^^^^^^^^^^^^^^^^^^^^

src/Yi/Syntax/Haskell.hs:162:35-58: warning: [GHC-62161] [-Wincomplete-uni-patterns]
    Pattern match(es) are non-exhaustive
    In a lambda abstraction:
        Patterns of type ‘[Exp t]’ not matched:
            []
            [_]
            [_, _]
            (_:_:_:_:_)
    |
162 |        (PClass a b c) -> ([a,b,c],\[a,b,c] -> PClass a b c)
    |                                   ^^^^^^^^^^^^^^^^^^^^^^^^

src/Yi/Syntax/Haskell.hs:163:35-58: warning: [GHC-62161] [-Wincomplete-uni-patterns]
    Pattern match(es) are non-exhaustive
    In a lambda abstraction:
        Patterns of type ‘[Exp t]’ not matched:
            []
            [_]
            [_, _]
            (_:_:_:_:_)
    |
163 |        (PWhere a b c) -> ([a,b,c],\[a,b,c] -> PWhere a b c)
    |                                   ^^^^^^^^^^^^^^^^^^^^^^^^

src/Yi/Syntax/Haskell.hs:164:31-52: warning: [GHC-62161] [-Wincomplete-uni-patterns]
    Pattern match(es) are non-exhaustive
    In a lambda abstraction:
        Patterns of type ‘[Exp t]’ not matched:
            []
            (_:_:_)
    |
164 |        (Opt (Just x)) -> ([x],\[x] -> (Opt (Just x)))
    |                               ^^^^^^^^^^^^^^^^^^^^^^

src/Yi/Syntax/Haskell.hs:165:28-46: warning: [GHC-62161] [-Wincomplete-uni-patterns]
    Pattern match(es) are non-exhaustive
    In a lambda abstraction:
        Patterns of type ‘[Exp t]’ not matched:
            []
            [_]
            (_:_:_:_)
    |
165 |        (Bin a b) -> ([a,b],\[a,b] -> (Bin a b))
    |                            ^^^^^^^^^^^^^^^^^^^

src/Yi/Syntax/Haskell.hs:166:38-64: warning: [GHC-62161] [-Wincomplete-uni-patterns]
    Pattern match(es) are non-exhaustive
    In a lambda abstraction:
        Patterns of type ‘[Exp t]’ not matched:
            []
            [_]
            [_, _]
            [_, _, _]
            ...
    |
166 |        (PType a b c d) -> ([a,b,c,d],\[a,b,c,d] -> PType a b c d)
    |                                      ^^^^^^^^^^^^^^^^^^^^^^^^^^^

src/Yi/Syntax/Haskell.hs:167:38-64: warning: [GHC-62161] [-Wincomplete-uni-patterns]
    Pattern match(es) are non-exhaustive
    In a lambda abstraction:
        Patterns of type ‘[Exp t]’ not matched:
            []
            [_]
            [_, _]
            [_, _, _]
            ...
    |
167 |        (PData a b c d) -> ([a,b,c,d],\[a,b,c,d] -> PData a b c d)
    |                                      ^^^^^^^^^^^^^^^^^^^^^^^^^^^

src/Yi/Syntax/Haskell.hs:168:32-51: warning: [GHC-62161] [-Wincomplete-uni-patterns]
    Pattern match(es) are non-exhaustive
    In a lambda abstraction:
        Patterns of type ‘[Exp t]’ not matched:
            []
            [_]
            (_:_:_:_)
    |
168 |        (PData' a b) -> ([a,b] ,\[a,b] -> PData' a b)
    |                                ^^^^^^^^^^^^^^^^^^^^

src/Yi/Syntax/Haskell.hs:169:36-60: warning: [GHC-62161] [-Wincomplete-uni-patterns]
    Pattern match(es) are non-exhaustive
    In a lambda abstraction:
        Patterns of type ‘[Exp t]’ not matched:
            []
            [_]
            [_, _]
            (_:_:_:_:_)
    |
169 |        (Context a b c) -> ([a,b,c],\[a,b,c] -> Context a b c)
    |                                    ^^^^^^^^^^^^^^^^^^^^^^^^^

src/Yi/Syntax/Haskell.hs:171:36-60: warning: [GHC-62161] [-Wincomplete-uni-patterns]
    Pattern match(es) are non-exhaustive
    In a lambda abstraction:
        Patterns of type ‘[Exp t]’ not matched:
            []
            [_]
            [_, _]
            (_:_:_:_:_)
    |
171 |        (PGuard' a b c) -> ([a,b,c],\[a,b,c] -> PGuard' a b c)
    |                                    ^^^^^^^^^^^^^^^^^^^^^^^^^

src/Yi/Syntax/Haskell.hs:172:23-34: warning: [GHC-62161] [-Wincomplete-uni-patterns]
    Pattern match(es) are non-exhaustive
    In a lambda abstraction:
        Patterns of type ‘[Exp t]’ not matched:
            []
            (_:_:_)
    |
172 |        (TC e) -> ([e],\[e] -> TC e)
    |                       ^^^^^^^^^^^^

src/Yi/Syntax/Haskell.hs:173:23-34: warning: [GHC-62161] [-Wincomplete-uni-patterns]
    Pattern match(es) are non-exhaustive
    In a lambda abstraction:
        Patterns of type ‘[Exp t]’ not matched:
            []
            (_:_:_)
    |
173 |        (DC e) -> ([e],\[e] -> DC e)
    |                       ^^^^^^^^^^^^

src/Yi/Syntax/Haskell.hs:174:42-74: warning: [GHC-62161] [-Wincomplete-uni-patterns]
    Pattern match(es) are non-exhaustive
    In a lambda abstraction:
        Patterns of type ‘[Exp t]’ not matched:
            []
            [_]
            [_, _]
            [_, _, _]
            ...
    |
174 |        PModuleDecl a b c d -> ([a,b,c,d],\[a,b,c,d] -> PModuleDecl a b c d)
    |                                          ^^^^^^^^^^^^^^^^^^^^^^^^^^^^^^^^^

src/Yi/Syntax/Haskell.hs:175:42-74: warning: [GHC-62161] [-Wincomplete-uni-patterns]
    Pattern match(es) are non-exhaustive
    In a lambda abstraction:
        Patterns of type ‘[Exp t]’ not matched:
            []
            [_]
            [_, _]
            [_, _, _]
            ...
    |
175 |        PImport a b c d e -> ([a,b,c,d,e],\[a,b,c,d,e] -> PImport a b c d e)
    |                                          ^^^^^^^^^^^^^^^^^^^^^^^^^^^^^^^^^

[ 6 of 10] Compiling Yi.Syntax.Paren
src/Yi/Syntax/Paren.hs:21:61-64: warning: [GHC-38856] [-Wunused-imports]
    The import of ‘<>’ from module ‘Data.Monoid’ is redundant
   |
21 | import           Data.Monoid         (Endo (Endo, appEndo), (<>))
   |                                                             ^^^^

src/Yi/Syntax/Paren.hs:82:34-52: warning: [GHC-62161] [-Wincomplete-uni-patterns]
    Pattern match(es) are non-exhaustive
    In a pattern binding: Patterns of type ‘[TT]’ not matched: []
   |
82 |                              let (tok:_) = toList t',
   |                                  ^^^^^^^^^^^^^^^^^^^

src/Yi/Syntax/Paren.hs:88:11-105: warning: [GHC-62161] [-Wincomplete-uni-patterns]
    Pattern match(es) are non-exhaustive
    In a pattern binding:
        Patterns of type ‘[Posn]’ not matched:
            []
            [_]
            (_:_:_:_)
   |
88 |     where bounds@[first, _last] = fmap (tokPosn . assertJust) [getFirstElement tree, getLastElement tree]
   |           ^^^^^^^^^^^^^^^^^^^^^^^^^^^^^^^^^^^^^^^^^^^^^^^^^^^^^^^^^^^^^^^^^^^^^^^^^^^^^^^^^^^^^^^^^^^^^^^

src/Yi/Syntax/Paren.hs:89:11-54: warning: [GHC-62161] [-Wincomplete-uni-patterns]
    Pattern match(es) are non-exhaustive
    In a pattern binding:
        Patterns of type ‘[Int]’ not matched:
            []
            [_]
            (_:_:_:_)
   |
89 |           [firstLine, lastLine] = fmap posnLine bounds
   |           ^^^^^^^^^^^^^^^^^^^^^^^^^^^^^^^^^^^^^^^^^^^^

[ 7 of 10] Compiling Yi.Mode.Haskell.Dollarify
src/Yi/Mode/Haskell/Dollarify.hs:18:1-43: warning: [GHC-66111] [-Wunused-imports]
    The import of ‘Data.Monoid’ is redundant
      except perhaps to import instances from ‘Data.Monoid’
    To import instances alone, use: import Data.Monoid()
   |
18 | import           Data.Monoid         ((<>))
   | ^^^^^^^^^^^^^^^^^^^^^^^^^^^^^^^^^^^^^^^^^^^

src/Yi/Mode/Haskell/Dollarify.hs:106:40-43: warning: [GHC-63394] [-Wx-partial]
    In the use of ‘head’
    (imported from Prelude, but defined in GHC.Internal.List):
    "This is a partial function, it throws an error on empty lists. Use pattern matching, 'Data.List.uncons' or 'Data.Maybe.listToMaybe' instead. Consider refactoring to use "Data.List.NonEmpty"."
    |
106 | isCollapsible = ((&&) `on` isSimple) . head <*> last
    |                                        ^^^^

src/Yi/Mode/Haskell/Dollarify.hs:113:35-38: warning: [GHC-63394] [-Wx-partial]
    In the use of ‘head’
    (imported from Prelude, but defined in GHC.Internal.List):
    "This is a partial function, it throws an error on empty lists. Use pattern matching, 'Data.List.uncons' or 'Data.Maybe.listToMaybe' instead. Consider refactoring to use "Data.List.NonEmpty"."
    |
113 | findLargestWithin r = fromMaybe . head <*> safeLast . takeWhile (within r)
    |                                   ^^^^

src/Yi/Mode/Haskell/Dollarify.hs:172:42-45: warning: [GHC-63394] [-Wx-partial]
    In the use of ‘head’
    (imported from Prelude, but defined in GHC.Internal.List):
    "This is a partial function, it throws an error on empty lists. Use pattern matching, 'Data.List.uncons' or 'Data.Maybe.listToMaybe' instead. Consider refactoring to use "Data.List.NonEmpty"."
    |
172 | isCollapsibleP = ((&&) `on` isSimpleP) . head <*> last
    |                                          ^^^^

src/Yi/Mode/Haskell/Dollarify.hs:179:36-39: warning: [GHC-63394] [-Wx-partial]
    In the use of ‘head’
    (imported from Prelude, but defined in GHC.Internal.List):
    "This is a partial function, it throws an error on empty lists. Use pattern matching, 'Data.List.uncons' or 'Data.Maybe.listToMaybe' instead. Consider refactoring to use "Data.List.NonEmpty"."
    |
179 | findLargestWithinP r = fromMaybe . head <*> safeLast . takeWhile (withinP r)
    |                                    ^^^^

[ 8 of 10] Compiling Yi.Syntax.Strokes.Haskell
src/Yi/Syntax/Strokes/Haskell.hs:20:48-51: warning: [GHC-38856] [-Wunused-imports]
    The import of ‘<>’ from module ‘Data.Monoid’ is redundant
   |
20 | import           Data.Monoid       (Endo (..), (<>))
   |                                                ^^^^

[ 9 of 10] Compiling Yi.Mode.Haskell
src/Yi/Mode/Haskell.hs:39:67-71: warning: [GHC-38856] [-Wunused-imports]
    The import of ‘forM_’ from module ‘Data.Foldable’ is redundant
   |
39 | import           Data.Foldable             (all, concatMap, elem, forM_, notElem)
   |                                                                   ^^^^^

src/Yi/Mode/Haskell.hs:41:1-49: warning: [GHC-66111] [-Wunused-imports]
    The import of ‘Data.Monoid’ is redundant
      except perhaps to import instances from ‘Data.Monoid’
    To import instances alone, use: import Data.Monoid()
   |
41 | import           Data.Monoid               ((<>))
   | ^^^^^^^^^^^^^^^^^^^^^^^^^^^^^^^^^^^^^^^^^^^^^^^^^

src/Yi/Mode/Haskell.hs:307:11-51: warning: [GHC-62161] [-Wincomplete-uni-patterns]
    Pattern match(es) are non-exhaustive
    In a pattern binding:
        Patterns of type ‘[Int]’ not matched:
            []
            [_]
            (_:_:_:_)
    |
307 |     where [la,lb] = fmap (posnLine . tokPosn) [a,b]
    |           ^^^^^^^^^^^^^^^^^^^^^^^^^^^^^^^^^^^^^^^^^

src/Yi/Mode/Haskell.hs:316:41-44: warning: [GHC-63394] [-Wx-partial]
    In the use of ‘head’
    (imported from Prelude, but defined in GHC.Internal.List):
    "This is a partial function, it throws an error on empty lists. Use pattern matching, 'Data.List.uncons' or 'Data.Maybe.listToMaybe' instead. Consider refactoring to use "Data.List.NonEmpty"."
    |
316 |       isCommentGroup g = tokTyp (tokT $ head g) `elem` fmap Just [Haskell.Line]
    |                                         ^^^^

src/Yi/Mode/Haskell.hs:323:41-44: warning: [GHC-63394] [-Wx-partial]
    In the use of ‘head’
    (imported from Prelude, but defined in GHC.Internal.List):
    "This is a partial function, it throws an error on empty lists. Use pattern matching, 'Data.List.uncons' or 'Data.Maybe.listToMaybe' instead. Consider refactoring to use "Data.List.NonEmpty"."
    |
323 |       let region = mkRegion (tokBegin . head $ g) (tokEnd . last $ g)
    |                                         ^^^^

[10 of 10] Compiling Yi.Config.Default.HaskellMode
