Resolving dependencies...
Build profile: -w ghc-9.10.2 -O1
In order, the following will be built (use -v for more details):
 - fuzzy-dates-0.1.1.2 (lib) (first run)
 - fuzzy-dates-0.1.1.2 (test:fuzzy-dates-test) (first run)
Configuring library for fuzzy-dates-0.1.1.2...
Preprocessing library for fuzzy-dates-0.1.1.2...
Building library for fuzzy-dates-0.1.1.2...
[1 of 3] Compiling Data.Dates.Parsing.Internal
[2 of 3] Compiling Data.Dates.Parsing
src/Data/Dates/Parsing.hs:233:17: warning: [GHC-63394] [-Wx-partial]
    In the use of ‘head’
    (imported from Prelude, but defined in GHC.Internal.List):
    "This is a partial function, it throws an error on empty lists. Use pattern matching, 'Data.List.uncons' or 'Data.Maybe.listToMaybe' instead. Consider refactoring to use "Data.List.NonEmpty"."
    |
233 |   case toLower (head s) of
    |                 ^^^^

[3 of 3] Compiling Paths_fuzzy_dates
Configuring test suite 'fuzzy-dates-test' for fuzzy-dates-0.1.1.2...
Preprocessing test suite 'fuzzy-dates-test' for fuzzy-dates-0.1.1.2...
Building test suite 'fuzzy-dates-test' for fuzzy-dates-0.1.1.2...
[1 of 2] Compiling Main
[2 of 2] Compiling Paths_fuzzy_dates
[3 of 3] Linking dist-newstyle/build/x86_64-linux/ghc-9.10.2/fuzzy-dates-0.1.1.2/t/fuzzy-dates-test/build/fuzzy-dates-test/fuzzy-dates-test
