Resolving dependencies...
Build profile: -w ghc-9.10.2 -O1
In order, the following will be built (use -v for more details):
 - http-conduit-2.3.9.1 (lib) (first run)
 - http-conduit-2.3.9.1 (test:test) (first run)
Configuring library for http-conduit-2.3.9.1...
Warning: [git-protocol] Cloning over git:// might lead to an arbitrary code
execution vulnerability. Furthermore, popular forges like GitHub do not
support it. Use https:// or ssh:// instead.
Preprocessing library for http-conduit-2.3.9.1...
Building library for http-conduit-2.3.9.1...
[1 of 3] Compiling Network.HTTP.Client.Conduit
[2 of 3] Compiling Network.HTTP.Conduit
[3 of 3] Compiling Network.HTTP.Simple
Network/HTTP/Simple.hs:113:1: warning: [GHC-66111] [-Wunused-imports]
    The import of ‘Data.Monoid’ is redundant
      except perhaps to import instances from ‘Data.Monoid’
    To import instances alone, use: import Data.Monoid()
    |
113 | import Data.Monoid
    | ^^^^^^^^^^^^^^^^^^

Configuring test suite 'test' for http-conduit-2.3.9.1...
Warning: [git-protocol] Cloning over git:// might lead to an arbitrary code
execution vulnerability. Furthermore, popular forges like GitHub do not
support it. Use https:// or ssh:// instead.
Preprocessing test suite 'test' for http-conduit-2.3.9.1...
Building test suite 'test' for http-conduit-2.3.9.1...
[1 of 2] Compiling CookieTest
test/CookieTest.hs:346:22: warning: [GHC-63394] [-Wx-partial]
    In the use of ‘head’
    (imported from Prelude, but defined in GHC.Internal.List):
    "This is a partial function, it throws an error on empty lists. Use pattern matching, 'Data.List.uncons' or 'Data.Maybe.listToMaybe' instead. Consider refactoring to use "Data.List.NonEmpty"."
    |
346 |   cookie_host_only $ head $ destroyCookieJar $ receiveSetCookie set_cookie default_request default_time True $ createCookieJar []
    |                      ^^^^

test/CookieTest.hs:351:28: warning: [GHC-63394] [-Wx-partial]
    In the use of ‘head’
    (imported from Prelude, but defined in GHC.Internal.List):
    "This is a partial function, it throws an error on empty lists. Use pattern matching, 'Data.List.uncons' or 'Data.Maybe.listToMaybe' instead. Consider refactoring to use "Data.List.NonEmpty"."
    |
351 |   not $ cookie_host_only $ head $ destroyCookieJar $ receiveSetCookie set_cookie default_request default_time True $ createCookieJar []
    |                            ^^^^

test/CookieTest.hs:356:22: warning: [GHC-63394] [-Wx-partial]
    In the use of ‘head’
    (imported from Prelude, but defined in GHC.Internal.List):
    "This is a partial function, it throws an error on empty lists. Use pattern matching, 'Data.List.uncons' or 'Data.Maybe.listToMaybe' instead. Consider refactoring to use "Data.List.NonEmpty"."
    |
356 |   cookie_http_only $ head $ destroyCookieJar $ receiveSetCookie set_cookie default_request default_time True $ createCookieJar []
    |                      ^^^^

test/CookieTest.hs:361:28: warning: [GHC-63394] [-Wx-partial]
    In the use of ‘head’
    (imported from Prelude, but defined in GHC.Internal.List):
    "This is a partial function, it throws an error on empty lists. Use pattern matching, 'Data.List.uncons' or 'Data.Maybe.listToMaybe' instead. Consider refactoring to use "Data.List.NonEmpty"."
    |
361 |   not $ cookie_http_only $ head $ destroyCookieJar $ receiveSetCookie set_cookie default_request default_time True $ createCookieJar []
    |                            ^^^^

test/CookieTest.hs:371:38: warning: [GHC-63394] [-Wx-partial]
    In the use of ‘head’
    (imported from Prelude, but defined in GHC.Internal.List):
    "This is a partial function, it throws an error on empty lists. Use pattern matching, 'Data.List.uncons' or 'Data.Maybe.listToMaybe' instead. Consider refactoring to use "Data.List.NonEmpty"."
    |
371 |   (fromString "name") (cookie_name $ head $ destroyCookieJar $ receiveSetCookie default_set_cookie default_request default_time True $ createCookieJar [])
    |                                      ^^^^

test/CookieTest.hs:375:40: warning: [GHC-63394] [-Wx-partial]
    In the use of ‘head’
    (imported from Prelude, but defined in GHC.Internal.List):
    "This is a partial function, it throws an error on empty lists. Use pattern matching, 'Data.List.uncons' or 'Data.Maybe.listToMaybe' instead. Consider refactoring to use "Data.List.NonEmpty"."
    |
375 |   (fromString "value") (cookie_value $ head $ destroyCookieJar $ receiveSetCookie default_set_cookie default_request default_time True $ createCookieJar [])
    |                                        ^^^^

test/CookieTest.hs:379:44: warning: [GHC-63394] [-Wx-partial]
    In the use of ‘head’
    (imported from Prelude, but defined in GHC.Internal.List):
    "This is a partial function, it throws an error on empty lists. Use pattern matching, 'Data.List.uncons' or 'Data.Maybe.listToMaybe' instead. Consider refactoring to use "Data.List.NonEmpty"."
    |
379 |   now_plus_diff_time (cookie_expiry_time $ head $ destroyCookieJar $ receiveSetCookie default_set_cookie default_request default_time True $ createCookieJar [])
    |                                            ^^^^

test/CookieTest.hs:384:38: warning: [GHC-63394] [-Wx-partial]
    In the use of ‘head’
    (imported from Prelude, but defined in GHC.Internal.List):
    "This is a partial function, it throws an error on empty lists. Use pattern matching, 'Data.List.uncons' or 'Data.Maybe.listToMaybe' instead. Consider refactoring to use "Data.List.NonEmpty"."
    |
384 |   default_time (cookie_expiry_time $ head $ destroyCookieJar $ receiveSetCookie cookie_without_max_age default_request default_time True $ createCookieJar [])
    |                                      ^^^^

test/CookieTest.hs:389:44: warning: [GHC-63394] [-Wx-partial]
    In the use of ‘head’
    (imported from Prelude, but defined in GHC.Internal.List):
    "This is a partial function, it throws an error on empty lists. Use pattern matching, 'Data.List.uncons' or 'Data.Maybe.listToMaybe' instead. Consider refactoring to use "Data.List.NonEmpty"."
    |
389 |   now_plus_diff_time (cookie_expiry_time $ head $ destroyCookieJar $ receiveSetCookie cookie_without_expiry default_request default_time True $ createCookieJar [])
    |                                            ^^^^

test/CookieTest.hs:395:40: warning: [GHC-63394] [-Wx-partial]
    In the use of ‘head’
    (imported from Prelude, but defined in GHC.Internal.List):
    "This is a partial function, it throws an error on empty lists. Use pattern matching, 'Data.List.uncons' or 'Data.Maybe.listToMaybe' instead. Consider refactoring to use "Data.List.NonEmpty"."
    |
395 |   default_time < (cookie_expiry_time $ head $ destroyCookieJar $ receiveSetCookie basic_cookie default_request default_time True $ createCookieJar [])
    |                                        ^^^^

test/CookieTest.hs:400:41: warning: [GHC-63394] [-Wx-partial]
    In the use of ‘head’
    (imported from Prelude, but defined in GHC.Internal.List):
    "This is a partial function, it throws an error on empty lists. Use pattern matching, 'Data.List.uncons' or 'Data.Maybe.listToMaybe' instead. Consider refactoring to use "Data.List.NonEmpty"."
    |
400 |   (fromString "/a/path") (cookie_path $ head $ destroyCookieJar $ receiveSetCookie set_cookie default_request default_time True $ createCookieJar [])
    |                                         ^^^^

test/CookieTest.hs:405:44: warning: [GHC-63394] [-Wx-partial]
    In the use of ‘head’
    (imported from Prelude, but defined in GHC.Internal.List):
    "This is a partial function, it throws an error on empty lists. Use pattern matching, 'Data.List.uncons' or 'Data.Maybe.listToMaybe' instead. Consider refactoring to use "Data.List.NonEmpty"."
    |
405 |   (fromString "/a/path/to") (cookie_path $ head $ destroyCookieJar $ receiveSetCookie set_cookie request default_time True $ createCookieJar [])
    |                                            ^^^^

test/CookieTest.hs:411:31: warning: [GHC-63394] [-Wx-partial]
    In the use of ‘head’
    (imported from Prelude, but defined in GHC.Internal.List):
    "This is a partial function, it throws an error on empty lists. Use pattern matching, 'Data.List.uncons' or 'Data.Maybe.listToMaybe' instead. Consider refactoring to use "Data.List.NonEmpty"."
    |
411 |   now (cookie_creation_time $ head $ destroyCookieJar $ receiveSetCookie default_set_cookie default_request now True $ createCookieJar [])
    |                               ^^^^

test/CookieTest.hs:416:34: warning: [GHC-63394] [-Wx-partial]
    In the use of ‘head’
    (imported from Prelude, but defined in GHC.Internal.List):
    "This is a partial function, it throws an error on empty lists. Use pattern matching, 'Data.List.uncons' or 'Data.Maybe.listToMaybe' instead. Consider refactoring to use "Data.List.NonEmpty"."
    |
416 |   now (cookie_last_access_time $ head $ destroyCookieJar $ receiveSetCookie default_set_cookie default_request now True $ createCookieJar [])
    |                                  ^^^^

test/CookieTest.hs:421:23: warning: [GHC-63394] [-Wx-partial]
    In the use of ‘head’
    (imported from Prelude, but defined in GHC.Internal.List):
    "This is a partial function, it throws an error on empty lists. Use pattern matching, 'Data.List.uncons' or 'Data.Maybe.listToMaybe' instead. Consider refactoring to use "Data.List.NonEmpty"."
    |
421 |   cookie_persistent $ head $ destroyCookieJar $ receiveSetCookie set_cookie default_request default_time True $ createCookieJar []
    |                       ^^^^

test/CookieTest.hs:426:24: warning: [GHC-63394] [-Wx-partial]
    In the use of ‘head’
    (imported from Prelude, but defined in GHC.Internal.List):
    "This is a partial function, it throws an error on empty lists. Use pattern matching, 'Data.List.uncons' or 'Data.Maybe.listToMaybe' instead. Consider refactoring to use "Data.List.NonEmpty"."
    |
426 |   cookie_secure_only $ head $ destroyCookieJar $ receiveSetCookie set_cookie default_request default_time True $ createCookieJar []
    |                        ^^^^

test/CookieTest.hs:431:31: warning: [GHC-63394] [-Wx-partial]
    In the use of ‘head’
    (imported from Prelude, but defined in GHC.Internal.List):
    "This is a partial function, it throws an error on empty lists. Use pattern matching, 'Data.List.uncons' or 'Data.Maybe.listToMaybe' instead. Consider refactoring to use "Data.List.NonEmpty"."
    |
431 |   total (cookie_expiry_time $ head $ destroyCookieJar $ receiveSetCookie set_cookie default_request now True $ createCookieJar [])
    |                               ^^^^

test/CookieTest.hs:440:31: warning: [GHC-63394] [-Wx-partial]
    In the use of ‘head’
    (imported from Prelude, but defined in GHC.Internal.List):
    "This is a partial function, it throws an error on empty lists. Use pattern matching, 'Data.List.uncons' or 'Data.Maybe.listToMaybe' instead. Consider refactoring to use "Data.List.NonEmpty"."
    |
440 |   total (cookie_expiry_time $ head $ destroyCookieJar $ receiveSetCookie set_cookie default_request now True $ createCookieJar [])
    |                               ^^^^

test/CookieTest.hs:450:27: warning: [GHC-63394] [-Wx-partial]
    In the use of ‘head’
    (imported from Prelude, but defined in GHC.Internal.List):
    "This is a partial function, it throws an error on empty lists. Use pattern matching, 'Data.List.uncons' or 'Data.Maybe.listToMaybe' instead. Consider refactoring to use "Data.List.NonEmpty"."
    |
450 |   t (cookie_expiry_time $ head $ destroyCookieJar $ receiveSetCookie set_cookie default_request default_time True $ createCookieJar [default_cookie])
    |                           ^^^^

test/CookieTest.hs:458:40: warning: [GHC-63394] [-Wx-partial]
    In the use of ‘head’
    (imported from Prelude, but defined in GHC.Internal.List):
    "This is a partial function, it throws an error on empty lists. Use pattern matching, 'Data.List.uncons' or 'Data.Maybe.listToMaybe' instead. Consider refactoring to use "Data.List.NonEmpty"."
    |
458 |   default_time (cookie_creation_time $ head $ destroyCookieJar $ receiveSetCookie default_set_cookie default_request now True $ createCookieJar [default_cookie])
    |                                        ^^^^

test/CookieTest.hs:463:38: warning: [GHC-63394] [-Wx-partial]
    In the use of ‘head’
    (imported from Prelude, but defined in GHC.Internal.List):
    "This is a partial function, it throws an error on empty lists. Use pattern matching, 'Data.List.uncons' or 'Data.Maybe.listToMaybe' instead. Consider refactoring to use "Data.List.NonEmpty"."
    |
463 |   default_time (cookie_expiry_time $ head $ destroyCookieJar $ receiveSetCookie default_set_cookie default_request default_time False $ createCookieJar [existing_cookie])
    |                                      ^^^^

test/CookieTest.hs:471:41: warning: [GHC-63394] [-Wx-partial]
    In the use of ‘head’
    (imported from Prelude, but defined in GHC.Internal.List):
    "This is a partial function, it throws an error on empty lists. Use pattern matching, 'Data.List.uncons' or 'Data.Maybe.listToMaybe' instead. Consider refactoring to use "Data.List.NonEmpty"."
    |
471 |         cct cj = cookie_creation_time $ head $ destroyCookieJar cj
    |                                         ^^^^

[2 of 2] Compiling Main
test/main.hs:223:21: warning: [GHC-62161] [-Wincomplete-record-updates]
    Pattern match(es) are non-exhaustive
    In a record update:
        Patterns of type ‘crypton-connection-0.4.5-87d014d541e62689a41add41dcffbfef5eaa22a4e2361d950f8c9f33fc86f070:Network.Connection.Types.TLSSettings’ not matched:
            crypton-connection-0.4.5-87d014d541e62689a41add41dcffbfef5eaa22a4e2361d950f8c9f33fc86f070:Network.Connection.Types.TLSSettings
            _
    |
223 |                     def
    |                     ^^^...

test/main.hs:234:17: warning: [GHC-62161] [-Wincomplete-uni-patterns]
    Pattern match(es) are non-exhaustive
    In a pattern binding:
        Patterns of type ‘Maybe Simple.Request’ not matched: Nothing
    |
234 |             let Just req1 = parseUrlThrow $ "http://127.0.0.1:" ++ show port1
    |                 ^^^^^^^^^^^^^^^^^^^^^^^^^^^^^^^^^^^^^^^^^^^^^^^^^^^^^^^^^^^^^

test/main.hs:235:17: warning: [GHC-62161] [-Wincomplete-uni-patterns]
    Pattern match(es) are non-exhaustive
    In a pattern binding:
        Patterns of type ‘Maybe Simple.Request’ not matched: Nothing
    |
235 |             let Just req2 = parseUrlThrow $ "http://127.0.0.1:" ++ show port2
    |                 ^^^^^^^^^^^^^^^^^^^^^^^^^^^^^^^^^^^^^^^^^^^^^^^^^^^^^^^^^^^^^

test/main.hs:254:17: warning: [GHC-62161] [-Wincomplete-uni-patterns]
    Pattern match(es) are non-exhaustive
    In a pattern binding:
        Patterns of type ‘Maybe Simple.Request’ not matched: Nothing
    |
254 |             let Just req1 = parseUrlThrow $ "http://127.0.0.1:" ++ show port
    |                 ^^^^^^^^^^^^^^^^^^^^^^^^^^^^^^^^^^^^^^^^^^^^^^^^^^^^^^^^^^^^

test/main.hs:261:17: warning: [GHC-62161] [-Wincomplete-uni-patterns]
    Pattern match(es) are non-exhaustive
    In a pattern binding:
        Patterns of type ‘Maybe Simple.Request’ not matched: Nothing
    |
261 |             let Just req1 = parseUrlThrow $ "http://127.0.0.1:" ++ show port
    |                 ^^^^^^^^^^^^^^^^^^^^^^^^^^^^^^^^^^^^^^^^^^^^^^^^^^^^^^^^^^^^

test/main.hs:268:25: warning: [GHC-62161] [-Wincomplete-uni-patterns]
    Pattern match(es) are non-exhaustive
    In a pattern binding:
        Patterns of type ‘Maybe Simple.Request’ not matched: Nothing
    |
268 |                     let Just req1 = parseUrlThrow $ concat ["http://127.0.0.1:", show port, "/redir/", encoded]
    |                         ^^^^^^^^^^^^^^^^^^^^^^^^^^^^^^^^^^^^^^^^^^^^^^^^^^^^^^^^^^^^^^^^^^^^^^^^^^^^^^^^^^^^^^^

test/main.hs:280:17: warning: [GHC-62161] [-Wincomplete-uni-patterns]
    Pattern match(es) are non-exhaustive
    In a pattern binding:
        Patterns of type ‘Maybe Simple.Request’ not matched: Nothing
    |
280 |             let Just req = parseUrlThrow $ concat ["http://127.0.0.1:", show port, "/infredir/0"]
    |                 ^^^^^^^^^^^^^^^^^^^^^^^^^^^^^^^^^^^^^^^^^^^^^^^^^^^^^^^^^^^^^^^^^^^^^^^^^^^^^^^^^

test/main.hs:293:25: warning: [GHC-62161] [-Wincomplete-uni-patterns]
    Pattern match(es) are non-exhaustive
    In a pattern binding:
        Patterns of type ‘Maybe Simple.Request’ not matched: Nothing
    |
293 |                     let Just req1 = parseUrlThrow $ "POST http://127.0.0.1:" ++ show port
    |                         ^^^^^^^^^^^^^^^^^^^^^^^^^^^^^^^^^^^^^^^^^^^^^^^^^^^^^^^^^^^^^^^^^

test/main.hs:485:21: warning: [GHC-62161] [-Wincomplete-uni-patterns]
    Pattern match(es) are non-exhaustive
    In a pattern binding:
        Patterns of type ‘Maybe Simple.Request’ not matched: Nothing
    |
485 |                 let Just req1 = parseUrlThrow $ "POST http://127.0.0.1:" ++ show port
    |                     ^^^^^^^^^^^^^^^^^^^^^^^^^^^^^^^^^^^^^^^^^^^^^^^^^^^^^^^^^^^^^^^^^

[3 of 3] Linking dist-newstyle/build/x86_64-linux/ghc-9.10.2/http-conduit-2.3.9.1/t/test/build/test/test
