Resolving dependencies...
Build profile: -w ghc-9.10.2 -O1
In order, the following will be built (use -v for more details):
 - text-builder-1.0.0.4 (lib) (first run)
 - text-builder-1.0.0.4 (test:test) (first run)
Configuring library for text-builder-1.0.0.4...
Preprocessing library for text-builder-1.0.0.4...
Building library for text-builder-1.0.0.4...
[1 of 7] Compiling TextBuilder.Prelude
[2 of 7] Compiling TextBuilder.Domains.Other
[3 of 7] Compiling TextBuilder.Domains.Digits.Codepoints
[4 of 7] Compiling TextBuilder.Domains.Digits
[5 of 7] Compiling TextBuilder.Domains.Combinators
[6 of 7] Compiling TextBuilder.Domains.ByteString
[7 of 7] Compiling TextBuilder
Configuring test suite 'test' for text-builder-1.0.0.4...
Preprocessing test suite 'test' for text-builder-1.0.0.4...
Building test suite 'test' for text-builder-1.0.0.4...
[1 of 3] Compiling Util.ExtraInstances
[2 of 3] Compiling Util.TestTrees
[3 of 3] Compiling Main
[4 of 4] Linking dist-newstyle/build/x86_64-linux/ghc-9.10.2/text-builder-1.0.0.4/t/test/build/test/test
