Resolving dependencies...
Build profile: -w ghc-9.10.2 -O1
In order, the following will be built (use -v for more details):
 - linear-1.23.2 (lib) (first run)
 - linear-1.23.2 (test:doctests) (first run)
 - linear-1.23.2 (test:test) (first run)
Configuring library for linear-1.23.2...
Preprocessing library for linear-1.23.2...
Building library for linear-1.23.2...
[ 1 of 22] Compiling Linear.Binary
[ 2 of 22] Compiling Linear.Conjugate
[ 3 of 22] Compiling Linear.Epsilon
[ 4 of 22] Compiling Linear.Instances
[ 5 of 22] Compiling Linear.Vector
[ 6 of 22] Compiling Linear.Metric
[ 7 of 22] Compiling Linear.V
[ 8 of 22] Compiling Linear.V1
[ 9 of 22] Compiling Linear.V2
[10 of 22] Compiling Linear.V3
[11 of 22] Compiling Linear.V4
[12 of 22] Compiling Linear.V0
[13 of 22] Compiling Linear.Quaternion
[14 of 22] Compiling Linear.Plucker
[15 of 22] Compiling Linear.Trace
[16 of 22] Compiling Linear.Plucker.Coincides
[17 of 22] Compiling Linear.Matrix
[18 of 22] Compiling Linear.Projection
[19 of 22] Compiling Linear.Algebra
[20 of 22] Compiling Linear.Covector
[21 of 22] Compiling Linear.Affine
[22 of 22] Compiling Linear
Configuring test suite 'doctests' for linear-1.23.2...
Preprocessing test suite 'doctests' for linear-1.23.2...
Building test suite 'doctests' for linear-1.23.2...
[1 of 1] Compiling Main
[2 of 2] Linking dist-newstyle/build/x86_64-linux/ghc-9.10.2/linear-1.23.2/t/doctests/build/doctests/doctests
Configuring test suite 'test' for linear-1.23.2...
Preprocessing test suite 'test' for linear-1.23.2...
Building test suite 'test' for linear-1.23.2...
[1 of 6] Compiling Prop.V3
[2 of 6] Compiling Prop.Quaternion
[3 of 6] Compiling Unit.Binary
[4 of 6] Compiling Unit.Plucker
[5 of 6] Compiling Unit.V
[6 of 6] Compiling Main
[7 of 7] Linking dist-newstyle/build/x86_64-linux/ghc-9.10.2/linear-1.23.2/t/test/build/test/test
