Resolving dependencies...
Build profile: -w ghc-9.10.2 -O1
In order, the following will be built (use -v for more details):
 - rp-tree-0.7.1 (lib) (first run)
 - rp-tree-0.7.1 (test:spec) (first run)
 - rp-tree-0.7.1 (exe:rp-tree) (first run)
Configuring library for rp-tree-0.7.1...
Preprocessing library for rp-tree-0.7.1...
Building library for rp-tree-0.7.1...
[1 of 8] Compiling Data.RPTree.Internal
[2 of 8] Compiling Data.RPTree.Gen
[3 of 8] Compiling Data.RPTree.Draw
src/Data/RPTree/Draw.hs:74:5: warning: [GHC-62161] [-Wincomplete-uni-patterns]
    Pattern match(es) are non-exhaustive
    In a pattern binding:
        Patterns of type ‘[a]’ not matched:
            []
            [_]
   |
74 |     (x:y:_) = toListDv dv
   |     ^^^^^^^^^^^^^^^^^^^^^

src/Data/RPTree/Draw.hs:159:24: warning: [GHC-63394] [-Wx-partial]
    In the use of ‘head’
    (imported from Prelude, but defined in GHC.Internal.List):
    "This is a partial function, it throws an error on empty lists. Use pattern matching, 'Data.List.uncons' or 'Data.Maybe.listToMaybe' instead. Consider refactoring to use "Data.List.NonEmpty"."
    |
159 |   | otherwise = Just $ head xs
    |                        ^^^^

[4 of 8] Compiling Data.RPTree.Batch
[5 of 8] Compiling Data.RPTree.Internal.MedianHeap
[6 of 8] Compiling Data.RPTree.Conduit
[7 of 8] Compiling Data.RPTree.Internal.Testing
[8 of 8] Compiling Data.RPTree
Configuring test suite 'spec' for rp-tree-0.7.1...
Preprocessing test suite 'spec' for rp-tree-0.7.1...
Building test suite 'spec' for rp-tree-0.7.1...
[1 of 1] Compiling Main
[2 of 2] Linking dist-newstyle/build/x86_64-linux/ghc-9.10.2/rp-tree-0.7.1/t/spec/build/spec/spec
Configuring executable 'rp-tree' for rp-tree-0.7.1...
Preprocessing executable 'rp-tree' for rp-tree-0.7.1...
Building executable 'rp-tree' for rp-tree-0.7.1...
[1 of 1] Compiling Main
[2 of 2] Linking dist-newstyle/build/x86_64-linux/ghc-9.10.2/rp-tree-0.7.1/x/rp-tree/build/rp-tree/rp-tree
