Build profile: -w ghc-9.6.5 -O1
In order, the following will be built (use -v for more details):
 - text-builder-linear-0.1.2 (lib) (first run)
 - text-builder-linear-0.1.2 (test:linear-builder-tests) (first run)
Configuring library for text-builder-linear-0.1.2...
Preprocessing library for text-builder-linear-0.1.2...
Building library for text-builder-linear-0.1.2...
[1 of 8] Compiling Data.Text.Builder.Linear.Array
[2 of 8] Compiling Data.Text.Builder.Linear.Core
[3 of 8] Compiling Data.Text.Builder.Linear.Char
[4 of 8] Compiling Data.Text.Builder.Linear.Dec
[5 of 8] Compiling Data.Text.Builder.Linear.Double
[6 of 8] Compiling Data.Text.Builder.Linear.Hex
[7 of 8] Compiling Data.Text.Builder.Linear.Buffer
[8 of 8] Compiling Data.Text.Builder.Linear
Configuring test suite 'linear-builder-tests' for text-builder-linear-0.1.2...
Preprocessing test suite 'linear-builder-tests' for text-builder-linear-0.1.2...
Building test suite 'linear-builder-tests' for text-builder-linear-0.1.2...
[1 of 1] Compiling Main
[2 of 2] Linking /tmp/workdir-text-builder-linear/text-builder-linear-0.1.2/dist-newstyle/build/x86_64-linux/ghc-9.6.5/text-builder-linear-0.1.2/t/linear-builder-tests/build/linear-builder-tests/linear-builder-tests
