Resolving dependencies...
Build profile: -w ghc-9.10.2 -O1
In order, the following will be built (use -v for more details):
 - gi-atk-2.0.28 (lib:gi-atk) (first run)
[1 of 2] Compiling Main             ( dist-newstyle/build/x86_64-linux/ghc-9.10.2/gi-atk-2.0.28/setup/setup.hs, dist-newstyle/build/x86_64-linux/ghc-9.10.2/gi-atk-2.0.28/setup/Main.o )
[2 of 2] Linking dist-newstyle/build/x86_64-linux/ghc-9.10.2/gi-atk-2.0.28/setup/setup
Configuring gi-atk-2.0.28...
Preprocessing library for gi-atk-2.0.28...
Building library for gi-atk-2.0.28...
[ 1 of 88] Compiling GI.Atk.Config
[ 2 of 88] Compiling GI.Atk.Constants
[ 3 of 88] Compiling GI.Atk.Enums[boot]
[ 4 of 88] Compiling GI.Atk.Enums
[ 5 of 88] Compiling GI.Atk.Flags[boot]
[ 6 of 88] Compiling GI.Atk.Flags
[ 7 of 88] Compiling GI.Atk.Interfaces.Action[boot]
[ 8 of 88] Compiling GI.Atk.Interfaces.Action
[ 9 of 88] Compiling GI.Atk.Interfaces.EditableText[boot]
[10 of 88] Compiling GI.Atk.Interfaces.EditableText
[11 of 88] Compiling GI.Atk.Interfaces.Image[boot]
[12 of 88] Compiling GI.Atk.Interfaces.Image
[13 of 88] Compiling GI.Atk.Interfaces.ImplementorIface[boot]
[14 of 88] Compiling GI.Atk.Interfaces.ImplementorIface
[15 of 88] Compiling GI.Atk.Interfaces.StreamableContent[boot]
[16 of 88] Compiling GI.Atk.Interfaces.StreamableContent
[17 of 88] Compiling GI.Atk.Objects.Misc[boot]
[18 of 88] Compiling GI.Atk.Objects.Misc
[19 of 88] Compiling GI.Atk.Objects.StateSet[boot]
[20 of 88] Compiling GI.Atk.Objects.StateSet
[21 of 88] Compiling GI.Atk.Objects.Util[boot]
[22 of 88] Compiling GI.Atk.Objects.Util
[23 of 88] Compiling GI.Atk.Structs.Attribute[boot]
[24 of 88] Compiling GI.Atk.Structs.Attribute
[25 of 88] Compiling GI.Atk.Structs.KeyEventStruct[boot]
[26 of 88] Compiling GI.Atk.Structs.KeyEventStruct
[27 of 88] Compiling GI.Atk.Structs.PropertyValues[boot]
[28 of 88] Compiling GI.Atk.Structs.PropertyValues
[29 of 88] Compiling GI.Atk.Objects.Relation[boot]
[30 of 88] Compiling GI.Atk.Objects.RelationSet[boot]
[31 of 88] Compiling GI.Atk.Objects.Object[boot]
[32 of 88] Compiling GI.Atk.Objects.Object
[33 of 88] Compiling GI.Atk.Objects.RelationSet
[34 of 88] Compiling GI.Atk.Objects.Relation
[35 of 88] Compiling GI.Atk.Structs.Implementor[boot]
[36 of 88] Compiling GI.Atk.Structs.Implementor
[37 of 88] Compiling GI.Atk.Objects.ObjectFactory[boot]
[38 of 88] Compiling GI.Atk.Objects.ObjectFactory
[39 of 88] Compiling GI.Atk.Objects.Registry[boot]
[40 of 88] Compiling GI.Atk.Objects.Registry
[41 of 88] Compiling GI.Atk.Objects.NoOpObjectFactory[boot]
[42 of 88] Compiling GI.Atk.Objects.NoOpObjectFactory
[43 of 88] Compiling GI.Atk.Objects.Hyperlink[boot]
[44 of 88] Compiling GI.Atk.Objects.Hyperlink
[45 of 88] Compiling GI.Atk.Objects.GObjectAccessible[boot]
[46 of 88] Compiling GI.Atk.Objects.GObjectAccessible
[47 of 88] Compiling GI.Atk.Interfaces.Window[boot]
[48 of 88] Compiling GI.Atk.Interfaces.Window
[49 of 88] Compiling GI.Atk.Interfaces.TableCell[boot]
[50 of 88] Compiling GI.Atk.Interfaces.TableCell
[51 of 88] Compiling GI.Atk.Interfaces.Table[boot]
[52 of 88] Compiling GI.Atk.Interfaces.Table
[53 of 88] Compiling GI.Atk.Interfaces.Selection[boot]
[54 of 88] Compiling GI.Atk.Interfaces.Selection
[55 of 88] Compiling GI.Atk.Interfaces.Hypertext[boot]
[56 of 88] Compiling GI.Atk.Interfaces.Hypertext
[57 of 88] Compiling GI.Atk.Interfaces.HyperlinkImpl[boot]
[58 of 88] Compiling GI.Atk.Interfaces.HyperlinkImpl
[59 of 88] Compiling GI.Atk.Functions
[60 of 88] Compiling GI.Atk.Callbacks
[61 of 88] Compiling GI.Atk.Structs.Range[boot]
[62 of 88] Compiling GI.Atk.Structs.Range
[63 of 88] Compiling GI.Atk.Interfaces.Value[boot]
[64 of 88] Compiling GI.Atk.Interfaces.Value
[65 of 88] Compiling GI.Atk.Structs.Rectangle[boot]
[66 of 88] Compiling GI.Atk.Structs.Rectangle
[67 of 88] Compiling GI.Atk.Interfaces.Component[boot]
[68 of 88] Compiling GI.Atk.Interfaces.Component
[69 of 88] Compiling GI.Atk.Objects.Socket[boot]
[70 of 88] Compiling GI.Atk.Objects.Socket
[71 of 88] Compiling GI.Atk.Objects.Plug[boot]
[72 of 88] Compiling GI.Atk.Objects.Plug
[73 of 88] Compiling GI.Atk.Structs.TextRectangle[boot]
[74 of 88] Compiling GI.Atk.Structs.TextRectangle
[75 of 88] Compiling GI.Atk.Structs.TextRange[boot]
[76 of 88] Compiling GI.Atk.Structs.TextRange
[77 of 88] Compiling GI.Atk.Interfaces.Text[boot]
[78 of 88] Compiling GI.Atk.Interfaces.Text
[79 of 88] Compiling GI.Atk.Structs.TextSelection[boot]
[80 of 88] Compiling GI.Atk.Structs.TextSelection
[81 of 88] Compiling GI.Atk.Structs
[82 of 88] Compiling GI.Atk.Interfaces.Document[boot]
[83 of 88] Compiling GI.Atk.Interfaces.Document
[84 of 88] Compiling GI.Atk.Objects.NoOpObject[boot]
[85 of 88] Compiling GI.Atk.Objects.NoOpObject
[86 of 88] Compiling GI.Atk.Objects
[87 of 88] Compiling GI.Atk.Interfaces
[88 of 88] Compiling GI.Atk
