Warning: The package description file ./monadlist.cabal has warnings:
monadlist.cabal:9:27: version operators used. To use version operators the
package needs to specify at least 'cabal-version: >= 1.8'.
monadlist.cabal:36:1: The field "other-extensions" is available only since the
Cabal specification version 1.10.
monadlist.cabal:35:1: The field "default-extensions" is available only since
the Cabal specification version 1.10. This field will be ignored.
monadlist.cabal:34:1: The field "other-languages" is available only since the
Cabal specification version 1.10. This field will be ignored.
monadlist.cabal:33:1: The field "default-language" is available only since the
Cabal specification version 1.10. This field will be ignored.
monadlist.cabal:20:13: empty FilePath
Warning: The package description file
/tmp/workdir-monadlist/monadlist-0.0.2/monadlist.cabal has warnings:
/tmp/workdir-monadlist/monadlist-0.0.2/monadlist.cabal:9:27: version operators
used. To use version operators the package needs to specify at least
'cabal-version: >= 1.8'.
/tmp/workdir-monadlist/monadlist-0.0.2/monadlist.cabal:36:1: The field
"other-extensions" is available only since the Cabal specification version
1.10.
/tmp/workdir-monadlist/monadlist-0.0.2/monadlist.cabal:35:1: The field
"default-extensions" is available only since the Cabal specification version
1.10. This field will be ignored.
/tmp/workdir-monadlist/monadlist-0.0.2/monadlist.cabal:34:1: The field
"other-languages" is available only since the Cabal specification version
1.10. This field will be ignored.
/tmp/workdir-monadlist/monadlist-0.0.2/monadlist.cabal:33:1: The field
"default-language" is available only since the Cabal specification version
1.10. This field will be ignored.
/tmp/workdir-monadlist/monadlist-0.0.2/monadlist.cabal:20:13: empty FilePath
Resolving dependencies...
Build profile: -w ghc-9.10.2 -O1
In order, the following will be built (use -v for more details):
 - monadlist-0.0.2 (lib:monadlist) (first run)
Warning: monadlist.cabal:9:27: version operators used. To use version
operators the package needs to specify at least 'cabal-version: >= 1.8'.
Warning: monadlist.cabal:36:1: The field "other-extensions" is available only
since the Cabal specification version 1.10.
Warning: monadlist.cabal:35:1: The field "default-extensions" is available
only since the Cabal specification version 1.10. This field will be ignored.
Warning: monadlist.cabal:34:1: The field "other-languages" is available only
since the Cabal specification version 1.10. This field will be ignored.
Warning: monadlist.cabal:33:1: The field "default-language" is available only
since the Cabal specification version 1.10. This field will be ignored.
Warning: monadlist.cabal:20:13: empty FilePath
Configuring monadlist-0.0.2...
Preprocessing library for monadlist-0.0.2...
Building library for monadlist-0.0.2...
[1 of 1] Compiling Control.Monad.ListM
