Resolving dependencies...
Build profile: -w ghc-9.10.2 -O1
In order, the following will be built (use -v for more details):
 - roc-id-0.2.0.5 (lib) (first run)
 - roc-id-0.2.0.5 (test:roc-id-test) (first run)
Configuring library for roc-id-0.2.0.5...
Preprocessing library for roc-id-0.2.0.5...
Building library for roc-id-0.2.0.5...
[1 of 7] Compiling ROC.ID.Language
[2 of 7] Compiling ROC.ID.Utilities
[3 of 7] Compiling ROC.ID.Location
[4 of 7] Compiling ROC.ID.Gender
[5 of 7] Compiling ROC.ID.Digit
[6 of 7] Compiling ROC.ID.Serial
[7 of 7] Compiling ROC.ID
Configuring test suite 'roc-id-test' for roc-id-0.2.0.5...
Preprocessing test suite 'roc-id-test' for roc-id-0.2.0.5...
Building test suite 'roc-id-test' for roc-id-0.2.0.5...
[1 of 1] Compiling Main
[2 of 2] Linking dist-newstyle/build/x86_64-linux/ghc-9.10.2/roc-id-0.2.0.5/t/roc-id-test/build/roc-id-test/roc-id-test
