Resolving dependencies...
Build profile: -w ghc-9.10.2 -O1
In order, the following will be built (use -v for more details):
 - rfc1751-0.1.4 (lib) (first run)
 - rfc1751-0.1.4 (test:test-rfc1751) (first run)
Configuring library for rfc1751-0.1.4...
Preprocessing library for rfc1751-0.1.4...
Building library for rfc1751-0.1.4...
[1 of 2] Compiling Crypto.RFC1751
[2 of 2] Compiling Paths_rfc1751
Configuring test suite 'test-rfc1751' for rfc1751-0.1.4...
Preprocessing test suite 'test-rfc1751' for rfc1751-0.1.4...
Building test suite 'test-rfc1751' for rfc1751-0.1.4...
[1 of 2] Compiling Main
tests/Spec.hs:93:42: warning: [GHC-63394] [-Wx-partial]
    In the use of ‘head’
    (imported from Data.List, but defined in GHC.Internal.List):
    "This is a partial function, it throws an error on empty lists. Use pattern matching, 'Data.List.uncons' or 'Data.Maybe.listToMaybe' instead. Consider refactoring to use "Data.List.NonEmpty"."
   |
93 |        | otherwise = integerToBS $ fst $ head r1
   |                                          ^^^^

[2 of 2] Compiling Paths_rfc1751
[3 of 3] Linking /tmp/workdir-rfc1751/rfc1751-0.1.4/dist-newstyle/build/x86_64-linux/ghc-9.10.2/rfc1751-0.1.4/t/test-rfc1751/build/test-rfc1751/test-rfc1751
