Resolving dependencies...
Build profile: -w ghc-9.10.2 -O1
In order, the following will be built (use -v for more details):
 - sample-frame-0.0.4 (lib) (first run)
Configuring library for sample-frame-0.0.4...
Preprocessing library for sample-frame-0.0.4...
Building library for sample-frame-0.0.4...
[1 of 3] Compiling Sound.Frame
src/Sound/Frame.hs:46:20: warning: [GHC-63394] [-Wx-partial]
    In the use of ‘head’
    (imported from Prelude, but defined in GHC.Internal.List):
    "This is a partial function, it throws an error on empty lists. Use pattern matching, 'Data.List.uncons' or 'Data.Maybe.listToMaybe' instead. Consider refactoring to use "Data.List.NonEmpty"."
   |
46 |    sizeOfElement . head . Fold.toList
   |                    ^^^^

[2 of 3] Compiling Sound.Frame.MuLaw
[3 of 3] Compiling Sound.Frame.Stereo
src/Sound/Frame/Stereo.hs:16:1: warning: [GHC-66111] [-Wunused-imports]
    The import of ‘Control.Applicative’ is redundant
      except perhaps to import instances from ‘Control.Applicative’
    To import instances alone, use: import Control.Applicative()
   |
16 | import Control.Applicative (Applicative, pure, (<*>), liftA2, )
   | ^^^^^^^^^^^^^^^^^^^^^^^^^^^^^^^^^^^^^^^^^^^^^^^^^^^^^^^^^^^^^^^

