Resolving dependencies...
Build profile: -w ghc-9.10.2 -O1
In order, the following will be built (use -v for more details):
 - time-compat-1.9.8 (lib) (first run)
 - time-compat-1.9.8 (test:main) (first run)
 - time-compat-1.9.8 (test:instances) (first run)
Configuring library for time-compat-1.9.8...
Preprocessing library for time-compat-1.9.8...
Building library for time-compat-1.9.8...
[ 1 of 20] Compiling Data.Format
[ 2 of 20] Compiling Data.Time.Calendar.Month.Compat
[ 3 of 20] Compiling Data.Time.Calendar.Quarter.Compat
[ 4 of 20] Compiling Data.Time.Calendar.Types
[ 5 of 20] Compiling Data.Time.Orphans
[ 6 of 20] Compiling Data.Time.Format.ISO8601.Compat
[ 7 of 20] Compiling Data.Time.Format.Compat
[ 8 of 20] Compiling Data.Time.Clock.System.Compat
[ 9 of 20] Compiling Data.Time.Clock.POSIX.Compat
[10 of 20] Compiling Data.Time.Clock.Compat
[11 of 20] Compiling Data.Time.Calendar.WeekDate.Compat
[12 of 20] Compiling Data.Time.Calendar.Private
[13 of 20] Compiling Data.Time.Calendar.OrdinalDate.Compat
[14 of 20] Compiling Data.Time.Calendar.MonthDay.Compat
[15 of 20] Compiling Data.Time.Calendar.Easter.Compat
[16 of 20] Compiling Data.Time.Calendar.Compat
[17 of 20] Compiling Data.Time.LocalTime.Compat
[18 of 20] Compiling Data.Time.Compat
[19 of 20] Compiling Data.Time.Clock.TAI.Compat
[20 of 20] Compiling Data.Time.Calendar.Julian.Compat
Configuring test suite 'main' for time-compat-1.9.8...
Preprocessing test suite 'main' for time-compat-1.9.8...
Building test suite 'main' for time-compat-1.9.8...
[ 1 of 36] Compiling Test.Arbitrary
[ 2 of 36] Compiling Test.Calendar.AddDaysRef
[ 3 of 36] Compiling Test.Calendar.AddDays
[ 4 of 36] Compiling Test.Calendar.CalendarsRef
[ 5 of 36] Compiling Test.Calendar.Calendars
[ 6 of 36] Compiling Test.Calendar.ClipDatesRef
[ 7 of 36] Compiling Test.Calendar.ClipDates
[ 8 of 36] Compiling Test.Calendar.ConvertBack
[ 9 of 36] Compiling Test.Calendar.DayPeriod
[10 of 36] Compiling Test.Calendar.Duration
[11 of 36] Compiling Test.Calendar.EasterRef
[12 of 36] Compiling Test.Calendar.Easter
[13 of 36] Compiling Test.Calendar.LongWeekYearsRef
[14 of 36] Compiling Test.Calendar.LongWeekYears
[15 of 36] Compiling Test.Calendar.MonthDayRef
[16 of 36] Compiling Test.Calendar.MonthDay
[17 of 36] Compiling Test.Calendar.MonthOfYear
[18 of 36] Compiling Test.Calendar.Valid
[19 of 36] Compiling Test.Clock.Conversion
[20 of 36] Compiling Test.Clock.Lift
[21 of 36] Compiling Test.Clock.Resolution
[22 of 36] Compiling Test.Format.Compile
[23 of 36] Compiling Test.LocalTime.TimeOfDay
[24 of 36] Compiling Test.LocalTime.TimeRef
[25 of 36] Compiling Test.LocalTime.Time
[26 of 36] Compiling Test.TestUtil
[27 of 36] Compiling Test.LocalTime.CalendarDiffTime
test/main/Test/LocalTime/CalendarDiffTime.hs:5:1: warning: [GHC-66111] [-Wunused-imports]
    The import of ‘Data.Time.Compat’ is redundant
      except perhaps to import instances from ‘Data.Time.Compat’
    To import instances alone, use: import Data.Time.Compat()
  |
5 | import Data.Time.Compat
  | ^^^^^^^^^^^^^^^^^^^^^^^

test/main/Test/LocalTime/CalendarDiffTime.hs:12:1: warning: [GHC-40910] [-Wunused-top-binds]
    Defined but not used: ‘testReadShowExact’
   |
12 | testReadShowExact t v =
   | ^^^^^^^^^^^^^^^^^

[28 of 36] Compiling Test.Format.ParseTime
test/main/Test/Format/ParseTime.hs:55:1: warning: [GHC-40910] [-Wunused-top-binds]
    Defined but not used: ‘formatCode’
   |
55 | formatCode fc = format $ show fc
   | ^^^^^^^^^^

test/main/Test/Format/ParseTime.hs:58:1: warning: [GHC-40910] [-Wunused-top-binds]
    Defined but not used: ‘parseCode’
   |
58 | parseCode fc = parse False $ show fc
   | ^^^^^^^^^

test/main/Test/Format/ParseTime.hs:62:5: warning: [GHC-40910] [-Wunused-top-binds]
    Defined but not used: ‘incompleteS’
   |
62 |     incompleteS :: Maybe t
   |     ^^^^^^^^^^^^^^^^^^^^^^

test/main/Test/Format/ParseTime.hs:126:1: warning: [GHC-40910] [-Wunused-top-binds]
    Defined but not used: ‘yearDays’
    |
126 | yearDays y = [(fromGregorian y 1 1) .. (fromGregorian y 12 31)]
    | ^^^^^^^^

test/main/Test/Format/ParseTime.hs:129:1: warning: [GHC-40910] [-Wunused-top-binds]
    Defined but not used: ‘makeExhaustiveTest’
    |
129 | makeExhaustiveTest name cases f = testGroup name (fmap f cases)
    | ^^^^^^^^^^^^^^^^^^

test/main/Test/Format/ParseTime.hs:132:1: warning: [GHC-40910] [-Wunused-top-binds]
    Defined but not used: ‘extests’
    |
132 | extests =
    | ^^^^^^^

test/main/Test/Format/ParseTime.hs:162:1: warning: [GHC-40910] [-Wunused-top-binds]
    Defined but not used: ‘testReads’
    |
162 | testReads expected target =
    | ^^^^^^^^^

test/main/Test/Format/ParseTime.hs:176:1: warning: [GHC-40910] [-Wunused-top-binds]
    Defined but not used: ‘readsTestsParensSpaces’
    |
176 | readsTestsParensSpaces expected target =
    | ^^^^^^^^^^^^^^^^^^^^^^

test/main/Test/Format/ParseTime.hs:191:1: warning: [GHC-40910] [-Wunused-top-binds]
    Defined but not used: ‘readsTests’
    |
191 | readsTests =
    | ^^^^^^^^^^

test/main/Test/Format/ParseTime.hs:206:1: warning: [GHC-40910] [-Wunused-top-binds]
    Defined but not used: ‘epoch’
    |
206 | epoch = LocalTime (fromGregorian 1970 0 0) midnight
    | ^^^^^

test/main/Test/Format/ParseTime.hs:209:1: warning: [GHC-40910] [-Wunused-top-binds]
    Defined but not used: ‘testReadSTime’
    |
209 | testReadSTime expected formatStr target =
    | ^^^^^^^^^^^^^

test/main/Test/Format/ParseTime.hs:218:1: warning: [GHC-40910] [-Wunused-top-binds]
    Defined but not used: ‘simpleFormatTests’
    |
218 | simpleFormatTests =
    | ^^^^^^^^^^^^^^^^^

test/main/Test/Format/ParseTime.hs:244:1: warning: [GHC-40910] [-Wunused-top-binds]
    Defined but not used: ‘spacingForFormatTests’
    |
244 | spacingForFormatTests expected formatStr target =
    | ^^^^^^^^^^^^^^^^^^^^^

test/main/Test/Format/ParseTime.hs:258:1: warning: [GHC-40910] [-Wunused-top-binds]
    Defined but not used: ‘spacingTests’
    |
258 | spacingTests =
    | ^^^^^^^^^^^^

test/main/Test/Format/ParseTime.hs:272:1: warning: [GHC-40910] [-Wunused-top-binds]
    Defined but not used: ‘particularParseTests’
    |
272 | particularParseTests =
    | ^^^^^^^^^^^^^^^^^^^^

test/main/Test/Format/ParseTime.hs:280:1: warning: [GHC-40910] [-Wunused-top-binds]
    Defined but not used: ‘badParseTests’
    |
280 | badParseTests = testGroup "bad" [parseTest False (Nothing :: Maybe Day) "%Y" ""]
    | ^^^^^^^^^^^^^

test/main/Test/Format/ParseTime.hs:289:1: warning: [GHC-40910] [-Wunused-top-binds]
    Defined but not used: ‘parseYearDayD’
    |
289 | parseYearDayD day = case toGregorian day of
    | ^^^^^^^^^^^^^

test/main/Test/Format/ParseTime.hs:293:1: warning: [GHC-40910] [-Wunused-top-binds]
    Defined but not used: ‘parseYearDayE’
    |
293 | parseYearDayE day = case toGregorian day of
    | ^^^^^^^^^^^^^

test/main/Test/Format/ParseTime.hs:298:1: warning: [GHC-40910] [-Wunused-top-binds]
    Defined but not used: ‘expectedYear’
    |
298 | expectedYear i | i >= 69 = 1900 + i
    | ^^^^^^^^^^^^

test/main/Test/Format/ParseTime.hs:302:1: warning: [GHC-40910] [-Wunused-top-binds]
    Defined but not used: ‘show2’
    |
302 | show2 i = (show (div i 10)) ++ (show (mod i 10))
    | ^^^^^

test/main/Test/Format/ParseTime.hs:305:1: warning: [GHC-40910] [-Wunused-top-binds]
    Defined but not used: ‘parseYY’
    |
305 | parseYY i = parseTest False (Just (fromGregorian (expectedYear i) 1 1)) "%y" (show2 i)
    | ^^^^^^^

test/main/Test/Format/ParseTime.hs:308:1: warning: [GHC-40910] [-Wunused-top-binds]
    Defined but not used: ‘parseCYY’
    |
308 | parseCYY c i = parseTest False (Just (fromGregorian ((c * 100) + i) 1 1)) "%-C %y" ((show c) ++ " " ++ (show2 i))
    | ^^^^^^^^

test/main/Test/Format/ParseTime.hs:311:1: warning: [GHC-40910] [-Wunused-top-binds]
    Defined but not used: ‘parseCYY2’
    |
311 | parseCYY2 c i = parseTest False (Just (fromGregorian ((c * 100) + i) 1 1)) "%C %y" ((show2 c) ++ " " ++ (show2 i))
    | ^^^^^^^^^

test/main/Test/Format/ParseTime.hs:314:1: warning: [GHC-40910] [-Wunused-top-binds]
    Defined but not used: ‘parseCentury’
    |
314 | parseCentury int c =
    | ^^^^^^^^^^^^

test/main/Test/Format/ParseTime.hs:318:1: warning: [GHC-40910] [-Wunused-top-binds]
    Defined but not used: ‘parseTest’
    |
318 | parseTest sp expected formatStr target =
    | ^^^^^^^^^

test/main/Test/Format/ParseTime.hs:334:1: warning: [GHC-40910] [-Wunused-top-binds]
    Defined but not used: ‘enumAdd’
    |
334 | enumAdd i a = toEnum (i + fromEnum a)
    | ^^^^^^^

test/main/Test/Format/ParseTime.hs:337:1: warning: [GHC-40910] [-Wunused-top-binds]
    Defined but not used: ‘getMilZoneLetter’
    |
337 | getMilZoneLetter 0 = 'Z'
    | ^^^^^^^^^^^^^^^^

test/main/Test/Format/ParseTime.hs:343:1: warning: [GHC-40910] [-Wunused-top-binds]
    Defined but not used: ‘getMilZone’
    |
343 | getMilZone hour = TimeZone (hour * 60) False [getMilZoneLetter hour]
    | ^^^^^^^^^^

test/main/Test/Format/ParseTime.hs:346:1: warning: [GHC-40910] [-Wunused-top-binds]
    Defined but not used: ‘testParseTimeZone’
    |
346 | testParseTimeZone tz = parseTest False (Just tz) "%Z" (timeZoneName tz)
    | ^^^^^^^^^^^^^^^^^

test/main/Test/Format/ParseTime.hs:349:1: warning: [GHC-40910] [-Wunused-top-binds]
    Defined but not used: ‘defaultTimeZoneTests’
    |
349 | defaultTimeZoneTests = testGroup "default time zones" (fmap testParseTimeZone (knownTimeZones defaultTimeLocale))
    | ^^^^^^^^^^^^^^^^^^^^

test/main/Test/Format/ParseTime.hs:352:1: warning: [GHC-40910] [-Wunused-top-binds]
    Defined but not used: ‘militaryTimeZoneTests’
    |
352 | militaryTimeZoneTests = testGroup "military time zones" (fmap (testParseTimeZone . getMilZone) [-12 .. 12])
    | ^^^^^^^^^^^^^^^^^^^^^

test/main/Test/Format/ParseTime.hs:359:1: warning: [GHC-40910] [-Wunused-top-binds]
    Defined but not used: ‘compareResult'’
    |
359 | compareResult' extra expected found
    | ^^^^^^^^^^^^^^

test/main/Test/Format/ParseTime.hs:364:1: warning: [GHC-40910] [-Wunused-top-binds]
    Defined but not used: ‘compareResult’
    |
364 | compareResult = compareResult' ""
    | ^^^^^^^^^^^^^

test/main/Test/Format/ParseTime.hs:373:1: warning: [GHC-40910] [-Wunused-top-binds]
    Defined but not used: ‘compareParse’
    |
373 | compareParse expected fmt text = compareResult' (", parsing " ++ (show text)) (Just expected) (parse False fmt text)
    | ^^^^^^^^^^^^

test/main/Test/Format/ParseTime.hs:393:1: warning: [GHC-40910] [-Wunused-top-binds]
    Defined but not used: ‘reads_expect’
    |
393 | reads_expect t = [(t, "")]
    | ^^^^^^^^^^^^

test/main/Test/Format/ParseTime.hs:396:1: warning: [GHC-40910] [-Wunused-top-binds]
    Defined but not used: ‘prop_read_show’
    |
396 | prop_read_show t = compareResult (reads_expect t) (reads (show t))
    | ^^^^^^^^^^^^^^

test/main/Test/Format/ParseTime.hs:399:1: warning: [GHC-40910] [-Wunused-top-binds]
    Defined but not used: ‘prop_read_show_ZonedUTC’
    |
399 | prop_read_show_ZonedUTC t = compareResult (reads_expect $ zonedTimeToUTC t) (reads (show t))
    | ^^^^^^^^^^^^^^^^^^^^^^^

test/main/Test/Format/ParseTime.hs:402:1: warning: [GHC-40910] [-Wunused-top-binds]
    Defined but not used: ‘prop_read_show_LocalUTC’
    |
402 | prop_read_show_LocalUTC t = compareResult (reads_expect $ localTimeToUTC utc t) (reads (show t))
    | ^^^^^^^^^^^^^^^^^^^^^^^

test/main/Test/Format/ParseTime.hs:405:1: warning: [GHC-40910] [-Wunused-top-binds]
    Defined but not used: ‘prop_read_show_UTC_no_TZ’
    |
405 | prop_read_show_UTC_no_TZ t = compareResult (reads_expect t) $ reads $ show $ utcToLocalTime utc t
    | ^^^^^^^^^^^^^^^^^^^^^^^^

test/main/Test/Format/ParseTime.hs:413:1: warning: [GHC-40910] [-Wunused-top-binds]
    Defined but not used: ‘prop_parse_showWeekDate’
    |
413 | prop_parse_showWeekDate d = compareParse d "%G-W%V-%u" (showWeekDate d)
    | ^^^^^^^^^^^^^^^^^^^^^^^

test/main/Test/Format/ParseTime.hs:416:1: warning: [GHC-40910] [-Wunused-top-binds]
    Defined but not used: ‘prop_parse_showGregorian’
    |
416 | prop_parse_showGregorian d = compareParse d "%Y-%m-%d" (showGregorian d)
    | ^^^^^^^^^^^^^^^^^^^^^^^^

test/main/Test/Format/ParseTime.hs:419:1: warning: [GHC-40910] [-Wunused-top-binds]
    Defined but not used: ‘prop_parse_showOrdinalDate’
    |
419 | prop_parse_showOrdinalDate d = compareParse d "%Y-%j" (showOrdinalDate d)
    | ^^^^^^^^^^^^^^^^^^^^^^^^^^

test/main/Test/Format/ParseTime.hs:427:1: warning: [GHC-40910] [-Wunused-top-binds]
    Defined but not used: ‘prop_fromMondayStartWeek’
    |
427 | prop_fromMondayStartWeek d =
    | ^^^^^^^^^^^^^^^^^^^^^^^^

test/main/Test/Format/ParseTime.hs:435:1: warning: [GHC-40910] [-Wunused-top-binds]
    Defined but not used: ‘prop_fromSundayStartWeek’
    |
435 | prop_fromSundayStartWeek d =
    | ^^^^^^^^^^^^^^^^^^^^^^^^

test/main/Test/Format/ParseTime.hs:444:1: warning: [GHC-40910] [-Wunused-top-binds]
    Defined but not used: ‘prop_parse_format’
    |
444 | prop_parse_format (FormatString f) t = compareParse t f (format f t)
    | ^^^^^^^^^^^^^^^^^

test/main/Test/Format/ParseTime.hs:448:1: warning: [GHC-40910] [-Wunused-top-binds]
    Defined but not used: ‘prop_parse_format_upper’
    |
448 | prop_parse_format_upper (FormatString f) t = compareParse t f (map toUpper $ format f t)
    | ^^^^^^^^^^^^^^^^^^^^^^^

test/main/Test/Format/ParseTime.hs:452:1: warning: [GHC-40910] [-Wunused-top-binds]
    Defined but not used: ‘prop_parse_format_lower’
    |
452 | prop_parse_format_lower (FormatString f) t = compareParse t f (map toLower $ format f t)
    | ^^^^^^^^^^^^^^^^^^^^^^^

test/main/Test/Format/ParseTime.hs:456:1: warning: [GHC-40910] [-Wunused-top-binds]
    Defined but not used: ‘in1970’
    |
456 | in1970 _ 'j' "366" = Nothing -- 1970 was not a leap year
    | ^^^^^^

test/main/Test/Format/ParseTime.hs:470:1: warning: [GHC-40910] [-Wunused-top-binds]
    Defined but not used: ‘prop_format_parse_format’
    |
470 | prop_format_parse_format _ fc v =
    | ^^^^^^^^^^^^^^^^^^^^^^^^

test/main/Test/Format/ParseTime.hs:526:1: warning: [GHC-40910] [-Wunused-top-binds]
    Defined but not used: ‘prop_no_crash_bad_input’
    |
526 | prop_no_crash_bad_input fs@(FormatString f) (Input s) =
    | ^^^^^^^^^^^^^^^^^^^^^^^

test/main/Test/Format/ParseTime.hs:539:1: warning: [GHC-40910] [-Wunused-top-binds]
    Defined but not used: ‘formatType’
    |
539 | formatType _ = undefined
    | ^^^^^^^^^^

test/main/Test/Format/ParseTime.hs:545:1: warning: [GHC-40910] [-Wunused-top-binds]
    Defined but not used: ‘typedTests’
    |
545 | typedTests prop =
    | ^^^^^^^^^^

test/main/Test/Format/ParseTime.hs:566:1: warning: [GHC-40910] [-Wunused-top-binds]
    Defined but not used: ‘allTypes’
    |
566 | allTypes f =
    | ^^^^^^^^

test/main/Test/Format/ParseTime.hs:579:1: warning: [GHC-40910] [-Wunused-top-binds]
    Defined but not used: ‘allLeapSecondTypes’
    |
579 | allLeapSecondTypes f =
    | ^^^^^^^^^^^^^^^^^^

test/main/Test/Format/ParseTime.hs:603:1: warning: [GHC-40910] [-Wunused-top-binds]
    Defined but not used: ‘parseEmptyTest’
    |
603 | parseEmptyTest _ =
    | ^^^^^^^^^^^^^^

test/main/Test/Format/ParseTime.hs:609:1: warning: [GHC-40910] [-Wunused-top-binds]
    Defined but not used: ‘parseEmptyTests’
    |
609 | parseEmptyTests = nameTest "parse empty" $ allTypes $ \name p -> nameTest name $ parseEmptyTest p
    | ^^^^^^^^^^^^^^^

test/main/Test/Format/ParseTime.hs:612:1: warning: [GHC-40910] [-Wunused-top-binds]
    Defined but not used: ‘formatParseFormatTests’
    |
612 | formatParseFormatTests =
    | ^^^^^^^^^^^^^^^^^^^^^^

test/main/Test/Format/ParseTime.hs:627:1: warning: [GHC-40910] [-Wunused-top-binds]
    Defined but not used: ‘badInputTests’
    |
627 | badInputTests =
    | ^^^^^^^^^^^^^

test/main/Test/Format/ParseTime.hs:642:1: warning: [GHC-40910] [-Wunused-top-binds]
    Defined but not used: ‘readShowTests’
    |
642 | readShowTests =
    | ^^^^^^^^^^^^^

test/main/Test/Format/ParseTime.hs:665:1: warning: [GHC-40910] [-Wunused-top-binds]
    Defined but not used: ‘parseShowTests’
    |
665 | parseShowTests =
    | ^^^^^^^^^^^^^^

test/main/Test/Format/ParseTime.hs:674:1: warning: [GHC-40910] [-Wunused-top-binds]
    Defined but not used: ‘propertyTests’
    |
674 | propertyTests =
    | ^^^^^^^^^^^^^

test/main/Test/Format/ParseTime.hs:691:1: warning: [GHC-40910] [-Wunused-top-binds]
    Defined but not used: ‘dayFormats’
    |
691 | dayFormats =
    | ^^^^^^^^^^

test/main/Test/Format/ParseTime.hs:739:1: warning: [GHC-40910] [-Wunused-top-binds]
    Defined but not used: ‘monthFormats’
    |
739 | monthFormats =
    | ^^^^^^^^^^^^

test/main/Test/Format/ParseTime.hs:761:1: warning: [GHC-40910] [-Wunused-top-binds]
    Defined but not used: ‘timeOfDayFormats’
    |
761 | timeOfDayFormats =
    | ^^^^^^^^^^^^^^^^

test/main/Test/Format/ParseTime.hs:789:1: warning: [GHC-40910] [-Wunused-top-binds]
    Defined but not used: ‘localTimeFormats’
    |
789 | localTimeFormats = map FormatString [] {-"%Q","%Q ","%QX"-}
    | ^^^^^^^^^^^^^^^^

test/main/Test/Format/ParseTime.hs:792:1: warning: [GHC-40910] [-Wunused-top-binds]
    Defined but not used: ‘timeZoneFormats’
    |
792 | timeZoneFormats = map FormatString ["%z", "%z%Z", "%Z%z", "%Z", "%Ez", "%EZ"]
    | ^^^^^^^^^^^^^^^

test/main/Test/Format/ParseTime.hs:795:1: warning: [GHC-40910] [-Wunused-top-binds]
    Defined but not used: ‘zonedTimeFormats’
    |
795 | zonedTimeFormats =
    | ^^^^^^^^^^^^^^^^

test/main/Test/Format/ParseTime.hs:805:1: warning: [GHC-40910] [-Wunused-top-binds]
    Defined but not used: ‘zonedTimeAlmostFormats’
    |
805 | zonedTimeAlmostFormats = map FormatString ["%s.%q %z", "%s%Q %z", "%s.%q %Z", "%s%Q %Z"]
    | ^^^^^^^^^^^^^^^^^^^^^^

test/main/Test/Format/ParseTime.hs:808:1: warning: [GHC-40910] [-Wunused-top-binds]
    Defined but not used: ‘utcTimeAlmostFormats’
    |
808 | utcTimeAlmostFormats = map FormatString ["%s.%q", "%s%Q"]
    | ^^^^^^^^^^^^^^^^^^^^

test/main/Test/Format/ParseTime.hs:811:1: warning: [GHC-40910] [-Wunused-top-binds]
    Defined but not used: ‘universalTimeFormats’
    |
811 | universalTimeFormats = map FormatString []
    | ^^^^^^^^^^^^^^^^^^^^

test/main/Test/Format/ParseTime.hs:814:1: warning: [GHC-40910] [-Wunused-top-binds]
    Defined but not used: ‘calendarDiffDaysFormats’
    |
814 | calendarDiffDaysFormats = map FormatString ["%yy%Bm%ww%Dd", "%yy%Bm%dd", "%bm%ww%Dd", "%bm%dd"]
    | ^^^^^^^^^^^^^^^^^^^^^^^

test/main/Test/Format/ParseTime.hs:817:1: warning: [GHC-40910] [-Wunused-top-binds]
    Defined but not used: ‘calendarDiffTimeFormats’
    |
817 | calendarDiffTimeFormats =
    | ^^^^^^^^^^^^^^^^^^^^^^^

test/main/Test/Format/ParseTime.hs:831:1: warning: [GHC-40910] [-Wunused-top-binds]
    Defined but not used: ‘diffTimeFormats’
    |
831 | diffTimeFormats =
    | ^^^^^^^^^^^^^^^

test/main/Test/Format/ParseTime.hs:835:1: warning: [GHC-40910] [-Wunused-top-binds]
    Defined but not used: ‘nominalDiffTimeFormats’
    |
835 | nominalDiffTimeFormats =
    | ^^^^^^^^^^^^^^^^^^^^^^

test/main/Test/Format/ParseTime.hs:844:1: warning: [GHC-40910] [-Wunused-top-binds]
    Defined but not used: ‘partialDayFormats’
    |
844 | partialDayFormats = map FormatString []
    | ^^^^^^^^^^^^^^^^^

test/main/Test/Format/ParseTime.hs:847:1: warning: [GHC-40910] [-Wunused-top-binds]
    Defined but not used: ‘partialTimeOfDayFormats’
    |
847 | partialTimeOfDayFormats = map FormatString ["%H", "%M", "%S", "%H:%M"]
    | ^^^^^^^^^^^^^^^^^^^^^^^

test/main/Test/Format/ParseTime.hs:850:1: warning: [GHC-40910] [-Wunused-top-binds]
    Defined but not used: ‘partialLocalTimeFormats’
    |
850 | partialLocalTimeFormats = map FormatString []
    | ^^^^^^^^^^^^^^^^^^^^^^^

test/main/Test/Format/ParseTime.hs:853:1: warning: [GHC-40910] [-Wunused-top-binds]
    Defined but not used: ‘partialZonedTimeFormats’
    |
853 | partialZonedTimeFormats =
    | ^^^^^^^^^^^^^^^^^^^^^^^

test/main/Test/Format/ParseTime.hs:864:1: warning: [GHC-40910] [-Wunused-top-binds]
    Defined but not used: ‘partialUTCTimeFormats’
    |
864 | partialUTCTimeFormats =
    | ^^^^^^^^^^^^^^^^^^^^^

test/main/Test/Format/ParseTime.hs:874:1: warning: [GHC-40910] [-Wunused-top-binds]
    Defined but not used: ‘partialUniversalTimeFormats’
    |
874 | partialUniversalTimeFormats = map FormatString []
    | ^^^^^^^^^^^^^^^^^^^^^^^^^^^

test/main/Test/Format/ParseTime.hs:877:1: warning: [GHC-40910] [-Wunused-top-binds]
    Defined but not used: ‘failingPartialDayFormats’
    |
877 | failingPartialDayFormats =
    | ^^^^^^^^^^^^^^^^^^^^^^^^

[29 of 36] Compiling Test.Format.ISO8601
test/main/Test/Format/ISO8601.hs:22:1: warning: [GHC-40910] [-Wunused-top-binds]
    Defined but not used: ‘readShowProperty’
   |
22 | readShowProperty skip _ val | skip val = property Discard
   | ^^^^^^^^^^^^^^^^

test/main/Test/Format/ISO8601.hs:38:5: warning: [GHC-40910] [-Wunused-top-binds]
    Defined but not used: ‘specialTestValues’
   |
38 |     specialTestValues :: [a]
   |     ^^^^^^^^^^^^^^^^^^^^^^^^

test/main/Test/Format/ISO8601.hs:47:1: warning: [GHC-40910] [-Wunused-top-binds]
    Defined but not used: ‘readShowTestCheck’
   |
47 | readShowTestCheck skip fmt = [nameTest "random" $ readShowProperty skip fmt, nameTest "special" $ fmap (\a -> nameTest (show a) $ readShowProperty skip fmt a) $ filter (not . skip) specialTestValues]
   | ^^^^^^^^^^^^^^^^^

test/main/Test/Format/ISO8601.hs:50:1: warning: [GHC-40910] [-Wunused-top-binds]
    Defined but not used: ‘readShowTest’
   |
50 | readShowTest = readShowTestCheck $ \_ -> False
   | ^^^^^^^^^^^^

test/main/Test/Format/ISO8601.hs:53:1: warning: [GHC-40910] [-Wunused-top-binds]
    Defined but not used: ‘readBoth’
   |
53 | readBoth fmts = [nameTest "extended" $ fmts ExtendedFormat, nameTest "basic" $ fmts BasicFormat]
   | ^^^^^^^^

test/main/Test/Format/ISO8601.hs:56:1: warning: [GHC-40910] [-Wunused-top-binds]
    Defined but not used: ‘readShowTestsCheck’
   |
56 | readShowTestsCheck skip fmts = readBoth $ \fe -> readShowTestCheck skip $ fmts fe
   | ^^^^^^^^^^^^^^^^^^

test/main/Test/Format/ISO8601.hs:59:1: warning: [GHC-40910] [-Wunused-top-binds]
    Defined but not used: ‘readShowTests’
   |
59 | readShowTests = readShowTestsCheck $ \_ -> False
   | ^^^^^^^^^^^^^

test/main/Test/Format/ISO8601.hs:61:38: warning: [GHC-40910] [-Wunused-top-binds]
    Defined but not used: record field of MkDurational ‘unDurational’
   |
61 | newtype Durational t = MkDurational {unDurational :: t}
   |                                      ^^^^^^^^^^^^

test/main/Test/Format/ISO8601.hs:85:1: warning: [GHC-40910] [-Wunused-top-binds]
    Defined but not used: ‘durationalFormat’
   |
85 | durationalFormat = coerce
   | ^^^^^^^^^^^^^^^^

test/main/Test/Format/ISO8601.hs:144:1: warning: [GHC-40910] [-Wunused-top-binds]
    Defined but not used: ‘testShowReadFormat’
    |
144 | testShowReadFormat name fmt str val =
    | ^^^^^^^^^^^^^^^^^^

test/main/Test/Format/ISO8601.hs:152:1: warning: [GHC-40910] [-Wunused-top-binds]
    Defined but not used: ‘testReadFormat’
    |
152 | testReadFormat name fmt str val = nameTest (name ++ ": " ++ str) $ assertEqual "" (Just val) $ formatParseM fmt str
    | ^^^^^^^^^^^^^^

[30 of 36] Compiling Test.Format.Format
test/main/Test/Format/Format.hs:112:1: warning: [GHC-40910] [-Wunused-top-binds]
    Defined but not used: ‘testAFormat’
    |
112 | testAFormat fmt expected t = testCase fmt $ assertEqual "" expected $ formatTime defaultTimeLocale fmt t
    | ^^^^^^^^^^^

[31 of 36] Compiling Test.Clock.TAI
[32 of 36] Compiling Test.Calendar.Year
[33 of 36] Compiling Test.Calendar.Week
[34 of 36] Compiling Test.Calendar.CalendarProps
[35 of 36] Compiling Test.Types
[36 of 36] Compiling Main
test/main/Main.hs:22:1: warning: [GHC-66111] [-Wunused-imports]
    The import of ‘Test.Format.Format’ is redundant
      except perhaps to import instances from ‘Test.Format.Format’
    To import instances alone, use: import Test.Format.Format()
   |
22 | import Test.Format.Format
   | ^^^^^^^^^^^^^^^^^^^^^^^^^

test/main/Main.hs:23:1: warning: [GHC-66111] [-Wunused-imports]
    The import of ‘Test.Format.ISO8601’ is redundant
      except perhaps to import instances from ‘Test.Format.ISO8601’
    To import instances alone, use: import Test.Format.ISO8601()
   |
23 | import Test.Format.ISO8601
   | ^^^^^^^^^^^^^^^^^^^^^^^^^^

test/main/Main.hs:24:1: warning: [GHC-66111] [-Wunused-imports]
    The import of ‘Test.Format.ParseTime’ is redundant
      except perhaps to import instances from ‘Test.Format.ParseTime’
    To import instances alone, use: import Test.Format.ParseTime()
   |
24 | import Test.Format.ParseTime
   | ^^^^^^^^^^^^^^^^^^^^^^^^^^^^

test/main/Main.hs:26:1: warning: [GHC-66111] [-Wunused-imports]
    The import of ‘Test.LocalTime.Time’ is redundant
      except perhaps to import instances from ‘Test.LocalTime.Time’
    To import instances alone, use: import Test.LocalTime.Time()
   |
26 | import Test.LocalTime.Time
   | ^^^^^^^^^^^^^^^^^^^^^^^^^^

[37 of 37] Linking /tmp/workdir-time-compat/time-compat-1.9.8/dist-newstyle/build/x86_64-linux/ghc-9.10.2/time-compat-1.9.8/t/main/build/main/main
Configuring test suite 'instances' for time-compat-1.9.8...
Preprocessing test suite 'instances' for time-compat-1.9.8...
Building test suite 'instances' for time-compat-1.9.8...
[1 of 1] Compiling Main
[2 of 2] Linking /tmp/workdir-time-compat/time-compat-1.9.8/dist-newstyle/build/x86_64-linux/ghc-9.10.2/time-compat-1.9.8/t/instances/build/instances/instances
