Resolving dependencies...
Build profile: -w ghc-9.10.2 -O1
In order, the following will be built (use -v for more details):
 - gogol-android-publisher-1.0.0 (lib) (first run)
Configuring library for gogol-android-publisher-1.0.0...
Warning: [git-protocol] Cloning over git:// might lead to an arbitrary code
execution vulnerability. Furthermore, popular forges like GitHub do not
support it. Use https:// or ssh:// instead.
Preprocessing library for gogol-android-publisher-1.0.0...
Building library for gogol-android-publisher-1.0.0...
[  1 of 118] Compiling Gogol.AndroidPublisher.Internal.Sum
[  2 of 118] Compiling Gogol.AndroidPublisher.Internal.Product
[  3 of 118] Compiling Gogol.AndroidPublisher.Types
[  4 of 118] Compiling Gogol.AndroidPublisher.Systemapks.Variants.List
[  5 of 118] Compiling Gogol.AndroidPublisher.Systemapks.Variants.Get
[  6 of 118] Compiling Gogol.AndroidPublisher.Systemapks.Variants.Download
[  7 of 118] Compiling Gogol.AndroidPublisher.Systemapks.Variants.Create
[  8 of 118] Compiling Gogol.AndroidPublisher.Reviews.Reply
[  9 of 118] Compiling Gogol.AndroidPublisher.Reviews.List
[ 10 of 118] Compiling Gogol.AndroidPublisher.Reviews.Get
[ 11 of 118] Compiling Gogol.AndroidPublisher.Purchases.Voidedpurchases.List
[ 12 of 118] Compiling Gogol.AndroidPublisher.Purchases.Subscriptionsv2.Revoke
[ 13 of 118] Compiling Gogol.AndroidPublisher.Purchases.Subscriptionsv2.Get
[ 14 of 118] Compiling Gogol.AndroidPublisher.Purchases.Subscriptions.Revoke
[ 15 of 118] Compiling Gogol.AndroidPublisher.Purchases.Subscriptions.Refund
[ 16 of 118] Compiling Gogol.AndroidPublisher.Purchases.Subscriptions.Get
[ 17 of 118] Compiling Gogol.AndroidPublisher.Purchases.Subscriptions.Defer
[ 18 of 118] Compiling Gogol.AndroidPublisher.Purchases.Subscriptions.Cancel
[ 19 of 118] Compiling Gogol.AndroidPublisher.Purchases.Subscriptions.Acknowledge
[ 20 of 118] Compiling Gogol.AndroidPublisher.Purchases.Products.Get
[ 21 of 118] Compiling Gogol.AndroidPublisher.Purchases.Products.Consume
[ 22 of 118] Compiling Gogol.AndroidPublisher.Purchases.Products.Acknowledge
[ 23 of 118] Compiling Gogol.AndroidPublisher.Orders.Refund
[ 24 of 118] Compiling Gogol.AndroidPublisher.Monetization.Subscriptions.Patch
[ 25 of 118] Compiling Gogol.AndroidPublisher.Monetization.Subscriptions.List
[ 26 of 118] Compiling Gogol.AndroidPublisher.Monetization.Subscriptions.Get
[ 27 of 118] Compiling Gogol.AndroidPublisher.Monetization.Subscriptions.Delete
[ 28 of 118] Compiling Gogol.AndroidPublisher.Monetization.Subscriptions.Create
[ 29 of 118] Compiling Gogol.AndroidPublisher.Monetization.Subscriptions.BatchUpdate
[ 30 of 118] Compiling Gogol.AndroidPublisher.Monetization.Subscriptions.BatchGet
[ 31 of 118] Compiling Gogol.AndroidPublisher.Monetization.Subscriptions.BasePlans.Offers.Patch
[ 32 of 118] Compiling Gogol.AndroidPublisher.Monetization.Subscriptions.BasePlans.Offers.List
[ 33 of 118] Compiling Gogol.AndroidPublisher.Monetization.Subscriptions.BasePlans.Offers.Get
[ 34 of 118] Compiling Gogol.AndroidPublisher.Monetization.Subscriptions.BasePlans.Offers.Delete
[ 35 of 118] Compiling Gogol.AndroidPublisher.Monetization.Subscriptions.BasePlans.Offers.Deactivate
[ 36 of 118] Compiling Gogol.AndroidPublisher.Monetization.Subscriptions.BasePlans.Offers.Create
[ 37 of 118] Compiling Gogol.AndroidPublisher.Monetization.Subscriptions.BasePlans.Offers.BatchUpdateStates
[ 38 of 118] Compiling Gogol.AndroidPublisher.Monetization.Subscriptions.BasePlans.Offers.BatchUpdate
[ 39 of 118] Compiling Gogol.AndroidPublisher.Monetization.Subscriptions.BasePlans.Offers.BatchGet
[ 40 of 118] Compiling Gogol.AndroidPublisher.Monetization.Subscriptions.BasePlans.Offers.Activate
[ 41 of 118] Compiling Gogol.AndroidPublisher.Monetization.Subscriptions.BasePlans.MigratePrices
[ 42 of 118] Compiling Gogol.AndroidPublisher.Monetization.Subscriptions.BasePlans.Delete
[ 43 of 118] Compiling Gogol.AndroidPublisher.Monetization.Subscriptions.BasePlans.Deactivate
[ 44 of 118] Compiling Gogol.AndroidPublisher.Monetization.Subscriptions.BasePlans.BatchUpdateStates
[ 45 of 118] Compiling Gogol.AndroidPublisher.Monetization.Subscriptions.BasePlans.BatchMigratePrices
[ 46 of 118] Compiling Gogol.AndroidPublisher.Monetization.Subscriptions.BasePlans.Activate
[ 47 of 118] Compiling Gogol.AndroidPublisher.Monetization.Subscriptions.Archive
[ 48 of 118] Compiling Gogol.AndroidPublisher.Monetization.ConvertRegionPrices
[ 49 of 118] Compiling Gogol.AndroidPublisher.Internalappsharingartifacts.Uploadbundle
[ 50 of 118] Compiling Gogol.AndroidPublisher.Internalappsharingartifacts.Uploadapk
[ 51 of 118] Compiling Gogol.AndroidPublisher.Inappproducts.Update
[ 52 of 118] Compiling Gogol.AndroidPublisher.Inappproducts.Patch
[ 53 of 118] Compiling Gogol.AndroidPublisher.Inappproducts.List
[ 54 of 118] Compiling Gogol.AndroidPublisher.Inappproducts.Insert
[ 55 of 118] Compiling Gogol.AndroidPublisher.Inappproducts.Get
[ 56 of 118] Compiling Gogol.AndroidPublisher.Inappproducts.Delete
[ 57 of 118] Compiling Gogol.AndroidPublisher.Inappproducts.BatchUpdate
[ 58 of 118] Compiling Gogol.AndroidPublisher.Inappproducts.BatchGet
[ 59 of 118] Compiling Gogol.AndroidPublisher.Inappproducts.BatchDelete
[ 60 of 118] Compiling Gogol.AndroidPublisher.Grants.Patch
[ 61 of 118] Compiling Gogol.AndroidPublisher.Grants.Delete
[ 62 of 118] Compiling Gogol.AndroidPublisher.Grants.Create
[ 63 of 118] Compiling Gogol.AndroidPublisher.Generatedapks.List
[ 64 of 118] Compiling Gogol.AndroidPublisher.Generatedapks.Download
[ 65 of 118] Compiling Gogol.AndroidPublisher.Externaltransactions.Refundexternaltransaction
[ 66 of 118] Compiling Gogol.AndroidPublisher.Externaltransactions.Getexternaltransaction
[ 67 of 118] Compiling Gogol.AndroidPublisher.Externaltransactions.Createexternaltransaction
[ 68 of 118] Compiling Gogol.AndroidPublisher.Edits.Validate
[ 69 of 118] Compiling Gogol.AndroidPublisher.Edits.Tracks.Update
[ 70 of 118] Compiling Gogol.AndroidPublisher.Edits.Tracks.Patch
[ 71 of 118] Compiling Gogol.AndroidPublisher.Edits.Tracks.List
[ 72 of 118] Compiling Gogol.AndroidPublisher.Edits.Tracks.Get
[ 73 of 118] Compiling Gogol.AndroidPublisher.Edits.Tracks.Create
[ 74 of 118] Compiling Gogol.AndroidPublisher.Edits.Testers.Update
[ 75 of 118] Compiling Gogol.AndroidPublisher.Edits.Testers.Patch
[ 76 of 118] Compiling Gogol.AndroidPublisher.Edits.Testers.Get
[ 77 of 118] Compiling Gogol.AndroidPublisher.Edits.Listings.Update
[ 78 of 118] Compiling Gogol.AndroidPublisher.Edits.Listings.Patch
[ 79 of 118] Compiling Gogol.AndroidPublisher.Edits.Listings.List
[ 80 of 118] Compiling Gogol.AndroidPublisher.Edits.Listings.Get
[ 81 of 118] Compiling Gogol.AndroidPublisher.Edits.Listings.Deleteall
[ 82 of 118] Compiling Gogol.AndroidPublisher.Edits.Listings.Delete
[ 83 of 118] Compiling Gogol.AndroidPublisher.Edits.Insert
[ 84 of 118] Compiling Gogol.AndroidPublisher.Edits.Images.Upload
[ 85 of 118] Compiling Gogol.AndroidPublisher.Edits.Images.List
[ 86 of 118] Compiling Gogol.AndroidPublisher.Edits.Images.Deleteall
[ 87 of 118] Compiling Gogol.AndroidPublisher.Edits.Images.Delete
[ 88 of 118] Compiling Gogol.AndroidPublisher.Edits.Get
[ 89 of 118] Compiling Gogol.AndroidPublisher.Edits.Expansionfiles.Upload
[ 90 of 118] Compiling Gogol.AndroidPublisher.Edits.Expansionfiles.Update
[ 91 of 118] Compiling Gogol.AndroidPublisher.Edits.Expansionfiles.Patch
[ 92 of 118] Compiling Gogol.AndroidPublisher.Edits.Expansionfiles.Get
[ 93 of 118] Compiling Gogol.AndroidPublisher.Edits.Details.Update
[ 94 of 118] Compiling Gogol.AndroidPublisher.Edits.Details.Patch
[ 95 of 118] Compiling Gogol.AndroidPublisher.Edits.Details.Get
[ 96 of 118] Compiling Gogol.AndroidPublisher.Edits.Deobfuscationfiles.Upload
[ 97 of 118] Compiling Gogol.AndroidPublisher.Edits.Delete
[ 98 of 118] Compiling Gogol.AndroidPublisher.Edits.Countryavailability.Get
[ 99 of 118] Compiling Gogol.AndroidPublisher.Edits.Commit
[100 of 118] Compiling Gogol.AndroidPublisher.Edits.Bundles.Upload
[101 of 118] Compiling Gogol.AndroidPublisher.Edits.Bundles.List
[102 of 118] Compiling Gogol.AndroidPublisher.Edits.Apks.Upload
[103 of 118] Compiling Gogol.AndroidPublisher.Edits.Apks.List
[104 of 118] Compiling Gogol.AndroidPublisher.Edits.Apks.Addexternallyhosted
[105 of 118] Compiling Gogol.AndroidPublisher.Apprecovery.List
[106 of 118] Compiling Gogol.AndroidPublisher.Apprecovery.Deploy
[107 of 118] Compiling Gogol.AndroidPublisher.Apprecovery.Create
[108 of 118] Compiling Gogol.AndroidPublisher.Apprecovery.Cancel
[109 of 118] Compiling Gogol.AndroidPublisher.Apprecovery.AddTargeting
[110 of 118] Compiling Gogol.AndroidPublisher.Applications.DeviceTierConfigs.List
[111 of 118] Compiling Gogol.AndroidPublisher.Applications.DeviceTierConfigs.Get
[112 of 118] Compiling Gogol.AndroidPublisher.Applications.DeviceTierConfigs.Create
[113 of 118] Compiling Gogol.AndroidPublisher.Applications.DataSafety
[114 of 118] Compiling Gogol.AndroidPublisher.Users.Create
[115 of 118] Compiling Gogol.AndroidPublisher.Users.Delete
[116 of 118] Compiling Gogol.AndroidPublisher.Users.List
[117 of 118] Compiling Gogol.AndroidPublisher.Users.Patch
[118 of 118] Compiling Gogol.AndroidPublisher
