Resolving dependencies...
Build profile: -w ghc-9.10.2 -O1
In order, the following will be built (use -v for more details):
 - hedis-0.15.2 (lib) (first run)
Configuring library for hedis-0.15.2...
Preprocessing library for hedis-0.15.2...
Building library for hedis-0.15.2...
[ 1 of 17] Compiling Database.Redis.Cluster.HashSlot
[ 2 of 17] Compiling Database.Redis.ConnectionContext
[ 3 of 17] Compiling Database.Redis.Protocol
[ 4 of 17] Compiling Database.Redis.ProtocolPipelining
src/Database/Redis/ProtocolPipelining.hs:132:46: warning: [GHC-62161] [-Wincomplete-uni-patterns]
    Pattern match(es) are non-exhaustive
    In a lambda abstraction: Patterns of type ‘[Reply]’ not matched: []
    |
132 |             atomicModifyIORef' connPending $ \(_:rs) -> (rs, ())
    |                                              ^^^^^^^^^^^^^^^^^^^

[ 5 of 17] Compiling Database.Redis.Types
[ 6 of 17] Compiling Database.Redis.Cluster.Command
[ 7 of 17] Compiling Database.Redis.Cluster
src/Database/Redis/Cluster.hs:217:23: warning: [GHC-63394] [-Wx-partial]
    In the use of ‘head’
    (imported from Prelude, but defined in GHC.Internal.List):
    "This is a partial function, it throws an error on empty lists. Use pattern matching, 'Data.List.uncons' or 'Data.Maybe.listToMaybe' instead. Consider refactoring to use "Data.List.NonEmpty"."
    |
217 |         retryReply <- head <$> retryBatch shardMapVar refreshShardmapAction conn retryCount [request] [thisReply]
    |                       ^^^^

src/Database/Redis/Cluster.hs:234:85: warning: [GHC-63394] [-Wx-partial]
    In the use of ‘head’
    (imported from Prelude, but defined in GHC.Internal.List):
    "This is a partial function, it throws an error on empty lists. Use pattern matching, 'Data.List.uncons' or 'Data.Maybe.listToMaybe' instead. Consider refactoring to use "Data.List.NonEmpty"."
    |
234 |             nodeConn <- nodeConnForHashSlot shardMapVar conn (MissingNodeException (head requests)) hashSlot
    |                                                                                     ^^^^

src/Database/Redis/Cluster.hs:240:33: warning: [GHC-63394] [-Wx-partial]
    In the use of ‘tail’
    (imported from Prelude, but defined in GHC.Internal.List):
    "This is a partial function, it throws an error on empty lists. Replace it with 'drop' 1, or use pattern matching or 'GHC.Internal.Data.List.uncons' instead. Consider refactoring to use "Data.List.NonEmpty"."
    |
240 |                 Just askNode -> tail <$> requestNode askNode (["ASKING"] : requests)
    |                                 ^^^^

src/Database/Redis/Cluster.hs:245:58: warning: [GHC-63394] [-Wx-partial]
    In the use of ‘head’
    (imported from Prelude, but defined in GHC.Internal.List):
    "This is a partial function, it throws an error on empty lists. Use pattern matching, 'Data.List.uncons' or 'Data.Maybe.listToMaybe' instead. Consider refactoring to use "Data.List.NonEmpty"."
    |
245 |                     _ -> throwIO $ MissingNodeException (head requests)
    |                                                          ^^^^

src/Database/Redis/Cluster.hs:264:77: warning: [GHC-63394] [-Wx-partial]
    In the use of ‘head’
    (imported from Prelude, but defined in GHC.Internal.List):
    "This is a partial function, it throws an error on empty lists. Use pattern matching, 'Data.List.uncons' or 'Data.Maybe.listToMaybe' instead. Consider refactoring to use "Data.List.NonEmpty"."
    |
264 |     nodeConn <- nodeConnForHashSlot shardMapVar conn (MissingNodeException (head requests)) hashSlot
    |                                                                             ^^^^

[ 8 of 17] Compiling Database.Redis.Core.Internal
[ 9 of 17] Compiling Database.Redis.Core
[10 of 17] Compiling Database.Redis.Transactions
[11 of 17] Compiling Database.Redis.ManualCommands
src/Database/Redis/ManualCommands.hs:850:39: warning: [GHC-62161] [-Wincomplete-uni-patterns]
    Pattern match(es) are non-exhaustive
    In a lambda abstraction:
        Patterns of type ‘[ByteString]’ not matched:
            []
            [_]
            (_:_:_:_)
    |
850 |             decodeKeyValues bs = map (\[x,y] -> (x,y)) $ chunksOfTwo bs
    |                                       ^^^^^^^^^^^^^^^

[12 of 17] Compiling Database.Redis.Commands
[13 of 17] Compiling Database.Redis.Connection
src/Database/Redis/Connection.hs:234:44: warning: [GHC-63394] [-Wx-partial]
    In the use of ‘head’
    (imported from Prelude, but defined in GHC.Internal.List):
    "This is a partial function, it throws an error on empty lists. Use pattern matching, 'Data.List.uncons' or 'Data.Maybe.listToMaybe' instead. Consider refactoring to use "Data.List.NonEmpty"."
    |
234 |     let (Cluster.NodeConnection ctx _ _) = head $ HM.elems nodeConns
    |                                            ^^^^

[14 of 17] Compiling Database.Redis.PubSub
src/Database/Redis/PubSub.hs:33:1: warning: [GHC-66111] [-Wunused-imports]
    The import of ‘Data.List’ is redundant
      except perhaps to import instances from ‘Data.List’
    To import instances alone, use: import Data.List()
   |
33 | import Data.List (foldl')
   | ^^^^^^^^^^^^^^^^^^^^^^^^^

src/Database/Redis/PubSub.hs:622:71: warning: [GHC-63394] [-Wx-partial]
    In the use of ‘head’
    (imported from Prelude, but defined in GHC.Internal.List):
    "This is a partial function, it throws an error on empty lists. Use pattern matching, 'Data.List.uncons' or 'Data.Maybe.listToMaybe' instead. Consider refactoring to use "Data.List.NonEmpty"."
    |
622 |     decodePMessage = PMessage <$> decode r1 <*> decode r2 <*> decode (head rs)
    |                                                                       ^^^^

[15 of 17] Compiling Database.Redis.URL
[16 of 17] Compiling Database.Redis
[17 of 17] Compiling Database.Redis.Sentinel
