Resolving dependencies...
Build profile: -w ghc-9.10.2 -O1
In order, the following will be built (use -v for more details):
 - hspec-meta-2.11.12 (lib) (first run)
 - hspec-meta-2.11.12 (exe:hspec-meta-discover) (first run)
Configuring library for hspec-meta-2.11.12...
Preprocessing library for hspec-meta-2.11.12...
Building library for hspec-meta-2.11.12...
[ 1 of 58] Compiling Control.Concurrent.Async
[ 2 of 58] Compiling Data.Algorithm.Diff
[ 3 of 58] Compiling Paths_hspec_meta
[ 4 of 58] Compiling Test.Hspec.Core.Compat
[ 5 of 58] Compiling Test.Hspec.Core.Clock
[ 6 of 58] Compiling Test.Hspec.Core.Annotations
[ 7 of 58] Compiling NonEmpty
[ 8 of 58] Compiling GetOpt.Declarative.Types
[ 9 of 58] Compiling GetOpt.Declarative.Environment
[10 of 58] Compiling Test.Hspec.Core.Example.Location
[11 of 58] Compiling Test.Hspec.Core.Formatters.Diff
[12 of 58] Compiling Test.Hspec.Core.Formatters.Pretty.Parser.Parser
[13 of 58] Compiling Test.Hspec.Core.Formatters.Pretty.Parser
[14 of 58] Compiling Test.Hspec.Core.Formatters.Pretty.Unicode
[15 of 58] Compiling Test.Hspec.Core.Formatters.Pretty
[16 of 58] Compiling Test.Hspec.Core.Formatters.V1.Free
[17 of 58] Compiling Test.Hspec.Core.Runner.JobQueue
[18 of 58] Compiling Test.Hspec.Core.Timer
[19 of 58] Compiling Test.Hspec.Core.Util
[20 of 58] Compiling Test.Hspec.Core.QuickCheck.Util
[21 of 58] Compiling Test.Hspec.Core.Example
[22 of 58] Compiling Test.Hspec.Core.Tree
[23 of 58] Compiling Test.Hspec.Core.Shuffle
[24 of 58] Compiling Test.Hspec.Core.Format
[25 of 58] Compiling Test.Hspec.Core.Runner.Result
[26 of 58] Compiling Test.Hspec.Core.Formatters.V1.Monad
[27 of 58] Compiling Test.Hspec.Core.Formatters.Internal
[28 of 58] Compiling Test.Hspec.Core.Formatters.V2
[29 of 58] Compiling Test.Hspec.Core.Runner.PrintSlowSpecItems
[30 of 58] Compiling Test.Hspec.Core.Formatters.V1.Internal
[31 of 58] Compiling Test.Hspec.Core.Formatters.V1
[32 of 58] Compiling Test.Hspec.Core.Formatters
[33 of 58] Compiling GetOpt.Declarative.Util
[34 of 58] Compiling GetOpt.Declarative.Interpret
[35 of 58] Compiling GetOpt.Declarative
[36 of 58] Compiling Test.Hspec.Core.Config.Definition
[37 of 58] Compiling Test.Hspec.Core.Spec.Monad
[38 of 58] Compiling Test.Hspec.Core.QuickCheck
[39 of 58] Compiling Test.Hspec.Core.Hooks
[40 of 58] Compiling Test.Hspec.Core.Spec
[41 of 58] Compiling Test.Hspec.Core.Runner.Eval
[42 of 58] Compiling Test.Hspec.Core.Extension.Tree
[43 of 58] Compiling Test.Hspec.Core.Extension.Spec
[44 of 58] Compiling Test.Hspec.Core.Extension.Item
[45 of 58] Compiling Test.Hspec.Core.FailureReport
[46 of 58] Compiling Test.Hspec.Core.Extension.Config.Type
[47 of 58] Compiling Test.Hspec.Core.Extension.Option
[48 of 58] Compiling Test.Hspec.Core.Extension.Config
[49 of 58] Compiling Test.Hspec.Core.Extension
[50 of 58] Compiling Test.Hspec.Core.Config.Options
[51 of 58] Compiling Test.Hspec.Core.Config
[52 of 58] Compiling Test.Hspec.Core.Runner
[53 of 58] Compiling Test.Hspec.Discover
[54 of 58] Compiling Test.Hspec.Formatters
[55 of 58] Compiling Test.Hspec.Runner
[56 of 58] Compiling Test.Hspec
[57 of 58] Compiling Test.Hspec.QuickCheck
[58 of 58] Compiling Test.Hspec.Meta
Configuring executable 'hspec-meta-discover' for hspec-meta-2.11.12...
Preprocessing executable 'hspec-meta-discover' for hspec-meta-2.11.12...
Building executable 'hspec-meta-discover' for hspec-meta-2.11.12...
[1 of 5] Compiling Paths_hspec_meta
[2 of 5] Compiling Test.Hspec.Discover.Config
[3 of 5] Compiling Test.Hspec.Discover.Sort
[4 of 5] Compiling Test.Hspec.Discover.Run
[5 of 5] Compiling Main
[6 of 6] Linking /tmp/workdir-hspec-meta/hspec-meta-2.11.12/dist-newstyle/build/x86_64-linux/ghc-9.10.2/hspec-meta-2.11.12/x/hspec-meta-discover/build/hspec-meta-discover/hspec-meta-discover
