Resolving dependencies...
Build profile: -w ghc-9.10.2 -O1
In order, the following will be built (use -v for more details):
 - streaming-binary-0.3.0.1 (lib) (first run)
 - streaming-binary-0.3.0.1 (test:tests) (first run)
Configuring library for streaming-binary-0.3.0.1...
Preprocessing library for streaming-binary-0.3.0.1...
Building library for streaming-binary-0.3.0.1...
[1 of 1] Compiling Streaming.Binary
src/Streaming/Binary.hs:35:1: warning: [GHC-15328] [-Wdeprecations]
    Module ‘Data.ByteString.Streaming’ is deprecated:
      "Use Streaming.ByteString instead."
   |
35 | import qualified Data.ByteString.Streaming as Q
   | ^^^^^^^^^^^^^^^^^^^^^^^^^^^^^^^^^^^^^^^^^^^^^^^

src/Streaming/Binary.hs:36:1: warning: [GHC-15328] [-Wdeprecations]
    Module ‘Data.ByteString.Streaming’ is deprecated:
      "Use Streaming.ByteString instead."
   |
36 | import Data.ByteString.Streaming (ByteString)
   | ^^^^^^^^^^^^^^^^^^^^^^^^^^^^^^^^^^^^^^^^^^^^^

src/Streaming/Binary.hs:46:6: warning: [GHC-68441] [-Wdeprecations]
    In the use of type constructor or class ‘ByteString’
    (imported from Data.ByteString.Streaming, but defined in Streaming.ByteString.Internal):
    Deprecated: "Use ByteStream instead."
   |
46 |   => ByteString m r
   |      ^^^^^^^^^^

src/Streaming/Binary.hs:47:9: warning: [GHC-68441] [-Wdeprecations]
    In the use of type constructor or class ‘ByteString’
    (imported from Data.ByteString.Streaming, but defined in Streaming.ByteString.Internal):
    Deprecated: "Use ByteStream instead."
   |
47 |   -> m (ByteString m r, Int64, Either String a)
   |         ^^^^^^^^^^

src/Streaming/Binary.hs:54:6: warning: [GHC-68441] [-Wdeprecations]
    In the use of type constructor or class ‘ByteString’
    (imported from Data.ByteString.Streaming, but defined in Streaming.ByteString.Internal):
    Deprecated: "Use ByteStream instead."
   |
54 |   -> ByteString m r
   |      ^^^^^^^^^^

src/Streaming/Binary.hs:55:9: warning: [GHC-68441] [-Wdeprecations]
    In the use of type constructor or class ‘ByteString’
    (imported from Data.ByteString.Streaming, but defined in Streaming.ByteString.Internal):
    Deprecated: "Use ByteStream instead."
   |
55 |   -> m (ByteString m r, Int64, Either String a)
   |         ^^^^^^^^^^

src/Streaming/Binary.hs:63:7: warning: [GHC-68441] [-Wdeprecations]
    In the use of ‘nextChunk’
    (imported from Data.ByteString.Streaming, but defined in Streaming.ByteString):
    Deprecated: "Use unconsChunk instead."
   |
63 |       Q.nextChunk p >>= \case
   |       ^^^^^^^^^^^

src/Streaming/Binary.hs:73:6: warning: [GHC-68441] [-Wdeprecations]
    In the use of type constructor or class ‘ByteString’
    (imported from Data.ByteString.Streaming, but defined in Streaming.ByteString.Internal):
    Deprecated: "Use ByteStream instead."
   |
73 |   => ByteString m r
   |      ^^^^^^^^^^

src/Streaming/Binary.hs:74:23: warning: [GHC-68441] [-Wdeprecations]
    In the use of type constructor or class ‘ByteString’
    (imported from Data.ByteString.Streaming, but defined in Streaming.ByteString.Internal):
    Deprecated: "Use ByteStream instead."
   |
74 |   -> Stream (Of a) m (ByteString m r, Int64, Either String r)
   |                       ^^^^^^^^^^

src/Streaming/Binary.hs:81:6: warning: [GHC-68441] [-Wdeprecations]
    In the use of type constructor or class ‘ByteString’
    (imported from Data.ByteString.Streaming, but defined in Streaming.ByteString.Internal):
    Deprecated: "Use ByteStream instead."
   |
81 |   -> ByteString m r
   |      ^^^^^^^^^^

src/Streaming/Binary.hs:82:23: warning: [GHC-68441] [-Wdeprecations]
    In the use of type constructor or class ‘ByteString’
    (imported from Data.ByteString.Streaming, but defined in Streaming.ByteString.Internal):
    Deprecated: "Use ByteStream instead."
   |
82 |   -> Stream (Of a) m (ByteString m r, Int64, Either String r)
   |                       ^^^^^^^^^^

src/Streaming/Binary.hs:90:15: warning: [GHC-68441] [-Wdeprecations]
    In the use of ‘nextChunk’
    (imported from Data.ByteString.Streaming, but defined in Streaming.ByteString):
    Deprecated: "Use unconsChunk instead."
   |
90 |         lift (Q.nextChunk p) >>= \case
   |               ^^^^^^^^^^^

src/Streaming/Binary.hs:98:13: warning: [GHC-68441] [-Wdeprecations]
    In the use of ‘nextChunk’
    (imported from Data.ByteString.Streaming, but defined in Streaming.ByteString):
    Deprecated: "Use unconsChunk instead."
   |
98 |       lift (Q.nextChunk p) >>= \case
   |             ^^^^^^^^^^^

src/Streaming/Binary.hs:106:6: warning: [GHC-68441] [-Wdeprecations]
    In the use of type constructor or class ‘ByteString’
    (imported from Data.ByteString.Streaming, but defined in Streaming.ByteString.Internal):
    Deprecated: "Use ByteStream instead."
    |
106 |   -> ByteString m ()
    |      ^^^^^^^^^^

src/Streaming/Binary.hs:114:6: warning: [GHC-68441] [-Wdeprecations]
    In the use of type constructor or class ‘ByteString’
    (imported from Data.ByteString.Streaming, but defined in Streaming.ByteString.Internal):
    Deprecated: "Use ByteStream instead."
    |
114 |   -> ByteString m ()
    |      ^^^^^^^^^^

src/Streaming/Binary.hs:124:6: warning: [GHC-68441] [-Wdeprecations]
    In the use of type constructor or class ‘ByteString’
    (imported from Data.ByteString.Streaming, but defined in Streaming.ByteString.Internal):
    Deprecated: "Use ByteStream instead."
    |
124 |   -> ByteString m ()
    |      ^^^^^^^^^^

src/Streaming/Binary.hs:132:6: warning: [GHC-68441] [-Wdeprecations]
    In the use of type constructor or class ‘ByteString’
    (imported from Data.ByteString.Streaming, but defined in Streaming.ByteString.Internal):
    Deprecated: "Use ByteStream instead."
    |
132 |   -> ByteString m ()
    |      ^^^^^^^^^^

Configuring test suite 'tests' for streaming-binary-0.3.0.1...
Preprocessing test suite 'tests' for streaming-binary-0.3.0.1...
Building test suite 'tests' for streaming-binary-0.3.0.1...
[1 of 3] Compiling Streaming.BinarySpec
test/Streaming/BinarySpec.hs:9:1: warning: [GHC-15328] [-Wdeprecations]
    Module ‘Data.ByteString.Streaming’ is deprecated:
      "Use Streaming.ByteString instead."
  |
9 | import qualified Data.ByteString.Streaming as Q
  | ^^^^^^^^^^^^^^^^^^^^^^^^^^^^^^^^^^^^^^^^^^^^^^^

[2 of 3] Compiling Spec
[3 of 3] Compiling Main
[4 of 4] Linking /tmp/workdir-streaming-binary/streaming-binary-0.3.0.1/dist-newstyle/build/x86_64-linux/ghc-9.10.2/streaming-binary-0.3.0.1/t/tests/build/tests/tests
