Resolving dependencies...
Build profile: -w ghc-9.10.2 -O1
In order, the following will be built (use -v for more details):
 - glpk-headers-0.5.1 (lib) (first run)
 - glpk-headers-0.5.1 (test:glpk-headers-haskell-test-suite) (first run)
Configuring library for glpk-headers-0.5.1...
Preprocessing library for glpk-headers-0.5.1...
Building library for glpk-headers-0.5.1...
[1 of 1] Compiling Math.Programming.Glpk.Header
src/Math/Programming/Glpk/Header.hsc:534:24: warning: [GHC-63394] [-Wx-partial]
    In the use of ‘head’
    (imported from Prelude, but defined in GHC.Internal.List):
    "This is a partial function, it throws an error on empty lists. Use pattern matching, 'Data.List.uncons' or 'Data.Maybe.listToMaybe' instead. Consider refactoring to use "Data.List.NonEmpty"."
    |
534 |     elemSize = sizeOf (head xs)
    |                        ^^^^

Configuring test suite 'glpk-headers-haskell-test-suite' for glpk-headers-0.5.1...
Preprocessing test suite 'glpk-headers-haskell-test-suite' for glpk-headers-0.5.1...
Building test suite 'glpk-headers-haskell-test-suite' for glpk-headers-0.5.1...
[1 of 2] Compiling Math.Programming.Glpk.HeadersSpec
[2 of 2] Compiling Main
[3 of 3] Linking dist-newstyle/build/x86_64-linux/ghc-9.10.2/glpk-headers-0.5.1/t/glpk-headers-haskell-test-suite/build/glpk-headers-haskell-test-suite/glpk-headers-haskell-test-suite
