Resolving dependencies...
Build profile: -w ghc-9.10.2 -O1
In order, the following will be built (use -v for more details):
 - ImpSpec-0.1.0.0 (lib) (first run)
 - ImpSpec-0.1.0.0 (test:tests) (first run)
Configuring library for ImpSpec-0.1.0.0...
Preprocessing library for ImpSpec-0.1.0.0...
Building library for ImpSpec-0.1.0.0...
[1 of 6] Compiling Test.ImpSpec.Expectations
[2 of 6] Compiling Test.ImpSpec.Expectations.Lifted
[3 of 6] Compiling Test.ImpSpec.Main
[4 of 6] Compiling Test.ImpSpec.Random
[5 of 6] Compiling Test.ImpSpec.Internal
[6 of 6] Compiling Test.ImpSpec
Configuring test suite 'tests' for ImpSpec-0.1.0.0...
Preprocessing test suite 'tests' for ImpSpec-0.1.0.0...
Building test suite 'tests' for ImpSpec-0.1.0.0...
[1 of 2] Compiling Test.Suite.ImpSpec
[2 of 2] Compiling Main
[3 of 3] Linking dist-newstyle/build/x86_64-linux/ghc-9.10.2/ImpSpec-0.1.0.0/t/tests/build/tests/tests
