Warning: The package description file ./BoundedChan.cabal has warnings:
BoundedChan.cabal:18:30: version operators used. To use version operators the
package needs to specify at least 'cabal-version: >= 1.8'.
BoundedChan.cabal:19:33: version operators used. To use version operators the
package needs to specify at least 'cabal-version: >= 1.8'.
Warning: The package description file
/tmp/workdir-BoundedChan/BoundedChan-1.0.3.0/BoundedChan.cabal has warnings:
/tmp/workdir-BoundedChan/BoundedChan-1.0.3.0/BoundedChan.cabal:18:30: version
operators used. To use version operators the package needs to specify at least
'cabal-version: >= 1.8'.
/tmp/workdir-BoundedChan/BoundedChan-1.0.3.0/BoundedChan.cabal:19:33: version
operators used. To use version operators the package needs to specify at least
'cabal-version: >= 1.8'.
Resolving dependencies...
Build profile: -w ghc-9.10.2 -O1
In order, the following will be built (use -v for more details):
 - BoundedChan-1.0.3.0 (lib:BoundedChan) (first run)
Warning: BoundedChan.cabal:18:30: version operators used. To use version
operators the package needs to specify at least 'cabal-version: >= 1.8'.
Warning: BoundedChan.cabal:19:33: version operators used. To use version
operators the package needs to specify at least 'cabal-version: >= 1.8'.
Configuring BoundedChan-1.0.3.0...
Warning: [git-protocol] Cloning over git:// might lead to an arbitrary code
execution vulnerability. Furthermore, popular forges like GitHub do not
support it. Use https:// or ssh:// instead.
Preprocessing library for BoundedChan-1.0.3.0...
Building library for BoundedChan-1.0.3.0...
[1 of 1] Compiling Control.Concurrent.BoundedChan
