Resolving dependencies...
Build profile: -w ghc-9.10.2 -O1
In order, the following will be built (use -v for more details):
 - mysql-0.2.1 (lib:mysql, test:test) (first run)
[1 of 2] Compiling Main             ( dist-newstyle/build/x86_64-linux/ghc-9.10.2/mysql-0.2.1/setup/setup.hs, dist-newstyle/build/x86_64-linux/ghc-9.10.2/mysql-0.2.1/setup/Main.o )
[2 of 2] Linking dist-newstyle/build/x86_64-linux/ghc-9.10.2/mysql-0.2.1/setup/setup
Configuring mysql-0.2.1...
Preprocessing library for mysql-0.2.1...
Building library for mysql-0.2.1...
[1 of 3] Compiling Database.MySQL.Base.Types
Database/MySQL/Base/Types.hsc:50:1: warning: [GHC-66111] [-Wunused-imports]
    The import of ‘Control.Applicative’ is redundant
      except perhaps to import instances from ‘Control.Applicative’
    To import instances alone, use: import Control.Applicative()
   |
50 | import Control.Applicative ((<$>), (<*>), pure)
   | ^^^^^^^^^^^^^^^^^^^^^^^^^^^^^^^^^^^^^^^^^^^^^^^

Database/MySQL/Base/Types.hsc:56:1: warning: [GHC-66111] [-Wunused-imports]
    The import of ‘Data.Monoid’ is redundant
      except perhaps to import instances from ‘Data.Monoid’
    To import instances alone, use: import Data.Monoid()
   |
56 | import Data.Monoid (Monoid(..))
   | ^^^^^^^^^^^^^^^^^^^^^^^^^^^^^^^

Database/MySQL/Base/Types.hsc:57:1: warning: [GHC-66111] [-Wunused-imports]
    The import of ‘Data.Semigroup’ is redundant
      except perhaps to import instances from ‘Data.Semigroup’
    To import instances alone, use: import Data.Semigroup()
   |
57 | import Data.Semigroup (Semigroup(..))
   | ^^^^^^^^^^^^^^^^^^^^^^^^^^^^^^^^^^^^^

Database/MySQL/Base/Types.hsc:59:19: warning: [GHC-38856] [-Wunused-imports]
    The import of ‘Word’ from module ‘Data.Word’ is redundant
   |
59 | import Data.Word (Word, Word8)
   |                   ^^^^

Database/MySQL/Base/Types.hsc:238:38: warning: [GHC-68441] [-Wdeprecations]
    In the use of ‘memcpy’
    (imported from Data.ByteString.Internal, but defined in Data.ByteString.Internal.Type):
    Deprecated: "Use Foreign.Marshal.Utils.copyBytes instead"
    |
238 |      create (fromIntegral l) $ \d -> memcpy d p (fromIntegral l)
    |                                      ^^^^^^

[2 of 3] Compiling Database.MySQL.Base.C
[3 of 3] Compiling Database.MySQL.Base
Database/MySQL/Base.hs:87:1: warning: [GHC-66111] [-Wunused-imports]
    The import of ‘Control.Applicative’ is redundant
      except perhaps to import instances from ‘Control.Applicative’
    To import instances alone, use: import Control.Applicative()
   |
87 | import Control.Applicative ((<$>), (<*>))
   | ^^^^^^^^^^^^^^^^^^^^^^^^^^^^^^^^^^^^^^^^^

Database/MySQL/Base.hs:96:1: warning: [GHC-66111] [-Wunused-imports]
    The import of ‘Data.List’ is redundant
      except perhaps to import instances from ‘Data.List’
    To import instances alone, use: import Data.List()
   |
96 | import Data.List (foldl')
   | ^^^^^^^^^^^^^^^^^^^^^^^^^

Database/MySQL/Base.hs:98:19: warning: [GHC-38856] [-Wunused-imports]
    The import of ‘Word’ from module ‘Data.Word’ is redundant
   |
98 | import Data.Word (Word, Word16, Word64)
   |                   ^^^^

Database/MySQL/Base.hs:512:20: warning: [GHC-68441] [-Wdeprecations]
    In the use of ‘memcpy’
    (imported from Data.ByteString.Internal, but defined in Data.ByteString.Internal.Type):
    Deprecated: "Use Foreign.Marshal.Utils.copyBytes instead"
    |
512 |                    memcpy d (castPtr colPtr) (fromIntegral len)
    |                    ^^^^^^

Preprocessing test suite 'test' for mysql-0.2.1...
Building test suite 'test' for mysql-0.2.1...
[1 of 1] Compiling Main
[2 of 2] Linking dist-newstyle/build/x86_64-linux/ghc-9.10.2/mysql-0.2.1/build/test/test
