Resolving dependencies...
Build profile: -w ghc-9.10.2 -O1
In order, the following will be built (use -v for more details):
 - hpc-lcov-1.2.0 (lib) (first run)
 - hpc-lcov-1.2.0 (test:hpc-lcov-test) (first run)
 - hpc-lcov-1.2.0 (exe:hpc-lcov) (first run)
Configuring library for hpc-lcov-1.2.0...
Preprocessing library for hpc-lcov-1.2.0...
Building library for hpc-lcov-1.2.0...
[1 of 3] Compiling Paths_hpc_lcov
[2 of 3] Compiling Trace.Hpc.Lcov.Report
[3 of 3] Compiling Trace.Hpc.Lcov
Configuring test suite 'hpc-lcov-test' for hpc-lcov-1.2.0...
Preprocessing test suite 'hpc-lcov-test' for hpc-lcov-1.2.0...
Building test suite 'hpc-lcov-test' for hpc-lcov-1.2.0...
[1 of 4] Compiling Lcov
[2 of 4] Compiling Paths_hpc_lcov
[3 of 4] Compiling Report
[4 of 4] Compiling Main
[5 of 5] Linking dist-newstyle/build/x86_64-linux/ghc-9.10.2/hpc-lcov-1.2.0/t/hpc-lcov-test/build/hpc-lcov-test/hpc-lcov-test
Configuring executable 'hpc-lcov' for hpc-lcov-1.2.0...
Preprocessing executable 'hpc-lcov' for hpc-lcov-1.2.0...
Building executable 'hpc-lcov' for hpc-lcov-1.2.0...
[1 of 2] Compiling Main
[2 of 2] Compiling Paths_hpc_lcov
[3 of 3] Linking dist-newstyle/build/x86_64-linux/ghc-9.10.2/hpc-lcov-1.2.0/x/hpc-lcov/build/hpc-lcov/hpc-lcov
