Resolving dependencies...
Build profile: -w ghc-9.10.2 -O1
In order, the following will be built (use -v for more details):
 - clay-0.16.0 (lib) (first run)
 - clay-0.16.0 (test:Test-Clay) (first run)
Configuring library for clay-0.16.0...
Preprocessing library for clay-0.16.0...
Building library for clay-0.16.0...
[ 1 of 32] Compiling Clay.Property
[ 2 of 32] Compiling Clay.Common
[ 3 of 32] Compiling Clay.Color
[ 4 of 32] Compiling Clay.Selector
[ 5 of 32] Compiling Clay.Elements
[ 6 of 32] Compiling Clay.Attributes
[ 7 of 32] Compiling Clay.Stylesheet
src/Clay/Stylesheet.hs:7:1: warning: [GHC-66111] [-Wunused-imports]
    The import of ‘Control.Applicative’ is redundant
      except perhaps to import instances from ‘Control.Applicative’
    To import instances alone, use: import Control.Applicative()
  |
7 | import Control.Applicative
  | ^^^^^^^^^^^^^^^^^^^^^^^^^^

[ 8 of 32] Compiling Clay.Size
[ 9 of 32] Compiling Clay.Render
src/Clay/Render.hs:17:1: warning: [GHC-66111] [-Wunused-imports]
    The import of ‘Control.Monad.Writer’ is redundant
      except perhaps to import instances from ‘Control.Monad.Writer’
    To import instances alone, use: import Control.Monad.Writer()
   |
17 | import           Control.Monad.Writer
   | ^^^^^^^^^^^^^^^^^^^^^^^^^^^^^^^^^^^^^

[10 of 32] Compiling Clay.Pseudo
[11 of 32] Compiling Clay.Media
[12 of 32] Compiling Clay.List
[13 of 32] Compiling Clay.Grid
[14 of 32] Compiling Clay.Geometry
[15 of 32] Compiling Clay.FontFace
[16 of 32] Compiling Clay.Font
[17 of 32] Compiling Clay.Flexbox
[18 of 32] Compiling Clay.Filter
[19 of 32] Compiling Clay.Dynamic
[20 of 32] Compiling Clay.Display
[21 of 32] Compiling Clay.Comments
[22 of 32] Compiling Clay.Border
[23 of 32] Compiling Clay.Box
[24 of 32] Compiling Clay.Background
[25 of 32] Compiling Clay.Mask
[26 of 32] Compiling Clay.Gradient
[27 of 32] Compiling Clay.Text
[28 of 32] Compiling Clay.Time
[29 of 32] Compiling Clay.Transform
[30 of 32] Compiling Clay.Transition
[31 of 32] Compiling Clay.Animation
[32 of 32] Compiling Clay
Configuring test suite 'Test-Clay' for clay-0.16.0...
Preprocessing test suite 'Test-Clay' for clay-0.16.0...
Building test suite 'Test-Clay' for clay-0.16.0...
[1 of 1] Compiling Main
[2 of 2] Linking /tmp/workdir-clay/clay-0.16.0/dist-newstyle/build/x86_64-linux/ghc-9.10.2/clay-0.16.0/t/Test-Clay/build/Test-Clay/Test-Clay
