Resolving dependencies...
Build profile: -w ghc-9.10.2 -O1
In order, the following will be built (use -v for more details):
 - general-games-1.1.1 (lib) (first run)
 - general-games-1.1.1 (test:general-games-test) (first run)
Configuring library for general-games-1.1.1...
Warning: [git-protocol] Cloning over git:// might lead to an arbitrary code
execution vulnerability. Furthermore, popular forges like GitHub do not
support it. Use https:// or ssh:// instead.
Preprocessing library for general-games-1.1.1...
Building library for general-games-1.1.1...
[1 of 4] Compiling Game.Implement.Card
[2 of 4] Compiling Game.Implement.Card.Standard
src/Game/Implement/Card/Standard.hs:157:1: warning: [GHC-40910] [-Wunused-top-binds]
    Defined but not used: type constructor or class ‘Value’
    |
157 | data Value = RankValue | SuitValue deriving (Eq)
    | ^^^^^^^^^^^^^^^^^^^^^^^^^^^^^^^^^^^^^^^^^^^^^^^^

src/Game/Implement/Card/Standard.hs:157:14: warning: [GHC-40910] [-Wunused-top-binds]
    Defined but not used: data constructor ‘RankValue’
    |
157 | data Value = RankValue | SuitValue deriving (Eq)
    |              ^^^^^^^^^

src/Game/Implement/Card/Standard.hs:157:26: warning: [GHC-40910] [-Wunused-top-binds]
    Defined but not used: data constructor ‘SuitValue’
    |
157 | data Value = RankValue | SuitValue deriving (Eq)
    |                          ^^^^^^^^^

[3 of 4] Compiling Game.Implement.Card.Standard.Poker
[4 of 4] Compiling Game.Game.Poker
Configuring test suite 'general-games-test' for general-games-1.1.1...
Warning: [git-protocol] Cloning over git:// might lead to an arbitrary code
execution vulnerability. Furthermore, popular forges like GitHub do not
support it. Use https:// or ssh:// instead.
Preprocessing test suite 'general-games-test' for general-games-1.1.1...
Building test suite 'general-games-test' for general-games-1.1.1...
[1 of 1] Compiling Main
[2 of 2] Linking dist-newstyle/build/x86_64-linux/ghc-9.10.2/general-games-1.1.1/t/general-games-test/build/general-games-test/general-games-test
