Resolving dependencies...
Build profile: -w ghc-9.10.2 -O1
In order, the following will be built (use -v for more details):
 - hetzner-0.7.2.1 (lib) (first run)
 - hetzner-0.7.2.1 (exe:hetzner-test) (first run)
Configuring library for hetzner-0.7.2.1...
Preprocessing library for hetzner-0.7.2.1...
Building library for hetzner-0.7.2.1...
[1 of 3] Compiling Hetzner.Cloud.Fingerprint
src/Hetzner/Cloud/Fingerprint.hs:19:1: warning: [GHC-66111] [-Wunused-imports]
    The import of ‘Data.Foldable’ is redundant
      except perhaps to import instances from ‘Data.Foldable’
    To import instances alone, use: import Data.Foldable()
   |
19 | import Data.Foldable (foldl')
   | ^^^^^^^^^^^^^^^^^^^^^^^^^^^^^

[2 of 3] Compiling Hetzner.Cloud
src/Hetzner/Cloud.hs:1473:70: warning: [GHC-63394] [-Wx-partial]
    In the use of ‘head’
    (imported from Prelude, but defined in GHC.Internal.List):
    "This is a partial function, it throws an error on empty lists. Use pattern matching, 'Data.List.uncons' or 'Data.Maybe.listToMaybe' instead. Consider refactoring to use "Data.List.NonEmpty"."
     |
1473 |              "ipv4" -> Left <$> (o .: "dns_ptr" >>= JSON.parseJSON . head)
     |                                                                      ^^^^

[3 of 3] Compiling Hetzner.DNS
Configuring executable 'hetzner-test' for hetzner-0.7.2.1...
Preprocessing executable 'hetzner-test' for hetzner-0.7.2.1...
Building executable 'hetzner-test' for hetzner-0.7.2.1...
[1 of 1] Compiling Main
[2 of 2] Linking /tmp/workdir-hetzner/hetzner-0.7.2.1/dist-newstyle/build/x86_64-linux/ghc-9.10.2/hetzner-0.7.2.1/x/hetzner-test/build/hetzner-test/hetzner-test
