Resolving dependencies...
Build profile: -w ghc-9.10.2 -O1
In order, the following will be built (use -v for more details):
 - ghci-hexcalc-0.1.1.0 (lib) (first run)
 - ghci-hexcalc-0.1.1.0 (test:test-ghci-hexcalc) (first run)
Configuring library for ghci-hexcalc-0.1.1.0...
Preprocessing library for ghci-hexcalc-0.1.1.0...
Building library for ghci-hexcalc-0.1.1.0...
[1 of 1] Compiling Data.GHex
src/Data/GHex.hs:422:17: warning: [GHC-63394] [-Wx-partial]
    In the use of ‘head’
    (imported from Prelude, but defined in GHC.Internal.List):
    "This is a partial function, it throws an error on empty lists. Use pattern matching, 'Data.List.uncons' or 'Data.Maybe.listToMaybe' instead. Consider refactoring to use "Data.List.NonEmpty"."
    |
422 |            in  (head y, last y)
    |                 ^^^^

Configuring test suite 'test-ghci-hexcalc' for ghci-hexcalc-0.1.1.0...
Preprocessing test suite 'test-ghci-hexcalc' for ghci-hexcalc-0.1.1.0...
Building test suite 'test-ghci-hexcalc' for ghci-hexcalc-0.1.1.0...
[1 of 1] Compiling Main
[2 of 2] Linking dist-newstyle/build/x86_64-linux/ghc-9.10.2/ghci-hexcalc-0.1.1.0/t/test-ghci-hexcalc/build/test-ghci-hexcalc/test-ghci-hexcalc
