Resolving dependencies...
Build profile: -w ghc-9.10.2 -O1
In order, the following will be built (use -v for more details):
 - quickbench-1.0.1 (lib) (first run)
 - quickbench-1.0.1 (test:quickbench-test) (first run)
 - quickbench-1.0.1 (exe:quickbench) (first run)
Configuring library for quickbench-1.0.1...
Preprocessing library for quickbench-1.0.1...
Building library for quickbench-1.0.1...
[1 of 1] Compiling QuickBench
src/QuickBench.hs:194:48: warning: [GHC-62161] [-Wincomplete-uni-patterns]
    Pattern match(es) are non-exhaustive
    In a pattern binding: Patterns of type ‘[String]’ not matched: []
    |
194 | replaceExecutable ""  cmd = (cmd, w, ws) where w:ws = words $ clean cmd
    |                                                ^^^^^^^^^^^^^^^^^^^^^^^^

Configuring test suite 'quickbench-test' for quickbench-1.0.1...
Preprocessing test suite 'quickbench-test' for quickbench-1.0.1...
Building test suite 'quickbench-test' for quickbench-1.0.1...
[1 of 1] Compiling Main
[2 of 2] Linking dist-newstyle/build/x86_64-linux/ghc-9.10.2/quickbench-1.0.1/t/quickbench-test/build/quickbench-test/quickbench-test
Configuring executable 'quickbench' for quickbench-1.0.1...
Preprocessing executable 'quickbench' for quickbench-1.0.1...
Building executable 'quickbench' for quickbench-1.0.1...
[1 of 1] Compiling Main
[2 of 2] Linking dist-newstyle/build/x86_64-linux/ghc-9.10.2/quickbench-1.0.1/x/quickbench/build/quickbench/quickbench
