Build profile: -w ghc-9.6.5 -O1
In order, the following will be built (use -v for more details):
 - servant-client-0.20 (lib) (first run)
 - servant-client-0.20 (test:spec) (first run)
 - servant-client-0.20 (test:readme) (first run)
Configuring library for servant-client-0.20...
Preprocessing library for servant-client-0.20...
Building library for servant-client-0.20...
[1 of 4] Compiling Servant.Client.Internal.HttpClient

src/Servant/Client/Internal/HttpClient.hs:46:1: warning: [-Wunused-imports]
    The import of ‘Data.Either’ is redundant
      except perhaps to import instances from ‘Data.Either’
    To import instances alone, use: import Data.Either()
   |
46 | import           Data.Either
   | ^^^^^^^^^^^^^^^^^^^^^^^^^^^^...

src/Servant/Client/Internal/HttpClient.hs:53:19: warning: [-Wunused-imports]
    The import of ‘maybe’ from module ‘Data.Maybe’ is redundant
   |
53 |                  (maybe, maybeToList)
   |                   ^^^^^

src/Servant/Client/Internal/HttpClient.hs:66:33: warning: [-Wunused-imports]
    The import of ‘renderQuery’
    from module ‘Network.HTTP.Types’ is redundant
   |
66 |                  (hContentType, renderQuery, statusIsSuccessful, urlEncode, Status)
   |                                 ^^^^^^^^^^^
[2 of 4] Compiling Servant.Client
[3 of 4] Compiling Servant.Client.Internal.HttpClient.Streaming
[4 of 4] Compiling Servant.Client.Streaming
Configuring test suite 'spec' for servant-client-0.20...
Preprocessing test suite 'spec' for servant-client-0.20...
Building test suite 'spec' for servant-client-0.20...
[ 1 of 12] Compiling Servant.ClientTestUtils

test/Servant/ClientTestUtils.hs:223:8: warning: [GHC-38417] [-Wmissing-signatures]
    Top-level binding with no type signature:
      captureVerbatim :: Verbatim -> ClientM Text
    |
223 |   :<|> captureVerbatim = client api
    |        ^^^^^^^^^^^^^^^
[ 2 of 12] Compiling Servant.BrokenSpec
[ 3 of 12] Compiling Servant.BasicAuthSpec
[ 4 of 12] Compiling Servant.ConnectionErrorSpec
[ 5 of 12] Compiling Servant.FailSpec
[ 6 of 12] Compiling Servant.GenAuthSpec
[ 7 of 12] Compiling Servant.GenericSpec
[ 8 of 12] Compiling Servant.HoistClientSpec
[ 9 of 12] Compiling Servant.StreamSpec

test/Servant/StreamSpec.hs:24:1: warning: [-Wunused-imports]
    The import of ‘Control.Monad’ is redundant
      except perhaps to import instances from ‘Control.Monad’
    To import instances alone, use: import Control.Monad()
   |
24 | import           Control.Monad
   | ^^^^^^^^^^^^^^^^^^^^^^^^^^^^^^...

test/Servant/StreamSpec.hs:26:1: warning: [-Wunused-imports]
    The import of ‘Control.Monad.Codensity’ is redundant
      except perhaps to import instances from ‘Control.Monad.Codensity’
    To import instances alone, use: import Control.Monad.Codensity()
   |
26 | import           Control.Monad.Codensity
   | ^^^^^^^^^^^^^^^^^^^^^^^^^^^^^^^^^^^^^^^^...

test/Servant/StreamSpec.hs:28:1: warning: [-Wunused-imports]
    The import of ‘Control.Monad.IO.Class’ is redundant
      except perhaps to import instances from ‘Control.Monad.IO.Class’
    To import instances alone, use: import Control.Monad.IO.Class()
   |
28 | import           Control.Monad.IO.Class
   | ^^^^^^^^^^^^^^^^^^^^^^^^^^^^^^^^^^^^^^^...

test/Servant/StreamSpec.hs:48:1: warning: [-Wunused-imports]
    The import of ‘System.Mem’ is redundant
      except perhaps to import instances from ‘System.Mem’
    To import instances alone, use: import System.Mem()
   |
48 | import           System.Mem
   | ^^^^^^^^^^^^^^^^^^^^^^^^^^^...

test/Servant/StreamSpec.hs:55:1: warning: [-Wunused-imports]
    The import of ‘GHC.Stats’ is redundant
      except perhaps to import instances from ‘GHC.Stats’
    To import instances alone, use: import GHC.Stats()
   |
55 | import           GHC.Stats
   | ^^^^^^^^^^^^^^^^^^^^^^^^^^...

test/Servant/StreamSpec.hs:82:29: warning: [-Wunused-top-binds]
    Defined but not used: ‘getGetALot’
   |
82 | getGetNL :<|> getGetNS :<|> getGetALot :<|> getStreamBody = client api
   |                             ^^^^^^^^^^

test/Servant/StreamSpec.hs:123:39: warning: [GHC-62161] [-Wincomplete-uni-patterns]
    Pattern match(es) are non-exhaustive
    In a lambda abstraction:
        Patterns of type ‘Either
                            ClientError (SourceIO Person)’ not matched:
            Left _
    |
123 |         withClient getGetNL baseUrl $ \(Right res) ->
    |                                       ^^^^^^^^^^^^^^^...

test/Servant/StreamSpec.hs:127:39: warning: [GHC-62161] [-Wincomplete-uni-patterns]
    Pattern match(es) are non-exhaustive
    In a lambda abstraction:
        Patterns of type ‘Either
                            ClientError (SourceIO Person)’ not matched:
            Left _
    |
127 |         withClient getGetNS baseUrl $ \(Right res) ->
    |                                       ^^^^^^^^^^^^^^^...

test/Servant/StreamSpec.hs:131:61: warning: [GHC-62161] [-Wincomplete-uni-patterns]
    Pattern match(es) are non-exhaustive
    In a lambda abstraction:
        Patterns of type ‘Either
                            ClientError (SourceIO BS.ByteString)’ not matched:
            Left _
    |
131 |         withClient (getStreamBody (source input)) baseUrl $ \(Right res) ->
    |                                                             ^^^^^^^^^^^^^^^...
[10 of 12] Compiling Servant.SuccessSpec

test/Servant/SuccessSpec.hs:25:19: warning: [-Wunused-imports]
    The import of ‘+++’ from module ‘Control.Arrow’ is redundant
   |
25 |                  ((+++), left)
   |                   ^^^^^

test/Servant/SuccessSpec.hs:30:1: warning: [-Wunused-imports]
    The qualified import of ‘Data.ByteString’ is redundant
      except perhaps to import instances from ‘Data.ByteString’
    To import instances alone, use: import Data.ByteString()
   |
30 | import qualified Data.ByteString as BS
   | ^^^^^^^^^^^^^^^^^^^^^^^^^^^^^^^^^^^^^^

test/Servant/SuccessSpec.hs:31:1: warning: [-Wunused-imports]
    The qualified import of ‘Data.ByteString.Lazy’ is redundant
      except perhaps to import instances from ‘Data.ByteString.Lazy’
    To import instances alone, use: import Data.ByteString.Lazy()
   |
31 | import qualified Data.ByteString.Lazy as BL
   | ^^^^^^^^^^^^^^^^^^^^^^^^^^^^^^^^^^^^^^^^^^^
[11 of 12] Compiling Servant.WrappedApiSpec

test/Servant/WrappedApiSpec.hs:43:36: warning: [GHC-39567] [-Wstar-is-type]
    Using ‘*’ (or its Unicode variant) to mean ‘Data.Kind.Type’
    relies on the StarIsType extension, which will become
    deprecated in the future.
    Suggested fix: Use ‘Type’ from ‘Data.Kind’ instead.
   |
43 |   WrappedApi :: (HasServer (api :: *) '[], Server api ~ Handler a,
   |                                    ^
[12 of 12] Compiling Main
[13 of 13] Linking /tmp/workdir-servant-client/servant-client-0.20/dist-newstyle/build/x86_64-linux/ghc-9.6.5/servant-client-0.20/t/spec/build/spec/spec
Configuring test suite 'readme' for servant-client-0.20...
Preprocessing test suite 'readme' for servant-client-0.20...
Building test suite 'readme' for servant-client-0.20...
[1 of 1] Compiling Main
[2 of 2] Linking /tmp/workdir-servant-client/servant-client-0.20/dist-newstyle/build/x86_64-linux/ghc-9.6.5/servant-client-0.20/t/readme/build/readme/readme
