Resolving dependencies...
Build profile: -w ghc-9.10.2 -O1
In order, the following will be built (use -v for more details):
 - crypton-1.0.4 (lib) (first run)
 - crypton-1.0.4 (test:test-crypton) (first run)
Configuring library for crypton-1.0.4...
Preprocessing library for crypton-1.0.4...
Building library for crypton-1.0.4...
[  1 of 139] Compiling Crypto.Cipher.DES.Primitive
[  2 of 139] Compiling Crypto.Data.Padding
[  3 of 139] Compiling Crypto.Error.Types
[  4 of 139] Compiling Crypto.Error
[  5 of 139] Compiling Crypto.Internal.Compat
[  6 of 139] Compiling Crypto.Internal.ByteArray
[  7 of 139] Compiling Crypto.Cipher.Types.Utils
[  8 of 139] Compiling Crypto.Internal.CompatPrim
[  9 of 139] Compiling Crypto.Internal.DeepSeq
[ 10 of 139] Compiling Crypto.Cipher.Types.Base
[ 11 of 139] Compiling Crypto.Cipher.Types.Stream
[ 12 of 139] Compiling Crypto.Internal.Imports
[ 13 of 139] Compiling Crypto.Internal.Builder
[ 14 of 139] Compiling Crypto.Hash.Types
[ 15 of 139] Compiling Crypto.Hash.Whirlpool
[ 16 of 139] Compiling Crypto.Hash.Tiger
[ 17 of 139] Compiling Crypto.Hash.Skein512
[ 18 of 139] Compiling Crypto.Hash.Skein256
[ 19 of 139] Compiling Crypto.Hash.SHA512t
[ 20 of 139] Compiling Crypto.Hash.SHA512
[ 21 of 139] Compiling Crypto.Hash.SHA384
[ 22 of 139] Compiling Crypto.Hash.SHA3
[ 23 of 139] Compiling Crypto.Hash.SHA256
[ 24 of 139] Compiling Crypto.Hash.SHA224
[ 25 of 139] Compiling Crypto.Hash.SHA1
[ 26 of 139] Compiling Crypto.Hash.RIPEMD160
[ 27 of 139] Compiling Crypto.Hash.MD5
[ 28 of 139] Compiling Crypto.Hash.MD4
[ 29 of 139] Compiling Crypto.Hash.MD2
[ 30 of 139] Compiling Crypto.Hash.Keccak
[ 31 of 139] Compiling Crypto.Hash.IO
[ 32 of 139] Compiling Crypto.Hash.Blake2sp
[ 33 of 139] Compiling Crypto.Hash.Blake2s
[ 34 of 139] Compiling Crypto.Hash.Blake2bp
[ 35 of 139] Compiling Crypto.Hash.Blake2b
[ 36 of 139] Compiling Crypto.Cipher.Types.GF
[ 37 of 139] Compiling Crypto.Cipher.Types.AEAD
[ 38 of 139] Compiling Crypto.Cipher.Types.Block
[ 39 of 139] Compiling Crypto.Cipher.Types
[ 40 of 139] Compiling Crypto.ConstructHash.MiyaguchiPreneel
Crypto/ConstructHash/MiyaguchiPreneel.hs:18:1: warning: [GHC-66111] [-Wunused-imports]
    The import of ‘Data.List’ is redundant
      except perhaps to import instances from ‘Data.List’
    To import instances alone, use: import Data.List()
   |
18 | import Data.List (foldl')
   | ^^^^^^^^^^^^^^^^^^^^^^^^^

[ 41 of 139] Compiling Crypto.Cipher.Utils
[ 42 of 139] Compiling Crypto.Cipher.TripleDES
[ 43 of 139] Compiling Crypto.Cipher.DES
[ 44 of 139] Compiling Crypto.Cipher.Salsa
[ 45 of 139] Compiling Crypto.Cipher.XSalsa
[ 46 of 139] Compiling Crypto.Cipher.RC4
[ 47 of 139] Compiling Crypto.Cipher.ChaCha
[ 48 of 139] Compiling Crypto.Cipher.AES.Primitive
[ 49 of 139] Compiling Crypto.Cipher.AES
[ 50 of 139] Compiling Crypto.Internal.Nat
[ 51 of 139] Compiling Crypto.Hash.SHAKE
[ 52 of 139] Compiling Crypto.Hash.Blake2
[ 53 of 139] Compiling Crypto.Hash.Algorithms
[ 54 of 139] Compiling Crypto.Hash
[ 55 of 139] Compiling Crypto.Internal.WordArray
[ 56 of 139] Compiling Crypto.Cipher.Twofish.Primitive
Crypto/Cipher/Twofish/Primitive.hs:17:1: warning: [GHC-66111] [-Wunused-imports]
    The import of ‘Data.List’ is redundant
      except perhaps to import instances from ‘Data.List’
    To import instances alone, use: import Data.List()
   |
17 | import Data.List (foldl')
   | ^^^^^^^^^^^^^^^^^^^^^^^^^

[ 57 of 139] Compiling Crypto.Cipher.Twofish
[ 58 of 139] Compiling Crypto.Cipher.CAST5.Primitive
[ 59 of 139] Compiling Crypto.Cipher.CAST5
[ 60 of 139] Compiling Crypto.Cipher.Blowfish.Box
[ 61 of 139] Compiling Crypto.Cipher.Blowfish.Primitive
[ 62 of 139] Compiling Crypto.Cipher.Blowfish
[ 63 of 139] Compiling Crypto.Internal.Words
[ 64 of 139] Compiling Crypto.Cipher.Camellia.Primitive
[ 65 of 139] Compiling Crypto.Cipher.Camellia
[ 66 of 139] Compiling Crypto.KDF.Argon2
[ 67 of 139] Compiling Crypto.KDF.BCryptPBKDF
[ 68 of 139] Compiling Crypto.MAC.CMAC
Crypto/MAC/CMAC.hs:20:1: warning: [GHC-66111] [-Wunused-imports]
    The import of ‘Data.List’ is redundant
      except perhaps to import instances from ‘Data.List’
    To import instances alone, use: import Data.List()
   |
20 | import Data.List (foldl')
   | ^^^^^^^^^^^^^^^^^^^^^^^^^

[ 69 of 139] Compiling Crypto.MAC.HMAC
[ 70 of 139] Compiling Crypto.KDF.PBKDF2
[ 71 of 139] Compiling Crypto.KDF.Scrypt
[ 72 of 139] Compiling Crypto.KDF.HKDF
[ 73 of 139] Compiling Crypto.MAC.KMAC
[ 74 of 139] Compiling Crypto.MAC.KeyedBlake2
[ 75 of 139] Compiling Crypto.MAC.Poly1305
[ 76 of 139] Compiling Crypto.Cipher.ChaChaPoly1305
[ 77 of 139] Compiling Crypto.Number.Compat
[ 78 of 139] Compiling Crypto.Number.Basic
[ 79 of 139] Compiling Crypto.ECC.Simple.Types
[ 80 of 139] Compiling Crypto.Number.F2m
Crypto/Number/F2m.hs:28:1: warning: [GHC-66111] [-Wunused-imports]
    The import of ‘Data.List’ is redundant
      except perhaps to import instances from ‘Data.List’
    To import instances alone, use: import Data.List()
   |
28 | import Data.List (foldl')
   | ^^^^^^^^^^^^^^^^^^^^^^^^^

[ 81 of 139] Compiling Crypto.Number.ModArithmetic
[ 82 of 139] Compiling Crypto.Number.Nat
[ 83 of 139] Compiling Crypto.Number.Serialize.Internal
[ 84 of 139] Compiling Crypto.Number.Serialize
[ 85 of 139] Compiling Crypto.Number.Serialize.Internal.LE
[ 86 of 139] Compiling Crypto.Number.Serialize.LE
[ 87 of 139] Compiling Crypto.OTP
[ 88 of 139] Compiling Crypto.PubKey.ECC.Types
[ 89 of 139] Compiling Crypto.PubKey.Internal
Crypto/PubKey/Internal.hs:15:1: warning: [GHC-66111] [-Wunused-imports]
    The import of ‘Data.List’ is redundant
      except perhaps to import instances from ‘Data.List’
    To import instances alone, use: import Data.List()
   |
15 | import Data.List (foldl')
   | ^^^^^^^^^^^^^^^^^^^^^^^^^

[ 90 of 139] Compiling Crypto.PubKey.MaskGenFunction
[ 91 of 139] Compiling Crypto.PubKey.RSA.Types
[ 92 of 139] Compiling Crypto.PubKey.RSA.Prim
[ 93 of 139] Compiling Crypto.Random.Entropy.Source
[ 94 of 139] Compiling Crypto.Random.Entropy.RDRand
[ 95 of 139] Compiling Crypto.Random.Entropy.Unix
[ 96 of 139] Compiling Crypto.Random.Entropy.Backend
[ 97 of 139] Compiling Crypto.Random.Entropy.Unsafe
[ 98 of 139] Compiling Crypto.Random.Entropy
[ 99 of 139] Compiling Crypto.Random.EntropyPool
[100 of 139] Compiling Crypto.Random.Types
[101 of 139] Compiling Crypto.Random.SystemDRG
[102 of 139] Compiling Crypto.Random.HmacDRG
[103 of 139] Compiling Crypto.Random.ChaChaDRG
[104 of 139] Compiling Crypto.Random
[105 of 139] Compiling Crypto.Random.Probabilistic
[106 of 139] Compiling Crypto.PubKey.Ed448
[107 of 139] Compiling Crypto.PubKey.Ed25519
[108 of 139] Compiling Crypto.PubKey.ECC.P256
[109 of 139] Compiling Crypto.PubKey.Curve448
[110 of 139] Compiling Crypto.PubKey.Curve25519
[111 of 139] Compiling Crypto.KDF.BCrypt
[112 of 139] Compiling Crypto.ECC.Edwards25519
[113 of 139] Compiling Crypto.Cipher.AESGCMSIV
[114 of 139] Compiling Crypto.Number.Generate
[115 of 139] Compiling Crypto.PubKey.ECC.Prim
[116 of 139] Compiling Crypto.PubKey.ECC.ECDSA
[117 of 139] Compiling Crypto.PubKey.ECC.Generate
[118 of 139] Compiling Crypto.PubKey.DSA
[119 of 139] Compiling Crypto.Number.Prime
[120 of 139] Compiling Crypto.PubKey.Rabin.Types
[121 of 139] Compiling Crypto.PubKey.Rabin.OAEP
[122 of 139] Compiling Crypto.PubKey.Rabin.RW
[123 of 139] Compiling Crypto.PubKey.Rabin.Modified
[124 of 139] Compiling Crypto.PubKey.Rabin.Basic
[125 of 139] Compiling Crypto.PubKey.RSA
[126 of 139] Compiling Crypto.PubKey.RSA.PSS
[127 of 139] Compiling Crypto.PubKey.RSA.PKCS15
[128 of 139] Compiling Crypto.PubKey.RSA.OAEP
[129 of 139] Compiling Crypto.PubKey.DH
[130 of 139] Compiling Crypto.PubKey.ElGamal
[131 of 139] Compiling Crypto.PubKey.ECC.DH
[132 of 139] Compiling Crypto.ECC.Simple.Prim
[133 of 139] Compiling Crypto.ECC
[134 of 139] Compiling Crypto.PubKey.EdDSA
[135 of 139] Compiling Crypto.PubKey.ECIES
[136 of 139] Compiling Crypto.PubKey.ECDSA
[137 of 139] Compiling Crypto.Data.AFIS
[138 of 139] Compiling Crypto.System.CPU
[139 of 139] Compiling Crypto.Tutorial
Configuring test suite 'test-crypton' for crypton-1.0.4...
Preprocessing test suite 'test-crypton' for crypton-1.0.4...
Building test suite 'test-crypton' for crypton-1.0.4...
[ 1 of 58] Compiling BCryptPBKDF
[ 2 of 58] Compiling KAT_AES.KATCBC
[ 3 of 58] Compiling KAT_AES.KATCCM
[ 4 of 58] Compiling KAT_AES.KATECB
[ 5 of 58] Compiling KAT_AES.KATGCM
[ 6 of 58] Compiling KAT_AES.KATOCB3
[ 7 of 58] Compiling KAT_AES.KATXTS
[ 8 of 58] Compiling KAT_PBKDF2
[ 9 of 58] Compiling KAT_PubKey.ECDSA
[10 of 58] Compiling KAT_RC4
[11 of 58] Compiling KAT_Scrypt
[12 of 58] Compiling Utils
[13 of 58] Compiling Imports
[14 of 58] Compiling Salsa
[15 of 58] Compiling Poly1305
[16 of 58] Compiling Padding
[17 of 58] Compiling Number.F2m
[18 of 58] Compiling Number
[19 of 58] Compiling KAT_PubKey.Rabin
[20 of 58] Compiling KAT_PubKey.RSA
[21 of 58] Compiling KAT_PubKey.PSS
[22 of 58] Compiling KAT_PubKey.P256
[23 of 58] Compiling KAT_PubKey.OAEP
[24 of 58] Compiling KAT_PubKey.ECC
[25 of 58] Compiling KAT_PubKey.DSA
[26 of 58] Compiling KAT_PubKey
[27 of 58] Compiling KAT_OTP
[28 of 58] Compiling KAT_MiyaguchiPreneel
[29 of 58] Compiling KAT_KMAC
[30 of 58] Compiling KAT_HMAC
[31 of 58] Compiling KAT_HKDF
[32 of 58] Compiling KAT_EdDSA
tests/KAT_EdDSA.hs:20:29: warning: [GHC-58520] [-Wtype-equality-requires-operators]
    The use of ‘~’ without TypeOperators
    will become an error in a future GHC release.
    Suggested fix: Perhaps you intended to use TypeOperators
   |
20 |       , HashDigestSize hash ~ EdDSA.CurveDigestSize curve
   |                             ^

[33 of 58] Compiling KAT_Ed448
[34 of 58] Compiling KAT_Ed25519
[35 of 58] Compiling KAT_Curve448
[36 of 58] Compiling KAT_Curve25519
[37 of 58] Compiling KAT_CMAC
[38 of 58] Compiling KAT_Blake2
[39 of 58] Compiling KAT_Argon2
[40 of 58] Compiling KAT_AFIS
[41 of 58] Compiling KAT_AESGCMSIV
[42 of 58] Compiling Hash
[43 of 58] Compiling ECDSA
[44 of 58] Compiling ECC.Edwards25519
[45 of 58] Compiling ECC
[46 of 58] Compiling ChaChaPoly1305
[47 of 58] Compiling ChaCha
[48 of 58] Compiling BlockCipher
[49 of 58] Compiling KAT_Twofish
[50 of 58] Compiling KAT_TripleDES
[51 of 58] Compiling KAT_DES
[52 of 58] Compiling KAT_Camellia
[53 of 58] Compiling KAT_CAST5
[54 of 58] Compiling KAT_Blowfish
[55 of 58] Compiling KAT_AES
[56 of 58] Compiling BCrypt
[57 of 58] Compiling XSalsa
[58 of 58] Compiling Main
[59 of 59] Linking dist-newstyle/build/x86_64-linux/ghc-9.10.2/crypton-1.0.4/t/test-crypton/build/test-crypton/test-crypton
