Resolving dependencies...
Build profile: -w ghc-9.10.2 -O1
In order, the following will be built (use -v for more details):
 - gogol-adsense-host-1.0.0 (lib) (first run)
Configuring library for gogol-adsense-host-1.0.0...
Preprocessing library for gogol-adsense-host-1.0.0...
Building library for gogol-adsense-host-1.0.0...
[ 1 of 30] Compiling Gogol.AdSenseHost.Internal.Sum
[ 2 of 30] Compiling Gogol.AdSenseHost.Internal.Product
[ 3 of 30] Compiling Gogol.AdSenseHost.Types
[ 4 of 30] Compiling Gogol.AdSenseHost.Reports.Generate
[ 5 of 30] Compiling Gogol.AdSenseHost.Customchannels.Update
[ 6 of 30] Compiling Gogol.AdSenseHost.Customchannels.Patch
[ 7 of 30] Compiling Gogol.AdSenseHost.Customchannels.List
[ 8 of 30] Compiling Gogol.AdSenseHost.Customchannels.Insert
[ 9 of 30] Compiling Gogol.AdSenseHost.Customchannels.Get
[10 of 30] Compiling Gogol.AdSenseHost.Customchannels.Delete
[11 of 30] Compiling Gogol.AdSenseHost.Associationsessions.Verify
[12 of 30] Compiling Gogol.AdSenseHost.Associationsessions.Start
[13 of 30] Compiling Gogol.AdSenseHost.Adclients.List
[14 of 30] Compiling Gogol.AdSenseHost.Adclients.Get
[15 of 30] Compiling Gogol.AdSenseHost.Accounts.Reports.Generate
[16 of 30] Compiling Gogol.AdSenseHost.Accounts.List
[17 of 30] Compiling Gogol.AdSenseHost.Accounts.Get
[18 of 30] Compiling Gogol.AdSenseHost.Accounts.Adunits.Update
[19 of 30] Compiling Gogol.AdSenseHost.Accounts.Adunits.Patch
[20 of 30] Compiling Gogol.AdSenseHost.Accounts.Adunits.List
[21 of 30] Compiling Gogol.AdSenseHost.Accounts.Adunits.Insert
[22 of 30] Compiling Gogol.AdSenseHost.Accounts.Adunits.GetAdCode
[23 of 30] Compiling Gogol.AdSenseHost.Accounts.Adunits.Get
[24 of 30] Compiling Gogol.AdSenseHost.Accounts.Adunits.Delete
[25 of 30] Compiling Gogol.AdSenseHost.Accounts.Adclients.List
[26 of 30] Compiling Gogol.AdSenseHost.Accounts.Adclients.Get
[27 of 30] Compiling Gogol.AdSenseHost.Urlchannels.Delete
[28 of 30] Compiling Gogol.AdSenseHost.Urlchannels.Insert
[29 of 30] Compiling Gogol.AdSenseHost.Urlchannels.List
[30 of 30] Compiling Gogol.AdSenseHost
