Resolving dependencies...
Build profile: -w ghc-9.10.2 -O1
In order, the following will be built (use -v for more details):
 - github-0.30 (lib) (first run)
 - github-0.30 (test:github-test) (first run)
Configuring library for github-0.30...
Preprocessing library for github-0.30...
Building library for github-0.30...
[ 1 of 94] Compiling GitHub.Internal.Prelude
[ 2 of 94] Compiling GitHub.Data.Webhooks.Validate
[ 3 of 94] Compiling GitHub.Data.URL
[ 4 of 94] Compiling GitHub.Data.RateLimit
[ 5 of 94] Compiling GitHub.Data.Name
[ 6 of 94] Compiling GitHub.Data.Id
[ 7 of 94] Compiling GitHub.Data.Webhooks
[ 8 of 94] Compiling GitHub.Data.PublicSSHKeys
[ 9 of 94] Compiling GitHub.Data.Email
[10 of 94] Compiling GitHub.Data.DeployKeys
[11 of 94] Compiling GitHub.Data.Definitions
[12 of 94] Compiling GitHub.Data.Reviews
[13 of 94] Compiling GitHub.Data.Request
[14 of 94] Compiling GitHub.Data.Repos
[15 of 94] Compiling GitHub.Data.Teams
[16 of 94] Compiling GitHub.Data.Search
[17 of 94] Compiling GitHub.Data.Releases
[18 of 94] Compiling GitHub.Data.Reactions
[19 of 94] Compiling GitHub.Data.Milestone
[20 of 94] Compiling GitHub.Data.Options
[21 of 94] Compiling GitHub.Data.PullRequests
[22 of 94] Compiling GitHub.Data.Issues
[23 of 94] Compiling GitHub.Data.Invitation
[24 of 94] Compiling GitHub.Data.GitData
[25 of 94] Compiling GitHub.Data.Statuses
[26 of 94] Compiling GitHub.Data.Gists
[27 of 94] Compiling GitHub.Data.Events
[28 of 94] Compiling GitHub.Data.Enterprise.Organizations
[29 of 94] Compiling GitHub.Data.Enterprise
[30 of 94] Compiling GitHub.Data.Deployments
[31 of 94] Compiling GitHub.Data.Content
[32 of 94] Compiling GitHub.Data.Comments
[33 of 94] Compiling GitHub.Data.Activities
[34 of 94] Compiling GitHub.Data.Actions.Common
[35 of 94] Compiling GitHub.Data.Actions.Workflows
[36 of 94] Compiling GitHub.Data.Actions.WorkflowRuns
[37 of 94] Compiling GitHub.Data.Actions.WorkflowJobs
[38 of 94] Compiling GitHub.Data.Actions.Secrets
[39 of 94] Compiling GitHub.Data.Actions.Cache
[40 of 94] Compiling GitHub.Data.Actions.Artifacts
[41 of 94] Compiling GitHub.Auth
[42 of 94] Compiling GitHub.Data
[43 of 94] Compiling GitHub.Endpoints.Users.PublicSSHKeys
[44 of 94] Compiling GitHub.Endpoints.Users.Followers
[45 of 94] Compiling GitHub.Endpoints.Users.Emails
[46 of 94] Compiling GitHub.Endpoints.Users
[47 of 94] Compiling GitHub.Endpoints.Search
[48 of 94] Compiling GitHub.Endpoints.Repos.Webhooks
[49 of 94] Compiling GitHub.Endpoints.Repos.Statuses
[50 of 94] Compiling GitHub.Endpoints.Repos.Releases
[51 of 94] Compiling GitHub.Endpoints.Repos.Invitations
[52 of 94] Compiling GitHub.Endpoints.Repos.Forks
[53 of 94] Compiling GitHub.Endpoints.Repos.Deployments
[54 of 94] Compiling GitHub.Endpoints.Repos.DeployKeys
[55 of 94] Compiling GitHub.Endpoints.Repos.Contents
[56 of 94] Compiling GitHub.Endpoints.Repos.Commits
[57 of 94] Compiling GitHub.Endpoints.Repos.Comments
[58 of 94] Compiling GitHub.Endpoints.Repos.Collaborators
[59 of 94] Compiling GitHub.Endpoints.Repos
[60 of 94] Compiling GitHub.Endpoints.Reactions
[61 of 94] Compiling GitHub.Endpoints.RateLimit
[62 of 94] Compiling GitHub.Endpoints.PullRequests.Reviews
[63 of 94] Compiling GitHub.Endpoints.PullRequests.Comments
[64 of 94] Compiling GitHub.Endpoints.PullRequests
[65 of 94] Compiling GitHub.Endpoints.Organizations.Teams
[66 of 94] Compiling GitHub.Endpoints.Organizations.OutsideCollaborators
[67 of 94] Compiling GitHub.Endpoints.Organizations.Members
[68 of 94] Compiling GitHub.Endpoints.Organizations
[69 of 94] Compiling GitHub.Endpoints.Issues.Milestones
[70 of 94] Compiling GitHub.Endpoints.Issues.Labels
[71 of 94] Compiling GitHub.Endpoints.Issues.Events
[72 of 94] Compiling GitHub.Endpoints.Issues.Comments
[73 of 94] Compiling GitHub.Endpoints.Issues
[74 of 94] Compiling GitHub.Endpoints.GitData.Trees
[75 of 94] Compiling GitHub.Endpoints.GitData.References
[76 of 94] Compiling GitHub.Endpoints.GitData.Commits
[77 of 94] Compiling GitHub.Endpoints.GitData.Blobs
[78 of 94] Compiling GitHub.Endpoints.Gists.Comments
[79 of 94] Compiling GitHub.Endpoints.Gists
[80 of 94] Compiling GitHub.Endpoints.Enterprise.Organizations
[81 of 94] Compiling GitHub.Enterprise
[82 of 94] Compiling GitHub.Endpoints.Activity.Watching
[83 of 94] Compiling GitHub.Endpoints.Activity.Starring
[84 of 94] Compiling GitHub.Endpoints.Activity.Notifications
[85 of 94] Compiling GitHub.Endpoints.Activity.Events
[86 of 94] Compiling GitHub.Endpoints.Actions.Workflows
[87 of 94] Compiling GitHub.Endpoints.Actions.WorkflowRuns
[88 of 94] Compiling GitHub.Endpoints.Actions.WorkflowJobs
[89 of 94] Compiling GitHub.Endpoints.Actions.Secrets
[90 of 94] Compiling GitHub.Endpoints.Actions.Cache
[91 of 94] Compiling GitHub.Endpoints.Actions.Artifacts
[92 of 94] Compiling Paths_github
[93 of 94] Compiling GitHub.Request
[94 of 94] Compiling GitHub
Configuring test suite 'github-test' for github-0.30...
Preprocessing test suite 'github-test' for github-0.30...
Building test suite 'github-test' for github-0.30...
[ 1 of 21] Compiling GitHub.Actions.ArtifactsSpec
[ 2 of 21] Compiling GitHub.Actions.CacheSpec
[ 3 of 21] Compiling GitHub.Actions.SecretsSpec
[ 4 of 21] Compiling GitHub.Actions.WorkflowJobSpec
[ 5 of 21] Compiling GitHub.Actions.WorkflowRunsSpec
[ 6 of 21] Compiling GitHub.Actions.WorkflowSpec
[ 7 of 21] Compiling GitHub.ActivitySpec
[ 8 of 21] Compiling GitHub.CommitsSpec
[ 9 of 21] Compiling GitHub.EventsSpec
[10 of 21] Compiling GitHub.IssuesSpec
[11 of 21] Compiling GitHub.OrganizationsSpec
spec/GitHub/OrganizationsSpec.hs:36:32: warning: [GHC-63394] [-Wx-partial]
    In the use of ‘head’
    (imported from Prelude, but defined in GHC.Internal.List):
    "This is a partial function, it throws an error on empty lists. Use pattern matching, 'Data.List.uncons' or 'Data.Maybe.listToMaybe' instead. Consider refactoring to use "Data.List.NonEmpty"."
   |
36 |       simpleOrganizationLogin (head $ fromRightS orgs) `shouldBe` "github"
   |                                ^^^^

spec/GitHub/OrganizationsSpec.hs:45:23: warning: [GHC-63394] [-Wx-partial]
    In the use of ‘head’
    (imported from Prelude, but defined in GHC.Internal.List):
    "This is a partial function, it throws an error on empty lists. Use pattern matching, 'Data.List.uncons' or 'Data.Maybe.listToMaybe' instead. Consider refactoring to use "Data.List.NonEmpty"."
   |
45 |       simpleTeamName (head $ fromRightS ts) `shouldBe` "Justice League"
   |                       ^^^^

spec/GitHub/OrganizationsSpec.hs:50:25: warning: [GHC-63394] [-Wx-partial]
    In the use of ‘head’
    (imported from Prelude, but defined in GHC.Internal.List):
    "This is a partial function, it throws an error on empty lists. Use pattern matching, 'Data.List.uncons' or 'Data.Maybe.listToMaybe' instead. Consider refactoring to use "Data.List.NonEmpty"."
   |
50 |       simpleOwnerLogin (head $ fromRightS ms) `shouldBe` "octocat"
   |                         ^^^^

[12 of 21] Compiling GitHub.PublicSSHKeysSpec
[13 of 21] Compiling GitHub.PullRequestReviewsSpec
[14 of 21] Compiling GitHub.PullRequestsSpec
spec/GitHub/PullRequestsSpec.hs:51:13: warning: [GHC-63394] [-Wx-partial]
    In the use of ‘head’
    (imported from Prelude.Compat, but defined in GHC.Internal.List):
    "This is a partial function, it throws an error on empty lists. Use pattern matching, 'Data.List.uncons' or 'Data.Maybe.listToMaybe' instead. Consider refactoring to use "Data.List.NonEmpty"."
   |
51 |             head (LBS8.lines patch) `shouldBe` "From c0e4ad33811be82e1f72ee76116345c681703103 Mon Sep 17 00:00:00 2001"
   |             ^^^^

[15 of 21] Compiling GitHub.RateLimitSpec
[16 of 21] Compiling GitHub.ReleasesSpec
[17 of 21] Compiling GitHub.ReposSpec
spec/GitHub/ReposSpec.hs:34:11: warning: [GHC-62161] [-Wincomplete-uni-patterns]
    Pattern match(es) are non-exhaustive
    In a pattern binding:
        Patterns of type ‘Either
                            GitHub.Data.Definitions.Error Repo’ not matched:
            Left _
   |
34 |       let Right r = er
   |           ^^^^^^^^^^^^

[18 of 21] Compiling GitHub.ReviewDecodeSpec
[19 of 21] Compiling GitHub.SearchSpec
[20 of 21] Compiling GitHub.UsersSpec
[21 of 21] Compiling Main
[22 of 22] Linking dist-newstyle/build/x86_64-linux/ghc-9.10.2/github-0.30/t/github-test/build/github-test/github-test
