Resolving dependencies...
Build profile: -w ghc-9.10.2 -O1
In order, the following will be built (use -v for more details):
 - hasql-pool-1.3.0.3 (lib) (first run)
 - hasql-pool-1.3.0.3 (test:test) (first run)
Configuring library for hasql-pool-1.3.0.3...
Preprocessing library for hasql-pool-1.3.0.3...
Building library for hasql-pool-1.3.0.3...
[1 of 8] Compiling Hasql.Pool.Prelude
[2 of 8] Compiling Hasql.Pool.Observation
[3 of 8] Compiling Hasql.Pool.Config.Defaults
[4 of 8] Compiling Hasql.Pool.Config.Config
[5 of 8] Compiling Hasql.Pool.Config.Setting
[6 of 8] Compiling Hasql.Pool.Config
[7 of 8] Compiling Hasql.Pool.SessionErrorDestructors
[8 of 8] Compiling Hasql.Pool
Configuring test suite 'test' for hasql-pool-1.3.0.3...
Preprocessing test suite 'test' for hasql-pool-1.3.0.3...
Building test suite 'test' for hasql-pool-1.3.0.3...
[1 of 1] Compiling Main
[2 of 2] Linking /tmp/workdir-hasql-pool/hasql-pool-1.3.0.3/dist-newstyle/build/x86_64-linux/ghc-9.10.2/hasql-pool-1.3.0.3/t/test/build/test/test
