Resolving dependencies...
Build profile: -w ghc-9.10.2 -O1
In order, the following will be built (use -v for more details):
 - cmdargs-0.10.22 (lib) (first run)
Configuring library for cmdargs-0.10.22...
Preprocessing library for cmdargs-0.10.22...
Building library for cmdargs-0.10.22...
[ 1 of 25] Compiling Data.Generics.Any
Data/Generics/Any.hs:21:22: warning: [GHC-63394] [-Wx-partial]
    In the use of ‘tail’
    (imported from Data.List, but defined in GHC.Internal.List):
    "This is a partial function, it throws an error on empty lists. Replace it with 'drop' 1, or use pattern matching or 'GHC.Internal.Data.List.uncons' instead. Consider refactoring to use "Data.List.NonEmpty"."
   |
21 |     where y = init $ tail x
   |                      ^^^^

Data/Generics/Any.hs:102:32: warning: [GHC-63394] [-Wx-partial]
    In the use of ‘tail’
    (imported from Data.List, but defined in GHC.Internal.List):
    "This is a partial function, it throws an error on empty lists. Replace it with 'drop' 1, or use pattern matching or 'GHC.Internal.Data.List.uncons' instead. Consider refactoring to use "Data.List.NonEmpty"."
    |
102 |                          put $ tail cs
    |                                ^^^^

Data/Generics/Any.hs:103:45: warning: [GHC-63394] [-Wx-partial]
    In the use of ‘head’
    (imported from Data.List, but defined in GHC.Internal.List):
    "This is a partial function, it throws an error on empty lists. Use pattern matching, 'Data.List.uncons' or 'Data.Maybe.listToMaybe' instead. Consider refactoring to use "Data.List.NonEmpty"."
    |
103 |                          return $ fromAny $ head cs
    |                                             ^^^^

[ 2 of 25] Compiling Data.Generics.Any.Prelude
[ 3 of 25] Compiling System.Console.CmdArgs.Annotate
System/Console/CmdArgs/Annotate.hs:81:22: warning: [GHC-63394] [-Wx-partial]
    In the use of ‘head’
    (imported from Data.List, but defined in GHC.Internal.List):
    "This is a partial function, it throws an error on empty lists. Use pattern matching, 'Data.List.uncons' or 'Data.Maybe.listToMaybe' instead. Consider refactoring to use "Data.List.NonEmpty"."
   |
81 |             return $ head $
   |                      ^^^^

System/Console/CmdArgs/Annotate.hs:148:14: warning: [GHC-63394] [-Wx-partial]
    In the use of ‘head’
    (imported from Data.List, but defined in GHC.Internal.List):
    "This is a partial function, it throws an error on empty lists. Use pattern matching, 'Data.List.uncons' or 'Data.Maybe.listToMaybe' instead. Consider refactoring to use "Data.List.NonEmpty"."
    |
148 |     return $ head xs
    |              ^^^^

[ 4 of 25] Compiling System.Console.CmdArgs.Default
[ 5 of 25] Compiling System.Console.CmdArgs.Explicit.ExpandArgsAt
[ 6 of 25] Compiling System.Console.CmdArgs.Explicit.SplitJoin
[ 7 of 25] Compiling System.Console.CmdArgs.Explicit.Type
[ 8 of 25] Compiling System.Console.CmdArgs.Explicit.Process
System/Console/CmdArgs/Explicit/Process.hs:74:44: warning: [GHC-63394] [-Wx-partial]
    In the use of ‘tail’
    (imported from Data.List, but defined in GHC.Internal.List):
    "This is a partial function, it throws an error on empty lists. Replace it with 'drop' 1, or use pattern matching or 'GHC.Internal.Data.List.uncons' instead. Consider refactoring to use "Data.List.NonEmpty"."
   |
74 |                     | null b -> upd s{args=tail ys} $ flagValue flag $ head ys
   |                                            ^^^^

System/Console/CmdArgs/Explicit/Process.hs:74:72: warning: [GHC-63394] [-Wx-partial]
    In the use of ‘head’
    (imported from Data.List, but defined in GHC.Internal.List):
    "This is a partial function, it throws an error on empty lists. Use pattern matching, 'Data.List.uncons' or 'Data.Maybe.listToMaybe' instead. Consider refactoring to use "Data.List.NonEmpty"."
   |
74 |                     | null b -> upd s{args=tail ys} $ flagValue flag $ head ys
   |                                                                        ^^^^

System/Console/CmdArgs/Explicit/Process.hs:75:61: warning: [GHC-63394] [-Wx-partial]
    In the use of ‘tail’
    (imported from Data.List, but defined in GHC.Internal.List):
    "This is a partial function, it throws an error on empty lists. Replace it with 'drop' 1, or use pattern matching or 'GHC.Internal.Data.List.uncons' instead. Consider refactoring to use "Data.List.NonEmpty"."
   |
75 |                     | otherwise -> upd s $ flagValue flag $ tail b
   |                                                             ^^^^

System/Console/CmdArgs/Explicit/Process.hs:77:55: warning: [GHC-63394] [-Wx-partial]
    In the use of ‘tail’
    (imported from Data.List, but defined in GHC.Internal.List):
    "This is a partial function, it throws an error on empty lists. Replace it with 'drop' 1, or use pattern matching or 'GHC.Internal.Data.List.uncons' instead. Consider refactoring to use "Data.List.NonEmpty"."
   |
77 |               | otherwise -> upd s $ flagValue flag $ tail b
   |                                                       ^^^^

System/Console/CmdArgs/Explicit/Process.hs:91:46: warning: [GHC-63394] [-Wx-partial]
    In the use of ‘tail’
    (imported from Data.List, but defined in GHC.Internal.List):
    "This is a partial function, it throws an error on empty lists. Replace it with 'drop' 1, or use pattern matching or 'GHC.Internal.Data.List.uncons' instead. Consider refactoring to use "Data.List.NonEmpty"."
   |
91 |                     | null xs -> upd s_{args=tail ys} $ flagValue flag $ head ys
   |                                              ^^^^

System/Console/CmdArgs/Explicit/Process.hs:91:74: warning: [GHC-63394] [-Wx-partial]
    In the use of ‘head’
    (imported from Data.List, but defined in GHC.Internal.List):
    "This is a partial function, it throws an error on empty lists. Use pattern matching, 'Data.List.uncons' or 'Data.Maybe.listToMaybe' instead. Consider refactoring to use "Data.List.NonEmpty"."
   |
91 |                     | null xs -> upd s_{args=tail ys} $ flagValue flag $ head ys
   |                                                                          ^^^^

System/Console/CmdArgs/Explicit/Process.hs:92:99: warning: [GHC-63394] [-Wx-partial]
    In the use of ‘tail’
    (imported from Data.List, but defined in GHC.Internal.List):
    "This is a partial function, it throws an error on empty lists. Replace it with 'drop' 1, or use pattern matching or 'GHC.Internal.Data.List.uncons' instead. Consider refactoring to use "Data.List.NonEmpty"."
   |
92 |                     | otherwise -> upd s_{args=ys} $ flagValue flag $ if "=" `isPrefixOf` xs then tail xs else xs
   |                                                                                                   ^^^^

System/Console/CmdArgs/Explicit/Process.hs:94:101: warning: [GHC-63394] [-Wx-partial]
    In the use of ‘tail’
    (imported from Data.List, but defined in GHC.Internal.List):
    "This is a partial function, it throws an error on empty lists. Replace it with 'drop' 1, or use pattern matching or 'GHC.Internal.Data.List.uncons' instead. Consider refactoring to use "Data.List.NonEmpty"."
   |
94 |                       | otherwise -> upd s_{args=ys} $ flagValue flag $ if "=" `isPrefixOf` xs then tail xs else xs
   |                                                                                                     ^^^^

System/Console/CmdArgs/Explicit/Process.hs:95:87: warning: [GHC-63394] [-Wx-partial]
    In the use of ‘tail’
    (imported from Data.List, but defined in GHC.Internal.List):
    "This is a partial function, it throws an error on empty lists. Replace it with 'drop' 1, or use pattern matching or 'GHC.Internal.Data.List.uncons' instead. Consider refactoring to use "Data.List.NonEmpty"."
   |
95 |             FlagOptRare x | "=" `isPrefixOf` xs -> upd s_{args=ys} $ flagValue flag $ tail xs
   |                                                                                       ^^^^

System/Console/CmdArgs/Explicit/Process.hs:149:22: warning: [GHC-63394] [-Wx-partial]
    In the use of ‘head’
    (imported from Data.List, but defined in GHC.Internal.List):
    "This is a partial function, it throws an error on empty lists. Use pattern matching, 'Data.List.uncons' or 'Data.Maybe.listToMaybe' instead. Consider refactoring to use "Data.List.NonEmpty"."
    |
149 |         match op = [(head ys,v) | (xs,v) <- names, let ys = filter (op value) xs, ys /= []]
    |                      ^^^^

[ 9 of 25] Compiling System.Console.CmdArgs.Explicit.Complete
System/Console/CmdArgs/Explicit/Complete.hs:52:15: warning: [GHC-63394] [-Wx-partial]
    In the use of ‘head’
    (imported from Data.List, but defined in GHC.Internal.List):
    "This is a partial function, it throws an error on empty lists. Use pattern matching, 'Data.List.uncons' or 'Data.Maybe.listToMaybe' instead. Consider refactoring to use "Data.List.NonEmpty"."
   |
52 |         now = head $ next ++ [""]
   |               ^^^^

[10 of 25] Compiling System.Console.CmdArgs.Helper
[11 of 25] Compiling System.Console.CmdArgs.Implicit.Ann
[12 of 25] Compiling System.Console.CmdArgs.Implicit.UI
[13 of 25] Compiling System.Console.CmdArgs.Text
System/Console/CmdArgs/Text.hs:91:32: warning: [GHC-63394] [-Wx-partial]
    In the use of ‘head’
    (imported from Data.List, but defined in GHC.Internal.List):
    "This is a partial function, it throws an error on empty lists. Use pattern matching, 'Data.List.uncons' or 'Data.Maybe.listToMaybe' instead. Consider refactoring to use "Data.List.NonEmpty"."
   |
91 |         cs = map (\x -> (fst $ head x, map maximum $ transpose $ map snd x)) $
   |                                ^^^^

[14 of 25] Compiling System.Console.CmdArgs.Explicit.Help
System/Console/CmdArgs/Explicit/Help.hs:83:59: warning: [GHC-63394] [-Wx-partial]
    In the use of ‘head’
    (imported from Data.List, but defined in GHC.Internal.List):
    "This is a partial function, it throws an error on empty lists. Use pattern matching, 'Data.List.uncons' or 'Data.Maybe.listToMaybe' instead. Consider refactoring to use "Data.List.NonEmpty"."
   |
83 | helpText pre HelpFormatBash x = map Line $ completeBash $ head $ modeNames x ++ ["unknown"]
   |                                                           ^^^^

System/Console/CmdArgs/Explicit/Help.hs:84:57: warning: [GHC-63394] [-Wx-partial]
    In the use of ‘head’
    (imported from Data.List, but defined in GHC.Internal.List):
    "This is a partial function, it throws an error on empty lists. Use pattern matching, 'Data.List.uncons' or 'Data.Maybe.listToMaybe' instead. Consider refactoring to use "Data.List.NonEmpty"."
   |
84 | helpText pre HelpFormatZsh x = map Line $ completeZsh $ head $ modeNames x ++ ["unknown"]
   |                                                         ^^^^

System/Console/CmdArgs/Explicit/Help.hs:154:46: warning: [GHC-63394] [-Wx-partial]
    In the use of ‘head’
    (imported from Data.List, but defined in GHC.Internal.List):
    "This is a partial function, it throws an error on empty lists. Use pattern matching, 'Data.List.uncons' or 'Data.Maybe.listToMaybe' instead. Consider refactoring to use "Data.List.NonEmpty"."
    |
154 |             add x y = if null x then x else (head x ++ y) : tail x
    |                                              ^^^^

System/Console/CmdArgs/Explicit/Help.hs:154:61: warning: [GHC-63394] [-Wx-partial]
    In the use of ‘tail’
    (imported from Data.List, but defined in GHC.Internal.List):
    "This is a partial function, it throws an error on empty lists. Replace it with 'drop' 1, or use pattern matching or 'GHC.Internal.Data.List.uncons' instead. Consider refactoring to use "Data.List.NonEmpty"."
    |
154 |             add x y = if null x then x else (head x ++ y) : tail x
    |                                                             ^^^^

[15 of 25] Compiling System.Console.CmdArgs.Verbosity
[16 of 25] Compiling System.Console.CmdArgs.Implicit.Type
[17 of 25] Compiling System.Console.CmdArgs.Explicit
System/Console/CmdArgs/Explicit.hs:112:79: warning: [GHC-63394] [-Wx-partial]
    In the use of ‘head’
    (imported from Prelude, but defined in GHC.Internal.List):
    "This is a partial function, it throws an error on empty lists. Use pattern matching, 'Data.List.uncons' or 'Data.Maybe.listToMaybe' instead. Consider refactoring to use "Data.List.NonEmpty"."
    |
112 |             let var = mplus (lookup ("CMDARGS_HELPER_" ++ show (map toUpper $ head $ modeNames m ++ [nam])) env)
    |                                                                               ^^^^

[18 of 25] Compiling System.Console.CmdArgs.Implicit.Reader
System/Console/CmdArgs/Implicit/Reader.hs:35:16: warning: [GHC-63394] [-Wx-partial]
    In the use of ‘head’
    (imported from Data.List, but defined in GHC.Internal.List):
    "This is a partial function, it throws an error on empty lists. Use pattern matching, 'Data.List.uncons' or 'Data.Maybe.listToMaybe' instead. Consider refactoring to use "Data.List.NonEmpty"."
   |
35 |     let down = head . children
   |                ^^^^

System/Console/CmdArgs/Implicit/Reader.hs:82:42: warning: [GHC-63394] [-Wx-partial]
    In the use of ‘head’
    (imported from Data.List, but defined in GHC.Internal.List):
    "This is a partial function, it throws an error on empty lists. Use pattern matching, 'Data.List.uncons' or 'Data.Maybe.listToMaybe' instead. Consider refactoring to use "Data.List.NonEmpty"."
   |
82 |              | otherwise = Right $ snd $ head ys
   |                                          ^^^^

System/Console/CmdArgs/Implicit/Reader.hs:92:67: warning: [GHC-63394] [-Wx-partial]
    In the use of ‘head’
    (imported from Data.List, but defined in GHC.Internal.List):
    "This is a partial function, it throws an error on empty lists. Use pattern matching, 'Data.List.uncons' or 'Data.Maybe.listToMaybe' instead. Consider refactoring to use "Data.List.NonEmpty"."
   |
92 |         if n == 1 then fmap (recompose x . return) $ readerRead_ (head $ filter ((==) 1 . readerParts) rs) s
   |                                                                   ^^^^

[19 of 25] Compiling System.Console.CmdArgs.Implicit.Local
System/Console/CmdArgs/Implicit/Local.hs:120:58: warning: [GHC-63394] [-Wx-partial]
    In the use of ‘head’
    (imported from Data.List, but defined in GHC.Internal.List):
    "This is a partial function, it throws an error on empty lists. Use pattern matching, 'Data.List.uncons' or 'Data.Maybe.listToMaybe' instead. Consider refactoring to use "Data.List.NonEmpty"."
    |
120 |     where prog = map toLower $ typeShell $ fromCapture $ head xs
    |                                                          ^^^^

System/Console/CmdArgs/Implicit/Local.hs:220:24: warning: [GHC-63394] [-Wx-partial]
    In the use of ‘head’
    (imported from Data.List, but defined in GHC.Internal.List):
    "This is a partial function, it throws an error on empty lists. Use pattern matching, 'Data.List.uncons' or 'Data.Maybe.listToMaybe' instead. Consider refactoring to use "Data.List.NonEmpty"."
    |
220 | flagAnn a x = errFlag (head $ words $ show x) $ show a
    |                        ^^^^

[20 of 25] Compiling System.Console.CmdArgs.Implicit.Reform
[21 of 25] Compiling System.Console.CmdArgs.Implicit.Global
System/Console/CmdArgs/Implicit/Global.hs:35:38: warning: [GHC-63394] [-Wx-partial]
    In the use of ‘head’
    (imported from Data.List, but defined in GHC.Internal.List):
    "This is a partial function, it throws an error on empty lists. Use pattern matching, 'Data.List.uncons' or 'Data.Maybe.listToMaybe' instead. Consider refactoring to use "Data.List.NonEmpty"."
   |
35 | collapse x | length ms == 1 = (snd $ head ms){modeNames=[progProgram x]}
   |                                      ^^^^

System/Console/CmdArgs/Implicit/Global.hs:37:27: warning: [GHC-63394] [-Wx-partial]
    In the use of ‘head’
    (imported from Data.List, but defined in GHC.Internal.List):
    "This is a partial function, it throws an error on empty lists. Use pattern matching, 'Data.List.uncons' or 'Data.Maybe.listToMaybe' instead. Consider refactoring to use "Data.List.NonEmpty"."
   |
37 |            | otherwise = (head $ map zeroMode auto ++ map (emptyMode . snd) ms)
   |                           ^^^^

System/Console/CmdArgs/Implicit/Global.hs:143:19: warning: [GHC-63394] [-Wx-partial]
    In the use of ‘head’
    (imported from Data.List, but defined in GHC.Internal.List):
    "This is a partial function, it throws an error on empty lists. Use pattern matching, 'Data.List.uncons' or 'Data.Maybe.listToMaybe' instead. Consider refactoring to use "Data.List.NonEmpty"."
    |
143 |         com = map head $ filter ((== length (progModes p)) . length) $ group $ sort
    |                   ^^^^

System/Console/CmdArgs/Implicit/Global.hs:193:74: warning: [GHC-63394] [-Wx-partial]
    In the use of ‘head’
    (imported from Data.List, but defined in GHC.Internal.List):
    "This is a partial function, it throws an error on empty lists. Use pattern matching, 'Data.List.uncons' or 'Data.Maybe.listToMaybe' instead. Consider refactoring to use "Data.List.NonEmpty"."
    |
193 |         mapModes1 f pre m = m{modeGroupModes = fmap (mapModes0 f (pre ++ head (modeNames m) ++ " ")) $ modeGroupModes m}
    |                                                                          ^^^^

System/Console/CmdArgs/Implicit/Global.hs:204:68: warning: [GHC-63394] [-Wx-partial]
    In the use of ‘head’
    (imported from Data.List, but defined in GHC.Internal.List):
    "This is a partial function, it throws an error on empty lists. Use pattern matching, 'Data.List.uncons' or 'Data.Maybe.listToMaybe' instead. Consider refactoring to use "Data.List.NonEmpty"."
    |
204 |           f flg = if concatMap flagNames hlp == flagNames flg then head hlp else flg
    |                                                                    ^^^^

System/Console/CmdArgs/Implicit/Global.hs:218:65: warning: [GHC-63394] [-Wx-partial]
    In the use of ‘head’
    (imported from Data.List, but defined in GHC.Internal.List):
    "This is a partial function, it throws an error on empty lists. Use pattern matching, 'Data.List.uncons' or 'Data.Maybe.listToMaybe' instead. Consider refactoring to use "Data.List.NonEmpty"."
    |
218 |         toMode xs x = x{modeMode = (modeMode x){modeNames=["["++head xs++"]" | modeDefault x] ++ xs}}
    |                                                                 ^^^^

[22 of 25] Compiling System.Console.CmdArgs.Implicit
[23 of 25] Compiling System.Console.CmdArgs.Quote
[24 of 25] Compiling System.Console.CmdArgs
[25 of 25] Compiling System.Console.CmdArgs.GetOpt
