Resolving dependencies...
Build profile: -w ghc-9.10.2 -O1
In order, the following will be built (use -v for more details):
 - persistent-sqlite-2.13.3.1 (lib) (first run)
 - persistent-sqlite-2.13.3.1 (test:test) (first run)
Configuring library for persistent-sqlite-2.13.3.1...
Preprocessing library for persistent-sqlite-2.13.3.1...
Building library for persistent-sqlite-2.13.3.1...
[1 of 3] Compiling Database.Sqlite.Internal
[2 of 3] Compiling Database.Sqlite
[3 of 3] Compiling Database.Persist.Sqlite
Database/Persist/Sqlite.hs:98:1: warning: [GHC-66111] [-Wunused-imports]
    The qualified import of ‘Data.HashMap.Lazy’ is redundant
      except perhaps to import instances from ‘Data.HashMap.Lazy’
    To import instances alone, use: import Data.HashMap.Lazy()
   |
98 | import qualified Data.HashMap.Lazy as HashMap
   | ^^^^^^^^^^^^^^^^^^^^^^^^^^^^^^^^^^^^^^^^^^^^^

Database/Persist/Sqlite.hs:973:53: warning: [GHC-40910] [-Wunused-top-binds]
    Defined but not used: record field of RawSqliteKey ‘unRawSqliteKey’
    |
973 |   newtype BackendKey (RawSqlite b) = RawSqliteKey { unRawSqliteKey :: BackendKey (Compatible b (RawSqlite b)) }
    |                                                     ^^^^^^^^^^^^^^

Configuring test suite 'test' for persistent-sqlite-2.13.3.1...
Preprocessing test suite 'test' for persistent-sqlite-2.13.3.1...
Building test suite 'test' for persistent-sqlite-2.13.3.1...
[1 of 3] Compiling SqliteInit
test/SqliteInit.hs:45:1: warning: [GHC-38856] [-Wunused-imports]
    The import of ‘MonadFail, liftA2’ from module ‘Init’ is redundant
   |
45 | import Init
   | ^^^^^^^^^^^...

test/SqliteInit.hs:69:1: warning: [GHC-66111] [-Wunused-imports]
    The import of ‘System.Log.FastLogger’ is redundant
      except perhaps to import instances from ‘System.Log.FastLogger’
    To import instances alone, use: import System.Log.FastLogger()
   |
69 | import System.Log.FastLogger (fromLogStr)
   | ^^^^^^^^^^^^^^^^^^^^^^^^^^^^^^^^^^^^^^^^^

test/SqliteInit.hs:86:33: warning: [GHC-68441] [-Wdeprecations]
    In the use of record field of MkPersistSettings ‘mpsGeneric’
    (imported from Database.Persist.TH, but defined in Database.Persist.TH.Internal):
    Deprecated: "The mpsGeneric function adds a considerable amount of overhead and complexity to the library without bringing significant benefit. We would like to remove it. If you require this feature, please comment on the linked GitHub issue, and we'll either keep it around, or we can figure out a nicer way to solve your problem.

 Github: https://github.com/yesodweb/persistent/issues/1204"
   |
86 | persistSettings = sqlSettings { mpsGeneric = True }
   |                                 ^^^^^^^^^^

[2 of 3] Compiling Database.Persist.Sqlite.CompositeSpec
test/Database/Persist/Sqlite/CompositeSpec.hs:23:1: warning: [GHC-66111] [-Wunused-imports]
    The import of ‘Control.Monad.Trans.Resource’ is redundant
      except perhaps to import instances from ‘Control.Monad.Trans.Resource’
    To import instances alone, use: import Control.Monad.Trans.Resource()
   |
23 | import Control.Monad.Trans.Resource (MonadResource)
   | ^^^^^^^^^^^^^^^^^^^^^^^^^^^^^^^^^^^^^^^^^^^^^^^^^^^

test/Database/Persist/Sqlite/CompositeSpec.hs:28:1: warning: [GHC-38856] [-Wunused-imports]
    The import of ‘IOException, handle’
    from module ‘Control.Exception’ is redundant
   |
28 | import Control.Exception (handle, IOException, throwIO)
   | ^^^^^^^^^^^^^^^^^^^^^^^^^^^^^^^^^^^^^^^^^^^^^^^^^^^^^^^

test/Database/Persist/Sqlite/CompositeSpec.hs:33:1: warning: [GHC-58520] [-Wtype-equality-requires-operators]
    The use of ‘~’ without TypeOperators
    will become an error in a future GHC release.
    Suggested fix: Perhaps you intended to use TypeOperators
   |
33 | share [mkPersist sqlSettings, mkMigrate "compositeSetup"] [persistLowerCase|
   | ^^^^^^^^^^^^^^^^^^^^^^^^^^^^^^^^^^^^^^^^^^^^^^^^^^^^^^^^^^^^^^^^^^^^^^^^^^^^...

test/Database/Persist/Sqlite/CompositeSpec.hs:33:1: warning: [GHC-58520] [-Wtype-equality-requires-operators]
    The use of ‘~’ without TypeOperators
    will become an error in a future GHC release.
    Suggested fix: Perhaps you intended to use TypeOperators
   |
33 | share [mkPersist sqlSettings, mkMigrate "compositeSetup"] [persistLowerCase|
   | ^^^^^^^^^^^^^^^^^^^^^^^^^^^^^^^^^^^^^^^^^^^^^^^^^^^^^^^^^^^^^^^^^^^^^^^^^^^^...

test/Database/Persist/Sqlite/CompositeSpec.hs:33:1: warning: [GHC-58520] [-Wtype-equality-requires-operators]
    The use of ‘~’ without TypeOperators
    will become an error in a future GHC release.
    Suggested fix: Perhaps you intended to use TypeOperators
   |
33 | share [mkPersist sqlSettings, mkMigrate "compositeSetup"] [persistLowerCase|
   | ^^^^^^^^^^^^^^^^^^^^^^^^^^^^^^^^^^^^^^^^^^^^^^^^^^^^^^^^^^^^^^^^^^^^^^^^^^^^...

test/Database/Persist/Sqlite/CompositeSpec.hs:33:1: warning: [GHC-58520] [-Wtype-equality-requires-operators]
    The use of ‘~’ without TypeOperators
    will become an error in a future GHC release.
    Suggested fix: Perhaps you intended to use TypeOperators
   |
33 | share [mkPersist sqlSettings, mkMigrate "compositeSetup"] [persistLowerCase|
   | ^^^^^^^^^^^^^^^^^^^^^^^^^^^^^^^^^^^^^^^^^^^^^^^^^^^^^^^^^^^^^^^^^^^^^^^^^^^^...

test/Database/Persist/Sqlite/CompositeSpec.hs:33:1: warning: [GHC-58520] [-Wtype-equality-requires-operators]
    The use of ‘~’ without TypeOperators
    will become an error in a future GHC release.
    Suggested fix: Perhaps you intended to use TypeOperators
   |
33 | share [mkPersist sqlSettings, mkMigrate "compositeSetup"] [persistLowerCase|
   | ^^^^^^^^^^^^^^^^^^^^^^^^^^^^^^^^^^^^^^^^^^^^^^^^^^^^^^^^^^^^^^^^^^^^^^^^^^^^...

test/Database/Persist/Sqlite/CompositeSpec.hs:33:1: warning: [GHC-58520] [-Wtype-equality-requires-operators]
    The use of ‘~’ without TypeOperators
    will become an error in a future GHC release.
    Suggested fix: Perhaps you intended to use TypeOperators
   |
33 | share [mkPersist sqlSettings, mkMigrate "compositeSetup"] [persistLowerCase|
   | ^^^^^^^^^^^^^^^^^^^^^^^^^^^^^^^^^^^^^^^^^^^^^^^^^^^^^^^^^^^^^^^^^^^^^^^^^^^^...

test/Database/Persist/Sqlite/CompositeSpec.hs:33:1: warning: [GHC-58520] [-Wtype-equality-requires-operators]
    The use of ‘~’ without TypeOperators
    will become an error in a future GHC release.
    Suggested fix: Perhaps you intended to use TypeOperators
   |
33 | share [mkPersist sqlSettings, mkMigrate "compositeSetup"] [persistLowerCase|
   | ^^^^^^^^^^^^^^^^^^^^^^^^^^^^^^^^^^^^^^^^^^^^^^^^^^^^^^^^^^^^^^^^^^^^^^^^^^^^...

test/Database/Persist/Sqlite/CompositeSpec.hs:48:1: warning: [GHC-58520] [-Wtype-equality-requires-operators]
    The use of ‘~’ without TypeOperators
    will become an error in a future GHC release.
    Suggested fix: Perhaps you intended to use TypeOperators
   |
48 | share [mkPersist sqlSettings, mkMigrate "compositeMigrateTest"] [persistLowerCase|
   | ^^^^^^^^^^^^^^^^^^^^^^^^^^^^^^^^^^^^^^^^^^^^^^^^^^^^^^^^^^^^^^^^^^^^^^^^^^^^^^^^^^...

test/Database/Persist/Sqlite/CompositeSpec.hs:48:1: warning: [GHC-58520] [-Wtype-equality-requires-operators]
    The use of ‘~’ without TypeOperators
    will become an error in a future GHC release.
    Suggested fix: Perhaps you intended to use TypeOperators
   |
48 | share [mkPersist sqlSettings, mkMigrate "compositeMigrateTest"] [persistLowerCase|
   | ^^^^^^^^^^^^^^^^^^^^^^^^^^^^^^^^^^^^^^^^^^^^^^^^^^^^^^^^^^^^^^^^^^^^^^^^^^^^^^^^^^...

test/Database/Persist/Sqlite/CompositeSpec.hs:48:1: warning: [GHC-58520] [-Wtype-equality-requires-operators]
    The use of ‘~’ without TypeOperators
    will become an error in a future GHC release.
    Suggested fix: Perhaps you intended to use TypeOperators
   |
48 | share [mkPersist sqlSettings, mkMigrate "compositeMigrateTest"] [persistLowerCase|
   | ^^^^^^^^^^^^^^^^^^^^^^^^^^^^^^^^^^^^^^^^^^^^^^^^^^^^^^^^^^^^^^^^^^^^^^^^^^^^^^^^^^...

test/Database/Persist/Sqlite/CompositeSpec.hs:48:1: warning: [GHC-58520] [-Wtype-equality-requires-operators]
    The use of ‘~’ without TypeOperators
    will become an error in a future GHC release.
    Suggested fix: Perhaps you intended to use TypeOperators
   |
48 | share [mkPersist sqlSettings, mkMigrate "compositeMigrateTest"] [persistLowerCase|
   | ^^^^^^^^^^^^^^^^^^^^^^^^^^^^^^^^^^^^^^^^^^^^^^^^^^^^^^^^^^^^^^^^^^^^^^^^^^^^^^^^^^...

test/Database/Persist/Sqlite/CompositeSpec.hs:48:1: warning: [GHC-58520] [-Wtype-equality-requires-operators]
    The use of ‘~’ without TypeOperators
    will become an error in a future GHC release.
    Suggested fix: Perhaps you intended to use TypeOperators
   |
48 | share [mkPersist sqlSettings, mkMigrate "compositeMigrateTest"] [persistLowerCase|
   | ^^^^^^^^^^^^^^^^^^^^^^^^^^^^^^^^^^^^^^^^^^^^^^^^^^^^^^^^^^^^^^^^^^^^^^^^^^^^^^^^^^...

test/Database/Persist/Sqlite/CompositeSpec.hs:48:1: warning: [GHC-58520] [-Wtype-equality-requires-operators]
    The use of ‘~’ without TypeOperators
    will become an error in a future GHC release.
    Suggested fix: Perhaps you intended to use TypeOperators
   |
48 | share [mkPersist sqlSettings, mkMigrate "compositeMigrateTest"] [persistLowerCase|
   | ^^^^^^^^^^^^^^^^^^^^^^^^^^^^^^^^^^^^^^^^^^^^^^^^^^^^^^^^^^^^^^^^^^^^^^^^^^^^^^^^^^...

test/Database/Persist/Sqlite/CompositeSpec.hs:48:1: warning: [GHC-58520] [-Wtype-equality-requires-operators]
    The use of ‘~’ without TypeOperators
    will become an error in a future GHC release.
    Suggested fix: Perhaps you intended to use TypeOperators
   |
48 | share [mkPersist sqlSettings, mkMigrate "compositeMigrateTest"] [persistLowerCase|
   | ^^^^^^^^^^^^^^^^^^^^^^^^^^^^^^^^^^^^^^^^^^^^^^^^^^^^^^^^^^^^^^^^^^^^^^^^^^^^^^^^^^...

test/Database/Persist/Sqlite/CompositeSpec.hs:48:1: warning: [GHC-58520] [-Wtype-equality-requires-operators]
    The use of ‘~’ without TypeOperators
    will become an error in a future GHC release.
    Suggested fix: Perhaps you intended to use TypeOperators
   |
48 | share [mkPersist sqlSettings, mkMigrate "compositeMigrateTest"] [persistLowerCase|
   | ^^^^^^^^^^^^^^^^^^^^^^^^^^^^^^^^^^^^^^^^^^^^^^^^^^^^^^^^^^^^^^^^^^^^^^^^^^^^^^^^^^...

[3 of 3] Compiling Main
test/main.hs:53:48: warning: [GHC-38856] [-Wunused-imports]
    The import of ‘throwIO’
    from module ‘Control.Exception’ is redundant
   |
53 | import Control.Exception (IOException, handle, throwIO)
   |                                                ^^^^^^^

test/main.hs:55:1: warning: [GHC-66111] [-Wunused-imports]
    The import of ‘Control.Monad.IO.Class’ is redundant
      except perhaps to import instances from ‘Control.Monad.IO.Class’
    To import instances alone, use: import Control.Monad.IO.Class()
   |
55 | import Control.Monad.IO.Class (liftIO)
   | ^^^^^^^^^^^^^^^^^^^^^^^^^^^^^^^^^^^^^^

test/main.hs:56:1: warning: [GHC-66111] [-Wunused-imports]
    The import of ‘Control.Monad.Reader’ is redundant
      except perhaps to import instances from ‘Control.Monad.Reader’
    To import instances alone, use: import Control.Monad.Reader()
   |
56 | import Control.Monad.Reader (MonadReader)
   | ^^^^^^^^^^^^^^^^^^^^^^^^^^^^^^^^^^^^^^^^^

test/main.hs:57:1: warning: [GHC-66111] [-Wunused-imports]
    The import of ‘Control.Monad.Trans.Resource’ is redundant
      except perhaps to import instances from ‘Control.Monad.Trans.Resource’
    To import instances alone, use: import Control.Monad.Trans.Resource()
   |
57 | import Control.Monad.Trans.Resource (MonadResource)
   | ^^^^^^^^^^^^^^^^^^^^^^^^^^^^^^^^^^^^^^^^^^^^^^^^^^^

test/main.hs:59:1: warning: [GHC-66111] [-Wunused-imports]
    The import of ‘Data.Conduit’ is redundant
      except perhaps to import instances from ‘Data.Conduit’
    To import instances alone, use: import Data.Conduit()
   |
59 | import Data.Conduit (runConduit, (.|))
   | ^^^^^^^^^^^^^^^^^^^^^^^^^^^^^^^^^^^^^^

test/main.hs:60:1: warning: [GHC-66111] [-Wunused-imports]
    The qualified import of ‘Data.Conduit.List’ is redundant
      except perhaps to import instances from ‘Data.Conduit.List’
    To import instances alone, use: import Data.Conduit.List()
   |
60 | import qualified Data.Conduit.List as CL
   | ^^^^^^^^^^^^^^^^^^^^^^^^^^^^^^^^^^^^^^^^

test/main.hs:67:1: warning: [GHC-66111] [-Wunused-imports]
    The qualified import of ‘Lens.Micro’ is redundant
      except perhaps to import instances from ‘Lens.Micro’
    To import instances alone, use: import Lens.Micro()
   |
67 | import qualified Lens.Micro as Lens
   | ^^^^^^^^^^^^^^^^^^^^^^^^^^^^^^^^^^^

[4 of 4] Linking /tmp/workdir-persistent-sqlite/persistent-sqlite-2.13.3.1/dist-newstyle/build/x86_64-linux/ghc-9.10.2/persistent-sqlite-2.13.3.1/t/test/build/test/test
