Warning: The package description file ./ListTree.cabal has warnings:
ListTree.cabal:20:36: version operators used. To use version operators the
package needs to specify at least 'cabal-version: >= 1.8'.
ListTree.cabal:20:61: version operators used. To use version operators the
package needs to specify at least 'cabal-version: >= 1.8'.
ListTree.cabal:20:87: version operators used. To use version operators the
package needs to specify at least 'cabal-version: >= 1.8'.
Warning: The package description file
/tmp/workdir-ListTree/ListTree-0.2.3/ListTree.cabal has warnings:
/tmp/workdir-ListTree/ListTree-0.2.3/ListTree.cabal:20:36: version operators
used. To use version operators the package needs to specify at least
'cabal-version: >= 1.8'.
/tmp/workdir-ListTree/ListTree-0.2.3/ListTree.cabal:20:61: version operators
used. To use version operators the package needs to specify at least
'cabal-version: >= 1.8'.
/tmp/workdir-ListTree/ListTree-0.2.3/ListTree.cabal:20:87: version operators
used. To use version operators the package needs to specify at least
'cabal-version: >= 1.8'.
Resolving dependencies...
Build profile: -w ghc-9.10.2 -O1
In order, the following will be built (use -v for more details):
 - ListTree-0.2.3 (lib:ListTree) (first run)
Warning: ListTree.cabal:20:36: version operators used. To use version
operators the package needs to specify at least 'cabal-version: >= 1.8'.
Warning: ListTree.cabal:20:61: version operators used. To use version
operators the package needs to specify at least 'cabal-version: >= 1.8'.
Warning: ListTree.cabal:20:87: version operators used. To use version
operators the package needs to specify at least 'cabal-version: >= 1.8'.
Configuring ListTree-0.2.3...
Preprocessing library for ListTree-0.2.3...
Building library for ListTree-0.2.3...
[1 of 2] Compiling Data.List.Tree
[2 of 2] Compiling System.Directory.ListTree
