Resolving dependencies...
Build profile: -w ghc-9.10.2 -O1
In order, the following will be built (use -v for more details):
 - solana-staking-csvs-0.1.3.0 (lib) (first run)
 - solana-staking-csvs-0.1.3.0 (test:solana-staking-csvs-test) (first run)
 - solana-staking-csvs-0.1.3.0 (exe:solana-staking-csvs) (first run)
Configuring library for solana-staking-csvs-0.1.3.0...
Preprocessing library for solana-staking-csvs-0.1.3.0...
Building library for solana-staking-csvs-0.1.3.0...
[1 of 5] Compiling Console.SolanaStaking.Api
[2 of 5] Compiling Console.SolanaStaking.CoinTracking
[3 of 5] Compiling Console.SolanaStaking.Csv
[4 of 5] Compiling Paths_solana_staking_csvs
[5 of 5] Compiling Console.SolanaStaking.Main
src/Console/SolanaStaking/Main.hs:107:47: warning: [GHC-63394] [-Wx-partial]
    In the use of ‘head’
    (imported from Prelude, but defined in GHC.Internal.List):
    "This is a partial function, it throws an error on empty lists. Use pattern matching, 'Data.List.uncons' or 'Data.Maybe.listToMaybe' instead. Consider refactoring to use "Data.List.NonEmpty"."
    |
107 |                     , srSlot = srSlot $ snd $ head rs
    |                                               ^^^^

src/Console/SolanaStaking/Main.hs:108:49: warning: [GHC-63394] [-Wx-partial]
    In the use of ‘head’
    (imported from Prelude, but defined in GHC.Internal.List):
    "This is a partial function, it throws an error on empty lists. Use pattern matching, 'Data.List.uncons' or 'Data.Maybe.listToMaybe' instead. Consider refactoring to use "Data.List.NonEmpty"."
    |
108 |                     , srEpoch = srEpoch $ snd $ head rs
    |                                                 ^^^^

Configuring test suite 'solana-staking-csvs-test' for solana-staking-csvs-0.1.3.0...
Preprocessing test suite 'solana-staking-csvs-test' for solana-staking-csvs-0.1.3.0...
Building test suite 'solana-staking-csvs-test' for solana-staking-csvs-0.1.3.0...
[1 of 2] Compiling Main
[2 of 2] Compiling Paths_solana_staking_csvs
[3 of 3] Linking /tmp/workdir-solana-staking-csvs/solana-staking-csvs-0.1.3.0/dist-newstyle/build/x86_64-linux/ghc-9.10.2/solana-staking-csvs-0.1.3.0/t/solana-staking-csvs-test/build/solana-staking-csvs-test/solana-staking-csvs-test
Configuring executable 'solana-staking-csvs' for solana-staking-csvs-0.1.3.0...
Preprocessing executable 'solana-staking-csvs' for solana-staking-csvs-0.1.3.0...
Building executable 'solana-staking-csvs' for solana-staking-csvs-0.1.3.0...
[1 of 2] Compiling Main
[2 of 2] Compiling Paths_solana_staking_csvs
[3 of 3] Linking /tmp/workdir-solana-staking-csvs/solana-staking-csvs-0.1.3.0/dist-newstyle/build/x86_64-linux/ghc-9.10.2/solana-staking-csvs-0.1.3.0/x/solana-staking-csvs/build/solana-staking-csvs/solana-staking-csvs
