Resolving dependencies...
Build profile: -w ghc-9.10.2 -O1
In order, the following will be built (use -v for more details):
 - mcmc-0.8.3.1 (lib) (first run)
 - mcmc-0.8.3.1 (test:mcmc-test) (first run)
Configuring library for mcmc-0.8.3.1...
Preprocessing library for mcmc-0.8.3.1...
Building library for mcmc-0.8.3.1...
[ 1 of 41] Compiling Mcmc.Acceptance
src/Mcmc/Acceptance.hs:34:1: warning: [GHC-66111] [-Wunused-imports]
    The import of ‘Data.Foldable’ is redundant
      except perhaps to import instances from ‘Data.Foldable’
    To import instances alone, use: import Data.Foldable()
   |
34 | import Data.Foldable
   | ^^^^^^^^^^^^^^^^^^^^

[ 2 of 41] Compiling Mcmc.Internal.ByteString
[ 3 of 41] Compiling Mcmc.Internal.Random
[ 4 of 41] Compiling Mcmc.Internal.Shuffle
[ 5 of 41] Compiling Mcmc.Internal.SpecFunctions
[ 6 of 41] Compiling Mcmc.Jacobian
[ 7 of 41] Compiling Mcmc.Likelihood
[ 8 of 41] Compiling Mcmc.Monitor.Log
[ 9 of 41] Compiling Mcmc.Monitor.Parameter
[10 of 41] Compiling Mcmc.Monitor.ParameterBatch
[11 of 41] Compiling Mcmc.Monitor.Time
[12 of 41] Compiling Mcmc.Posterior
[13 of 41] Compiling Mcmc.Proposal
[14 of 41] Compiling Mcmc.Cycle
[15 of 41] Compiling Mcmc.Proposal.Generic
[16 of 41] Compiling Mcmc.Statistics.Types
[17 of 41] Compiling Mcmc.Proposal.Slide
[18 of 41] Compiling Mcmc.Proposal.Simplex
[19 of 41] Compiling Mcmc.Proposal.Scale
[20 of 41] Compiling Mcmc.Proposal.Bactrian
[21 of 41] Compiling Mcmc.Prior
[22 of 41] Compiling Mcmc.Proposal.Hamiltonian.Common
[23 of 41] Compiling Mcmc.Proposal.Hamiltonian.Masses
[24 of 41] Compiling Mcmc.Proposal.Hamiltonian.Internal
[25 of 41] Compiling Mcmc.Proposal.Hamiltonian.Nuts
[26 of 41] Compiling Mcmc.Chain.Link
[27 of 41] Compiling Mcmc.Chain.Trace
[28 of 41] Compiling Paths_mcmc
[29 of 41] Compiling Mcmc.Logger
[30 of 41] Compiling Mcmc.Settings
[31 of 41] Compiling Mcmc.Monitor
src/Mcmc/Monitor.hs:103:39: warning: [GHC-63394] [-Wx-partial]
    In the use of ‘head’
    (imported from Prelude, but defined in GHC.Internal.List):
    "This is a partial function, it throws an error on empty lists. Use pattern matching, 'Data.List.uncons' or 'Data.Maybe.listToMaybe' instead. Consider refactoring to use "Data.List.NonEmpty"."
    |
103 | msRenderRow xs = alignRight msIWidth (head xs) <> BL.concat vals
    |                                       ^^^^

src/Mcmc/Monitor.hs:105:38: warning: [GHC-63394] [-Wx-partial]
    In the use of ‘tail’
    (imported from Prelude, but defined in GHC.Internal.List):
    "This is a partial function, it throws an error on empty lists. Replace it with 'drop' 1, or use pattern matching or 'GHC.Internal.Data.List.uncons' instead. Consider refactoring to use "Data.List.NonEmpty"."
    |
105 |     vals = map (alignRight msWidth) (tail xs)
    |                                      ^^^^

[32 of 41] Compiling Mcmc.Chain.Chain
[33 of 41] Compiling Mcmc.Chain.Save
[34 of 41] Compiling Mcmc.Algorithm
[35 of 41] Compiling Mcmc.Algorithm.MHG
[36 of 41] Compiling Mcmc.Proposal.Hamiltonian.Hamiltonian
[37 of 41] Compiling Mcmc.Algorithm.MC3
src/Mcmc/Algorithm/MC3.hs:293:57: warning: [GHC-63394] [-Wx-partial]
    In the use of ‘tail’
    (imported from Data.List, but defined in GHC.Internal.List):
    "This is a partial function, it throws an error on empty lists. Replace it with 'drop' 1, or use pattern matching or 'GHC.Internal.Data.List.uncons' instead. Consider refactoring to use "Data.List.NonEmpty"."
    |
293 |       cs <- V.mapM (mhg s pr lh cc mn i0) (V.fromList $ tail gs)
    |                                                         ^^^^

src/Mcmc/Algorithm/MC3.hs:296:25: warning: [GHC-63394] [-Wx-partial]
    In the use of ‘head’
    (imported from Data.List, but defined in GHC.Internal.List):
    "This is a partial function, it throws an error on empty lists. Use pattern matching, 'Data.List.uncons' or 'Data.Maybe.listToMaybe' instead. Consider refactoring to use "Data.List.NonEmpty"."
    |
296 |       gm <- newIOGenM $ head gs
    |                         ^^^^

[38 of 41] Compiling Mcmc.Environment
[39 of 41] Compiling Mcmc.Mcmc
[40 of 41] Compiling Mcmc.MarginalLikelihood
src/Mcmc/MarginalLikelihood.hs:307:17: warning: [GHC-63394] [-Wx-partial]
    In the use of ‘head’
    (imported from Prelude, but defined in GHC.Internal.List):
    "This is a partial function, it throws an error on empty lists. Use pattern matching, 'Data.List.uncons' or 'Data.Maybe.listToMaybe' instead. Consider refactoring to use "Data.List.NonEmpty"."
    |
307 |     (id0, x0) = head xs
    |                 ^^^^

src/Mcmc/MarginalLikelihood.hs:370:67: warning: [GHC-63394] [-Wx-partial]
    In the use of ‘tail’
    (imported from Prelude, but defined in GHC.Internal.List):
    "This is a partial function, it throws an error on empty lists. Replace it with 'drop' 1, or use pattern matching or 'GHC.Internal.Data.List.uncons' instead. Consider refactoring to use "Data.List.NonEmpty"."
    |
370 | sssCalculateMarginalLikelihood xs lhss = product $ zipWith3 f xs (tail xs) lhss
    |                                                                   ^^^^

[41 of 41] Compiling Mcmc
Configuring test suite 'mcmc-test' for mcmc-0.8.3.1...
Preprocessing test suite 'mcmc-test' for mcmc-0.8.3.1...
Building test suite 'mcmc-test' for mcmc-0.8.3.1...
[1 of 4] Compiling Mcmc.ProposalSpec
[2 of 4] Compiling Mcmc.SaveSpec
[3 of 4] Compiling Main
[4 of 4] Compiling Paths_mcmc
[5 of 5] Linking /tmp/workdir-mcmc/mcmc-0.8.3.1/dist-newstyle/build/x86_64-linux/ghc-9.10.2/mcmc-0.8.3.1/t/mcmc-test/build/mcmc-test/mcmc-test
