Resolving dependencies...
Build profile: -w ghc-9.10.2 -O1
In order, the following will be built (use -v for more details):
 - opaleye-0.10.7.0 (lib) (first run)
 - opaleye-0.10.7.0 (test:tutorial) (first run)
 - opaleye-0.10.7.0 (test:test) (first run)
Configuring library for opaleye-0.10.7.0...
Preprocessing library for opaleye-0.10.7.0...
Building library for opaleye-0.10.7.0...
src/Opaleye/Internal/TypeFamilies.hs:7:14: warning: [GHC-53692] [-Wdeprecated-flags]
    -XTypeInType is deprecated: use -XDataKinds and -XPolyKinds instead
  |
7 | {-# LANGUAGE TypeInType #-}
  |              ^^^^^^^^^^

[ 1 of 66] Compiling Opaleye.Internal.HaskellDB.Sql
[ 2 of 66] Compiling Opaleye.Internal.HaskellDB.Sql.Print
src/Opaleye/Internal/HaskellDB/Sql/Print.hs:120:27: warning: [GHC-68441] [-Wdeprecations]
    In the use of data constructor ‘DoNothing’
    (imported from Opaleye.Internal.HaskellDB.Sql):
    Deprecated: "Use 'doNothing' instead.  @DoNothing@ will be removed in version 0.11"
    |
120 | ppConflictStatement (Just DoNothing) = text "ON CONFLICT DO NOTHING"
    |                           ^^^^^^^^^

src/Opaleye/Internal/HaskellDB/Sql/Print.hs:202:11: warning: [GHC-63397] [-Wname-shadowing]
    This binding for ‘filter’ shadows the existing binding
      imported from ‘Prelude’ at src/Opaleye/Internal/HaskellDB/Sql/Print.hs:23:1-28
      (and originally defined in ‘ghc-internal-9.1002.0:GHC.Internal.List’)
    |
202 |           filter = case mfilter of
    |           ^^^^^^

[ 3 of 66] Compiling Opaleye.Internal.Helpers
[ 4 of 66] Compiling Opaleye.Internal.Map
[ 5 of 66] Compiling Opaleye.Internal.Tag
[ 6 of 66] Compiling Opaleye.Internal.HaskellDB.PrimQuery
[ 7 of 66] Compiling Opaleye.Internal.PrimQuery
[ 8 of 66] Compiling Opaleye.Internal.Optimize
src/Opaleye/Internal/Optimize.hs:12:1: warning: [GHC-66111] [-Wunused-imports]
    The import of ‘Control.Applicative’ is redundant
      except perhaps to import instances from ‘Control.Applicative’
    To import instances alone, use: import Control.Applicative()
   |
12 | import           Control.Applicative (liftA2)
   | ^^^^^^^^^^^^^^^^^^^^^^^^^^^^^^^^^^^^^^^^^^^^^

[ 9 of 66] Compiling Opaleye.Internal.PackMap
src/Opaleye/Internal/PackMap.hs:10:1: warning: [GHC-66111] [-Wunused-imports]
    The import of ‘Control.Applicative’ is redundant
      except perhaps to import instances from ‘Control.Applicative’
    To import instances alone, use: import Control.Applicative()
   |
10 | import           Control.Applicative (liftA2)
   | ^^^^^^^^^^^^^^^^^^^^^^^^^^^^^^^^^^^^^^^^^^^^^

[10 of 66] Compiling Opaleye.Internal.HaskellDB.Sql.Generate
[11 of 66] Compiling Opaleye.Internal.HaskellDB.Sql.Default
[12 of 66] Compiling Opaleye.Internal.Sql
[13 of 66] Compiling Opaleye.Internal.Print
[14 of 66] Compiling Opaleye.Internal.Column
[15 of 66] Compiling Opaleye.Internal.PGTypes
[16 of 66] Compiling Opaleye.Internal.PGTypesExternal
[17 of 66] Compiling Opaleye.Field
[18 of 66] Compiling Opaleye.Internal.JSONBuildObjectFields
[19 of 66] Compiling Opaleye.Column
[20 of 66] Compiling Opaleye.Internal.TypeFamilies
src/Opaleye/Internal/TypeFamilies.hs:17:1: warning: [GHC-15328] [-Wdeprecations]
    Module ‘Opaleye.Column’ is deprecated:
      "Use \"Opaleye.Field\" instead.  Will be removed in version 0.11."
   |
17 | import           Opaleye.Column (Column, Nullable)
   | ^^^^^^^^^^^^^^^^^^^^^^^^^^^^^^^^^^^^^^^^^^^^^^^^^^

[21 of 66] Compiling Opaleye.Internal.Unpackspec
[22 of 66] Compiling Opaleye.Internal.Table
src/Opaleye/Internal/Table.hs:19:1: warning: [GHC-66111] [-Wunused-imports]
    The import of ‘Control.Applicative’ is redundant
      except perhaps to import instances from ‘Control.Applicative’
    To import instances alone, use: import Control.Applicative()
   |
19 | import           Control.Applicative (liftA2)
   | ^^^^^^^^^^^^^^^^^^^^^^^^^^^^^^^^^^^^^^^^^^^^^

[23 of 66] Compiling Opaleye.Internal.QueryArr
[24 of 66] Compiling Opaleye.Internal.Rebind
[25 of 66] Compiling Opaleye.Internal.Locking
[26 of 66] Compiling Opaleye.Internal.Lateral
[27 of 66] Compiling Opaleye.Internal.Binary
[28 of 66] Compiling Opaleye.Internal.Order
[29 of 66] Compiling Opaleye.Lateral
[30 of 66] Compiling Opaleye.Select
[31 of 66] Compiling Opaleye.Label
[32 of 66] Compiling Opaleye.Internal.Operators
src/Opaleye/Internal/Operators.hs:8:1: warning: [GHC-66111] [-Wunused-imports]
    The import of ‘Control.Applicative’ is redundant
      except perhaps to import instances from ‘Control.Applicative’
    To import instances alone, use: import Control.Applicative()
  |
8 | import Control.Applicative (liftA2)
  | ^^^^^^^^^^^^^^^^^^^^^^^^^^^^^^^^^^^

[33 of 66] Compiling Opaleye.Binary
[34 of 66] Compiling Opaleye.Sql
[35 of 66] Compiling Opaleye.Internal.RunQuery
src/Opaleye/Internal/RunQuery.hs:8:1: warning: [GHC-66111] [-Wunused-imports]
    The import of ‘Control.Applicative’ is redundant
      except perhaps to import instances from ‘Control.Applicative’
    To import instances alone, use: import Control.Applicative()
  |
8 | import           Control.Applicative
  | ^^^^^^^^^^^^^^^^^^^^^^^^^^^^^^^^^^^^...

[36 of 66] Compiling Opaleye.Internal.RunQueryExternal
[37 of 66] Compiling Opaleye.SqlTypes
[38 of 66] Compiling Opaleye.Order
[39 of 66] Compiling Opaleye.Internal.Values
src/Opaleye/Internal/Values.hs:9:1: warning: [GHC-15328] [-Wdeprecations]
    Module ‘Opaleye.Column’ is deprecated:
      "Use \"Opaleye.Field\" instead.  Will be removed in version 0.11."
  |
9 | import qualified Opaleye.Column as OC
  | ^^^^^^^^^^^^^^^^^^^^^^^^^^^^^^^^^^^^^

src/Opaleye/Internal/Values.hs:27:1: warning: [GHC-66111] [-Wunused-imports]
    The import of ‘Control.Applicative’ is redundant
      except perhaps to import instances from ‘Control.Applicative’
    To import instances alone, use: import Control.Applicative()
   |
27 | import           Control.Applicative (liftA2)
   | ^^^^^^^^^^^^^^^^^^^^^^^^^^^^^^^^^^^^^^^^^^^^^

src/Opaleye/Internal/Values.hs:107:3: warning: [GHC-68441] [-Wdeprecations]
    In the use of ‘null’ (imported from Opaleye.Column):
    Deprecated: "Use "Opaleye.Field" instead.  Will be removed in version 0.11."
    |
107 |   OC.null
    |   ^^^^^^^

[40 of 66] Compiling Opaleye.Internal.Constant
[41 of 66] Compiling Opaleye.Internal.Inferrable
[42 of 66] Compiling Opaleye.Inferrable
[43 of 66] Compiling Opaleye.Internal.Aggregate
src/Opaleye/Internal/Aggregate.hs:4:1: warning: [GHC-66111] [-Wunused-imports]
    The import of ‘Control.Applicative’ is redundant
      except perhaps to import instances from ‘Control.Applicative’
    To import instances alone, use: import Control.Applicative()
  |
4 | import           Control.Applicative (liftA2)
  | ^^^^^^^^^^^^^^^^^^^^^^^^^^^^^^^^^^^^^^^^^^^^^

src/Opaleye/Internal/Aggregate.hs:5:1: warning: [GHC-66111] [-Wunused-imports]
    The import of ‘Data.Foldable’ is redundant
      except perhaps to import instances from ‘Data.Foldable’
    To import instances alone, use: import Data.Foldable()
  |
5 | import           Data.Foldable (toList)
  | ^^^^^^^^^^^^^^^^^^^^^^^^^^^^^^^^^^^^^^^

src/Opaleye/Internal/Aggregate.hs:6:1: warning: [GHC-66111] [-Wunused-imports]
    The import of ‘Data.Traversable’ is redundant
      except perhaps to import instances from ‘Data.Traversable’
    To import instances alone, use: import Data.Traversable()
  |
6 | import           Data.Traversable (for)
  | ^^^^^^^^^^^^^^^^^^^^^^^^^^^^^^^^^^^^^^^

[44 of 66] Compiling Opaleye.Internal.Window
[45 of 66] Compiling Opaleye.Exists
src/Opaleye/Exists.hs:19:7: warning: [GHC-62161] [-Wincomplete-uni-patterns]
    Pattern match(es) are non-exhaustive
    In a pattern binding:
        Patterns of type ‘(Opaleye.Internal.HaskellDB.PrimQuery.PrimExpr,
                           [(Opaleye.Internal.HaskellDB.PrimQuery.Symbol, ())])’ not matched:
            (_, [])
            (_, ((_, ()):_:_))
   |
19 |   let (result, [(binding, ())]) = run (extractAttr "exists" tag ())
   |       ^^^^^^^^^^^^^^^^^^^^^^^^^^^^^^^^^^^^^^^^^^^^^^^^^^^^^^^^^^^^^

[46 of 66] Compiling Opaleye.Operators
src/Opaleye/Operators.hs:136:1: warning: [GHC-15328] [-Wdeprecations]
    Module ‘Opaleye.Column’ is deprecated:
      "Use \"Opaleye.Field\" instead.  Will be removed in version 0.11."
    |
136 | import qualified Opaleye.Column   as Column
    | ^^^^^^^^^^^^^^^^^^^^^^^^^^^^^^^^^^^^^^^^^^^

[47 of 66] Compiling Opaleye.Table
[48 of 66] Compiling Opaleye.ToFields
[49 of 66] Compiling Opaleye.Internal.MaybeFields
src/Opaleye/Internal/MaybeFields.hs:26:1: warning: [GHC-15328] [-Wdeprecations]
    Module ‘Opaleye.Column’ is deprecated:
      "Use \"Opaleye.Field\" instead.  Will be removed in version 0.11."
   |
26 | import qualified Opaleye.Column
   | ^^^^^^^^^^^^^^^^^^^^^^^^^^^^^^^

src/Opaleye/Internal/MaybeFields.hs:361:1: warning: [GHC-90177] [-Worphans]
    Orphan class instance:
      instance (PP.Default (Inferrable Constant.ToFields) a b,
                PP.Default V.Nullspec a b, MaybeFields b ~ maybeFields_b) =>
               PP.Default (Inferrable Constant.ToFields) (Maybe a) maybeFields_b
    Suggested fix:
      Move the instance declaration to the module of the class or of the type, or
      wrap the type with a newtype and declare the instance on the new type.
    |
361 | instance (PP.Default (Inferrable Constant.ToFields) a b, PP.Default V.Nullspec a b,
    | ^^^^^^^^^^^^^^^^^^^^^^^^^^^^^^^^^^^^^^^^^^^^^^^^^^^^^^^^^^^^^^^^^^^^^^^^^^^^^^^^^^^...

[50 of 66] Compiling Opaleye.Internal.Join
[51 of 66] Compiling Opaleye.Join
[52 of 66] Compiling Opaleye.FunctionalJoin
[53 of 66] Compiling Opaleye.Aggregate
[54 of 66] Compiling Opaleye.Internal.Distinct
[55 of 66] Compiling Opaleye.MaybeFields
[56 of 66] Compiling Opaleye.Distinct
[57 of 66] Compiling Opaleye.TypeFamilies
[58 of 66] Compiling Opaleye.RunSelect
src/Opaleye/RunSelect.hs:35:1: warning: [GHC-15328] [-Wdeprecations]
    Module ‘Opaleye.TypeFamilies’ is deprecated: "No longer supported"
   |
35 | import qualified Opaleye.TypeFamilies as TF
   | ^^^^^^^^^^^^^^^^^^^^^^^^^^^^^^^^^^^^^^^^^^^

[59 of 66] Compiling Opaleye.Internal.Manipulation
[60 of 66] Compiling Opaleye.Manipulation
src/Opaleye/Manipulation.hs:53:30: warning: [GHC-47854] [-Wduplicate-exports]
    ‘HSql.OnConflict’ is exported by ‘HSql.OnConflict(HSql.DoNothing)’ and ‘HSql.OnConflict’
   |
53 |                              HSql.OnConflict(HSql.DoNothing),
   |                              ^^^^^^^^^^^^^^^^^^^^^^^^^^^^^^^

src/Opaleye/Manipulation.hs:260:13: warning: [GHC-68441] [-Wdeprecations]
    In the use of data constructor ‘DoNothing’
    (imported from Opaleye.Internal.HaskellDB.Sql):
    Deprecated: "Use 'doNothing' instead.  @DoNothing@ will be removed in version 0.11"
    |
260 | doNothing = HSql.DoNothing
    |             ^^^^^^^^^^^^^^

[61 of 66] Compiling Opaleye.Values
[62 of 66] Compiling Opaleye.Adaptors
[63 of 66] Compiling Opaleye.Window
[64 of 66] Compiling Opaleye.With
[65 of 66] Compiling Opaleye
src/Opaleye.hs:46:1: warning: [GHC-15328] [-Wdeprecations]
    Module ‘Opaleye.Column’ is deprecated:
      "Use \"Opaleye.Field\" instead.  Will be removed in version 0.11."
   |
46 | import Opaleye.Column
   | ^^^^^^^^^^^^^^^^^^^^^...

[66 of 66] Compiling Opaleye.Experimental.Enum
Configuring test suite 'tutorial' for opaleye-0.10.7.0...
Preprocessing test suite 'tutorial' for opaleye-0.10.7.0...
Building test suite 'tutorial' for opaleye-0.10.7.0...
[1 of 6] Compiling DefaultExplanation
[2 of 6] Compiling TutorialAdvanced
[3 of 6] Compiling TutorialBasic
[4 of 6] Compiling TutorialBasicMonomorphic
Doc/Tutorial/TutorialBasicMonomorphic.lhs:9:36: warning: [GHC-38856] [-Wunused-imports]
    The import of ‘FieldNullable’ from module ‘Opaleye’ is redundant
  |
9 | > import           Opaleye (Field, FieldNullable,
  |                                    ^^^^^^^^^^^^^

Doc/Tutorial/TutorialBasicMonomorphic.lhs:21:3: warning: [GHC-66111] [-Wunused-imports]
    The import of ‘Control.Applicative’ is redundant
      except perhaps to import instances from ‘Control.Applicative’
    To import instances alone, use: import Control.Applicative()
   |
21 | > import           Control.Applicative     (Applicative, (<$>), (<*>))
   |   ^^^^^^^^^^^^^^^^^^^^^^^^^^^^^^^^^^^^^^^^^^^^^^^^^^^^^^^^^^^^^^^^^^^^

Doc/Tutorial/TutorialBasicMonomorphic.lhs:28:3: warning: [GHC-66111] [-Wunused-imports]
    The qualified import of ‘Opaleye.Internal.Join’ is redundant
      except perhaps to import instances from ‘Opaleye.Internal.Join’
    To import instances alone, use: import Opaleye.Internal.Join()
   |
28 | > import qualified Opaleye.Internal.Join
   |   ^^^^^^^^^^^^^^^^^^^^^^^^^^^^^^^^^^^^^^

[5 of 6] Compiling TutorialManipulation
[6 of 6] Compiling Main
[7 of 7] Linking dist-newstyle/build/x86_64-linux/ghc-9.10.2/opaleye-0.10.7.0/t/tutorial/build/tutorial/tutorial
Configuring test suite 'test' for opaleye-0.10.7.0...
Preprocessing test suite 'test' for opaleye-0.10.7.0...
Building test suite 'test' for opaleye-0.10.7.0...
[1 of 8] Compiling Connection
[2 of 8] Compiling Opaleye.Test.TraverseA
[3 of 8] Compiling TypeFamilies
[4 of 8] Compiling Wrapped
[5 of 8] Compiling Opaleye.Test.Fields
[6 of 8] Compiling Opaleye.Test.Arbitrary
Test/Opaleye/Test/Arbitrary.hs:19:1: warning: [GHC-66111] [-Wunused-imports]
    The import of ‘Control.Applicative’ is redundant
      except perhaps to import instances from ‘Control.Applicative’
    To import instances alone, use: import Control.Applicative()
   |
19 | import           Control.Applicative (liftA2)
   | ^^^^^^^^^^^^^^^^^^^^^^^^^^^^^^^^^^^^^^^^^^^^^

[7 of 8] Compiling QuickCheck
Test/QuickCheck.hs:463:43: warning: [GHC-68441] [-Wdeprecations]
    In the use of ‘label’
    (imported from Opaleye, but defined in Opaleye.Label):
    Deprecated: "Will be removed in version 0.11.  Use 'label'' instead."
    |
463 | label comment = compareDenotationNoSort' (O.label comment) id
    |                                           ^^^^^^^

[8 of 8] Compiling Main
Test/Test.hs:283:36: warning: [GHC-63394] [-Wx-partial]
    In the use of ‘head’
    (imported from Prelude, but defined in GHC.Internal.List):
    "This is a partial function, it throws an error on empty lists. Use pattern matching, 'Data.List.uncons' or 'Data.Maybe.listToMaybe' instead. Consider refactoring to use "Data.List.NonEmpty"."
    |
283 |         allFields = commas $ [pk $ head cols] ++ map integer (tail cols)
    |                                    ^^^^

Test/Test.hs:283:63: warning: [GHC-63394] [-Wx-partial]
    In the use of ‘tail’
    (imported from Prelude, but defined in GHC.Internal.List):
    "This is a partial function, it throws an error on empty lists. Replace it with 'drop' 1, or use pattern matching or 'GHC.Internal.Data.List.uncons' instead. Consider refactoring to use "Data.List.NonEmpty"."
    |
283 |         allFields = commas $ [pk $ head cols] ++ map integer (tail cols)
    |                                                               ^^^^

Test/Test.hs:548:9: warning: [GHC-62161] [-Wincomplete-uni-patterns]
    Pattern match(es) are non-exhaustive
    In a lambda abstraction:
        Patterns of type ‘[Json.Value]’ not matched: []
    |
548 |       ( \((res : _) :: [Json.Value]) ->
    |         ^^^^^^^^^^^^^^^^^^^^^^^^^^^^^^^...

Test/Test.hs:565:9: warning: [GHC-62161] [-Wincomplete-uni-patterns]
    Pattern match(es) are non-exhaustive
    In a lambda abstraction:
        Patterns of type ‘[SBS.ByteString]’ not matched: []
    |
565 |       ( \((res : _) :: [SBS.ByteString]) ->
    |         ^^^^^^^^^^^^^^^^^^^^^^^^^^^^^^^^^^^...

Test/Test.hs:582:9: warning: [GHC-62161] [-Wincomplete-uni-patterns]
    Pattern match(es) are non-exhaustive
    In a lambda abstraction:
        Patterns of type ‘[Json.Value]’ not matched: []
    |
582 |       ( \((res : _) :: [Json.Value]) ->
    |         ^^^^^^^^^^^^^^^^^^^^^^^^^^^^^^^...

Test/Test.hs:607:11: warning: [GHC-63394] [-Wx-partial]
    In the use of ‘head’
    (imported from Prelude, but defined in GHC.Internal.List):
    "This is a partial function, it throws an error on empty lists. Use pattern matching, 'Data.List.uncons' or 'Data.Maybe.listToMaybe' instead. Consider refactoring to use "Data.List.NonEmpty"."
    |
607 |           head (map snd table6data))]
    |           ^^^^

Test/Test.hs:880:1: warning: [GHC-38417] [-Wmissing-signatures]
    Top-level binding with no type signature:
      recursive :: Select (Field O.SqlInt4, Field O.SqlInt4)
    |
880 | recursive = O.withRecursive table1Q $ \(n, x) -> do
    | ^^^^^^^^^

Test/Test.hs:913:8: warning: [GHC-68441] [-Wdeprecations]
    In the use of ‘runUpdate_’
    (imported from Opaleye, but defined in Opaleye.Manipulation):
    Deprecated: "Use 'runUpdate' instead.  Will be removed in 0.11."
    |
913 |   _ <- O.runUpdate_ conn O.Update { O.uTable = table4
    |        ^^^^^^^^^^^^

Test/Test.hs:920:8: warning: [GHC-68441] [-Wdeprecations]
    In the use of ‘runDelete_’
    (imported from Opaleye, but defined in Opaleye.Manipulation):
    Deprecated: "Use 'runDelete' instead.  Will be removed in 0.11."
    |
920 |   _ <- O.runDelete_ conn O.Delete { O.dTable = table4
    |        ^^^^^^^^^^^^

Test/Test.hs:926:15: warning: [GHC-68441] [-Wdeprecations]
    In the use of ‘runInsert_’
    (imported from Opaleye, but defined in Opaleye.Manipulation):
    Deprecated: "Use 'runInsert' instead.  Will be removed in 0.11."
    |
926 |   returned <- O.runInsert_ conn O.Insert { O.iTable = table4
    |               ^^^^^^^^^^^^

Test/Test.hs:930:8: warning: [GHC-68441] [-Wdeprecations]
    In the use of ‘runInsert_’
    (imported from Opaleye, but defined in Opaleye.Manipulation):
    Deprecated: "Use 'runInsert' instead.  Will be removed in 0.11."
    |
930 |   _ <- O.runInsert_ conn O.Insert { O.iTable = table4
    |        ^^^^^^^^^^^^

Test/Test.hs:963:13: warning: [GHC-68441] [-Wdeprecations]
    In the use of ‘runDelete_’
    (imported from Opaleye, but defined in Opaleye.Manipulation):
    Deprecated: "Use 'runDelete' instead.  Will be removed in 0.11."
    |
963 |   result <- O.runDelete_ conn delete
    |             ^^^^^^^^^^^^

Test/Test.hs:964:8: warning: [GHC-68441] [-Wdeprecations]
    In the use of ‘runInsert_’
    (imported from Opaleye, but defined in Opaleye.Manipulation):
    Deprecated: "Use 'runInsert' instead.  Will be removed in 0.11."
    |
964 |   _ <- O.runInsert_ conn O.Insert { O.iTable = table4
    |        ^^^^^^^^^^^^

Test/Test.hs:978:8: warning: [GHC-68441] [-Wdeprecations]
    In the use of ‘runDelete_’
    (imported from Opaleye, but defined in Opaleye.Manipulation):
    Deprecated: "Use 'runDelete' instead.  Will be removed in 0.11."
    |
978 |   _ <- O.runDelete_ conn O.Delete { O.dTable = table10
    |        ^^^^^^^^^^^^

Test/Test.hs:981:15: warning: [GHC-68441] [-Wdeprecations]
    In the use of ‘runInsert_’
    (imported from Opaleye, but defined in Opaleye.Manipulation):
    Deprecated: "Use 'runInsert' instead.  Will be removed in 0.11."
    |
981 |   returned <- O.runInsert_ conn O.Insert { O.iTable = table10
    |               ^^^^^^^^^^^^

Test/Test.hs:985:13: warning: [GHC-68441] [-Wdeprecations]
    In the use of ‘runInsert_’
    (imported from Opaleye, but defined in Opaleye.Manipulation):
    Deprecated: "Use 'runInsert' instead.  Will be removed in 0.11."
    |
985 |   extras <- O.runInsert_ conn O.Insert { O.iTable = table10
    |             ^^^^^^^^^^^^

Test/Test.hs:989:17: warning: [GHC-68441] [-Wdeprecations]
    In the use of ‘runInsert_’
    (imported from Opaleye, but defined in Opaleye.Manipulation):
    Deprecated: "Use 'runInsert' instead.  Will be removed in 0.11."
    |
989 |   moreExtras <- O.runInsert_ conn O.Insert { O.iTable = table10
    |                 ^^^^^^^^^^^^

Test/Test.hs:999:3: warning: [GHC-68441] [-Wdeprecations]
    In the use of ‘runInsert_’
    (imported from Opaleye, but defined in Opaleye.Manipulation):
    Deprecated: "Use 'runInsert' instead.  Will be removed in 0.11."
    |
999 |   O.runInsert_ conn O.Insert { O.iTable = table10
    |   ^^^^^^^^^^^^

Test/Test.hs:1049:11: warning: [GHC-68441] [-Wdeprecations]
    In the use of ‘runInsert_’
    (imported from Opaleye, but defined in Opaleye.Manipulation):
    Deprecated: "Use 'runInsert' instead.  Will be removed in 0.11."
     |
1049 |           O.runInsert_ conn O.Insert { O.iTable = table
     |           ^^^^^^^^^^^^

Test/Test.hs:1566:11: warning: [GHC-68441] [-Wdeprecations]
    In the use of ‘runInsert_’
    (imported from Opaleye, but defined in Opaleye.Manipulation):
    Deprecated: "Use 'runInsert' instead.  Will be removed in 0.11."
     |
1566 |      _ <- O.runInsert_ conn O.Insert { O.iTable = t
     |           ^^^^^^^^^^^^

[9 of 9] Linking dist-newstyle/build/x86_64-linux/ghc-9.10.2/opaleye-0.10.7.0/t/test/build/test/test
