Resolving dependencies...
Build profile: -w ghc-9.10.2 -O1
In order, the following will be built (use -v for more details):
 - language-docker-14.0.1 (lib) (first run)
 - language-docker-14.0.1 (test:hspec) (first run)
Configuring library for language-docker-14.0.1...
Preprocessing library for language-docker-14.0.1...
Building library for language-docker-14.0.1...
[ 1 of 17] Compiling Language.Docker.Parser.Prelude
[ 2 of 17] Compiling Language.Docker.Syntax.Protocol
[ 3 of 17] Compiling Language.Docker.Syntax.Port
[ 4 of 17] Compiling Language.Docker.Syntax.PortRange
[ 5 of 17] Compiling Language.Docker.Syntax
src/Language/Docker/Syntax.hs:45:32: warning: [GHC-63394] [-Wx-partial]
    In the use of ‘head’
    (imported from Prelude, but defined in GHC.Internal.List):
    "This is a partial function, it throws an error on empty lists. Use pattern matching, 'Data.List.uncons' or 'Data.Maybe.listToMaybe' instead. Consider refactoring to use "Data.List.NonEmpty"."
   |
45 |          in if "." `isInfixOf` head parts
   |                                ^^^^

src/Language/Docker/Syntax.hs:48:47: warning: [GHC-63394] [-Wx-partial]
    In the use of ‘head’
    (imported from Prelude, but defined in GHC.Internal.List):
    "This is a partial function, it throws an error on empty lists. Use pattern matching, 'Data.List.uncons' or 'Data.Maybe.listToMaybe' instead. Consider refactoring to use "Data.List.NonEmpty"."
   |
48 |                   (Just (Registry (Text.pack (head parts))))
   |                                               ^^^^

src/Language/Docker/Syntax.hs:49:50: warning: [GHC-63394] [-Wx-partial]
    In the use of ‘tail’
    (imported from Prelude, but defined in GHC.Internal.List):
    "This is a partial function, it throws an error on empty lists. Replace it with 'drop' 1, or use pattern matching or 'GHC.Internal.Data.List.uncons' instead. Consider refactoring to use "Data.List.NonEmpty"."
   |
49 |                   (Text.pack . intercalate "/" $ tail parts)
   |                                                  ^^^^

[ 6 of 17] Compiling Language.Docker.PrettyPrint
[ 7 of 17] Compiling Language.Docker.Parser.Pairs
[ 8 of 17] Compiling Language.Docker.Parser.From
[ 9 of 17] Compiling Language.Docker.Parser.Expose
[10 of 17] Compiling Language.Docker.Parser.Copy
[11 of 17] Compiling Language.Docker.Parser.Arguments
[12 of 17] Compiling Language.Docker.Parser.Run
[13 of 17] Compiling Language.Docker.Parser.Cmd
[14 of 17] Compiling Language.Docker.Parser.Healthcheck
[15 of 17] Compiling Language.Docker.Parser.Instruction
[16 of 17] Compiling Language.Docker.Parser
[17 of 17] Compiling Language.Docker
Configuring test suite 'hspec' for language-docker-14.0.1...
Preprocessing test suite 'hspec' for language-docker-14.0.1...
Building test suite 'hspec' for language-docker-14.0.1...
[ 1 of 12] Compiling Language.Docker.IntegrationSpec
[ 2 of 12] Compiling Language.Docker.PrettyPrintSpec
[ 3 of 12] Compiling TestHelper
[ 4 of 12] Compiling Language.Docker.ParserSpec
[ 5 of 12] Compiling Language.Docker.ParseRunSpec
[ 6 of 12] Compiling Language.Docker.ParsePragmaSpec
[ 7 of 12] Compiling Language.Docker.ParseHealthcheckSpec
test/Language/Docker/ParseHealthcheckSpec.hs:3:1: warning: [GHC-66111] [-Wunused-imports]
    The import of ‘Data.Default.Class’ is redundant
      except perhaps to import instances from ‘Data.Default.Class’
    To import instances alone, use: import Data.Default.Class()
  |
3 | import Data.Default.Class (def)
  | ^^^^^^^^^^^^^^^^^^^^^^^^^^^^^^^

test/Language/Docker/ParseHealthcheckSpec.hs:7:1: warning: [GHC-66111] [-Wunused-imports]
    The qualified import of ‘Data.Set’ is redundant
      except perhaps to import instances from ‘Data.Set’
    To import instances alone, use: import Data.Set()
  |
7 | import qualified Data.Set as Set
  | ^^^^^^^^^^^^^^^^^^^^^^^^^^^^^^^^

[ 8 of 12] Compiling Language.Docker.ParseExposeSpec
test/Language/Docker/ParseExposeSpec.hs:3:1: warning: [GHC-66111] [-Wunused-imports]
    The import of ‘Data.Default.Class’ is redundant
      except perhaps to import instances from ‘Data.Default.Class’
    To import instances alone, use: import Data.Default.Class()
  |
3 | import Data.Default.Class (def)
  | ^^^^^^^^^^^^^^^^^^^^^^^^^^^^^^^

test/Language/Docker/ParseExposeSpec.hs:4:1: warning: [GHC-66111] [-Wunused-imports]
    The qualified import of ‘Data.Text’ is redundant
      except perhaps to import instances from ‘Data.Text’
    To import instances alone, use: import Data.Text()
  |
4 | import qualified Data.Text as Text
  | ^^^^^^^^^^^^^^^^^^^^^^^^^^^^^^^^^^

[ 9 of 12] Compiling Language.Docker.ParseCopySpec
[10 of 12] Compiling Language.Docker.ParseCmdSpec
[11 of 12] Compiling Language.Docker.ParseAddSpec
[12 of 12] Compiling Main
[13 of 13] Linking dist-newstyle/build/x86_64-linux/ghc-9.10.2/language-docker-14.0.1/t/hspec/build/hspec/hspec
