Resolving dependencies...
Build profile: -w ghc-9.10.2 -O1
In order, the following will be built (use -v for more details):
 - cabal-install-parsers-0.6.2 (lib) (first run)
 - cabal-install-parsers-0.6.2 (test:cabal-parsers-index) (first run)
 - cabal-install-parsers-0.6.2 (test:cabal-parsers-golden) (first run)
Configuring library for cabal-install-parsers-0.6.2...
Preprocessing library for cabal-install-parsers-0.6.2...
Building library for cabal-install-parsers-0.6.2...
[1 of 9] Compiling Cabal.Internal.Glob
[2 of 9] Compiling Cabal.Internal.Newtypes
[3 of 9] Compiling Cabal.Optimization
[4 of 9] Compiling Cabal.Parse
[5 of 9] Compiling Cabal.Package
[6 of 9] Compiling Cabal.Config
[7 of 9] Compiling Cabal.Index
[8 of 9] Compiling Cabal.SourceRepo
[9 of 9] Compiling Cabal.Project
Configuring test suite 'cabal-parsers-index' for cabal-install-parsers-0.6.2...
Preprocessing test suite 'cabal-parsers-index' for cabal-install-parsers-0.6.2...
Building test suite 'cabal-parsers-index' for cabal-install-parsers-0.6.2...
[1 of 1] Compiling Main
[2 of 2] Linking dist-newstyle/build/x86_64-linux/ghc-9.10.2/cabal-install-parsers-0.6.2/t/cabal-parsers-index/build/cabal-parsers-index/cabal-parsers-index
Configuring test suite 'cabal-parsers-golden' for cabal-install-parsers-0.6.2...
Preprocessing test suite 'cabal-parsers-golden' for cabal-install-parsers-0.6.2...
Building test suite 'cabal-parsers-golden' for cabal-install-parsers-0.6.2...
[1 of 1] Compiling Main
[2 of 2] Linking dist-newstyle/build/x86_64-linux/ghc-9.10.2/cabal-install-parsers-0.6.2/t/cabal-parsers-golden/build/cabal-parsers-golden/cabal-parsers-golden
