Resolving dependencies...
Build profile: -w ghc-9.10.2 -O1
In order, the following will be built (use -v for more details):
 - hspec-discover-2.11.12 (lib) (first run)
 - hspec-discover-2.11.12 (test:spec) (first run)
 - hspec-discover-2.11.12 (exe:hspec-discover) (first run)
Configuring library for hspec-discover-2.11.12...
Preprocessing library for hspec-discover-2.11.12...
Building library for hspec-discover-2.11.12...
[1 of 4] Compiling Paths_hspec_discover
[2 of 4] Compiling Test.Hspec.Discover.Config
[3 of 4] Compiling Test.Hspec.Discover.Sort
[4 of 4] Compiling Test.Hspec.Discover.Run
Configuring test suite 'spec' for hspec-discover-2.11.12...
Preprocessing test suite 'spec' for hspec-discover-2.11.12...
Building test suite 'spec' for hspec-discover-2.11.12...
[1 of 6] Compiling Helper
[2 of 6] Compiling Paths_hspec_discover
[3 of 6] Compiling Test.Hspec.Discover.ConfigSpec
[4 of 6] Compiling Test.Hspec.Discover.RunSpec
[5 of 6] Compiling Test.Hspec.Discover.SortSpec
[6 of 6] Compiling Main
[7 of 7] Linking dist-newstyle/build/x86_64-linux/ghc-9.10.2/hspec-discover-2.11.12/t/spec/build/spec/spec
Configuring executable 'hspec-discover' for hspec-discover-2.11.12...
Preprocessing executable 'hspec-discover' for hspec-discover-2.11.12...
Building executable 'hspec-discover' for hspec-discover-2.11.12...
[1 of 2] Compiling Main
[2 of 2] Compiling Paths_hspec_discover
[3 of 3] Linking dist-newstyle/build/x86_64-linux/ghc-9.10.2/hspec-discover-2.11.12/x/hspec-discover/build/hspec-discover/hspec-discover
