Warning: The package description file ./executable-path.cabal has warnings:
executable-path.cabal:28:36: version operators used. To use version operators
the package needs to specify at least 'cabal-version: >= 1.8'.
Warning: The package description file
/tmp/workdir-executable-path/executable-path-0.0.3.1/executable-path.cabal has
warnings:
/tmp/workdir-executable-path/executable-path-0.0.3.1/executable-path.cabal:28:36:
version operators used. To use version operators the package needs to specify
at least 'cabal-version: >= 1.8'.
Resolving dependencies...
Build profile: -w ghc-9.10.2 -O1
In order, the following will be built (use -v for more details):
 - executable-path-0.0.3.1 (lib:executable-path) (first run)
Warning: executable-path.cabal:28:36: version operators used. To use version
operators the package needs to specify at least 'cabal-version: >= 1.8'.
Configuring executable-path-0.0.3.1...
Preprocessing library for executable-path-0.0.3.1...
Building library for executable-path-0.0.3.1...
[1 of 2] Compiling System.Environment.Executable.Linux
[2 of 2] Compiling System.Environment.Executable
