Resolving dependencies...
Build profile: -w ghc-9.10.2 -O1
In order, the following will be built (use -v for more details):
 - dependent-map-0.4.0.0 (lib:dependent-map) (first run)
Warning: dependent-map.cabal:41:39: version operators used. To use version
operators the package needs to specify at least 'cabal-version: >= 1.8'.
Warning: dependent-map.cabal:42:49: version operators used. To use version
operators the package needs to specify at least 'cabal-version: >= 1.8'.
Warning: dependent-map.cabal:43:50: version operators used. To use version
operators the package needs to specify at least 'cabal-version: >= 1.8'.
Warning: dependent-map.cabal:44:57: version operators used. To use version
operators the package needs to specify at least 'cabal-version: >= 1.8'.
Configuring dependent-map-0.4.0.0...
Preprocessing library for dependent-map-0.4.0.0...
Building library for dependent-map-0.4.0.0...
[1 of 4] Compiling Data.Dependent.Map.Internal
[2 of 4] Compiling Data.Dependent.Map.PtrEquality
[3 of 4] Compiling Data.Dependent.Map
src/Data/Dependent/Map.hs:167:5: warning: [GHC-50928] [-Wnoncanonical-monoid-instances]
    Noncanonical ‘mappend’ definition detected
    in the instance declaration for ‘Monoid (DMap k f)’.
    ‘mappend’ will eventually be removed in favour of ‘(<>)’
    Suggested fix:
      Either remove definition for ‘mappend’ (recommended) or define as ‘mappend = (<>)’
      See also: https://gitlab.haskell.org/ghc/ghc/-/wikis/proposal/semigroup-monoid
    |
167 |     mappend = union
    |     ^^^^^^^^^^^^^^^

src/Data/Dependent/Map.hs:171:3: warning: [GHC-50928] [-Wnoncanonical-monoid-instances]
    Noncanonical ‘(<>) = mappend’ definition detected
    in the instance declaration for ‘Semigroup (DMap k f)’.
    Suggested fix:
      Move definition from ‘mappend’ to ‘(<>)’
      See also: https://gitlab.haskell.org/ghc/ghc/-/wikis/proposal/semigroup-monoid
    |
171 |   (<>) = mappend
    |   ^^^^^^^^^^^^^^

src/Data/Dependent/Map.hs:1241:42: warning: [GHC-63394] [-Wx-partial]
    In the use of ‘tail’
    (imported from Prelude, but defined in GHC.Internal.List):
    "This is a partial function, it throws an error on empty lists. Replace it with 'drop' 1, or use pattern matching or 'GHC.Internal.Data.List.uncons' instead. Consider refactoring to use "Data.List.NonEmpty"."
     |
1241 |       _  -> showString (concat (reverse (tail bars))) . showString node
     |                                          ^^^^

[4 of 4] Compiling Data.Dependent.Map.Lens
