Resolving dependencies...
Build profile: -w ghc-9.10.2 -O1
In order, the following will be built (use -v for more details):
 - gogol-identity-toolkit-1.0.0 (lib) (first run)
Configuring library for gogol-identity-toolkit-1.0.0...
Warning: [git-protocol] Cloning over git:// might lead to an arbitrary code
execution vulnerability. Furthermore, popular forges like GitHub do not
support it. Use https:// or ssh:// instead.
Preprocessing library for gogol-identity-toolkit-1.0.0...
Building library for gogol-identity-toolkit-1.0.0...
[ 1 of 24] Compiling Gogol.IdentityToolkit.Internal.Sum
[ 2 of 24] Compiling Gogol.IdentityToolkit.Internal.Product
[ 3 of 24] Compiling Gogol.IdentityToolkit.Types
[ 4 of 24] Compiling Gogol.IdentityToolkit.Relyingparty.VerifyPhoneNumber
[ 5 of 24] Compiling Gogol.IdentityToolkit.Relyingparty.VerifyPassword
[ 6 of 24] Compiling Gogol.IdentityToolkit.Relyingparty.VerifyCustomToken
[ 7 of 24] Compiling Gogol.IdentityToolkit.Relyingparty.VerifyAssertion
[ 8 of 24] Compiling Gogol.IdentityToolkit.Relyingparty.UploadAccount
[ 9 of 24] Compiling Gogol.IdentityToolkit.Relyingparty.SignupNewUser
[10 of 24] Compiling Gogol.IdentityToolkit.Relyingparty.SignOutUser
[11 of 24] Compiling Gogol.IdentityToolkit.Relyingparty.SetProjectConfig
[12 of 24] Compiling Gogol.IdentityToolkit.Relyingparty.SetAccountInfo
[13 of 24] Compiling Gogol.IdentityToolkit.Relyingparty.SendVerificationCode
[14 of 24] Compiling Gogol.IdentityToolkit.Relyingparty.ResetPassword
[15 of 24] Compiling Gogol.IdentityToolkit.Relyingparty.GetRecaptchaParam
[16 of 24] Compiling Gogol.IdentityToolkit.Relyingparty.GetPublicKeys
[17 of 24] Compiling Gogol.IdentityToolkit.Relyingparty.GetProjectConfig
[18 of 24] Compiling Gogol.IdentityToolkit.Relyingparty.GetOobConfirmationCode
[19 of 24] Compiling Gogol.IdentityToolkit.Relyingparty.GetAccountInfo
[20 of 24] Compiling Gogol.IdentityToolkit.Relyingparty.EmailLinkSignin
[21 of 24] Compiling Gogol.IdentityToolkit.Relyingparty.DownloadAccount
[22 of 24] Compiling Gogol.IdentityToolkit.Relyingparty.DeleteAccount
[23 of 24] Compiling Gogol.IdentityToolkit.Relyingparty.CreateAuthUri
[24 of 24] Compiling Gogol.IdentityToolkit
