Resolving dependencies...
Build profile: -w ghc-9.10.2 -O1
In order, the following will be built (use -v for more details):
 - citeproc-0.9.0.1 (lib) (first run)
 - citeproc-0.9.0.1 (test:spec) (first run)
Configuring library for citeproc-0.9.0.1...
Preprocessing library for citeproc-0.9.0.1...
Building library for citeproc-0.9.0.1...
[ 1 of 11] Compiling Citeproc.Data
[ 2 of 11] Compiling Citeproc.Unicode
[ 3 of 11] Compiling Citeproc.Types
[ 4 of 11] Compiling Citeproc.Element
[ 5 of 11] Compiling Citeproc.Locale
[ 6 of 11] Compiling Citeproc.Style
[ 7 of 11] Compiling Citeproc.Eval
src/Citeproc/Eval.hs:21:63: warning: [GHC-38856] [-Wunused-imports]
    The import of ‘foldl'’ from module ‘Data.List’ is redundant
   |
21 | import Data.List (find, intersperse, sortBy, sortOn, groupBy, foldl', transpose,
   |                                                               ^^^^^^

[ 8 of 11] Compiling Citeproc
[ 9 of 11] Compiling Citeproc.CaseTransform
[10 of 11] Compiling Citeproc.Pandoc
[11 of 11] Compiling Citeproc.CslJson
Configuring test suite 'spec' for citeproc-0.9.0.1...
Preprocessing test suite 'spec' for citeproc-0.9.0.1...
Building test suite 'spec' for citeproc-0.9.0.1...
[1 of 1] Compiling Main
test/Spec.hs:21:19: warning: [GHC-38856] [-Wunused-imports]
    The import of ‘foldl'’ from module ‘Data.List’ is redundant
   |
21 | import Data.List (foldl', isInfixOf, intersperse, sortOn, sort)
   |                   ^^^^^^

[2 of 2] Linking dist-newstyle/build/x86_64-linux/ghc-9.10.2/citeproc-0.9.0.1/t/spec/build/spec/spec
