Resolving dependencies...
Build profile: -w ghc-9.10.2 -O1
In order, the following will be built (use -v for more details):
 - witch-1.3.0.6 (lib) (first run)
 - witch-1.3.0.6 (test:witch-test-suite) (first run)
Configuring library for witch-1.3.0.6...
Preprocessing library for witch-1.3.0.6...
Building library for witch-1.3.0.6...
[1 of 9] Compiling Witch.Encoding
[2 of 9] Compiling Witch.From
[3 of 9] Compiling Witch.Generic
[4 of 9] Compiling Witch.TryFromException
[5 of 9] Compiling Witch.TryFrom
[6 of 9] Compiling Witch.Utility
[7 of 9] Compiling Witch.Lift
[8 of 9] Compiling Witch.Instances
[9 of 9] Compiling Witch
Configuring test suite 'witch-test-suite' for witch-1.3.0.6...
Preprocessing test suite 'witch-test-suite' for witch-1.3.0.6...
Building test suite 'witch-test-suite' for witch-1.3.0.6...
[1 of 1] Compiling Main
[2 of 2] Linking dist-newstyle/build/x86_64-linux/ghc-9.10.2/witch-1.3.0.6/t/witch-test-suite/build/witch-test-suite/witch-test-suite
