Build profile: -w ghc-9.6.5 -O1
In order, the following will be built (use -v for more details):
 - avro-0.6.1.2 (lib) (first run)
 - avro-0.6.1.2 (test:test) (first run)
 - avro-0.6.1.2 (test:doctest) (first run)
Configuring library for avro-0.6.1.2...
Preprocessing library for avro-0.6.1.2...
Building library for avro-0.6.1.2...
[ 1 of 21] Compiling Data.Avro.Codec
[ 2 of 21] Compiling Data.Avro.Internal.Time
[ 3 of 21] Compiling Data.Avro.Internal.Zag
[ 4 of 21] Compiling Data.Avro.Internal.DecodeRaw
[ 5 of 21] Compiling Data.Avro.Internal.Get
[ 6 of 21] Compiling Data.Avro.Internal.Zig
[ 7 of 21] Compiling Data.Avro.Internal.EncodeRaw
[ 8 of 21] Compiling Data.Avro.Schema.Decimal
[ 9 of 21] Compiling Data.Avro.Schema.Schema
[10 of 21] Compiling Data.Avro.Schema.ReadSchema
[11 of 21] Compiling Data.Avro.Schema.Deconflict
[12 of 21] Compiling Data.Avro.HasAvroSchema
[13 of 21] Compiling Data.Avro.JSON
[14 of 21] Compiling Data.Avro.Encoding.ToAvro
[15 of 21] Compiling Data.Avro.Internal.Container
[16 of 21] Compiling Data.Avro.Encoding.FromAvro
[17 of 21] Compiling Data.Avro.Deriving.NormSchema
[18 of 21] Compiling Data.Avro.Deriving.Lift
[19 of 21] Compiling Data.Avro
[20 of 21] Compiling Data.Avro.EitherN
[21 of 21] Compiling Data.Avro.Deriving
Configuring test suite 'test' for avro-0.6.1.2...
Preprocessing test suite 'test' for avro-0.6.1.2...
Building test suite 'test' for avro-0.6.1.2...
[ 1 of 55] Compiling Avro.Codec.CodecRawSpec
[ 2 of 55] Compiling Avro.Codec.ZigZagSpec
[ 3 of 55] Compiling Avro.Data.Deconflict.Read
[ 4 of 55] Compiling Avro.Data.Deconflict.Write
[ 5 of 55] Compiling Avro.Data.Endpoint
[ 6 of 55] Compiling Avro.Data.Enums
[ 7 of 55] Compiling Avro.Data.FixedTypes
[ 8 of 55] Compiling Avro.Data.Karma
[ 9 of 55] Compiling Avro.Data.Logical
[10 of 55] Compiling Avro.Data.Maybe
[11 of 55] Compiling Avro.Data.Recursive
[12 of 55] Compiling Avro.Data.Reused
[13 of 55] Compiling Avro.Data.TwoBits
[14 of 55] Compiling Avro.Data.Unions
[15 of 55] Compiling Avro.Decode.RawBlocksSpec
[16 of 55] Compiling Avro.Decode.RawValuesSpec
[17 of 55] Compiling Avro.Deconflict.A.Reader
[18 of 55] Compiling Avro.Deconflict.A.Writer
[19 of 55] Compiling Avro.Deconflict.B.Reader
[20 of 55] Compiling Avro.Deconflict.B.Writer
[21 of 55] Compiling Avro.Deconflict.C.Reader
[22 of 55] Compiling Avro.Deconflict.C.Writer
[23 of 55] Compiling Avro.Deconflict.D.Reader
[24 of 55] Compiling Avro.Deconflict.D.Writer
[25 of 55] Compiling Avro.Deconflict.Unions.Reader
[26 of 55] Compiling Avro.Deconflict.Unions.Writer
[27 of 55] Compiling Avro.EncodeRawSpec
[28 of 55] Compiling Avro.Encoding.DeconflictSpec
[29 of 55] Compiling Avro.Encoding.LogicalTypesSpec
[30 of 55] Compiling Avro.Gen.Schema
[31 of 55] Compiling Avro.NormSchemaSpec
[32 of 55] Compiling Avro.SchemaSpec
[33 of 55] Compiling Avro.TestUtils
[34 of 55] Compiling Avro.THReusedSpec
[35 of 55] Compiling Avro.THEnumSpec
[36 of 55] Compiling Avro.ReuseFixedSpec
[37 of 55] Compiling Avro.RecursiveSpec
[38 of 55] Compiling Avro.ManualSpec
[39 of 55] Compiling Avro.Encoding.ContainerSpec
[40 of 55] Compiling Avro.DefaultsSpec
[41 of 55] Compiling Avro.Decode.ContainerSpec
[42 of 55] Compiling Avro.Codec.TextSpec
[43 of 55] Compiling Avro.Codec.NullSpec
[44 of 55] Compiling Avro.Codec.NestedSpec
[45 of 55] Compiling Avro.Codec.MaybeSpec
[46 of 55] Compiling Avro.Codec.Int64Spec
[47 of 55] Compiling Avro.Codec.FloatSpec
[48 of 55] Compiling Avro.Codec.DoubleSpec
[49 of 55] Compiling Avro.Codec.BoolSpec
[50 of 55] Compiling Avro.Codec.ArraySpec
[51 of 55] Compiling Avro.ToAvroSpec
[52 of 55] Compiling Paths_avro
[53 of 55] Compiling Avro.NamespaceSpec
[54 of 55] Compiling Avro.JSONSpec
[55 of 55] Compiling Main
[56 of 56] Linking /tmp/workdir-avro/avro-0.6.1.2/dist-newstyle/build/x86_64-linux/ghc-9.6.5/avro-0.6.1.2/t/test/build/test/test
Configuring test suite 'doctest' for avro-0.6.1.2...
Preprocessing test suite 'doctest' for avro-0.6.1.2...
Building test suite 'doctest' for avro-0.6.1.2...
[1 of 1] Compiling Main
[2 of 2] Linking /tmp/workdir-avro/avro-0.6.1.2/dist-newstyle/build/x86_64-linux/ghc-9.6.5/avro-0.6.1.2/t/doctest/build/doctest/doctest
