Resolving dependencies...
Build profile: -w ghc-9.10.2 -O1
In order, the following will be built (use -v for more details):
 - prettychart-0.3.0.2 (lib) (first run)
 - prettychart-0.3.0.2 (test:doctests) (first run)
 - prettychart-0.3.0.2 (exe:prettychart-watch) (first run)
Configuring library for prettychart-0.3.0.2...
Preprocessing library for prettychart-0.3.0.2...
Building library for prettychart-0.3.0.2...
[1 of 4] Compiling Prettychart.Charts
src/Prettychart/Charts.hs:46:1: warning: [GHC-66111] [-Wunused-imports]
    The import of ‘Data.Foldable’ is redundant
      except perhaps to import instances from ‘Data.Foldable’
    To import instances alone, use: import Data.Foldable()
   |
46 | import Data.Foldable
   | ^^^^^^^^^^^^^^^^^^^^

[2 of 4] Compiling Prettychart.Any
[3 of 4] Compiling Prettychart.Server
[4 of 4] Compiling Prettychart
Configuring test suite 'doctests' for prettychart-0.3.0.2...
Preprocessing test suite 'doctests' for prettychart-0.3.0.2...
Building test suite 'doctests' for prettychart-0.3.0.2...
[1 of 1] Compiling Main
[2 of 2] Linking dist-newstyle/build/x86_64-linux/ghc-9.10.2/prettychart-0.3.0.2/t/doctests/build/doctests/doctests
Configuring executable 'prettychart-watch' for prettychart-0.3.0.2...
Preprocessing executable 'prettychart-watch' for prettychart-0.3.0.2...
Building executable 'prettychart-watch' for prettychart-0.3.0.2...
[1 of 1] Compiling Main
[1 of 2] Compiling Main
[2 of 2] Linking dist-newstyle/build/x86_64-linux/ghc-9.10.2/prettychart-0.3.0.2/x/prettychart-watch/build/prettychart-watch/prettychart-watch
