Resolving dependencies...
Build profile: -w ghc-9.10.2 -O1
In order, the following will be built (use -v for more details):
 - hetero-parameter-list-0.1.0.21 (lib) (first run)
 - hetero-parameter-list-0.1.0.21 (test:hetero-parameter-list-test) (first run)
Configuring library for hetero-parameter-list-0.1.0.21...
Preprocessing library for hetero-parameter-list-0.1.0.21...
Building library for hetero-parameter-list-0.1.0.21...
[1 of 3] Compiling Data.HeteroParList
src/Data/HeteroParList.hs:258:1: warning: [GHC-40910] [-Wunused-top-binds]
    Defined but not used: ‘zipList’
    |
258 | zipList _ Nil Nil = []
    | ^^^^^^^

src/Data/HeteroParList.hs:263:1: warning: [GHC-40910] [-Wunused-top-binds]
    Defined but not used: ‘zipList2’
    |
263 | zipList2 f = zipList $ zipList f
    | ^^^^^^^^

src/Data/HeteroParList.hs:267:1: warning: [GHC-40910] [-Wunused-top-binds]
    Defined but not used: ‘zipList3’
    |
267 | zipList3 f = zipList $ zipList2 f
    | ^^^^^^^^

src/Data/HeteroParList.hs:272:1: warning: [GHC-40910] [-Wunused-top-binds]
    Defined but not used: ‘zipListM’
    |
272 | zipListM _ Nil Nil = pure []
    | ^^^^^^^^

src/Data/HeteroParList.hs:278:1: warning: [GHC-40910] [-Wunused-top-binds]
    Defined but not used: ‘zipListM2’
    |
278 | zipListM2 f = zipListM $ zipListM f
    | ^^^^^^^^^

src/Data/HeteroParList.hs:283:1: warning: [GHC-40910] [-Wunused-top-binds]
    Defined but not used: ‘zipListM3’
    |
283 | zipListM3 f = zipListM $ zipListM2 f
    | ^^^^^^^^^

src/Data/HeteroParList.hs:288:1: warning: [GHC-40910] [-Wunused-top-binds]
    Defined but not used: ‘zipListM_’
    |
288 | zipListM_ _ Nil Nil = pure ()
    | ^^^^^^^^^

src/Data/HeteroParList.hs:294:1: warning: [GHC-40910] [-Wunused-top-binds]
    Defined but not used: ‘zipListM2_’
    |
294 | zipListM2_ f = zipListM_ $ zipListM_ f
    | ^^^^^^^^^^

src/Data/HeteroParList.hs:299:1: warning: [GHC-40910] [-Wunused-top-binds]
    Defined but not used: ‘zipListM3_’
    |
299 | zipListM3_ f = zipListM_ $ zipListM2_ f
    | ^^^^^^^^^^

[2 of 3] Compiling Data.HeteroParList.Constrained
src/Data/HeteroParList/Constrained.hs:1:1: warning: [GHC-85401] [-Wmissing-export-lists]
    The export item ‘module Data.HeteroParList.Constrained’ is missing an export list
  |
1 | {-# LANGUAGE LambdaCase #-}
  | ^

[3 of 3] Compiling Paths_hetero_parameter_list
Configuring test suite 'hetero-parameter-list-test' for hetero-parameter-list-0.1.0.21...
Preprocessing test suite 'hetero-parameter-list-test' for hetero-parameter-list-0.1.0.21...
Building test suite 'hetero-parameter-list-test' for hetero-parameter-list-0.1.0.21...
[1 of 2] Compiling Main
[2 of 2] Compiling Paths_hetero_parameter_list
[3 of 3] Linking dist-newstyle/build/x86_64-linux/ghc-9.10.2/hetero-parameter-list-0.1.0.21/t/hetero-parameter-list-test/build/hetero-parameter-list-test/hetero-parameter-list-test
