Resolving dependencies...
Build profile: -w ghc-9.10.2 -O1
In order, the following will be built (use -v for more details):
 - pandoc-lua-engine-0.4.3 (lib) (first run)
 - pandoc-lua-engine-0.4.3 (test:test-pandoc-lua-engine) (first run)
Configuring library for pandoc-lua-engine-0.4.3...
Preprocessing library for pandoc-lua-engine-0.4.3...
Building library for pandoc-lua-engine-0.4.3...
[ 1 of 39] Compiling Text.Pandoc.Lua.Marshal.Chunks
[ 2 of 39] Compiling Text.Pandoc.Lua.Marshal.Context
[ 3 of 39] Compiling Text.Pandoc.Lua.Marshal.ImageSize
[ 4 of 39] Compiling Text.Pandoc.Lua.Marshal.LogMessage
[ 5 of 39] Compiling Text.Pandoc.Lua.Marshal.CommonState
[ 6 of 39] Compiling Text.Pandoc.Lua.Marshal.PandocError
[ 7 of 39] Compiling Text.Pandoc.Lua.Marshal.Reference
[ 8 of 39] Compiling Text.Pandoc.Lua.Marshal.Sources
[ 9 of 39] Compiling Text.Pandoc.Lua.Module.System
[10 of 39] Compiling Text.Pandoc.Lua.PandocLua
[11 of 39] Compiling Text.Pandoc.Lua.Module.Types
[12 of 39] Compiling Text.Pandoc.Lua.Module.Text
[13 of 39] Compiling Text.Pandoc.Lua.Module.JSON
[14 of 39] Compiling Text.Pandoc.Lua.Module.CLI
[15 of 39] Compiling Text.Pandoc.Lua.Marshal.Template
[16 of 39] Compiling Text.Pandoc.Lua.Module.Template
[17 of 39] Compiling Text.Pandoc.Lua.Marshal.Format
[18 of 39] Compiling Text.Pandoc.Lua.Module.Format
[19 of 39] Compiling Text.Pandoc.Lua.Marshal.WriterOptions
[20 of 39] Compiling Text.Pandoc.Lua.Module.Structure
[21 of 39] Compiling Text.Pandoc.Lua.Module.Image
[22 of 39] Compiling Text.Pandoc.Lua.Marshal.ReaderOptions
[23 of 39] Compiling Text.Pandoc.Lua.Orphans
[24 of 39] Compiling Text.Pandoc.Lua.Module.MediaBag
[25 of 39] Compiling Text.Pandoc.Lua.Global
[26 of 39] Compiling Text.Pandoc.Lua.Filter
[27 of 39] Compiling Text.Pandoc.Lua.Module.Utils
[28 of 39] Compiling Text.Pandoc.Lua.SourcePos
[29 of 39] Compiling Text.Pandoc.Lua.Module.Log
[30 of 39] Compiling Text.Pandoc.Lua.Writer.Classic
[31 of 39] Compiling Text.Pandoc.Lua.Module.Pandoc
[32 of 39] Compiling Text.Pandoc.Lua.Writer.Scaffolding
[33 of 39] Compiling Text.Pandoc.Lua.Module.Scaffolding
[34 of 39] Compiling Text.Pandoc.Lua.Module
[35 of 39] Compiling Text.Pandoc.Lua.Init
[36 of 39] Compiling Text.Pandoc.Lua.Run
[37 of 39] Compiling Text.Pandoc.Lua.Custom
[38 of 39] Compiling Text.Pandoc.Lua.Engine
[39 of 39] Compiling Text.Pandoc.Lua
Configuring test suite 'test-pandoc-lua-engine' for pandoc-lua-engine-0.4.3...
Preprocessing test suite 'test-pandoc-lua-engine' for pandoc-lua-engine-0.4.3...
Building test suite 'test-pandoc-lua-engine' for pandoc-lua-engine-0.4.3...
[1 of 5] Compiling Tests.Lua
[2 of 5] Compiling Tests.Lua.Module
[3 of 5] Compiling Tests.Lua.Reader
[4 of 5] Compiling Tests.Lua.Writer
[5 of 5] Compiling Main
[6 of 6] Linking /tmp/workdir-pandoc-lua-engine/pandoc-lua-engine-0.4.3/dist-newstyle/build/x86_64-linux/ghc-9.10.2/pandoc-lua-engine-0.4.3/t/test-pandoc-lua-engine/build/test-pandoc-lua-engine/test-pandoc-lua-engine
