Resolving dependencies...
Build profile: -w ghc-9.10.2 -O1
In order, the following will be built (use -v for more details):
 - hslua-objectorientation-2.3.1 (lib) (first run)
 - hslua-objectorientation-2.3.1 (test:test-hslua-objectorientation) (first run)
Configuring library for hslua-objectorientation-2.3.1...
Preprocessing library for hslua-objectorientation-2.3.1...
Building library for hslua-objectorientation-2.3.1...
[1 of 2] Compiling HsLua.ObjectOrientation.Operation
[2 of 2] Compiling HsLua.ObjectOrientation
Configuring test suite 'test-hslua-objectorientation' for hslua-objectorientation-2.3.1...
Preprocessing test suite 'test-hslua-objectorientation' for hslua-objectorientation-2.3.1...
Building test suite 'test-hslua-objectorientation' for hslua-objectorientation-2.3.1...
[1 of 2] Compiling HsLua.ObjectOrientationTests
test/HsLua/ObjectOrientationTests.hs:277:46: warning: [GHC-63394] [-Wx-partial]
    In the use of ‘tail’
    (imported from Prelude, but defined in GHC.Internal.List):
    "This is a partial function, it throws an error on empty lists. Replace it with 'drop' 1, or use pattern matching or 'GHC.Internal.Data.List.uncons' instead. Consider refactoring to use "Data.List.NonEmpty"."
    |
277 |         let fibs = 0 : 1 : zipWith (+) fibs (tail fibs)
    |                                              ^^^^

[2 of 2] Compiling Main
[3 of 3] Linking dist-newstyle/build/x86_64-linux/ghc-9.10.2/hslua-objectorientation-2.3.1/t/test-hslua-objectorientation/build/test-hslua-objectorientation/test-hslua-objectorientation
