Resolving dependencies...
Build profile: -w ghc-9.10.2 -O1
In order, the following will be built (use -v for more details):
 - envy-2.1.4.0 (lib) (first run)
 - envy-2.1.4.0 (test:spec) (first run)
Configuring library for envy-2.1.4.0...
Preprocessing library for envy-2.1.4.0...
Building library for envy-2.1.4.0...
[1 of 1] Compiling System.Envy
Configuring test suite 'spec' for envy-2.1.4.0...
Preprocessing test suite 'spec' for envy-2.1.4.0...
Building test suite 'spec' for envy-2.1.4.0...
[1 of 1] Compiling Main
tests/Main.hs:75:18: warning: [GHC-83475] [-Wunused-record-wildcards]
    No variables bound in the record wildcard match are used
    Suggested fix: Omit the ‘..’
   |
75 |   show PGConfig {..} = "<PGConfig>"
   |                  ^^

[2 of 2] Linking dist-newstyle/build/x86_64-linux/ghc-9.10.2/envy-2.1.4.0/t/spec/build/spec/spec
