Resolving dependencies...
Build profile: -w ghc-9.10.2 -O1
In order, the following will be built (use -v for more details):
 - opml-conduit-0.9.0.0 (lib) (first run)
 - opml-conduit-0.9.0.0 (test:tests) (first run)
Configuring library for opml-conduit-0.9.0.0...
Warning: [git-protocol] Cloning over git:// might lead to an arbitrary code
execution vulnerability. Furthermore, popular forges like GitHub do not
support it. Use https:// or ssh:// instead.
Preprocessing library for opml-conduit-0.9.0.0...
Building library for opml-conduit-0.9.0.0...
[1 of 5] Compiling Text.OPML.Types
[2 of 5] Compiling Text.OPML.Lens
[3 of 5] Compiling Text.OPML.Conduit.Render
[4 of 5] Compiling Text.OPML.Conduit.Parse
[5 of 5] Compiling Text.OPML
Configuring test suite 'tests' for opml-conduit-0.9.0.0...
Warning: [git-protocol] Cloning over git:// might lead to an arbitrary code
execution vulnerability. Furthermore, popular forges like GitHub do not
support it. Use https:// or ssh:// instead.
Preprocessing test suite 'tests' for opml-conduit-0.9.0.0...
Building test suite 'tests' for opml-conduit-0.9.0.0...
[1 of 3] Compiling Arbitrary
[2 of 3] Compiling Paths_opml_conduit
[3 of 3] Compiling Main
[4 of 4] Linking dist-newstyle/build/x86_64-linux/ghc-9.10.2/opml-conduit-0.9.0.0/t/tests/build/tests/tests
