Resolving dependencies...
Build profile: -w ghc-9.10.2 -O1
In order, the following will be built (use -v for more details):
 - gogol-replicapool-updater-1.0.0 (lib) (first run)
Configuring library for gogol-replicapool-updater-1.0.0...
Warning: [git-protocol] Cloning over git:// might lead to an arbitrary code
execution vulnerability. Furthermore, popular forges like GitHub do not
support it. Use https:// or ssh:// instead.
Preprocessing library for gogol-replicapool-updater-1.0.0...
Building library for gogol-replicapool-updater-1.0.0...
[ 1 of 14] Compiling Gogol.ReplicaPoolUpdater.Internal.Sum
[ 2 of 14] Compiling Gogol.ReplicaPoolUpdater.Internal.Product
[ 3 of 14] Compiling Gogol.ReplicaPoolUpdater.Types
[ 4 of 14] Compiling Gogol.ReplicaPoolUpdater.RollingUpdates.Rollback
[ 5 of 14] Compiling Gogol.ReplicaPoolUpdater.RollingUpdates.Resume
[ 6 of 14] Compiling Gogol.ReplicaPoolUpdater.RollingUpdates.Pause
[ 7 of 14] Compiling Gogol.ReplicaPoolUpdater.RollingUpdates.ListInstanceUpdates
[ 8 of 14] Compiling Gogol.ReplicaPoolUpdater.RollingUpdates.List
[ 9 of 14] Compiling Gogol.ReplicaPoolUpdater.RollingUpdates.Insert
[10 of 14] Compiling Gogol.ReplicaPoolUpdater.RollingUpdates.Get
[11 of 14] Compiling Gogol.ReplicaPoolUpdater.RollingUpdates.Cancel
[12 of 14] Compiling Gogol.ReplicaPoolUpdater.ZoneOperations.Get
[13 of 14] Compiling Gogol.ReplicaPoolUpdater.ZoneOperations.List
[14 of 14] Compiling Gogol.ReplicaPoolUpdater
