Resolving dependencies...
Build profile: -w ghc-9.10.2 -O1
In order, the following will be built (use -v for more details):
 - gogol-pubsub-1.0.0 (lib) (first run)
Configuring library for gogol-pubsub-1.0.0...
Preprocessing library for gogol-pubsub-1.0.0...
Building library for gogol-pubsub-1.0.0...
[ 1 of 50] Compiling Gogol.PubSub.Internal.Sum
[ 2 of 50] Compiling Gogol.PubSub.Internal.Product
[ 3 of 50] Compiling Gogol.PubSub.Types
[ 4 of 50] Compiling Gogol.PubSub.Projects.Topics.TestIamPermissions
[ 5 of 50] Compiling Gogol.PubSub.Projects.Topics.Subscriptions.List
[ 6 of 50] Compiling Gogol.PubSub.Projects.Topics.Snapshots.List
[ 7 of 50] Compiling Gogol.PubSub.Projects.Topics.SetIamPolicy
[ 8 of 50] Compiling Gogol.PubSub.Projects.Topics.Publish
[ 9 of 50] Compiling Gogol.PubSub.Projects.Topics.Patch
[10 of 50] Compiling Gogol.PubSub.Projects.Topics.List
[11 of 50] Compiling Gogol.PubSub.Projects.Topics.GetIamPolicy
[12 of 50] Compiling Gogol.PubSub.Projects.Topics.Get
[13 of 50] Compiling Gogol.PubSub.Projects.Topics.Delete
[14 of 50] Compiling Gogol.PubSub.Projects.Topics.Create
[15 of 50] Compiling Gogol.PubSub.Projects.Subscriptions.TestIamPermissions
[16 of 50] Compiling Gogol.PubSub.Projects.Subscriptions.SetIamPolicy
[17 of 50] Compiling Gogol.PubSub.Projects.Subscriptions.Seek
[18 of 50] Compiling Gogol.PubSub.Projects.Subscriptions.Pull
[19 of 50] Compiling Gogol.PubSub.Projects.Subscriptions.Patch
[20 of 50] Compiling Gogol.PubSub.Projects.Subscriptions.ModifyPushConfig
[21 of 50] Compiling Gogol.PubSub.Projects.Subscriptions.ModifyAckDeadline
[22 of 50] Compiling Gogol.PubSub.Projects.Subscriptions.List
[23 of 50] Compiling Gogol.PubSub.Projects.Subscriptions.GetIamPolicy
[24 of 50] Compiling Gogol.PubSub.Projects.Subscriptions.Get
[25 of 50] Compiling Gogol.PubSub.Projects.Subscriptions.Detach
[26 of 50] Compiling Gogol.PubSub.Projects.Subscriptions.Delete
[27 of 50] Compiling Gogol.PubSub.Projects.Subscriptions.Create
[28 of 50] Compiling Gogol.PubSub.Projects.Subscriptions.Acknowledge
[29 of 50] Compiling Gogol.PubSub.Projects.Snapshots.TestIamPermissions
[30 of 50] Compiling Gogol.PubSub.Projects.Snapshots.SetIamPolicy
[31 of 50] Compiling Gogol.PubSub.Projects.Snapshots.Patch
[32 of 50] Compiling Gogol.PubSub.Projects.Snapshots.List
[33 of 50] Compiling Gogol.PubSub.Projects.Snapshots.GetIamPolicy
[34 of 50] Compiling Gogol.PubSub.Projects.Snapshots.Get
[35 of 50] Compiling Gogol.PubSub.Projects.Snapshots.Delete
[36 of 50] Compiling Gogol.PubSub.Projects.Snapshots.Create
[37 of 50] Compiling Gogol.PubSub.Projects.Schemas.ValidateMessage
[38 of 50] Compiling Gogol.PubSub.Projects.Schemas.Validate
[39 of 50] Compiling Gogol.PubSub.Projects.Schemas.TestIamPermissions
[40 of 50] Compiling Gogol.PubSub.Projects.Schemas.SetIamPolicy
[41 of 50] Compiling Gogol.PubSub.Projects.Schemas.Rollback
[42 of 50] Compiling Gogol.PubSub.Projects.Schemas.ListRevisions
[43 of 50] Compiling Gogol.PubSub.Projects.Schemas.List
[44 of 50] Compiling Gogol.PubSub.Projects.Schemas.GetIamPolicy
[45 of 50] Compiling Gogol.PubSub.Projects.Schemas.Get
[46 of 50] Compiling Gogol.PubSub.Projects.Schemas.DeleteRevision
[47 of 50] Compiling Gogol.PubSub.Projects.Schemas.Delete
[48 of 50] Compiling Gogol.PubSub.Projects.Schemas.Create
[49 of 50] Compiling Gogol.PubSub.Projects.Schemas.Commit
[50 of 50] Compiling Gogol.PubSub
