Resolving dependencies...
Build profile: -w ghc-9.10.2 -O1
In order, the following will be built (use -v for more details):
 - stylish-haskell-0.15.1.0 (lib) (first run)
 - stylish-haskell-0.15.1.0 (test:stylish-haskell-tests) (first run)
 - stylish-haskell-0.15.1.0 (exe:stylish-haskell) (first run)
Configuring library for stylish-haskell-0.15.1.0...
Preprocessing library for stylish-haskell-0.15.1.0...
Building library for stylish-haskell-0.15.1.0...
[ 1 of 26] Compiling Language.Haskell.Stylish.Block
[ 2 of 26] Compiling Language.Haskell.Stylish.Config.Internal
[ 3 of 26] Compiling Language.Haskell.Stylish.Editor
[ 4 of 26] Compiling Language.Haskell.Stylish.GHC
[ 5 of 26] Compiling Language.Haskell.Stylish.Comments
[ 6 of 26] Compiling Language.Haskell.Stylish.Module
lib/Language/Haskell/Stylish/Module.hs:54:1: warning: [GHC-90177] [-Worphans]
    Orphan class instance: instance Eq GHC.RawPkgQual
    Suggested fix:
      Move the instance declaration to the module of the class or of the type, or
      wrap the type with a newtype and declare the instance on the new type.
   |
54 | deriving instance Eq GHC.RawPkgQual
   | ^^^^^^^^^^^^^^^^^^^^^^^^^^^^^^^^^^^

[ 7 of 26] Compiling Language.Haskell.Stylish.Ordering
[ 8 of 26] Compiling Language.Haskell.Stylish.Parse
lib/Language/Haskell/Stylish/Parse.hs:9:70: warning: [GHC-38856] [-Wunused-imports]
    The import of ‘foldl'’ from module ‘Data.List’ is redundant
  |
9 | import           Data.List                                          (foldl',
  |                                                                      ^^^^^^

[ 9 of 26] Compiling Language.Haskell.Stylish.Printer
[10 of 26] Compiling Language.Haskell.Stylish.Step
[11 of 26] Compiling Language.Haskell.Stylish.Step.Tabs
[12 of 26] Compiling Language.Haskell.Stylish.Step.TrailingWhitespace
[13 of 26] Compiling Language.Haskell.Stylish.Util
[14 of 26] Compiling Language.Haskell.Stylish.Step.Squash
[15 of 26] Compiling Language.Haskell.Stylish.Step.LanguagePragmas
lib/Language/Haskell/Stylish/Step/LanguagePragmas.hs:77:15: warning: [GHC-63394] [-Wx-partial]
    In the use of ‘head’
    (imported from Prelude, but defined in GHC.Internal.List):
    "This is a partial function, it throws an error on empty lists. Use pattern matching, 'Data.List.uncons' or 'Data.Maybe.listToMaybe' instead. Consider refactoring to use "Data.List.NonEmpty"."
   |
77 |   , "    " <> head pragmas'
   |               ^^^^

lib/Language/Haskell/Stylish/Step/LanguagePragmas.hs:79:38: warning: [GHC-63394] [-Wx-partial]
    In the use of ‘tail’
    (imported from Prelude, but defined in GHC.Internal.List):
    "This is a partial function, it throws an error on empty lists. Replace it with 'drop' 1, or use pattern matching or 'GHC.Internal.Data.List.uncons' instead. Consider refactoring to use "Data.List.NonEmpty"."
   |
79 |   <> [ "  , "  <> pragma | pragma <- tail pragmas']
   |                                      ^^^^

[16 of 26] Compiling Language.Haskell.Stylish.Step.UnicodeSyntax
[17 of 26] Compiling Language.Haskell.Stylish.Step.Imports
lib/Language/Haskell/Stylish/Step/Imports.hs:290:37: warning: [GHC-63394] [-Wx-partial]
    In the use of ‘head’
    (imported from Prelude, but defined in GHC.Internal.List):
    "This is a partial function, it throws an error on empty lists. Use pattern matching, 'Data.List.uncons' or 'Data.Maybe.listToMaybe' instead. Consider refactoring to use "Data.List.NonEmpty"."
    |
290 |       (GHC.srcSpanStartLine . src $ head imports)
    |                                     ^^^^

lib/Language/Haskell/Stylish/Step/Imports.hs:541:26: warning: [GHC-62161] [-Wincomplete-patterns]
    Pattern match(es) are non-exhaustive
    In a case alternative:
        Patterns of type ‘GHC.IEWrappedName GHC.GhcPs’ not matched:
            GHC.IEDefault _ _
    |
541 | printIeWrappedName lie = case GHC.unLoc lie of
    |                          ^^^^^^^^^^^^^^^^^^^^^...

[18 of 26] Compiling Language.Haskell.Stylish.Step.ModuleHeader
[19 of 26] Compiling Language.Haskell.Stylish.Step.Data
[20 of 26] Compiling Language.Haskell.Stylish.Align
[21 of 26] Compiling Language.Haskell.Stylish.Step.SimpleAlign
lib/Language/Haskell/Stylish/Step/SimpleAlign.hs:15:51: warning: [GHC-38856] [-Wunused-imports]
    The import of ‘foldl'’ from module ‘Data.List’ is redundant
   |
15 | import           Data.List                       (foldl', foldl1', sortOn)
   |                                                   ^^^^^^

[22 of 26] Compiling Language.Haskell.Stylish.Verbose
[23 of 26] Compiling Language.Haskell.Stylish.Config.Cabal
lib/Language/Haskell/Stylish/Config/Cabal.hs:18:1: warning: [GHC-66111] [-Wunused-imports]
    The qualified import of ‘Distribution.Utils.Path’ is redundant
      except perhaps to import instances from ‘Distribution.Utils.Path’
    To import instances alone, use: import Distribution.Utils.Path()
   |
18 | import qualified Distribution.Utils.Path                  as Cabal
   | ^^^^^^^^^^^^^^^^^^^^^^^^^^^^^^^^^^^^^^^^^^^^^^^^^^^^^^^^^^^^^^^^^^

[24 of 26] Compiling Language.Haskell.Stylish.Config
[25 of 26] Compiling Paths_stylish_haskell
[26 of 26] Compiling Language.Haskell.Stylish
Configuring test suite 'stylish-haskell-tests' for stylish-haskell-0.15.1.0...
Preprocessing test suite 'stylish-haskell-tests' for stylish-haskell-0.15.1.0...
Building test suite 'stylish-haskell-tests' for stylish-haskell-0.15.1.0...
[ 1 of 16] Compiling Language.Haskell.Stylish.Parse.Tests
[ 2 of 16] Compiling Language.Haskell.Stylish.Tests.Util
tests/Language/Haskell/Stylish/Tests/Util.hs:44:7: warning: [GHC-62161] [-Wincomplete-uni-patterns]
    Pattern match(es) are non-exhaustive
    In a pattern binding:
        Patterns of type ‘Either String Module’ not matched: Left _
   |
44 |   let Right(theModule) = parseModule [] Nothing str
   |       ^^^^^^^^^^^^^^^^^^^^^^^^^^^^^^^^^^^^^^^^^^^^^

[ 3 of 16] Compiling Language.Haskell.Stylish.Tests
[ 4 of 16] Compiling Language.Haskell.Stylish.Step.UnicodeSyntax.Tests
[ 5 of 16] Compiling Language.Haskell.Stylish.Step.TrailingWhitespace.Tests
[ 6 of 16] Compiling Language.Haskell.Stylish.Step.Tabs.Tests
[ 7 of 16] Compiling Language.Haskell.Stylish.Step.Squash.Tests
[ 8 of 16] Compiling Language.Haskell.Stylish.Step.SimpleAlign.Tests
[ 9 of 16] Compiling Language.Haskell.Stylish.Step.ModuleHeader.Tests
[10 of 16] Compiling Language.Haskell.Stylish.Step.LanguagePragmas.Tests
[11 of 16] Compiling Language.Haskell.Stylish.Step.Imports.Tests
[12 of 16] Compiling Language.Haskell.Stylish.Step.Imports.FelixTests
[13 of 16] Compiling Language.Haskell.Stylish.Step.Data.Tests
[14 of 16] Compiling Language.Haskell.Stylish.Regressions
[15 of 16] Compiling Language.Haskell.Stylish.Config.Tests
[16 of 16] Compiling Main
[17 of 17] Linking dist-newstyle/build/x86_64-linux/ghc-9.10.2/stylish-haskell-0.15.1.0/t/stylish-haskell-tests/build/stylish-haskell-tests/stylish-haskell-tests
Configuring executable 'stylish-haskell' for stylish-haskell-0.15.1.0...
Preprocessing executable 'stylish-haskell' for stylish-haskell-0.15.1.0...
Building executable 'stylish-haskell' for stylish-haskell-0.15.1.0...
[1 of 1] Compiling Main
[2 of 2] Linking dist-newstyle/build/x86_64-linux/ghc-9.10.2/stylish-haskell-0.15.1.0/x/stylish-haskell/build/stylish-haskell/stylish-haskell
