Resolving dependencies...
Build profile: -w ghc-9.10.2 -O1
In order, the following will be built (use -v for more details):
 - blas-comfort-array-0.0.0.4 (lib) (first run)
Configuring library for blas-comfort-array-0.0.0.4...
Preprocessing library for blas-comfort-array-0.0.0.4...
Building library for blas-comfort-array-0.0.0.4...
[1 of 8] Compiling Numeric.BLAS.ComfortArray.ComplexDouble
src/Numeric/BLAS/ComfortArray/ComplexDouble.hs:21:1: warning: [GHC-66111] [-Wunused-imports]
    The import of ‘Control.Applicative’ is redundant
      except perhaps to import instances from ‘Control.Applicative’
    To import instances alone, use: import Control.Applicative()
   |
21 | import Control.Applicative (pure, (<*>))
   | ^^^^^^^^^^^^^^^^^^^^^^^^^^^^^^^^^^^^^^^^

[2 of 8] Compiling Numeric.BLAS.ComfortArray.ComplexFloat
src/Numeric/BLAS/ComfortArray/ComplexFloat.hs:21:1: warning: [GHC-66111] [-Wunused-imports]
    The import of ‘Control.Applicative’ is redundant
      except perhaps to import instances from ‘Control.Applicative’
    To import instances alone, use: import Control.Applicative()
   |
21 | import Control.Applicative (pure, (<*>))
   | ^^^^^^^^^^^^^^^^^^^^^^^^^^^^^^^^^^^^^^^^

[3 of 8] Compiling Numeric.BLAS.ComfortArray.Complex
[4 of 8] Compiling Numeric.BLAS.ComfortArray.Double
src/Numeric/BLAS/ComfortArray/Double.hs:19:1: warning: [GHC-66111] [-Wunused-imports]
    The import of ‘Control.Applicative’ is redundant
      except perhaps to import instances from ‘Control.Applicative’
    To import instances alone, use: import Control.Applicative()
   |
19 | import Control.Applicative (pure, (<*>))
   | ^^^^^^^^^^^^^^^^^^^^^^^^^^^^^^^^^^^^^^^^

[5 of 8] Compiling Numeric.BLAS.ComfortArray.Float
src/Numeric/BLAS/ComfortArray/Float.hs:19:1: warning: [GHC-66111] [-Wunused-imports]
    The import of ‘Control.Applicative’ is redundant
      except perhaps to import instances from ‘Control.Applicative’
    To import instances alone, use: import Control.Applicative()
   |
19 | import Control.Applicative (pure, (<*>))
   | ^^^^^^^^^^^^^^^^^^^^^^^^^^^^^^^^^^^^^^^^

[6 of 8] Compiling Numeric.BLAS.ComfortArray.Generic
[7 of 8] Compiling Numeric.BLAS.ComfortArray.Miscellaneous
[8 of 8] Compiling Numeric.BLAS.ComfortArray.Real
