Resolving dependencies...
Build profile: -w ghc-9.10.2 -O1
In order, the following will be built (use -v for more details):
 - pipes-attoparsec-0.6.0 (lib) (first run)
 - pipes-attoparsec-0.6.0 (test:tests) (first run)
Configuring library for pipes-attoparsec-0.6.0...
Warning: [git-protocol] Cloning over git:// might lead to an arbitrary code
execution vulnerability. Furthermore, popular forges like GitHub do not
support it. Use https:// or ssh:// instead.
Preprocessing library for pipes-attoparsec-0.6.0...
Building library for pipes-attoparsec-0.6.0...
[1 of 1] Compiling Pipes.Attoparsec
Configuring test suite 'tests' for pipes-attoparsec-0.6.0...
Warning: [git-protocol] Cloning over git:// might lead to an arbitrary code
execution vulnerability. Furthermore, popular forges like GitHub do not
support it. Use https:// or ssh:// instead.
Preprocessing test suite 'tests' for pipes-attoparsec-0.6.0...
Building test suite 'tests' for pipes-attoparsec-0.6.0...
[1 of 2] Compiling Test.Attoparsec
[2 of 2] Compiling Main
[3 of 3] Linking dist-newstyle/build/x86_64-linux/ghc-9.10.2/pipes-attoparsec-0.6.0/t/tests/build/tests/tests
