Resolving dependencies...
Build profile: -w ghc-9.10.2 -O1
In order, the following will be built (use -v for more details):
 - HaskellNet-0.6.2 (lib) (first run)
Configuring library for HaskellNet-0.6.2...
Warning: [git-protocol] Cloning over git:// might lead to an arbitrary code
execution vulnerability. Furthermore, popular forges like GitHub do not
support it. Use https:// or ssh:// instead.
Preprocessing library for HaskellNet-0.6.2...
Building library for HaskellNet-0.6.2...
[ 1 of 15] Compiling Network.Compat
[ 2 of 15] Compiling Network.HaskellNet.Auth
[ 3 of 15] Compiling Network.HaskellNet.BSStream
[ 4 of 15] Compiling Network.HaskellNet.Debug
[ 5 of 15] Compiling Network.HaskellNet.POP3.Connection
[ 6 of 15] Compiling Network.HaskellNet.POP3.Types
[ 7 of 15] Compiling Network.HaskellNet.POP3
src/Network/HaskellNet/POP3.hs:143:47: warning: [GHC-63394] [-Wx-partial]
    In the use of ‘head’
    (imported from Prelude, but defined in GHC.Internal.List):
    "This is a partial function, it throws an error on empty lists. Use pattern matching, 'Data.List.uncons' or 'Data.Maybe.listToMaybe' instead. Consider refactoring to use "Data.List.NonEmpty"."
    |
143 |                then A.b64Decode $ BS.unpack $ head $
    |                                               ^^^^

src/Network/HaskellNet/POP3.hs:162:26: warning: [GHC-53633] [-Woverlapping-patterns]
    Pattern match is redundant
    In a case alternative: AUTH _ _ _ -> ...
    |
162 |                          AUTH _ _ _   -> error "sendCommand: impossible happened AUTH expected to be processed in the preceeding clause"
    |                          ^^^^^^^^^^^^^^^^^^^^^^^^^^^^^^^^^^^^^^^^^^^^^^^^^^^^^^^^^^^^^^^^^^^^^^^^^^^^^^^^^^^^^^^^^^^^^^^^^^^^^^^^^^^^^^^

src/Network/HaskellNet/POP3.hs:163:26: warning: [GHC-53633] [-Woverlapping-patterns]
    Pattern match is redundant
    In a case alternative: RETR _ -> ...
    |
163 |                          RETR _       -> error "sendCommand: impossible happened AUTH expected to be processed in the preceeding clause"
    |                          ^^^^^^^^^^^^^^^^^^^^^^^^^^^^^^^^^^^^^^^^^^^^^^^^^^^^^^^^^^^^^^^^^^^^^^^^^^^^^^^^^^^^^^^^^^^^^^^^^^^^^^^^^^^^^^^

src/Network/HaskellNet/POP3.hs:164:26: warning: [GHC-53633] [-Woverlapping-patterns]
    Pattern match is redundant
    In a case alternative: TOP _ _ -> ...
    |
164 |                          TOP _ _      -> error "sendCommand: impossible happened AUTH expected to be processed in the preceeding clause"
    |                          ^^^^^^^^^^^^^^^^^^^^^^^^^^^^^^^^^^^^^^^^^^^^^^^^^^^^^^^^^^^^^^^^^^^^^^^^^^^^^^^^^^^^^^^^^^^^^^^^^^^^^^^^^^^^^^^

src/Network/HaskellNet/POP3.hs:215:36: warning: [GHC-63394] [-Wx-partial]
    In the use of ‘tail’
    (imported from Prelude, but defined in GHC.Internal.List):
    "This is a partial function, it throws an error on empty lists. Replace it with 'drop' 1, or use pattern matching or 'GHC.Internal.Data.List.uncons' instead. Consider refactoring to use "Data.List.NonEmpty"."
    |
215 |                   return $ map f $ tail $ BS.lines lst
    |                                    ^^^^

src/Network/HaskellNet/POP3.hs:228:37: warning: [GHC-63394] [-Wx-partial]
    In the use of ‘tail’
    (imported from Prelude, but defined in GHC.Internal.List):
    "This is a partial function, it throws an error on empty lists. Replace it with 'drop' 1, or use pattern matching or 'GHC.Internal.Data.List.uncons' instead. Consider refactoring to use "Data.List.NonEmpty"."
    |
228 |                    return $ map f $ tail $ BS.lines lst
    |                                     ^^^^

[ 8 of 15] Compiling Network.HaskellNet.SMTP.Internal
src/Network/HaskellNet/SMTP/Internal.hs:305:23: warning: [GHC-53633] [-Woverlapping-patterns]
    Pattern match is redundant
    In a case alternative: DATA _ -> ...
    |
305 |                       DATA _       -> error "sendCommand: impossible happened DATA command expected to be processed in thepreceeding clause"
    |                       ^^^^^^^^^^^^^^^^^^^^^^^^^^^^^^^^^^^^^^^^^^^^^^^^^^^^^^^^^^^^^^^^^^^^^^^^^^^^^^^^^^^^^^^^^^^^^^^^^^^^^^^^^^^^^^^^^^^^^^

src/Network/HaskellNet/SMTP/Internal.hs:306:23: warning: [GHC-53633] [-Woverlapping-patterns]
    Pattern match is redundant
    In a case alternative: AUTH _ _ _ -> ...
    |
306 |                       AUTH _ _ _   -> error "sendCommand: impossible happened AUTH command expected to be processed in the preceeding clause"
    |                       ^^^^^^^^^^^^^^^^^^^^^^^^^^^^^^^^^^^^^^^^^^^^^^^^^^^^^^^^^^^^^^^^^^^^^^^^^^^^^^^^^^^^^^^^^^^^^^^^^^^^^^^^^^^^^^^^^^^^^^^

[ 9 of 15] Compiling Network.HaskellNet.SMTP
src/Network/HaskellNet/SMTP.hs:190:26: warning: [GHC-63394] [-Wx-partial]
    In the use of ‘tail’
    (imported from Prelude, but defined in GHC.Internal.List):
    "This is a partial function, it throws an error on empty lists. Replace it with 'drop' 1, or use pattern matching or 'GHC.Internal.Data.List.uncons' instead. Consider refactoring to use "Data.List.NonEmpty"."
    |
190 |        return (SMTPC st (tail $ BS.lines msg))
    |                          ^^^^

[10 of 15] Compiling Text.Packrat.Pos
[11 of 15] Compiling Text.Packrat.Parse
[12 of 15] Compiling Network.HaskellNet.IMAP.Types
[13 of 15] Compiling Network.HaskellNet.IMAP.Connection
[14 of 15] Compiling Network.HaskellNet.IMAP.Parsers
[15 of 15] Compiling Network.HaskellNet.IMAP
src/Network/HaskellNet/IMAP.hs:262:47: warning: [GHC-63394] [-Wx-partial]
    In the use of ‘head’
    (imported from Prelude, but defined in GHC.Internal.List):
    "This is a partial function, it throws an error on empty lists. Use pattern matching, 'Data.List.uncons' or 'Data.Maybe.listToMaybe' instead. Consider refactoring to use "Data.List.NonEmpty"."
    |
262 |                then A.b64Decode $ BS.unpack $ head $
    |                                               ^^^^

src/Network/HaskellNet/IMAP.hs:432:23: warning: [GHC-63394] [-Wx-partial]
    In the use of ‘head’
    (imported from Prelude, but defined in GHC.Internal.List):
    "This is a partial function, it throws an error on empty lists. Use pattern matching, 'Data.List.uncons' or 'Data.Maybe.listToMaybe' instead. Consider refactoring to use "Data.List.NonEmpty"."
    |
432 |        return $ snd $ head lst
    |                       ^^^^

