Resolving dependencies...
Build profile: -w ghc-9.10.2 -O1
In order, the following will be built (use -v for more details):
 - diagrams-builder-0.8.0.6 (lib) (first run)
Configuring library for diagrams-builder-0.8.0.6...
Preprocessing library for diagrams-builder-0.8.0.6...
Building library for diagrams-builder-0.8.0.6...
[1 of 4] Compiling Diagrams.Builder.CmdLine
[2 of 4] Compiling Diagrams.Builder.Opts
[3 of 4] Compiling Diagrams.Builder.Modules
src/Diagrams/Builder/Modules.hs:133:27: warning: [GHC-63394] [-Wx-partial]
    In the use of ‘head’
    (imported from Prelude, but defined in GHC.Internal.List):
    "This is a partial function, it throws an error on empty lists. Use pattern matching, 'Data.List.uncons' or 'Data.Maybe.listToMaybe' instead. Consider refactoring to use "Data.List.NonEmpty"."
    |
133 |     combinedImports = map head
    |                           ^^^^

src/Diagrams/Builder/Modules.hs:153:1: warning: [GHC-53633] [-Woverlapping-patterns]
    Pattern match is redundant
    In an equation for ‘getModuleName’: getModuleName m = ...
    |
153 | getModuleName m = error $ "Diagrams.Builder.Modules.getModuleName: got a ModuleName that isn't! " ++ show m
    | ^^^^^^^^^^^^^^^^^^^^^^^^^^^^^^^^^^^^^^^^^^^^^^^^^^^^^^^^^^^^^^^^^^^^^^^^^^^^^^^^^^^^^^^^^^^^^^^^^^^^^^^^^^^

[4 of 4] Compiling Diagrams.Builder
