Resolving dependencies...
Build profile: -w ghc-9.10.2 -O1
In order, the following will be built (use -v for more details):
 - numeric-quest-0.2.0.2 (lib:numeric-quest) (first run)
Warning: numeric-quest.cabal:40:21: version operators used. To use version
operators the package needs to specify at least 'cabal-version: >= 1.8'.
Warning: numeric-quest.cabal:36:21: version operators used. To use version
operators the package needs to specify at least 'cabal-version: >= 1.8'.
Warning: numeric-quest.cabal:37:19: version operators used. To use version
operators the package needs to specify at least 'cabal-version: >= 1.8'.
Warning: numeric-quest.cabal:33:32: version operators used. To use version
operators the package needs to specify at least 'cabal-version: >= 1.8'.
Configuring numeric-quest-0.2.0.2...
Preprocessing library for numeric-quest-0.2.0.2...
Building library for numeric-quest-0.2.0.2...
[1 of 8] Compiling Fraction
[2 of 8] Compiling Orthogonals
Orthogonals.lhs:325:12: warning: [GHC-06201] [-Wmissing-methods]
    • No explicit implementation for
        ‘norm’
    • In the instance declaration for ‘Scalar (Ratio a)’
    |
325 | > instance (Integral a) => Scalar (Ratio a) where
    |            ^^^^^^^^^^^^^^^^^^^^^^^^^^^^^^^^

Orthogonals.lhs:414:15: warning: [GHC-63394] [-Wx-partial]
    In the use of ‘head’
    (imported from Prelude, but defined in GHC.Internal.List):
    "This is a partial function, it throws an error on empty lists. Use pattern matching, 'Data.List.uncons' or 'Data.Maybe.listToMaybe' instead. Consider refactoring to use "Data.List.NonEmpty"."
    |
414 | >     | null (head a) = []
    |               ^^^^

Orthogonals.lhs:415:23: warning: [GHC-63394] [-Wx-partial]
    In the use of ‘head’
    (imported from Prelude, but defined in GHC.Internal.List):
    "This is a partial function, it throws an error on empty lists. Use pattern matching, 'Data.List.uncons' or 'Data.Maybe.listToMaybe' instead. Consider refactoring to use "Data.List.NonEmpty"."
    |
415 | >     | otherwise = ([head mi| mi <- a])
    |                       ^^^^

Orthogonals.lhs:416:35: warning: [GHC-63394] [-Wx-partial]
    In the use of ‘tail’
    (imported from Prelude, but defined in GHC.Internal.List):
    "This is a partial function, it throws an error on empty lists. Replace it with 'drop' 1, or use pattern matching or 'GHC.Internal.Data.List.uncons' instead. Consider refactoring to use "Data.List.NonEmpty"."
    |
416 | >                   :transposed ([tail mi| mi <- a])
    |                                   ^^^^

Orthogonals.lhs:420:15: warning: [GHC-63394] [-Wx-partial]
    In the use of ‘head’
    (imported from Prelude, but defined in GHC.Internal.List):
    "This is a partial function, it throws an error on empty lists. Use pattern matching, 'Data.List.uncons' or 'Data.Maybe.listToMaybe' instead. Consider refactoring to use "Data.List.NonEmpty"."
    |
420 | >     | null (head a) = []
    |               ^^^^

Orthogonals.lhs:421:32: warning: [GHC-63394] [-Wx-partial]
    In the use of ‘head’
    (imported from Prelude, but defined in GHC.Internal.List):
    "This is a partial function, it throws an error on empty lists. Use pattern matching, 'Data.List.uncons' or 'Data.Maybe.listToMaybe' instead. Consider refactoring to use "Data.List.NonEmpty"."
    |
421 | >     | otherwise = ([coupled (head mi)| mi <- a])
    |                                ^^^^

Orthogonals.lhs:422:32: warning: [GHC-63394] [-Wx-partial]
    In the use of ‘tail’
    (imported from Prelude, but defined in GHC.Internal.List):
    "This is a partial function, it throws an error on empty lists. Replace it with 'drop' 1, or use pattern matching or 'GHC.Internal.Data.List.uncons' instead. Consider refactoring to use "Data.List.NonEmpty"."
    |
422 | >                   :adjoint ([tail mi| mi <- a])
    |                                ^^^^

Orthogonals.lhs:508:38: warning: [GHC-63394] [-Wx-partial]
    In the use of ‘head’
    (imported from Prelude, but defined in GHC.Internal.List):
    "This is a partial function, it throws an error on empty lists. Use pattern matching, 'Data.List.uncons' or 'Data.Maybe.listToMaybe' instead. Consider refactoring to use "Data.List.NonEmpty"."
    |
508 | >       | otherwise = ([sum_product (head a) bi | bi <- b])
    |                                      ^^^^

Orthogonals.lhs:509:37: warning: [GHC-63394] [-Wx-partial]
    In the use of ‘tail’
    (imported from Prelude, but defined in GHC.Internal.List):
    "This is a partial function, it throws an error on empty lists. Replace it with 'drop' 1, or use pattern matching or 'GHC.Internal.Data.List.uncons' instead. Consider refactoring to use "Data.List.NonEmpty"."
    |
509 | >                  : matrix_matrix (tail a) b
    |                                     ^^^^

Orthogonals.lhs:519:41: warning: [GHC-63394] [-Wx-partial]
    In the use of ‘head’
    (imported from Prelude, but defined in GHC.Internal.List):
    "This is a partial function, it throws an error on empty lists. Use pattern matching, 'Data.List.uncons' or 'Data.Maybe.listToMaybe' instead. Consider refactoring to use "Data.List.NonEmpty"."
    |
519 | >       | otherwise = ([sum_product ai (head b) | ai <- a])
    |                                         ^^^^

Orthogonals.lhs:520:42: warning: [GHC-63394] [-Wx-partial]
    In the use of ‘tail’
    (imported from Prelude, but defined in GHC.Internal.List):
    "This is a partial function, it throws an error on empty lists. Replace it with 'drop' 1, or use pattern matching or 'GHC.Internal.Data.List.uncons' instead. Consider refactoring to use "Data.List.NonEmpty"."
    |
520 | >                    : matrix_matrix' a (tail b)
    |                                          ^^^^

Orthogonals.lhs:537:45: warning: [GHC-63394] [-Wx-partial]
    In the use of ‘head’
    (imported from Prelude, but defined in GHC.Internal.List):
    "This is a partial function, it throws an error on empty lists. Use pattern matching, 'Data.List.uncons' or 'Data.Maybe.listToMaybe' instead. Consider refactoring to use "Data.List.NonEmpty"."
    |
537 | >               | otherwise = (sum_product (head t) u)
    |                                             ^^^^

Orthogonals.lhs:538:37: warning: [GHC-63394] [-Wx-partial]
    In the use of ‘tail’
    (imported from Prelude, but defined in GHC.Internal.List):
    "This is a partial function, it throws an error on empty lists. Replace it with 'drop' 1, or use pattern matching or 'GHC.Internal.Data.List.uncons' instead. Consider refactoring to use "Data.List.NonEmpty"."
    |
538 | >                             : (f (tail t) (tail u))
    |                                     ^^^^

Orthogonals.lhs:538:46: warning: [GHC-63394] [-Wx-partial]
    In the use of ‘tail’
    (imported from Prelude, but defined in GHC.Internal.List):
    "This is a partial function, it throws an error on empty lists. Replace it with 'drop' 1, or use pattern matching or 'GHC.Internal.Data.List.uncons' instead. Consider refactoring to use "Data.List.NonEmpty"."
    |
538 | >                             : (f (tail t) (tail u))
    |                                              ^^^^

Orthogonals.lhs:679:32: warning: [GHC-63394] [-Wx-partial]
    In the use of ‘head’
    (imported from Prelude, but defined in GHC.Internal.List):
    "This is a partial function, it throws an error on empty lists. Use pattern matching, 'Data.List.uncons' or 'Data.Maybe.listToMaybe' instead. Consider refactoring to use "Data.List.NonEmpty"."
    |
679 | >               | otherwise = (head x + c * (head y))
    |                                ^^^^

Orthogonals.lhs:679:46: warning: [GHC-63394] [-Wx-partial]
    In the use of ‘head’
    (imported from Prelude, but defined in GHC.Internal.List):
    "This is a partial function, it throws an error on empty lists. Use pattern matching, 'Data.List.uncons' or 'Data.Maybe.listToMaybe' instead. Consider refactoring to use "Data.List.NonEmpty"."
    |
679 | >               | otherwise = (head x + c * (head y))
    |                                              ^^^^

Orthogonals.lhs:680:53: warning: [GHC-63394] [-Wx-partial]
    In the use of ‘tail’
    (imported from Prelude, but defined in GHC.Internal.List):
    "This is a partial function, it throws an error on empty lists. Replace it with 'drop' 1, or use pattern matching or 'GHC.Internal.Data.List.uncons' instead. Consider refactoring to use "Data.List.NonEmpty"."
    |
680 | >                             : (vectorCombination (tail x) c (tail y))
    |                                                     ^^^^

Orthogonals.lhs:680:64: warning: [GHC-63394] [-Wx-partial]
    In the use of ‘tail’
    (imported from Prelude, but defined in GHC.Internal.List):
    "This is a partial function, it throws an error on empty lists. Replace it with 'drop' 1, or use pattern matching or 'GHC.Internal.Data.List.uncons' instead. Consider refactoring to use "Data.List.NonEmpty"."
    |
680 | >                             : (vectorCombination (tail x) c (tail y))
    |                                                                ^^^^

Orthogonals.lhs:773:18: warning: [GHC-63394] [-Wx-partial]
    In the use of ‘head’
    (imported from Prelude, but defined in GHC.Internal.List):
    "This is a partial function, it throws an error on empty lists. Use pattern matching, 'Data.List.uncons' or 'Data.Maybe.listToMaybe' instead. Consider refactoring to use "Data.List.NonEmpty"."
    |
773 | >         u    = head a
    |                  ^^^^

Orthogonals.lhs:774:18: warning: [GHC-63394] [-Wx-partial]
    In the use of ‘tail’
    (imported from Prelude, but defined in GHC.Internal.List):
    "This is a partial function, it throws an error on empty lists. Replace it with 'drop' 1, or use pattern matching or 'GHC.Internal.Data.List.uncons' instead. Consider refactoring to use "Data.List.NonEmpty"."
    |
774 | >         v    = tail a
    |                  ^^^^

Orthogonals.lhs:796:38: warning: [GHC-63394] [-Wx-partial]
    In the use of ‘tail’
    (imported from Prelude, but defined in GHC.Internal.List):
    "This is a partial function, it throws an error on empty lists. Replace it with 'drop' 1, or use pattern matching or 'GHC.Internal.Data.List.uncons' instead. Consider refactoring to use "Data.List.NonEmpty"."
    |
796 | >             | otherwise = solve' ((tail d), (tail c)) (x:xs)
    |                                      ^^^^

Orthogonals.lhs:796:48: warning: [GHC-63394] [-Wx-partial]
    In the use of ‘tail’
    (imported from Prelude, but defined in GHC.Internal.List):
    "This is a partial function, it throws an error on empty lists. Replace it with 'drop' 1, or use pattern matching or 'GHC.Internal.Data.List.uncons' instead. Consider refactoring to use "Data.List.NonEmpty"."
    |
796 | >             | otherwise = solve' ((tail d), (tail c)) (x:xs)
    |                                                ^^^^

Orthogonals.lhs:798:24: warning: [GHC-63394] [-Wx-partial]
    In the use of ‘head’
    (imported from Prelude, but defined in GHC.Internal.List):
    "This is a partial function, it throws an error on empty lists. Use pattern matching, 'Data.List.uncons' or 'Data.Maybe.listToMaybe' instead. Consider refactoring to use "Data.List.NonEmpty"."
    |
798 | >                 x = (head c - (sum_product (tail u) xs))/(head u)
    |                        ^^^^

Orthogonals.lhs:798:47: warning: [GHC-63394] [-Wx-partial]
    In the use of ‘tail’
    (imported from Prelude, but defined in GHC.Internal.List):
    "This is a partial function, it throws an error on empty lists. Replace it with 'drop' 1, or use pattern matching or 'GHC.Internal.Data.List.uncons' instead. Consider refactoring to use "Data.List.NonEmpty"."
    |
798 | >                 x = (head c - (sum_product (tail u) xs))/(head u)
    |                                               ^^^^

Orthogonals.lhs:798:61: warning: [GHC-63394] [-Wx-partial]
    In the use of ‘head’
    (imported from Prelude, but defined in GHC.Internal.List):
    "This is a partial function, it throws an error on empty lists. Use pattern matching, 'Data.List.uncons' or 'Data.Maybe.listToMaybe' instead. Consider refactoring to use "Data.List.NonEmpty"."
    |
798 | >                 x = (head c - (sum_product (tail u) xs))/(head u)
    |                                                             ^^^^

Orthogonals.lhs:799:23: warning: [GHC-63394] [-Wx-partial]
    In the use of ‘head’
    (imported from Prelude, but defined in GHC.Internal.List):
    "This is a partial function, it throws an error on empty lists. Use pattern matching, 'Data.List.uncons' or 'Data.Maybe.listToMaybe' instead. Consider refactoring to use "Data.List.NonEmpty"."
    |
799 | >                 u = head d
    |                       ^^^^

Orthogonals.lhs:828:18: warning: [GHC-63394] [-Wx-partial]
    In the use of ‘head’
    (imported from Prelude, but defined in GHC.Internal.List):
    "This is a partial function, it throws an error on empty lists. Use pattern matching, 'Data.List.uncons' or 'Data.Maybe.listToMaybe' instead. Consider refactoring to use "Data.List.NonEmpty"."
    |
828 | >         u    = head a
    |                  ^^^^

Orthogonals.lhs:829:18: warning: [GHC-63394] [-Wx-partial]
    In the use of ‘tail’
    (imported from Prelude, but defined in GHC.Internal.List):
    "This is a partial function, it throws an error on empty lists. Replace it with 'drop' 1, or use pattern matching or 'GHC.Internal.Data.List.uncons' instead. Consider refactoring to use "Data.List.NonEmpty"."
    |
829 | >         v    = tail a
    |                  ^^^^

Orthogonals.lhs:850:48: warning: [GHC-63394] [-Wx-partial]
    In the use of ‘head’
    (imported from Prelude, but defined in GHC.Internal.List):
    "This is a partial function, it throws an error on empty lists. Use pattern matching, 'Data.List.uncons' or 'Data.Maybe.listToMaybe' instead. Consider refactoring to use "Data.List.NonEmpty"."
    |
850 | >         emptyLists = [[] | _ <- [1..(length (head q))]]
    |                                                ^^^^

Orthogonals.lhs:853:37: warning: [GHC-63394] [-Wx-partial]
    In the use of ‘tail’
    (imported from Prelude, but defined in GHC.Internal.List):
    "This is a partial function, it throws an error on empty lists. Replace it with 'drop' 1, or use pattern matching or 'GHC.Internal.Data.List.uncons' instead. Consider refactoring to use "Data.List.NonEmpty"."
    |
853 | >             | otherwise = solve' (tail a') (tail b')
    |                                     ^^^^

Orthogonals.lhs:853:47: warning: [GHC-63394] [-Wx-partial]
    In the use of ‘tail’
    (imported from Prelude, but defined in GHC.Internal.List):
    "This is a partial function, it throws an error on empty lists. Replace it with 'drop' 1, or use pattern matching or 'GHC.Internal.Data.List.uncons' instead. Consider refactoring to use "Data.List.NonEmpty"."
    |
853 | >             | otherwise = solve' (tail a') (tail b')
    |                                               ^^^^

Orthogonals.lhs:856:49: warning: [GHC-63394] [-Wx-partial]
    In the use of ‘tail’
    (imported from Prelude, but defined in GHC.Internal.List):
    "This is a partial function, it throws an error on empty lists. Replace it with 'drop' 1, or use pattern matching or 'GHC.Internal.Data.List.uncons' instead. Consider refactoring to use "Data.List.NonEmpty"."
    |
856 | >                 f vk xk = (vk - (sum_product (tail u) xk))/(head u)
    |                                                 ^^^^

Orthogonals.lhs:856:63: warning: [GHC-63394] [-Wx-partial]
    In the use of ‘head’
    (imported from Prelude, but defined in GHC.Internal.List):
    "This is a partial function, it throws an error on empty lists. Use pattern matching, 'Data.List.uncons' or 'Data.Maybe.listToMaybe' instead. Consider refactoring to use "Data.List.NonEmpty"."
    |
856 | >                 f vk xk = (vk - (sum_product (tail u) xk))/(head u)
    |                                                               ^^^^

Orthogonals.lhs:857:23: warning: [GHC-63394] [-Wx-partial]
    In the use of ‘head’
    (imported from Prelude, but defined in GHC.Internal.List):
    "This is a partial function, it throws an error on empty lists. Use pattern matching, 'Data.List.uncons' or 'Data.Maybe.listToMaybe' instead. Consider refactoring to use "Data.List.NonEmpty"."
    |
857 | >                 u = head a'
    |                       ^^^^

Orthogonals.lhs:858:23: warning: [GHC-63394] [-Wx-partial]
    In the use of ‘head’
    (imported from Prelude, but defined in GHC.Internal.List):
    "This is a partial function, it throws an error on empty lists. Use pattern matching, 'Data.List.uncons' or 'Data.Maybe.listToMaybe' instead. Consider refactoring to use "Data.List.NonEmpty"."
    |
858 | >                 v = head b'
    |                       ^^^^

Orthogonals.lhs:982:46: warning: [GHC-63394] [-Wx-partial]
    In the use of ‘head’
    (imported from Prelude, but defined in GHC.Internal.List):
    "This is a partial function, it throws an error on empty lists. Use pattern matching, 'Data.List.uncons' or 'Data.Maybe.listToMaybe' instead. Consider refactoring to use "Data.List.NonEmpty"."
    |
982 | >    in  product (map norm q) * product (map head r)
    |                                              ^^^^

Orthogonals.lhs:995:27: warning: [GHC-63394] [-Wx-partial]
    In the use of ‘head’
    (imported from Prelude, but defined in GHC.Internal.List):
    "This is a partial function, it throws an error on empty lists. Use pattern matching, 'Data.List.uncons' or 'Data.Maybe.listToMaybe' instead. Consider refactoring to use "Data.List.NonEmpty"."
    |
995 | >       (zipWith (*) (map head m)
    |                           ^^^^

Orthogonals.lhs:996:52: warning: [GHC-63394] [-Wx-partial]
    In the use of ‘tail’
    (imported from Prelude, but defined in GHC.Internal.List):
    "This is a partial function, it throws an error on empty lists. Replace it with 'drop' 1, or use pattern matching or 'GHC.Internal.Data.List.uncons' instead. Consider refactoring to use "Data.List.NonEmpty"."
    |
996 | >           (map determinantNaive (removeEach (map tail m)))))
    |                                                    ^^^^

Orthogonals.lhs:1072:36: warning: [GHC-63394] [-Wx-partial]
    In the use of ‘tail’
    (imported from Prelude, but defined in GHC.Internal.List):
    "This is a partial function, it throws an error on empty lists. Replace it with 'drop' 1, or use pattern matching or 'GHC.Internal.Data.List.uncons' instead. Consider refactoring to use "Data.List.NonEmpty"."
     |
1072 | >    zipWith (++) (List.inits xs) (tail (List.tails xs))
     |                                    ^^^^

Orthogonals.lhs:1304:25: warning: [GHC-63394] [-Wx-partial]
    In the use of ‘head’
    (imported from Prelude, but defined in GHC.Internal.List):
    "This is a partial function, it throws an error on empty lists. Use pattern matching, 'Data.List.uncons' or 'Data.Maybe.listToMaybe' instead. Consider refactoring to use "Data.List.NonEmpty"."
     |
1304 | >           f b k = p++[head q + alpha]++(tail q)
     |                         ^^^^

Orthogonals.lhs:1304:43: warning: [GHC-63394] [-Wx-partial]
    In the use of ‘tail’
    (imported from Prelude, but defined in GHC.Internal.List):
    "This is a partial function, it throws an error on empty lists. Replace it with 'drop' 1, or use pattern matching or 'GHC.Internal.Data.List.uncons' instead. Consider refactoring to use "Data.List.NonEmpty"."
     |
1304 | >           f b k = p++[head q + alpha]++(tail q)
     |                                           ^^^^

Orthogonals.lhs:1595:44: warning: [GHC-63394] [-Wx-partial]
    In the use of ‘tail’
    (imported from Prelude, but defined in GHC.Internal.List):
    "This is a partial function, it throws an error on empty lists. Replace it with 'drop' 1, or use pattern matching or 'GHC.Internal.Data.List.uncons' instead. Consider refactoring to use "Data.List.NonEmpty"."
     |
1595 | >       | not (null x') = x':(eigenkets a (tail u))
     |                                            ^^^^

Orthogonals.lhs:1596:72: warning: [GHC-63394] [-Wx-partial]
    In the use of ‘tail’
    (imported from Prelude, but defined in GHC.Internal.List):
    "This is a partial function, it throws an error on empty lists. Replace it with 'drop' 1, or use pattern matching or 'GHC.Internal.Data.List.uncons' instead. Consider refactoring to use "Data.List.NonEmpty"."
     |
1596 | >       | otherwise     = (eigenket_UT (reverse b) d []):(eigenkets a (tail u))
     |                                                                        ^^^^

Orthogonals.lhs:1598:38: warning: [GHC-63394] [-Wx-partial]
    In the use of ‘head’
    (imported from Prelude, but defined in GHC.Internal.List):
    "This is a partial function, it throws an error on empty lists. Use pattern matching, 'Data.List.uncons' or 'Data.Maybe.listToMaybe' instead. Consider refactoring to use "Data.List.NonEmpty"."
     |
1598 | >           a'  = add_to_diagonal (-(head u)) a
     |                                      ^^^^

Orthogonals.lhs:1601:33: warning: [GHC-63394] [-Wx-partial]
    In the use of ‘head’
    (imported from Prelude, but defined in GHC.Internal.List):
    "This is a partial function, it throws an error on empty lists. Use pattern matching, 'Data.List.uncons' or 'Data.Maybe.listToMaybe' instead. Consider refactoring to use "Data.List.NonEmpty"."
     |
1601 | >           d   = discriminant [head bk | bk <- b] 1
     |                                 ^^^^

Orthogonals.lhs:1604:50: warning: [GHC-63394] [-Wx-partial]
    In the use of ‘tail’
    (imported from Prelude, but defined in GHC.Internal.List):
    "This is a partial function, it throws an error on empty lists. Replace it with 'drop' 1, or use pattern matching or 'GHC.Internal.Data.List.uncons' instead. Consider refactoring to use "Data.List.NonEmpty"."
     |
1604 | >               | otherwise = x : (discriminant (tail v) m)
     |                                                  ^^^^

Orthogonals.lhs:1607:28: warning: [GHC-63394] [-Wx-partial]
    In the use of ‘head’
    (imported from Prelude, but defined in GHC.Internal.List):
    "This is a partial function, it throws an error on empty lists. Use pattern matching, 'Data.List.uncons' or 'Data.Maybe.listToMaybe' instead. Consider refactoring to use "Data.List.NonEmpty"."
     |
1607 | >                       | (head u) == 0     = (n, 0)
     |                            ^^^^

Orthogonals.lhs:1611:44: warning: [GHC-63394] [-Wx-partial]
    In the use of ‘tail’
    (imported from Prelude, but defined in GHC.Internal.List):
    "This is a partial function, it throws an error on empty lists. Replace it with 'drop' 1, or use pattern matching or 'GHC.Internal.Data.List.uncons' instead. Consider refactoring to use "Data.List.NonEmpty"."
     |
1611 | >               | otherwise = eigenket_UT (tail c) (tail e) (x:xs)
     |                                            ^^^^

Orthogonals.lhs:1611:53: warning: [GHC-63394] [-Wx-partial]
    In the use of ‘tail’
    (imported from Prelude, but defined in GHC.Internal.List):
    "This is a partial function, it throws an error on empty lists. Replace it with 'drop' 1, or use pattern matching or 'GHC.Internal.Data.List.uncons' instead. Consider refactoring to use "Data.List.NonEmpty"."
     |
1611 | >               | otherwise = eigenket_UT (tail c) (tail e) (x:xs)
     |                                                     ^^^^

Orthogonals.lhs:1613:36: warning: [GHC-63394] [-Wx-partial]
    In the use of ‘head’
    (imported from Prelude, but defined in GHC.Internal.List):
    "This is a partial function, it throws an error on empty lists. Use pattern matching, 'Data.List.uncons' or 'Data.Maybe.listToMaybe' instead. Consider refactoring to use "Data.List.NonEmpty"."
     |
1613 | >                   x = solve_row (head c) (head e) xs
     |                                    ^^^^

Orthogonals.lhs:1613:45: warning: [GHC-63394] [-Wx-partial]
    In the use of ‘head’
    (imported from Prelude, but defined in GHC.Internal.List):
    "This is a partial function, it throws an error on empty lists. Use pattern matching, 'Data.List.uncons' or 'Data.Maybe.listToMaybe' instead. Consider refactoring to use "Data.List.NonEmpty"."
     |
1613 | >                   x = solve_row (head c) (head e) xs
     |                                             ^^^^

Orthogonals.lhs:1615:13: warning: [GHC-62161] [-Wincomplete-patterns]
    Pattern match(es) are non-exhaustive
    In an equation for ‘solve_row’:
        Patterns of type ‘[p]’, ‘p’, ‘[p]’ not matched: [] _ _
     |
1615 | >           solve_row (v:vs) n x
     |             ^^^^^^^^^^^^^^^^^^^^...

Orthogonals.lhs:1625:31: warning: [GHC-63394] [-Wx-partial]
    In the use of ‘head’
    (imported from Prelude, but defined in GHC.Internal.List):
    "This is a partial function, it throws an error on empty lists. Use pattern matching, 'Data.List.uncons' or 'Data.Maybe.listToMaybe' instead. Consider refactoring to use "Data.List.NonEmpty"."
     |
1625 | >               | all (== 0) (head b') = unit_vector m n
     |                               ^^^^

Orthogonals.lhs:1626:52: warning: [GHC-63394] [-Wx-partial]
    In the use of ‘tail’
    (imported from Prelude, but defined in GHC.Internal.List):
    "This is a partial function, it throws an error on empty lists. Replace it with 'drop' 1, or use pattern matching or 'GHC.Internal.Data.List.uncons' instead. Consider refactoring to use "Data.List.NonEmpty"."
     |
1626 | >               | otherwise            = unit_ket (tail b') (m+1) n
     |                                                    ^^^^

Orthogonals.lhs:1808:22: warning: [GHC-63394] [-Wx-partial]
    In the use of ‘head’
    (imported from Prelude, but defined in GHC.Internal.List):
    "This is a partial function, it throws an error on empty lists. Use pattern matching, 'Data.List.uncons' or 'Data.Maybe.listToMaybe' instead. Consider refactoring to use "Data.List.NonEmpty"."
     |
1808 | >                   (head $ drop n $ head b) : (diagonals' (tail b) (n+1))
     |                      ^^^^

Orthogonals.lhs:1808:38: warning: [GHC-63394] [-Wx-partial]
    In the use of ‘head’
    (imported from Prelude, but defined in GHC.Internal.List):
    "This is a partial function, it throws an error on empty lists. Use pattern matching, 'Data.List.uncons' or 'Data.Maybe.listToMaybe' instead. Consider refactoring to use "Data.List.NonEmpty"."
     |
1808 | >                   (head $ drop n $ head b) : (diagonals' (tail b) (n+1))
     |                                      ^^^^

Orthogonals.lhs:1808:61: warning: [GHC-63394] [-Wx-partial]
    In the use of ‘tail’
    (imported from Prelude, but defined in GHC.Internal.List):
    "This is a partial function, it throws an error on empty lists. Replace it with 'drop' 1, or use pattern matching or 'GHC.Internal.Data.List.uncons' instead. Consider refactoring to use "Data.List.NonEmpty"."
     |
1808 | >                   (head $ drop n $ head b) : (diagonals' (tail b) (n+1))
     |                                                             ^^^^

[3 of 8] Compiling LinearAlgorithms
LinearAlgorithms.hs:114:30: warning: [GHC-63394] [-Wx-partial]
    In the use of ‘tail’
    (imported from Prelude, but defined in GHC.Internal.List):
    "This is a partial function, it throws an error on empty lists. Replace it with 'drop' 1, or use pattern matching or 'GHC.Internal.Data.List.uncons' instead. Consider refactoring to use "Data.List.NonEmpty"."
    |
114 |     | otherwise         = f (tail es) h 1
    |                              ^^^^

LinearAlgorithms.hs:121:38: warning: [GHC-63394] [-Wx-partial]
    In the use of ‘tail’
    (imported from Prelude, but defined in GHC.Internal.List):
    "This is a partial function, it throws an error on empty lists. Replace it with 'drop' 1, or use pattern matching or 'GHC.Internal.Data.List.uncons' instead. Consider refactoring to use "Data.List.NonEmpty"."
    |
121 |             | otherwise         = f (tail bs)  a1 (k+1)
    |                                      ^^^^

LinearAlgorithms.hs:126:41: warning: [GHC-63394] [-Wx-partial]
    In the use of ‘head’
    (imported from Prelude, but defined in GHC.Internal.List):
    "This is a partial function, it throws an error on empty lists. Use pattern matching, 'Data.List.uncons' or 'Data.Maybe.listToMaybe' instead. Consider refactoring to use "Data.List.NonEmpty"."
    |
126 |                 r       = reflection u (head bs)
    |                                         ^^^^

LinearAlgorithms.hs:138:30: warning: [GHC-63394] [-Wx-partial]
    In the use of ‘tail’
    (imported from Prelude, but defined in GHC.Internal.List):
    "This is a partial function, it throws an error on empty lists. Replace it with 'drop' 1, or use pattern matching or 'GHC.Internal.Data.List.uncons' instead. Consider refactoring to use "Data.List.NonEmpty"."
    |
138 |     | otherwise         = f (tail es) h es 1
    |                              ^^^^

LinearAlgorithms.hs:145:38: warning: [GHC-63394] [-Wx-partial]
    In the use of ‘tail’
    (imported from Prelude, but defined in GHC.Internal.List):
    "This is a partial function, it throws an error on empty lists. Replace it with 'drop' 1, or use pattern matching or 'GHC.Internal.Data.List.uncons' instead. Consider refactoring to use "Data.List.NonEmpty"."
    |
145 |             | otherwise         = f (tail bs) a1 p1 (k+1)
    |                                      ^^^^

LinearAlgorithms.hs:151:41: warning: [GHC-63394] [-Wx-partial]
    In the use of ‘head’
    (imported from Prelude, but defined in GHC.Internal.List):
    "This is a partial function, it throws an error on empty lists. Use pattern matching, 'Data.List.uncons' or 'Data.Maybe.listToMaybe' instead. Consider refactoring to use "Data.List.NonEmpty"."
    |
151 |                 r       = reflection u (head bs)
    |                                         ^^^^

LinearAlgorithms.hs:187:38: warning: [GHC-63394] [-Wx-partial]
    In the use of ‘tail’
    (imported from Prelude, but defined in GHC.Internal.List):
    "This is a partial function, it throws an error on empty lists. Replace it with 'drop' 1, or use pattern matching or 'GHC.Internal.Data.List.uncons' instead. Consider refactoring to use "Data.List.NonEmpty"."
    |
187 |             | otherwise         = f (tail bs)  b1 p1 (l+1)
    |                                      ^^^^

LinearAlgorithms.hs:189:38: warning: [GHC-63394] [-Wx-partial]
    In the use of ‘tail’
    (imported from Prelude, but defined in GHC.Internal.List):
    "This is a partial function, it throws an error on empty lists. Replace it with 'drop' 1, or use pattern matching or 'GHC.Internal.Data.List.uncons' instead. Consider refactoring to use "Data.List.NonEmpty"."
    |
189 |                 b1      = [r v |v <- tail b]
    |                                      ^^^^

LinearAlgorithms.hs:192:41: warning: [GHC-63394] [-Wx-partial]
    In the use of ‘head’
    (imported from Prelude, but defined in GHC.Internal.List):
    "This is a partial function, it throws an error on empty lists. Use pattern matching, 'Data.List.uncons' or 'Data.Maybe.listToMaybe' instead. Consider refactoring to use "Data.List.NonEmpty"."
    |
192 |                 r       = reflection u (head bs)
    |                                         ^^^^

LinearAlgorithms.hs:193:52: warning: [GHC-63394] [-Wx-partial]
    In the use of ‘head’
    (imported from Prelude, but defined in GHC.Internal.List):
    "This is a partial function, it throws an error on empty lists. Use pattern matching, 'Data.List.uncons' or 'Data.Maybe.listToMaybe' instead. Consider refactoring to use "Data.List.NonEmpty"."
    |
193 |                 u       = replicate k 0 ++ drop l (head b)
    |                                                    ^^^^

[4 of 8] Compiling EigensystemNum
EigensystemNum.hs:13:15: warning: [GHC-63394] [-Wx-partial]
    In the use of ‘tail’
    (imported from Data.List, but defined in GHC.Internal.List):
    "This is a partial function, it throws an error on empty lists. Replace it with 'drop' 1, or use pattern matching or 'GHC.Internal.Data.List.uncons' instead. Consider refactoring to use "Data.List.NonEmpty"."
   |
13 | powerIter x = tail (iterate
   |               ^^^^

EigensystemNum.hs:36:1: warning: [GHC-94817] [-Wtabs]
    Tab character found here, and in one further location.
    Suggested fix: Please use spaces instead.
   |
36 |                        else limit tol (x1:xs)
   | ^^^^^^^^

[5 of 8] Compiling QuantumVector
QuantumVector.lhs:376:3: warning: [GHC-62161] [-Wincomplete-patterns]
    Pattern match(es) are non-exhaustive
    In an equation for ‘toBra’:
        Patterns of type ‘Ket a’ not matched: KetZero
    |
376 | > toBra (Ket k)           = Bra k
    |   ^^^^^^^^^^^^^^^^^^^^^^^^^^^^^^^...

QuantumVector.lhs:491:3: warning: [GHC-62161] [-Wincomplete-patterns]
    Pattern match(es) are non-exhaustive
    In an equation for ‘toKet’:
        Patterns of type ‘Bra a’ not matched:
            BraZero
            _ :<| BraZero
            _ :<| _ :<| _
            _ :<| _ :<+ _
    |
491 | > toKet (Bra k)            = Ket k
    |   ^^^^^^^^^^^^^^^^^^^^^^^^^^^^^^^^...

QuantumVector.lhs:762:3: warning: [GHC-62161] [-Wincomplete-patterns]
    Pattern match(es) are non-exhaustive
    In an equation for ‘label’:
        Patterns of type ‘t’, ‘Ket t1’ not matched:
            _ KetZero
            _ (_ :|> _)
            _ (_ :+> _)
    |
762 | > label i (Ket x) = Ket (i, x)
    |   ^^^^^^^^^^^^^^^^^^^^^^^^^^^^

QuantumVector.lhs:775:3: warning: [GHC-62161] [-Wincomplete-patterns]
    Pattern match(es) are non-exhaustive
    In an equation for ‘rot’:
        Patterns of type ‘Ket Int’ not matched:
            KetZero
            _ :|> _
            _ :+> _
    |
775 | > rot (Ket 1) = normalize $ Ket (1,1) +> Ket (1,2)
    |   ^^^^^^^^^^^^^^^^^^^^^^^^^^^^^^^^^^^^^^^^^^^^^^^^...

QuantumVector.lhs:871:3: warning: [GHC-62161] [-Wincomplete-patterns]
    Pattern match(es) are non-exhaustive
    In an equation for ‘label'’:
        Patterns of type ‘Ket (a, b)’ not matched:
            KetZero
            _ :|> _
            _ :+> _
    |
871 | > label' (Ket (_, x)) = Ket x
    |   ^^^^^^^^^^^^^^^^^^^^^^^^^^^

QuantumVector.lhs:912:3: warning: [GHC-62161] [-Wincomplete-patterns]
    Pattern match(es) are non-exhaustive
    In an equation for ‘rot'’:
        Patterns of type ‘Ket (Int, Int)’ not matched:
            KetZero
            _ :|> _
            _ :+> _
    |
912 | > rot' (Ket (1,1)) = normalize $ Ket 1 +> Ket 2
    |   ^^^^^^^^^^^^^^^^^^^^^^^^^^^^^^^^^^^^^^^^^^^^^...

[6 of 8] Compiling Eigensystem
Eigensystem.hs:84:1: warning: [GHC-40910] [-Wunused-top-binds]
    Defined but not used: ‘eigenpairs’
   |
84 | eigenpairs n es a
   | ^^^^^^^^^^

Eigensystem.hs:145:1: warning: [GHC-40910] [-Wunused-top-binds]
    Defined but not used: ‘matrixA’
    |
145 | matrixA
    | ^^^^^^^

Eigensystem.hs:156:1: warning: [GHC-40910] [-Wunused-top-binds]
    Defined but not used: ‘opA’
    |
156 | opA     = operator basisA matrixA
    | ^^^

Eigensystem.hs:159:1: warning: [GHC-40910] [-Wunused-top-binds]
    Defined but not used: ‘basisA’
    |
159 | basisA  = map Ket [1..5::Int] -- or: map Ket "abcde", etc.
    | ^^^^^^

[7 of 8] Compiling Roots
Roots.hs:29:38: warning: [GHC-63394] [-Wx-partial]
    In the use of ‘tail’
    (imported from Prelude, but defined in GHC.Internal.List):
    "This is a partial function, it throws an error on empty lists. Replace it with 'drop' 1, or use pattern matching or 'GHC.Internal.Data.List.uncons' instead. Consider refactoring to use "Data.List.NonEmpty"."
   |
29 |                           deflate z (tail fs) (((head fs)+z*(head es)):es)
   |                                      ^^^^

Roots.hs:29:50: warning: [GHC-63394] [-Wx-partial]
    In the use of ‘head’
    (imported from Prelude, but defined in GHC.Internal.List):
    "This is a partial function, it throws an error on empty lists. Use pattern matching, 'Data.List.uncons' or 'Data.Maybe.listToMaybe' instead. Consider refactoring to use "Data.List.NonEmpty"."
   |
29 |                           deflate z (tail fs) (((head fs)+z*(head es)):es)
   |                                                  ^^^^

Roots.hs:29:62: warning: [GHC-63394] [-Wx-partial]
    In the use of ‘head’
    (imported from Prelude, but defined in GHC.Internal.List):
    "This is a partial function, it throws an error on empty lists. Use pattern matching, 'Data.List.uncons' or 'Data.Maybe.listToMaybe' instead. Consider refactoring to use "Data.List.NonEmpty"."
   |
29 |                           deflate z (tail fs) (((head fs)+z*(head es)):es)
   |                                                              ^^^^

[8 of 8] Compiling Tensor
Tensor.lhs:559:3: warning: [GHC-62161] [-Wincomplete-patterns]
    Pattern match(es) are non-exhaustive
    In an equation for ‘contract’:
        Patterns of type ‘Int’, ‘Int’, ‘Tensor’ not matched: _ _ _
    |
559 | > contract m n a
    |   ^^^^^^^^^^^^^^...

