Resolving dependencies...
Build profile: -w ghc-9.10.2 -O1
In order, the following will be built (use -v for more details):
 - hosc-0.21.1 (lib) (first run)
Configuring library for hosc-0.21.1...
Preprocessing library for hosc-0.21.1...
Building library for hosc-0.21.1...
[ 1 of 24] Compiling Sound.Osc.Coding.Convert
[ 2 of 24] Compiling Sound.Osc.Coding.Byte
[ 3 of 24] Compiling Sound.Osc.Coding.Cast
[ 4 of 24] Compiling Sound.Osc.Datum
[ 5 of 24] Compiling Sound.Osc.Packet
[ 6 of 24] Compiling Sound.Osc.Time
[ 7 of 24] Compiling Sound.Osc.Text
[ 8 of 24] Compiling Sound.Osc.Coding.Encode.Builder
[ 9 of 24] Compiling Sound.Osc.Coding.Encode.Base
[10 of 24] Compiling Sound.Osc.Coding.Decode.Binary
[11 of 24] Compiling Sound.Osc.Coding.Decode.Base
[12 of 24] Compiling Sound.Osc.Time.System
[13 of 24] Compiling Sound.Osc.Time.Thread
[14 of 24] Compiling Sound.Osc.Time.Thread.MonadIO
[15 of 24] Compiling Sound.Osc.Wait
[16 of 24] Compiling Sound.Osc.Transport.Fd
[17 of 24] Compiling Sound.Osc.Transport.Monad
[18 of 24] Compiling Sound.Osc.Transport.Fd.Udp
[19 of 24] Compiling Sound.Osc.Transport.Fd.Tcp
[20 of 24] Compiling Sound.Osc.Transport.Fd.Socket
[21 of 24] Compiling Sound.Osc.Time.Timeout
[22 of 24] Compiling Sound.Osc.Core
[23 of 24] Compiling Sound.Osc.Fd
[24 of 24] Compiling Sound.Osc
