Resolving dependencies...
Build profile: -w ghc-9.10.2 -O1
In order, the following will be built (use -v for more details):
 - jsaddle-warp-0.9.9.5 (lib) (first run)
 - jsaddle-warp-0.9.9.5 (test:spec) (first run)
Configuring library for jsaddle-warp-0.9.9.5...
Preprocessing library for jsaddle-warp-0.9.9.5...
Building library for jsaddle-warp-0.9.9.5...
[1 of 3] Compiling Language.Javascript.JSaddle.WebSockets.Compat
[2 of 3] Compiling Language.Javascript.JSaddle.WebSockets
src/Language/Javascript/JSaddle/WebSockets.hs:36:1-25: warning: [GHC-66111] [-Wunused-imports]
    The import of ‘Data.Monoid’ is redundant
      except perhaps to import instances from ‘Data.Monoid’
    To import instances alone, use: import Data.Monoid()
   |
36 | import Data.Monoid ((<>))
   | ^^^^^^^^^^^^^^^^^^^^^^^^^

[3 of 3] Compiling Language.Javascript.JSaddle.Warp
Configuring test suite 'spec' for jsaddle-warp-0.9.9.5...
Preprocessing test suite 'spec' for jsaddle-warp-0.9.9.5...
Building test suite 'spec' for jsaddle-warp-0.9.9.5...
[1 of 4] Compiling Language.Javascript.JSaddle.ObjectSpec
tests/Language/Javascript/JSaddle/ObjectSpec.hs:58:45: warning: [GHC-18042] [-Wtype-defaults]
    • Defaulting the type variable ‘val0’ to type ‘Int’ in the following constraints
        (ToJSVal val0)
          arising from a use of ‘<#’
          at tests/Language/Javascript/JSaddle/ObjectSpec.hs:58:45-46
        (Num val0)
          arising from the literal ‘1’
          at tests/Language/Javascript/JSaddle/ObjectSpec.hs:58:53
    • In a stmt of a 'do' block: (j <# "x") 1
      In the second argument of ‘($)’, namely
        ‘do j <- obj
            (j <# "x") 1
            j ! "x"’
      In the second argument of ‘($)’, namely
        ‘resultShouldBe "1"
           $ do j <- obj
                (j <# "x") 1
                j ! "x"’
   |
58 |       resultShouldBe "1" $ do {j <- obj; (j <# "x") 1; j!"x"}
   |                                             ^^

tests/Language/Javascript/JSaddle/ObjectSpec.hs:62:45: warning: [GHC-18042] [-Wtype-defaults]
    • Defaulting the type variable ‘val0’ to type ‘Int’ in the following constraints
        (ToJSVal val0)
          arising from a use of ‘<##’
          at tests/Language/Javascript/JSaddle/ObjectSpec.hs:62:45-47
        (Num val0)
          arising from the literal ‘1’
          at tests/Language/Javascript/JSaddle/ObjectSpec.hs:62:52
    • In a stmt of a 'do' block: (j <## 6) 1
      In the second argument of ‘($)’, namely
        ‘do j <- obj
            (j <## 6) 1
            j !! 6’
      In the second argument of ‘($)’, namely
        ‘resultShouldBe "1"
           $ do j <- obj
                (j <## 6) 1
                j !! 6’
   |
62 |       resultShouldBe "1" $ do {j <- obj; (j <## 6) 1; j!!6}
   |                                             ^^^

tests/Language/Javascript/JSaddle/ObjectSpec.hs:66:41: warning: [GHC-18042] [-Wtype-defaults]
    • Defaulting the type variable ‘c0’ to type ‘Int’ in the following constraints
        (ToJSVal c0)
          arising from a use of ‘new’
          at tests/Language/Javascript/JSaddle/ObjectSpec.hs:66:41-43
        (Num c0)
          arising from the literal ‘1’
          at tests/Language/Javascript/JSaddle/ObjectSpec.hs:66:68
    • In a stmt of a 'do' block: a <- new (jsg "Date") (2013, 1, 1)
      In the second argument of ‘($)’, namely
        ‘do a <- new (jsg "Date") (2013, 1, 1)
            a ^. js0 "getFullYear"’
      In the second argument of ‘($)’, namely
        ‘resultShouldBe "2013"
           $ do a <- new (jsg "Date") (2013, 1, 1)
                a ^. js0 "getFullYear"’
   |
66 |       resultShouldBe "2013" $ do { a <- new (jsg "Date") (2013, 1, 1); a ^. js0 "getFullYear" }
   |                                         ^^^

tests/Language/Javascript/JSaddle/ObjectSpec.hs:66:41: warning: [GHC-18042] [-Wtype-defaults]
    • Defaulting the type variable ‘b0’ to type ‘Int’ in the following constraints
        (ToJSVal b0)
          arising from a use of ‘new’
          at tests/Language/Javascript/JSaddle/ObjectSpec.hs:66:41-43
        (Num b0)
          arising from the literal ‘1’
          at tests/Language/Javascript/JSaddle/ObjectSpec.hs:66:65
    • In a stmt of a 'do' block: a <- new (jsg "Date") (2013, 1, 1)
      In the second argument of ‘($)’, namely
        ‘do a <- new (jsg "Date") (2013, 1, 1)
            a ^. js0 "getFullYear"’
      In the second argument of ‘($)’, namely
        ‘resultShouldBe "2013"
           $ do a <- new (jsg "Date") (2013, 1, 1)
                a ^. js0 "getFullYear"’
   |
66 |       resultShouldBe "2013" $ do { a <- new (jsg "Date") (2013, 1, 1); a ^. js0 "getFullYear" }
   |                                         ^^^

tests/Language/Javascript/JSaddle/ObjectSpec.hs:66:41: warning: [GHC-18042] [-Wtype-defaults]
    • Defaulting the type variable ‘a0’ to type ‘Int’ in the following constraints
        (ToJSVal a0)
          arising from a use of ‘new’
          at tests/Language/Javascript/JSaddle/ObjectSpec.hs:66:41-43
        (Num a0)
          arising from the literal ‘2013’
          at tests/Language/Javascript/JSaddle/ObjectSpec.hs:66:59-62
    • In a stmt of a 'do' block: a <- new (jsg "Date") (2013, 1, 1)
      In the second argument of ‘($)’, namely
        ‘do a <- new (jsg "Date") (2013, 1, 1)
            a ^. js0 "getFullYear"’
      In the second argument of ‘($)’, namely
        ‘resultShouldBe "2013"
           $ do a <- new (jsg "Date") (2013, 1, 1)
                a ^. js0 "getFullYear"’
   |
66 |       resultShouldBe "2013" $ do { a <- new (jsg "Date") (2013, 1, 1); a ^. js0 "getFullYear" }
   |                                         ^^^

[2 of 4] Compiling Language.Javascript.JSaddle.ValueSpec
tests/Language/Javascript/JSaddle/ValueSpec.hs:5:1: warning: [GHC-66111] [-Wunused-imports]
    The import of ‘Control.Lens.Operators’ is redundant
      except perhaps to import instances from ‘Control.Lens.Operators’
    To import instances alone, use: import Control.Lens.Operators()
  |
5 | import Control.Lens.Operators ((^.))
  | ^^^^^^^^^^^^^^^^^^^^^^^^^^^^^^^^^^^^

tests/Language/Javascript/JSaddle/ValueSpec.hs:43:31: warning: [GHC-18042] [-Wtype-defaults]
    • Defaulting the type variable ‘value0’ to type ‘Int’ in the following constraints
        (ToJSVal value0)
          arising from a use of ‘valToBool’
          at tests/Language/Javascript/JSaddle/ValueSpec.hs:43:31-39
        (Num value0)
          arising from the literal ‘1’
          at tests/Language/Javascript/JSaddle/ValueSpec.hs:43:41
    • In the second argument of ‘($)’, namely ‘valToBool 1’
      In the second argument of ‘($)’, namely
        ‘resultShouldBe "true" $ valToBool 1’
      In a stmt of a 'do' block:
        it "1" $ resultShouldBe "true" $ valToBool 1
   |
43 |       resultShouldBe "true" $ valToBool 1
   |                               ^^^^^^^^^

tests/Language/Javascript/JSaddle/ValueSpec.hs:69:28: warning: [GHC-18042] [-Wtype-defaults]
    • Defaulting the type variable ‘value0’ to type ‘Int’ in the following constraints
        (ToJSVal value0)
          arising from a use of ‘valToNumber’
          at tests/Language/Javascript/JSaddle/ValueSpec.hs:69:28-38
        (Num value0)
          arising from the literal ‘1’
          at tests/Language/Javascript/JSaddle/ValueSpec.hs:69:40
    • In the second argument of ‘($)’, namely ‘valToNumber 1’
      In the second argument of ‘($)’, namely
        ‘resultShouldBe "1" $ valToNumber 1’
      In a stmt of a 'do' block:
        it "1" $ resultShouldBe "1" $ valToNumber 1
   |
69 |       resultShouldBe "1" $ valToNumber 1
   |                            ^^^^^^^^^^^

tests/Language/Javascript/JSaddle/ValueSpec.hs:94:42: warning: [GHC-18042] [-Wtype-defaults]
    • Defaulting the type variable ‘value0’ to type ‘Int’ in the following constraints
        (ToJSVal value0)
          arising from a use of ‘valToStr’
          at tests/Language/Javascript/JSaddle/ValueSpec.hs:94:42-49
        (Num value0)
          arising from the literal ‘1’
          at tests/Language/Javascript/JSaddle/ValueSpec.hs:94:51
    • In the second argument of ‘(<$>)’, namely ‘valToStr 1’
      In the second argument of ‘($)’, namely ‘strToText <$> valToStr 1’
      In the second argument of ‘($)’, namely
        ‘resultShouldBe "1" $ strToText <$> valToStr 1’
   |
94 |       resultShouldBe "1" $ strToText <$> valToStr 1
   |                                          ^^^^^^^^

tests/Language/Javascript/JSaddle/ValueSpec.hs:119:42: warning: [GHC-18042] [-Wtype-defaults]
    • Defaulting the type variable ‘value0’ to type ‘Int’ in the following constraints
        (ToJSVal value0)
          arising from a use of ‘valToJSON’
          at tests/Language/Javascript/JSaddle/ValueSpec.hs:119:42-50
        (Num value0)
          arising from the literal ‘1’
          at tests/Language/Javascript/JSaddle/ValueSpec.hs:119:52
    • In the second argument of ‘(<$>)’, namely ‘valToJSON 1’
      In the second argument of ‘($)’, namely ‘strToText <$> valToJSON 1’
      In the second argument of ‘($)’, namely
        ‘resultShouldBe "1" $ strToText <$> valToJSON 1’
    |
119 |       resultShouldBe "1" $ strToText <$> valToJSON 1
    |                                          ^^^^^^^^^

tests/Language/Javascript/JSaddle/ValueSpec.hs:147:28: warning: [GHC-18042] [-Wtype-defaults]
    • Defaulting the type variable ‘value0’ to type ‘Int’ in the following constraints
        (ToJSVal value0)
          arising from a use of ‘valToObject’
          at tests/Language/Javascript/JSaddle/ValueSpec.hs:147:28-38
        (Num value0)
          arising from the literal ‘1’
          at tests/Language/Javascript/JSaddle/ValueSpec.hs:147:40
    • In the second argument of ‘($)’, namely ‘valToObject 1’
      In the second argument of ‘($)’, namely
        ‘resultShouldBe "1" $ valToObject 1’
      In a stmt of a 'do' block:
        it "1" $ resultShouldBe "1" $ valToObject 1
    |
147 |       resultShouldBe "1" $ valToObject 1
    |                            ^^^^^^^^^^^

[3 of 4] Compiling Language.Javascript.JSaddleSpec
[4 of 4] Compiling Main
[5 of 5] Linking dist-newstyle/build/x86_64-linux/ghc-9.10.2/jsaddle-warp-0.9.9.5/t/spec/build/spec/spec
