Warning: The package description file ./string-combinators.cabal has warnings:
string-combinators.cabal:28:30: version operators used. To use version
operators the package needs to specify at least 'cabal-version: >= 1.8'.
Warning: The package description file
/tmp/workdir-string-combinators/string-combinators-0.6.0.5/string-combinators.cabal
has warnings:
/tmp/workdir-string-combinators/string-combinators-0.6.0.5/string-combinators.cabal:28:30:
version operators used. To use version operators the package needs to specify
at least 'cabal-version: >= 1.8'.
Resolving dependencies...
Build profile: -w ghc-9.10.2 -O1
In order, the following will be built (use -v for more details):
 - string-combinators-0.6.0.5 (lib:string-combinators) (first run)
Warning: string-combinators.cabal:28:30: version operators used. To use
version operators the package needs to specify at least 'cabal-version: >=
1.8'.
Configuring string-combinators-0.6.0.5...
Warning: [git-protocol] Cloning over git:// might lead to an arbitrary code
execution vulnerability. Furthermore, popular forges like GitHub do not
support it. Use https:// or ssh:// instead.
Preprocessing library for string-combinators-0.6.0.5...
Building library for string-combinators-0.6.0.5...
[1 of 1] Compiling Data.String.Combinators
