Resolving dependencies...
Build profile: -w ghc-9.10.2 -O1
In order, the following will be built (use -v for more details):
 - data-interval-2.1.2 (lib) (first run)
 - data-interval-2.1.2 (test:test-interval) (first run)
Configuring library for data-interval-2.1.2...
Preprocessing library for data-interval-2.1.2...
Building library for data-interval-2.1.2...
[1 of 9] Compiling Data.IntegerInterval.Internal
[2 of 9] Compiling Data.Interval.Internal
[3 of 9] Compiling Data.IntervalRelation
[4 of 9] Compiling Data.Interval
src/Data/Interval.hs:92:19: warning: [GHC-38856] [-Wunused-imports]
    The import of ‘foldl'’ from module ‘Data.List’ is redundant
   |
92 | import Data.List (foldl', maximumBy, minimumBy)
   |                   ^^^^^^

src/Data/Interval.hs:418:9: warning: [GHC-62161] [-Wincomplete-uni-patterns]
    Pattern match(es) are non-exhaustive
    In a pattern binding:
        Patterns of type ‘Extended r’ not matched:
            NegInf
            PosInf
    |
418 |         Finite lb = lowerBound j
    |         ^^^^^^^^^^^^^^^^^^^^^^^^

src/Data/Interval.hs:494:11: warning: [GHC-62161] [-Wincomplete-uni-patterns]
    Pattern match(es) are non-exhaustive
    In a pattern binding:
        Patterns of type ‘[r]’ not matched:
            []
            [_]
    |
494 |       let x:y:_ = take 2 $
    |           ^^^^^^^^^^^^^^^^...

[5 of 9] Compiling Data.IntegerInterval
src/Data/IntegerInterval.hs:93:1: warning: [GHC-66111] [-Wunused-imports]
    The import of ‘Data.List’ is redundant
      except perhaps to import instances from ‘Data.List’
    To import instances alone, use: import Data.List()
   |
93 | import Data.List (foldl')
   | ^^^^^^^^^^^^^^^^^^^^^^^^^

src/Data/IntegerInterval.hs:321:28: warning: [GHC-62161] [-Wincomplete-uni-patterns]
    Pattern match(es) are non-exhaustive
    In a pattern binding:
        Patterns of type ‘Extended Integer’ not matched:
            NegInf
            PosInf
    |
321 |   | 0 <! i    = Just $ let Finite x = lowerBound i in x
    |                            ^^^^^^^^^^^^^^^^^^^^^^^

src/Data/IntegerInterval.hs:322:28: warning: [GHC-62161] [-Wincomplete-uni-patterns]
    Pattern match(es) are non-exhaustive
    In a pattern binding:
        Patterns of type ‘Extended Integer’ not matched:
            NegInf
            PosInf
    |
322 |   | i <! 0    = Just $ let Finite x = upperBound i in x
    |                            ^^^^^^^^^^^^^^^^^^^^^^^

[6 of 9] Compiling Data.IntervalSet
src/Data/IntervalSet.hs:71:27: warning: [GHC-38856] [-Wunused-imports]
    The import of ‘foldl'’ from module ‘Data.List’ is redundant
   |
71 | import Data.List (sortBy, foldl')
   |                           ^^^^^^

[7 of 9] Compiling Data.IntervalMap.Base
[8 of 9] Compiling Data.IntervalMap.Strict
src/Data/IntervalMap/Strict.hs:127:1: warning: [GHC-66111] [-Wunused-imports]
    The import of ‘Data.List’ is redundant
      except perhaps to import instances from ‘Data.List’
    To import instances alone, use: import Data.List()
    |
127 | import Data.List (foldl')
    | ^^^^^^^^^^^^^^^^^^^^^^^^^

[9 of 9] Compiling Data.IntervalMap.Lazy
Configuring test suite 'test-interval' for data-interval-2.1.2...
Preprocessing test suite 'test-interval' for data-interval-2.1.2...
Building test suite 'test-interval' for data-interval-2.1.2...
[1 of 7] Compiling TestInstances
[2 of 7] Compiling TestIntegerInterval
[3 of 7] Compiling TestInterval
[4 of 7] Compiling TestIntervalMap
[5 of 7] Compiling TestIntervalRelation
[6 of 7] Compiling TestIntervalSet
[7 of 7] Compiling Main
[8 of 8] Linking dist-newstyle/build/x86_64-linux/ghc-9.10.2/data-interval-2.1.2/t/test-interval/build/test-interval/test-interval
