Resolving dependencies...
Build profile: -w ghc-9.10.2 -O1
In order, the following will be built (use -v for more details):
 - vector-builder-0.3.8.6 (lib) (first run)
 - vector-builder-0.3.8.6 (test:tests) (first run)
Configuring library for vector-builder-0.3.8.6...
Warning: [git-protocol] Cloning over git:// might lead to an arbitrary code
execution vulnerability. Furthermore, popular forges like GitHub do not
support it. Use https:// or ssh:// instead.
Preprocessing library for vector-builder-0.3.8.6...
Building library for vector-builder-0.3.8.6...
[1 of 8] Compiling VectorBuilder.Prelude
[2 of 8] Compiling VectorBuilder.Core.Update
[3 of 8] Compiling VectorBuilder.Core.Builder
[4 of 8] Compiling VectorBuilder.MVector
[5 of 8] Compiling VectorBuilder.Builder
[6 of 8] Compiling VectorBuilder.Vector
[7 of 8] Compiling VectorBuilder.MonadPlus
[8 of 8] Compiling VectorBuilder.Alternative
Configuring test suite 'tests' for vector-builder-0.3.8.6...
Warning: [git-protocol] Cloning over git:// might lead to an arbitrary code
execution vulnerability. Furthermore, popular forges like GitHub do not
support it. Use https:// or ssh:// instead.
Preprocessing test suite 'tests' for vector-builder-0.3.8.6...
Building test suite 'tests' for vector-builder-0.3.8.6...
[1 of 2] Compiling Main.Sample
[2 of 2] Compiling Main
[3 of 3] Linking dist-newstyle/build/x86_64-linux/ghc-9.10.2/vector-builder-0.3.8.6/t/tests/build/tests/tests
