Resolving dependencies...
Build profile: -w ghc-9.10.2 -O1
In order, the following will be built (use -v for more details):
 - directory-ospath-streaming-0.2.2 (lib) (first run)
 - directory-ospath-streaming-0.2.2 (test:test) (first run)
Configuring library for directory-ospath-streaming-0.2.2...
Preprocessing library for directory-ospath-streaming-0.2.2...
Building library for directory-ospath-streaming-0.2.2...
[1 of 7] Compiling System.Directory.OsPath.Types
[2 of 7] Compiling System.Directory.OsPath.FileType
[3 of 7] Compiling System.Directory.OsPath.Utils
[4 of 7] Compiling System.Directory.OsPath.Streaming.Internal.Raw
[5 of 7] Compiling System.Directory.OsPath.Streaming.Internal
[6 of 7] Compiling System.Directory.OsPath.Contents
[7 of 7] Compiling System.Directory.OsPath.Streaming
Configuring test suite 'test' for directory-ospath-streaming-0.2.2...
Preprocessing test suite 'test' for directory-ospath-streaming-0.2.2...
Building test suite 'test' for directory-ospath-streaming-0.2.2...
[1 of 1] Compiling TestMain
[2 of 2] Linking /tmp/workdir-directory-ospath-streaming/directory-ospath-streaming-0.2.2/dist-newstyle/build/x86_64-linux/ghc-9.10.2/directory-ospath-streaming-0.2.2/t/test/build/test/test
