Resolving dependencies...
Build profile: -w ghc-9.10.2 -O1
In order, the following will be built (use -v for more details):
 - retry-0.9.3.1 (lib) (first run)
 - retry-0.9.3.1 (test:test) (first run)
Configuring library for retry-0.9.3.1...
Preprocessing library for retry-0.9.3.1...
Building library for retry-0.9.3.1...
[1 of 2] Compiling Control.Retry
src/Control/Retry.hs:103:1: warning: [GHC-66111] [-Wunused-imports]
    The import of ‘Data.List’ is redundant
      except perhaps to import instances from ‘Data.List’
    To import instances alone, use: import Data.List()
    |
103 | import           Data.List (foldl')
    | ^^^^^^^^^^^^^^^^^^^^^^^^^^^^^^^^^^^

[2 of 2] Compiling UnliftIO.Retry
Configuring test suite 'test' for retry-0.9.3.1...
Preprocessing test suite 'test' for retry-0.9.3.1...
Building test suite 'test' for retry-0.9.3.1...
[1 of 5] Compiling Control.Retry
src/Control/Retry.hs:103:1: warning: [GHC-66111] [-Wunused-imports]
    The import of ‘Data.List’ is redundant
      except perhaps to import instances from ‘Data.List’
    To import instances alone, use: import Data.List()
    |
103 | import           Data.List (foldl')
    | ^^^^^^^^^^^^^^^^^^^^^^^^^^^^^^^^^^^

[2 of 5] Compiling Tests.Control.Retry
test/Tests/Control/Retry.hs:540:8: warning: [GHC-63394] [-Wx-partial]
    In the use of ‘head’
    (imported from Data.List, but defined in GHC.Internal.List):
    "This is a partial function, it throws an error on empty lists. Use pattern matching, 'Data.List.uncons' or 'Data.Maybe.listToMaybe' instead. Consider refactoring to use "Data.List.NonEmpty"."
    |
540 |       (head lst, [])
    |        ^^^^

test/Tests/Control/Retry.hs:541:8: warning: [GHC-63394] [-Wx-partial]
    In the use of ‘tail’
    (imported from Data.List, but defined in GHC.Internal.List):
    "This is a partial function, it throws an error on empty lists. Replace it with 'drop' 1, or use pattern matching or 'GHC.Internal.Data.List.uncons' instead. Consider refactoring to use "Data.List.NonEmpty"."
    |
541 |       (tail lst)
    |        ^^^^

[3 of 5] Compiling UnliftIO.Retry
[4 of 5] Compiling Tests.UnliftIO.Retry
[5 of 5] Compiling Main
[6 of 6] Linking /tmp/workdir-retry/retry-0.9.3.1/dist-newstyle/build/x86_64-linux/ghc-9.10.2/retry-0.9.3.1/t/test/build/test/test
