Resolving dependencies...
Build profile: -w ghc-9.10.2 -O1
In order, the following will be built (use -v for more details):
 - patch-0.0.8.4 (lib) (first run)
 - patch-0.0.8.4 (test:tests) (first run)
Configuring library for patch-0.0.8.4...
Preprocessing library for patch-0.0.8.4...
Building library for patch-0.0.8.4...
[ 1 of 12] Compiling Data.Functor.Misc
[ 2 of 12] Compiling Data.Monoid.DecidablyEmpty
[ 3 of 12] Compiling Data.Patch.Class
[ 4 of 12] Compiling Data.Patch.IntMap
[ 5 of 12] Compiling Data.Patch.Map
[ 6 of 12] Compiling Data.Patch.DMap
[ 7 of 12] Compiling Data.Patch.MapWithPatchingMove
[ 8 of 12] Compiling Data.Patch.MapWithMove
[ 9 of 12] Compiling Data.Patch.DMapWithMove
[10 of 12] Compiling Data.Semigroup.Additive
[11 of 12] Compiling Data.Patch
src/Data/Patch.hs:33:1: warning: [GHC-15328] [-Wdeprecations]
    Module ‘Data.Semigroup.Additive’ is deprecated:
      "Use 'Data.Semigroup.Commutative'"
   |
33 | import Data.Semigroup.Additive as X
   | ^^^^^^^^^^^^^^^^^^^^^^^^^^^^^^^^^^^

[12 of 12] Compiling Data.Patch.PatchOrReplacement
Configuring test suite 'tests' for patch-0.0.8.4...
Preprocessing test suite 'tests' for patch-0.0.8.4...
Building test suite 'tests' for patch-0.0.8.4...
[1 of 1] Compiling Main
[2 of 2] Linking dist-newstyle/build/x86_64-linux/ghc-9.10.2/patch-0.0.8.4/t/tests/build/tests/tests
