Resolving dependencies...
Build profile: -w ghc-9.10.2 -O1
In order, the following will be built (use -v for more details):
 - proto-lens-protoc-0.9.0.0 (lib) (first run)
 - proto-lens-protoc-0.9.0.0 (exe:proto-lens-protoc) (first run)
Configuring library for proto-lens-protoc-0.9.0.0...
Preprocessing library for proto-lens-protoc-0.9.0.0...
Building library for proto-lens-protoc-0.9.0.0...
[1 of 2] Compiling Data.ProtoLens.Compiler.ModuleName
[2 of 2] Compiling Paths_proto_lens_protoc
Configuring executable 'proto-lens-protoc' for proto-lens-protoc-0.9.0.0...
Preprocessing executable 'proto-lens-protoc' for proto-lens-protoc-0.9.0.0...
Building executable 'proto-lens-protoc' for proto-lens-protoc-0.9.0.0...
[ 1 of 14] Compiling Data.ProtoLens.Compiler.Generate.Commented
[ 2 of 14] Compiling Paths_proto_lens_protoc
[ 3 of 14] Compiling Proto.Google.Protobuf.Descriptor
[ 4 of 14] Compiling Proto.Google.Protobuf.Compiler.Plugin_Fields
[ 5 of 14] Compiling Proto.Google.Protobuf.Compiler.Plugin
[ 6 of 14] Compiling Data.ProtoLens.Compiler.Editions.Defaults
[ 7 of 14] Compiling Data.ProtoLens.Compiler.Editions.Features
[ 8 of 14] Compiling Data.ProtoLens.Compiler.Definitions
[ 9 of 14] Compiling Data.ProtoLens.Compiler.Plugin
[10 of 14] Compiling Data.ProtoLens.Compiler.Generate.Field
[11 of 14] Compiling Data.ProtoLens.Compiler.Generate.Encoding
[12 of 14] Compiling Data.ProtoLens.Compiler.Generate
[13 of 14] Compiling Main
[14 of 14] Compiling Proto.Google.Protobuf.Descriptor_Fields
[15 of 15] Linking dist-newstyle/build/x86_64-linux/ghc-9.10.2/proto-lens-protoc-0.9.0.0/x/proto-lens-protoc/build/proto-lens-protoc/proto-lens-protoc
