Resolving dependencies...
Build profile: -w ghc-9.10.2 -O1
In order, the following will be built (use -v for more details):
 - benchpress-0.2.2.25 (lib) (first run)
 - benchpress-0.2.2.25 (exe:example) (first run)
Configuring library for benchpress-0.2.2.25...
Preprocessing library for benchpress-0.2.2.25...
Building library for benchpress-0.2.2.25...
[1 of 2] Compiling Math.Statistics
Math/Statistics.hs:35:19: warning: [GHC-63394] [-Wx-partial]
    In the use of ‘head’
    (imported from Prelude, but defined in GHC.Internal.List):
    "This is a partial function, it throws an error on empty lists. Use pattern matching, 'Data.List.uncons' or 'Data.Maybe.listToMaybe' instead. Consider refactoring to use "Data.List.NonEmpty"."
   |
35 |     | odd n     = head $ drop (n `div` 2) xs'
   |                   ^^^^

[2 of 2] Compiling Test.BenchPress
Test/BenchPress.hs:90:39: warning: [GHC-63394] [-Wx-partial]
    In the use of ‘head’
    (imported from Prelude, but defined in GHC.Internal.List):
    "This is a partial function, it throws an error on empty lists. Use pattern matching, 'Data.List.uncons' or 'Data.Maybe.listToMaybe' instead. Consider refactoring to use "Data.List.NonEmpty"."
   |
90 |                       { min         = head xs
   |                                       ^^^^

Test/BenchPress.hs:99:39: warning: [GHC-63394] [-Wx-partial]
    In the use of ‘head’
    (imported from Prelude, but defined in GHC.Internal.List):
    "This is a partial function, it throws an error on empty lists. Use pattern matching, 'Data.List.uncons' or 'Data.Maybe.listToMaybe' instead. Consider refactoring to use "Data.List.NonEmpty"."
   |
99 |                       { min         = head ys
   |                                       ^^^^

Configuring executable 'example' for benchpress-0.2.2.25...
Preprocessing executable 'example' for benchpress-0.2.2.25...
Building executable 'example' for benchpress-0.2.2.25...
[1 of 3] Compiling Math.Statistics
Math/Statistics.hs:35:19: warning: [GHC-63394] [-Wx-partial]
    In the use of ‘head’
    (imported from Prelude, but defined in GHC.Internal.List):
    "This is a partial function, it throws an error on empty lists. Use pattern matching, 'Data.List.uncons' or 'Data.Maybe.listToMaybe' instead. Consider refactoring to use "Data.List.NonEmpty"."
   |
35 |     | odd n     = head $ drop (n `div` 2) xs'
   |                   ^^^^

[2 of 3] Compiling Test.BenchPress
Test/BenchPress.hs:90:39: warning: [GHC-63394] [-Wx-partial]
    In the use of ‘head’
    (imported from Prelude, but defined in GHC.Internal.List):
    "This is a partial function, it throws an error on empty lists. Use pattern matching, 'Data.List.uncons' or 'Data.Maybe.listToMaybe' instead. Consider refactoring to use "Data.List.NonEmpty"."
   |
90 |                       { min         = head xs
   |                                       ^^^^

Test/BenchPress.hs:99:39: warning: [GHC-63394] [-Wx-partial]
    In the use of ‘head’
    (imported from Prelude, but defined in GHC.Internal.List):
    "This is a partial function, it throws an error on empty lists. Use pattern matching, 'Data.List.uncons' or 'Data.Maybe.listToMaybe' instead. Consider refactoring to use "Data.List.NonEmpty"."
   |
99 |                       { min         = head ys
   |                                       ^^^^

[3 of 3] Compiling Main
[4 of 4] Linking dist-newstyle/build/x86_64-linux/ghc-9.10.2/benchpress-0.2.2.25/x/example/build/example/example
