Resolving dependencies...
Build profile: -w ghc-9.10.2 -O1
In order, the following will be built (use -v for more details):
 - atom-conduit-0.9.0.2 (lib) (first run)
 - atom-conduit-0.9.0.2 (test:unit) (first run)
 - atom-conduit-0.9.0.2 (test:quickcheck) (first run)
 - atom-conduit-0.9.0.2 (test:golden) (first run)
Configuring library for atom-conduit-0.9.0.2...
Warning: [git-protocol] Cloning over git:// might lead to an arbitrary code
execution vulnerability. Furthermore, popular forges like GitHub do not
support it. Use https:// or ssh:// instead.
Preprocessing library for atom-conduit-0.9.0.2...
Building library for atom-conduit-0.9.0.2...
[1 of 5] Compiling Prelude
[2 of 5] Compiling Text.Atom.Types
src/Text/Atom/Types.hs:37:1: warning: [GHC-15328] [-Wdeprecations]
    Module ‘Data.Text.Prettyprint.Doc’ is deprecated:
      "Use \"Prettyprinter\" instead."
   |
37 | import           Data.Text.Prettyprint.Doc
   | ^^^^^^^^^^^^^^^^^^^^^^^^^^^^^^^^^^^^^^^^^^

[3 of 5] Compiling Text.Atom.Lens
[4 of 5] Compiling Text.Atom.Conduit.Render
[5 of 5] Compiling Text.Atom.Conduit.Parse
Configuring test suite 'unit' for atom-conduit-0.9.0.2...
Warning: [git-protocol] Cloning over git:// might lead to an arbitrary code
execution vulnerability. Furthermore, popular forges like GitHub do not
support it. Use https:// or ssh:// instead.
Preprocessing test suite 'unit' for atom-conduit-0.9.0.2...
Building test suite 'unit' for atom-conduit-0.9.0.2...
[1 of 2] Compiling Prelude
[2 of 2] Compiling Main
[3 of 3] Linking dist-newstyle/build/x86_64-linux/ghc-9.10.2/atom-conduit-0.9.0.2/t/unit/build/unit/unit
Configuring test suite 'quickcheck' for atom-conduit-0.9.0.2...
Warning: [git-protocol] Cloning over git:// might lead to an arbitrary code
execution vulnerability. Furthermore, popular forges like GitHub do not
support it. Use https:// or ssh:// instead.
Preprocessing test suite 'quickcheck' for atom-conduit-0.9.0.2...
Building test suite 'quickcheck' for atom-conduit-0.9.0.2...
[1 of 2] Compiling Prelude
[2 of 2] Compiling Main
[3 of 3] Linking dist-newstyle/build/x86_64-linux/ghc-9.10.2/atom-conduit-0.9.0.2/t/quickcheck/build/quickcheck/quickcheck
Configuring test suite 'golden' for atom-conduit-0.9.0.2...
Warning: [git-protocol] Cloning over git:// might lead to an arbitrary code
execution vulnerability. Furthermore, popular forges like GitHub do not
support it. Use https:// or ssh:// instead.
Preprocessing test suite 'golden' for atom-conduit-0.9.0.2...
Building test suite 'golden' for atom-conduit-0.9.0.2...
[1 of 2] Compiling Prelude
[2 of 2] Compiling Main
[3 of 3] Linking dist-newstyle/build/x86_64-linux/ghc-9.10.2/atom-conduit-0.9.0.2/t/golden/build/golden/golden
