Resolving dependencies...
Build profile: -w ghc-9.10.2 -O1
In order, the following will be built (use -v for more details):
 - cabal-plan-0.7.6.1 (lib) (first run)
 - cabal-plan-0.7.6.1 (exe:cabal-plan) (first run)
Configuring library for cabal-plan-0.7.6.1...
Preprocessing library for cabal-plan-0.7.6.1...
Building library for cabal-plan-0.7.6.1...
[1 of 1] Compiling Cabal.Plan
Configuring executable 'cabal-plan' for cabal-plan-0.7.6.1...
Preprocessing executable 'cabal-plan' for cabal-plan-0.7.6.1...
Building executable 'cabal-plan' for cabal-plan-0.7.6.1...
[1 of 6] Compiling CText
src-exe/CText.hs:30:1: warning: [GHC-66111] [-Wunused-imports]
    The import of ‘Data.Semigroup’ is redundant
      except perhaps to import instances from ‘Data.Semigroup’
    To import instances alone, use: import Data.Semigroup()
   |
30 | import           Data.Semigroup             (Semigroup (..))
   | ^^^^^^^^^^^^^^^^^^^^^^^^^^^^^^^^^^^^^^^^^^^^^^^^^^^^^^^^^^^^

src-exe/CText.hs:122:5: warning: [GHC-22705] [-Wnoncanonical-monad-instances]
    Noncanonical ‘pure = return’ definition detected
    in the instance declaration for ‘Applicative CWriter’.
    Suggested fix:
      Move definition from ‘return’ to ‘pure’
      See also: https://gitlab.haskell.org/ghc/ghc/-/wikis/proposal/monad-of-no-return
    |
122 |     pure  = return
    |     ^^^^^^^^^^^^^^

src-exe/CText.hs:126:5: warning: [GHC-22705] [-Wnoncanonical-monad-instances]
    Noncanonical ‘return’ definition detected
    in the instance declaration for ‘Monad CWriter’.
    ‘return’ will eventually be removed in favour of ‘pure’
    Suggested fix:
      Either remove definition for ‘return’ (recommended) or define as ‘return = pure’
      See also: https://gitlab.haskell.org/ghc/ghc/-/wikis/proposal/monad-of-no-return
    |
126 |     return x = CWriter $ \ls -> (ls, x)
    |     ^^^^^^^^^^^^^^^^^^^^^^^^^^^^^^^^^^^

[2 of 6] Compiling Flag
[3 of 6] Compiling LicenseReport
[4 of 6] Compiling Paths_cabal_plan
[5 of 6] Compiling ProcessLazyByteString
[6 of 6] Compiling Main
[7 of 7] Linking dist-newstyle/build/x86_64-linux/ghc-9.10.2/cabal-plan-0.7.6.1/x/cabal-plan/build/cabal-plan/cabal-plan
