Resolving dependencies...
Build profile: -w ghc-9.10.2 -O1
In order, the following will be built (use -v for more details):
 - vty-6.4 (lib) (first run)
Configuring library for vty-6.4...
Preprocessing library for vty-6.4...
Building library for vty-6.4...
[ 1 of 24] Compiling Graphics.Text.Width
src/Graphics/Text/Width.hs:25:1: warning: [GHC-66111] [-Wunused-imports]
    The import of ‘Data.List’ is redundant
      except perhaps to import instances from ‘Data.List’
    To import instances alone, use: import Data.List()
   |
25 | import Data.List (foldl')
   | ^^^^^^^^^^^^^^^^^^^^^^^^^

[ 2 of 24] Compiling Graphics.Vty.Attributes.Color240
[ 3 of 24] Compiling Graphics.Vty.Attributes.Color
[ 4 of 24] Compiling Graphics.Vty.Attributes
[ 5 of 24] Compiling Graphics.Vty.DisplayAttributes
[ 6 of 24] Compiling Graphics.Vty.Error
[ 7 of 24] Compiling Graphics.Vty.Image.Internal
[ 8 of 24] Compiling Graphics.Vty.Image
[ 9 of 24] Compiling Graphics.Vty.Input.Events
[10 of 24] Compiling Graphics.Vty.Input
[11 of 24] Compiling Graphics.Vty.Config
[12 of 24] Compiling Graphics.Vty.Picture
src/Graphics/Vty/Picture.hs:128:12: warning: [GHC-63394] [-Wx-partial]
    In the use of ‘head’
    (imported from Prelude, but defined in GHC.Internal.List):
    "This is a partial function, it throws an error on empty lists. Use pattern matching, 'Data.List.uncons' or 'Data.Maybe.listToMaybe' instead. Consider refactoring to use "Data.List.NonEmpty"."
    |
128 | picImage = head . picLayers
    |            ^^^^

[13 of 24] Compiling Graphics.Vty.Span
[14 of 24] Compiling Graphics.Vty.PictureToSpans
[15 of 24] Compiling Graphics.Vty.Output
[16 of 24] Compiling Graphics.Vty.Output.Mock
[17 of 24] Compiling Graphics.Vty.Debug
[18 of 24] Compiling Graphics.Vty.UnicodeWidthTable.Types
[19 of 24] Compiling Graphics.Vty.UnicodeWidthTable.Query
[20 of 24] Compiling Graphics.Vty.UnicodeWidthTable.Install
[21 of 24] Compiling Graphics.Vty.UnicodeWidthTable.IO
[22 of 24] Compiling Graphics.Vty.UnicodeWidthTable.Main
[23 of 24] Compiling Graphics.Vty
[24 of 24] Compiling Graphics.Vty.Inline
