Resolving dependencies...
Build profile: -w ghc-9.10.2 -O1
In order, the following will be built (use -v for more details):
 - gogol-debugger-1.0.0 (lib) (first run)
Configuring library for gogol-debugger-1.0.0...
Warning: [git-protocol] Cloning over git:// might lead to an arbitrary code
execution vulnerability. Furthermore, popular forges like GitHub do not
support it. Use https:// or ssh:// instead.
Preprocessing library for gogol-debugger-1.0.0...
Building library for gogol-debugger-1.0.0...
[ 1 of 12] Compiling Gogol.Debugger.Internal.Sum
[ 2 of 12] Compiling Gogol.Debugger.Internal.Product
[ 3 of 12] Compiling Gogol.Debugger.Types
[ 4 of 12] Compiling Gogol.Debugger.Clouddebugger.Debugger.Debuggees.List
[ 5 of 12] Compiling Gogol.Debugger.Clouddebugger.Debugger.Debuggees.Breakpoints.Set
[ 6 of 12] Compiling Gogol.Debugger.Clouddebugger.Debugger.Debuggees.Breakpoints.List
[ 7 of 12] Compiling Gogol.Debugger.Clouddebugger.Debugger.Debuggees.Breakpoints.Get
[ 8 of 12] Compiling Gogol.Debugger.Clouddebugger.Debugger.Debuggees.Breakpoints.Delete
[ 9 of 12] Compiling Gogol.Debugger.Clouddebugger.Controller.Debuggees.Register
[10 of 12] Compiling Gogol.Debugger.Clouddebugger.Controller.Debuggees.Breakpoints.Update
[11 of 12] Compiling Gogol.Debugger.Clouddebugger.Controller.Debuggees.Breakpoints.List
[12 of 12] Compiling Gogol.Debugger
