Resolving dependencies...
Build profile: -w ghc-9.10.2 -O1
In order, the following will be built (use -v for more details):
 - core-text-0.3.8.1 (lib) (first run)
Configuring library for core-text-0.3.8.1...
Preprocessing library for core-text-0.3.8.1...
Building library for core-text-0.3.8.1...
[1 of 7] Compiling Core.Text.Bytes
[2 of 7] Compiling Core.Text.Rope
lib/Core/Text/Rope.hs:131:23: warning: [GHC-38856] [-Wunused-imports]
    The import of ‘foldl'’ from module ‘Data.Foldable’ is redundant
    |
131 | import Data.Foldable (foldl', toList)
    |                       ^^^^^^

[3 of 7] Compiling Core.Text.Parsing
lib/Core/Text/Parsing.hs:12:1: warning: [GHC-66111] [-Wunused-imports]
    The import of ‘Data.Foldable’ is redundant
      except perhaps to import instances from ‘Data.Foldable’
    To import instances alone, use: import Data.Foldable()
   |
12 | import Data.Foldable (foldl')
   | ^^^^^^^^^^^^^^^^^^^^^^^^^^^^^

[4 of 7] Compiling Core.Text.Colour
[5 of 7] Compiling Core.Text.Breaking
[6 of 7] Compiling Core.Text.Utilities
[7 of 7] Compiling Core.Text
