Resolving dependencies...
Build profile: -w ghc-9.10.2 -O1
In order, the following will be built (use -v for more details):
 - th-desugar-1.17 (lib) (first run)
 - th-desugar-1.17 (test:spec) (first run)
Configuring library for th-desugar-1.17...
Preprocessing library for th-desugar-1.17...
Building library for th-desugar-1.17...
[ 1 of 14] Compiling Language.Haskell.TH.Desugar.OMap
[ 2 of 14] Compiling Language.Haskell.TH.Desugar.OMap.Strict
[ 3 of 14] Compiling Language.Haskell.TH.Desugar.OSet
[ 4 of 14] Compiling Language.Haskell.TH.Desugar.Util
[ 5 of 14] Compiling Language.Haskell.TH.Desugar.Reify
[ 6 of 14] Compiling Language.Haskell.TH.Desugar.AST
[ 7 of 14] Compiling Language.Haskell.TH.Desugar.Subst
[ 8 of 14] Compiling Language.Haskell.TH.Desugar.FV
[ 9 of 14] Compiling Language.Haskell.TH.Desugar.Core
[10 of 14] Compiling Language.Haskell.TH.Desugar.Sweeten
[11 of 14] Compiling Language.Haskell.TH.Desugar.Match
[12 of 14] Compiling Language.Haskell.TH.Desugar.Expand
[13 of 14] Compiling Language.Haskell.TH.Desugar
[14 of 14] Compiling Language.Haskell.TH.Desugar.Lift
Configuring test suite 'spec' for th-desugar-1.17...
Preprocessing test suite 'spec' for th-desugar-1.17...
Building test suite 'spec' for th-desugar-1.17...
[ 1 of 11] Compiling FakeSums
[ 2 of 11] Compiling FakeTuples
[ 3 of 11] Compiling Splices
[ 4 of 11] Compiling ReifyTypeSigs
[ 5 of 11] Compiling ReifyTypeCUSKs
[ 6 of 11] Compiling DsDec
[ 7 of 11] Compiling Dec
[ 8 of 11] Compiling T158Exp
[ 9 of 11] Compiling T159Decs
[10 of 11] Compiling T183
[11 of 11] Compiling Main
[12 of 12] Linking dist-newstyle/build/x86_64-linux/ghc-9.10.2/th-desugar-1.17/t/spec/build/spec/spec
