Warning: The package description file ./concurrent-split.cabal has warnings:
concurrent-split.cabal:49:16: version operators used. To use version operators
the package needs to specify at least 'cabal-version: >= 1.8'.
Warning: The package description file
/tmp/workdir-concurrent-split/concurrent-split-0.0.1.1/concurrent-split.cabal
has warnings:
/tmp/workdir-concurrent-split/concurrent-split-0.0.1.1/concurrent-split.cabal:49:16:
version operators used. To use version operators the package needs to specify
at least 'cabal-version: >= 1.8'.
Resolving dependencies...
Build profile: -w ghc-9.10.2 -O1
In order, the following will be built (use -v for more details):
 - concurrent-split-0.0.1.1 (lib:concurrent-split) (first run)
Warning: concurrent-split.cabal:49:16: version operators used. To use version
operators the package needs to specify at least 'cabal-version: >= 1.8'.
Configuring concurrent-split-0.0.1.1...
Preprocessing library for concurrent-split-0.0.1.1...
Building library for concurrent-split-0.0.1.1...
[1 of 3] Compiling Control.Concurrent.Split.Class
[2 of 3] Compiling Control.Concurrent.Split.Chan
[3 of 3] Compiling Control.Concurrent.Split.MVar
