Resolving dependencies...
Build profile: -w ghc-9.10.2 -O1
In order, the following will be built (use -v for more details):
 - fbrnch-1.7.1 (exe:fbrnch) (first run)
Configuring executable 'fbrnch' for fbrnch-1.7.1...
Preprocessing executable 'fbrnch' for fbrnch-1.7.1...
Building executable 'fbrnch' for fbrnch-1.7.1...
[ 1 of 58] Compiling Common
[ 2 of 58] Compiling Common.System
[ 3 of 58] Compiling Common.Text
[ 4 of 58] Compiling Bugzilla
[ 5 of 58] Compiling InterleaveOutput
[ 6 of 58] Compiling Pagure
[ 7 of 58] Compiling Branches
[ 8 of 58] Compiling ListReviews
[ 9 of 58] Compiling Cmd.Reviews
[10 of 58] Compiling Git
[11 of 58] Compiling Patch
[12 of 58] Compiling Paths_fbrnch
[13 of 58] Compiling Types
[14 of 58] Compiling Package
[15 of 58] Compiling Cmd.Update
[16 of 58] Compiling RpmBuild
[17 of 58] Compiling Cmd.Switch
[18 of 58] Compiling Cmd.SrcDeps
[19 of 58] Compiling Cmd.Sort
[20 of 58] Compiling Cmd.Push
[21 of 58] Compiling Cmd.Pull
[22 of 58] Compiling Cmd.Owner
[23 of 58] Compiling Cmd.Mock
[24 of 58] Compiling Cmd.Merge
[25 of 58] Compiling Cmd.Local
[26 of 58] Compiling Cmd.ListPackages
[27 of 58] Compiling Cmd.ListBranches
[28 of 58] Compiling Cmd.Fetch
[29 of 58] Compiling Cmd.Diff
[30 of 58] Compiling Cmd.Compare
[31 of 58] Compiling Cmd.Commit
[32 of 58] Compiling Cmd.Clone
[33 of 58] Compiling Cmd.Prep
[34 of 58] Compiling Cmd.Bugs
[35 of 58] Compiling Cmd.Autospec
[36 of 58] Compiling Koji
[37 of 58] Compiling PkgReview
[38 of 58] Compiling Cmd.CreateReview
[39 of 58] Compiling Cmd.Status
[40 of 58] Compiling Cmd.SideTags
[41 of 58] Compiling Cmd.RequestBranch
[42 of 58] Compiling Cmd.Import
[43 of 58] Compiling Cmd.RequestRepo
[44 of 58] Compiling Cmd.FTBFS
[45 of 58] Compiling Cmd.Bump
[46 of 58] Compiling Cmd.Unpushed
[47 of 58] Compiling Cmd.WaitRepo
[48 of 58] Compiling Cmd.UpdateReview
[49 of 58] Compiling Cmd.Scratch
[50 of 58] Compiling Cmd.Copr
[51 of 58] Compiling Bodhi
[52 of 58] Compiling Repoquery
[53 of 58] Compiling Cmd.Install
[54 of 58] Compiling Cmd.ReviewPackage
[55 of 58] Compiling Cmd.Parallel
[56 of 58] Compiling Cmd.Override
[57 of 58] Compiling Cmd.Build
[58 of 58] Compiling Main
[59 of 59] Linking dist-newstyle/build/x86_64-linux/ghc-9.10.2/fbrnch-1.7.1/x/fbrnch/build/fbrnch/fbrnch
