Resolving dependencies...
Build profile: -w ghc-9.10.2 -O1
In order, the following will be built (use -v for more details):
 - singletons-th-3.4 (lib) (first run)
Configuring library for singletons-th-3.4...
Preprocessing library for singletons-th-3.4...
Building library for singletons-th-3.4...
[ 1 of 30] Compiling Data.Singletons.TH.SuppressUnusedWarnings
[ 2 of 30] Compiling Data.Singletons.TH.Syntax
[ 3 of 30] Compiling Data.Singletons.TH.Util
[ 4 of 30] Compiling Data.Singletons.TH.Names
[ 5 of 30] Compiling Data.Singletons.TH.Options
[ 6 of 30] Compiling Data.Singletons.TH.Single.Fixity
[ 7 of 30] Compiling Data.Singletons.TH.Promote.Type
[ 8 of 30] Compiling Data.Singletons.TH.Single.Ord
[ 9 of 30] Compiling Data.Singletons.TH.Promote.Monad
[10 of 30] Compiling Data.Singletons.TH.Single.Monad
[11 of 30] Compiling Data.Singletons.TH.Single.Type
[12 of 30] Compiling Data.Singletons.TH.Promote.Defun
[13 of 30] Compiling Data.Singletons.TH.Single.Defun
[14 of 30] Compiling Data.Singletons.TH.Single.Data
[15 of 30] Compiling Data.Singletons.TH.Deriving.Util
[16 of 30] Compiling Data.Singletons.TH.Deriving.Infer
[17 of 30] Compiling Data.Singletons.TH.Single.Decide
[18 of 30] Compiling Data.Singletons.TH.Deriving.Traversable
[19 of 30] Compiling Data.Singletons.TH.Deriving.Show
[20 of 30] Compiling Data.Singletons.TH.Deriving.Ord
[21 of 30] Compiling Data.Singletons.TH.Deriving.Foldable
[22 of 30] Compiling Data.Singletons.TH.Deriving.Functor
[23 of 30] Compiling Data.Singletons.TH.Deriving.Eq
[24 of 30] Compiling Data.Singletons.TH.Deriving.Enum
[25 of 30] Compiling Data.Singletons.TH.Deriving.Bounded
[26 of 30] Compiling Data.Singletons.TH.Partition
[27 of 30] Compiling Data.Singletons.TH.Promote
[28 of 30] Compiling Data.Singletons.TH.Single
[29 of 30] Compiling Data.Singletons.TH
[30 of 30] Compiling Data.Singletons.TH.CustomStar
