Resolving dependencies...
Build profile: -w ghc-9.10.2 -O1
In order, the following will be built (use -v for more details):
 - yesod-static-1.6.1.0 (lib) (first run)
 - yesod-static-1.6.1.0 (test:tests) (first run)
Configuring library for yesod-static-1.6.1.0...
Preprocessing library for yesod-static-1.6.1.0...
Building library for yesod-static-1.6.1.0...
[1 of 7] Compiling Yesod.EmbeddedStatic.Types
[2 of 7] Compiling Yesod.EmbeddedStatic.Generators
Yesod/EmbeddedStatic/Generators.hs:252:32: warning: [GHC-63394] [-Wx-partial]
    In the use of ‘head’
    (imported from Prelude, but defined in GHC.Internal.List):
    "This is a partial function, it throws an error on empty lists. Use pattern matching, 'Data.List.uncons' or 'Data.Maybe.listToMaybe' instead. Consider refactoring to use "Data.List.NonEmpty"."
    |
252 |                     | isDigit (head name) -> '_' : name
    |                                ^^^^

Yesod/EmbeddedStatic/Generators.hs:253:32: warning: [GHC-63394] [-Wx-partial]
    In the use of ‘head’
    (imported from Prelude, but defined in GHC.Internal.List):
    "This is a partial function, it throws an error on empty lists. Use pattern matching, 'Data.List.uncons' or 'Data.Maybe.listToMaybe' instead. Consider refactoring to use "Data.List.NonEmpty"."
    |
253 |                     | isLower (head name) -> name
    |                                ^^^^

[3 of 7] Compiling Yesod.Static
Yesod/Static.hs:91:1: warning: [GHC-66111] [-Wunused-imports]
    The import of ‘Data.List’ is redundant
      except perhaps to import instances from ‘Data.List’
    To import instances alone, use: import Data.List()
   |
91 | import Data.List (foldl')
   | ^^^^^^^^^^^^^^^^^^^^^^^^^

Yesod/Static.hs:398:36: warning: [GHC-63394] [-Wx-partial]
    In the use of ‘head’
    (imported from Prelude, but defined in GHC.Internal.List):
    "This is a partial function, it throws an error on empty lists. Use pattern matching, 'Data.List.uncons' or 'Data.Maybe.listToMaybe' instead. Consider refactoring to use "Data.List.NonEmpty"."
    |
398 |                         | isDigit (head name') -> '_' : name'
    |                                    ^^^^

Yesod/Static.hs:399:36: warning: [GHC-63394] [-Wx-partial]
    In the use of ‘head’
    (imported from Prelude, but defined in GHC.Internal.List):
    "This is a partial function, it throws an error on empty lists. Use pattern matching, 'Data.List.uncons' or 'Data.Maybe.listToMaybe' instead. Consider refactoring to use "Data.List.NonEmpty"."
    |
399 |                         | isLower (head name') -> name'
    |                                    ^^^^

[4 of 7] Compiling Yesod.EmbeddedStatic.Internal
[5 of 7] Compiling Yesod.EmbeddedStatic
[6 of 7] Compiling Yesod.EmbeddedStatic.Css.Util
Yesod/EmbeddedStatic/Css/Util.hs:7:1: warning: [GHC-66111] [-Wunused-imports]
    The import of ‘Data.Monoid’ is redundant
      except perhaps to import instances from ‘Data.Monoid’
    To import instances alone, use: import Data.Monoid()
  |
7 | import Data.Monoid
  | ^^^^^^^^^^^^^^^^^^

[7 of 7] Compiling Yesod.EmbeddedStatic.Css.AbsoluteUrl
Configuring test suite 'tests' for yesod-static-1.6.1.0...
Preprocessing test suite 'tests' for yesod-static-1.6.1.0...
Building test suite 'tests' for yesod-static-1.6.1.0...
[ 1 of 12] Compiling Yesod.EmbeddedStatic.Types
[ 2 of 12] Compiling Yesod.EmbeddedStatic.Generators
Yesod/EmbeddedStatic/Generators.hs:252:32: warning: [GHC-63394] [-Wx-partial]
    In the use of ‘head’
    (imported from Prelude, but defined in GHC.Internal.List):
    "This is a partial function, it throws an error on empty lists. Use pattern matching, 'Data.List.uncons' or 'Data.Maybe.listToMaybe' instead. Consider refactoring to use "Data.List.NonEmpty"."
    |
252 |                     | isDigit (head name) -> '_' : name
    |                                ^^^^

Yesod/EmbeddedStatic/Generators.hs:253:32: warning: [GHC-63394] [-Wx-partial]
    In the use of ‘head’
    (imported from Prelude, but defined in GHC.Internal.List):
    "This is a partial function, it throws an error on empty lists. Use pattern matching, 'Data.List.uncons' or 'Data.Maybe.listToMaybe' instead. Consider refactoring to use "Data.List.NonEmpty"."
    |
253 |                     | isLower (head name) -> name
    |                                ^^^^

[ 3 of 12] Compiling GeneratorTestUtil
[ 4 of 12] Compiling FileGeneratorTests
Creating out.txt
Creating out2.txt
[ 5 of 12] Compiling EmbedTestGenerator
[ 6 of 12] Compiling Yesod.Static
Yesod/Static.hs:91:1: warning: [GHC-66111] [-Wunused-imports]
    The import of ‘Data.List’ is redundant
      except perhaps to import instances from ‘Data.List’
    To import instances alone, use: import Data.List()
   |
91 | import Data.List (foldl')
   | ^^^^^^^^^^^^^^^^^^^^^^^^^

Yesod/Static.hs:398:36: warning: [GHC-63394] [-Wx-partial]
    In the use of ‘head’
    (imported from Prelude, but defined in GHC.Internal.List):
    "This is a partial function, it throws an error on empty lists. Use pattern matching, 'Data.List.uncons' or 'Data.Maybe.listToMaybe' instead. Consider refactoring to use "Data.List.NonEmpty"."
    |
398 |                         | isDigit (head name') -> '_' : name'
    |                                    ^^^^

Yesod/Static.hs:399:36: warning: [GHC-63394] [-Wx-partial]
    In the use of ‘head’
    (imported from Prelude, but defined in GHC.Internal.List):
    "This is a partial function, it throws an error on empty lists. Use pattern matching, 'Data.List.uncons' or 'Data.Maybe.listToMaybe' instead. Consider refactoring to use "Data.List.NonEmpty"."
    |
399 |                         | isLower (head name') -> name'
    |                                    ^^^^

[ 7 of 12] Compiling Yesod.EmbeddedStatic.Internal
[ 8 of 12] Compiling Yesod.EmbeddedStatic
[ 9 of 12] Compiling EmbedProductionTest
[10 of 12] Compiling EmbedDevelTest
[11 of 12] Compiling YesodStaticTest
[12 of 12] Compiling Main
[13 of 13] Linking /tmp/workdir-yesod-static/yesod-static-1.6.1.0/dist-newstyle/build/x86_64-linux/ghc-9.10.2/yesod-static-1.6.1.0/t/tests/build/tests/tests
