Resolving dependencies...
Build profile: -w ghc-9.10.2 -O1
In order, the following will be built (use -v for more details):
 - gogol-tagmanager-1.0.0 (lib) (first run)
Configuring library for gogol-tagmanager-1.0.0...
Preprocessing library for gogol-tagmanager-1.0.0...
Building library for gogol-tagmanager-1.0.0...
[  1 of 108] Compiling Gogol.TagManager.Internal.Sum
[  2 of 108] Compiling Gogol.TagManager.Internal.Product
[  3 of 108] Compiling Gogol.TagManager.Types
[  4 of 108] Compiling Gogol.TagManager.Accounts.User_permissions.Update
[  5 of 108] Compiling Gogol.TagManager.Accounts.User_permissions.List
[  6 of 108] Compiling Gogol.TagManager.Accounts.User_permissions.Get
[  7 of 108] Compiling Gogol.TagManager.Accounts.User_permissions.Delete
[  8 of 108] Compiling Gogol.TagManager.Accounts.User_permissions.Create
[  9 of 108] Compiling Gogol.TagManager.Accounts.Update
[ 10 of 108] Compiling Gogol.TagManager.Accounts.List
[ 11 of 108] Compiling Gogol.TagManager.Accounts.Get
[ 12 of 108] Compiling Gogol.TagManager.Accounts.Containers.Workspaces.Zones.Update
[ 13 of 108] Compiling Gogol.TagManager.Accounts.Containers.Workspaces.Zones.Revert
[ 14 of 108] Compiling Gogol.TagManager.Accounts.Containers.Workspaces.Zones.List
[ 15 of 108] Compiling Gogol.TagManager.Accounts.Containers.Workspaces.Zones.Get
[ 16 of 108] Compiling Gogol.TagManager.Accounts.Containers.Workspaces.Zones.Delete
[ 17 of 108] Compiling Gogol.TagManager.Accounts.Containers.Workspaces.Zones.Create
[ 18 of 108] Compiling Gogol.TagManager.Accounts.Containers.Workspaces.Variables.Update
[ 19 of 108] Compiling Gogol.TagManager.Accounts.Containers.Workspaces.Variables.Revert
[ 20 of 108] Compiling Gogol.TagManager.Accounts.Containers.Workspaces.Variables.List
[ 21 of 108] Compiling Gogol.TagManager.Accounts.Containers.Workspaces.Variables.Get
[ 22 of 108] Compiling Gogol.TagManager.Accounts.Containers.Workspaces.Variables.Delete
[ 23 of 108] Compiling Gogol.TagManager.Accounts.Containers.Workspaces.Variables.Create
[ 24 of 108] Compiling Gogol.TagManager.Accounts.Containers.Workspaces.Update
[ 25 of 108] Compiling Gogol.TagManager.Accounts.Containers.Workspaces.Triggers.Update
[ 26 of 108] Compiling Gogol.TagManager.Accounts.Containers.Workspaces.Triggers.Revert
[ 27 of 108] Compiling Gogol.TagManager.Accounts.Containers.Workspaces.Triggers.List
[ 28 of 108] Compiling Gogol.TagManager.Accounts.Containers.Workspaces.Triggers.Get
[ 29 of 108] Compiling Gogol.TagManager.Accounts.Containers.Workspaces.Triggers.Delete
[ 30 of 108] Compiling Gogol.TagManager.Accounts.Containers.Workspaces.Triggers.Create
[ 31 of 108] Compiling Gogol.TagManager.Accounts.Containers.Workspaces.Transformations.Update
[ 32 of 108] Compiling Gogol.TagManager.Accounts.Containers.Workspaces.Transformations.Revert
[ 33 of 108] Compiling Gogol.TagManager.Accounts.Containers.Workspaces.Transformations.List
[ 34 of 108] Compiling Gogol.TagManager.Accounts.Containers.Workspaces.Transformations.Get
[ 35 of 108] Compiling Gogol.TagManager.Accounts.Containers.Workspaces.Transformations.Delete
[ 36 of 108] Compiling Gogol.TagManager.Accounts.Containers.Workspaces.Transformations.Create
[ 37 of 108] Compiling Gogol.TagManager.Accounts.Containers.Workspaces.Templates.Update
[ 38 of 108] Compiling Gogol.TagManager.Accounts.Containers.Workspaces.Templates.Revert
[ 39 of 108] Compiling Gogol.TagManager.Accounts.Containers.Workspaces.Templates.List
[ 40 of 108] Compiling Gogol.TagManager.Accounts.Containers.Workspaces.Templates.Get
[ 41 of 108] Compiling Gogol.TagManager.Accounts.Containers.Workspaces.Templates.Delete
[ 42 of 108] Compiling Gogol.TagManager.Accounts.Containers.Workspaces.Templates.Create
[ 43 of 108] Compiling Gogol.TagManager.Accounts.Containers.Workspaces.Tags.Update
[ 44 of 108] Compiling Gogol.TagManager.Accounts.Containers.Workspaces.Tags.Revert
[ 45 of 108] Compiling Gogol.TagManager.Accounts.Containers.Workspaces.Tags.List
[ 46 of 108] Compiling Gogol.TagManager.Accounts.Containers.Workspaces.Tags.Get
[ 47 of 108] Compiling Gogol.TagManager.Accounts.Containers.Workspaces.Tags.Delete
[ 48 of 108] Compiling Gogol.TagManager.Accounts.Containers.Workspaces.Tags.Create
[ 49 of 108] Compiling Gogol.TagManager.Accounts.Containers.Workspaces.Sync
[ 50 of 108] Compiling Gogol.TagManager.Accounts.Containers.Workspaces.Resolve_conflict
[ 51 of 108] Compiling Gogol.TagManager.Accounts.Containers.Workspaces.Quick_preview
[ 52 of 108] Compiling Gogol.TagManager.Accounts.Containers.Workspaces.List
[ 53 of 108] Compiling Gogol.TagManager.Accounts.Containers.Workspaces.Gtag_config.Update
[ 54 of 108] Compiling Gogol.TagManager.Accounts.Containers.Workspaces.Gtag_config.List
[ 55 of 108] Compiling Gogol.TagManager.Accounts.Containers.Workspaces.Gtag_config.Get
[ 56 of 108] Compiling Gogol.TagManager.Accounts.Containers.Workspaces.Gtag_config.Delete
[ 57 of 108] Compiling Gogol.TagManager.Accounts.Containers.Workspaces.Gtag_config.Create
[ 58 of 108] Compiling Gogol.TagManager.Accounts.Containers.Workspaces.GetStatus
[ 59 of 108] Compiling Gogol.TagManager.Accounts.Containers.Workspaces.Get
[ 60 of 108] Compiling Gogol.TagManager.Accounts.Containers.Workspaces.Folders.Update
[ 61 of 108] Compiling Gogol.TagManager.Accounts.Containers.Workspaces.Folders.Revert
[ 62 of 108] Compiling Gogol.TagManager.Accounts.Containers.Workspaces.Folders.Move_entities_to_folder
[ 63 of 108] Compiling Gogol.TagManager.Accounts.Containers.Workspaces.Folders.List
[ 64 of 108] Compiling Gogol.TagManager.Accounts.Containers.Workspaces.Folders.Get
[ 65 of 108] Compiling Gogol.TagManager.Accounts.Containers.Workspaces.Folders.Entities
[ 66 of 108] Compiling Gogol.TagManager.Accounts.Containers.Workspaces.Folders.Delete
[ 67 of 108] Compiling Gogol.TagManager.Accounts.Containers.Workspaces.Folders.Create
[ 68 of 108] Compiling Gogol.TagManager.Accounts.Containers.Workspaces.Delete
[ 69 of 108] Compiling Gogol.TagManager.Accounts.Containers.Workspaces.Create_version
[ 70 of 108] Compiling Gogol.TagManager.Accounts.Containers.Workspaces.Create
[ 71 of 108] Compiling Gogol.TagManager.Accounts.Containers.Workspaces.Clients.Update
[ 72 of 108] Compiling Gogol.TagManager.Accounts.Containers.Workspaces.Clients.Revert
[ 73 of 108] Compiling Gogol.TagManager.Accounts.Containers.Workspaces.Clients.List
[ 74 of 108] Compiling Gogol.TagManager.Accounts.Containers.Workspaces.Clients.Get
[ 75 of 108] Compiling Gogol.TagManager.Accounts.Containers.Workspaces.Clients.Delete
[ 76 of 108] Compiling Gogol.TagManager.Accounts.Containers.Workspaces.Clients.Create
[ 77 of 108] Compiling Gogol.TagManager.Accounts.Containers.Workspaces.Built_in_variables.Revert
[ 78 of 108] Compiling Gogol.TagManager.Accounts.Containers.Workspaces.Built_in_variables.List
[ 79 of 108] Compiling Gogol.TagManager.Accounts.Containers.Workspaces.Built_in_variables.Delete
[ 80 of 108] Compiling Gogol.TagManager.Accounts.Containers.Workspaces.Built_in_variables.Create
[ 81 of 108] Compiling Gogol.TagManager.Accounts.Containers.Versions.Update
[ 82 of 108] Compiling Gogol.TagManager.Accounts.Containers.Versions.Undelete
[ 83 of 108] Compiling Gogol.TagManager.Accounts.Containers.Versions.Set_latest
[ 84 of 108] Compiling Gogol.TagManager.Accounts.Containers.Versions.Publish
[ 85 of 108] Compiling Gogol.TagManager.Accounts.Containers.Versions.Live
[ 86 of 108] Compiling Gogol.TagManager.Accounts.Containers.Versions.Get
[ 87 of 108] Compiling Gogol.TagManager.Accounts.Containers.Versions.Delete
[ 88 of 108] Compiling Gogol.TagManager.Accounts.Containers.Version_headers.List
[ 89 of 108] Compiling Gogol.TagManager.Accounts.Containers.Version_headers.Latest
[ 90 of 108] Compiling Gogol.TagManager.Accounts.Containers.Update
[ 91 of 108] Compiling Gogol.TagManager.Accounts.Containers.Snippet
[ 92 of 108] Compiling Gogol.TagManager.Accounts.Containers.Move_tag_id
[ 93 of 108] Compiling Gogol.TagManager.Accounts.Containers.Lookup
[ 94 of 108] Compiling Gogol.TagManager.Accounts.Containers.List
[ 95 of 108] Compiling Gogol.TagManager.Accounts.Containers.Get
[ 96 of 108] Compiling Gogol.TagManager.Accounts.Containers.Environments.Update
[ 97 of 108] Compiling Gogol.TagManager.Accounts.Containers.Environments.Reauthorize
[ 98 of 108] Compiling Gogol.TagManager.Accounts.Containers.Environments.List
[ 99 of 108] Compiling Gogol.TagManager.Accounts.Containers.Environments.Get
[100 of 108] Compiling Gogol.TagManager.Accounts.Containers.Environments.Delete
[101 of 108] Compiling Gogol.TagManager.Accounts.Containers.Environments.Create
[102 of 108] Compiling Gogol.TagManager.Accounts.Containers.Destinations.List
[103 of 108] Compiling Gogol.TagManager.Accounts.Containers.Destinations.Link
[104 of 108] Compiling Gogol.TagManager.Accounts.Containers.Destinations.Get
[105 of 108] Compiling Gogol.TagManager.Accounts.Containers.Delete
[106 of 108] Compiling Gogol.TagManager.Accounts.Containers.Create
[107 of 108] Compiling Gogol.TagManager.Accounts.Containers.Combine
[108 of 108] Compiling Gogol.TagManager
