Resolving dependencies...
Build profile: -w ghc-9.10.2 -O1
In order, the following will be built (use -v for more details):
 - gi-gtksource-5.0.2 (lib:gi-gtksource) (first run)
[1 of 2] Compiling Main             ( dist-newstyle/build/x86_64-linux/ghc-9.10.2/gi-gtksource-5.0.2/setup/setup.hs, dist-newstyle/build/x86_64-linux/ghc-9.10.2/gi-gtksource-5.0.2/setup/Main.o )
[2 of 2] Linking dist-newstyle/build/x86_64-linux/ghc-9.10.2/gi-gtksource-5.0.2/setup/setup
Configuring gi-gtksource-5.0.2...
[1 of 3] Compiling GI.GtkSource.Config ( GI/GtkSource/Config.hs, dist-newstyle/build/x86_64-linux/ghc-9.10.2/gi-gtksource-5.0.2/setup/GI/GtkSource/Config.o )
[2 of 3] Compiling Main             ( dist-newstyle/build/x86_64-linux/ghc-9.10.2/gi-gtksource-5.0.2/setup/setup.hs, dist-newstyle/build/x86_64-linux/ghc-9.10.2/gi-gtksource-5.0.2/setup/Main.o ) [GI.GtkSource.Config added]
[3 of 3] Linking dist-newstyle/build/x86_64-linux/ghc-9.10.2/gi-gtksource-5.0.2/setup/setup [Objects changed]
Preprocessing library for gi-gtksource-5.0.2...
Building library for gi-gtksource-5.0.2...
[ 1 of 57] Compiling GI.GtkSource
[ 2 of 57] Compiling GI.GtkSource.Callbacks
[ 3 of 57] Compiling GI.GtkSource.Config
[ 4 of 57] Compiling GI.GtkSource.Constants
[ 5 of 57] Compiling GI.GtkSource.Enums
[ 6 of 57] Compiling GI.GtkSource.Flags
[ 7 of 57] Compiling GI.GtkSource.Functions
[ 8 of 57] Compiling GI.GtkSource.Interfaces
[ 9 of 57] Compiling GI.GtkSource.Interfaces.CompletionProposal
[10 of 57] Compiling GI.GtkSource.Interfaces.CompletionProvider
[11 of 57] Compiling GI.GtkSource.Interfaces.HoverProvider
[12 of 57] Compiling GI.GtkSource.Interfaces.Indenter
[13 of 57] Compiling GI.GtkSource.Interfaces.StyleSchemeChooser
[14 of 57] Compiling GI.GtkSource.Objects
[15 of 57] Compiling GI.GtkSource.Objects.Buffer
[16 of 57] Compiling GI.GtkSource.Objects.Completion
[17 of 57] Compiling GI.GtkSource.Objects.CompletionCell
[18 of 57] Compiling GI.GtkSource.Objects.CompletionContext
[19 of 57] Compiling GI.GtkSource.Objects.CompletionSnippets
[20 of 57] Compiling GI.GtkSource.Objects.CompletionWords
[21 of 57] Compiling GI.GtkSource.Objects.File
[22 of 57] Compiling GI.GtkSource.Objects.FileLoader
[23 of 57] Compiling GI.GtkSource.Objects.FileSaver
[24 of 57] Compiling GI.GtkSource.Objects.Gutter
[25 of 57] Compiling GI.GtkSource.Objects.GutterLines
[26 of 57] Compiling GI.GtkSource.Objects.GutterRenderer
[27 of 57] Compiling GI.GtkSource.Objects.GutterRendererPixbuf
[28 of 57] Compiling GI.GtkSource.Objects.GutterRendererText
[29 of 57] Compiling GI.GtkSource.Objects.Hover
[30 of 57] Compiling GI.GtkSource.Objects.HoverContext
[31 of 57] Compiling GI.GtkSource.Objects.HoverDisplay
[32 of 57] Compiling GI.GtkSource.Objects.Language
[33 of 57] Compiling GI.GtkSource.Objects.LanguageManager
[34 of 57] Compiling GI.GtkSource.Objects.Map
[35 of 57] Compiling GI.GtkSource.Objects.Mark
[36 of 57] Compiling GI.GtkSource.Objects.MarkAttributes
[37 of 57] Compiling GI.GtkSource.Objects.PrintCompositor
[38 of 57] Compiling GI.GtkSource.Objects.Region
[39 of 57] Compiling GI.GtkSource.Objects.SearchContext
[40 of 57] Compiling GI.GtkSource.Objects.SearchSettings
[41 of 57] Compiling GI.GtkSource.Objects.Snippet
[42 of 57] Compiling GI.GtkSource.Objects.SnippetChunk
[43 of 57] Compiling GI.GtkSource.Objects.SnippetContext
[44 of 57] Compiling GI.GtkSource.Objects.SnippetManager
[45 of 57] Compiling GI.GtkSource.Objects.SpaceDrawer
[46 of 57] Compiling GI.GtkSource.Objects.Style
[47 of 57] Compiling GI.GtkSource.Objects.StyleScheme
[48 of 57] Compiling GI.GtkSource.Objects.StyleSchemeChooserButton
[49 of 57] Compiling GI.GtkSource.Objects.StyleSchemeChooserWidget
[50 of 57] Compiling GI.GtkSource.Objects.StyleSchemeManager
[51 of 57] Compiling GI.GtkSource.Objects.StyleSchemePreview
[52 of 57] Compiling GI.GtkSource.Objects.Tag
[53 of 57] Compiling GI.GtkSource.Objects.View
[54 of 57] Compiling GI.GtkSource.Objects.VimIMContext
[55 of 57] Compiling GI.GtkSource.Structs
[56 of 57] Compiling GI.GtkSource.Structs.Encoding
[57 of 57] Compiling GI.GtkSource.Structs.RegionIter
