Warning: The package description file ./bitarray.cabal has warnings:
bitarray.cabal:19:36: version operators used. To use version operators the
package needs to specify at least 'cabal-version: >= 1.8'.
Warning: The package description file
/tmp/workdir-bitarray/bitarray-0.0.1.1/bitarray.cabal has warnings:
/tmp/workdir-bitarray/bitarray-0.0.1.1/bitarray.cabal:19:36: version operators
used. To use version operators the package needs to specify at least
'cabal-version: >= 1.8'.
Resolving dependencies...
Build profile: -w ghc-9.10.2 -O1
In order, the following will be built (use -v for more details):
 - bitarray-0.0.1.1 (lib:bitarray) (first run)
Warning: bitarray.cabal:19:36: version operators used. To use version
operators the package needs to specify at least 'cabal-version: >= 1.8'.
Configuring bitarray-0.0.1.1...
Preprocessing library for bitarray-0.0.1.1...
Building library for bitarray-0.0.1.1...
[1 of 4] Compiling Data.BitArray.Immutable
[2 of 4] Compiling Data.BitArray.IO
Data/BitArray/IO.hs:49:5: warning: [GHC-63397] [-Wname-shadowing]
    This binding for ‘words’ shadows the existing binding
      imported from ‘Prelude’ at Data/BitArray/IO.hs:4:8-23
      (and originally defined in ‘ghc-internal-9.1002.0:GHC.Internal.Data.OldList’)
   |
49 |     words <- newArray (0,k-1) w
   |     ^^^^^

[3 of 4] Compiling Data.BitArray.ST
Data/BitArray/ST.hs:51:5: warning: [GHC-63397] [-Wname-shadowing]
    This binding for ‘words’ shadows the existing binding
      imported from ‘Prelude’ at Data/BitArray/ST.hs:4:8-23
      (and originally defined in ‘ghc-internal-9.1002.0:GHC.Internal.Data.OldList’)
   |
51 |     words <- newArray (0,k-1) w
   |     ^^^^^

[4 of 4] Compiling Data.BitArray
Data/BitArray.hs:28:1: warning: [GHC-66111] [-Wunused-imports]
    The import of ‘Data.Word’ is redundant
      except perhaps to import instances from ‘Data.Word’
    To import instances alone, use: import Data.Word()
   |
28 | import Data.Word
   | ^^^^^^^^^^^^^^^^

Data/BitArray.hs:37:1: warning: [GHC-90177] [-Worphans]
    Orphan class instance: instance Eq BitArray
    Suggested fix:
      Move the instance declaration to the module of the class or of the type, or
      wrap the type with a newtype and declare the instance on the new type.
   |
37 | instance Eq BitArray where
   | ^^^^^^^^^^^^^^^^^^^^^^^^^^...

Data/BitArray.hs:40:1: warning: [GHC-90177] [-Worphans]
    Orphan class instance: instance Ord BitArray
    Suggested fix:
      Move the instance declaration to the module of the class or of the type, or
      wrap the type with a newtype and declare the instance on the new type.
   |
40 | instance Ord BitArray where
   | ^^^^^^^^^^^^^^^^^^^^^^^^^^^...

Data/BitArray.hs:43:1: warning: [GHC-90177] [-Worphans]
    Orphan class instance: instance Show BitArray
    Suggested fix:
      Move the instance declaration to the module of the class or of the type, or
      wrap the type with a newtype and declare the instance on the new type.
   |
43 | instance Show BitArray where 
   | ^^^^^^^^^^^^^^^^^^^^^^^^^^^^^...

Data/BitArray.hs:71:1: warning: [GHC-35827]
    SPECIALISE pragma for non-overloaded function ‘accumBitArray’
   |
71 | {-# SPECIALIZE accumBitArray :: (Bool -> Bool -> Bool) -> Bool -> (Int,Int) -> [(Int,Bool)] -> BitArray #-}
   | ^^^^^^^^^^^^^^^^^^^^^^^^^^^^^^^^^^^^^^^^^^^^^^^^^^^^^^^^^^^^^^^^^^^^^^^^^^^^^^^^^^^^^^^^^^^^^^^^^^^^^^^^^^^

Data/BitArray.hs:86:10: warning: [GHC-63397] [-Wname-shadowing]
    This binding for ‘bs’ shadows the existing binding
      bound at Data/BitArray.hs:82:20
   |
86 |   worker bs = convert (take 64 bs) : worker (drop 64 bs)
   |          ^^

Data/BitArray.hs:87:11: warning: [GHC-63397] [-Wname-shadowing]
    This binding for ‘bs’ shadows the existing binding
      bound at Data/BitArray.hs:82:20
   |
87 |   convert bs = fst $ foldl f (0,1) bs
   |           ^^

