Resolving dependencies...
Build profile: -w ghc-9.10.2 -O1
In order, the following will be built (use -v for more details):
 - bits-extra-0.0.2.3 (lib) (first run)
 - bits-extra-0.0.2.3 (test:doctest) (first run)
 - bits-extra-0.0.2.3 (test:bits-extra-test) (first run)
Configuring library for bits-extra-0.0.2.3...
Preprocessing library for bits-extra-0.0.2.3...
Building library for bits-extra-0.0.2.3...
[1 of 8] Compiling Data.Bits.BitSize
[2 of 8] Compiling Data.Bits.Pdep.Slow
[3 of 8] Compiling Data.Bits.Pdep.Prim
src/Data/Bits/Pdep/Prim.hs:22:1: warning: [GHC-66111] [-Wunused-imports]
    The import of ‘GHC.Prim’ is redundant
      except perhaps to import instances from ‘GHC.Prim’
    To import instances alone, use: import GHC.Prim()
   |
22 | import GHC.Prim
   | ^^^^^^^^^^^^^^^

[4 of 8] Compiling Data.Bits.Pdep
[5 of 8] Compiling Data.Bits.Pext.Slow
[6 of 8] Compiling Data.Bits.Pext.Prim
[7 of 8] Compiling Data.Bits.Pext
[8 of 8] Compiling Paths_bits_extra
Configuring test suite 'doctest' for bits-extra-0.0.2.3...
Preprocessing test suite 'doctest' for bits-extra-0.0.2.3...
Building test suite 'doctest' for bits-extra-0.0.2.3...
[1 of 1] Compiling Main
[2 of 2] Linking dist-newstyle/build/x86_64-linux/ghc-9.10.2/bits-extra-0.0.2.3/t/doctest/build/doctest/doctest
Configuring test suite 'bits-extra-test' for bits-extra-0.0.2.3...
Preprocessing test suite 'bits-extra-test' for bits-extra-0.0.2.3...
Building test suite 'bits-extra-test' for bits-extra-0.0.2.3...
[1 of 4] Compiling Data.Bits.PdepSpec
[2 of 4] Compiling Data.Bits.PextSpec
[3 of 4] Compiling Main
[4 of 4] Compiling Paths_bits_extra
[5 of 5] Linking dist-newstyle/build/x86_64-linux/ghc-9.10.2/bits-extra-0.0.2.3/t/bits-extra-test/build/bits-extra-test/bits-extra-test
