Resolving dependencies...
Build profile: -w ghc-9.10.2 -O1
In order, the following will be built (use -v for more details):
 - hledger-1.43.2 (lib) (first run)
 - hledger-1.43.2 (test:unittest) (first run)
 - hledger-1.43.2 (exe:hledger) (first run)
Configuring library for hledger-1.43.2...
Preprocessing library for hledger-1.43.2...
Building library for hledger-1.43.2...
[ 1 of 42] Compiling Hledger.Cli.Anchor
[ 2 of 42] Compiling Hledger.Cli.Anon
[ 3 of 42] Compiling Hledger.Cli.Conf
[ 4 of 42] Compiling Hledger.Cli.DocFiles
[ 5 of 42] Compiling Hledger.Cli.Version
[ 6 of 42] Compiling Hledger.Cli.CliOptions
[ 7 of 42] Compiling Hledger.Cli.Utils
[ 8 of 42] Compiling Hledger.Cli.Commands.Tags
[ 9 of 42] Compiling Hledger.Cli.Commands.Stats
[10 of 42] Compiling Hledger.Cli.Commands.Setup
[11 of 42] Compiling Hledger.Cli.Commands.Run
[12 of 42] Compiling Hledger.Cli.Commands.Roi
[13 of 42] Compiling Hledger.Cli.Commands.Register
[14 of 42] Compiling Hledger.Cli.Commands.Print
[15 of 42] Compiling Hledger.Cli.Commands.Rewrite
[16 of 42] Compiling Hledger.Cli.Commands.Prices
[17 of 42] Compiling Hledger.Cli.Commands.Payees
[18 of 42] Compiling Hledger.Cli.Commands.Notes
[19 of 42] Compiling Hledger.Cli.Commands.Help
[20 of 42] Compiling Hledger.Cli.Commands.Files
[21 of 42] Compiling Hledger.Cli.Commands.Diff
[22 of 42] Compiling Hledger.Cli.Commands.Descriptions
[23 of 42] Compiling Hledger.Cli.Commands.Demo
[24 of 42] Compiling Hledger.Cli.Commands.Commodities
[25 of 42] Compiling Hledger.Cli.Commands.Codes
[26 of 42] Compiling Hledger.Cli.Commands.Close
[27 of 42] Compiling Hledger.Cli.Commands.Check
[28 of 42] Compiling Hledger.Cli.Commands.Balance
[29 of 42] Compiling Hledger.Cli.CompoundBalanceCommand
[30 of 42] Compiling Hledger.Cli.Commands.Incomestatement
[31 of 42] Compiling Hledger.Cli.Commands.Cashflow
[32 of 42] Compiling Hledger.Cli.Commands.Balancesheetequity
[33 of 42] Compiling Hledger.Cli.Commands.Balancesheet
[34 of 42] Compiling Hledger.Cli.Commands.Aregister
[35 of 42] Compiling Hledger.Cli.Commands.Add
[36 of 42] Compiling Hledger.Cli.Commands.Import
[37 of 42] Compiling Hledger.Cli.Commands.Activity
[38 of 42] Compiling Hledger.Cli.Commands.Accounts
[39 of 42] Compiling Hledger.Cli.Commands
[40 of 42] Compiling Hledger.Cli
[41 of 42] Compiling Hledger.Cli.Script
[42 of 42] Compiling Paths_hledger
Configuring test suite 'unittest' for hledger-1.43.2...
Preprocessing test suite 'unittest' for hledger-1.43.2...
Building test suite 'unittest' for hledger-1.43.2...
[1 of 1] Compiling Main
[2 of 2] Linking /tmp/workdir-hledger/hledger-1.43.2/dist-newstyle/build/x86_64-linux/ghc-9.10.2/hledger-1.43.2/t/unittest/build/unittest/unittest
Configuring executable 'hledger' for hledger-1.43.2...
Preprocessing executable 'hledger' for hledger-1.43.2...
Building executable 'hledger' for hledger-1.43.2...
[1 of 2] Compiling Main
[2 of 2] Compiling Paths_hledger
[3 of 3] Linking /tmp/workdir-hledger/hledger-1.43.2/dist-newstyle/build/x86_64-linux/ghc-9.10.2/hledger-1.43.2/x/hledger/build/hledger/hledger
