Resolving dependencies...
Build profile: -w ghc-9.10.2 -O1
In order, the following will be built (use -v for more details):
 - quickcheck-quid-0.0.1.8 (lib:internal) (first run)
 - quickcheck-quid-0.0.1.8 (lib) (first run)
 - quickcheck-quid-0.0.1.8 (test:test) (first run)
 - quickcheck-quid-0.0.1.8 (lib:example) (first run)
Configuring library 'internal' for quickcheck-quid-0.0.1.8...
Preprocessing library 'internal' for quickcheck-quid-0.0.1.8...
Building library 'internal' for quickcheck-quid-0.0.1.8...
[ 1 of 10] Compiling Internal.Test.QuickCheck
[ 2 of 10] Compiling Internal.Test.QuickCheck.Quid
[ 3 of 10] Compiling Internal.Test.QuickCheck.Quid.Combinators.Chunk
[ 4 of 10] Compiling Internal.Test.QuickCheck.Quid.Combinators.Size
[ 5 of 10] Compiling Internal.Test.QuickCheck.Quid.Representations
[ 6 of 10] Compiling Internal.Test.QuickCheck.Quid.Representations.Decimal
[ 7 of 10] Compiling Internal.Test.QuickCheck.Quid.Representations.Latin
[ 8 of 10] Compiling Internal.Text.Read
[ 9 of 10] Compiling Internal.Test.QuickCheck.Quid.Combinators.Prefix
[10 of 10] Compiling Internal.Test.QuickCheck.Quid.Representations.Hexadecimal
Configuring library for quickcheck-quid-0.0.1.8...
Preprocessing library for quickcheck-quid-0.0.1.8...
Building library for quickcheck-quid-0.0.1.8...
[1 of 1] Compiling Test.QuickCheck.Quid
Configuring test suite 'test' for quickcheck-quid-0.0.1.8...
Preprocessing test suite 'test' for quickcheck-quid-0.0.1.8...
Building test suite 'test' for quickcheck-quid-0.0.1.8...
[1 of 8] Compiling Test.Hspec.Unit
[2 of 8] Compiling Test.QuickCheck.Classes.Hspec
[3 of 8] Compiling Test.QuickCheck.Quid.Combinators.PrefixSpec
[4 of 8] Compiling Test.QuickCheck.Quid.Representations.DecimalSpec
[5 of 8] Compiling Test.QuickCheck.Quid.Representations.HexadecimalSpec
[6 of 8] Compiling Test.QuickCheck.Quid.Representations.LatinSpec
[7 of 8] Compiling Test.QuickCheck.QuidSpec
[8 of 8] Compiling Main
[9 of 9] Linking dist-newstyle/build/x86_64-linux/ghc-9.10.2/quickcheck-quid-0.0.1.8/t/test/build/test/test
Configuring library 'example' for quickcheck-quid-0.0.1.8...
Preprocessing library 'example' for quickcheck-quid-0.0.1.8...
Building library 'example' for quickcheck-quid-0.0.1.8...
[1 of 1] Compiling Test.QuickCheck.Quid.Example
