Warning: The package description file ./hsndfile-vector.cabal has warnings:
hsndfile-vector.cabal:20:37: version operators used. To use version operators
the package needs to specify at least 'cabal-version: >= 1.8'.
Warning: The package description file
/tmp/workdir-hsndfile-vector/hsndfile-vector-0.5.2/hsndfile-vector.cabal has
warnings:
/tmp/workdir-hsndfile-vector/hsndfile-vector-0.5.2/hsndfile-vector.cabal:20:37:
version operators used. To use version operators the package needs to specify
at least 'cabal-version: >= 1.8'.
Resolving dependencies...
Build profile: -w ghc-9.10.2 -O1
In order, the following will be built (use -v for more details):
 - hsndfile-vector-0.5.2 (lib:hsndfile-vector) (first run)
Warning: hsndfile-vector.cabal:20:37: version operators used. To use version
operators the package needs to specify at least 'cabal-version: >= 1.8'.
Configuring hsndfile-vector-0.5.2...
Preprocessing library for hsndfile-vector-0.5.2...
Building library for hsndfile-vector-0.5.2...
[1 of 2] Compiling Sound.File.Sndfile.Buffer.Vector
[2 of 2] Compiling Sound.File.Sndfile.Buffer.Vector.Examples
