Resolving dependencies...
Build profile: -w ghc-9.10.2 -O1
In order, the following will be built (use -v for more details):
 - th-deepstrict-0.1.1.0 (lib) (first run)
 - th-deepstrict-0.1.1.0 (test:test) (first run)
Configuring library for th-deepstrict-0.1.1.0...
Preprocessing library for th-deepstrict-0.1.1.0...
Building library for th-deepstrict-0.1.1.0...
[1 of 1] Compiling Language.Haskell.TH.DeepStrict
src/Language/Haskell/TH/DeepStrict.hs:30:1: warning: [GHC-66111] [-Wunused-imports]
    The import of ‘Data.List’ is redundant
      except perhaps to import instances from ‘Data.List’
    To import instances alone, use: import Data.List()
   |
30 | import Data.List                     (foldl')
   | ^^^^^^^^^^^^^^^^^^^^^^^^^^^^^^^^^^^^^^^^^^^^^

Configuring test suite 'test' for th-deepstrict-0.1.1.0...
Preprocessing test suite 'test' for th-deepstrict-0.1.1.0...
Building test suite 'test' for th-deepstrict-0.1.1.0...
[1 of 2] Compiling Language.Haskell.TH.DeepStrict.Golden
[2 of 2] Compiling Main
[3 of 3] Linking dist-newstyle/build/x86_64-linux/ghc-9.10.2/th-deepstrict-0.1.1.0/t/test/build/test/test
