Resolving dependencies...
Build profile: -w ghc-9.10.2 -O1
In order, the following will be built (use -v for more details):
 - opt-env-conf-0.9.0.0 (lib) (first run)
Configuring library for opt-env-conf-0.9.0.0...
Preprocessing library for opt-env-conf-0.9.0.0...
Building library for opt-env-conf-0.9.0.0...
[ 1 of 18] Compiling OptEnvConf.Args
[ 2 of 18] Compiling OptEnvConf.Casing
[ 3 of 18] Compiling OptEnvConf.Completer
[ 4 of 18] Compiling OptEnvConf.EnvMap
[ 5 of 18] Compiling OptEnvConf.NonDet
[ 6 of 18] Compiling OptEnvConf.Reader
[ 7 of 18] Compiling OptEnvConf.Setting
[ 8 of 18] Compiling OptEnvConf.Parser
[ 9 of 18] Compiling OptEnvConf.Output
[10 of 18] Compiling OptEnvConf.Nix
[11 of 18] Compiling OptEnvConf.Doc
[12 of 18] Compiling OptEnvConf.Error
[13 of 18] Compiling OptEnvConf.Completion
[14 of 18] Compiling OptEnvConf.Validation
[15 of 18] Compiling OptEnvConf.Lint
[16 of 18] Compiling OptEnvConf.Run
[17 of 18] Compiling OptEnvConf
[18 of 18] Compiling Paths_opt_env_conf
