Resolving dependencies...
Build profile: -w ghc-9.10.2 -O1
In order, the following will be built (use -v for more details):
 - generic-case-0.1.1.1 (lib) (first run)
 - generic-case-0.1.1.1 (test:generic-case-test) (first run)
Configuring library for generic-case-0.1.1.1...
Preprocessing library for generic-case-0.1.1.1...
Building library for generic-case-0.1.1.1...
[1 of 2] Compiling Generics.Chain
[2 of 2] Compiling Generics.Case
Configuring test suite 'generic-case-test' for generic-case-0.1.1.1...
Preprocessing test suite 'generic-case-test' for generic-case-0.1.1.1...
Building test suite 'generic-case-test' for generic-case-0.1.1.1...
[1 of 7] Compiling Util
[2 of 7] Compiling Generics.Case.MaybeSpec
[3 of 7] Compiling Generics.Case.EitherSpec
[4 of 7] Compiling Generics.Case.Custom.OneParamTypeSpec
[5 of 7] Compiling Generics.Case.Custom.NoParamTypeSpec
[6 of 7] Compiling Generics.Case.BoolSpec
[7 of 7] Compiling Main
[8 of 8] Linking /tmp/workdir-generic-case/generic-case-0.1.1.1/dist-newstyle/build/x86_64-linux/ghc-9.10.2/generic-case-0.1.1.1/t/generic-case-test/build/generic-case-test/generic-case-test
