Resolving dependencies...
Build profile: -w ghc-9.10.2 -O1
In order, the following will be built (use -v for more details):
 - gogol-adsense-1.0.0 (lib) (first run)
Configuring library for gogol-adsense-1.0.0...
Warning: [git-protocol] Cloning over git:// might lead to an arbitrary code
execution vulnerability. Furthermore, popular forges like GitHub do not
support it. Use https:// or ssh:// instead.
Preprocessing library for gogol-adsense-1.0.0...
Building library for gogol-adsense-1.0.0...
[ 1 of 37] Compiling Gogol.AdSense.Internal.Sum
[ 2 of 37] Compiling Gogol.AdSense.Internal.Product
[ 3 of 37] Compiling Gogol.AdSense.Types
[ 4 of 37] Compiling Gogol.AdSense.Accounts.Sites.List
[ 5 of 37] Compiling Gogol.AdSense.Accounts.Sites.Get
[ 6 of 37] Compiling Gogol.AdSense.Accounts.Reports.Saved.List
[ 7 of 37] Compiling Gogol.AdSense.Accounts.Reports.Saved.GenerateCsv
[ 8 of 37] Compiling Gogol.AdSense.Accounts.Reports.Saved.Generate
[ 9 of 37] Compiling Gogol.AdSense.Accounts.Reports.GetSaved
[10 of 37] Compiling Gogol.AdSense.Accounts.Reports.GenerateCsv
[11 of 37] Compiling Gogol.AdSense.Accounts.Reports.Generate
[12 of 37] Compiling Gogol.AdSense.Accounts.PolicyIssues.List
[13 of 37] Compiling Gogol.AdSense.Accounts.PolicyIssues.Get
[14 of 37] Compiling Gogol.AdSense.Accounts.Payments.List
[15 of 37] Compiling Gogol.AdSense.Accounts.ListChildAccounts
[16 of 37] Compiling Gogol.AdSense.Accounts.List
[17 of 37] Compiling Gogol.AdSense.Accounts.GetAdBlockingRecoveryTag
[18 of 37] Compiling Gogol.AdSense.Accounts.Get
[19 of 37] Compiling Gogol.AdSense.Accounts.Alerts.List
[20 of 37] Compiling Gogol.AdSense.Accounts.Adclients.Urlchannels.List
[21 of 37] Compiling Gogol.AdSense.Accounts.Adclients.Urlchannels.Get
[22 of 37] Compiling Gogol.AdSense.Accounts.Adclients.List
[23 of 37] Compiling Gogol.AdSense.Accounts.Adclients.GetAdcode
[24 of 37] Compiling Gogol.AdSense.Accounts.Adclients.Get
[25 of 37] Compiling Gogol.AdSense.Accounts.Adclients.Customchannels.Patch
[26 of 37] Compiling Gogol.AdSense.Accounts.Adclients.Customchannels.ListLinkedAdUnits
[27 of 37] Compiling Gogol.AdSense.Accounts.Adclients.Customchannels.List
[28 of 37] Compiling Gogol.AdSense.Accounts.Adclients.Customchannels.Get
[29 of 37] Compiling Gogol.AdSense.Accounts.Adclients.Customchannels.Delete
[30 of 37] Compiling Gogol.AdSense.Accounts.Adclients.Customchannels.Create
[31 of 37] Compiling Gogol.AdSense.Accounts.Adclients.Adunits.Patch
[32 of 37] Compiling Gogol.AdSense.Accounts.Adclients.Adunits.ListLinkedCustomChannels
[33 of 37] Compiling Gogol.AdSense.Accounts.Adclients.Adunits.List
[34 of 37] Compiling Gogol.AdSense.Accounts.Adclients.Adunits.GetAdcode
[35 of 37] Compiling Gogol.AdSense.Accounts.Adclients.Adunits.Get
[36 of 37] Compiling Gogol.AdSense.Accounts.Adclients.Adunits.Create
[37 of 37] Compiling Gogol.AdSense
