Resolving dependencies...
Build profile: -w ghc-9.10.2 -O1
In order, the following will be built (use -v for more details):
 - gogol-sqladmin-1.0.0 (lib) (first run)
Configuring library for gogol-sqladmin-1.0.0...
Preprocessing library for gogol-sqladmin-1.0.0...
Building library for gogol-sqladmin-1.0.0...
[ 1 of 72] Compiling Gogol.SQLAdmin.Internal.Sum
[ 2 of 72] Compiling Gogol.SQLAdmin.Internal.Product
[ 3 of 72] Compiling Gogol.SQLAdmin.Types
[ 4 of 72] Compiling Gogol.SQLAdmin.Sql.Users.Update
[ 5 of 72] Compiling Gogol.SQLAdmin.Sql.Users.List
[ 6 of 72] Compiling Gogol.SQLAdmin.Sql.Users.Insert
[ 7 of 72] Compiling Gogol.SQLAdmin.Sql.Users.Get
[ 8 of 72] Compiling Gogol.SQLAdmin.Sql.Users.Delete
[ 9 of 72] Compiling Gogol.SQLAdmin.Sql.Tiers.List
[10 of 72] Compiling Gogol.SQLAdmin.Sql.SslCerts.List
[11 of 72] Compiling Gogol.SQLAdmin.Sql.SslCerts.Insert
[12 of 72] Compiling Gogol.SQLAdmin.Sql.SslCerts.Get
[13 of 72] Compiling Gogol.SQLAdmin.Sql.SslCerts.Delete
[14 of 72] Compiling Gogol.SQLAdmin.Sql.SslCerts.CreateEphemeral
[15 of 72] Compiling Gogol.SQLAdmin.Sql.Projects.Instances.VerifyExternalSyncSettings
[16 of 72] Compiling Gogol.SQLAdmin.Sql.Projects.Instances.StartExternalSync
[17 of 72] Compiling Gogol.SQLAdmin.Sql.Projects.Instances.ResetReplicaSize
[18 of 72] Compiling Gogol.SQLAdmin.Sql.Projects.Instances.RescheduleMaintenance
[19 of 72] Compiling Gogol.SQLAdmin.Sql.Projects.Instances.PerformDiskShrink
[20 of 72] Compiling Gogol.SQLAdmin.Sql.Projects.Instances.GetLatestRecoveryTime
[21 of 72] Compiling Gogol.SQLAdmin.Sql.Projects.Instances.GetDiskShrinkConfig
[22 of 72] Compiling Gogol.SQLAdmin.Sql.Operations.List
[23 of 72] Compiling Gogol.SQLAdmin.Sql.Operations.Get
[24 of 72] Compiling Gogol.SQLAdmin.Sql.Operations.Cancel
[25 of 72] Compiling Gogol.SQLAdmin.Sql.Instances.Update
[26 of 72] Compiling Gogol.SQLAdmin.Sql.Instances.TruncateLog
[27 of 72] Compiling Gogol.SQLAdmin.Sql.Instances.Switchover
[28 of 72] Compiling Gogol.SQLAdmin.Sql.Instances.StopReplica
[29 of 72] Compiling Gogol.SQLAdmin.Sql.Instances.StartReplica
[30 of 72] Compiling Gogol.SQLAdmin.Sql.Instances.RotateServerCertificate
[31 of 72] Compiling Gogol.SQLAdmin.Sql.Instances.RotateServerCa
[32 of 72] Compiling Gogol.SQLAdmin.Sql.Instances.RestoreBackup
[33 of 72] Compiling Gogol.SQLAdmin.Sql.Instances.Restart
[34 of 72] Compiling Gogol.SQLAdmin.Sql.Instances.ResetSslConfig
[35 of 72] Compiling Gogol.SQLAdmin.Sql.Instances.ReleaseSsrsLease
[36 of 72] Compiling Gogol.SQLAdmin.Sql.Instances.Reencrypt
[37 of 72] Compiling Gogol.SQLAdmin.Sql.Instances.PromoteReplica
[38 of 72] Compiling Gogol.SQLAdmin.Sql.Instances.Patch
[39 of 72] Compiling Gogol.SQLAdmin.Sql.Instances.ListServerCertificates
[40 of 72] Compiling Gogol.SQLAdmin.Sql.Instances.ListServerCas
[41 of 72] Compiling Gogol.SQLAdmin.Sql.Instances.List
[42 of 72] Compiling Gogol.SQLAdmin.Sql.Instances.Insert
[43 of 72] Compiling Gogol.SQLAdmin.Sql.Instances.Import
[44 of 72] Compiling Gogol.SQLAdmin.Sql.Instances.Get
[45 of 72] Compiling Gogol.SQLAdmin.Sql.Instances.Failover
[46 of 72] Compiling Gogol.SQLAdmin.Sql.Instances.Export
[47 of 72] Compiling Gogol.SQLAdmin.Sql.Instances.DemoteMaster
[48 of 72] Compiling Gogol.SQLAdmin.Sql.Instances.Demote
[49 of 72] Compiling Gogol.SQLAdmin.Sql.Instances.Delete
[50 of 72] Compiling Gogol.SQLAdmin.Sql.Instances.Clone
[51 of 72] Compiling Gogol.SQLAdmin.Sql.Instances.AddServerCertificate
[52 of 72] Compiling Gogol.SQLAdmin.Sql.Instances.AddServerCa
[53 of 72] Compiling Gogol.SQLAdmin.Sql.Instances.AcquireSsrsLease
[54 of 72] Compiling Gogol.SQLAdmin.Sql.Flags.List
[55 of 72] Compiling Gogol.SQLAdmin.Sql.Databases.Update
[56 of 72] Compiling Gogol.SQLAdmin.Sql.Databases.Patch
[57 of 72] Compiling Gogol.SQLAdmin.Sql.Databases.List
[58 of 72] Compiling Gogol.SQLAdmin.Sql.Databases.Insert
[59 of 72] Compiling Gogol.SQLAdmin.Sql.Databases.Get
[60 of 72] Compiling Gogol.SQLAdmin.Sql.Databases.Delete
[61 of 72] Compiling Gogol.SQLAdmin.Sql.Connect.Get
[62 of 72] Compiling Gogol.SQLAdmin.Sql.Connect.GenerateEphemeral
[63 of 72] Compiling Gogol.SQLAdmin.Sql.Backups.UpdateBackup
[64 of 72] Compiling Gogol.SQLAdmin.Sql.Backups.ListBackups
[65 of 72] Compiling Gogol.SQLAdmin.Sql.Backups.GetBackup
[66 of 72] Compiling Gogol.SQLAdmin.Sql.Backups.DeleteBackup
[67 of 72] Compiling Gogol.SQLAdmin.Sql.Backups.CreateBackup
[68 of 72] Compiling Gogol.SQLAdmin.Sql.BackupRuns.List
[69 of 72] Compiling Gogol.SQLAdmin.Sql.BackupRuns.Insert
[70 of 72] Compiling Gogol.SQLAdmin.Sql.BackupRuns.Get
[71 of 72] Compiling Gogol.SQLAdmin.Sql.BackupRuns.Delete
[72 of 72] Compiling Gogol.SQLAdmin
