Resolving dependencies...
Build profile: -w ghc-9.10.2 -O1
In order, the following will be built (use -v for more details):
 - weigh-0.0.18 (lib) (first run)
 - weigh-0.0.18 (test:weigh-test) (first run)
Configuring library for weigh-0.0.18...
Preprocessing library for weigh-0.0.18...
Building library for weigh-0.0.18...
[1 of 2] Compiling Weigh.GHCStats
[2 of 2] Compiling Weigh
src/Weigh.hs:338:11: warning: [GHC-62161] [-Wincomplete-uni-patterns]
    Pattern match(es) are non-exhaustive
    In a pattern binding:
        Patterns of type ‘[String]’ not matched:
            []
            [_]
    |
338 |       let (label:fp:_) = read var
    |           ^^^^^^^^^^^^^^^^^^^^^^^

Configuring test suite 'weigh-test' for weigh-0.0.18...
Preprocessing test suite 'weigh-test' for weigh-0.0.18...
Building test suite 'weigh-test' for weigh-0.0.18...
[1 of 1] Compiling Main
[2 of 2] Linking /tmp/workdir-weigh/weigh-0.0.18/dist-newstyle/build/x86_64-linux/ghc-9.10.2/weigh-0.0.18/t/weigh-test/build/weigh-test/weigh-test
