Resolving dependencies...
Build profile: -w ghc-9.10.2 -O1
In order, the following will be built (use -v for more details):
 - warp-3.4.8 (lib) (first run)
 - warp-3.4.8 (test:spec) (first run)
Configuring library for warp-3.4.8...
Warning: [git-protocol] Cloning over git:// might lead to an arbitrary code
execution vulnerability. Furthermore, popular forges like GitHub do not
support it. Use https:// or ssh:// instead.
Preprocessing library for warp-3.4.8...
Building library for warp-3.4.8...
[ 1 of 34] Compiling Network.Wai.Handler.Warp.Date
[ 2 of 34] Compiling Network.Wai.Handler.Warp.HashMap
[ 3 of 34] Compiling Network.Wai.Handler.Warp.Imports
[ 4 of 34] Compiling Network.Wai.Handler.Warp.FileInfoCache
[ 5 of 34] Compiling Network.Wai.Handler.Warp.Counter
[ 6 of 34] Compiling Network.Wai.Handler.Warp.MultiMap
[ 7 of 34] Compiling Network.Wai.Handler.Warp.FdCache
[ 8 of 34] Compiling Network.Wai.Handler.Warp.PackInt
[ 9 of 34] Compiling Network.Wai.Handler.Warp.ReadInt
[10 of 34] Compiling Network.Wai.Handler.Warp.ResponseHeader
Network/Wai/Handler/Warp/ResponseHeader.hs:9:1: warning: [GHC-66111] [-Wunused-imports]
    The import of ‘Data.List’ is redundant
      except perhaps to import instances from ‘Data.List’
    To import instances alone, use: import Data.List()
  |
9 | import Data.List (foldl')
  | ^^^^^^^^^^^^^^^^^^^^^^^^^

[11 of 34] Compiling Network.Wai.Handler.Warp.Types
[12 of 34] Compiling Network.Wai.Handler.Warp.RequestHeader
[13 of 34] Compiling Network.Wai.Handler.Warp.Header
[14 of 34] Compiling Network.Wai.Handler.Warp.File
[15 of 34] Compiling Network.Wai.Handler.Warp.HTTP2.Types
[16 of 34] Compiling Network.Wai.Handler.Warp.Conduit
[17 of 34] Compiling Network.Wai.Handler.Warp.Buffer
[18 of 34] Compiling Network.Wai.Handler.Warp.SendFile
[19 of 34] Compiling Network.Wai.Handler.Warp.HTTP2.File
[20 of 34] Compiling Network.Wai.Handler.Warp.IO
[21 of 34] Compiling Network.Wai.Handler.Warp.Windows
[22 of 34] Compiling Paths_warp
[23 of 34] Compiling Network.Wai.Handler.Warp.Settings
[24 of 34] Compiling Network.Wai.Handler.Warp.Request
[25 of 34] Compiling Network.Wai.Handler.Warp.HTTP2.Request
Network/Wai/Handler/Warp/HTTP2/Request.hs:88:14: warning: [GHC-68441] [-Wdeprecations]
    In the use of ‘getHeaderValue’
    (imported from Network.HPACK, but defined in Network.HTTP.Semantics.Header):
    Deprecated: "use geFieldValue instead"
   |
88 |     !mPath = getHeaderValue tokenPath reqvt -- SHOULD
   |              ^^^^^^^^^^^^^^

Network/Wai/Handler/Warp/HTTP2/Request.hs:89:31: warning: [GHC-68441] [-Wdeprecations]
    In the use of ‘getHeaderValue’
    (imported from Network.HPACK, but defined in Network.HTTP.Semantics.Header):
    Deprecated: "use geFieldValue instead"
   |
89 |     !colonMethod = fromJust $ getHeaderValue tokenMethod reqvt -- MUST
   |                               ^^^^^^^^^^^^^^

Network/Wai/Handler/Warp/HTTP2/Request.hs:90:14: warning: [GHC-68441] [-Wdeprecations]
    In the use of ‘getHeaderValue’
    (imported from Network.HPACK, but defined in Network.HTTP.Semantics.Header):
    Deprecated: "use geFieldValue instead"
   |
90 |     !mAuth = getHeaderValue tokenAuthority reqvt -- SHOULD
   |              ^^^^^^^^^^^^^^

Network/Wai/Handler/Warp/HTTP2/Request.hs:91:14: warning: [GHC-68441] [-Wdeprecations]
    In the use of ‘getHeaderValue’
    (imported from Network.HPACK, but defined in Network.HTTP.Semantics.Header):
    Deprecated: "use geFieldValue instead"
   |
91 |     !mHost = getHeaderValue tokenHost reqvt
   |              ^^^^^^^^^^^^^^

Network/Wai/Handler/Warp/HTTP2/Request.hs:92:15: warning: [GHC-68441] [-Wdeprecations]
    In the use of ‘getHeaderValue’
    (imported from Network.HPACK, but defined in Network.HTTP.Semantics.Header):
    Deprecated: "use geFieldValue instead"
   |
92 |     !mRange = getHeaderValue tokenRange reqvt
   |               ^^^^^^^^^^^^^^

Network/Wai/Handler/Warp/HTTP2/Request.hs:93:17: warning: [GHC-68441] [-Wdeprecations]
    In the use of ‘getHeaderValue’
    (imported from Network.HPACK, but defined in Network.HTTP.Semantics.Header):
    Deprecated: "use geFieldValue instead"
   |
93 |     !mReferer = getHeaderValue tokenReferer reqvt
   |                 ^^^^^^^^^^^^^^

Network/Wai/Handler/Warp/HTTP2/Request.hs:94:19: warning: [GHC-68441] [-Wdeprecations]
    In the use of ‘getHeaderValue’
    (imported from Network.HPACK, but defined in Network.HTTP.Semantics.Header):
    Deprecated: "use geFieldValue instead"
   |
94 |     !mUserAgent = getHeaderValue tokenUserAgent reqvt
   |                   ^^^^^^^^^^^^^^

[26 of 34] Compiling Network.Wai.Handler.Warp.HTTP2.PushPromise
[27 of 34] Compiling Network.Wai.Handler.Warp.Response
[28 of 34] Compiling Network.Wai.Handler.Warp.HTTP2.Response
[29 of 34] Compiling Network.Wai.Handler.Warp.HTTP2
Network/Wai/Handler/Warp/HTTP2.hs:155:25: warning: [GHC-68441] [-Wdeprecations]
    In the use of type constructor or class ‘ErrorCodeId’
    (imported from Network.HTTP2.Frame, but defined in Network.HTTP2.Frame.Types):
    Deprecated: "Use ErrorCode instead"
    |
155 | goaway :: Connection -> H2.ErrorCodeId -> ByteString -> IO ()
    |                         ^^^^^^^^^^^^^^

[30 of 34] Compiling Network.Wai.Handler.Warp.HTTP1
[31 of 34] Compiling Network.Wai.Handler.Warp.Run
[32 of 34] Compiling Network.Wai.Handler.Warp.WithApplication
[33 of 34] Compiling Network.Wai.Handler.Warp.Internal
[34 of 34] Compiling Network.Wai.Handler.Warp
Configuring test suite 'spec' for warp-3.4.8...
Warning: [git-protocol] Cloning over git:// might lead to an arbitrary code
execution vulnerability. Furthermore, popular forges like GitHub do not
support it. Use https:// or ssh:// instead.
Preprocessing test suite 'spec' for warp-3.4.8...
Building test suite 'spec' for warp-3.4.8...
[ 1 of 48] Compiling HTTP
[ 2 of 48] Compiling Network.Wai.Handler.Warp.Date
[ 3 of 48] Compiling Network.Wai.Handler.Warp.HashMap
[ 4 of 48] Compiling Network.Wai.Handler.Warp.Imports
[ 5 of 48] Compiling Network.Wai.Handler.Warp.FileInfoCache
[ 6 of 48] Compiling Network.Wai.Handler.Warp.Counter
[ 7 of 48] Compiling Network.Wai.Handler.Warp.MultiMap
[ 8 of 48] Compiling Network.Wai.Handler.Warp.FdCache
[ 9 of 48] Compiling FdCacheSpec
[10 of 48] Compiling Network.Wai.Handler.Warp.PackInt
[11 of 48] Compiling Network.Wai.Handler.Warp.ReadInt
[12 of 48] Compiling Network.Wai.Handler.Warp.ResponseHeader
Network/Wai/Handler/Warp/ResponseHeader.hs:9:1: warning: [GHC-66111] [-Wunused-imports]
    The import of ‘Data.List’ is redundant
      except perhaps to import instances from ‘Data.List’
    To import instances alone, use: import Data.List()
  |
9 | import Data.List (foldl')
  | ^^^^^^^^^^^^^^^^^^^^^^^^^

[13 of 48] Compiling Network.Wai.Handler.Warp.Types
[14 of 48] Compiling Network.Wai.Handler.Warp.RequestHeader
[15 of 48] Compiling Network.Wai.Handler.Warp.Header
[16 of 48] Compiling Network.Wai.Handler.Warp.File
[17 of 48] Compiling FileSpec
[18 of 48] Compiling Network.Wai.Handler.Warp.HTTP2.Types
[19 of 48] Compiling Network.Wai.Handler.Warp.Conduit
[20 of 48] Compiling Network.Wai.Handler.Warp.Buffer
[21 of 48] Compiling Network.Wai.Handler.Warp.SendFile
[22 of 48] Compiling Network.Wai.Handler.Warp.HTTP2.File
[23 of 48] Compiling Network.Wai.Handler.Warp.IO
[24 of 48] Compiling ConduitSpec
[25 of 48] Compiling Network.Wai.Handler.Warp.Windows
[26 of 48] Compiling PackIntSpec
[27 of 48] Compiling Paths_warp
[28 of 48] Compiling Network.Wai.Handler.Warp.Settings
[29 of 48] Compiling Network.Wai.Handler.Warp.Request
[30 of 48] Compiling Network.Wai.Handler.Warp.HTTP2.Request
Network/Wai/Handler/Warp/HTTP2/Request.hs:88:14: warning: [GHC-68441] [-Wdeprecations]
    In the use of ‘getHeaderValue’
    (imported from Network.HPACK, but defined in Network.HTTP.Semantics.Header):
    Deprecated: "use geFieldValue instead"
   |
88 |     !mPath = getHeaderValue tokenPath reqvt -- SHOULD
   |              ^^^^^^^^^^^^^^

Network/Wai/Handler/Warp/HTTP2/Request.hs:89:31: warning: [GHC-68441] [-Wdeprecations]
    In the use of ‘getHeaderValue’
    (imported from Network.HPACK, but defined in Network.HTTP.Semantics.Header):
    Deprecated: "use geFieldValue instead"
   |
89 |     !colonMethod = fromJust $ getHeaderValue tokenMethod reqvt -- MUST
   |                               ^^^^^^^^^^^^^^

Network/Wai/Handler/Warp/HTTP2/Request.hs:90:14: warning: [GHC-68441] [-Wdeprecations]
    In the use of ‘getHeaderValue’
    (imported from Network.HPACK, but defined in Network.HTTP.Semantics.Header):
    Deprecated: "use geFieldValue instead"
   |
90 |     !mAuth = getHeaderValue tokenAuthority reqvt -- SHOULD
   |              ^^^^^^^^^^^^^^

Network/Wai/Handler/Warp/HTTP2/Request.hs:91:14: warning: [GHC-68441] [-Wdeprecations]
    In the use of ‘getHeaderValue’
    (imported from Network.HPACK, but defined in Network.HTTP.Semantics.Header):
    Deprecated: "use geFieldValue instead"
   |
91 |     !mHost = getHeaderValue tokenHost reqvt
   |              ^^^^^^^^^^^^^^

Network/Wai/Handler/Warp/HTTP2/Request.hs:92:15: warning: [GHC-68441] [-Wdeprecations]
    In the use of ‘getHeaderValue’
    (imported from Network.HPACK, but defined in Network.HTTP.Semantics.Header):
    Deprecated: "use geFieldValue instead"
   |
92 |     !mRange = getHeaderValue tokenRange reqvt
   |               ^^^^^^^^^^^^^^

Network/Wai/Handler/Warp/HTTP2/Request.hs:93:17: warning: [GHC-68441] [-Wdeprecations]
    In the use of ‘getHeaderValue’
    (imported from Network.HPACK, but defined in Network.HTTP.Semantics.Header):
    Deprecated: "use geFieldValue instead"
   |
93 |     !mReferer = getHeaderValue tokenReferer reqvt
   |                 ^^^^^^^^^^^^^^

Network/Wai/Handler/Warp/HTTP2/Request.hs:94:19: warning: [GHC-68441] [-Wdeprecations]
    In the use of ‘getHeaderValue’
    (imported from Network.HPACK, but defined in Network.HTTP.Semantics.Header):
    Deprecated: "use geFieldValue instead"
   |
94 |     !mUserAgent = getHeaderValue tokenUserAgent reqvt
   |                   ^^^^^^^^^^^^^^

[31 of 48] Compiling Network.Wai.Handler.Warp.HTTP2.PushPromise
[32 of 48] Compiling Network.Wai.Handler.Warp.Response
[33 of 48] Compiling Network.Wai.Handler.Warp.HTTP2.Response
[34 of 48] Compiling Network.Wai.Handler.Warp.HTTP2
Network/Wai/Handler/Warp/HTTP2.hs:155:25: warning: [GHC-68441] [-Wdeprecations]
    In the use of type constructor or class ‘ErrorCodeId’
    (imported from Network.HTTP2.Frame, but defined in Network.HTTP2.Frame.Types):
    Deprecated: "Use ErrorCode instead"
    |
155 | goaway :: Connection -> H2.ErrorCodeId -> ByteString -> IO ()
    |                         ^^^^^^^^^^^^^^

[35 of 48] Compiling Network.Wai.Handler.Warp.HTTP1
[36 of 48] Compiling Network.Wai.Handler.Warp.Run
[37 of 48] Compiling Network.Wai.Handler.Warp.WithApplication
[38 of 48] Compiling Network.Wai.Handler.Warp.Internal
[39 of 48] Compiling Network.Wai.Handler.Warp
[40 of 48] Compiling ExceptionSpec
[41 of 48] Compiling ReadIntSpec
[42 of 48] Compiling RequestSpec
[43 of 48] Compiling ResponseHeaderSpec
[44 of 48] Compiling RunSpec
[45 of 48] Compiling ResponseSpec
[46 of 48] Compiling SendFileSpec
[47 of 48] Compiling WithApplicationSpec
[48 of 48] Compiling Main
[49 of 49] Linking dist-newstyle/build/x86_64-linux/ghc-9.10.2/warp-3.4.8/t/spec/build/spec/spec
