Warning: The package description file ./pcre-utils.cabal has warnings:
pcre-utils.cabal:38:2: Inconsistent indentation. Indentation jumps at lines 38
Warning: The package description file
/tmp/workdir-pcre-utils/pcre-utils-0.1.9/pcre-utils.cabal has warnings:
/tmp/workdir-pcre-utils/pcre-utils-0.1.9/pcre-utils.cabal:38:2: Inconsistent
indentation. Indentation jumps at lines 38
Resolving dependencies...
Build profile: -w ghc-9.10.2 -O1
In order, the following will be built (use -v for more details):
 - pcre-utils-0.1.9 (lib) (first run)
 - pcre-utils-0.1.9 (test:test-subs) (first run)
 - pcre-utils-0.1.9 (test:test-split) (first run)
Warning: pcre-utils.cabal:38:2: Inconsistent indentation. Indentation jumps at
lines 38
Configuring library for pcre-utils-0.1.9...
Warning: [git-protocol] Cloning over git:// might lead to an arbitrary code
execution vulnerability. Furthermore, popular forges like GitHub do not
support it. Use https:// or ssh:// instead.
Preprocessing library for pcre-utils-0.1.9...
Building library for pcre-utils-0.1.9...
[1 of 1] Compiling Text.Regex.PCRE.ByteString.Utils
Warning: pcre-utils.cabal:38:2: Inconsistent indentation. Indentation jumps at
lines 38
Configuring test suite 'test-subs' for pcre-utils-0.1.9...
Warning: [git-protocol] Cloning over git:// might lead to an arbitrary code
execution vulnerability. Furthermore, popular forges like GitHub do not
support it. Use https:// or ssh:// instead.
Preprocessing test suite 'test-subs' for pcre-utils-0.1.9...
Building test suite 'test-subs' for pcre-utils-0.1.9...
[1 of 1] Compiling Main
[2 of 2] Linking dist-newstyle/build/x86_64-linux/ghc-9.10.2/pcre-utils-0.1.9/t/test-subs/build/test-subs/test-subs
Warning: pcre-utils.cabal:38:2: Inconsistent indentation. Indentation jumps at
lines 38
Configuring test suite 'test-split' for pcre-utils-0.1.9...
Warning: [git-protocol] Cloning over git:// might lead to an arbitrary code
execution vulnerability. Furthermore, popular forges like GitHub do not
support it. Use https:// or ssh:// instead.
Preprocessing test suite 'test-split' for pcre-utils-0.1.9...
Building test suite 'test-split' for pcre-utils-0.1.9...
[1 of 1] Compiling Main
[2 of 2] Linking dist-newstyle/build/x86_64-linux/ghc-9.10.2/pcre-utils-0.1.9/t/test-split/build/test-split/test-split
