Resolving dependencies...
Build profile: -w ghc-9.10.2 -O1
In order, the following will be built (use -v for more details):
 - quickcheck-state-machine-0.10.2 (lib:no-vendored-treediff) (first run)
 - quickcheck-state-machine-0.10.2 (lib) (first run)
 - quickcheck-state-machine-0.10.2 (test:test) (first run)
Configuring library 'no-vendored-treediff' for quickcheck-state-machine-0.10.2...
Preprocessing library 'no-vendored-treediff' for quickcheck-state-machine-0.10.2...
Building library 'no-vendored-treediff' for quickcheck-state-machine-0.10.2...
[ 1 of 20] Compiling Test.StateMachine.Diffing
[ 2 of 20] Compiling Test.StateMachine.Lockstep.Auxiliary
[ 3 of 20] Compiling Test.StateMachine.Logic
[ 4 of 20] Compiling Test.StateMachine.Types.Rank2
[ 5 of 20] Compiling Test.StateMachine.Types.References
[ 6 of 20] Compiling Test.StateMachine.Types.History
[ 7 of 20] Compiling Test.StateMachine.DotDrawing
[ 8 of 20] Compiling Test.StateMachine.Types.GenSym
[ 9 of 20] Compiling Test.StateMachine.Types.Environment
[10 of 20] Compiling Test.StateMachine.Types
[11 of 20] Compiling Test.StateMachine.Labelling
[12 of 20] Compiling Test.StateMachine.ConstructorName
[13 of 20] Compiling Test.StateMachine.BoxDrawer
[14 of 20] Compiling Test.StateMachine.Utils
src/Test/StateMachine/Utils.hs:46:1: warning: [GHC-66111] [-Wunused-imports]
    The import of ‘Data.List’ is redundant
      except perhaps to import instances from ‘Data.List’
    To import instances alone, use: import Data.List()
   |
46 | import           Data.List
   | ^^^^^^^^^^^^^^^^^^^^^^^^^^...

[15 of 20] Compiling Test.StateMachine.Sequential
[16 of 20] Compiling Test.StateMachine.Parallel
src/Test/StateMachine/Parallel.hs:73:27: warning: [GHC-38856] [-Wunused-imports]
    The import of ‘foldl'’ from module ‘Data.List’ is redundant
   |
73 |                    (find, foldl', partition, permutations)
   |                           ^^^^^^

[17 of 20] Compiling Test.StateMachine
[18 of 20] Compiling Test.StateMachine.Lockstep.NAry
[19 of 20] Compiling Test.StateMachine.Lockstep.Simple
[20 of 20] Compiling Test.StateMachine.Z
Configuring library for quickcheck-state-machine-0.10.2...
Preprocessing library for quickcheck-state-machine-0.10.2...
Building library for quickcheck-state-machine-0.10.2...
[1 of 7] Compiling Test.StateMachine.TreeDiff.List
tree-diff/Test/StateMachine/TreeDiff/List.hs:50:16: warning: [GHC-63394] [-Wx-partial]
    In the use of ‘head’
    (imported from Prelude, but defined in GHC.Internal.List):
    "This is a partial function, it throws an error on empty lists. Use pattern matching, 'Data.List.uncons' or 'Data.Maybe.listToMaybe' instead. Consider refactoring to use "Data.List.NonEmpty"."
   |
50 |     impl n m = head $ sortOn fst
   |                ^^^^

[2 of 7] Compiling Test.StateMachine.TreeDiff.Expr
[3 of 7] Compiling Test.StateMachine.TreeDiff.Class
[4 of 7] Compiling Test.StateMachine.TreeDiff.Pretty
[5 of 7] Compiling Test.StateMachine.TreeDiff.Diffing
[6 of 7] Compiling Test.StateMachine.TreeDiff
[7 of 7] Compiling Test.StateMachine.TreeDiff.Tree
Configuring test suite 'test' for quickcheck-state-machine-0.10.2...
Preprocessing test suite 'test' for quickcheck-state-machine-0.10.2...
Building test suite 'test' for quickcheck-state-machine-0.10.2...
[ 1 of 19] Compiling Bookstore
test/Bookstore.hs:280:17: warning: [GHC-63394] [-Wx-partial]
    In the use of ‘head’
    (imported from Prelude, but defined in GHC.Internal.List):
    "This is a partial function, it throws an error on empty lists. Use pattern matching, 'Data.List.uncons' or 'Data.Maybe.listToMaybe' instead. Consider refactoring to use "Data.List.NonEmpty"."
    |
280 | infixes l = map head . group . sort $ inits l >>= tails
    |                 ^^^^

[ 2 of 19] Compiling CircularBuffer
test/CircularBuffer.hs:37:1: warning: [GHC-66111] [-Wunused-imports]
    The import of ‘Control.Applicative’ is redundant
      except perhaps to import instances from ‘Control.Applicative’
    To import instances alone, use: import Control.Applicative()
   |
37 | import           Control.Applicative
   | ^^^^^^^^^^^^^^^^^^^^^^^^^^^^^^^^^^^^...

[ 3 of 19] Compiling Cleanup
[ 4 of 19] Compiling CrudWebserverDb
[ 5 of 19] Compiling DieHard
[ 6 of 19] Compiling Echo
[ 7 of 19] Compiling ErrorEncountered
[ 8 of 19] Compiling Hanoi
[ 9 of 19] Compiling IORefs
[10 of 19] Compiling MemoryReference
[11 of 19] Compiling Mock
[12 of 19] Compiling Overflow
[13 of 19] Compiling ProcessRegistry
test/ProcessRegistry.hs:220:1: warning: [GHC-40910] [-Wunused-top-binds]
    Defined but not used: ‘constructor’
    |
220 | constructor act = case act of
    | ^^^^^^^^^^^

test/ProcessRegistry.hs:365:1: warning: [GHC-40910] [-Wunused-top-binds]
    Defined but not used: ‘partition’
    |
365 | partition Model {..}
    | ^^^^^^^^^

test/ProcessRegistry.hs:372:1: warning: [GHC-40910] [-Wunused-top-binds]
    Defined but not used: ‘sinkState’
    |
372 | sinkState = (== Stop)
    | ^^^^^^^^^

test/ProcessRegistry.hs:386:1: warning: [GHC-40910] [-Wunused-top-binds]
    Defined but not used: ‘genSpawn’
    |
386 | genSpawn        _model = return Spawn
    | ^^^^^^^^

test/ProcessRegistry.hs:387:1: warning: [GHC-40910] [-Wunused-top-binds]
    Defined but not used: ‘genKill’
    |
387 | genKill          model = Kill        <$> elements (pids model)
    | ^^^^^^^

test/ProcessRegistry.hs:388:1: warning: [GHC-40910] [-Wunused-top-binds]
    Defined but not used: ‘genRegister’
    |
388 | genRegister      model = Register    <$> arbitrary <*> elements (pids model \\ killed model)
    | ^^^^^^^^^^^

test/ProcessRegistry.hs:389:1: warning: [GHC-40910] [-Wunused-top-binds]
    Defined but not used: ‘genBadRegister’
    |
389 | genBadRegister   model = BadRegister <$> arbitrary <*> elements (pids model ++ killed model)
    | ^^^^^^^^^^^^^^

test/ProcessRegistry.hs:390:1: warning: [GHC-40910] [-Wunused-top-binds]
    Defined but not used: ‘genUnregister’
    |
390 | genUnregister    model = Unregister  <$> elements (Map.keys (registry model))
    | ^^^^^^^^^^^^^

test/ProcessRegistry.hs:391:1: warning: [GHC-40910] [-Wunused-top-binds]
    Defined but not used: ‘genBadUnregister’
    |
391 | genBadUnregister model = BadUnregister <$> elements (allNames \\ Map.keys (registry model))
    | ^^^^^^^^^^^^^^^^

test/ProcessRegistry.hs:392:1: warning: [GHC-40910] [-Wunused-top-binds]
    Defined but not used: ‘genWhereIs’
    |
392 | genWhereIs       model = WhereIs       <$> elements (Map.keys (registry model))
    | ^^^^^^^^^^

test/ProcessRegistry.hs:393:1: warning: [GHC-40910] [-Wunused-top-binds]
    Defined but not used: ‘genExit’
    |
393 | genExit         _model = return Exit
    | ^^^^^^^

test/ProcessRegistry.hs:396:1: warning: [GHC-40910] [-Wunused-top-binds]
    Defined but not used: ‘gens’
    |
396 | gens = Map.fromList
    | ^^^^

[14 of 19] Compiling Schema
[15 of 19] Compiling SQLite
[16 of 19] Compiling ShrinkingProps
[17 of 19] Compiling TicketDispenser
[18 of 19] Compiling UnionFind
[19 of 19] Compiling Main
[20 of 20] Linking /tmp/workdir-quickcheck-state-machine/quickcheck-state-machine-0.10.2/dist-newstyle/build/x86_64-linux/ghc-9.10.2/quickcheck-state-machine-0.10.2/t/test/build/test/test
