Resolving dependencies...
Build profile: -w ghc-9.10.2 -O1
In order, the following will be built (use -v for more details):
 - elm-syntax-0.3.3.0 (lib) (first run)
 - elm-syntax-0.3.3.0 (test:elm-syntax-test) (first run)
Configuring library for elm-syntax-0.3.3.0...
Preprocessing library for elm-syntax-0.3.3.0...
Building library for elm-syntax-0.3.3.0...
[1 of 8] Compiling Language.Elm.Name
[2 of 8] Compiling Language.Elm.Pattern
[3 of 8] Compiling Language.Elm.Expression
[4 of 8] Compiling Language.Elm.Type
src/Language/Elm/Type.hs:11:1: warning: [GHC-66111] [-Wunused-imports]
    The import of ‘Data.Foldable’ is redundant
      except perhaps to import instances from ‘Data.Foldable’
    To import instances alone, use: import Data.Foldable()
   |
11 | import Data.Foldable
   | ^^^^^^^^^^^^^^^^^^^^

[5 of 8] Compiling Language.Elm.Definition
[6 of 8] Compiling Language.Elm.Simplification
[7 of 8] Compiling Language.Elm.Pretty
src/Language/Elm/Pretty.hs:31:1: warning: [GHC-66111] [-Wunused-imports]
    The import of ‘Data.Foldable’ is redundant
      except perhaps to import instances from ‘Data.Foldable’
    To import instances alone, use: import Data.Foldable()
   |
31 | import Data.Foldable
   | ^^^^^^^^^^^^^^^^^^^^

[8 of 8] Compiling Paths_elm_syntax
Configuring test suite 'elm-syntax-test' for elm-syntax-0.3.3.0...
Preprocessing test suite 'elm-syntax-test' for elm-syntax-0.3.3.0...
Building test suite 'elm-syntax-test' for elm-syntax-0.3.3.0...
[1 of 2] Compiling Main
[2 of 2] Compiling Paths_elm_syntax
[3 of 3] Linking /tmp/workdir-elm-syntax/elm-syntax-0.3.3.0/dist-newstyle/build/x86_64-linux/ghc-9.10.2/elm-syntax-0.3.3.0/t/elm-syntax-test/build/elm-syntax-test/elm-syntax-test
