Resolving dependencies...
Build profile: -w ghc-9.10.2 -O1
In order, the following will be built (use -v for more details):
 - gogol-1.0.0.0 (lib) (first run)
Configuring library for gogol-1.0.0.0...
Warning: [git-protocol] Cloning over git:// might lead to an arbitrary code
execution vulnerability. Furthermore, popular forges like GitHub do not
support it. Use https:// or ssh:// instead.
Preprocessing library for gogol-1.0.0.0...
Building library for gogol-1.0.0.0...
[ 1 of 14] Compiling Gogol.Compute.Metadata
[ 2 of 14] Compiling Gogol.Internal.Body
[ 3 of 14] Compiling Gogol.Internal.Logger
[ 4 of 14] Compiling Gogol.Internal.Auth
[ 5 of 14] Compiling Gogol.Auth.TokenFile
[ 6 of 14] Compiling Gogol.Auth.Scope
[ 7 of 14] Compiling Gogol.Auth.ApplicationDefault
[ 8 of 14] Compiling Gogol.Auth.ServiceAccount
[ 9 of 14] Compiling Gogol.Auth.InstalledApplication
[10 of 14] Compiling Gogol.Auth
[11 of 14] Compiling Gogol.Env
[12 of 14] Compiling Gogol.Internal.Multipart
[13 of 14] Compiling Gogol.Internal.HTTP
[14 of 14] Compiling Gogol
