Resolving dependencies...
Build profile: -w ghc-9.10.2 -O1
In order, the following will be built (use -v for more details):
 - pretty-simple-4.1.3.0 (lib) (first run)
 - pretty-simple-4.1.3.0 (exe:pretty-simple) (first run)
Configuring library for pretty-simple-4.1.3.0...
Preprocessing library for pretty-simple-4.1.3.0...
Building library for pretty-simple-4.1.3.0...
[1 of 7] Compiling Text.Pretty.Simple.Internal.Color
[2 of 7] Compiling Text.Pretty.Simple.Internal.Expr
[3 of 7] Compiling Text.Pretty.Simple.Internal.ExprParser
[4 of 7] Compiling Text.Pretty.Simple.Internal.Printer
[5 of 7] Compiling Text.Pretty.Simple.Internal
[6 of 7] Compiling Text.Pretty.Simple
[7 of 7] Compiling Debug.Pretty.Simple
Configuring executable 'pretty-simple' for pretty-simple-4.1.3.0...
Preprocessing executable 'pretty-simple' for pretty-simple-4.1.3.0...
Building executable 'pretty-simple' for pretty-simple-4.1.3.0...
[1 of 2] Compiling Paths_pretty_simple
[2 of 2] Compiling Main
app/Main.hs:26:1: warning: [GHC-66111] [-Wunused-imports]
    The import of ‘Data.Monoid’ is redundant
      except perhaps to import instances from ‘Data.Monoid’
    To import instances alone, use: import Data.Monoid()
   |
26 | import Data.Monoid ((<>))
   | ^^^^^^^^^^^^^^^^^^^^^^^^^

[3 of 3] Linking /tmp/workdir-pretty-simple/pretty-simple-4.1.3.0/dist-newstyle/build/x86_64-linux/ghc-9.10.2/pretty-simple-4.1.3.0/x/pretty-simple/build/pretty-simple/pretty-simple
