Resolving dependencies...
Build profile: -w ghc-9.10.2 -O1
In order, the following will be built (use -v for more details):
 - edit-distance-0.2.2.1 (lib) (first run)
 - edit-distance-0.2.2.1 (test:edit-distance-tests) (first run)
Configuring library for edit-distance-0.2.2.1...
Preprocessing library for edit-distance-0.2.2.1...
Building library for edit-distance-0.2.2.1...
[1 of 7] Compiling Text.EditDistance.ArrayUtilities
[2 of 7] Compiling Text.EditDistance.Bits
Text/EditDistance/Bits.hs:10:1: warning: [GHC-66111] [-Wunused-imports]
    The import of ‘Data.List’ is redundant
      except perhaps to import instances from ‘Data.List’
    To import instances alone, use: import Data.List()
   |
10 | import Data.List
   | ^^^^^^^^^^^^^^^^

Text/EditDistance/Bits.hs:23:34: warning: [GHC-94210] [-Woverlapping-patterns]
    Pattern match has inaccessible right hand side
    In an equation for ‘go’: go (!_, !_, !_) _ | False = ...
   |
23 |   where go (!_, !_, !_) _      | False = undefined
   |                                  ^^^^^

Text/EditDistance/Bits.hs:31:42: warning: [GHC-94210] [-Woverlapping-patterns]
    Pattern match has inaccessible right hand side
    In an equation for ‘go’: go (!_, !_, !_, !_, !_) _ | False = ...
   |
31 |   where go (!_, !_, !_, !_, !_) _      | False = undefined
   |                                          ^^^^^

[3 of 7] Compiling Text.EditDistance.EditCosts
[4 of 7] Compiling Text.EditDistance.MonadUtilities
[5 of 7] Compiling Text.EditDistance.STUArray
[6 of 7] Compiling Text.EditDistance.SquareSTUArray
Text/EditDistance/SquareSTUArray.hs:1:64: warning: [GHC-19244] [-Wtrustworthy-safe]
    ‘Text.EditDistance.SquareSTUArray’ is marked as Trustworthy but has been inferred as safe!
  |
1 | {-# LANGUAGE PatternGuards, ScopedTypeVariables, BangPatterns, Trustworthy #-}
  |                                                                ^^^^^^^^^^^

[7 of 7] Compiling Text.EditDistance
Configuring test suite 'edit-distance-tests' for edit-distance-0.2.2.1...
Preprocessing test suite 'edit-distance-tests' for edit-distance-0.2.2.1...
Building test suite 'edit-distance-tests' for edit-distance-0.2.2.1...
<no location info>: warning: [GHC-32850] [-Wmissing-home-modules]
    These modules are needed for compilation but not listed in your .cabal file's other-modules for ‘edit-distance-0.2.2.1-inplace-edit-distance-tests’ :
        Text.EditDistance.ArrayUtilities
        Text.EditDistance.Bits
        Text.EditDistance.EditCosts
        Text.EditDistance.MonadUtilities
        Text.EditDistance.STUArray
        Text.EditDistance.SquareSTUArray

[1 of 9] Compiling Text.EditDistance.ArrayUtilities
[2 of 9] Compiling Text.EditDistance.Bits
Text/EditDistance/Bits.hs:10:1: warning: [GHC-66111] [-Wunused-imports]
    The import of ‘Data.List’ is redundant
      except perhaps to import instances from ‘Data.List’
    To import instances alone, use: import Data.List()
   |
10 | import Data.List
   | ^^^^^^^^^^^^^^^^

Text/EditDistance/Bits.hs:23:34: warning: [GHC-94210] [-Woverlapping-patterns]
    Pattern match has inaccessible right hand side
    In an equation for ‘go’: go (!_, !_, !_) _ | False = ...
   |
23 |   where go (!_, !_, !_) _      | False = undefined
   |                                  ^^^^^

Text/EditDistance/Bits.hs:31:42: warning: [GHC-94210] [-Woverlapping-patterns]
    Pattern match has inaccessible right hand side
    In an equation for ‘go’: go (!_, !_, !_, !_, !_) _ | False = ...
   |
31 |   where go (!_, !_, !_, !_, !_) _      | False = undefined
   |                                          ^^^^^

[3 of 9] Compiling Text.EditDistance.EditCosts
[4 of 9] Compiling Text.EditDistance.MonadUtilities
[5 of 9] Compiling Text.EditDistance.STUArray
[6 of 9] Compiling Text.EditDistance.SquareSTUArray
Text/EditDistance/SquareSTUArray.hs:1:64: warning: [GHC-19244] [-Wtrustworthy-safe]
    ‘Text.EditDistance.SquareSTUArray’ is marked as Trustworthy but has been inferred as safe!
  |
1 | {-# LANGUAGE PatternGuards, ScopedTypeVariables, BangPatterns, Trustworthy #-}
  |                                                                ^^^^^^^^^^^

[7 of 9] Compiling Text.EditDistance.Tests.EditOperationOntology
Text/EditDistance/Tests/EditOperationOntology.hs:69:36: warning: [GHC-63394] [-Wx-partial]
    In the use of ‘head’
    (imported from Prelude, but defined in GHC.Internal.List):
    "This is a partial function, it throws an error on empty lists. Use pattern matching, 'Data.List.uncons' or 'Data.Maybe.listToMaybe' instead. Consider refactoring to use "Data.List.NonEmpty"."
   |
69 |                 let backwards_ch = head str_r
   |                                    ^^^^

Text/EditDistance/Tests/EditOperationOntology.hs:71:68: warning: [GHC-63394] [-Wx-partial]
    In the use of ‘tail’
    (imported from Prelude, but defined in GHC.Internal.List):
    "This is a partial function, it throws an error on empty lists. Replace it with 'drop' 1, or use pattern matching or 'GHC.Internal.Data.List.uncons' instead. Consider refactoring to use "Data.List.NonEmpty"."
   |
71 |                 return (init str_l ++ backwards_ch : forwards_ch : tail str_r, \ec -> transpositionCost ec backwards_ch forwards_ch)
   |                                                                    ^^^^

[8 of 9] Compiling Text.EditDistance.Tests.Properties
[9 of 9] Compiling Main
Text/EditDistance/Tests.hs:7:1: warning: [GHC-66111] [-Wunused-imports]
    The import of ‘Data.Monoid’ is redundant
      except perhaps to import instances from ‘Data.Monoid’
    To import instances alone, use: import Data.Monoid()
  |
7 | import Data.Monoid
  | ^^^^^^^^^^^^^^^^^^

<no location info>: warning: [GHC-32850] [-Wmissing-home-modules]
    These modules are needed for compilation but not listed in your .cabal file's other-modules for ‘edit-distance-0.2.2.1-inplace-edit-distance-tests’ :
        Text.EditDistance.ArrayUtilities
        Text.EditDistance.Bits
        Text.EditDistance.EditCosts
        Text.EditDistance.MonadUtilities
        Text.EditDistance.STUArray
        Text.EditDistance.SquareSTUArray

[10 of 10] Linking dist-newstyle/build/x86_64-linux/ghc-9.10.2/edit-distance-0.2.2.1/t/edit-distance-tests/build/edit-distance-tests/edit-distance-tests
