Resolving dependencies...
Build profile: -w ghc-9.10.2 -O1
In order, the following will be built (use -v for more details):
 - lsp-types-2.3.0.1 (lib) (first run)
 - lsp-types-2.3.0.1 (lib:metamodel) (first run)
 - lsp-types-2.3.0.1 (lib:lsp-types-quickcheck) (first run)
 - lsp-types-2.3.0.1 (exe:generator) (first run)
 - lsp-types-2.3.0.1 (test:lsp-types-test) (first run)
Configuring library for lsp-types-2.3.0.1...
Preprocessing library for lsp-types-2.3.0.1...
Building library for lsp-types-2.3.0.1...
[  1 of 452] Compiling Data.IxMap
[  2 of 452] Compiling Data.Row.Hashable
[  3 of 452] Compiling Language.LSP.Protocol.Message.Meta
[  4 of 452] Compiling Language.LSP.Protocol.Types.LspEnum
[  5 of 452] Compiling Language.LSP.Protocol.Types.Singletons
[  6 of 452] Compiling Language.LSP.Protocol.Types.Uri
[  7 of 452] Compiling Language.LSP.Protocol.Types.Uri.OsPath
[  8 of 452] Compiling Language.LSP.Protocol.Utils.Misc
src/Language/LSP/Protocol/Utils/Misc.hs:24:1: warning: [GHC-66111] [-Wunused-imports]
    The import of ‘Data.List’ is redundant
      except perhaps to import instances from ‘Data.List’
    To import instances alone, use: import Data.List()
   |
24 | import Data.List hiding (group)
   | ^^^^^^^^^^^^^^^^^^^^^^^^^^^^^^^

[  9 of 452] Compiling Language.LSP.Protocol.Types.Common
[ 10 of 452] Compiling Data.Row.Aeson
[ 11 of 452] Compiling Language.LSP.Protocol.Internal.Types.WorkspaceUnchangedDocumentDiagnosticReport
[ 12 of 452] Compiling Language.LSP.Protocol.Internal.Types.WorkspaceSymbolRegistrationOptions
[ 13 of 452] Compiling Language.LSP.Protocol.Internal.Types.WorkspaceSymbolOptions
[ 14 of 452] Compiling Language.LSP.Protocol.Internal.Types.WorkspaceFoldersServerCapabilities
[ 15 of 452] Compiling Language.LSP.Protocol.Internal.Types.WorkspaceFolder
[ 16 of 452] Compiling Language.LSP.Protocol.Internal.Types.WorkspaceFoldersInitializeParams
[ 17 of 452] Compiling Language.LSP.Protocol.Internal.Types.WorkspaceFoldersChangeEvent
[ 18 of 452] Compiling Language.LSP.Protocol.Internal.Types.WorkDoneProgressReport
[ 19 of 452] Compiling Language.LSP.Protocol.Internal.Types.WorkDoneProgressOptions
[ 20 of 452] Compiling Language.LSP.Protocol.Internal.Types.WorkDoneProgressEnd
[ 21 of 452] Compiling Language.LSP.Protocol.Internal.Types.WorkDoneProgressBegin
[ 22 of 452] Compiling Language.LSP.Protocol.Types.Progress
[ 23 of 452] Compiling Language.LSP.Protocol.Internal.Types.WatchKind
[ 24 of 452] Compiling Language.LSP.Protocol.Internal.Types.VersionedTextDocumentIdentifier
[ 25 of 452] Compiling Language.LSP.Protocol.Internal.Types.VersionedNotebookDocumentIdentifier
[ 26 of 452] Compiling Language.LSP.Protocol.Internal.Types.Unregistration
[ 27 of 452] Compiling Language.LSP.Protocol.Internal.Types.UnregistrationParams
[ 28 of 452] Compiling Language.LSP.Protocol.Internal.Types.UniquenessLevel
[ 29 of 452] Compiling Language.LSP.Protocol.Internal.Types.UnchangedDocumentDiagnosticReport
[ 30 of 452] Compiling Language.LSP.Protocol.Internal.Types.TypeHierarchyOptions
[ 31 of 452] Compiling Language.LSP.Protocol.Internal.Types.TypeHierarchyClientCapabilities
[ 32 of 452] Compiling Language.LSP.Protocol.Internal.Types.TypeDefinitionOptions
[ 33 of 452] Compiling Language.LSP.Protocol.Internal.Types.TypeDefinitionClientCapabilities
[ 34 of 452] Compiling Language.LSP.Protocol.Internal.Types.TraceValue
[ 35 of 452] Compiling Language.LSP.Protocol.Internal.Types.TokenFormat
[ 36 of 452] Compiling Language.LSP.Protocol.Internal.Types.TextDocumentSyncKind
[ 37 of 452] Compiling Language.LSP.Protocol.Internal.Types.TextDocumentSyncClientCapabilities
[ 38 of 452] Compiling Language.LSP.Protocol.Internal.Types.TextDocumentSaveReason
[ 39 of 452] Compiling Language.LSP.Protocol.Internal.Types.TextDocumentIdentifier
[ 40 of 452] Compiling Language.LSP.Protocol.Internal.Types.WillSaveTextDocumentParams
[ 41 of 452] Compiling Language.LSP.Protocol.Internal.Types.TextDocumentFilterScheme
[ 42 of 452] Compiling Language.LSP.Protocol.Internal.Types.TextDocumentFilterPattern
[ 43 of 452] Compiling Language.LSP.Protocol.Internal.Types.TextDocumentFilterLanguage
[ 44 of 452] Compiling Language.LSP.Protocol.Internal.Types.TextDocumentFilter
[ 45 of 452] Compiling Language.LSP.Protocol.Internal.Types.TextDocumentContentChangeWholeDocument
[ 46 of 452] Compiling Language.LSP.Protocol.Internal.Types.SymbolTag
[ 47 of 452] Compiling Language.LSP.Protocol.Internal.Types.SymbolKind
[ 48 of 452] Compiling Language.LSP.Protocol.Internal.Types.StaticRegistrationOptions
[ 49 of 452] Compiling Language.LSP.Protocol.Internal.Types.StaleRequestSupportOptions
[ 50 of 452] Compiling Language.LSP.Protocol.Internal.Types.SignatureHelpTriggerKind
[ 51 of 452] Compiling Language.LSP.Protocol.Internal.Types.SignatureHelpOptions
[ 52 of 452] Compiling Language.LSP.Protocol.Internal.Types.ShowDocumentResult
[ 53 of 452] Compiling Language.LSP.Protocol.Internal.Types.ShowDocumentClientCapabilities
[ 54 of 452] Compiling Language.LSP.Protocol.Internal.Types.SetTraceParams
[ 55 of 452] Compiling Language.LSP.Protocol.Internal.Types.ServerInfo
[ 56 of 452] Compiling Language.LSP.Protocol.Internal.Types.ServerCompletionItemOptions
[ 57 of 452] Compiling Language.LSP.Protocol.Internal.Types.SemanticTokensWorkspaceClientCapabilities
[ 58 of 452] Compiling Language.LSP.Protocol.Internal.Types.SemanticTokensPartialResult
[ 59 of 452] Compiling Language.LSP.Protocol.Internal.Types.SemanticTokensLegend
[ 60 of 452] Compiling Language.LSP.Protocol.Internal.Types.SemanticTokensFullDelta
[ 61 of 452] Compiling Language.LSP.Protocol.Internal.Types.SemanticTokensOptions
[ 62 of 452] Compiling Language.LSP.Protocol.Internal.Types.SemanticTokensEdit
[ 63 of 452] Compiling Language.LSP.Protocol.Internal.Types.SemanticTokensDeltaPartialResult
[ 64 of 452] Compiling Language.LSP.Protocol.Internal.Types.SemanticTokensDelta
[ 65 of 452] Compiling Language.LSP.Protocol.Internal.Types.SemanticTokens
[ 66 of 452] Compiling Language.LSP.Protocol.Internal.Types.SemanticTokenTypes
[ 67 of 452] Compiling Language.LSP.Protocol.Internal.Types.SemanticTokenModifiers
[ 68 of 452] Compiling Language.LSP.Protocol.Types.SemanticTokens
[ 69 of 452] Compiling Language.LSP.Protocol.Internal.Types.SelectionRangeOptions
[ 70 of 452] Compiling Language.LSP.Protocol.Internal.Types.SelectionRangeClientCapabilities
[ 71 of 452] Compiling Language.LSP.Protocol.Internal.Types.SaveOptions
[ 72 of 452] Compiling Language.LSP.Protocol.Internal.Types.TextDocumentSyncOptions
[ 73 of 452] Compiling Language.LSP.Protocol.Internal.Types.ResourceOperationKind
[ 74 of 452] Compiling Language.LSP.Protocol.Internal.Types.RenameOptions
[ 75 of 452] Compiling Language.LSP.Protocol.Internal.Types.RenameFileOptions
[ 76 of 452] Compiling Language.LSP.Protocol.Internal.Types.RegularExpressionEngineKind
[ 77 of 452] Compiling Language.LSP.Protocol.Internal.Types.RegularExpressionsClientCapabilities
[ 78 of 452] Compiling Language.LSP.Protocol.Internal.Types.Registration
[ 79 of 452] Compiling Language.LSP.Protocol.Internal.Types.RegistrationParams
[ 80 of 452] Compiling Language.LSP.Protocol.Internal.Types.ReferenceOptions
[ 81 of 452] Compiling Language.LSP.Protocol.Internal.Types.ReferenceContext
[ 82 of 452] Compiling Language.LSP.Protocol.Internal.Types.ReferenceClientCapabilities
[ 83 of 452] Compiling Language.LSP.Protocol.Internal.Types.ProgressToken
[ 84 of 452] Compiling Language.LSP.Protocol.Internal.Types.WorkspaceSymbolParams
[ 85 of 452] Compiling Language.LSP.Protocol.Internal.Types.WorkDoneProgressParams
[ 86 of 452] Compiling Language.LSP.Protocol.Internal.Types.WorkDoneProgressCreateParams
[ 87 of 452] Compiling Language.LSP.Protocol.Internal.Types.WorkDoneProgressCancelParams
[ 88 of 452] Compiling Language.LSP.Protocol.Internal.Types.SemanticTokensParams
[ 89 of 452] Compiling Language.LSP.Protocol.Internal.Types.SemanticTokensDeltaParams
[ 90 of 452] Compiling Language.LSP.Protocol.Internal.Types.ProgressParams
[ 91 of 452] Compiling Language.LSP.Protocol.Internal.Types.PreviousResultId
[ 92 of 452] Compiling Language.LSP.Protocol.Internal.Types.WorkspaceDiagnosticParams
[ 93 of 452] Compiling Language.LSP.Protocol.Internal.Types.PrepareSupportDefaultBehavior
[ 94 of 452] Compiling Language.LSP.Protocol.Internal.Types.RenameClientCapabilities
[ 95 of 452] Compiling Language.LSP.Protocol.Internal.Types.PrepareRenameDefaultBehavior
[ 96 of 452] Compiling Language.LSP.Protocol.Internal.Types.PositionEncodingKind
[ 97 of 452] Compiling Language.LSP.Protocol.Internal.Types.Position
[ 98 of 452] Compiling Language.LSP.Protocol.Internal.Types.TypeHierarchyPrepareParams
[ 99 of 452] Compiling Language.LSP.Protocol.Internal.Types.TypeDefinitionParams
[100 of 452] Compiling Language.LSP.Protocol.Internal.Types.TextDocumentPositionParams
[101 of 452] Compiling Language.LSP.Protocol.Internal.Types.SelectionRangeParams
[102 of 452] Compiling Language.LSP.Protocol.Internal.Types.RenameParams
[103 of 452] Compiling Language.LSP.Protocol.Internal.Types.ReferenceParams
[104 of 452] Compiling Language.LSP.Protocol.Internal.Types.Range
[105 of 452] Compiling Language.LSP.Protocol.Types.Location
[106 of 452] Compiling Language.LSP.Protocol.Internal.Types.TypeHierarchyItem
[107 of 452] Compiling Language.LSP.Protocol.Internal.Types.TypeHierarchySupertypesParams
[108 of 452] Compiling Language.LSP.Protocol.Internal.Types.TypeHierarchySubtypesParams
[109 of 452] Compiling Language.LSP.Protocol.Internal.Types.TextEdit
[110 of 452] Compiling Language.LSP.Protocol.Internal.Types.TextDocumentContentChangePartial
[111 of 452] Compiling Language.LSP.Protocol.Internal.Types.TextDocumentContentChangeEvent
[112 of 452] Compiling Language.LSP.Protocol.Internal.Types.ShowDocumentParams
[113 of 452] Compiling Language.LSP.Protocol.Internal.Types.SemanticTokensRangeParams
[114 of 452] Compiling Language.LSP.Protocol.Internal.Types.SelectionRange
[115 of 452] Compiling Language.LSP.Protocol.Internal.Types.PrepareRenamePlaceholder
[116 of 452] Compiling Language.LSP.Protocol.Internal.Types.PrepareRenameResult
[117 of 452] Compiling Language.LSP.Protocol.Internal.Types.PrepareRenameParams
[118 of 452] Compiling Language.LSP.Protocol.Internal.Types.Pattern
[119 of 452] Compiling Language.LSP.Protocol.Internal.Types.RelativePattern
[120 of 452] Compiling Language.LSP.Protocol.Internal.Types.PartialResultParams
[121 of 452] Compiling Language.LSP.Protocol.Internal.Types.OptionalVersionedTextDocumentIdentifier
[122 of 452] Compiling Language.LSP.Protocol.Internal.Types.NotebookDocumentSyncClientCapabilities
[123 of 452] Compiling Language.LSP.Protocol.Internal.Types.NotebookDocumentIdentifier
[124 of 452] Compiling Language.LSP.Protocol.Internal.Types.NotebookDocumentFilterScheme
[125 of 452] Compiling Language.LSP.Protocol.Internal.Types.NotebookDocumentFilterPattern
[126 of 452] Compiling Language.LSP.Protocol.Internal.Types.NotebookDocumentFilterNotebookType
[127 of 452] Compiling Language.LSP.Protocol.Internal.Types.NotebookDocumentFilter
[128 of 452] Compiling Language.LSP.Protocol.Internal.Types.NotebookDocumentClientCapabilities
[129 of 452] Compiling Language.LSP.Protocol.Internal.Types.NotebookDocumentCellContentChanges
[130 of 452] Compiling Language.LSP.Protocol.Internal.Types.NotebookCellTextDocumentFilter
[131 of 452] Compiling Language.LSP.Protocol.Internal.Types.NotebookCellLanguage
[132 of 452] Compiling Language.LSP.Protocol.Internal.Types.NotebookDocumentFilterWithNotebook
[133 of 452] Compiling Language.LSP.Protocol.Internal.Types.NotebookDocumentFilterWithCells
[134 of 452] Compiling Language.LSP.Protocol.Internal.Types.NotebookDocumentSyncRegistrationOptions
[135 of 452] Compiling Language.LSP.Protocol.Internal.Types.NotebookDocumentSyncOptions
[136 of 452] Compiling Language.LSP.Protocol.Internal.Types.NotebookCellKind
[137 of 452] Compiling Language.LSP.Protocol.Internal.Types.MonikerParams
[138 of 452] Compiling Language.LSP.Protocol.Internal.Types.MonikerOptions
[139 of 452] Compiling Language.LSP.Protocol.Internal.Types.MonikerKind
[140 of 452] Compiling Language.LSP.Protocol.Internal.Types.MonikerClientCapabilities
[141 of 452] Compiling Language.LSP.Protocol.Internal.Types.Moniker
[142 of 452] Compiling Language.LSP.Protocol.Internal.Types.MessageType
[143 of 452] Compiling Language.LSP.Protocol.Internal.Types.ShowMessageParams
[144 of 452] Compiling Language.LSP.Protocol.Internal.Types.MessageActionItem
[145 of 452] Compiling Language.LSP.Protocol.Internal.Types.ShowMessageRequestParams
[146 of 452] Compiling Language.LSP.Protocol.Internal.Types.MarkupKind
[147 of 452] Compiling Language.LSP.Protocol.Internal.Types.MarkupContent
[148 of 452] Compiling Language.LSP.Protocol.Types.MarkupContent
[149 of 452] Compiling Language.LSP.Protocol.Internal.Types.ParameterInformation
[150 of 452] Compiling Language.LSP.Protocol.Internal.Types.SignatureInformation
[151 of 452] Compiling Language.LSP.Protocol.Internal.Types.SignatureHelp
[152 of 452] Compiling Language.LSP.Protocol.Internal.Types.SignatureHelpContext
[153 of 452] Compiling Language.LSP.Protocol.Internal.Types.SignatureHelpParams
[154 of 452] Compiling Language.LSP.Protocol.Internal.Types.MarkedStringWithLanguage
[155 of 452] Compiling Language.LSP.Protocol.Internal.Types.MarkedString
[156 of 452] Compiling Language.LSP.Protocol.Internal.Types.MarkdownClientCapabilities
[157 of 452] Compiling Language.LSP.Protocol.Internal.Types.LogTraceParams
[158 of 452] Compiling Language.LSP.Protocol.Internal.Types.LogMessageParams
[159 of 452] Compiling Language.LSP.Protocol.Internal.Types.LocationUriOnly
[160 of 452] Compiling Language.LSP.Protocol.Internal.Types.LocationLink
[161 of 452] Compiling Language.LSP.Protocol.Internal.Types.Location
[162 of 452] Compiling Language.LSP.Protocol.Internal.Types.WorkspaceSymbol
[163 of 452] Compiling Language.LSP.Protocol.Internal.Types.SymbolInformation
[164 of 452] Compiling Language.LSP.Protocol.Internal.Types.LinkedEditingRanges
[165 of 452] Compiling Language.LSP.Protocol.Internal.Types.LinkedEditingRangeParams
[166 of 452] Compiling Language.LSP.Protocol.Internal.Types.LinkedEditingRangeOptions
[167 of 452] Compiling Language.LSP.Protocol.Internal.Types.LinkedEditingRangeClientCapabilities
[168 of 452] Compiling Language.LSP.Protocol.Internal.Types.LanguageKind
[169 of 452] Compiling Language.LSP.Protocol.Internal.Types.TextDocumentItem
[170 of 452] Compiling Language.LSP.Protocol.Internal.Types.LSPErrorCodes
[171 of 452] Compiling Language.LSP.Protocol.Internal.Types.InsertTextMode
[172 of 452] Compiling Language.LSP.Protocol.Internal.Types.InsertTextFormat
[173 of 452] Compiling Language.LSP.Protocol.Internal.Types.InsertReplaceEdit
[174 of 452] Compiling Language.LSP.Protocol.Internal.Types.InlineValueWorkspaceClientCapabilities
[175 of 452] Compiling Language.LSP.Protocol.Internal.Types.InlineValueVariableLookup
[176 of 452] Compiling Language.LSP.Protocol.Internal.Types.InlineValueText
[177 of 452] Compiling Language.LSP.Protocol.Internal.Types.InlineValueOptions
[178 of 452] Compiling Language.LSP.Protocol.Internal.Types.InlineValueEvaluatableExpression
[179 of 452] Compiling Language.LSP.Protocol.Internal.Types.InlineValueContext
[180 of 452] Compiling Language.LSP.Protocol.Internal.Types.InlineValueParams
[181 of 452] Compiling Language.LSP.Protocol.Internal.Types.InlineValueClientCapabilities
[182 of 452] Compiling Language.LSP.Protocol.Internal.Types.InlineValue
[183 of 452] Compiling Language.LSP.Protocol.Internal.Types.InlayHintWorkspaceClientCapabilities
[184 of 452] Compiling Language.LSP.Protocol.Internal.Types.InlayHintParams
[185 of 452] Compiling Language.LSP.Protocol.Internal.Types.InlayHintOptions
[186 of 452] Compiling Language.LSP.Protocol.Internal.Types.InlayHintKind
[187 of 452] Compiling Language.LSP.Protocol.Internal.Types.InitializedParams
[188 of 452] Compiling Language.LSP.Protocol.Internal.Types.InitializeError
[189 of 452] Compiling Language.LSP.Protocol.Internal.Types.ImplementationParams
[190 of 452] Compiling Language.LSP.Protocol.Internal.Types.ImplementationOptions
[191 of 452] Compiling Language.LSP.Protocol.Internal.Types.ImplementationClientCapabilities
[192 of 452] Compiling Language.LSP.Protocol.Internal.Types.HoverParams
[193 of 452] Compiling Language.LSP.Protocol.Internal.Types.HoverOptions
[194 of 452] Compiling Language.LSP.Protocol.Internal.Types.HoverClientCapabilities
[195 of 452] Compiling Language.LSP.Protocol.Internal.Types.Hover
[196 of 452] Compiling Language.LSP.Protocol.Internal.Types.GlobPattern
[197 of 452] Compiling Language.LSP.Protocol.Internal.Types.GeneralClientCapabilities
[198 of 452] Compiling Language.LSP.Protocol.Internal.Types.FormattingOptions
[199 of 452] Compiling Language.LSP.Protocol.Internal.Types.FoldingRangeParams
[200 of 452] Compiling Language.LSP.Protocol.Internal.Types.FoldingRangeOptions
[201 of 452] Compiling Language.LSP.Protocol.Internal.Types.FoldingRangeKind
[202 of 452] Compiling Language.LSP.Protocol.Internal.Types.FoldingRange
[203 of 452] Compiling Language.LSP.Protocol.Internal.Types.FileSystemWatcher
[204 of 452] Compiling Language.LSP.Protocol.Internal.Types.FileRename
[205 of 452] Compiling Language.LSP.Protocol.Internal.Types.RenameFilesParams
[206 of 452] Compiling Language.LSP.Protocol.Internal.Types.FileOperationPatternOptions
[207 of 452] Compiling Language.LSP.Protocol.Internal.Types.FileOperationPatternKind
[208 of 452] Compiling Language.LSP.Protocol.Internal.Types.FileOperationPattern
[209 of 452] Compiling Language.LSP.Protocol.Internal.Types.FileOperationFilter
[210 of 452] Compiling Language.LSP.Protocol.Internal.Types.FileOperationRegistrationOptions
[211 of 452] Compiling Language.LSP.Protocol.Internal.Types.FileOperationOptions
[212 of 452] Compiling Language.LSP.Protocol.Internal.Types.WorkspaceOptions
[213 of 452] Compiling Language.LSP.Protocol.Internal.Types.FileOperationClientCapabilities
[214 of 452] Compiling Language.LSP.Protocol.Internal.Types.FileDelete
[215 of 452] Compiling Language.LSP.Protocol.Internal.Types.FileCreate
[216 of 452] Compiling Language.LSP.Protocol.Internal.Types.FileChangeType
[217 of 452] Compiling Language.LSP.Protocol.Internal.Types.FileEvent
[218 of 452] Compiling Language.LSP.Protocol.Internal.Types.FailureHandlingKind
[219 of 452] Compiling Language.LSP.Protocol.Internal.Types.ExecutionSummary
[220 of 452] Compiling Language.LSP.Protocol.Internal.Types.NotebookCell
[221 of 452] Compiling Language.LSP.Protocol.Internal.Types.NotebookDocument
[222 of 452] Compiling Language.LSP.Protocol.Internal.Types.NotebookCellArrayChange
[223 of 452] Compiling Language.LSP.Protocol.Internal.Types.NotebookDocumentCellChangeStructure
[224 of 452] Compiling Language.LSP.Protocol.Internal.Types.NotebookDocumentCellChanges
[225 of 452] Compiling Language.LSP.Protocol.Internal.Types.NotebookDocumentChangeEvent
[226 of 452] Compiling Language.LSP.Protocol.Internal.Types.ExecuteCommandRegistrationOptions
[227 of 452] Compiling Language.LSP.Protocol.Internal.Types.ExecuteCommandParams
[228 of 452] Compiling Language.LSP.Protocol.Internal.Types.ExecuteCommandOptions
[229 of 452] Compiling Language.LSP.Protocol.Internal.Types.ExecuteCommandClientCapabilities
[230 of 452] Compiling Language.LSP.Protocol.Internal.Types.ErrorCodes
[231 of 452] Compiling Language.LSP.Protocol.Internal.Types.EditRangeWithInsertReplace
[232 of 452] Compiling Language.LSP.Protocol.Internal.Types.DocumentSymbolParams
[233 of 452] Compiling Language.LSP.Protocol.Internal.Types.DocumentSymbolOptions
[234 of 452] Compiling Language.LSP.Protocol.Internal.Types.DocumentSymbol
[235 of 452] Compiling Language.LSP.Protocol.Internal.Types.DocumentRangeFormattingParams
[236 of 452] Compiling Language.LSP.Protocol.Internal.Types.DocumentRangeFormattingOptions
[237 of 452] Compiling Language.LSP.Protocol.Internal.Types.DocumentRangeFormattingClientCapabilities
[238 of 452] Compiling Language.LSP.Protocol.Internal.Types.DocumentOnTypeFormattingParams
[239 of 452] Compiling Language.LSP.Protocol.Internal.Types.DocumentOnTypeFormattingOptions
[240 of 452] Compiling Language.LSP.Protocol.Internal.Types.DocumentOnTypeFormattingClientCapabilities
[241 of 452] Compiling Language.LSP.Protocol.Internal.Types.DocumentLinkParams
[242 of 452] Compiling Language.LSP.Protocol.Internal.Types.DocumentLinkOptions
[243 of 452] Compiling Language.LSP.Protocol.Internal.Types.DocumentLinkClientCapabilities
[244 of 452] Compiling Language.LSP.Protocol.Internal.Types.DocumentLink
[245 of 452] Compiling Language.LSP.Protocol.Internal.Types.DocumentHighlightParams
[246 of 452] Compiling Language.LSP.Protocol.Internal.Types.DocumentHighlightOptions
[247 of 452] Compiling Language.LSP.Protocol.Internal.Types.DocumentHighlightKind
[248 of 452] Compiling Language.LSP.Protocol.Internal.Types.DocumentHighlightClientCapabilities
[249 of 452] Compiling Language.LSP.Protocol.Internal.Types.DocumentHighlight
[250 of 452] Compiling Language.LSP.Protocol.Internal.Types.DocumentFormattingParams
[251 of 452] Compiling Language.LSP.Protocol.Internal.Types.DocumentFormattingOptions
[252 of 452] Compiling Language.LSP.Protocol.Internal.Types.DocumentFormattingClientCapabilities
[253 of 452] Compiling Language.LSP.Protocol.Internal.Types.DocumentFilter
[254 of 452] Compiling Language.LSP.Protocol.Internal.Types.DocumentSelector
[255 of 452] Compiling Language.LSP.Protocol.Internal.Types.TypeHierarchyRegistrationOptions
[256 of 452] Compiling Language.LSP.Protocol.Internal.Types.TypeDefinitionRegistrationOptions
[257 of 452] Compiling Language.LSP.Protocol.Internal.Types.TextDocumentSaveRegistrationOptions
[258 of 452] Compiling Language.LSP.Protocol.Internal.Types.TextDocumentRegistrationOptions
[259 of 452] Compiling Language.LSP.Protocol.Internal.Types.TextDocumentChangeRegistrationOptions
[260 of 452] Compiling Language.LSP.Protocol.Internal.Types.SignatureHelpRegistrationOptions
[261 of 452] Compiling Language.LSP.Protocol.Internal.Types.SemanticTokensRegistrationOptions
[262 of 452] Compiling Language.LSP.Protocol.Internal.Types.SelectionRangeRegistrationOptions
[263 of 452] Compiling Language.LSP.Protocol.Internal.Types.RenameRegistrationOptions
[264 of 452] Compiling Language.LSP.Protocol.Internal.Types.ReferenceRegistrationOptions
[265 of 452] Compiling Language.LSP.Protocol.Internal.Types.MonikerRegistrationOptions
[266 of 452] Compiling Language.LSP.Protocol.Internal.Types.LinkedEditingRangeRegistrationOptions
[267 of 452] Compiling Language.LSP.Protocol.Internal.Types.InlineValueRegistrationOptions
[268 of 452] Compiling Language.LSP.Protocol.Internal.Types.InlayHintRegistrationOptions
[269 of 452] Compiling Language.LSP.Protocol.Internal.Types.ImplementationRegistrationOptions
[270 of 452] Compiling Language.LSP.Protocol.Internal.Types.HoverRegistrationOptions
[271 of 452] Compiling Language.LSP.Protocol.Internal.Types.FoldingRangeRegistrationOptions
[272 of 452] Compiling Language.LSP.Protocol.Internal.Types.DocumentSymbolRegistrationOptions
[273 of 452] Compiling Language.LSP.Protocol.Internal.Types.DocumentRangeFormattingRegistrationOptions
[274 of 452] Compiling Language.LSP.Protocol.Internal.Types.DocumentOnTypeFormattingRegistrationOptions
[275 of 452] Compiling Language.LSP.Protocol.Internal.Types.DocumentLinkRegistrationOptions
[276 of 452] Compiling Language.LSP.Protocol.Internal.Types.DocumentHighlightRegistrationOptions
[277 of 452] Compiling Language.LSP.Protocol.Internal.Types.DocumentFormattingRegistrationOptions
[278 of 452] Compiling Language.LSP.Protocol.Internal.Types.DocumentDiagnosticReportKind
[279 of 452] Compiling Language.LSP.Protocol.Internal.Types.DocumentDiagnosticParams
[280 of 452] Compiling Language.LSP.Protocol.Internal.Types.DocumentColorRegistrationOptions
[281 of 452] Compiling Language.LSP.Protocol.Internal.Types.DocumentColorParams
[282 of 452] Compiling Language.LSP.Protocol.Internal.Types.DocumentColorOptions
[283 of 452] Compiling Language.LSP.Protocol.Internal.Types.DocumentColorClientCapabilities
[284 of 452] Compiling Language.LSP.Protocol.Internal.Types.DidSaveTextDocumentParams
[285 of 452] Compiling Language.LSP.Protocol.Internal.Types.DidSaveNotebookDocumentParams
[286 of 452] Compiling Language.LSP.Protocol.Internal.Types.DidOpenTextDocumentParams
[287 of 452] Compiling Language.LSP.Protocol.Internal.Types.DidOpenNotebookDocumentParams
[288 of 452] Compiling Language.LSP.Protocol.Internal.Types.DidCloseTextDocumentParams
[289 of 452] Compiling Language.LSP.Protocol.Internal.Types.DidCloseNotebookDocumentParams
[290 of 452] Compiling Language.LSP.Protocol.Internal.Types.DidChangeWorkspaceFoldersParams
[291 of 452] Compiling Language.LSP.Protocol.Internal.Types.DidChangeWatchedFilesRegistrationOptions
[292 of 452] Compiling Language.LSP.Protocol.Internal.Types.DidChangeWatchedFilesParams
[293 of 452] Compiling Language.LSP.Protocol.Internal.Types.DidChangeWatchedFilesClientCapabilities
[294 of 452] Compiling Language.LSP.Protocol.Internal.Types.DidChangeTextDocumentParams
[295 of 452] Compiling Language.LSP.Protocol.Internal.Types.DidChangeNotebookDocumentParams
[296 of 452] Compiling Language.LSP.Protocol.Internal.Types.DidChangeConfigurationRegistrationOptions
[297 of 452] Compiling Language.LSP.Protocol.Internal.Types.DidChangeConfigurationParams
[298 of 452] Compiling Language.LSP.Protocol.Internal.Types.DidChangeConfigurationClientCapabilities
[299 of 452] Compiling Language.LSP.Protocol.Internal.Types.DiagnosticWorkspaceClientCapabilities
[300 of 452] Compiling Language.LSP.Protocol.Internal.Types.DiagnosticTag
[301 of 452] Compiling Language.LSP.Protocol.Internal.Types.DiagnosticSeverity
[302 of 452] Compiling Language.LSP.Protocol.Internal.Types.DiagnosticServerCancellationData
[303 of 452] Compiling Language.LSP.Protocol.Internal.Types.DiagnosticRelatedInformation
[304 of 452] Compiling Language.LSP.Protocol.Internal.Types.DiagnosticRegistrationOptions
[305 of 452] Compiling Language.LSP.Protocol.Internal.Types.DiagnosticOptions
[306 of 452] Compiling Language.LSP.Protocol.Internal.Types.DiagnosticClientCapabilities
[307 of 452] Compiling Language.LSP.Protocol.Internal.Types.DeleteFilesParams
[308 of 452] Compiling Language.LSP.Protocol.Internal.Types.DeleteFileOptions
[309 of 452] Compiling Language.LSP.Protocol.Internal.Types.DefinitionRegistrationOptions
[310 of 452] Compiling Language.LSP.Protocol.Internal.Types.DefinitionParams
[311 of 452] Compiling Language.LSP.Protocol.Internal.Types.DefinitionOptions
[312 of 452] Compiling Language.LSP.Protocol.Internal.Types.DefinitionLink
[313 of 452] Compiling Language.LSP.Protocol.Internal.Types.DefinitionClientCapabilities
[314 of 452] Compiling Language.LSP.Protocol.Internal.Types.Definition
[315 of 452] Compiling Language.LSP.Protocol.Internal.Types.DeclarationRegistrationOptions
[316 of 452] Compiling Language.LSP.Protocol.Internal.Types.DeclarationParams
[317 of 452] Compiling Language.LSP.Protocol.Internal.Types.DeclarationOptions
[318 of 452] Compiling Language.LSP.Protocol.Internal.Types.DeclarationLink
[319 of 452] Compiling Language.LSP.Protocol.Internal.Types.DeclarationClientCapabilities
[320 of 452] Compiling Language.LSP.Protocol.Internal.Types.Declaration
[321 of 452] Compiling Language.LSP.Protocol.Internal.Types.CreateFilesParams
[322 of 452] Compiling Language.LSP.Protocol.Internal.Types.CreateFileOptions
[323 of 452] Compiling Language.LSP.Protocol.Internal.Types.ConfigurationItem
[324 of 452] Compiling Language.LSP.Protocol.Internal.Types.ConfigurationParams
[325 of 452] Compiling Language.LSP.Protocol.Internal.Types.CompletionTriggerKind
[326 of 452] Compiling Language.LSP.Protocol.Internal.Types.CompletionRegistrationOptions
[327 of 452] Compiling Language.LSP.Protocol.Internal.Types.CompletionOptions
[328 of 452] Compiling Language.LSP.Protocol.Internal.Types.CompletionListCapabilities
[329 of 452] Compiling Language.LSP.Protocol.Internal.Types.CompletionItemTag
[330 of 452] Compiling Language.LSP.Protocol.Internal.Types.CompletionItemTagOptions
[331 of 452] Compiling Language.LSP.Protocol.Internal.Types.CompletionItemLabelDetails
[332 of 452] Compiling Language.LSP.Protocol.Internal.Types.CompletionItemKind
[333 of 452] Compiling Language.LSP.Protocol.Internal.Types.CompletionItemDefaults
[334 of 452] Compiling Language.LSP.Protocol.Internal.Types.CompletionContext
[335 of 452] Compiling Language.LSP.Protocol.Internal.Types.CompletionParams
[336 of 452] Compiling Language.LSP.Protocol.Internal.Types.Command
[337 of 452] Compiling Language.LSP.Protocol.Internal.Types.InlayHintLabelPart
[338 of 452] Compiling Language.LSP.Protocol.Internal.Types.InlayHint
[339 of 452] Compiling Language.LSP.Protocol.Internal.Types.CompletionItem
[340 of 452] Compiling Language.LSP.Protocol.Internal.Types.CompletionList
[341 of 452] Compiling Language.LSP.Protocol.Internal.Types.ColorPresentation
[342 of 452] Compiling Language.LSP.Protocol.Internal.Types.Color
[343 of 452] Compiling Language.LSP.Protocol.Internal.Types.ColorPresentationParams
[344 of 452] Compiling Language.LSP.Protocol.Internal.Types.ColorInformation
[345 of 452] Compiling Language.LSP.Protocol.Internal.Types.CodeLensWorkspaceClientCapabilities
[346 of 452] Compiling Language.LSP.Protocol.Internal.Types.CodeLensRegistrationOptions
[347 of 452] Compiling Language.LSP.Protocol.Internal.Types.CodeLensParams
[348 of 452] Compiling Language.LSP.Protocol.Internal.Types.CodeLensOptions
[349 of 452] Compiling Language.LSP.Protocol.Internal.Types.CodeLensClientCapabilities
[350 of 452] Compiling Language.LSP.Protocol.Internal.Types.CodeLens
[351 of 452] Compiling Language.LSP.Protocol.Internal.Types.CodeDescription
[352 of 452] Compiling Language.LSP.Protocol.Internal.Types.Diagnostic
[353 of 452] Compiling Language.LSP.Protocol.Internal.Types.WorkspaceFullDocumentDiagnosticReport
[354 of 452] Compiling Language.LSP.Protocol.Internal.Types.WorkspaceDocumentDiagnosticReport
[355 of 452] Compiling Language.LSP.Protocol.Internal.Types.WorkspaceDiagnosticReportPartialResult
[356 of 452] Compiling Language.LSP.Protocol.Internal.Types.WorkspaceDiagnosticReport
[357 of 452] Compiling Language.LSP.Protocol.Internal.Types.PublishDiagnosticsParams
[358 of 452] Compiling Language.LSP.Protocol.Internal.Types.FullDocumentDiagnosticReport
[359 of 452] Compiling Language.LSP.Protocol.Internal.Types.RelatedUnchangedDocumentDiagnosticReport
[360 of 452] Compiling Language.LSP.Protocol.Internal.Types.RelatedFullDocumentDiagnosticReport
[361 of 452] Compiling Language.LSP.Protocol.Internal.Types.DocumentDiagnosticReport
[362 of 452] Compiling Language.LSP.Protocol.Internal.Types.DocumentDiagnosticReportPartialResult
[363 of 452] Compiling Language.LSP.Protocol.Internal.Types.CodeActionTriggerKind
[364 of 452] Compiling Language.LSP.Protocol.Internal.Types.CodeActionKind
[365 of 452] Compiling Language.LSP.Protocol.Internal.Types.CodeActionRegistrationOptions
[366 of 452] Compiling Language.LSP.Protocol.Internal.Types.CodeActionOptions
[367 of 452] Compiling Language.LSP.Protocol.Internal.Types.CodeActionDisabled
[368 of 452] Compiling Language.LSP.Protocol.Internal.Types.CodeActionContext
[369 of 452] Compiling Language.LSP.Protocol.Internal.Types.CodeActionParams
[370 of 452] Compiling Language.LSP.Protocol.Internal.Types.ClientSymbolTagOptions
[371 of 452] Compiling Language.LSP.Protocol.Internal.Types.ClientSymbolResolveOptions
[372 of 452] Compiling Language.LSP.Protocol.Internal.Types.ClientSymbolKindOptions
[373 of 452] Compiling Language.LSP.Protocol.Internal.Types.WorkspaceSymbolClientCapabilities
[374 of 452] Compiling Language.LSP.Protocol.Internal.Types.DocumentSymbolClientCapabilities
[375 of 452] Compiling Language.LSP.Protocol.Internal.Types.ClientSignatureParameterInformationOptions
[376 of 452] Compiling Language.LSP.Protocol.Internal.Types.ClientSignatureInformationOptions
[377 of 452] Compiling Language.LSP.Protocol.Internal.Types.SignatureHelpClientCapabilities
[378 of 452] Compiling Language.LSP.Protocol.Internal.Types.ClientShowMessageActionItemOptions
[379 of 452] Compiling Language.LSP.Protocol.Internal.Types.ShowMessageRequestClientCapabilities
[380 of 452] Compiling Language.LSP.Protocol.Internal.Types.WindowClientCapabilities
[381 of 452] Compiling Language.LSP.Protocol.Internal.Types.ClientSemanticTokensRequestFullDelta
[382 of 452] Compiling Language.LSP.Protocol.Internal.Types.ClientSemanticTokensRequestOptions
[383 of 452] Compiling Language.LSP.Protocol.Internal.Types.SemanticTokensClientCapabilities
[384 of 452] Compiling Language.LSP.Protocol.Internal.Types.ClientInlayHintResolveOptions
[385 of 452] Compiling Language.LSP.Protocol.Internal.Types.InlayHintClientCapabilities
[386 of 452] Compiling Language.LSP.Protocol.Internal.Types.ClientInfo
[387 of 452] Compiling Language.LSP.Protocol.Internal.Types.ClientFoldingRangeOptions
[388 of 452] Compiling Language.LSP.Protocol.Internal.Types.ClientFoldingRangeKindOptions
[389 of 452] Compiling Language.LSP.Protocol.Internal.Types.FoldingRangeClientCapabilities
[390 of 452] Compiling Language.LSP.Protocol.Internal.Types.ClientDiagnosticsTagOptions
[391 of 452] Compiling Language.LSP.Protocol.Internal.Types.PublishDiagnosticsClientCapabilities
[392 of 452] Compiling Language.LSP.Protocol.Internal.Types.ClientCompletionItemResolveOptions
[393 of 452] Compiling Language.LSP.Protocol.Internal.Types.ClientCompletionItemOptionsKind
[394 of 452] Compiling Language.LSP.Protocol.Internal.Types.ClientCompletionItemInsertTextModeOptions
[395 of 452] Compiling Language.LSP.Protocol.Internal.Types.ClientCompletionItemOptions
[396 of 452] Compiling Language.LSP.Protocol.Internal.Types.CompletionClientCapabilities
[397 of 452] Compiling Language.LSP.Protocol.Internal.Types.ClientCodeActionResolveOptions
[398 of 452] Compiling Language.LSP.Protocol.Internal.Types.ClientCodeActionKindOptions
[399 of 452] Compiling Language.LSP.Protocol.Internal.Types.ClientCodeActionLiteralOptions
[400 of 452] Compiling Language.LSP.Protocol.Internal.Types.CodeActionClientCapabilities
[401 of 452] Compiling Language.LSP.Protocol.Internal.Types.ChangeAnnotationsSupportOptions
[402 of 452] Compiling Language.LSP.Protocol.Internal.Types.WorkspaceEditClientCapabilities
[403 of 452] Compiling Language.LSP.Protocol.Internal.Types.WorkspaceClientCapabilities
[404 of 452] Compiling Language.LSP.Protocol.Internal.Types.ChangeAnnotationIdentifier
[405 of 452] Compiling Language.LSP.Protocol.Internal.Types.ResourceOperation
[406 of 452] Compiling Language.LSP.Protocol.Internal.Types.RenameFile
[407 of 452] Compiling Language.LSP.Protocol.Internal.Types.DeleteFile
[408 of 452] Compiling Language.LSP.Protocol.Internal.Types.CreateFile
[409 of 452] Compiling Language.LSP.Protocol.Internal.Types.ChangeAnnotation
[410 of 452] Compiling Language.LSP.Protocol.Internal.Types.CancelParams
[411 of 452] Compiling Language.LSP.Protocol.Internal.Types.CallHierarchyRegistrationOptions
[412 of 452] Compiling Language.LSP.Protocol.Internal.Types.CallHierarchyPrepareParams
[413 of 452] Compiling Language.LSP.Protocol.Internal.Types.CallHierarchyOptions
[414 of 452] Compiling Language.LSP.Protocol.Internal.Types.ServerCapabilities
[415 of 452] Compiling Language.LSP.Protocol.Internal.Types.InitializeResult
[416 of 452] Compiling Language.LSP.Protocol.Internal.Types.CallHierarchyItem
[417 of 452] Compiling Language.LSP.Protocol.Internal.Types.CallHierarchyOutgoingCallsParams
[418 of 452] Compiling Language.LSP.Protocol.Internal.Types.CallHierarchyOutgoingCall
[419 of 452] Compiling Language.LSP.Protocol.Internal.Types.CallHierarchyIncomingCallsParams
[420 of 452] Compiling Language.LSP.Protocol.Internal.Types.CallHierarchyIncomingCall
[421 of 452] Compiling Language.LSP.Protocol.Internal.Types.CallHierarchyClientCapabilities
[422 of 452] Compiling Language.LSP.Protocol.Internal.Types.TextDocumentClientCapabilities
[423 of 452] Compiling Language.LSP.Protocol.Internal.Types.ClientCapabilities
[424 of 452] Compiling Language.LSP.Protocol.Internal.Types.UInitializeParams
[425 of 452] Compiling Language.LSP.Protocol.Internal.Types.InitializeParams
[426 of 452] Compiling Language.LSP.Protocol.Internal.Types.BaseSymbolInformation
[427 of 452] Compiling Language.LSP.Protocol.Internal.Types.ApplyWorkspaceEditResult
[428 of 452] Compiling Language.LSP.Protocol.Internal.Types.AnnotatedTextEdit
[429 of 452] Compiling Language.LSP.Protocol.Internal.Types.TextDocumentEdit
[430 of 452] Compiling Language.LSP.Protocol.Internal.Types.WorkspaceEdit
[431 of 452] Compiling Language.LSP.Protocol.Internal.Types.CodeAction
[432 of 452] Compiling Language.LSP.Protocol.Internal.Types.ApplyWorkspaceEditParams
[433 of 452] Compiling Language.LSP.Protocol.Internal.Method
[434 of 452] Compiling Language.LSP.Protocol.Message.Method
[435 of 452] Compiling Language.LSP.Protocol.Message.LspId
[436 of 452] Compiling Language.LSP.Protocol.Internal.Types
[437 of 452] Compiling Language.LSP.Protocol.Types.WatchKinds
[438 of 452] Compiling Language.LSP.Protocol.Types.Orphans
[439 of 452] Compiling Language.LSP.Protocol.Types.Edit
[440 of 452] Compiling Language.LSP.Protocol.Types.CodeAction
[441 of 452] Compiling Language.LSP.Protocol.Types
[442 of 452] Compiling Language.LSP.Protocol.Message.Types
src/Language/LSP/Protocol/Message/Types.hs:87:9: warning: [GHC-02256] [-Wambiguous-fields]
    Ambiguous record update with parent type constructor ‘ResponseError’.
    This type-directed disambiguation mechanism will not be supported by -XDuplicateRecordFields in future releases of GHC.
    Consider disambiguating using module qualification instead.
   |
87 |       x{_code = InR (fromOpenEnumBaseType n)}
   |         ^^^^^^^^^^^^^^^^^^^^^^^^^^^^^^^^^^^^

src/Language/LSP/Protocol/Message/Types.hs:179:9: warning: [GHC-02256] [-Wambiguous-fields]
    Ambiguous record update with parent type constructor ‘TResponseError’.
    This type-directed disambiguation mechanism will not be supported by -XDuplicateRecordFields in future releases of GHC.
    Consider disambiguating using module qualification instead.
    |
179 |       x{_code = InR (fromOpenEnumBaseType n)}
    |         ^^^^^^^^^^^^^^^^^^^^^^^^^^^^^^^^^^^^

[443 of 452] Compiling Language.LSP.Protocol.Message.Parsing
[444 of 452] Compiling Language.LSP.Protocol.Message.Registration
[445 of 452] Compiling Language.LSP.Protocol.Message
[446 of 452] Compiling Language.LSP.Protocol.Internal.Meta
[447 of 452] Compiling Language.LSP.Protocol.Types.Lens
[448 of 452] Compiling Language.LSP.Protocol.Message.Lens
[449 of 452] Compiling Language.LSP.Protocol.Lens
[450 of 452] Compiling Language.LSP.Protocol.Capabilities
[451 of 452] Compiling Language.LSP.Protocol.Meta
[452 of 452] Compiling Language.LSP.Protocol.Utils.SMethodMap
Configuring library 'metamodel' for lsp-types-2.3.0.1...
Preprocessing library 'metamodel' for lsp-types-2.3.0.1...
Building library 'metamodel' for lsp-types-2.3.0.1...
[1 of 2] Compiling Language.LSP.MetaModel.Types
[2 of 2] Compiling Language.LSP.MetaModel
Configuring library 'lsp-types-quickcheck' for lsp-types-2.3.0.1...
Preprocessing library 'lsp-types-quickcheck' for lsp-types-2.3.0.1...
Building library 'lsp-types-quickcheck' for lsp-types-2.3.0.1...
[1 of 4] Compiling Language.LSP.Protocol.QuickCheck.Common
[2 of 4] Compiling Language.LSP.Protocol.QuickCheck.Types
[3 of 4] Compiling Language.LSP.Protocol.QuickCheck.Message
[4 of 4] Compiling Language.LSP.Protocol.QuickCheck
Configuring executable 'generator' for lsp-types-2.3.0.1...
Preprocessing executable 'generator' for lsp-types-2.3.0.1...
Building executable 'generator' for lsp-types-2.3.0.1...
[1 of 2] Compiling CodeGen
[2 of 2] Compiling Main
[3 of 3] Linking /tmp/workdir-lsp-types/lsp-types-2.3.0.1/dist-newstyle/build/x86_64-linux/ghc-9.10.2/lsp-types-2.3.0.1/x/generator/build/generator/generator
Configuring test suite 'lsp-types-test' for lsp-types-2.3.0.1...
Preprocessing test suite 'lsp-types-test' for lsp-types-2.3.0.1...
Building test suite 'lsp-types-test' for lsp-types-2.3.0.1...
[ 1 of 11] Compiling CapabilitiesSpec
[ 2 of 11] Compiling JsonSpec
[ 3 of 11] Compiling LocationSpec
[ 4 of 11] Compiling MethodSpec
[ 5 of 11] Compiling SemanticTokensSpec
[ 6 of 11] Compiling ServerCapabilitiesSpec
[ 7 of 11] Compiling TypesSpec
[ 8 of 11] Compiling URIFilePathSpec
[ 9 of 11] Compiling WorkspaceEditSpec
[10 of 11] Compiling Spec
[11 of 11] Compiling Main
[12 of 12] Linking /tmp/workdir-lsp-types/lsp-types-2.3.0.1/dist-newstyle/build/x86_64-linux/ghc-9.10.2/lsp-types-2.3.0.1/t/lsp-types-test/build/lsp-types-test/lsp-types-test
