Resolving dependencies...
Build profile: -w ghc-9.10.2 -O1
In order, the following will be built (use -v for more details):
 - myers-diff-0.3.0.2 (lib) (first run)
 - myers-diff-0.3.0.2 (test:myers-diff-test) (first run)
Configuring library for myers-diff-0.3.0.2...
Preprocessing library for myers-diff-0.3.0.2...
Building library for myers-diff-0.3.0.2...
[1 of 3] Compiling Data.Diff.Types
[2 of 3] Compiling Data.Diff.Myers
[3 of 3] Compiling Paths_myers_diff
Configuring test suite 'myers-diff-test' for myers-diff-0.3.0.2...
Preprocessing test suite 'myers-diff-test' for myers-diff-0.3.0.2...
Building test suite 'myers-diff-test' for myers-diff-0.3.0.2...
[1 of 9] Compiling Paths_myers_diff
[2 of 9] Compiling TestLib.Apply
[3 of 9] Compiling TestLib.Generators
[4 of 9] Compiling TestLib.Instances
[5 of 9] Compiling TestLib.Benchmarking
[6 of 9] Compiling TestLib.Util
[7 of 9] Compiling Spec.VectorMyersSpec
test/Spec/VectorMyersSpec.hs:12:1: warning: [GHC-66111] [-Wunused-imports]
    The qualified import of ‘Data.Text’ is redundant
      except perhaps to import instances from ‘Data.Text’
    To import instances alone, use: import Data.Text()
   |
12 | import qualified Data.Text as T
   | ^^^^^^^^^^^^^^^^^^^^^^^^^^^^^^^

[8 of 9] Compiling Main
[9 of 9] Compiling TestLib.VectorIO
[10 of 10] Linking dist-newstyle/build/x86_64-linux/ghc-9.10.2/myers-diff-0.3.0.2/t/myers-diff-test/build/myers-diff-test/myers-diff-test
