Resolving dependencies...
Build profile: -w ghc-9.10.2 -O1
In order, the following will be built (use -v for more details):
 - yesod-auth-oauth2-0.7.4.0 (lib) (first run)
 - yesod-auth-oauth2-0.7.4.0 (test:test) (first run)
Configuring library for yesod-auth-oauth2-0.7.4.0...
Preprocessing library for yesod-auth-oauth2-0.7.4.0...
Building library for yesod-auth-oauth2-0.7.4.0...
[ 1 of 29] Compiling Network.OAuth.OAuth2.Compat
[ 2 of 29] Compiling Paths_yesod_auth_oauth2
[ 3 of 29] Compiling URI.ByteString.Extension
[ 4 of 29] Compiling UnliftIO.Except
[ 5 of 29] Compiling Yesod.Auth.OAuth2.ErrorResponse
[ 6 of 29] Compiling Yesod.Auth.OAuth2.Exception
[ 7 of 29] Compiling Yesod.Auth.OAuth2.Random
[ 8 of 29] Compiling Yesod.Auth.OAuth2.DispatchError
[ 9 of 29] Compiling Yesod.Auth.OAuth2.Dispatch
[10 of 29] Compiling Yesod.Auth.OAuth2
[11 of 29] Compiling Yesod.Auth.OAuth2.Prelude
[12 of 29] Compiling Yesod.Auth.OAuth2.ORCID
[13 of 29] Compiling Yesod.Auth.OAuth2.Nylas
[14 of 29] Compiling Yesod.Auth.OAuth2.Google
[15 of 29] Compiling Yesod.Auth.OAuth2.GitLab
[16 of 29] Compiling Yesod.Auth.OAuth2.GitHub
[17 of 29] Compiling Yesod.Auth.OAuth2.EveOnline
[18 of 29] Compiling Yesod.Auth.OAuth2.ClassLink
[19 of 29] Compiling Yesod.Auth.OAuth2.Bitbucket
[20 of 29] Compiling Yesod.Auth.OAuth2.BattleNet
[21 of 29] Compiling Yesod.Auth.OAuth2.AzureADv2
[22 of 29] Compiling Yesod.Auth.OAuth2.AzureAD
[23 of 29] Compiling Yesod.Auth.OAuth2.Auth0
[24 of 29] Compiling Yesod.Auth.OAuth2.Salesforce
[25 of 29] Compiling Yesod.Auth.OAuth2.Slack
[26 of 29] Compiling Yesod.Auth.OAuth2.Spotify
[27 of 29] Compiling Yesod.Auth.OAuth2.Twitch
[28 of 29] Compiling Yesod.Auth.OAuth2.Upcase
[29 of 29] Compiling Yesod.Auth.OAuth2.WordPressDotCom
Configuring test suite 'test' for yesod-auth-oauth2-0.7.4.0...
Preprocessing test suite 'test' for yesod-auth-oauth2-0.7.4.0...
Building test suite 'test' for yesod-auth-oauth2-0.7.4.0...
[1 of 3] Compiling Paths_yesod_auth_oauth2
[2 of 3] Compiling URI.ByteString.ExtensionSpec
[3 of 3] Compiling Main
[4 of 4] Linking dist-newstyle/build/x86_64-linux/ghc-9.10.2/yesod-auth-oauth2-0.7.4.0/t/test/build/test/test
