Resolving dependencies...
Build profile: -w ghc-9.10.2 -O1
In order, the following will be built (use -v for more details):
 - sorted-list-0.2.3.1 (lib) (first run)
 - sorted-list-0.2.3.1 (test:sorted-list-tests) (first run)
Configuring library for sorted-list-0.2.3.1...
Preprocessing library for sorted-list-0.2.3.1...
Building library for sorted-list-0.2.3.1...
[1 of 1] Compiling Data.SortedList
Data/SortedList.hs:93:1: warning: [GHC-66111] [-Wunused-imports]
    The import of ‘Data.Semigroup’ is redundant
      except perhaps to import instances from ‘Data.Semigroup’
    To import instances alone, use: import Data.Semigroup()
   |
93 | import Data.Semigroup (Semigroup (..))
   | ^^^^^^^^^^^^^^^^^^^^^^^^^^^^^^^^^^^^^^

Data/SortedList.hs:365:1: warning: [GHC-95396] [-Winline-rule-shadowing]
    Rule "SortedList:map/id" may never fire
      because ‘id’ might inline first
    Suggested fix: Add an INLINE[n] or NOINLINE[n] pragma for ‘id’
    |
365 | "SortedList:map/id"  forall xs.     map id xs = xs
    | ^^^^^^^^^^^^^^^^^^^^^^^^^^^^^^^^^^^^^^^^^^^^^^^^^^

Data/SortedList.hs:370:1: warning: [GHC-95396] [-Winline-rule-shadowing]
    Rule "SortedList:mapDec/id" may never fire
      because ‘id’ might inline first
    Suggested fix: Add an INLINE[n] or NOINLINE[n] pragma for ‘id’
    |
370 | "SortedList:mapDec/id"  forall xs.     mapDec id xs = xs
    | ^^^^^^^^^^^^^^^^^^^^^^^^^^^^^^^^^^^^^^^^^^^^^^^^^^^^^^^^

Configuring test suite 'sorted-list-tests' for sorted-list-0.2.3.1...
Preprocessing test suite 'sorted-list-tests' for sorted-list-0.2.3.1...
Building test suite 'sorted-list-tests' for sorted-list-0.2.3.1...
[1 of 1] Compiling Main
[2 of 2] Linking /tmp/workdir-sorted-list/sorted-list-0.2.3.1/dist-newstyle/build/x86_64-linux/ghc-9.10.2/sorted-list-0.2.3.1/t/sorted-list-tests/build/sorted-list-tests/sorted-list-tests
