Resolving dependencies...
Build profile: -w ghc-9.10.2 -O1
In order, the following will be built (use -v for more details):
 - array-chunks-0.1.4.2 (lib) (first run)
 - array-chunks-0.1.4.2 (test:test) (first run)
Configuring library for array-chunks-0.1.4.2...
Warning: [git-protocol] Cloning over git:// might lead to an arbitrary code
execution vulnerability. Furthermore, popular forges like GitHub do not
support it. Use https:// or ssh:// instead.
Preprocessing library for array-chunks-0.1.4.2...
Building library for array-chunks-0.1.4.2...
[1 of 1] Compiling Data.Chunks
Configuring test suite 'test' for array-chunks-0.1.4.2...
Warning: [git-protocol] Cloning over git:// might lead to an arbitrary code
execution vulnerability. Furthermore, popular forges like GitHub do not
support it. Use https:// or ssh:// instead.
Preprocessing test suite 'test' for array-chunks-0.1.4.2...
Building test suite 'test' for array-chunks-0.1.4.2...
[1 of 1] Compiling Main
[2 of 2] Linking dist-newstyle/build/x86_64-linux/ghc-9.10.2/array-chunks-0.1.4.2/t/test/build/test/test
