Resolving dependencies...
Build profile: -w ghc-9.10.2 -O1
In order, the following will be built (use -v for more details):
 - toml-parser-2.0.1.2 (lib) (first run)
 - toml-parser-2.0.1.2 (test:unittests) (first run)
 - toml-parser-2.0.1.2 (test:readme) (first run)
Configuring library for toml-parser-2.0.1.2...
Preprocessing library for toml-parser-2.0.1.2...
Building library for toml-parser-2.0.1.2...
[ 1 of 21] Compiling Toml.Schema.Matcher
[ 2 of 21] Compiling Toml.Semantics.Types
[ 3 of 21] Compiling Toml.Syntax.Position
[ 4 of 21] Compiling Toml.Syntax.Token
[ 5 of 21] Compiling Toml.Syntax.LexerUtils
[ 6 of 21] Compiling Toml.Syntax.Lexer
[ 7 of 21] Compiling Toml.Syntax.Types
[ 8 of 21] Compiling Toml.Semantics.Ordered
[ 9 of 21] Compiling Toml.Semantics
[10 of 21] Compiling Toml.Schema.ToValue
[11 of 21] Compiling Toml.Schema.Generic.ToValue
[12 of 21] Compiling Toml.Pretty
[13 of 21] Compiling Toml.Syntax.ParserUtils
[14 of 21] Compiling Toml.Syntax.Parser
[15 of 21] Compiling Toml.Syntax
[16 of 21] Compiling Toml.Schema.ParseTable
[17 of 21] Compiling Toml.Schema.FromValue
[18 of 21] Compiling Toml.Schema.Generic.FromValue
[19 of 21] Compiling Toml.Schema.Generic
[20 of 21] Compiling Toml.Schema
[21 of 21] Compiling Toml
Configuring test suite 'unittests' for toml-parser-2.0.1.2...
Preprocessing test suite 'unittests' for toml-parser-2.0.1.2...
Building test suite 'unittests' for toml-parser-2.0.1.2...
[ 1 of 10] Compiling DerivingViaSpec
[ 2 of 10] Compiling FromValueSpec
[ 3 of 10] Compiling LexerSpec
[ 4 of 10] Compiling QuoteStr
[ 5 of 10] Compiling PrettySpec
[ 6 of 10] Compiling HieDemoSpec
[ 7 of 10] Compiling DecodeSpec
[ 8 of 10] Compiling ToValueSpec
[ 9 of 10] Compiling TomlSpec
[10 of 10] Compiling Main
[11 of 11] Linking dist-newstyle/build/x86_64-linux/ghc-9.10.2/toml-parser-2.0.1.2/t/unittests/build/unittests/unittests
Configuring test suite 'readme' for toml-parser-2.0.1.2...
Preprocessing test suite 'readme' for toml-parser-2.0.1.2...
Building test suite 'readme' for toml-parser-2.0.1.2...
[1 of 2] Compiling QuoteStr
[2 of 2] Compiling Main
[3 of 3] Linking dist-newstyle/build/x86_64-linux/ghc-9.10.2/toml-parser-2.0.1.2/t/readme/build/readme/readme
