Resolving dependencies...
Build profile: -w ghc-9.10.2 -O1
In order, the following will be built (use -v for more details):
 - cointracking-imports-0.1.0.2 (lib) (first run)
 - cointracking-imports-0.1.0.2 (test:cointracking-imports-test) (first run)
Configuring library for cointracking-imports-0.1.0.2...
Preprocessing library for cointracking-imports-0.1.0.2...
Building library for cointracking-imports-0.1.0.2...
[1 of 3] Compiling Paths_cointracking_imports
[2 of 3] Compiling Web.CoinTracking.Imports.Types
[3 of 3] Compiling Web.CoinTracking.Imports
src/Web/CoinTracking/Imports.hs:36:1: warning: [GHC-66111] [-Wunused-imports]
    The import of ‘Data.Foldable’ is redundant
      except perhaps to import instances from ‘Data.Foldable’
    To import instances alone, use: import Data.Foldable()
   |
36 | import           Data.Foldable                  ( foldl' )
   | ^^^^^^^^^^^^^^^^^^^^^^^^^^^^^^^^^^^^^^^^^^^^^^^^^^^^^^^^^^

Configuring test suite 'cointracking-imports-test' for cointracking-imports-0.1.0.2...
Preprocessing test suite 'cointracking-imports-test' for cointracking-imports-0.1.0.2...
Building test suite 'cointracking-imports-test' for cointracking-imports-0.1.0.2...
[1 of 2] Compiling Main
[2 of 2] Compiling Paths_cointracking_imports
[3 of 3] Linking /tmp/workdir-cointracking-imports/cointracking-imports-0.1.0.2/dist-newstyle/build/x86_64-linux/ghc-9.10.2/cointracking-imports-0.1.0.2/t/cointracking-imports-test/build/cointracking-imports-test/cointracking-imports-test
