Resolving dependencies...
Build profile: -w ghc-9.10.2 -O1
In order, the following will be built (use -v for more details):
 - generic-constraints-1.1.1.1 (lib) (first run)
 - generic-constraints-1.1.1.1 (test:unittests) (first run)
Configuring library for generic-constraints-1.1.1.1...
Warning: [git-protocol] Cloning over git:// might lead to an arbitrary code
execution vulnerability. Furthermore, popular forges like GitHub do not
support it. Use https:// or ssh:// instead.
Preprocessing library for generic-constraints-1.1.1.1...
Building library for generic-constraints-1.1.1.1...
[1 of 2] Compiling Generics.Constraints
[2 of 2] Compiling Paths_generic_constraints
Configuring test suite 'unittests' for generic-constraints-1.1.1.1...
Warning: [git-protocol] Cloning over git:// might lead to an arbitrary code
execution vulnerability. Furthermore, popular forges like GitHub do not
support it. Use https:// or ssh:// instead.
Preprocessing test suite 'unittests' for generic-constraints-1.1.1.1...
Building test suite 'unittests' for generic-constraints-1.1.1.1...
[1 of 2] Compiling Main
[2 of 2] Compiling Paths_generic_constraints
[3 of 3] Linking dist-newstyle/build/x86_64-linux/ghc-9.10.2/generic-constraints-1.1.1.1/t/unittests/build/unittests/unittests
