Resolving dependencies...
Build profile: -w ghc-9.10.2 -O1
In order, the following will be built (use -v for more details):
 - katip-wai-0.2.0.0 (lib) (first run)
 - katip-wai-0.2.0.0 (test:katip-wai-test) (first run)
Configuring library for katip-wai-0.2.0.0...
Preprocessing library for katip-wai-0.2.0.0...
Building library for katip-wai-0.2.0.0...
[1 of 5] Compiling Katip.Wai.Request
[2 of 5] Compiling Katip.Wai.Response
[3 of 5] Compiling Katip.Wai.Options
[4 of 5] Compiling Katip.Wai.Middleware
[5 of 5] Compiling Katip.Wai
Configuring test suite 'katip-wai-test' for katip-wai-0.2.0.0...
Preprocessing test suite 'katip-wai-test' for katip-wai-0.2.0.0...
Building test suite 'katip-wai-test' for katip-wai-0.2.0.0...
[1 of 6] Compiling Katip.Wai.DebugScribe
[2 of 6] Compiling Katip.Wai.DebugApplication
[3 of 6] Compiling Katip.Wai.LogEntry
[4 of 6] Compiling Katip.WaiSpec
[5 of 6] Compiling Spec
[6 of 6] Compiling Main
[7 of 7] Linking /tmp/workdir-katip-wai/katip-wai-0.2.0.0/dist-newstyle/build/x86_64-linux/ghc-9.10.2/katip-wai-0.2.0.0/t/katip-wai-test/build/katip-wai-test/katip-wai-test
