Resolving dependencies...
Build profile: -w ghc-9.10.2 -O1
In order, the following will be built (use -v for more details):
 - http-client-tls-0.3.6.4 (lib) (first run)
 - http-client-tls-0.3.6.4 (test:spec) (first run)
Configuring library for http-client-tls-0.3.6.4...
Preprocessing library for http-client-tls-0.3.6.4...
Building library for http-client-tls-0.3.6.4...
[1 of 1] Compiling Network.HTTP.Client.TLS
Configuring test suite 'spec' for http-client-tls-0.3.6.4...
Preprocessing test suite 'spec' for http-client-tls-0.3.6.4...
Building test suite 'spec' for http-client-tls-0.3.6.4...
[1 of 1] Compiling Main
test/Spec.hs:55:25: warning: [GHC-20125] [-Wmissing-fields]
    • Fields of ‘TLSSettingsSimple’ not initialised:
        settingClientSupported :: tls-2.1.8:Network.TLS.Parameters.Supported
    • In the expression:
        TLSSettingsSimple
          {settingDisableCertificateValidation = True,
           settingDisableSession = False, settingUseServerName = False}
      In an equation for ‘tlsSettings’:
          tlsSettings
            = TLSSettingsSimple
                {settingDisableCertificateValidation = True,
                 settingDisableSession = False, settingUseServerName = False}
      In a stmt of a 'do' block:
        let tlsSettings
              = TLSSettingsSimple
                  {settingDisableCertificateValidation = True,
                   settingDisableSession = False, settingUseServerName = False}
            socketSettings = Nothing
            managerSettings = mkManagerSettings tlsSettings socketSettings
   |
55 |           tlsSettings = TLSSettingsSimple
   |                         ^^^^^^^^^^^^^^^^^...

[2 of 2] Linking /tmp/workdir-http-client-tls/http-client-tls-0.3.6.4/dist-newstyle/build/x86_64-linux/ghc-9.10.2/http-client-tls-0.3.6.4/t/spec/build/spec/spec
