Warning: The package description file ./missing-foreign.cabal has warnings:
missing-foreign.cabal:24:36: version operators used. To use version operators
the package needs to specify at least 'cabal-version: >= 1.8'.
Warning: The package description file
/tmp/workdir-missing-foreign/missing-foreign-0.1.1/missing-foreign.cabal has
warnings:
/tmp/workdir-missing-foreign/missing-foreign-0.1.1/missing-foreign.cabal:24:36:
version operators used. To use version operators the package needs to specify
at least 'cabal-version: >= 1.8'.
Resolving dependencies...
Build profile: -w ghc-9.10.2 -O1
In order, the following will be built (use -v for more details):
 - missing-foreign-0.1.1 (lib:missing-foreign) (first run)
Warning: missing-foreign.cabal:24:36: version operators used. To use version
operators the package needs to specify at least 'cabal-version: >= 1.8'.
Configuring missing-foreign-0.1.1...
Preprocessing library for missing-foreign-0.1.1...
Building library for missing-foreign-0.1.1...
[1 of 2] Compiling Foreign.Marshal.MissingAlloc
[2 of 2] Compiling Foreign.Marshal.MissingUtils
