Resolving dependencies...
Build profile: -w ghc-9.10.2 -O1
In order, the following will be built (use -v for more details):
 - inj-1.0 (lib) (first run)
Configuring library for inj-1.0...
Preprocessing library for inj-1.0...
Building library for inj-1.0...
[1 of 1] Compiling Inj
Inj.hs:26:21: warning: [GHC-58520] [-Wtype-equality-requires-operators]
    The use of ‘~’ without TypeOperators
    will become an error in a future GHC release.
    Suggested fix: Perhaps you intended to use TypeOperators
   |
26 |   default inj :: (p ~ a) => p -> a
   |                     ^

Inj.hs:26:21: warning: [GHC-12003] [-Wtype-equality-out-of-scope]
    • The ‘~’ operator is out of scope.
      Assuming it to stand for an equality constraint.
    • NB: ‘~’ used to be built-in syntax but now is a regular type operator
          exported from Data.Type.Equality and Prelude.
      If you are using a custom Prelude, consider re-exporting it.
    • This will become an error in a future GHC release.
   |
26 |   default inj :: (p ~ a) => p -> a
   |                     ^

