Resolving dependencies...
Build profile: -w ghc-9.10.2 -O1
In order, the following will be built (use -v for more details):
 - text-builder-core-0.1.1.1 (lib) (first run)
 - text-builder-core-0.1.1.1 (test:test) (first run)
Configuring library for text-builder-core-0.1.1.1...
Preprocessing library for text-builder-core-0.1.1.1...
Building library for text-builder-core-0.1.1.1...
[1 of 5] Compiling TextBuilderCore.Prelude
[2 of 5] Compiling TextBuilderCore.Utf16View.Unicode
[3 of 5] Compiling TextBuilderCore.Utf16View
[4 of 5] Compiling TextBuilderCore.Utf8View
[5 of 5] Compiling TextBuilderCore
Configuring test suite 'test' for text-builder-core-0.1.1.1...
Preprocessing test suite 'test' for text-builder-core-0.1.1.1...
Building test suite 'test' for text-builder-core-0.1.1.1...
[1 of 4] Compiling Util.ExtraInstances
[2 of 4] Compiling Util.TestTrees
[3 of 4] Compiling Features
[4 of 4] Compiling Main
[5 of 5] Linking /tmp/workdir-text-builder-core/text-builder-core-0.1.1.1/dist-newstyle/build/x86_64-linux/ghc-9.10.2/text-builder-core-0.1.1.1/t/test/build/test/test
