Resolving dependencies...
Build profile: -w ghc-9.10.2 -O1
In order, the following will be built (use -v for more details):
 - distributed-process-extras-0.3.9 (lib) (first run)
 - distributed-process-extras-0.3.9 (test:TimerTests) (first run)
 - distributed-process-extras-0.3.9 (test:PrimitivesTests) (first run)
 - distributed-process-extras-0.3.9 (test:LoggerTests) (first run)
 - distributed-process-extras-0.3.9 (test:InternalQueueTests) (first run)
Configuring library for distributed-process-extras-0.3.9...
Preprocessing library for distributed-process-extras-0.3.9...
Building library for distributed-process-extras-0.3.9...
[ 1 of 14] Compiling Control.Concurrent.Utils
[ 2 of 14] Compiling Control.Distributed.Process.Extras.Internal.Containers.MultiMap
src/Control/Distributed/Process/Extras/Internal/Containers/MultiMap.hs:23:1: warning: [GHC-66111] [-Wunused-imports]
    The import of ‘Data.Foldable’ is redundant
      except perhaps to import instances from ‘Data.Foldable’
    To import instances alone, use: import Data.Foldable()
   |
23 | import Data.Foldable (Foldable)
   | ^^^^^^^^^^^^^^^^^^^^^^^^^^^^^^^

src/Control/Distributed/Process/Extras/Internal/Containers/MultiMap.hs:52:11: warning: [GHC-62412] [-Wsimplifiable-class-constraints]
    • The constraint ‘Insertable v’ matches
        instance (Eq a, Hashable a) => Insertable a
          -- Defined at src/Control/Distributed/Process/Extras/Internal/Containers/MultiMap.hs:36:10
      This makes type inference for inner bindings fragile;
        either use MonoLocalBinds, or simplify it using the instance
    • In the type signature:
        insert :: forall k v. (Insertable k, Insertable v) =>
                              k -> v -> MultiMap k v -> MultiMap k v
   |
52 | insert :: forall k v. (Insertable k, Insertable v)
   |           ^^^^^^^^^^^^^^^^^^^^^^^^^^^^^^^^^^^^^^^^...

src/Control/Distributed/Process/Extras/Internal/Containers/MultiMap.hs:52:11: warning: [GHC-62412] [-Wsimplifiable-class-constraints]
    • The constraint ‘Insertable k’ matches
        instance (Eq a, Hashable a) => Insertable a
          -- Defined at src/Control/Distributed/Process/Extras/Internal/Containers/MultiMap.hs:36:10
      This makes type inference for inner bindings fragile;
        either use MonoLocalBinds, or simplify it using the instance
    • In the type signature:
        insert :: forall k v. (Insertable k, Insertable v) =>
                              k -> v -> MultiMap k v -> MultiMap k v
   |
52 | insert :: forall k v. (Insertable k, Insertable v)
   |           ^^^^^^^^^^^^^^^^^^^^^^^^^^^^^^^^^^^^^^^^...

src/Control/Distributed/Process/Extras/Internal/Containers/MultiMap.hs:60:11: warning: [GHC-62412] [-Wsimplifiable-class-constraints]
    • The constraint ‘Insertable k’ matches
        instance (Eq a, Hashable a) => Insertable a
          -- Defined at src/Control/Distributed/Process/Extras/Internal/Containers/MultiMap.hs:36:10
      This makes type inference for inner bindings fragile;
        either use MonoLocalBinds, or simplify it using the instance
    • In the type signature:
        member :: (Insertable k) => k -> MultiMap k a -> Bool
   |
60 | member :: (Insertable k) => k -> MultiMap k a -> Bool
   |           ^^^^^^^^^^^^^^^^^^^^^^^^^^^^^^^^^^^^^^^^^^^

src/Control/Distributed/Process/Extras/Internal/Containers/MultiMap.hs:63:11: warning: [GHC-62412] [-Wsimplifiable-class-constraints]
    • The constraint ‘Insertable k’ matches
        instance (Eq a, Hashable a) => Insertable a
          -- Defined at src/Control/Distributed/Process/Extras/Internal/Containers/MultiMap.hs:36:10
      This makes type inference for inner bindings fragile;
        either use MonoLocalBinds, or simplify it using the instance
    • In the type signature:
        lookup :: (Insertable k) => k -> MultiMap k v -> Maybe [v]
   |
63 | lookup :: (Insertable k) => k -> MultiMap k v -> Maybe [v]
   |           ^^^^^^^^^^^^^^^^^^^^^^^^^^^^^^^^^^^^^^^^^^^^^^^^

src/Control/Distributed/Process/Extras/Internal/Containers/MultiMap.hs:67:11: warning: [GHC-62412] [-Wsimplifiable-class-constraints]
    • The constraint ‘Insertable k’ matches
        instance (Eq a, Hashable a) => Insertable a
          -- Defined at src/Control/Distributed/Process/Extras/Internal/Containers/MultiMap.hs:36:10
      This makes type inference for inner bindings fragile;
        either use MonoLocalBinds, or simplify it using the instance
    • In the type signature:
        delete :: (Insertable k) =>
                  k -> MultiMap k v -> Maybe ([v], MultiMap k v)
   |
67 | delete :: (Insertable k) => k -> MultiMap k v -> Maybe ([v], MultiMap k v)
   |           ^^^^^^^^^^^^^^^^^^^^^^^^^^^^^^^^^^^^^^^^^^^^^^^^^^^^^^^^^^^^^^^^

src/Control/Distributed/Process/Extras/Internal/Containers/MultiMap.hs:70:11: warning: [GHC-62412] [-Wsimplifiable-class-constraints]
    • The constraint ‘Insertable k’ matches
        instance (Eq a, Hashable a) => Insertable a
          -- Defined at src/Control/Distributed/Process/Extras/Internal/Containers/MultiMap.hs:36:10
      This makes type inference for inner bindings fragile;
        either use MonoLocalBinds, or simplify it using the instance
    • In the type signature:
        filter :: forall k v. (Insertable k) =>
                              (v -> Bool) -> MultiMap k v -> MultiMap k v
   |
70 | filter :: forall k v. (Insertable k)
   |           ^^^^^^^^^^^^^^^^^^^^^^^^^^...

src/Control/Distributed/Process/Extras/Internal/Containers/MultiMap.hs:81:18: warning: [GHC-62412] [-Wsimplifiable-class-constraints]
    • The constraint ‘Insertable k’ matches
        instance (Eq a, Hashable a) => Insertable a
          -- Defined at src/Control/Distributed/Process/Extras/Internal/Containers/MultiMap.hs:36:10
      This makes type inference for inner bindings fragile;
        either use MonoLocalBinds, or simplify it using the instance
    • In the type signature:
        filterWithKey :: forall k v. (Insertable k) =>
                                     (k -> v -> Bool) -> MultiMap k v -> MultiMap k v
   |
81 | filterWithKey :: forall k v. (Insertable k)
   |                  ^^^^^^^^^^^^^^^^^^^^^^^^^^...

[ 3 of 14] Compiling Control.Distributed.Process.Extras.Internal.Queue.PriorityQ
[ 4 of 14] Compiling Control.Distributed.Process.Extras.Internal.Queue.SeqQ
src/Control/Distributed/Process/Extras/Internal/Queue/SeqQ.hs:49:28: warning: [GHC-62161] [-Wincomplete-uni-patterns]
    Pattern match(es) are non-exhaustive
    In a lambda abstraction:
        Patterns of type ‘ViewR a’ not matched: EmptyR
   |
49 | dequeue s = maybe Nothing (\(s' :> a) -> Just (a, SeqQ s')) $ getR s
   |                            ^^^^^^^^^^^^^^^^^^^^^^^^^^^^^^^

src/Control/Distributed/Process/Extras/Internal/Queue/SeqQ.hs:53:25: warning: [GHC-62161] [-Wincomplete-uni-patterns]
    Pattern match(es) are non-exhaustive
    In a lambda abstraction:
        Patterns of type ‘ViewR a’ not matched: EmptyR
   |
53 | peek s = maybe Nothing (\(_ :> a) -> Just a) $ getR s
   |                         ^^^^^^^^^^^^^^^^^^^

[ 5 of 14] Compiling Control.Distributed.Process.Extras.Internal.Types
src/Control/Distributed/Process/Extras/Internal/Types.hs:143:32: warning: [GHC-30606] [-Wredundant-constraints]
    Redundant constraint: Resolvable a
    In the type signature for:
         baseAddressableErrorMessage :: forall a.
                                        Resolvable a =>
                                        a -> String
    |
143 | baseAddressableErrorMessage :: (Resolvable a) => a -> String
    |                                ^^^^^^^^^^^^^^

[ 6 of 14] Compiling Control.Distributed.Process.Extras.Internal.Primitives
src/Control/Distributed/Process/Extras/Internal/Primitives.hs:94:24: warning: [GHC-68441] [-Wdeprecations]
    In the use of ‘bracket’
    (imported from Control.Distributed.Process, but defined in Control.Distributed.Process.Internal.Primitives):
    Deprecated: "Use Control.Monad.Catch.bracket instead"
   |
94 |   withMonitorRef pid = bracket (P.monitor pid) P.unmonitor
   |                        ^^^^^^^

src/Control/Distributed/Process/Extras/Internal/Primitives.hs:207:2: warning: [GHC-40910] [-Wunused-top-binds]
    Defined but not used: ‘registerSelf__tdict’
    |
207 | $(remotable ['registerSelf])
    |  ^^^^^^^^^^^^^^^^^^^^^^^^^^^

src/Control/Distributed/Process/Extras/Internal/Primitives.hs:271:7: warning: [GHC-68441] [-Wdeprecations]
    In the use of ‘bracket’
    (imported from Control.Distributed.Process, but defined in Control.Distributed.Process.Internal.Primitives):
    Deprecated: "Use Control.Monad.Catch.bracket instead"
    |
271 |       bracket (P.monitor p)
    |       ^^^^^^^

[ 7 of 14] Compiling Control.Distributed.Process.Extras.Internal.Unsafe
src/Control/Distributed/Process/Extras/Internal/Unsafe.hs:79:10: warning: [GHC-30606] [-Wredundant-constraints]
    Redundant constraint: Typeable a
    In the type signature for:
         pCopy :: forall a. Typeable a => a -> PCopy a
   |
79 | pCopy :: (Typeable a) => a -> PCopy a
   |          ^^^^^^^^^^^^

src/Control/Distributed/Process/Extras/Internal/Unsafe.hs:95:15: warning: [GHC-30606] [-Wredundant-constraints]
    Redundant constraint: Typeable m
    In the type signature for:
         matchChanP :: forall m.
                       Typeable m =>
                       ReceivePort (PCopy m) -> Match m
   |
95 | matchChanP :: (Typeable m) => ReceivePort (PCopy m) -> Match m
   |               ^^^^^^^^^^^^

src/Control/Distributed/Process/Extras/Internal/Unsafe.hs:119:29: warning: [GHC-30606] [-Wredundant-constraints]
    Redundant constraint: Typeable a
    In the type signature for:
         newInputStream :: forall a.
                           Typeable a =>
                           Either (ReceivePort a) (STM a) -> InputStream a
    |
119 | newInputStream :: forall a. (Typeable a)
    |                             ^^^^^^^^^^^^

[ 8 of 14] Compiling Control.Distributed.Process.Extras.Time
[ 9 of 14] Compiling Control.Distributed.Process.Extras.UnsafePrimitives
[10 of 14] Compiling Control.Distributed.Process.Extras.Timer
[11 of 14] Compiling Control.Distributed.Process.Extras
[12 of 14] Compiling Control.Distributed.Process.Extras.SystemLog
src/Control/Distributed/Process/Extras/SystemLog.hs:192:11: warning: [GHC-30606] [-Wredundant-constraints]
    Redundant constraint: Logger l
    In the type signature for:
         report :: forall l.
                   Logger l =>
                   (l -> LogText -> Process ()) -> l -> String -> Process ()
    |
192 | report :: (Logger l)
    |           ^^^^^^^^^^

[13 of 14] Compiling Control.Distributed.Process.Extras.Monitoring
[14 of 14] Compiling Control.Distributed.Process.Extras.Call
Configuring test suite 'TimerTests' for distributed-process-extras-0.3.9...
Preprocessing test suite 'TimerTests' for distributed-process-extras-0.3.9...
Building test suite 'TimerTests' for distributed-process-extras-0.3.9...
[1 of 1] Compiling Main
[2 of 2] Linking /tmp/workdir-distributed-process-extras/distributed-process-extras-0.3.9/dist-newstyle/build/x86_64-linux/ghc-9.10.2/distributed-process-extras-0.3.9/t/TimerTests/build/TimerTests/TimerTests
Configuring test suite 'PrimitivesTests' for distributed-process-extras-0.3.9...
Preprocessing test suite 'PrimitivesTests' for distributed-process-extras-0.3.9...
Building test suite 'PrimitivesTests' for distributed-process-extras-0.3.9...
[1 of 1] Compiling Main
[2 of 2] Linking /tmp/workdir-distributed-process-extras/distributed-process-extras-0.3.9/dist-newstyle/build/x86_64-linux/ghc-9.10.2/distributed-process-extras-0.3.9/t/PrimitivesTests/build/PrimitivesTests/PrimitivesTests
Configuring test suite 'LoggerTests' for distributed-process-extras-0.3.9...
Preprocessing test suite 'LoggerTests' for distributed-process-extras-0.3.9...
Building test suite 'LoggerTests' for distributed-process-extras-0.3.9...
[1 of 1] Compiling Main
[2 of 2] Linking /tmp/workdir-distributed-process-extras/distributed-process-extras-0.3.9/dist-newstyle/build/x86_64-linux/ghc-9.10.2/distributed-process-extras-0.3.9/t/LoggerTests/build/LoggerTests/LoggerTests
Configuring test suite 'InternalQueueTests' for distributed-process-extras-0.3.9...
Preprocessing test suite 'InternalQueueTests' for distributed-process-extras-0.3.9...
Building test suite 'InternalQueueTests' for distributed-process-extras-0.3.9...
[1 of 1] Compiling Main
[2 of 2] Linking /tmp/workdir-distributed-process-extras/distributed-process-extras-0.3.9/dist-newstyle/build/x86_64-linux/ghc-9.10.2/distributed-process-extras-0.3.9/t/InternalQueueTests/build/InternalQueueTests/InternalQueueTests
