Resolving dependencies...
Build profile: -w ghc-9.10.2 -O1
In order, the following will be built (use -v for more details):
 - base-compat-0.14.1 (lib) (first run)
Configuring library for base-compat-0.14.1...
Preprocessing library for base-compat-0.14.1...
Building library for base-compat-0.14.1...
[  1 of 130] Compiling Control.Concurrent.Compat
[  2 of 130] Compiling Control.Concurrent.Compat.Repl
[  3 of 130] Compiling Control.Concurrent.MVar.Compat
[  4 of 130] Compiling Control.Concurrent.MVar.Compat.Repl
[  5 of 130] Compiling Control.Exception.Compat
[  6 of 130] Compiling Control.Exception.Compat.Repl
[  7 of 130] Compiling Control.Monad.Compat
[  8 of 130] Compiling Control.Monad.Compat.Repl
[  9 of 130] Compiling Control.Monad.Fail.Compat
[ 10 of 130] Compiling Control.Monad.Fail.Compat.Repl
[ 11 of 130] Compiling Control.Monad.IO.Class.Compat
[ 12 of 130] Compiling Control.Monad.IO.Class.Compat.Repl
[ 13 of 130] Compiling Control.Monad.ST.Lazy.Unsafe.Compat
[ 14 of 130] Compiling Control.Monad.ST.Lazy.Unsafe.Compat.Repl
[ 15 of 130] Compiling Control.Monad.ST.Unsafe.Compat
[ 16 of 130] Compiling Control.Monad.ST.Unsafe.Compat.Repl
[ 17 of 130] Compiling Data.Bifoldable.Compat
[ 18 of 130] Compiling Data.Bifoldable.Compat.Repl
[ 19 of 130] Compiling Data.Bifoldable1.Compat
[ 20 of 130] Compiling Data.Bifoldable1.Compat.Repl
[ 21 of 130] Compiling Data.Bifunctor.Compat
[ 22 of 130] Compiling Data.Bifunctor.Compat.Repl
[ 23 of 130] Compiling Data.Bits.Compat
[ 24 of 130] Compiling Data.Bits.Compat.Repl
[ 25 of 130] Compiling Data.Bool.Compat
[ 26 of 130] Compiling Data.Bool.Compat.Repl
[ 27 of 130] Compiling Data.Complex.Compat
[ 28 of 130] Compiling Data.Complex.Compat.Repl
[ 29 of 130] Compiling Data.Either.Compat
[ 30 of 130] Compiling Data.Either.Compat.Repl
[ 31 of 130] Compiling Data.Foldable.Compat
[ 32 of 130] Compiling Data.Foldable.Compat.Repl
[ 33 of 130] Compiling Data.Foldable1.Compat
[ 34 of 130] Compiling Data.Foldable1.Compat.Repl
[ 35 of 130] Compiling Data.Function.Compat
[ 36 of 130] Compiling Data.Function.Compat.Repl
[ 37 of 130] Compiling Data.Functor.Compat
[ 38 of 130] Compiling Data.Functor.Compat.Repl
[ 39 of 130] Compiling Data.Functor.Compose.Compat
[ 40 of 130] Compiling Data.Functor.Compose.Compat.Repl
[ 41 of 130] Compiling Data.Functor.Const.Compat
[ 42 of 130] Compiling Data.Functor.Const.Compat.Repl
[ 43 of 130] Compiling Data.Functor.Contravariant.Compat
[ 44 of 130] Compiling Data.Functor.Contravariant.Compat.Repl
[ 45 of 130] Compiling Data.Functor.Identity.Compat
[ 46 of 130] Compiling Data.Functor.Identity.Compat.Repl
[ 47 of 130] Compiling Data.Functor.Product.Compat
[ 48 of 130] Compiling Data.Functor.Product.Compat.Repl
[ 49 of 130] Compiling Data.Functor.Sum.Compat
[ 50 of 130] Compiling Data.Functor.Sum.Compat.Repl
[ 51 of 130] Compiling Data.IORef.Compat
[ 52 of 130] Compiling Data.IORef.Compat.Repl
[ 53 of 130] Compiling Data.Monoid.Compat
[ 54 of 130] Compiling Data.Monoid.Compat.Repl
[ 55 of 130] Compiling Data.Proxy.Compat
[ 56 of 130] Compiling Data.Proxy.Compat.Repl
[ 57 of 130] Compiling Data.Ratio.Compat
[ 58 of 130] Compiling Data.Ratio.Compat.Repl
[ 59 of 130] Compiling Data.STRef.Compat
[ 60 of 130] Compiling Data.STRef.Compat.Repl
[ 61 of 130] Compiling Data.Semigroup.Compat
[ 62 of 130] Compiling Data.Semigroup.Compat.Repl
[ 63 of 130] Compiling Data.String.Compat
[ 64 of 130] Compiling Data.String.Compat.Repl
[ 65 of 130] Compiling Data.Traversable.Compat
[ 66 of 130] Compiling Data.Traversable.Compat.Repl
[ 67 of 130] Compiling Data.Tuple.Compat
[ 68 of 130] Compiling Data.Tuple.Compat.Repl
[ 69 of 130] Compiling Data.Type.Coercion.Compat
[ 70 of 130] Compiling Data.Type.Coercion.Compat.Repl
[ 71 of 130] Compiling Data.Type.Equality.Compat
[ 72 of 130] Compiling Data.Type.Equality.Compat.Repl
[ 73 of 130] Compiling Data.Typeable.Compat
[ 74 of 130] Compiling Data.Typeable.Compat.Repl
[ 75 of 130] Compiling Data.Version.Compat
[ 76 of 130] Compiling Data.Version.Compat.Repl
[ 77 of 130] Compiling Data.Void.Compat
[ 78 of 130] Compiling Data.Void.Compat.Repl
[ 79 of 130] Compiling Data.Word.Compat
[ 80 of 130] Compiling Data.Word.Compat.Repl
[ 81 of 130] Compiling Debug.Trace.Compat
[ 82 of 130] Compiling Debug.Trace.Compat.Repl
[ 83 of 130] Compiling Foreign.ForeignPtr.Compat
[ 84 of 130] Compiling Foreign.ForeignPtr.Compat.Repl
[ 85 of 130] Compiling Foreign.ForeignPtr.Safe.Compat
[ 86 of 130] Compiling Foreign.ForeignPtr.Safe.Compat.Repl
[ 87 of 130] Compiling Foreign.ForeignPtr.Unsafe.Compat
[ 88 of 130] Compiling Foreign.ForeignPtr.Unsafe.Compat.Repl
[ 89 of 130] Compiling Foreign.Marshal.Alloc.Compat
[ 90 of 130] Compiling Foreign.Marshal.Alloc.Compat.Repl
[ 91 of 130] Compiling Foreign.Marshal.Array.Compat
[ 92 of 130] Compiling Foreign.Marshal.Array.Compat.Repl
[ 93 of 130] Compiling Foreign.Marshal.Safe.Compat
[ 94 of 130] Compiling Foreign.Marshal.Safe.Compat.Repl
[ 95 of 130] Compiling Foreign.Marshal.Unsafe.Compat
[ 96 of 130] Compiling Foreign.Marshal.Unsafe.Compat.Repl
[ 97 of 130] Compiling Foreign.Marshal.Utils.Compat
[ 98 of 130] Compiling Foreign.Marshal.Compat
[ 99 of 130] Compiling Foreign.Marshal.Compat.Repl
[100 of 130] Compiling Foreign.Compat
[101 of 130] Compiling Foreign.Compat.Repl
[102 of 130] Compiling Foreign.Marshal.Utils.Compat.Repl
[103 of 130] Compiling Numeric.Compat
[104 of 130] Compiling Numeric.Compat.Repl
[105 of 130] Compiling Numeric.Natural.Compat
[106 of 130] Compiling Numeric.Natural.Compat.Repl
[107 of 130] Compiling Prelude.Compat
[108 of 130] Compiling Data.List.NonEmpty.Compat
[109 of 130] Compiling Data.List.NonEmpty.Compat.Repl
[110 of 130] Compiling Data.List.Compat
[111 of 130] Compiling Data.List.Compat.Repl
[112 of 130] Compiling Data.Bitraversable.Compat
[113 of 130] Compiling Data.Bitraversable.Compat.Repl
[114 of 130] Compiling Prelude.Compat.Repl
[115 of 130] Compiling System.Environment.Compat
[116 of 130] Compiling System.Environment.Compat.Repl
[117 of 130] Compiling System.Exit.Compat
[118 of 130] Compiling System.Exit.Compat.Repl
[119 of 130] Compiling System.IO.Compat
[120 of 130] Compiling System.IO.Compat.Repl
[121 of 130] Compiling System.IO.Error.Compat
[122 of 130] Compiling System.IO.Error.Compat.Repl
[123 of 130] Compiling System.IO.Unsafe.Compat
[124 of 130] Compiling System.IO.Unsafe.Compat.Repl
[125 of 130] Compiling Text.Read.Compat
[126 of 130] Compiling Text.Read.Compat.Repl
[127 of 130] Compiling Text.Read.Lex.Compat
[128 of 130] Compiling Text.Read.Lex.Compat.Repl
[129 of 130] Compiling Type.Reflection.Compat
[130 of 130] Compiling Type.Reflection.Compat.Repl
