Resolving dependencies...
Build profile: -w ghc-9.10.2 -O1
In order, the following will be built (use -v for more details):
 - ghc-lib-parser-9.12.2.20250421 (lib) (first run)
Configuring library for ghc-lib-parser-9.12.2.20250421...
Preprocessing library for ghc-lib-parser-9.12.2.20250421...
Building library for ghc-lib-parser-9.12.2.20250421...
[  1 of 463] Compiling GHC.BaseDir
[  2 of 463] Compiling GHC.Data.List.Infinite
[  3 of 463] Compiling GHC.Data.SizedSeq
[  4 of 463] Compiling GHC.Exts.Heap.ClosureTypes
[  5 of 463] Compiling GHC.Exts.Heap.Constants
[  6 of 463] Compiling GHC.Exts.Heap.InfoTable.Types
[  7 of 463] Compiling GHC.Exts.Heap.InfoTable
[  8 of 463] Compiling GHC.Exts.Heap.InfoTableProf
[  9 of 463] Compiling GHC.Exts.Heap.ProfInfo.Types
[ 10 of 463] Compiling GHC.Exts.Heap.ProfInfo.PeekProfInfo_ProfilingEnabled
[ 11 of 463] Compiling GHC.Exts.Heap.ProfInfo.PeekProfInfo_ProfilingDisabled
[ 12 of 463] Compiling GHC.Exts.Heap.ProfInfo.PeekProfInfo
[ 13 of 463] Compiling GHC.Exts.Heap.Closures
[ 14 of 463] Compiling GHC.Exts.Heap.FFIClosures_ProfilingEnabled
[ 15 of 463] Compiling GHC.Exts.Heap.FFIClosures_ProfilingDisabled
[ 16 of 463] Compiling GHC.Exts.Heap.FFIClosures
[ 17 of 463] Compiling GHC.Exts.Heap.Utils
[ 18 of 463] Compiling GHC.Exts.Heap
[ 19 of 463] Compiling GHC.Internal.ForeignSrcLang
[ 20 of 463] Compiling GHC.ForeignSrcLang.Type
[ 21 of 463] Compiling GHC.ForeignSrcLang
[ 22 of 463] Compiling GHC.Internal.LanguageExtensions
[ 23 of 463] Compiling GHC.Internal.Lexeme
[ 24 of 463] Compiling GHC.Internal.TH.Lib.Map
[ 25 of 463] Compiling GHC.Internal.TH.Syntax
[ 26 of 463] Compiling GHC.Internal.TH.PprLib
[ 27 of 463] Compiling GHC.LanguageExtensions.Type
[ 28 of 463] Compiling GHC.LanguageExtensions
[ 29 of 463] Compiling GHC.Lexeme
[ 30 of 463] Compiling GHC.Internal.TH.Ppr
[ 31 of 463] Compiling GHC.Platform.ArchOS
[ 32 of 463] Compiling GHC.Platform.Constants
[ 33 of 463] Compiling GHC.Prelude.Basic
[ 34 of 463] Compiling GHC.Data.FastMutInt
[ 35 of 463] Compiling GHC.Data.Bool
[ 36 of 463] Compiling GHC.Serialized
[ 37 of 463] Compiling GHC.Settings.Utils
[ 38 of 463] Compiling GHC.Utils.Constants
[ 39 of 463] Compiling GHC.Utils.Containers.Internal.BitUtil
[ 40 of 463] Compiling GHC.Utils.Containers.Internal.StrictPair
[ 41 of 463] Compiling GHC.Data.Word64Set.Internal
[ 42 of 463] Compiling GHC.Data.Word64Set
[ 43 of 463] Compiling GHC.Data.Word64Map.Internal
[ 44 of 463] Compiling GHC.Data.Word64Map.Strict.Internal
[ 45 of 463] Compiling GHC.Data.Word64Map.Strict
[ 46 of 463] Compiling GHC.Data.Word64Map.Lazy
[ 47 of 463] Compiling GHC.Data.Word64Map
[ 48 of 463] Compiling GHC.Utils.Encoding.UTF8
[ 49 of 463] Compiling GHC.Utils.Encoding
[ 50 of 463] Compiling GHC.Data.ShortText
[ 51 of 463] Compiling GHC.Unit.Database
[ 52 of 463] Compiling GHC.Utils.Exception
[ 53 of 463] Compiling GHC.Utils.Fingerprint
[ 54 of 463] Compiling GHC.Utils.GlobalVars
[ 55 of 463] Compiling GHC.Utils.IO.Unsafe
[ 56 of 463] Compiling GHC.Utils.Ppr.Colour
[ 57 of 463] Compiling GHC.Version
[ 58 of 463] Compiling GHC.UniqueSubdir
[ 59 of 463] Compiling GHC.Settings.Config
[ 60 of 463] Compiling GHC.Utils.Panic.Plain
[ 61 of 463] Compiling GHC.Utils.Misc
[ 62 of 463] Compiling GHC.Data.FastString
[ 63 of 463] Compiling GHC.Utils.BufHandle
[ 64 of 463] Compiling GHC.Utils.Ppr
[ 65 of 463] Compiling GHCi.BreakArray
[ 66 of 463] Compiling GHCi.FFI
[ 67 of 463] Compiling GHCi.RemoteTypes
[ 68 of 463] Compiling GHCi.ResolvedBCO
[ 69 of 463] Compiling GHCi.TH.Binary
[ 70 of 463] Compiling GHCi.Message
[ 71 of 463] Compiling Language.Haskell.Syntax.Basic
[ 72 of 463] Compiling Language.Haskell.Syntax.Extension
[ 73 of 463] Compiling Language.Haskell.Syntax.Module.Name
[ 74 of 463] Compiling Language.Haskell.Syntax.Specificity
[ 75 of 463] Compiling GHC.Tc.Types.LclEnv[boot]
[ 76 of 463] Compiling GHC.Builtin.PrimOps[boot]
[ 77 of 463] Compiling GHC.Iface.Type[boot]
[ 78 of 463] Compiling GHC.Types.Name.Occurrence[boot]
[ 79 of 463] Compiling Language.Haskell.Syntax.ImpExp[boot]
[ 80 of 463] Compiling GHC.Unit.Types[boot]
[ 81 of 463] Compiling GHC.Utils.Outputable
[ 82 of 463] Compiling GHC.Utils.Panic
[ 83 of 463] Compiling GHC.Utils.Trace
[ 84 of 463] Compiling GHC.Prelude
[ 85 of 463] Compiling GHC.Types.Id.Info[boot]
[ 86 of 463] Compiling GHC.Core.Unfold[boot]
[ 87 of 463] Compiling GHC.Utils.Word64
[ 88 of 463] Compiling GHC.Types.Unique
[ 89 of 463] Compiling GHC.Types.Name[boot]
[ 90 of 463] Compiling GHC.Types.Var[boot]
[ 91 of 463] Compiling GHC.Core[boot]
[ 92 of 463] Compiling GHC.Core.Ppr[boot]
[ 93 of 463] Compiling GHC.Types.Id[boot]
[ 94 of 463] Compiling GHC.Core.TyCon[boot]
[ 95 of 463] Compiling GHC.Types.TyThing[boot]
[ 96 of 463] Compiling GHC.Core.TyCo.Rep[boot]
[ 97 of 463] Compiling GHC.Tc.Types.Origin[boot]
[ 98 of 463] Compiling GHC.Core.TyCo.Ppr[boot]
[ 99 of 463] Compiling GHC.Types.Unique.FM
[100 of 463] Compiling GHC.Data.Strict
[101 of 463] Compiling GHC.Data.OsPath
[102 of 463] Compiling GHC.Data.FiniteMap
[103 of 463] Compiling GHC.Utils.Lexeme
[104 of 463] Compiling GHC.Data.Maybe
[105 of 463] Compiling GHC.Utils.Monad.State.Strict
[106 of 463] Compiling GHC.Utils.Monad
[107 of 463] Compiling GHC.Types.Unique.Supply
[108 of 463] Compiling GHC.Settings.Constants
[109 of 463] Compiling GHC.Types.Unique.DSM
[110 of 463] Compiling GHC.Data.SmallArray
[111 of 463] Compiling GHC.Data.FlatBag
[112 of 463] Compiling GHC.Data.StringBuffer
[113 of 463] Compiling GHC.Tc.Types.TcRef
[114 of 463] Compiling GHC.Utils.CliOption
[115 of 463] Compiling GHC.Types.ProfAuto
[116 of 463] Compiling GHC.SysTools.Terminal
[117 of 463] Compiling GHC.Driver.Plugins.External
[118 of 463] Compiling GHC.Driver.Backend.Internal
[119 of 463] Compiling GHC.CmmToAsm.CFG.Weight
[120 of 463] Compiling GHC.Types.HpcInfo
[121 of 463] Compiling GHC.Utils.Json
[122 of 463] Compiling GHC.Types.SrcLoc
[123 of 463] Compiling GHC.Types.Unique.DFM
[124 of 463] Compiling GHC.Data.FastString.Env
[125 of 463] Compiling GHC.Types.Unique.Set
[126 of 463] Compiling GHC.Types.Unique.DSet
[127 of 463] Compiling GHC.Data.OrdList
[128 of 463] Compiling GHC.Types.Unique.Map
[129 of 463] Compiling GHC.Data.Graph.Directed
[130 of 463] Compiling GHC.Data.List.SetOps
[131 of 463] Compiling GHC.Data.Bag
[132 of 463] Compiling GHC.Data.Pair
[133 of 463] Compiling GHC.Data.TrieMap
[134 of 463] Compiling GHC.Utils.Binary
[135 of 463] Compiling GHC.Types.SourceText
[136 of 463] Compiling GHC.Hs.DocString
[137 of 463] Compiling GHC.Types.FieldLabel
[138 of 463] Compiling GHC.Hs.Basic
[139 of 463] Compiling GHC.Types.Fixity
[140 of 463] Compiling GHC.Types.CostCentre.State
[141 of 463] Compiling GHC.Data.EnumSet
[142 of 463] Compiling GHC.Utils.Binary.Typeable
[143 of 463] Compiling GHC.Iface.Ext.Fields
[144 of 463] Compiling GHC.Cmm.Dataflow.Label
[145 of 463] Compiling GHC.Cmm.BlockId[boot]
[146 of 463] Compiling GHC.Driver.Flags
[147 of 463] Compiling GHC.Types.SafeHaskell
[148 of 463] Compiling GHC.Parser.Errors.Basic
[149 of 463] Compiling GHC.Unit.Ppr
[150 of 463] Compiling GHC.Tc.Types.Rank
[151 of 463] Compiling GHC.Hs.Specificity
[152 of 463] Compiling GHC.Unit.Types
[153 of 463] Compiling GHC.Unit.Module.Location
[154 of 463] Compiling GHC.Unit.Module.Env
[155 of 463] Compiling GHC.Unit.Module
[156 of 463] Compiling GHC.Types.ForeignCall
[157 of 463] Compiling GHC.Unit.Home
[158 of 463] Compiling GHC.Types.PkgQual
[159 of 463] Compiling GHC.Types.SourceFile
[160 of 463] Compiling GHC.Unit.Parser
[161 of 463] Compiling Language.Haskell.Syntax.Pat[boot]
[162 of 463] Compiling Language.Haskell.Syntax.Expr[boot]
[163 of 463] Compiling Language.Haskell.Syntax.Type[boot]
[164 of 463] Compiling GHC.Types.Basic
[165 of 463] Compiling GHC.Builtin.Uniques[boot]
[166 of 463] Compiling GHC.Core.DataCon[boot]
[167 of 463] Compiling GHC.Builtin.Types[boot]
[168 of 463] Compiling GHC.Builtin.Uniques
[169 of 463] Compiling GHC.Types.Name.Occurrence
[170 of 463] Compiling GHC.Platform
[171 of 463] Compiling GHC.Cmm.CLabel[boot]
[172 of 463] Compiling GHC.Types.Name
[173 of 463] Compiling GHC.Types.Name.Set
[174 of 463] Compiling GHC.Types.Name.Env
[175 of 463] Compiling GHC.Tc.Utils.TcType[boot]
[176 of 463] Compiling GHC.Types.Var
[177 of 463] Compiling GHC.Core.Type[boot]
[178 of 463] Compiling GHC.Types.Var.Set
[179 of 463] Compiling GHC.Core.TyCo.FVs[boot]
[180 of 463] Compiling GHC.Utils.FV
[181 of 463] Compiling GHC.Data.Graph.UnVar
[182 of 463] Compiling GHC.Types.Var.Env
[183 of 463] Compiling GHC.Types.SptEntry
[184 of 463] Compiling GHC.Stg.InferTags.TagSig
[185 of 463] Compiling GHC.Parser.Annotation
[186 of 463] Compiling GHC.Data.BooleanFormula
[187 of 463] Compiling GHC.Types.GREInfo
[188 of 463] Compiling GHC.Types.Avail
[189 of 463] Compiling GHC.Types.Name.Reader
[190 of 463] Compiling GHC.Hs.Extension
[191 of 463] Compiling GHC.Hs.Doc
[192 of 463] Compiling Language.Haskell.Syntax.Type
[193 of 463] Compiling Language.Haskell.Syntax.Binds
[194 of 463] Compiling Language.Haskell.Syntax.ImpExp
[195 of 463] Compiling GHC.Unit.Module.Warnings
[196 of 463] Compiling Language.Haskell.Syntax.Decls
[197 of 463] Compiling GHC.Unit.Module.Imported
[198 of 463] Compiling GHC.Types.CostCentre
[199 of 463] Compiling GHC.Builtin.Names
[200 of 463] Compiling GHC.Types.Annotations
[201 of 463] Compiling GHC.Core.Opt.CallerCC.Types
[202 of 463] Compiling GHC.Types.Fixity.Env
[203 of 463] Compiling GHC.Hs.ImpExp
[204 of 463] Compiling GHC.Core.Rules.Config
[205 of 463] Compiling GHC.Types.ForeignStubs
[206 of 463] Compiling GHC.Cmm.Type
[207 of 463] Compiling GHC.Platform.Ways
[208 of 463] Compiling GHC.Platform.Profile
[209 of 463] Compiling GHC.Cmm.Reg
[210 of 463] Compiling GHC.Cmm.MachOp
[211 of 463] Compiling GHC.Settings
[212 of 463] Compiling GHC.Unit.Info
[213 of 463] Compiling GHC.Driver.Phases
[214 of 463] Compiling GHC.Core.Coercion.Axiom
[215 of 463] Compiling GHC.Core.Coercion[boot]
[216 of 463] Compiling GHC.Core.Class
[217 of 463] Compiling GHC.Types.Id.Make[boot]
[218 of 463] Compiling GHC.Core.TyCon
[219 of 463] Compiling GHC.CoreToIface[boot]
[220 of 463] Compiling GHC.Core.TyCo.Rep
[221 of 463] Compiling GHC.Builtin.Types.Prim
[222 of 463] Compiling GHC.Core.TyCo.FVs
[223 of 463] Compiling GHC.Core.TyCo.Subst
[224 of 463] Compiling GHC.Core.TyCo.Tidy
[225 of 463] Compiling GHC.Core.Type
[226 of 463] Compiling Language.Haskell.Syntax.Lit
[227 of 463] Compiling Language.Haskell.Syntax.Pat
[228 of 463] Compiling GHC.Hs.Pat[boot]
[229 of 463] Compiling Language.Haskell.Syntax.Expr
[230 of 463] Compiling GHC.Hs.Expr[boot]
[231 of 463] Compiling Language.Haskell.Syntax
[232 of 463] Compiling GHC.Types.Tickish
[233 of 463] Compiling GHC.Core.Multiplicity
[234 of 463] Compiling GHC.Core.TyCo.Compare
[235 of 463] Compiling GHC.Iface.Type
[236 of 463] Compiling GHC.Iface.Recomp.Binary
[237 of 463] Compiling GHC.Core.UsageEnv
[238 of 463] Compiling GHC.Tc.Errors.Types.PromotionErr
[239 of 463] Compiling GHC.Types.Literal
[240 of 463] Compiling GHC.Core.TyCon.Env
[241 of 463] Compiling GHC.Core.TyCon.RecWalk
[242 of 463] Compiling GHC.Core.RoughMap
[243 of 463] Compiling GHC.Core.TyCo.Ppr
[244 of 463] Compiling GHC.Core.Coercion
[245 of 463] Compiling GHC.Core.Map.Type
[246 of 463] Compiling GHC.Core.Unify
[247 of 463] Compiling GHC.Core.Predicate
[248 of 463] Compiling GHC.Core.DataCon
[249 of 463] Compiling GHC.Types.Demand
[250 of 463] Compiling GHC.Types.RepType
[251 of 463] Compiling GHC.Types.Cpr
[252 of 463] Compiling GHC.Core
[253 of 463] Compiling GHC.Core.SimpleOpt[boot]
[254 of 463] Compiling GHC.Core.Reduction
[255 of 463] Compiling GHC.Runtime.Heap.Layout
[256 of 463] Compiling GHC.StgToCmm.Types
[257 of 463] Compiling GHC.Core.PatSyn
[258 of 463] Compiling GHC.Core.ConLike
[259 of 463] Compiling GHC.Types.Id.Info
[260 of 463] Compiling GHC.Types.Id
[261 of 463] Compiling GHC.Types.TyThing
[262 of 463] Compiling GHC.Core.Stats
[263 of 463] Compiling GHC.Core.Ppr
[264 of 463] Compiling GHC.Core.Seq
[265 of 463] Compiling GHC.Builtin.Types
[266 of 463] Compiling GHC.Tc.Utils.TcType
[267 of 463] Compiling GHC.Core.Coercion.Opt
[268 of 463] Compiling GHC.Types.DefaultEnv
[269 of 463] Compiling GHC.Builtin.PrimOps
[270 of 463] Compiling GHC.Cmm.CLabel
[271 of 463] Compiling GHC.Cmm.BlockId
[272 of 463] Compiling GHC.Core.FVs
[273 of 463] Compiling GHC.Builtin.Types.Literals
[274 of 463] Compiling GHC.Core.FamInstEnv
[275 of 463] Compiling GHC.Core.Utils
[276 of 463] Compiling GHC.Core.Unfold
[277 of 463] Compiling GHC.Core.Subst
[278 of 463] Compiling GHC.Core.Opt.Arity
[279 of 463] Compiling GHC.Core.Opt.OccurAnal
[280 of 463] Compiling GHC.Core.Unfold.Make
[281 of 463] Compiling GHC.Core.Make
[282 of 463] Compiling GHC.Core.SimpleOpt
[283 of 463] Compiling GHC.Iface.Syntax
[284 of 463] Compiling GHC.Cmm.Expr
[285 of 463] Compiling GHC.ByteCode.Types
[286 of 463] Compiling GHC.Core.InstEnv
[287 of 463] Compiling GHC.Tc.Types.Evidence
[288 of 463] Compiling GHC.Hs.Type
[289 of 463] Compiling GHC.Types.Hint
[290 of 463] Compiling GHC.Hs.Lit
[291 of 463] Compiling GHC.Hs.Binds
[292 of 463] Compiling GHC.Hs.Pat
[293 of 463] Compiling GHC.Hs.Decls
[294 of 463] Compiling GHC.Hs.Expr
[295 of 463] Compiling GHC.Hs.Utils
[296 of 463] Compiling GHC.Types.Hint.Ppr
[297 of 463] Compiling GHC.Types.Error
[298 of 463] Compiling GHC.Utils.Logger
[299 of 463] Compiling GHC.Utils.Error
[300 of 463] Compiling GHC.Utils.TmpFs
[301 of 463] Compiling GHC.Driver.Pipeline.Monad
[302 of 463] Compiling GHC.Driver.Backend
[303 of 463] Compiling GHC.Driver.DynFlags
[304 of 463] Compiling GHC.Unit.State
[305 of 463] Compiling GHC.Unit.Module.Deps
[306 of 463] Compiling GHC.Unit
[307 of 463] Compiling GHC.Iface.Errors.Types
[308 of 463] Compiling GHC.Unit.Module.WholeCoreBindings
[309 of 463] Compiling GHC.Hs.Instances
[310 of 463] Compiling GHC.Hs
[311 of 463] Compiling GHC.Tc.Types.Origin
[312 of 463] Compiling GHC.Types.Id.Make
[313 of 463] Compiling GHC.CoreToIface
[314 of 463] Compiling GHC.Tc.Types.BasicTypes
[315 of 463] Compiling GHC.Tc.Zonk.Monad
[316 of 463] Compiling GHC.Tc.Types.ErrCtxt
[317 of 463] Compiling GHC.Tc.Types.CtLoc
[318 of 463] Compiling GHC.Tc.Types.Constraint
[319 of 463] Compiling GHC.Tc.Types.TH
[320 of 463] Compiling GHC.Tc.Errors.Hole.FitTypes
[321 of 463] Compiling GHC.Unit.Module.ModIface
[322 of 463] Compiling GHC.Tc.Errors.Types
[323 of 463] Compiling GHC.Tc.Types.LclEnv
[324 of 463] Compiling GHC.Types.Meta
[325 of 463] Compiling GHC.Data.Unboxed
[326 of 463] Compiling GHC.Data.Stream
[327 of 463] Compiling GHC.CmmToLlvm.Version.Type
[328 of 463] Compiling GHC.CmmToLlvm.Version.Bounds
[329 of 463] Compiling GHC.CmmToLlvm.Version
[330 of 463] Compiling GHC.Cmm.Dataflow.Block
[331 of 463] Compiling GHC.SysTools.BaseDir
[332 of 463] Compiling GHC.Parser.CharClass
[333 of 463] Compiling GHC.Types.Unique.SDFM
[334 of 463] Compiling GHC.Platform.Reg.Class
[335 of 463] Compiling GHC.Platform.Reg.Class.Unified
[336 of 463] Compiling GHC.Platform.Reg.Class.Separate
[337 of 463] Compiling GHC.Platform.Reg.Class.NoVectors
[338 of 463] Compiling GHC.Platform.Reg
[339 of 463] Compiling GHC.JS.Ident
[340 of 463] Compiling GHC.JS.JStg.Monad
[341 of 463] Compiling GHC.Types.SaneDouble
[342 of 463] Compiling GHC.JS.Syntax
[343 of 463] Compiling GHC.JS.Ppr
[344 of 463] Compiling GHC.JS.JStg.Syntax
[345 of 463] Compiling GHC.JS.Transform
[346 of 463] Compiling GHC.JS.Make
[347 of 463] Compiling GHC.Cmm.Dataflow.Graph
[348 of 463] Compiling GHC.Types.Name.Cache
[349 of 463] Compiling GHC.Types.Breakpoint
[350 of 463] Compiling GHC.StgToJS.Symbols
[351 of 463] Compiling GHC.Driver.Env.KnotVars
[352 of 463] Compiling GHC.Linker.Static.Utils
[353 of 463] Compiling GHC.CmmToLlvm.Config
[354 of 463] Compiling GHC.Driver.LlvmConfigCache
[355 of 463] Compiling GHC.Types.TypeEnv
[356 of 463] Compiling GHC.Stg.Lift.Types
[357 of 463] Compiling GHC.Runtime.Eval.Types
[358 of 463] Compiling GHC.Core.Tidy
[359 of 463] Compiling GHC.Stg.Syntax
[360 of 463] Compiling GHC.Types.IPE
[361 of 463] Compiling GHC.Platform.X86_64
[362 of 463] Compiling GHC.Platform.X86
[363 of 463] Compiling GHC.Platform.Wasm32
[364 of 463] Compiling GHC.Platform.S390X
[365 of 463] Compiling GHC.Platform.RISCV64
[366 of 463] Compiling GHC.Platform.PPC
[367 of 463] Compiling GHC.Platform.NoRegs
[368 of 463] Compiling GHC.Platform.LoongArch64
[369 of 463] Compiling GHC.Platform.ARM
[370 of 463] Compiling GHC.Platform.AArch64
[371 of 463] Compiling GHC.Platform.Regs
[372 of 463] Compiling GHC.Types.CompleteMatch
[373 of 463] Compiling GHC.Iface.Decl
[374 of 463] Compiling GHC.Types.TyThing.Ppr[boot]
[375 of 463] Compiling GHC.Types.TyThing.Ppr
[376 of 463] Compiling GHC.Core.Map.Expr
[377 of 463] Compiling GHC.Unit.Module.ModDetails
[378 of 463] Compiling GHC.Core.Opt.ConstantFold[boot]
[379 of 463] Compiling GHC.Builtin.PrimOps.Ids
[380 of 463] Compiling GHC.Core.Opt.ConstantFold
[381 of 463] Compiling GHC.Tc.Solver.Types
[382 of 463] Compiling GHC.Tc.Solver.InertSet
[383 of 463] Compiling GHC.HsToCore.Pmc.Solver.Types
[384 of 463] Compiling GHC.HsToCore.Pmc.Types
[385 of 463] Compiling GHC.HsToCore.Pmc.Ppr
[386 of 463] Compiling GHC.StgToCmm.Config
[387 of 463] Compiling GHC.Linker.Config
[388 of 463] Compiling GHC.StgToJS.Types
[389 of 463] Compiling GHC.StgToJS.Object
[390 of 463] Compiling GHC.StgToJS.Linker.Types
[391 of 463] Compiling GHC.Cmm.Switch
[392 of 463] Compiling GHC.Cmm.Node
[393 of 463] Compiling GHC.Cmm
[394 of 463] Compiling GHC.Cmm.Utils
[395 of 463] Compiling GHC.StgToCmm.CgUtils
[396 of 463] Compiling GHC.Types.Target
[397 of 463] Compiling GHC.Linker.Types
[398 of 463] Compiling GHC.Unit.Module.ModGuts
[399 of 463] Compiling GHC.Unit.Home.ModInfo
[400 of 463] Compiling GHC.Unit.Module.Status
[401 of 463] Compiling GHC.Unit.Module.ModSummary
[402 of 463] Compiling GHC.Unit.Module.Graph
[403 of 463] Compiling GHC.Driver.Ppr
[404 of 463] Compiling GHC.Driver.Config.Logger
[405 of 463] Compiling GHC.Driver.Config
[406 of 463] Compiling GHC.Core.Rules
[407 of 463] Compiling GHC.Unit.External
[408 of 463] Compiling GHC.Unit.Env
[409 of 463] Compiling GHC.Unit.Finder.Types
[410 of 463] Compiling GHC.Types.Name.Ppr
[411 of 463] Compiling GHC.Runtime.Interpreter.Types
[412 of 463] Compiling GHC.Core.Opt.Stats
[413 of 463] Compiling GHC.Core.Opt.Simplify.Monad
[414 of 463] Compiling GHC.Core.Opt.Simplify.Env
[415 of 463] Compiling GHC.Core.Opt.Simplify.Inline
[416 of 463] Compiling GHC.Core.Opt.Simplify.Utils
[417 of 463] Compiling GHC.Core.Opt.Simplify.Iteration
[418 of 463] Compiling GHC.Parser.Types
[419 of 463] Compiling GHC.Parser.Errors.Types
[420 of 463] Compiling GHC.Parser.String
[421 of 463] Compiling GHC.HsToCore.Errors.Types
[422 of 463] Compiling GHC.Driver.Errors.Types
[423 of 463] Compiling GHC.Types.Error.Codes
[424 of 463] Compiling GHC.Parser.Errors.Ppr
[425 of 463] Compiling GHC.Parser.Lexer
[426 of 463] Compiling GHC.Parser.PostProcess
[427 of 463] Compiling GHC.Parser.HaddockLex
[428 of 463] Compiling GHC.Iface.Errors.Ppr
[429 of 463] Compiling GHC.Tc.Errors.Ppr
[430 of 463] Compiling GHC.HsToCore.Errors.Ppr
[431 of 463] Compiling GHC.Driver.Errors.Ppr
[432 of 463] Compiling GHC.Types.SourceError
[433 of 463] Compiling GHC.Driver.Errors
[434 of 463] Compiling GHC.Driver.Config.Diagnostic
[435 of 463] Compiling GHC.Driver.CmdLine
[436 of 463] Compiling GHC.Hs.Dump
[437 of 463] Compiling GHC.Driver.Hooks[boot]
[438 of 463] Compiling GHC.Data.IOEnv
[439 of 463] Compiling GHC.Tc.Errors.Hole.Plugin[boot]
[440 of 463] Compiling GHC.Driver.Plugins[boot]
[441 of 463] Compiling GHC.Runtime.Context
[442 of 463] Compiling GHC.Driver.Env.Types
[443 of 463] Compiling GHC.Driver.Env
[444 of 463] Compiling GHC.Driver.Monad
[445 of 463] Compiling GHC.Core.Opt.Monad
[446 of 463] Compiling GHC.Core.Lint
[447 of 463] Compiling GHC.Core.Opt.Simplify
[448 of 463] Compiling GHC.Core.Opt.Pipeline.Types
[449 of 463] Compiling GHC.Core.Lint.Interactive
[450 of 463] Compiling GHC.Driver.Config.Core.Lint
[451 of 463] Compiling GHC.Tc.Types
[452 of 463] Compiling GHC.Tc.Errors.Hole.Plugin
[453 of 463] Compiling GHC.Driver.Plugins
[454 of 463] Compiling GHC.Driver.Pipeline.Phases
[455 of 463] Compiling GHC.Driver.Hooks
[456 of 463] Compiling GHC.Core.Opt.CallerCC
[457 of 463] Compiling GHC.Driver.Backpack.Syntax
[458 of 463] Compiling GHC.Parser[boot]
[459 of 463] Compiling GHC.Parser.PostProcess.Haddock
[460 of 463] Compiling GHC.Parser
[461 of 463] Compiling GHC.Parser.Header
[462 of 463] Compiling GHC.Driver.Session
[463 of 463] Compiling GHC.Driver.Config.Parser
