Resolving dependencies...
Build profile: -w ghc-9.10.2 -O1
In order, the following will be built (use -v for more details):
 - fusion-plugin-0.2.7 (lib) (first run)
Configuring library for fusion-plugin-0.2.7...
Preprocessing library for fusion-plugin-0.2.7...
Building library for fusion-plugin-0.2.7...
[1 of 1] Compiling Fusion.Plugin
src/Fusion/Plugin.hs:373:51: warning: [GHC-63394] [-Wx-partial]
    In the use of ‘head’
    (imported from Prelude, but defined in GHC.Internal.List):
    "This is a partial function, it throws an error on empty lists. Use pattern matching, 'Data.List.uncons' or 'Data.Maybe.listToMaybe' instead. Consider refactoring to use "Data.List.NonEmpty"."
    |
373 |     in if not (hasInlineBinder $ getNonRecBinder (head parents))
    |                                                   ^^^^

src/Fusion/Plugin.hs:500:43: warning: [GHC-63394] [-Wx-partial]
    In the use of ‘head’
    (imported from Prelude, but defined in GHC.Internal.List):
    "This is a partial function, it throws an error on empty lists. Use pattern matching, 'Data.List.uncons' or 'Data.Maybe.listToMaybe' instead. Consider refactoring to use "Data.List.NonEmpty"."
    |
500 |         let needInline = needInlineTyCon (head parents) anns
    |                                           ^^^^

src/Fusion/Plugin.hs:590:54: warning: [GHC-63394] [-Wx-partial]
    In the use of ‘head’
    (imported from Prelude, but defined in GHC.Internal.List):
    "This is a partial function, it throws an error on empty lists. Use pattern matching, 'Data.List.uncons' or 'Data.Maybe.listToMaybe' instead. Consider refactoring to use "Data.List.NonEmpty"."
    |
590 |             ReportVerbose2 -> showSDoc dflags (ppr $ head binds)
    |                                                      ^^^^

src/Fusion/Plugin.hs:604:58: warning: [GHC-63394] [-Wx-partial]
    In the use of ‘head’
    (imported from Prelude, but defined in GHC.Internal.List):
    "This is a partial function, it throws an error on empty lists. Use pattern matching, 'Data.List.uncons' or 'Data.Maybe.listToMaybe' instead. Consider refactoring to use "Data.List.NonEmpty"."
    |
604 |                 ReportVerbose2 -> showSDoc dflags (ppr $ head binds)
    |                                                          ^^^^

src/Fusion/Plugin.hs:662:53: warning: [GHC-63394] [-Wx-partial]
    In the use of ‘head’
    (imported from Prelude, but defined in GHC.Internal.List):
    "This is a partial function, it throws an error on empty lists. Use pattern matching, 'Data.List.uncons' or 'Data.Maybe.listToMaybe' instead. Consider refactoring to use "Data.List.NonEmpty"."
    |
662 |         let uniqPat = DL.nub (map (getNonRecBinder. head . fst) patternMatches)
    |                                                     ^^^^

src/Fusion/Plugin.hs:665:56: warning: [GHC-63394] [-Wx-partial]
    In the use of ‘head’
    (imported from Prelude, but defined in GHC.Internal.List):
    "This is a partial function, it throws an error on empty lists. Use pattern matching, 'Data.List.uncons' or 'Data.Maybe.listToMaybe' instead. Consider refactoring to use "Data.List.NonEmpty"."
    |
665 |         let uniqConstr = DL.nub (map (getNonRecBinder. head . fst) constrs)
    |                                                        ^^^^

src/Fusion/Plugin.hs:773:58: warning: [GHC-63394] [-Wx-partial]
    In the use of ‘head’
    (imported from Prelude, but defined in GHC.Internal.List):
    "This is a partial function, it throws an error on empty lists. Use pattern matching, 'Data.List.uncons' or 'Data.Maybe.listToMaybe' instead. Consider refactoring to use "Data.List.NonEmpty"."
    |
773 |         let uniqBinders = DL.nub (map (getNonRecBinder . head . fst)
    |                                                          ^^^^

src/Fusion/Plugin.hs:782:56: warning: [GHC-63394] [-Wx-partial]
    In the use of ‘head’
    (imported from Prelude, but defined in GHC.Internal.List):
    "This is a partial function, it throws an error on empty lists. Use pattern matching, 'Data.List.uncons' or 'Data.Maybe.listToMaybe' instead. Consider refactoring to use "Data.List.NonEmpty"."
    |
782 |         let uniqConstr = DL.nub (map (getNonRecBinder. head . fst) constrs)
    |                                                        ^^^^

