Resolving dependencies...
Build profile: -w ghc-9.10.2 -O1
In order, the following will be built (use -v for more details):
 - xml-to-json-fast-2.0.0 (lib) (first run)
 - xml-to-json-fast-2.0.0 (exe:xml-to-json-fast) (first run)
Configuring library for xml-to-json-fast-2.0.0...
Warning: [option-prof] 'ghc-prof-options: -prof' is not necessary and will
lead to problems when used on a library. Use the configure flag
--enable-library-profiling and/or --enable-profiling.
Warning: [option-rtsopts] 'ghc-prof-options: -rtsopts' has no effect for
libraries. It should only be used for executables.
Preprocessing library for xml-to-json-fast-2.0.0...
Building library for xml-to-json-fast-2.0.0...
[1 of 1] Compiling Text.XML.JSON.StreamingXmlToJson
src/Text/XML/JSON/StreamingXmlToJson.hs:22:53: warning: [GHC-40910] [-Wunused-top-binds]
    Defined but not used: record field of State ‘getParents’
   |
22 | data State = State { getEncodedJSON :: EncodedJSON, getParents :: [Int] }
   |                                                     ^^^^^^^^^^

src/Text/XML/JSON/StreamingXmlToJson.hs:84:12: warning: [GHC-63394] [-Wx-partial]
    In the use of ‘head’
    (imported from Prelude, but defined in GHC.Internal.List):
    "This is a partial function, it throws an error on empty lists. Use pattern matching, 'Data.List.uncons' or 'Data.Maybe.listToMaybe' instead. Consider refactoring to use "Data.List.NonEmpty"."
   |
84 |     = case head name of
   |            ^^^^

Configuring executable 'xml-to-json-fast' for xml-to-json-fast-2.0.0...
Warning: [option-prof] 'ghc-prof-options: -prof' is not necessary and will
lead to problems when used on a library. Use the configure flag
--enable-library-profiling and/or --enable-profiling.
Warning: [option-rtsopts] 'ghc-prof-options: -rtsopts' has no effect for
libraries. It should only be used for executables.
Preprocessing executable 'xml-to-json-fast' for xml-to-json-fast-2.0.0...
Building executable 'xml-to-json-fast' for xml-to-json-fast-2.0.0...
[1 of 1] Compiling Main
src-exec/Main.hs:34:6: warning: [GHC-40910] [-Wunused-matches]
    Defined but not used: ‘flags’
   |
34 |     (flags, inputFiles) <- parseOptions args
   |      ^^^^^

[2 of 2] Linking dist-newstyle/build/x86_64-linux/ghc-9.10.2/xml-to-json-fast-2.0.0/x/xml-to-json-fast/build/xml-to-json-fast/xml-to-json-fast
