Resolving dependencies...
Build profile: -w ghc-9.10.2 -O1
In order, the following will be built (use -v for more details):
 - chart-svg-0.8.2.1 (lib) (first run)
 - chart-svg-0.8.2.1 (test:doctests) (first run)
Configuring library for chart-svg-0.8.2.1...
Preprocessing library for chart-svg-0.8.2.1...
Building library for chart-svg-0.8.2.1...
[ 1 of 13] Compiling Chart.Data
[ 2 of 13] Compiling Data.Colour
[ 3 of 13] Compiling Data.Path
[ 4 of 13] Compiling Data.Path.Parser
[ 5 of 13] Compiling Chart.Style
[ 6 of 13] Compiling Chart.Primitive
[ 7 of 13] Compiling Chart.Hud
[ 8 of 13] Compiling Chart.Surface
[ 9 of 13] Compiling Chart.Markup
[10 of 13] Compiling Chart.Compound
[11 of 13] Compiling Chart.Bar
[12 of 13] Compiling Chart
[13 of 13] Compiling Chart.Examples
Configuring test suite 'doctests' for chart-svg-0.8.2.1...
Preprocessing test suite 'doctests' for chart-svg-0.8.2.1...
Building test suite 'doctests' for chart-svg-0.8.2.1...
[1 of 1] Compiling Main
[2 of 2] Linking /tmp/workdir-chart-svg/chart-svg-0.8.2.1/dist-newstyle/build/x86_64-linux/ghc-9.10.2/chart-svg-0.8.2.1/t/doctests/build/doctests/doctests
