Resolving dependencies...
Build profile: -w ghc-9.10.2 -O1
In order, the following will be built (use -v for more details):
 - sbv-11.7 (lib) (first run)
 - sbv-11.7 (test:SBVHLint) (first run)
 - sbv-11.7 (test:SBVTest) (first run)
 - sbv-11.7 (test:SBVDocTest) (first run)
 - sbv-11.7 (test:SBVConnections) (first run)
Configuring library for sbv-11.7...
Preprocessing library for sbv-11.7...
Building library for sbv-11.7...
[  1 of 183] Compiling Data.SBV.Control.Types
[  2 of 183] Compiling Data.SBV.Core.AlgReals
[  3 of 183] Compiling Data.SBV.SMT.SMTLibNames
[  4 of 183] Compiling Data.SBV.Utils.ExtractIO
[  5 of 183] Compiling Data.SBV.Utils.Lib
[  6 of 183] Compiling Data.SBV.Core.Kind
[  7 of 183] Compiling Data.SBV.Utils.Numeric
[  8 of 183] Compiling Data.SBV.Core.SizedFloats
[  9 of 183] Compiling Data.SBV.Float
[ 10 of 183] Compiling Data.SBV.Core.Concrete
[ 11 of 183] Compiling Data.SBV.Utils.TDiff
[ 12 of 183] Compiling Data.SBV.Core.Symbolic
[ 13 of 183] Compiling Data.SBV.Core.Operations
[ 14 of 183] Compiling Data.SBV.Core.Sized
[ 15 of 183] Compiling Data.SBV.Core.Data
[ 16 of 183] Compiling Data.SBV.Utils.SExpr
[ 17 of 183] Compiling Data.SBV.Utils.PrettyNum
[ 18 of 183] Compiling Data.SBV.Utils.CrackNum
[ 19 of 183] Compiling Data.SBV.SMT.Utils
[ 20 of 183] Compiling Data.SBV.SMT.SMTLib2
[ 21 of 183] Compiling Data.SBV.SMT.SMTLib
[ 22 of 183] Compiling Data.SBV.SMT.SMT
[ 23 of 183] Compiling Data.SBV.Provers.Z3
[ 24 of 183] Compiling Data.SBV.Provers.Yices
[ 25 of 183] Compiling Data.SBV.Provers.OpenSMT
[ 26 of 183] Compiling Data.SBV.Provers.MathSAT
[ 27 of 183] Compiling Data.SBV.Provers.DReal
[ 28 of 183] Compiling Data.SBV.Provers.CVC5
[ 29 of 183] Compiling Data.SBV.Provers.CVC4
[ 30 of 183] Compiling Data.SBV.Provers.Boolector
[ 31 of 183] Compiling Data.SBV.Provers.Bitwuzla
[ 32 of 183] Compiling Data.SBV.Provers.ABC
[ 33 of 183] Compiling Data.SBV.Lambda
[ 34 of 183] Compiling Data.SBV.Control.Utils
[ 35 of 183] Compiling Data.SBV.Control.Query
[ 36 of 183] Compiling Data.SBV.Trans.Control
[ 37 of 183] Compiling Data.SBV.Provers.Prover
[ 38 of 183] Compiling Data.SBV.Tools.KD.Utils
[ 39 of 183] Compiling Data.SBV.Tools.GenTest
[ 40 of 183] Compiling Data.SBV.Core.Model
[ 41 of 183] Compiling Data.SBV.Tuple
[ 42 of 183] Compiling Data.SBV.Tools.STree
[ 43 of 183] Compiling Data.SBV.Tools.Polynomial
[ 44 of 183] Compiling Data.SBV.Tools.Overflow
[ 45 of 183] Compiling Data.SBV.Tools.KD.Kernel
[ 46 of 183] Compiling Data.SBV.String
[ 47 of 183] Compiling Data.SBV.Set
[ 48 of 183] Compiling Data.SBV.Rational
[ 49 of 183] Compiling Data.SBV.Maybe
[ 50 of 183] Compiling Data.SBV.List
[ 51 of 183] Compiling Data.SBV.Either
[ 52 of 183] Compiling Data.SBV.Core.Floating
[ 53 of 183] Compiling Data.SBV.Char
[ 54 of 183] Compiling Data.SBV.RegExp
[ 55 of 183] Compiling Data.SBV.Client
[ 56 of 183] Compiling Data.SBV.Control.BaseIO
[ 57 of 183] Compiling Data.SBV.Control
[ 58 of 183] Compiling Data.SBV.Compilers.CodeGen
[ 59 of 183] Compiling Data.SBV.Compilers.C
[ 60 of 183] Compiling Data.SBV.Tools.CodeGen
[ 61 of 183] Compiling Data.SBV.Internals
[ 62 of 183] Compiling Data.SBV.Client.BaseIO
[ 63 of 183] Compiling Data.SBV.Trans
[ 64 of 183] Compiling Data.SBV
[ 65 of 183] Compiling Data.SBV.Tools.WeakestPreconditions
[ 66 of 183] Compiling Data.SBV.Tools.Range
[ 67 of 183] Compiling Data.SBV.Tools.NaturalInduction
[ 68 of 183] Compiling Data.SBV.Tools.KD.KnuckleDragger
[ 69 of 183] Compiling Data.SBV.Tools.KnuckleDragger
[ 70 of 183] Compiling Data.SBV.Tools.Induction
[ 71 of 183] Compiling Data.SBV.Tools.BVOptimize
[ 72 of 183] Compiling Data.SBV.Tools.BMC
[ 73 of 183] Compiling Data.SBV.Dynamic
[ 74 of 183] Compiling Documentation.SBV.Examples.BitPrecise.BitTricks
[ 75 of 183] Compiling Documentation.SBV.Examples.BitPrecise.BrokenSearch
[ 76 of 183] Compiling Documentation.SBV.Examples.BitPrecise.Legato
[ 77 of 183] Compiling Documentation.SBV.Examples.BitPrecise.MergeSort
[ 78 of 183] Compiling Documentation.SBV.Examples.BitPrecise.PEXT_PDEP
[ 79 of 183] Compiling Documentation.SBV.Examples.BitPrecise.PrefixSum
[ 80 of 183] Compiling Documentation.SBV.Examples.CodeGeneration.AddSub
[ 81 of 183] Compiling Documentation.SBV.Examples.CodeGeneration.CRC_USB5
[ 82 of 183] Compiling Documentation.SBV.Examples.CodeGeneration.Fibonacci
[ 83 of 183] Compiling Documentation.SBV.Examples.CodeGeneration.GCD
[ 84 of 183] Compiling Documentation.SBV.Examples.CodeGeneration.PopulationCount
[ 85 of 183] Compiling Documentation.SBV.Examples.CodeGeneration.Uninterpreted
[ 86 of 183] Compiling Documentation.SBV.Examples.Crypto.AES
[ 87 of 183] Compiling Documentation.SBV.Examples.Crypto.Prince
[ 88 of 183] Compiling Documentation.SBV.Examples.Crypto.RC4
[ 89 of 183] Compiling Documentation.SBV.Examples.Crypto.SHA
[ 90 of 183] Compiling Documentation.SBV.Examples.DeltaSat.DeltaSat
[ 91 of 183] Compiling Documentation.SBV.Examples.Existentials.Diophantine
[ 92 of 183] Compiling Documentation.SBV.Examples.KnuckleDragger.Basics
[ 93 of 183] Compiling Documentation.SBV.Examples.KnuckleDragger.BinarySearch
[ 94 of 183] Compiling Documentation.SBV.Examples.KnuckleDragger.CaseSplit
[ 95 of 183] Compiling Documentation.SBV.Examples.KnuckleDragger.InsertionSort
[ 96 of 183] Compiling Documentation.SBV.Examples.KnuckleDragger.Kleene
[ 97 of 183] Compiling Documentation.SBV.Examples.KnuckleDragger.Lists
[ 98 of 183] Compiling Documentation.SBV.Examples.KnuckleDragger.MergeSort
[ 99 of 183] Compiling Documentation.SBV.Examples.KnuckleDragger.Numeric
[100 of 183] Compiling Documentation.SBV.Examples.KnuckleDragger.QuickSort
[101 of 183] Compiling Documentation.SBV.Examples.KnuckleDragger.ShefferStroke
[102 of 183] Compiling Documentation.SBV.Examples.KnuckleDragger.Sqrt2IsIrrational
[103 of 183] Compiling Documentation.SBV.Examples.KnuckleDragger.StrongInduction
[104 of 183] Compiling Documentation.SBV.Examples.KnuckleDragger.Tao
[105 of 183] Compiling Documentation.SBV.Examples.Lists.BoundedMutex
[106 of 183] Compiling Documentation.SBV.Examples.Lists.CountOutAndTransfer
[107 of 183] Compiling Documentation.SBV.Examples.Lists.Fibonacci
[108 of 183] Compiling Documentation.SBV.Examples.Misc.Auxiliary
[109 of 183] Compiling Documentation.SBV.Examples.Misc.Definitions
[110 of 183] Compiling Documentation.SBV.Examples.Misc.Enumerate
[111 of 183] Compiling Documentation.SBV.Examples.Misc.FirstOrderLogic
[112 of 183] Compiling Documentation.SBV.Examples.Misc.Floating
[113 of 183] Compiling Documentation.SBV.Examples.Misc.LambdaArray
[114 of 183] Compiling Documentation.SBV.Examples.Misc.ModelExtract
[115 of 183] Compiling Documentation.SBV.Examples.Misc.NestedArray
[116 of 183] Compiling Documentation.SBV.Examples.Misc.Newtypes
[117 of 183] Compiling Documentation.SBV.Examples.Misc.NoDiv0
[118 of 183] Compiling Documentation.SBV.Examples.Misc.Polynomials
[119 of 183] Compiling Documentation.SBV.Examples.Misc.ProgramPaths
[120 of 183] Compiling Documentation.SBV.Examples.Misc.SetAlgebra
[121 of 183] Compiling Documentation.SBV.Examples.Misc.SoftConstrain
[122 of 183] Compiling Documentation.SBV.Examples.Misc.Tuple
[123 of 183] Compiling Documentation.SBV.Examples.Optimization.Enumerate
[124 of 183] Compiling Documentation.SBV.Examples.Optimization.ExtField
[125 of 183] Compiling Documentation.SBV.Examples.Optimization.LinearOpt
[126 of 183] Compiling Documentation.SBV.Examples.Optimization.Production
[127 of 183] Compiling Documentation.SBV.Examples.Optimization.VM
[128 of 183] Compiling Documentation.SBV.Examples.ProofTools.AddHorn
[129 of 183] Compiling Documentation.SBV.Examples.ProofTools.BMC
[130 of 183] Compiling Documentation.SBV.Examples.ProofTools.Fibonacci
[131 of 183] Compiling Documentation.SBV.Examples.ProofTools.Strengthen
[132 of 183] Compiling Documentation.SBV.Examples.ProofTools.Sum
[133 of 183] Compiling Documentation.SBV.Examples.Puzzles.AOC_2021_24
[134 of 183] Compiling Documentation.SBV.Examples.Puzzles.Birthday
[135 of 183] Compiling Documentation.SBV.Examples.Puzzles.Coins
[136 of 183] Compiling Documentation.SBV.Examples.Puzzles.Counts
[137 of 183] Compiling Documentation.SBV.Examples.Puzzles.DieHard
[138 of 183] Compiling Documentation.SBV.Examples.Puzzles.DogCatMouse
[139 of 183] Compiling Documentation.SBV.Examples.Puzzles.Drinker
[140 of 183] Compiling Documentation.SBV.Examples.Puzzles.Euler185
[141 of 183] Compiling Documentation.SBV.Examples.Puzzles.Fish
[142 of 183] Compiling Documentation.SBV.Examples.Puzzles.Garden
[143 of 183] Compiling Documentation.SBV.Examples.Puzzles.HexPuzzle
[144 of 183] Compiling Documentation.SBV.Examples.Puzzles.Jugs
[145 of 183] Compiling Documentation.SBV.Examples.Puzzles.KnightsAndKnaves
[146 of 183] Compiling Documentation.SBV.Examples.Puzzles.LadyAndTigers
[147 of 183] Compiling Documentation.SBV.Examples.Puzzles.MagicSquare
[148 of 183] Compiling Documentation.SBV.Examples.Puzzles.Murder
[149 of 183] Compiling Documentation.SBV.Examples.Puzzles.NQueens
[150 of 183] Compiling Documentation.SBV.Examples.Puzzles.Newspaper
[151 of 183] Compiling Documentation.SBV.Examples.Puzzles.Orangutans
[152 of 183] Compiling Documentation.SBV.Examples.Puzzles.Rabbits
[153 of 183] Compiling Documentation.SBV.Examples.Puzzles.SendMoreMoney
[154 of 183] Compiling Documentation.SBV.Examples.Puzzles.Sudoku
[155 of 183] Compiling Documentation.SBV.Examples.Puzzles.Tower
[156 of 183] Compiling Documentation.SBV.Examples.Puzzles.U2Bridge
[157 of 183] Compiling Documentation.SBV.Examples.Queries.Abducts
[158 of 183] Compiling Documentation.SBV.Examples.Queries.AllSat
[159 of 183] Compiling Documentation.SBV.Examples.Queries.CaseSplit
[160 of 183] Compiling Documentation.SBV.Examples.Queries.Concurrency
[161 of 183] Compiling Documentation.SBV.Examples.Queries.Enums
[162 of 183] Compiling Documentation.SBV.Examples.Queries.FourFours
[163 of 183] Compiling Documentation.SBV.Examples.Queries.GuessNumber
[164 of 183] Compiling Documentation.SBV.Examples.Queries.Interpolants
[165 of 183] Compiling Documentation.SBV.Examples.Queries.UnsatCore
[166 of 183] Compiling Documentation.SBV.Examples.Strings.RegexCrossword
[167 of 183] Compiling Documentation.SBV.Examples.Strings.SQLInjection
[168 of 183] Compiling Documentation.SBV.Examples.Transformers.SymbolicEval
[169 of 183] Compiling Documentation.SBV.Examples.Uninterpreted.AUF
[170 of 183] Compiling Documentation.SBV.Examples.Uninterpreted.Deduce
[171 of 183] Compiling Documentation.SBV.Examples.Uninterpreted.Function
[172 of 183] Compiling Documentation.SBV.Examples.Uninterpreted.Multiply
[173 of 183] Compiling Documentation.SBV.Examples.Uninterpreted.Shannon
[174 of 183] Compiling Documentation.SBV.Examples.Uninterpreted.Sort
[175 of 183] Compiling Documentation.SBV.Examples.Uninterpreted.UISortAllSat
[176 of 183] Compiling Documentation.SBV.Examples.WeakestPreconditions.Append
[177 of 183] Compiling Documentation.SBV.Examples.WeakestPreconditions.Basics
[178 of 183] Compiling Documentation.SBV.Examples.WeakestPreconditions.Fib
[179 of 183] Compiling Documentation.SBV.Examples.WeakestPreconditions.GCD
[180 of 183] Compiling Documentation.SBV.Examples.WeakestPreconditions.IntDiv
[181 of 183] Compiling Documentation.SBV.Examples.WeakestPreconditions.IntSqrt
[182 of 183] Compiling Documentation.SBV.Examples.WeakestPreconditions.Length
[183 of 183] Compiling Documentation.SBV.Examples.WeakestPreconditions.Sum
Configuring test suite 'SBVHLint' for sbv-11.7...
Preprocessing test suite 'SBVHLint' for sbv-11.7...
Building test suite 'SBVHLint' for sbv-11.7...
[1 of 1] Compiling Main
[2 of 2] Linking /tmp/workdir-sbv/sbv-11.7/dist-newstyle/build/x86_64-linux/ghc-9.10.2/sbv-11.7/t/SBVHLint/build/SBVHLint/SBVHLint
Configuring test suite 'SBVTest' for sbv-11.7...
Preprocessing test suite 'SBVTest' for sbv-11.7...
Building test suite 'SBVTest' for sbv-11.7...
[  1 of 110] Compiling Utils.SBVTestFramework
[  2 of 110] Compiling TestSuite.Uninterpreted.Uninterpreted
[  3 of 110] Compiling TestSuite.Uninterpreted.Sort
[  4 of 110] Compiling TestSuite.Uninterpreted.Function
[  5 of 110] Compiling TestSuite.Uninterpreted.Axioms
[  6 of 110] Compiling TestSuite.Uninterpreted.AUF
[  7 of 110] Compiling TestSuite.Transformers.SymbolicEval
[  8 of 110] Compiling TestSuite.QuickCheck.QC
[  9 of 110] Compiling TestSuite.Queries.Uninterpreted
[ 10 of 110] Compiling TestSuite.Queries.UISatEx
[ 11 of 110] Compiling TestSuite.Queries.UISat
[ 12 of 110] Compiling TestSuite.Queries.Tuples
[ 13 of 110] Compiling TestSuite.Queries.Tables
[ 14 of 110] Compiling TestSuite.Queries.Sums
[ 15 of 110] Compiling TestSuite.Queries.Strings
[ 16 of 110] Compiling TestSuite.Queries.Lists
[ 17 of 110] Compiling TestSuite.Queries.Interpolants
[ 18 of 110] Compiling TestSuite.Queries.Int_Z3
[ 19 of 110] Compiling TestSuite.Queries.Int_Yices
[ 20 of 110] Compiling TestSuite.Queries.Int_Mathsat
[ 21 of 110] Compiling TestSuite.Queries.Int_CVC4
[ 22 of 110] Compiling TestSuite.Queries.Int_Boolector
[ 23 of 110] Compiling TestSuite.Queries.Int_ABC
[ 24 of 110] Compiling TestSuite.Queries.FreshVars
[ 25 of 110] Compiling TestSuite.Queries.Enums
[ 26 of 110] Compiling TestSuite.Queries.DSat
[ 27 of 110] Compiling TestSuite.Queries.BasicQuery
[ 28 of 110] Compiling TestSuite.Queries.BadOption
[ 29 of 110] Compiling TestSuite.Queries.ArrayGetVal
[ 30 of 110] Compiling TestSuite.Puzzles.U2Bridge
[ 31 of 110] Compiling TestSuite.Puzzles.Temperature
[ 32 of 110] Compiling TestSuite.Puzzles.Sudoku
[ 33 of 110] Compiling TestSuite.Puzzles.PowerSet
[ 34 of 110] Compiling TestSuite.Puzzles.NQueens
[ 35 of 110] Compiling TestSuite.Puzzles.MagicSquare
[ 36 of 110] Compiling TestSuite.Puzzles.Euler185
[ 37 of 110] Compiling TestSuite.Puzzles.DogCatMouse
[ 38 of 110] Compiling TestSuite.Puzzles.Counts
[ 39 of 110] Compiling TestSuite.Puzzles.Coins
[ 40 of 110] Compiling TestSuite.Polynomials.Polynomials
[ 41 of 110] Compiling TestSuite.Overflows.Casts
[ 42 of 110] Compiling TestSuite.Overflows.Arithmetic
[ 43 of 110] Compiling TestSuite.Optimization.Tuples
[ 44 of 110] Compiling TestSuite.Optimization.Reals
[ 45 of 110] Compiling TestSuite.Optimization.Quantified
[ 46 of 110] Compiling TestSuite.Optimization.NoOpt
[ 47 of 110] Compiling TestSuite.Optimization.Floats
[ 48 of 110] Compiling TestSuite.Optimization.ExtensionField
[ 49 of 110] Compiling TestSuite.Optimization.Combined
[ 50 of 110] Compiling TestSuite.Optimization.Basics
[ 51 of 110] Compiling TestSuite.Optimization.AssertWithPenalty
[ 52 of 110] Compiling TestSuite.GenTest.GenTests
[ 53 of 110] Compiling TestSuite.Crypto.SHA
[ 54 of 110] Compiling TestSuite.Crypto.RC4
[ 55 of 110] Compiling TestSuite.Crypto.AES
[ 56 of 110] Compiling TestSuite.CodeGeneration.Uninterpreted
[ 57 of 110] Compiling TestSuite.CodeGeneration.PopulationCount
[ 58 of 110] Compiling TestSuite.CodeGeneration.GCD
[ 59 of 110] Compiling TestSuite.CodeGeneration.Floats
[ 60 of 110] Compiling TestSuite.CodeGeneration.Fibonacci
[ 61 of 110] Compiling TestSuite.CodeGeneration.CgTests
[ 62 of 110] Compiling TestSuite.CodeGeneration.CRC_USB5
[ 63 of 110] Compiling TestSuite.CodeGeneration.AddSub
[ 64 of 110] Compiling TestSuite.Char.Char
[ 65 of 110] Compiling TestSuite.CantTypeCheck.Misc
[ 66 of 110] Compiling TestSuite.CRC.USB5
[ 67 of 110] Compiling TestSuite.CRC.Parity
[ 68 of 110] Compiling TestSuite.CRC.GenPoly
[ 69 of 110] Compiling TestSuite.CRC.CCITT_Unidir
[ 70 of 110] Compiling TestSuite.CRC.CCITT
[ 71 of 110] Compiling TestSuite.BitPrecise.PrefixSum
[ 72 of 110] Compiling TestSuite.BitPrecise.MergeSort
[ 73 of 110] Compiling TestSuite.BitPrecise.Legato
[ 74 of 110] Compiling TestSuite.BitPrecise.BitTricks
[ 75 of 110] Compiling TestSuite.Basics.UISat
[ 76 of 110] Compiling TestSuite.Basics.Tuple
[ 77 of 110] Compiling TestSuite.Basics.TOut
[ 78 of 110] Compiling TestSuite.Basics.Sum
[ 79 of 110] Compiling TestSuite.Basics.String
[ 80 of 110] Compiling TestSuite.Basics.SquashReals
[ 81 of 110] Compiling TestSuite.Basics.SmallShifts
[ 82 of 110] Compiling TestSuite.Basics.Set
[ 83 of 110] Compiling TestSuite.Basics.Recursive
[ 84 of 110] Compiling TestSuite.Basics.Quantifiers
[ 85 of 110] Compiling TestSuite.Basics.QRem
[ 86 of 110] Compiling TestSuite.Basics.PseudoBoolean
[ 87 of 110] Compiling TestSuite.Basics.ProofTests
[ 88 of 110] Compiling TestSuite.Basics.Nonlinear
[ 89 of 110] Compiling TestSuite.Basics.ModelValidate
[ 90 of 110] Compiling TestSuite.Basics.List
[ 91 of 110] Compiling TestSuite.Basics.Lambda
[ 92 of 110] Compiling TestSuite.Basics.IteTest
[ 93 of 110] Compiling TestSuite.Basics.Index
[ 94 of 110] Compiling TestSuite.Basics.Higher
[ 95 of 110] Compiling TestSuite.Basics.GenBenchmark
[ 96 of 110] Compiling TestSuite.Basics.Exceptions
[ 97 of 110] Compiling TestSuite.Basics.EqSym
[ 98 of 110] Compiling TestSuite.Basics.DynSign
[ 99 of 110] Compiling TestSuite.Basics.BasicTests
[100 of 110] Compiling TestSuite.Basics.BarrelRotate
[101 of 110] Compiling TestSuite.Basics.Assert
[102 of 110] Compiling TestSuite.Basics.ArithSolver
[103 of 110] Compiling TestSuite.Basics.ArithNoSolver
[104 of 110] Compiling TestSuite.Basics.ArbFloats
[105 of 110] Compiling TestSuite.Basics.AllSat
[106 of 110] Compiling TestSuite.Arrays.Query
[107 of 110] Compiling TestSuite.Arrays.Memory
[108 of 110] Compiling TestSuite.Arrays.InitVals
[109 of 110] Compiling TestSuite.Arrays.Caching
[110 of 110] Compiling Main
[111 of 111] Linking /tmp/workdir-sbv/sbv-11.7/dist-newstyle/build/x86_64-linux/ghc-9.10.2/sbv-11.7/t/SBVTest/build/SBVTest/SBVTest
Configuring test suite 'SBVDocTest' for sbv-11.7...
Preprocessing test suite 'SBVDocTest' for sbv-11.7...
Building test suite 'SBVDocTest' for sbv-11.7...
[1 of 1] Compiling Main
[2 of 2] Linking /tmp/workdir-sbv/sbv-11.7/dist-newstyle/build/x86_64-linux/ghc-9.10.2/sbv-11.7/t/SBVDocTest/build/SBVDocTest/SBVDocTest
Configuring test suite 'SBVConnections' for sbv-11.7...
Preprocessing test suite 'SBVConnections' for sbv-11.7...
Building test suite 'SBVConnections' for sbv-11.7...
[1 of 1] Compiling Main
[2 of 2] Linking /tmp/workdir-sbv/sbv-11.7/dist-newstyle/build/x86_64-linux/ghc-9.10.2/sbv-11.7/t/SBVConnections/build/SBVConnections/SBVConnections
