Resolving dependencies...
Build profile: -w ghc-9.10.2 -O1
In order, the following will be built (use -v for more details):
 - prelude-compat-0.0.0.2 (lib) (first run)
Configuring library for prelude-compat-0.0.0.2...
Preprocessing library for prelude-compat-0.0.0.2...
Building library for prelude-compat-0.0.0.2...
[1 of 3] Compiling Catch
[2 of 3] Compiling Data.List2010
src/Data/List2010.hs:120:8: warning: [GHC-63394] [-Wx-partial]
    In the use of ‘head’
    (imported from Data.List, but defined in GHC.Internal.List):
    "This is a partial function, it throws an error on empty lists. Use pattern matching, 'Data.List.uncons' or 'Data.Maybe.listToMaybe' instead. Consider refactoring to use "Data.List.NonEmpty"."
    |
120 | head = List.head
    |        ^^^^^^^^^

src/Data/List2010.hs:258:8: warning: [GHC-63394] [-Wx-partial]
    In the use of ‘tail’
    (imported from Data.List, but defined in GHC.Internal.List):
    "This is a partial function, it throws an error on empty lists. Replace it with 'drop' 1, or use pattern matching or 'GHC.Internal.Data.List.uncons' instead. Consider refactoring to use "Data.List.NonEmpty"."
    |
258 | tail = List.tail
    |        ^^^^^^^^^

[3 of 3] Compiling Prelude2010
