Resolving dependencies...
Build profile: -w ghc-9.10.2 -O1
In order, the following will be built (use -v for more details):
 - richenv-0.1.0.3 (lib) (first run)
 - richenv-0.1.0.3 (test:richenv-test) (first run)
Configuring library for richenv-0.1.0.3...
Preprocessing library for richenv-0.1.0.3...
Building library for richenv-0.1.0.3...
[1 of 6] Compiling RichEnv.Types.Mappings
[2 of 6] Compiling RichEnv.Types.Prefixes
[3 of 6] Compiling RichEnv.Types.Values
[4 of 6] Compiling RichEnv.Types
[5 of 6] Compiling RichEnv.Setters
[6 of 6] Compiling RichEnv
Configuring test suite 'richenv-test' for richenv-0.1.0.3...
Preprocessing test suite 'richenv-test' for richenv-0.1.0.3...
Building test suite 'richenv-test' for richenv-0.1.0.3...
[1 of 5] Compiling ArbitraryInstances
[2 of 5] Compiling RichEnv.SettersSpec
[3 of 5] Compiling RichEnvSpec
[4 of 5] Compiling SpecHook
[5 of 5] Compiling Main
[6 of 6] Linking dist-newstyle/build/x86_64-linux/ghc-9.10.2/richenv-0.1.0.3/t/richenv-test/build/richenv-test/richenv-test
