Resolving dependencies...
Build profile: -w ghc-9.10.2 -O1
In order, the following will be built (use -v for more details):
 - slave-thread-1.1.0.3 (lib) (first run)
 - slave-thread-1.1.0.3 (test:test) (first run)
Configuring library for slave-thread-1.1.0.3...
Warning: [git-protocol] Cloning over git:// might lead to an arbitrary code
execution vulnerability. Furthermore, popular forges like GitHub do not
support it. Use https:// or ssh:// instead.
Preprocessing library for slave-thread-1.1.0.3...
Building library for slave-thread-1.1.0.3...
[1 of 3] Compiling SlaveThread.Prelude
[2 of 3] Compiling SlaveThread.Util.LowLevelForking
[3 of 3] Compiling SlaveThread
Configuring test suite 'test' for slave-thread-1.1.0.3...
Warning: [git-protocol] Cloning over git:// might lead to an arbitrary code
execution vulnerability. Furthermore, popular forges like GitHub do not
support it. Use https:// or ssh:// instead.
Preprocessing test suite 'test' for slave-thread-1.1.0.3...
Building test suite 'test' for slave-thread-1.1.0.3...
[1 of 1] Compiling Main
[2 of 2] Linking dist-newstyle/build/x86_64-linux/ghc-9.10.2/slave-thread-1.1.0.3/t/test/build/test/test
