Resolving dependencies...
Build profile: -w ghc-9.10.2 -O1
In order, the following will be built (use -v for more details):
 - plot-0.2.3.12 (lib) (first run)
Configuring library for plot-0.2.3.12...
Preprocessing library for plot-0.2.3.12...
Building library for plot-0.2.3.12...
[ 1 of 25] Compiling Control.Monad.Supply
lib/Control/Monad/Supply.hs:32:38: warning: [GHC-61689] [-Wdodgy-imports]
    Module ‘Control.Monad.Writer’ does not export ‘fail’.
   |
32 | import Control.Monad.Writer hiding ( fail )
   |                                      ^^^^

lib/Control/Monad/Supply.hs:33:38: warning: [GHC-61689] [-Wdodgy-imports]
    Module ‘Control.Monad.Reader’ does not export ‘fail’.
   |
33 | import Control.Monad.Reader hiding ( fail )
   |                                      ^^^^

lib/Control/Monad/Supply.hs:34:37: warning: [GHC-61689] [-Wdodgy-imports]
    Module ‘Control.Monad.State’ does not export ‘fail’.
   |
34 | import Control.Monad.State hiding ( fail )
   |                                     ^^^^

lib/Control/Monad/Supply.hs:56:8: warning: [GHC-40910] [-Wunused-matches]
    Defined but not used: ‘m’
   |
56 | repM 0 m = return []
   |        ^

lib/Control/Monad/Supply.hs:95:5: warning: [GHC-22705] [-Wnoncanonical-monad-instances]
    Noncanonical ‘pure = return’ definition detected
    in the instance declaration for ‘Applicative (SupplyT s m)’.
    Suggested fix:
      Move definition from ‘return’ to ‘pure’
      See also: https://gitlab.haskell.org/ghc/ghc/-/wikis/proposal/monad-of-no-return
   |
95 |     pure = return
   |     ^^^^^^^^^^^^^

lib/Control/Monad/Supply.hs:99:5: warning: [GHC-22705] [-Wnoncanonical-monad-instances]
    Noncanonical ‘return’ definition detected
    in the instance declaration for ‘Monad (SupplyT s m)’.
    ‘return’ will eventually be removed in favour of ‘pure’
    Suggested fix:
      Either remove definition for ‘return’ (recommended) or define as ‘return = pure’
      See also: https://gitlab.haskell.org/ghc/ghc/-/wikis/proposal/monad-of-no-return
   |
99 |     return a  = SupplyT $ \s -> return (a, s)
   |     ^^^^^^^^^^^^^^^^^^^^^^^^^^^^^^^^^^^^^^^^^

[ 2 of 25] Compiling Graphics.Rendering.Plot.Types
[ 3 of 25] Compiling Graphics.Rendering.Plot.Render.Plot.Glyph
lib/Graphics/Rendering/Plot/Render/Plot/Glyph.hs:114:27: warning: [GHC-62161] [-Wincomplete-uni-patterns]
    Pattern match(es) are non-exhaustive
    In a pattern binding: Patterns of type ‘[Double]’ not matched: []
    |
114 |                           x@(sx:_) = map ((* (radius)) . cos) angles
    |                           ^^^^^^^^^^^^^^^^^^^^^^^^^^^^^^^^^^^^^^^^^^

lib/Graphics/Rendering/Plot/Render/Plot/Glyph.hs:115:27: warning: [GHC-62161] [-Wincomplete-uni-patterns]
    Pattern match(es) are non-exhaustive
    In a pattern binding: Patterns of type ‘[Double]’ not matched: []
    |
115 |                           y@(sy:_) = map ((* (radius)) . sin) angles
    |                           ^^^^^^^^^^^^^^^^^^^^^^^^^^^^^^^^^^^^^^^^^^

lib/Graphics/Rendering/Plot/Render/Plot/Glyph.hs:131:25: warning: [GHC-62161] [-Wincomplete-uni-patterns]
    Pattern match(es) are non-exhaustive
    In a pattern binding: Patterns of type ‘[Double]’ not matched: []
    |
131 |                         x@(sx:_) = map ((* (radius)) . cos) angles
    |                         ^^^^^^^^^^^^^^^^^^^^^^^^^^^^^^^^^^^^^^^^^^

lib/Graphics/Rendering/Plot/Render/Plot/Glyph.hs:132:25: warning: [GHC-62161] [-Wincomplete-uni-patterns]
    Pattern match(es) are non-exhaustive
    In a pattern binding: Patterns of type ‘[Double]’ not matched: []
    |
132 |                         y@(sy:_) = map ((* (radius)) . sin) angles
    |                         ^^^^^^^^^^^^^^^^^^^^^^^^^^^^^^^^^^^^^^^^^^

lib/Graphics/Rendering/Plot/Render/Plot/Glyph.hs:148:25: warning: [GHC-62161] [-Wincomplete-uni-patterns]
    Pattern match(es) are non-exhaustive
    In a pattern binding: Patterns of type ‘[Double]’ not matched: []
    |
148 |                         x@(sx:_) = map ((* (radius)) . cos) angles
    |                         ^^^^^^^^^^^^^^^^^^^^^^^^^^^^^^^^^^^^^^^^^^

lib/Graphics/Rendering/Plot/Render/Plot/Glyph.hs:149:25: warning: [GHC-62161] [-Wincomplete-uni-patterns]
    Pattern match(es) are non-exhaustive
    In a pattern binding: Patterns of type ‘[Double]’ not matched: []
    |
149 |                         y@(sy:_) = map ((* (radius)) . sin) angles
    |                         ^^^^^^^^^^^^^^^^^^^^^^^^^^^^^^^^^^^^^^^^^^

[ 4 of 25] Compiling Graphics.Rendering.Plot.Figure.Text
[ 5 of 25] Compiling Graphics.Rendering.Plot.Figure.Point
[ 6 of 25] Compiling Graphics.Rendering.Plot.Figure.Line
[ 7 of 25] Compiling Graphics.Rendering.Plot.Figure.Bar
[ 8 of 25] Compiling Graphics.Rendering.Plot.Figure.Plot.Data
[ 9 of 25] Compiling Graphics.Rendering.Plot.Defaults
[10 of 25] Compiling Graphics.Rendering.Plot.Render.Types
[11 of 25] Compiling Graphics.Rendering.Plot.Render.Text
[12 of 25] Compiling Graphics.Rendering.Plot.Render.Plot.Format
[13 of 25] Compiling Graphics.Rendering.Plot.Render.Plot.Annotation
lib/Graphics/Rendering/Plot/Render/Plot/Annotation.hs:25:1: warning: [GHC-66111] [-Wunused-imports]
    The import of ‘Control.Monad.Reader’ is redundant
      except perhaps to import instances from ‘Control.Monad.Reader’
    To import instances alone, use: import Control.Monad.Reader()
   |
25 | import Control.Monad.Reader
   | ^^^^^^^^^^^^^^^^^^^^^^^^^^^

[14 of 25] Compiling Graphics.Rendering.Plot.Render.Plot.Legend
[15 of 25] Compiling Graphics.Rendering.Plot.Render.Plot.Data
lib/Graphics/Rendering/Plot/Render/Plot/Data.hs:136:15: warning: [GHC-53633] [-Woverlapping-patterns]
    Pattern match is redundant
    In a case alternative: _ -> ...
    |
136 |               _                  -> error "renderData: DataSeries not handled"
    |               ^^^^^^^^^^^^^^^^^^^^^^^^^^^^^^^^^^^^^^^^^^^^^^^^^^^^^^^^^^^^^^^^

lib/Graphics/Rendering/Plot/Render/Plot/Data.hs:202:31: warning: [GHC-63394] [-Wx-partial]
    In the use of ‘tail’
    (imported from Prelude, but defined in GHC.Internal.List):
    "This is a partial function, it throws an error on empty lists. Replace it with 'drop' 1, or use pattern matching or 'GHC.Internal.Data.List.uncons' instead. Consider refactoring to use "Data.List.NonEmpty"."
    |
202 |                  in pre ++ x:(tail post)
    |                               ^^^^

lib/Graphics/Rendering/Plot/Render/Plot/Data.hs:261:57: warning: [GHC-63394] [-Wx-partial]
    In the use of ‘head’
    (imported from Prelude, but defined in GHC.Internal.List):
    "This is a partial function, it throws an error on empty lists. Use pattern matching, 'Data.List.uncons' or 'Data.Maybe.listToMaybe' instead. Consider refactoring to use "Data.List.NonEmpty"."
    |
261 |         let od = (getOrdData' . (\(_,b,_) -> b) . snd . head) bars
    |                                                         ^^^^

[16 of 25] Compiling Graphics.Rendering.Plot.Render.Plot.Axis
lib/Graphics/Rendering/Plot/Render/Plot/Axis.hs:227:43: warning: [GHC-63394] [-Wx-partial]
    In the use of ‘head’
    (imported from Prelude, but defined in GHC.Internal.List):
    "This is a partial function, it throws an error on empty lists. Use pattern matching, 'Data.List.uncons' or 'Data.Maybe.listToMaybe' instead. Consider refactoring to use "Data.List.NonEmpty"."
    |
227 |          s' = if null dl then s else case head dl of
    |                                           ^^^^

[17 of 25] Compiling Graphics.Rendering.Plot.Render.Plot
[18 of 25] Compiling Graphics.Rendering.Plot.Render
[19 of 25] Compiling Graphics.Rendering.Plot.Figure.Plot.Legend
lib/Graphics/Rendering/Plot/Figure/Plot/Legend.hs:54:26: warning: [GHC-62161] [-Wincomplete-uni-patterns]
    Pattern match(es) are non-exhaustive
    In a pattern binding:
        Patterns of type ‘TextEntry’ not matched:
            NoText
            BareText _
            SizeText _ _ _
   |
54 |                      let (FontText to _) = execText m to' (FontText to' "")
   |                          ^^^^^^^^^^^^^^^^^^^^^^^^^^^^^^^^^^^^^^^^^^^^^^^^^^

[20 of 25] Compiling Graphics.Rendering.Plot.Figure.Plot.Axis
lib/Graphics/Rendering/Plot/Figure/Plot/Axis.hs:38:1: warning: [GHC-66111] [-Wunused-imports]
    The import of ‘Control.Monad’ is redundant
      except perhaps to import instances from ‘Control.Monad’
    To import instances alone, use: import Control.Monad()
   |
38 | import Control.Monad
   | ^^^^^^^^^^^^^^^^^^^^

[21 of 25] Compiling Graphics.Rendering.Plot.Figure.Plot.Annotation
[22 of 25] Compiling Graphics.Rendering.Plot.Figure.Plot
[23 of 25] Compiling Graphics.Rendering.Plot.Figure
lib/Graphics/Rendering/Plot/Figure.hs:190:7: warning: [GHC-62161] [-Wincomplete-uni-patterns]
    Pattern match(es) are non-exhaustive
    In a pattern binding:
        Patterns of type ‘TextEntry’ not matched:
            NoText
            BareText _
            SizeText _ _ _
    |
190 |   let (FontText to _) = execText m to' (FontText to' "")    
    |       ^^^^^^^^^^^^^^^^^^^^^^^^^^^^^^^^^^^^^^^^^^^^^^^^^^

lib/Graphics/Rendering/Plot/Figure.hs:198:7: warning: [GHC-62161] [-Wincomplete-uni-patterns]
    Pattern match(es) are non-exhaustive
    In a pattern binding:
        Patterns of type ‘LineType’ not matched:
            NoLine
            ColourLine _
    |
198 |   let (TypeLine lo _) = execLine m lo' (TypeLine lo' black)
    |       ^^^^^^^^^^^^^^^^^^^^^^^^^^^^^^^^^^^^^^^^^^^^^^^^^^^^^

lib/Graphics/Rendering/Plot/Figure.hs:214:7: warning: [GHC-62161] [-Wincomplete-uni-patterns]
    Pattern match(es) are non-exhaustive
    In a pattern binding:
        Patterns of type ‘BarType’ not matched: ColourBar _
    |
214 |   let (TypeBar bo _) = execBar m bo' (TypeBar bo' black)
    |       ^^^^^^^^^^^^^^^^^^^^^^^^^^^^^^^^^^^^^^^^^^^^^^^^^^

[24 of 25] Compiling Graphics.Rendering.Plot.Figure.Simple
[25 of 25] Compiling Graphics.Rendering.Plot
