Resolving dependencies...
Build profile: -w ghc-9.10.2 -O1
In order, the following will be built (use -v for more details):
 - webgear-swagger-1.4.0 (lib) (first run)
Configuring library for webgear-swagger-1.4.0...
Preprocessing library for webgear-swagger-1.4.0...
Building library for webgear-swagger-1.4.0...
[ 1 of 13] Compiling WebGear.Swagger.Handler
[ 2 of 13] Compiling WebGear.Swagger.Trait.Auth
[ 3 of 13] Compiling WebGear.Swagger.Trait.Auth.Basic
[ 4 of 13] Compiling WebGear.Swagger.Trait.Auth.JWT
[ 5 of 13] Compiling WebGear.Swagger.Trait.Body
[ 6 of 13] Compiling WebGear.Swagger.Trait.Cookie
[ 7 of 13] Compiling WebGear.Swagger.Trait.Header
[ 8 of 13] Compiling WebGear.Swagger.Trait.Method
[ 9 of 13] Compiling WebGear.Swagger.Trait.Path
[10 of 13] Compiling WebGear.Swagger.Trait.QueryParam
[11 of 13] Compiling WebGear.Swagger.Trait.Status
[12 of 13] Compiling WebGear.Swagger.Traits
[13 of 13] Compiling WebGear.Swagger
