Resolving dependencies...
Build profile: -w ghc-9.10.2 -O1
In order, the following will be built (use -v for more details):
 - monoid-extras-0.7 (lib) (first run)
Configuring library for monoid-extras-0.7...
Preprocessing library for monoid-extras-0.7...
Building library for monoid-extras-0.7...
[ 1 of 13] Compiling Data.Monoid.Action
[ 2 of 13] Compiling Data.Monoid.Cut
[ 3 of 13] Compiling Data.Monoid.Deletable
[ 4 of 13] Compiling Data.Monoid.Endomorphism
[ 5 of 13] Compiling Data.Monoid.Inf
[ 6 of 13] Compiling Data.Monoid.MList
[ 7 of 13] Compiling Data.Monoid.Recommend
[ 8 of 13] Compiling Data.Monoid.SemiDirectProduct
[ 9 of 13] Compiling Data.Monoid.Coproduct
[10 of 13] Compiling Data.Monoid.SemiDirectProduct.Strict
[11 of 13] Compiling Data.Monoid.Split
[12 of 13] Compiling Data.Monoid.WithSemigroup
[13 of 13] Compiling Data.Semigroup.Coproduct
