Resolving dependencies...
Build profile: -w ghc-9.10.2 -O1
In order, the following will be built (use -v for more details):
 - pipes-aeson-0.4.2 (lib) (first run)
Configuring library for pipes-aeson-0.4.2...
Warning: [git-protocol] Cloning over git:// might lead to an arbitrary code
execution vulnerability. Furthermore, popular forges like GitHub do not
support it. Use https:// or ssh:// instead.
Preprocessing library for pipes-aeson-0.4.2...
Building library for pipes-aeson-0.4.2...
[1 of 3] Compiling Pipes.Aeson.Internal
[2 of 3] Compiling Pipes.Aeson.Unchecked
src/Pipes/Aeson/Unchecked.hs:39:11: warning: [GHC-95396] [-Winline-rule-shadowing]
    Rule "p >-> for cat encode" may never fire
      because ‘encode’ might inline first
    Suggested fix: Add an INLINE[n] or NOINLINE[n] pragma for ‘encode’
   |
39 | {-# RULES "p >-> for cat encode" forall p .
   |           ^^^^^^^^^^^^^^^^^^^^^^^^^^^^^^^^^...

[3 of 3] Compiling Pipes.Aeson
src/Pipes/Aeson.hs:68:11: warning: [GHC-95396] [-Winline-rule-shadowing]
    Rule "p >-> for cat encodeObject" may never fire
      because ‘encodeObject’ might inline first
    Suggested fix:
      Add an INLINE[n] or NOINLINE[n] pragma for ‘encodeObject’
   |
68 | {-# RULES "p >-> for cat encodeObject" forall p .
   |           ^^^^^^^^^^^^^^^^^^^^^^^^^^^^^^^^^^^^^^^...

src/Pipes/Aeson.hs:83:11: warning: [GHC-95396] [-Winline-rule-shadowing]
    Rule "p >-> for cat encodeArray" may never fire
      because ‘encodeArray’ might inline first
    Suggested fix:
      Add an INLINE[n] or NOINLINE[n] pragma for ‘encodeArray’
   |
83 | {-# RULES "p >-> for cat encodeArray" forall p .
   |           ^^^^^^^^^^^^^^^^^^^^^^^^^^^^^^^^^^^^^^...

