Resolving dependencies...
Build profile: -w ghc-9.10.2 -O1
In order, the following will be built (use -v for more details):
 - hasql-transaction-1.2.1 (lib) (first run)
 - hasql-transaction-1.2.1 (test:conflicts-test) (first run)
Configuring library for hasql-transaction-1.2.1...
Warning: [git-protocol] Cloning over git:// might lead to an arbitrary code
execution vulnerability. Furthermore, popular forges like GitHub do not
support it. Use https:// or ssh:// instead.
Preprocessing library for hasql-transaction-1.2.1...
Building library for hasql-transaction-1.2.1...
[1 of 8] Compiling Hasql.Transaction.Private.Prelude
[2 of 8] Compiling Hasql.Transaction.Config
[3 of 8] Compiling Hasql.Transaction.Private.SQL
[4 of 8] Compiling Hasql.Transaction.Private.Statements
[5 of 8] Compiling Hasql.Transaction.Private.Sessions
[6 of 8] Compiling Hasql.Transaction.Private.Transaction
[7 of 8] Compiling Hasql.Transaction
[8 of 8] Compiling Hasql.Transaction.Sessions
Configuring test suite 'conflicts-test' for hasql-transaction-1.2.1...
Warning: [git-protocol] Cloning over git:// might lead to an arbitrary code
execution vulnerability. Furthermore, popular forges like GitHub do not
support it. Use https:// or ssh:// instead.
Preprocessing test suite 'conflicts-test' for hasql-transaction-1.2.1...
Building test suite 'conflicts-test' for hasql-transaction-1.2.1...
[1 of 3] Compiling Main.Statements
[2 of 3] Compiling Main.Transactions
[3 of 3] Compiling Main
[4 of 4] Linking dist-newstyle/build/x86_64-linux/ghc-9.10.2/hasql-transaction-1.2.1/t/conflicts-test/build/conflicts-test/conflicts-test
