Resolving dependencies...
Build profile: -w ghc-9.10.2 -O1
In order, the following will be built (use -v for more details):
 - snappy-0.2.0.4 (lib) (first run)
 - snappy-0.2.0.4 (test:tests) (first run)
Configuring library for snappy-0.2.0.4...
Preprocessing library for snappy-0.2.0.4...
Building library for snappy-0.2.0.4...
[1 of 3] Compiling Codec.Compression.Snappy.Internal
[2 of 3] Compiling Codec.Compression.Snappy
[3 of 3] Compiling Codec.Compression.Snappy.Lazy
Configuring test suite 'tests' for snappy-0.2.0.4...
Preprocessing test suite 'tests' for snappy-0.2.0.4...
Building test suite 'tests' for snappy-0.2.0.4...
[1 of 2] Compiling Functions
[2 of 2] Compiling Main
tests/Properties.hs:4:1: warning: [GHC-66111] [-Wunused-imports]
    The import of ‘Control.Applicative’ is redundant
      except perhaps to import instances from ‘Control.Applicative’
    To import instances alone, use: import Control.Applicative()
  |
4 | import Control.Applicative ((<$>), (<*>))
  | ^^^^^^^^^^^^^^^^^^^^^^^^^^^^^^^^^^^^^^^^^

tests/Properties.hs:20:1: warning: [GHC-38417] [-Wmissing-signatures]
    Top-level binding with no type signature:
      s_roundtrip :: B.ByteString -> Bool
   |
20 | s_roundtrip bs = B.decompress (B.compress bs) == bs
   | ^^^^^^^^^^^

tests/Properties.hs:22:37: warning: [GHC-40910] [-Wunused-top-binds]
    Defined but not used: record field of Compressed ‘compressed’
   |
22 | newtype Compressed a = Compressed { compressed :: a }
   |                                     ^^^^^^^^^^

tests/Properties.hs:31:1: warning: [GHC-38417] [-Wmissing-signatures]
    Top-level binding with no type signature:
      compress_eq :: Int -> B.ByteString -> Bool
   |
31 | compress_eq n bs = L.fromChunks [B.compress bs] == L.compress (smallChunk n bs)
   | ^^^^^^^^^^^

tests/Properties.hs:32:1: warning: [GHC-38417] [-Wmissing-signatures]
    Top-level binding with no type signature:
      decompress_eq :: Int -> Compressed B.ByteString -> Bool
   |
32 | decompress_eq n (Compressed bs) =
   | ^^^^^^^^^^^^^

tests/Properties.hs:35:1: warning: [GHC-38417] [-Wmissing-signatures]
    Top-level binding with no type signature:
      t_rechunk :: Int -> B.StrictByteString -> Bool
   |
35 | t_rechunk n bs = L.fromChunks [bs] == smallChunk n bs
   | ^^^^^^^^^

tests/Properties.hs:37:1: warning: [GHC-38417] [-Wmissing-signatures]
    Top-level binding with no type signature:
      l_roundtrip :: L.ByteString -> Bool
   |
37 | l_roundtrip bs = L.decompress (L.compress bs) == bs
   | ^^^^^^^^^^^

tests/Properties.hs:39:1: warning: [GHC-38417] [-Wmissing-signatures]
    Top-level binding with no type signature:
      smallChunk :: Int -> B.ByteString -> L.ByteString
   |
39 | smallChunk n = rechunk ((n `mod` 63) + 1)
   | ^^^^^^^^^^

tests/Properties.hs:41:1: warning: [GHC-38417] [-Wmissing-signatures]
    Top-level binding with no type signature: main :: IO ()
   |
41 | main = defaultMain tests
   | ^^^^

tests/Properties.hs:43:1: warning: [GHC-38417] [-Wmissing-signatures]
    Top-level binding with no type signature:
      tests :: [test-framework-0.8.2.2:Test.Framework.Core.Test]
   |
43 | tests = [
   | ^^^^^

[3 of 3] Linking dist-newstyle/build/x86_64-linux/ghc-9.10.2/snappy-0.2.0.4/t/tests/build/tests/tests
