Resolving dependencies...
Build profile: -w ghc-9.10.2 -O1
In order, the following will be built (use -v for more details):
 - gi-soup-3.0.4 (lib:gi-soup) (first run)
[1 of 2] Compiling Main             ( /tmp/workdir-gi-soup/gi-soup-3.0.4/dist-newstyle/build/x86_64-linux/ghc-9.10.2/gi-soup-3.0.4/setup/setup.hs, /tmp/workdir-gi-soup/gi-soup-3.0.4/dist-newstyle/build/x86_64-linux/ghc-9.10.2/gi-soup-3.0.4/setup/Main.o )
[2 of 2] Linking /tmp/workdir-gi-soup/gi-soup-3.0.4/dist-newstyle/build/x86_64-linux/ghc-9.10.2/gi-soup-3.0.4/setup/setup
Configuring gi-soup-3.0.4...
[1 of 3] Compiling GI.Soup.Config   ( /tmp/workdir-gi-soup/gi-soup-3.0.4/GI/Soup/Config.hs, /tmp/workdir-gi-soup/gi-soup-3.0.4/dist-newstyle/build/x86_64-linux/ghc-9.10.2/gi-soup-3.0.4/setup/GI/Soup/Config.o )
[2 of 3] Compiling Main             ( /tmp/workdir-gi-soup/gi-soup-3.0.4/dist-newstyle/build/x86_64-linux/ghc-9.10.2/gi-soup-3.0.4/setup/setup.hs, /tmp/workdir-gi-soup/gi-soup-3.0.4/dist-newstyle/build/x86_64-linux/ghc-9.10.2/gi-soup-3.0.4/setup/Main.o ) [GI.Soup.Config added]
[3 of 3] Linking /tmp/workdir-gi-soup/gi-soup-3.0.4/dist-newstyle/build/x86_64-linux/ghc-9.10.2/gi-soup-3.0.4/setup/setup [Objects changed]
Preprocessing library for gi-soup-3.0.4...
Building library for gi-soup-3.0.4...
[ 1 of 46] Compiling GI.Soup
[ 2 of 46] Compiling GI.Soup.Callbacks
[ 3 of 46] Compiling GI.Soup.Config
[ 4 of 46] Compiling GI.Soup.Constants
[ 5 of 46] Compiling GI.Soup.Enums
[ 6 of 46] Compiling GI.Soup.Flags
[ 7 of 46] Compiling GI.Soup.Functions
[ 8 of 46] Compiling GI.Soup.Interfaces
[ 9 of 46] Compiling GI.Soup.Interfaces.SessionFeature
[10 of 46] Compiling GI.Soup.Objects
[11 of 46] Compiling GI.Soup.Objects.Auth
[12 of 46] Compiling GI.Soup.Objects.AuthBasic
[13 of 46] Compiling GI.Soup.Objects.AuthDigest
[14 of 46] Compiling GI.Soup.Objects.AuthDomain
[15 of 46] Compiling GI.Soup.Objects.AuthDomainBasic
[16 of 46] Compiling GI.Soup.Objects.AuthDomainDigest
[17 of 46] Compiling GI.Soup.Objects.AuthManager
[18 of 46] Compiling GI.Soup.Objects.AuthNTLM
[19 of 46] Compiling GI.Soup.Objects.AuthNegotiate
[20 of 46] Compiling GI.Soup.Objects.Cache
[21 of 46] Compiling GI.Soup.Objects.ContentDecoder
[22 of 46] Compiling GI.Soup.Objects.ContentSniffer
[23 of 46] Compiling GI.Soup.Objects.CookieJar
[24 of 46] Compiling GI.Soup.Objects.CookieJarDB
[25 of 46] Compiling GI.Soup.Objects.CookieJarText
[26 of 46] Compiling GI.Soup.Objects.HSTSEnforcer
[27 of 46] Compiling GI.Soup.Objects.HSTSEnforcerDB
[28 of 46] Compiling GI.Soup.Objects.Logger
[29 of 46] Compiling GI.Soup.Objects.Message
[30 of 46] Compiling GI.Soup.Objects.MultipartInputStream
[31 of 46] Compiling GI.Soup.Objects.Server
[32 of 46] Compiling GI.Soup.Objects.ServerMessage
[33 of 46] Compiling GI.Soup.Objects.Session
[34 of 46] Compiling GI.Soup.Objects.WebsocketConnection
[35 of 46] Compiling GI.Soup.Objects.WebsocketExtension
[36 of 46] Compiling GI.Soup.Objects.WebsocketExtensionDeflate
[37 of 46] Compiling GI.Soup.Objects.WebsocketExtensionManager
[38 of 46] Compiling GI.Soup.Structs
[39 of 46] Compiling GI.Soup.Structs.Cookie
[40 of 46] Compiling GI.Soup.Structs.HSTSPolicy
[41 of 46] Compiling GI.Soup.Structs.MessageBody
[42 of 46] Compiling GI.Soup.Structs.MessageHeaders
[43 of 46] Compiling GI.Soup.Structs.MessageHeadersIter
[44 of 46] Compiling GI.Soup.Structs.MessageMetrics
[45 of 46] Compiling GI.Soup.Structs.Multipart
[46 of 46] Compiling GI.Soup.Structs.Range
