Resolving dependencies...
Build profile: -w ghc-9.10.2 -O1
In order, the following will be built (use -v for more details):
 - hebrew-time-0.1.2 (lib) (first run)
 - hebrew-time-0.1.2 (test:runtests) (first run)
Configuring library for hebrew-time-0.1.2...
Preprocessing library for hebrew-time-0.1.2...
Building library for hebrew-time-0.1.2...
[1 of 3] Compiling Data.Time.Calendar.Hebrew.Internal
[2 of 3] Compiling Data.Time.Calendar.Hebrew
[3 of 3] Compiling Paths_hebrew_time
Configuring test suite 'runtests' for hebrew-time-0.1.2...
Preprocessing test suite 'runtests' for hebrew-time-0.1.2...
Building test suite 'runtests' for hebrew-time-0.1.2...
[1 of 3] Compiling Data.Time.Calendar.HebrewSpec
test/Data/Time/Calendar/HebrewSpec.hs:8:1: warning: [GHC-66111] [-Wunused-imports]
    The import of ‘Control.Applicative’ is redundant
      except perhaps to import instances from ‘Control.Applicative’
    To import instances alone, use: import Control.Applicative()
  |
8 | import Control.Applicative ((<$>))
  | ^^^^^^^^^^^^^^^^^^^^^^^^^^^^^^^^^^

[2 of 3] Compiling Main
[3 of 3] Compiling Paths_hebrew_time
[4 of 4] Linking dist-newstyle/build/x86_64-linux/ghc-9.10.2/hebrew-time-0.1.2/t/runtests/build/runtests/runtests
