Build profile: -w ghc-9.6.5 -O1
In order, the following will be built (use -v for more details):
 - gi-gio-2.0.32 (lib:gi-gio) (first run)
[1 of 2] Compiling Main             ( /tmp/workdir-gi-gio/gi-gio-2.0.32/dist-newstyle/build/x86_64-linux/ghc-9.6.5/gi-gio-2.0.32/setup/setup.hs, /tmp/workdir-gi-gio/gi-gio-2.0.32/dist-newstyle/build/x86_64-linux/ghc-9.6.5/gi-gio-2.0.32/setup/Main.o )
[2 of 2] Linking /tmp/workdir-gi-gio/gi-gio-2.0.32/dist-newstyle/build/x86_64-linux/ghc-9.6.5/gi-gio-2.0.32/setup/setup
Configuring gi-gio-2.0.32...
Preprocessing library for gi-gio-2.0.32..
Building library for gi-gio-2.0.32..
[  1 of 366] Compiling GI.Gio.Config
[  2 of 366] Compiling GI.Gio.Constants
[  3 of 366] Compiling GI.Gio.Enums[boot]
[  4 of 366] Compiling GI.Gio.Enums
[  5 of 366] Compiling GI.Gio.Flags[boot]
[  6 of 366] Compiling GI.Gio.Flags
[  7 of 366] Compiling GI.Gio.Interfaces.Action[boot]
[  8 of 366] Compiling GI.Gio.Interfaces.Action
[  9 of 366] Compiling GI.Gio.Interfaces.ActionGroup[boot]
[ 10 of 366] Compiling GI.Gio.Interfaces.ActionGroup
[ 11 of 366] Compiling GI.Gio.Interfaces.AsyncResult[boot]
[ 12 of 366] Compiling GI.Gio.Interfaces.AsyncResult
[ 13 of 366] Compiling GI.Gio.Interfaces.Converter[boot]
[ 14 of 366] Compiling GI.Gio.Interfaces.Converter
[ 15 of 366] Compiling GI.Gio.Interfaces.FileDescriptorBased[boot]
[ 16 of 366] Compiling GI.Gio.Interfaces.FileDescriptorBased
[ 17 of 366] Compiling GI.Gio.Interfaces.Icon[boot]
[ 18 of 366] Compiling GI.Gio.Interfaces.Icon
[ 19 of 366] Compiling GI.Gio.Interfaces.ListModel[boot]
[ 20 of 366] Compiling GI.Gio.Interfaces.ListModel
[ 21 of 366] Compiling GI.Gio.Interfaces.RemoteActionGroup[boot]
[ 22 of 366] Compiling GI.Gio.Interfaces.RemoteActionGroup
[ 23 of 366] Compiling GI.Gio.Objects.AppInfoMonitor[boot]
[ 24 of 366] Compiling GI.Gio.Objects.AppInfoMonitor
[ 25 of 366] Compiling GI.Gio.Objects.Cancellable[boot]
[ 26 of 366] Compiling GI.Gio.Objects.Cancellable
[ 27 of 366] Compiling GI.Gio.Interfaces.Seekable[boot]
[ 28 of 366] Compiling GI.Gio.Interfaces.Seekable
[ 29 of 366] Compiling GI.Gio.Interfaces.Initable[boot]
[ 30 of 366] Compiling GI.Gio.Interfaces.Initable
[ 31 of 366] Compiling GI.Gio.Interfaces.PowerProfileMonitor[boot]
[ 32 of 366] Compiling GI.Gio.Interfaces.PowerProfileMonitor
[ 33 of 366] Compiling GI.Gio.Interfaces.MemoryMonitor[boot]
[ 34 of 366] Compiling GI.Gio.Interfaces.MemoryMonitor
[ 35 of 366] Compiling GI.Gio.Interfaces.DebugController[boot]
[ 36 of 366] Compiling GI.Gio.Interfaces.DebugController
[ 37 of 366] Compiling GI.Gio.Objects.CharsetConverter[boot]
[ 38 of 366] Compiling GI.Gio.Objects.CharsetConverter
[ 39 of 366] Compiling GI.Gio.Objects.Credentials[boot]
[ 40 of 366] Compiling GI.Gio.Objects.Credentials
[ 41 of 366] Compiling GI.Gio.Objects.Emblem[boot]
[ 42 of 366] Compiling GI.Gio.Objects.Emblem
[ 43 of 366] Compiling GI.Gio.Objects.EmblemedIcon[boot]
[ 44 of 366] Compiling GI.Gio.Objects.EmblemedIcon
[ 45 of 366] Compiling GI.Gio.Objects.FilenameCompleter[boot]
[ 46 of 366] Compiling GI.Gio.Objects.FilenameCompleter
[ 47 of 366] Compiling GI.Gio.Objects.InetAddress[boot]
[ 48 of 366] Compiling GI.Gio.Objects.InetAddress
[ 49 of 366] Compiling GI.Gio.Objects.InetAddressMask[boot]
[ 50 of 366] Compiling GI.Gio.Objects.InetAddressMask
[ 51 of 366] Compiling GI.Gio.Objects.ListStore[boot]
[ 52 of 366] Compiling GI.Gio.Objects.ListStore
[ 53 of 366] Compiling GI.Gio.Objects.MenuAttributeIter[boot]
[ 54 of 366] Compiling GI.Gio.Objects.MenuAttributeIter
[ 55 of 366] Compiling GI.Gio.Objects.MenuLinkIter[boot]
[ 56 of 366] Compiling GI.Gio.Objects.MenuModel[boot]
[ 57 of 366] Compiling GI.Gio.Objects.MenuModel
[ 58 of 366] Compiling GI.Gio.Objects.MenuLinkIter
[ 59 of 366] Compiling GI.Gio.Objects.MenuItem[boot]
[ 60 of 366] Compiling GI.Gio.Objects.MenuItem
[ 61 of 366] Compiling GI.Gio.Objects.Menu[boot]
[ 62 of 366] Compiling GI.Gio.Objects.Menu
[ 63 of 366] Compiling GI.Gio.Objects.MountOperation[boot]
[ 64 of 366] Compiling GI.Gio.Objects.MountOperation
[ 65 of 366] Compiling GI.Gio.Objects.Notification[boot]
[ 66 of 366] Compiling GI.Gio.Objects.Notification
[ 67 of 366] Compiling GI.Gio.Objects.PropertyAction[boot]
[ 68 of 366] Compiling GI.Gio.Objects.PropertyAction
[ 69 of 366] Compiling GI.Gio.Objects.SettingsBackend[boot]
[ 70 of 366] Compiling GI.Gio.Objects.SettingsBackend
[ 71 of 366] Compiling GI.Gio.Objects.SimpleAction[boot]
[ 72 of 366] Compiling GI.Gio.Objects.SimpleAction
[ 73 of 366] Compiling GI.Gio.Objects.SocketControlMessage[boot]
[ 74 of 366] Compiling GI.Gio.Objects.SocketControlMessage
[ 75 of 366] Compiling GI.Gio.Objects.TestDBus[boot]
[ 76 of 366] Compiling GI.Gio.Objects.TestDBus
[ 77 of 366] Compiling GI.Gio.Objects.ThemedIcon[boot]
[ 78 of 366] Compiling GI.Gio.Objects.ThemedIcon
[ 79 of 366] Compiling GI.Gio.Objects.TlsPassword[boot]
[ 80 of 366] Compiling GI.Gio.Objects.TlsPassword
[ 81 of 366] Compiling GI.Gio.Objects.UnixCredentialsMessage[boot]
[ 82 of 366] Compiling GI.Gio.Objects.UnixCredentialsMessage
[ 83 of 366] Compiling GI.Gio.Objects.UnixFDList[boot]
[ 84 of 366] Compiling GI.Gio.Objects.UnixFDList
[ 85 of 366] Compiling GI.Gio.Objects.DBusMessage[boot]
[ 86 of 366] Compiling GI.Gio.Objects.DBusMessage
[ 87 of 366] Compiling GI.Gio.Objects.UnixFDMessage[boot]
[ 88 of 366] Compiling GI.Gio.Objects.UnixFDMessage
[ 89 of 366] Compiling GI.Gio.Objects.UnixMountMonitor[boot]
[ 90 of 366] Compiling GI.Gio.Objects.UnixMountMonitor
[ 91 of 366] Compiling GI.Gio.Structs.DBusAnnotationInfo[boot]
[ 92 of 366] Compiling GI.Gio.Structs.DBusAnnotationInfo
[ 93 of 366] Compiling GI.Gio.Structs.DBusArgInfo[boot]
[ 94 of 366] Compiling GI.Gio.Structs.DBusArgInfo
[ 95 of 366] Compiling GI.Gio.Structs.DBusErrorEntry[boot]
[ 96 of 366] Compiling GI.Gio.Structs.DBusErrorEntry
[ 97 of 366] Compiling GI.Gio.Structs.DBusMethodInfo[boot]
[ 98 of 366] Compiling GI.Gio.Structs.DBusMethodInfo
[ 99 of 366] Compiling GI.Gio.Structs.DBusPropertyInfo[boot]
[100 of 366] Compiling GI.Gio.Structs.DBusPropertyInfo
[101 of 366] Compiling GI.Gio.Structs.DBusSignalInfo[boot]
[102 of 366] Compiling GI.Gio.Structs.DBusSignalInfo
[103 of 366] Compiling GI.Gio.Structs.DBusInterfaceInfo[boot]
[104 of 366] Compiling GI.Gio.Structs.DBusInterfaceInfo
[105 of 366] Compiling GI.Gio.Structs.DBusNodeInfo[boot]
[106 of 366] Compiling GI.Gio.Structs.DBusNodeInfo
[107 of 366] Compiling GI.Gio.Interfaces.DBusObject[boot]
[108 of 366] Compiling GI.Gio.Interfaces.DBusInterface[boot]
[109 of 366] Compiling GI.Gio.Interfaces.DBusInterface
[110 of 366] Compiling GI.Gio.Interfaces.DBusObject
[111 of 366] Compiling GI.Gio.Interfaces.DBusObjectManager[boot]
[112 of 366] Compiling GI.Gio.Interfaces.DBusObjectManager
[113 of 366] Compiling GI.Gio.Structs.FileAttributeInfo[boot]
[114 of 366] Compiling GI.Gio.Structs.FileAttributeInfo
[115 of 366] Compiling GI.Gio.Structs.FileAttributeInfoList[boot]
[116 of 366] Compiling GI.Gio.Structs.FileAttributeInfoList
[117 of 366] Compiling GI.Gio.Structs.FileAttributeMatcher[boot]
[118 of 366] Compiling GI.Gio.Structs.FileAttributeMatcher
[119 of 366] Compiling GI.Gio.Objects.FileInfo[boot]
[120 of 366] Compiling GI.Gio.Objects.FileInfo
[121 of 366] Compiling GI.Gio.Objects.ZlibDecompressor[boot]
[122 of 366] Compiling GI.Gio.Objects.ZlibDecompressor
[123 of 366] Compiling GI.Gio.Objects.ZlibCompressor[boot]
[124 of 366] Compiling GI.Gio.Objects.ZlibCompressor
[125 of 366] Compiling GI.Gio.Structs.IOExtension[boot]
[126 of 366] Compiling GI.Gio.Structs.IOExtension
[127 of 366] Compiling GI.Gio.Structs.IOExtensionPoint[boot]
[128 of 366] Compiling GI.Gio.Structs.IOExtensionPoint
[129 of 366] Compiling GI.Gio.Structs.IOModuleScope[boot]
[130 of 366] Compiling GI.Gio.Structs.IOModuleScope
[131 of 366] Compiling GI.Gio.Structs.IOSchedulerJob[boot]
[132 of 366] Compiling GI.Gio.Structs.IOSchedulerJob
[133 of 366] Compiling GI.Gio.Structs.IOStreamAdapter[boot]
[134 of 366] Compiling GI.Gio.Structs.IOStreamAdapter
[135 of 366] Compiling GI.Gio.Structs.InputVector[boot]
[136 of 366] Compiling GI.Gio.Structs.InputVector
[137 of 366] Compiling GI.Gio.Structs.OutputVector[boot]
[138 of 366] Compiling GI.Gio.Structs.OutputVector
[139 of 366] Compiling GI.Gio.Objects.DBusMethodInvocation[boot]
[140 of 366] Compiling GI.Gio.Objects.DBusObjectProxy[boot]
[141 of 366] Compiling GI.Gio.Interfaces.AsyncInitable[boot]
[142 of 366] Compiling GI.Gio.Objects.DBusAuthObserver[boot]
[143 of 366] Compiling GI.Gio.Structs.DBusSubtreeVTable[boot]
[144 of 366] Compiling GI.Gio.Objects.DBusConnection[boot]
[145 of 366] Compiling GI.Gio.Objects.DBusObjectProxy
[146 of 366] Compiling GI.Gio.Objects.DBusMethodInvocation
[147 of 366] Compiling GI.Gio.Objects.DBusProxy[boot]
[148 of 366] Compiling GI.Gio.Objects.DBusObjectManagerClient[boot]
[149 of 366] Compiling GI.Gio.Objects.DesktopAppInfo[boot]
[150 of 366] Compiling GI.Gio.Objects.SimpleAsyncResult[boot]
[151 of 366] Compiling GI.Gio.Interfaces.DatagramBased[boot]
[152 of 366] Compiling GI.Gio.Objects.SocketConnection[boot]
[153 of 366] Compiling GI.Gio.Structs.InputMessage[boot]
[154 of 366] Compiling GI.Gio.Objects.SocketAddressEnumerator[boot]
[155 of 366] Compiling GI.Gio.Interfaces.SocketConnectable[boot]
[156 of 366] Compiling GI.Gio.Interfaces.SocketConnectable
[157 of 366] Compiling GI.Gio.Objects.SocketAddress[boot]
[158 of 366] Compiling GI.Gio.Objects.SocketAddress
[159 of 366] Compiling GI.Gio.Structs.InputMessage
[160 of 366] Compiling GI.Gio.Structs.OutputMessage[boot]
[161 of 366] Compiling GI.Gio.Structs.OutputMessage
[162 of 366] Compiling GI.Gio.Interfaces.DatagramBased
[163 of 366] Compiling GI.Gio.Objects.Socket[boot]
[164 of 366] Compiling GI.Gio.Objects.Socket
[165 of 366] Compiling GI.Gio.Objects.Task[boot]
[166 of 366] Compiling GI.Gio.Objects.AppLaunchContext[boot]
[167 of 366] Compiling GI.Gio.Interfaces.AppInfo[boot]
[168 of 366] Compiling GI.Gio.Interfaces.Drive[boot]
[169 of 366] Compiling GI.Gio.Interfaces.Volume[boot]
[170 of 366] Compiling GI.Gio.Interfaces.Mount[boot]
[171 of 366] Compiling GI.Gio.Objects.FileEnumerator[boot]
[172 of 366] Compiling GI.Gio.Objects.IOStream[boot]
[173 of 366] Compiling GI.Gio.Objects.DBusAuthObserver
[174 of 366] Compiling GI.Gio.Objects.FileIOStream[boot]
[175 of 366] Compiling GI.Gio.Objects.FileInputStream[boot]
[176 of 366] Compiling GI.Gio.Objects.FileMonitor[boot]
[177 of 366] Compiling GI.Gio.Objects.FileOutputStream[boot]
[178 of 366] Compiling GI.Gio.Interfaces.File[boot]
[179 of 366] Compiling GI.Gio.Objects.FileMonitor
[180 of 366] Compiling GI.Gio.Objects.AppLaunchContext
[181 of 366] Compiling GI.Gio.Objects.Vfs[boot]
[182 of 366] Compiling GI.Gio.Structs.DBusInterfaceVTable[boot]
[183 of 366] Compiling GI.Gio.Callbacks
[184 of 366] Compiling GI.Gio.Objects.Vfs
[185 of 366] Compiling GI.Gio.Interfaces.File
[186 of 366] Compiling GI.Gio.Objects.FileIOStream
[187 of 366] Compiling GI.Gio.Objects.FileEnumerator
[188 of 366] Compiling GI.Gio.Interfaces.Mount
[189 of 366] Compiling GI.Gio.Interfaces.Volume
[190 of 366] Compiling GI.Gio.Interfaces.Drive
[191 of 366] Compiling GI.Gio.Interfaces.AppInfo
[192 of 366] Compiling GI.Gio.Objects.Task
[193 of 366] Compiling GI.Gio.Objects.SocketAddressEnumerator
[194 of 366] Compiling GI.Gio.Objects.SocketConnection
[195 of 366] Compiling GI.Gio.Objects.SimpleAsyncResult
[196 of 366] Compiling GI.Gio.Objects.DesktopAppInfo
[197 of 366] Compiling GI.Gio.Objects.DBusObjectManagerClient
[198 of 366] Compiling GI.Gio.Objects.DBusProxy
[199 of 366] Compiling GI.Gio.Objects.DBusConnection
[200 of 366] Compiling GI.Gio.Structs.DBusSubtreeVTable
[201 of 366] Compiling GI.Gio.Interfaces.AsyncInitable
[202 of 366] Compiling GI.Gio.Structs.DBusInterfaceVTable
[203 of 366] Compiling GI.Gio.Objects.InputStream[boot]
[204 of 366] Compiling GI.Gio.Objects.InputStream
[205 of 366] Compiling GI.Gio.Objects.FileInputStream
[206 of 366] Compiling GI.Gio.Objects.OutputStream[boot]
[207 of 366] Compiling GI.Gio.Objects.OutputStream
[208 of 366] Compiling GI.Gio.Objects.FileOutputStream
[209 of 366] Compiling GI.Gio.Objects.IOStream
[210 of 366] Compiling GI.Gio.Objects.FilterOutputStream[boot]
[211 of 366] Compiling GI.Gio.Objects.FilterOutputStream
[212 of 366] Compiling GI.Gio.Structs.ActionEntry[boot]
[213 of 366] Compiling GI.Gio.Structs.ActionEntry
[214 of 366] Compiling GI.Gio.Interfaces.ActionMap[boot]
[215 of 366] Compiling GI.Gio.Interfaces.ActionMap
[216 of 366] Compiling GI.Gio.Objects.SimpleActionGroup[boot]
[217 of 366] Compiling GI.Gio.Objects.SimpleActionGroup
[218 of 366] Compiling GI.Gio.Objects.TlsCertificate[boot]
[219 of 366] Compiling GI.Gio.Objects.TlsCertificate
[220 of 366] Compiling GI.Gio.Objects.UnixSocketAddress[boot]
[221 of 366] Compiling GI.Gio.Objects.UnixSocketAddress
[222 of 366] Compiling GI.Gio.Objects.NetworkService[boot]
[223 of 366] Compiling GI.Gio.Objects.NetworkService
[224 of 366] Compiling GI.Gio.Objects.NetworkAddress[boot]
[225 of 366] Compiling GI.Gio.Objects.NetworkAddress
[226 of 366] Compiling GI.Gio.Objects.NativeSocketAddress[boot]
[227 of 366] Compiling GI.Gio.Objects.NativeSocketAddress
[228 of 366] Compiling GI.Gio.Objects.InetSocketAddress[boot]
[229 of 366] Compiling GI.Gio.Objects.InetSocketAddress
[230 of 366] Compiling GI.Gio.Objects.ProxyAddress[boot]
[231 of 366] Compiling GI.Gio.Objects.ProxyAddress
[232 of 366] Compiling GI.Gio.Objects.Permission[boot]
[233 of 366] Compiling GI.Gio.Objects.Permission
[234 of 366] Compiling GI.Gio.Objects.SimplePermission[boot]
[235 of 366] Compiling GI.Gio.Objects.SimplePermission
[236 of 366] Compiling GI.Gio.Objects.Subprocess[boot]
[237 of 366] Compiling GI.Gio.Objects.Subprocess
[238 of 366] Compiling GI.Gio.Objects.SubprocessLauncher[boot]
[239 of 366] Compiling GI.Gio.Objects.SubprocessLauncher
[240 of 366] Compiling GI.Gio.Objects.FilterInputStream[boot]
[241 of 366] Compiling GI.Gio.Objects.FilterInputStream
[242 of 366] Compiling GI.Gio.Objects.ApplicationCommandLine[boot]
[243 of 366] Compiling GI.Gio.Objects.ApplicationCommandLine
[244 of 366] Compiling GI.Gio.Interfaces.PollableInputStream[boot]
[245 of 366] Compiling GI.Gio.Interfaces.PollableInputStream
[246 of 366] Compiling GI.Gio.Objects.UnixInputStream[boot]
[247 of 366] Compiling GI.Gio.Objects.UnixInputStream
[248 of 366] Compiling GI.Gio.Objects.MemoryInputStream[boot]
[249 of 366] Compiling GI.Gio.Objects.MemoryInputStream
[250 of 366] Compiling GI.Gio.Objects.ConverterInputStream[boot]
[251 of 366] Compiling GI.Gio.Objects.ConverterInputStream
[252 of 366] Compiling GI.Gio.Objects.TlsDatabase[boot]
[253 of 366] Compiling GI.Gio.Objects.TlsInteraction[boot]
[254 of 366] Compiling GI.Gio.Objects.TlsDatabase
[255 of 366] Compiling GI.Gio.Objects.TlsConnection[boot]
[256 of 366] Compiling GI.Gio.Objects.TlsConnection
[257 of 366] Compiling GI.Gio.Objects.TlsInteraction
[258 of 366] Compiling GI.Gio.Interfaces.TlsFileDatabase[boot]
[259 of 366] Compiling GI.Gio.Interfaces.TlsFileDatabase
[260 of 366] Compiling GI.Gio.Interfaces.TlsBackend[boot]
[261 of 366] Compiling GI.Gio.Interfaces.TlsBackend
[262 of 366] Compiling GI.Gio.Objects.UnixConnection[boot]
[263 of 366] Compiling GI.Gio.Objects.UnixConnection
[264 of 366] Compiling GI.Gio.Objects.TcpConnection[boot]
[265 of 366] Compiling GI.Gio.Objects.TcpConnection
[266 of 366] Compiling GI.Gio.Objects.TcpWrapperConnection[boot]
[267 of 366] Compiling GI.Gio.Objects.TcpWrapperConnection
[268 of 366] Compiling GI.Gio.Objects.SocketListener[boot]
[269 of 366] Compiling GI.Gio.Objects.SocketListener
[270 of 366] Compiling GI.Gio.Objects.SocketService[boot]
[271 of 366] Compiling GI.Gio.Objects.SocketService
[272 of 366] Compiling GI.Gio.Objects.ThreadedSocketService[boot]
[273 of 366] Compiling GI.Gio.Objects.ThreadedSocketService
[274 of 366] Compiling GI.Gio.Objects.SimpleIOStream[boot]
[275 of 366] Compiling GI.Gio.Objects.SimpleIOStream
[276 of 366] Compiling GI.Gio.Interfaces.TlsServerConnection[boot]
[277 of 366] Compiling GI.Gio.Interfaces.TlsServerConnection
[278 of 366] Compiling GI.Gio.Interfaces.TlsClientConnection[boot]
[279 of 366] Compiling GI.Gio.Interfaces.TlsClientConnection
[280 of 366] Compiling GI.Gio.Objects.BufferedInputStream[boot]
[281 of 366] Compiling GI.Gio.Objects.BufferedInputStream
[282 of 366] Compiling GI.Gio.Objects.DataInputStream[boot]
[283 of 366] Compiling GI.Gio.Objects.DataInputStream
[284 of 366] Compiling GI.Gio.Interfaces.ProxyResolver[boot]
[285 of 366] Compiling GI.Gio.Interfaces.ProxyResolver
[286 of 366] Compiling GI.Gio.Objects.SocketClient[boot]
[287 of 366] Compiling GI.Gio.Objects.SocketClient
[288 of 366] Compiling GI.Gio.Objects.SimpleProxyResolver[boot]
[289 of 366] Compiling GI.Gio.Objects.SimpleProxyResolver
[290 of 366] Compiling GI.Gio.Objects.ProxyAddressEnumerator[boot]
[291 of 366] Compiling GI.Gio.Objects.ProxyAddressEnumerator
[292 of 366] Compiling GI.Gio.Interfaces.Proxy[boot]
[293 of 366] Compiling GI.Gio.Interfaces.Proxy
[294 of 366] Compiling GI.Gio.Interfaces.NetworkMonitor[boot]
[295 of 366] Compiling GI.Gio.Interfaces.NetworkMonitor
[296 of 366] Compiling GI.Gio.Interfaces.LoadableIcon[boot]
[297 of 366] Compiling GI.Gio.Interfaces.LoadableIcon
[298 of 366] Compiling GI.Gio.Objects.FileIcon[boot]
[299 of 366] Compiling GI.Gio.Objects.FileIcon
[300 of 366] Compiling GI.Gio.Objects.BytesIcon[boot]
[301 of 366] Compiling GI.Gio.Objects.BytesIcon
[302 of 366] Compiling GI.Gio.Interfaces.DtlsConnection[boot]
[303 of 366] Compiling GI.Gio.Interfaces.DtlsConnection
[304 of 366] Compiling GI.Gio.Interfaces.DtlsServerConnection[boot]
[305 of 366] Compiling GI.Gio.Interfaces.DtlsServerConnection
[306 of 366] Compiling GI.Gio.Interfaces.DtlsClientConnection[boot]
[307 of 366] Compiling GI.Gio.Interfaces.DtlsClientConnection
[308 of 366] Compiling GI.Gio.Objects.VolumeMonitor[boot]
[309 of 366] Compiling GI.Gio.Objects.VolumeMonitor
[310 of 366] Compiling GI.Gio.Objects.NativeVolumeMonitor[boot]
[311 of 366] Compiling GI.Gio.Objects.NativeVolumeMonitor
[312 of 366] Compiling GI.Gio.Objects.DBusServer[boot]
[313 of 366] Compiling GI.Gio.Objects.DBusServer
[314 of 366] Compiling GI.Gio.Objects.DebugControllerDBus[boot]
[315 of 366] Compiling GI.Gio.Objects.DebugControllerDBus
[316 of 366] Compiling GI.Gio.Objects.DBusMenuModel[boot]
[317 of 366] Compiling GI.Gio.Objects.DBusMenuModel
[318 of 366] Compiling GI.Gio.Objects.DBusInterfaceSkeleton[boot]
[319 of 366] Compiling GI.Gio.Objects.DBusInterfaceSkeleton
[320 of 366] Compiling GI.Gio.Objects.DBusObjectSkeleton[boot]
[321 of 366] Compiling GI.Gio.Objects.DBusObjectSkeleton
[322 of 366] Compiling GI.Gio.Objects.DBusObjectManagerServer[boot]
[323 of 366] Compiling GI.Gio.Objects.DBusObjectManagerServer
[324 of 366] Compiling GI.Gio.Objects.DBusActionGroup[boot]
[325 of 366] Compiling GI.Gio.Objects.DBusActionGroup
[326 of 366] Compiling GI.Gio.Objects.Application[boot]
[327 of 366] Compiling GI.Gio.Objects.Application
[328 of 366] Compiling GI.Gio.Interfaces.DesktopAppInfoLookup[boot]
[329 of 366] Compiling GI.Gio.Interfaces.DesktopAppInfoLookup
[330 of 366] Compiling GI.Gio.Objects.DataOutputStream[boot]
[331 of 366] Compiling GI.Gio.Objects.DataOutputStream
[332 of 366] Compiling GI.Gio.Objects.BufferedOutputStream[boot]
[333 of 366] Compiling GI.Gio.Objects.BufferedOutputStream
[334 of 366] Compiling GI.Gio.Interfaces.PollableOutputStream[boot]
[335 of 366] Compiling GI.Gio.Interfaces.PollableOutputStream
[336 of 366] Compiling GI.Gio.Objects.UnixOutputStream[boot]
[337 of 366] Compiling GI.Gio.Objects.UnixOutputStream
[338 of 366] Compiling GI.Gio.Objects.MemoryOutputStream[boot]
[339 of 366] Compiling GI.Gio.Objects.MemoryOutputStream
[340 of 366] Compiling GI.Gio.Objects.ConverterOutputStream[boot]
[341 of 366] Compiling GI.Gio.Objects.ConverterOutputStream
[342 of 366] Compiling GI.Gio.Interfaces
[343 of 366] Compiling GI.Gio.Structs.Resource[boot]
[344 of 366] Compiling GI.Gio.Structs.Resource
[345 of 366] Compiling GI.Gio.Structs.SettingsSchemaKey[boot]
[346 of 366] Compiling GI.Gio.Structs.SettingsSchemaKey
[347 of 366] Compiling GI.Gio.Structs.SettingsSchema[boot]
[348 of 366] Compiling GI.Gio.Structs.SettingsSchema
[349 of 366] Compiling GI.Gio.Objects.Settings[boot]
[350 of 366] Compiling GI.Gio.Objects.Settings
[351 of 366] Compiling GI.Gio.Structs.SettingsSchemaSource[boot]
[352 of 366] Compiling GI.Gio.Structs.SettingsSchemaSource
[353 of 366] Compiling GI.Gio.Structs.SrvTarget[boot]
[354 of 366] Compiling GI.Gio.Structs.SrvTarget
[355 of 366] Compiling GI.Gio.Objects.Resolver[boot]
[356 of 366] Compiling GI.Gio.Objects.Resolver
[357 of 366] Compiling GI.Gio.Objects
[358 of 366] Compiling GI.Gio.Structs.StaticResource[boot]
[359 of 366] Compiling GI.Gio.Structs.StaticResource
[360 of 366] Compiling GI.Gio.Structs.UnixMountEntry[boot]
[361 of 366] Compiling GI.Gio.Structs.UnixMountEntry
[362 of 366] Compiling GI.Gio.Structs.UnixMountPoint[boot]
[363 of 366] Compiling GI.Gio.Structs.UnixMountPoint
[364 of 366] Compiling GI.Gio.Structs
[365 of 366] Compiling GI.Gio.Functions
[366 of 366] Compiling GI.Gio
