Resolving dependencies...
Build profile: -w ghc-9.10.2 -O1
In order, the following will be built (use -v for more details):
 - hslogger-1.3.1.2 (lib) (first run)
 - hslogger-1.3.1.2 (test:runtests) (first run)
Configuring library for hslogger-1.3.1.2...
Preprocessing library for hslogger-1.3.1.2...
Building library for hslogger-1.3.1.2...
[1 of 9] Compiling System.Log
[2 of 9] Compiling System.Log.Formatter
[3 of 9] Compiling System.Log.Handler
[4 of 9] Compiling System.Log.Handler.Simple
[5 of 9] Compiling System.Log.Handler.Log4jXML
[6 of 9] Compiling System.Log.Logger
src/System/Log/Logger.hs:375:26: warning: [GHC-63394] [-Wx-partial]
    In the use of ‘head’
    (imported from Prelude, but defined in GHC.Internal.List):
    "This is a partial function, it throws an error on empty lists. Use pattern matching, 'Data.List.uncons' or 'Data.Maybe.listToMaybe' instead. Consider refactoring to use "Data.List.NonEmpty"."
    |
375 |             let pname = (head . drop 1 . reverse . componentsOfName) name'
    |                          ^^^^

src/System/Log/Logger.hs:431:35: warning: [GHC-63394] [-Wx-partial]
    In the use of ‘tail’
    (imported from Prelude, but defined in GHC.Internal.List):
    "This is a partial function, it throws an error on empty lists. Replace it with 'drop' 1, or use pattern matching or 'GHC.Internal.Data.List.uncons' instead. Consider refactoring to use "Data.List.NonEmpty"."
    |
431 |                _  -> l{handlers = tail hs}
    |                                   ^^^^

[7 of 9] Compiling UTF8
[8 of 9] Compiling System.Log.Handler.Syslog
src/System/Log/Handler/Syslog.hs:223:37: warning: [GHC-63394] [-Wx-partial]
    In the use of ‘head’
    (imported from Prelude, but defined in GHC.Internal.List):
    "This is a partial function, it throws an error on empty lists. Use pattern matching, 'Data.List.uncons' or 'Data.Maybe.listToMaybe' instead. Consider refactoring to use "Data.List.NonEmpty"."
    |
223 |     let addr = S.SockAddrInet port (head (S.hostAddresses he))
    |                                     ^^^^

[9 of 9] Compiling System.Log.Handler.Growl
Configuring test suite 'runtests' for hslogger-1.3.1.2...
Preprocessing test suite 'runtests' for hslogger-1.3.1.2...
Building test suite 'runtests' for hslogger-1.3.1.2...
[1 of 2] Compiling Tests
[2 of 2] Compiling Main
[3 of 3] Linking /tmp/workdir-hslogger/hslogger-1.3.1.2/dist-newstyle/build/x86_64-linux/ghc-9.10.2/hslogger-1.3.1.2/t/runtests/build/runtests/runtests
