Resolving dependencies...
Build profile: -w ghc-9.10.2 -O1
In order, the following will be built (use -v for more details):
 - cabal2nix-2.20.1 (lib) (first run)
 - cabal2nix-2.20.1 (exe:hackage2nix) (first run)
 - cabal2nix-2.20.1 (exe:cabal2nix) (first run)
 - cabal2nix-2.20.1 (test:regression-test) (first run)
Configuring library for cabal2nix-2.20.1...
Preprocessing library for cabal2nix-2.20.1...
Building library for cabal2nix-2.20.1...
[ 1 of 19] Compiling Distribution.Nixpkgs.Color
[ 2 of 19] Compiling Distribution.Nixpkgs.Fetch
src/Distribution/Nixpkgs/Fetch.hs:266:72: warning: [GHC-63394] [-Wx-partial]
    In the use of ‘head’
    (imported from Prelude, but defined in GHC.Internal.List):
    "This is a partial function, it throws an error on empty lists. Use pattern matching, 'Data.List.uncons' or 'Data.Maybe.listToMaybe' instead. Consider refactoring to use "Data.List.NonEmpty"."
    |
266 |                                               , derivHash = BS.unpack (head ls)
    |                                                                        ^^^^

[ 3 of 19] Compiling Distribution.Nixpkgs.Haskell.BuildInfo
[ 4 of 19] Compiling Distribution.Nixpkgs.Haskell.FromCabal.License
[ 5 of 19] Compiling Distribution.Nixpkgs.Haskell.FromCabal.Name
[ 6 of 19] Compiling Distribution.Nixpkgs.Haskell.Hackage
[ 7 of 19] Compiling Distribution.Nixpkgs.Haskell.OrphanInstances
[ 8 of 19] Compiling Distribution.Nixpkgs.Haskell.FromCabal.Flags
[ 9 of 19] Compiling Distribution.Nixpkgs.Haskell.Derivation
[10 of 19] Compiling Distribution.Nixpkgs.Haskell
[11 of 19] Compiling Distribution.Nixpkgs.Haskell.FromCabal.PostProcess
[12 of 19] Compiling Distribution.Nixpkgs.Haskell.FromCabal.Normalize
[13 of 19] Compiling Distribution.Nixpkgs.Haskell.Constraint
[14 of 19] Compiling Distribution.Nixpkgs.Haskell.FromCabal.Configuration
[15 of 19] Compiling Distribution.Nixpkgs.Haskell.FromCabal
[16 of 19] Compiling Distribution.Nixpkgs.Haskell.PackageSourceSpec
[17 of 19] Compiling Distribution.Nixpkgs.Haskell.Platform
[18 of 19] Compiling Paths_cabal2nix
[19 of 19] Compiling Cabal2nix
src/Cabal2nix.hs:41:1: warning: [GHC-15328] [-Wdeprecations]
    Module ‘Text.PrettyPrint.ANSI.Leijen’ is deprecated:
      "Compatibility module for users of ansi-wl-pprint - use \"Prettyprinter\" instead"
   |
41 | import qualified Text.PrettyPrint.ANSI.Leijen as P2
   | ^^^^^^^^^^^^^^^^^^^^^^^^^^^^^^^^^^^^^^^^^^^^^^^^^^^

src/Cabal2nix.hs:150:31: warning: [GHC-68441] [-Wdeprecations]
    In the use of ‘vcat’ (imported from Text.PrettyPrint.ANSI.Leijen):
    Deprecated: "Compatibility module for users of ansi-wl-pprint - use "Prettyprinter" instead"
    |
150 |         <> progDescDoc (Just (P2.vcat
    |                               ^^^^^^^

src/Cabal2nix.hs:151:24: warning: [GHC-68441] [-Wdeprecations]
    In the use of ‘text’ (imported from Text.PrettyPrint.ANSI.Leijen):
    Deprecated: "Compatibility module for users of ansi-wl-pprint - use "Prettyprinter" instead"
    |
151 |                      [ P2.text ""
    |                        ^^^^^^^

src/Cabal2nix.hs:152:24: warning: [GHC-68441] [-Wdeprecations]
    In the use of ‘text’ (imported from Text.PrettyPrint.ANSI.Leijen):
    Deprecated: "Compatibility module for users of ansi-wl-pprint - use "Prettyprinter" instead"
    |
152 |                      , P2.text "Recognized URI schemes:"
    |                        ^^^^^^^

src/Cabal2nix.hs:153:24: warning: [GHC-68441] [-Wdeprecations]
    In the use of ‘text’ (imported from Text.PrettyPrint.ANSI.Leijen):
    Deprecated: "Compatibility module for users of ansi-wl-pprint - use "Prettyprinter" instead"
    |
153 |                      , P2.text ""
    |                        ^^^^^^^

src/Cabal2nix.hs:154:24: warning: [GHC-68441] [-Wdeprecations]
    In the use of ‘text’ (imported from Text.PrettyPrint.ANSI.Leijen):
    Deprecated: "Compatibility module for users of ansi-wl-pprint - use "Prettyprinter" instead"
    |
154 |                      , P2.text "  cabal://pkgname-pkgversion     download the specified package from Hackage"
    |                        ^^^^^^^

src/Cabal2nix.hs:155:24: warning: [GHC-68441] [-Wdeprecations]
    In the use of ‘text’ (imported from Text.PrettyPrint.ANSI.Leijen):
    Deprecated: "Compatibility module for users of ansi-wl-pprint - use "Prettyprinter" instead"
    |
155 |                      , P2.text "  cabal://pkgname                download latest version of this package from Hackage"
    |                        ^^^^^^^

src/Cabal2nix.hs:156:24: warning: [GHC-68441] [-Wdeprecations]
    In the use of ‘text’ (imported from Text.PrettyPrint.ANSI.Leijen):
    Deprecated: "Compatibility module for users of ansi-wl-pprint - use "Prettyprinter" instead"
    |
156 |                      , P2.text "  file:///local/path             load the Cabal file from the local disk"
    |                        ^^^^^^^

src/Cabal2nix.hs:157:24: warning: [GHC-68441] [-Wdeprecations]
    In the use of ‘text’ (imported from Text.PrettyPrint.ANSI.Leijen):
    Deprecated: "Compatibility module for users of ansi-wl-pprint - use "Prettyprinter" instead"
    |
157 |                      , P2.text "  /local/path                    abbreviated version of file URI"
    |                        ^^^^^^^

src/Cabal2nix.hs:158:24: warning: [GHC-68441] [-Wdeprecations]
    In the use of ‘text’ (imported from Text.PrettyPrint.ANSI.Leijen):
    Deprecated: "Compatibility module for users of ansi-wl-pprint - use "Prettyprinter" instead"
    |
158 |                      , P2.text "  <git/svn/bzr/hg URL>           download the source from the specified repository"
    |                        ^^^^^^^

src/Cabal2nix.hs:159:24: warning: [GHC-68441] [-Wdeprecations]
    In the use of ‘text’ (imported from Text.PrettyPrint.ANSI.Leijen):
    Deprecated: "Compatibility module for users of ansi-wl-pprint - use "Prettyprinter" instead"
    |
159 |                      , P2.text ""
    |                        ^^^^^^^

src/Cabal2nix.hs:160:24: warning: [GHC-68441] [-Wdeprecations]
    In the use of ‘fillSep’
    (imported from Text.PrettyPrint.ANSI.Leijen):
    Deprecated: "Compatibility module for users of ansi-wl-pprint - use "Prettyprinter" instead"
    |
160 |                      , P2.fillSep (map P2.text (words (  "If the URI refers to a cabal file, information for building the package "
    |                        ^^^^^^^^^^

src/Cabal2nix.hs:160:40: warning: [GHC-68441] [-Wdeprecations]
    In the use of ‘text’ (imported from Text.PrettyPrint.ANSI.Leijen):
    Deprecated: "Compatibility module for users of ansi-wl-pprint - use "Prettyprinter" instead"
    |
160 |                      , P2.fillSep (map P2.text (words (  "If the URI refers to a cabal file, information for building the package "
    |                                        ^^^^^^^

Configuring executable 'hackage2nix' for cabal2nix-2.20.1...
Preprocessing executable 'hackage2nix' for cabal2nix-2.20.1...
Building executable 'hackage2nix' for cabal2nix-2.20.1...
[1 of 3] Compiling HackageGit
hackage2nix/HackageGit.hs:41:77: warning: [GHC-63394] [-Wx-partial]
    In the use of ‘head’
    (imported from Prelude, but defined in GHC.Internal.List):
    "This is a partial function, it throws an error on empty lists. Use pattern matching, 'Data.List.uncons' or 'Data.Maybe.listToMaybe' instead. Consider refactoring to use "Data.List.NonEmpty"."
   |
41 |   getDirectoryContents path >>= filterM isDirectory . Prelude.filter (\x -> head x /= '.')
   |                                                                             ^^^^

[2 of 3] Compiling Paths_cabal2nix
[3 of 3] Compiling Main
[4 of 4] Linking /tmp/workdir-cabal2nix/cabal2nix-2.20.1/dist-newstyle/build/x86_64-linux/ghc-9.10.2/cabal2nix-2.20.1/x/hackage2nix/build/hackage2nix/hackage2nix
Configuring executable 'cabal2nix' for cabal2nix-2.20.1...
Preprocessing executable 'cabal2nix' for cabal2nix-2.20.1...
Building executable 'cabal2nix' for cabal2nix-2.20.1...
[1 of 1] Compiling Main
[2 of 2] Linking /tmp/workdir-cabal2nix/cabal2nix-2.20.1/dist-newstyle/build/x86_64-linux/ghc-9.10.2/cabal2nix-2.20.1/x/cabal2nix/build/cabal2nix/cabal2nix
Configuring test suite 'regression-test' for cabal2nix-2.20.1...
Preprocessing test suite 'regression-test' for cabal2nix-2.20.1...
Building test suite 'regression-test' for cabal2nix-2.20.1...
[1 of 1] Compiling Main
[2 of 2] Linking /tmp/workdir-cabal2nix/cabal2nix-2.20.1/dist-newstyle/build/x86_64-linux/ghc-9.10.2/cabal2nix-2.20.1/t/regression-test/build/regression-test/regression-test
