Resolving dependencies...
Build profile: -w ghc-9.10.2 -O1
In order, the following will be built (use -v for more details):
 - servant-0.20.3.0 (lib) (first run)
 - servant-0.20.3.0 (test:spec) (first run)
Configuring library for servant-0.20.3.0...
Preprocessing library for servant-0.20.3.0...
Building library for servant-0.20.3.0...
[ 1 of 41] Compiling Servant.API.Alternative
[ 2 of 41] Compiling Servant.API.BasicAuth
[ 3 of 41] Compiling Servant.API.Capture
[ 4 of 41] Compiling Servant.API.ContentTypes
[ 5 of 41] Compiling Servant.API.Description
[ 6 of 41] Compiling Servant.API.Empty
[ 7 of 41] Compiling Servant.API.Experimental.Auth
[ 8 of 41] Compiling Servant.API.Fragment
[ 9 of 41] Compiling Servant.API.Generic
[10 of 41] Compiling Servant.API.Host
[11 of 41] Compiling Servant.API.HttpVersion
[12 of 41] Compiling Servant.API.IsSecure
[13 of 41] Compiling Servant.API.Modifiers
[14 of 41] Compiling Servant.API.Header
[15 of 41] Compiling Servant.API.NamedRoutes
[16 of 41] Compiling Servant.API.QueryParam
[17 of 41] Compiling Servant.API.QueryString
[18 of 41] Compiling Servant.API.Raw
[19 of 41] Compiling Servant.API.RemoteHost
[20 of 41] Compiling Servant.API.ReqBody
[21 of 41] Compiling Servant.API.ServerSentEvents
[22 of 41] Compiling Servant.API.Status
[23 of 41] Compiling Servant.API.Sub
[24 of 41] Compiling Servant.API.TypeErrors
[25 of 41] Compiling Servant.API.TypeLevel.List
[26 of 41] Compiling Servant.API.UVerb.Union
[27 of 41] Compiling Servant.API.ResponseHeaders
[28 of 41] Compiling Servant.API.UVerb
[29 of 41] Compiling Servant.API.Vault
[30 of 41] Compiling Servant.API.Verbs
[31 of 41] Compiling Servant.API.TypeLevel
[32 of 41] Compiling Servant.API.WithNamedContext
[33 of 41] Compiling Servant.API.WithResource
[34 of 41] Compiling Servant.Types.Internal.Response
[35 of 41] Compiling Servant.Types.SourceT
[36 of 41] Compiling Servant.API.Stream
[37 of 41] Compiling Servant.API.MultiVerb
[38 of 41] Compiling Servant.Links
[39 of 41] Compiling Servant.API
[40 of 41] Compiling Servant.Test.ComprehensiveAPI
[41 of 41] Compiling Servant.API.Range
Configuring test suite 'spec' for servant-0.20.3.0...
Preprocessing test suite 'spec' for servant-0.20.3.0...
Building test suite 'spec' for servant-0.20.3.0...
[1 of 5] Compiling Servant.API.ContentTypesSpec
[2 of 5] Compiling Servant.API.ResponseHeadersSpec
[3 of 5] Compiling Servant.API.StreamSpec
[4 of 5] Compiling Servant.LinksSpec
[5 of 5] Compiling Main
[6 of 6] Linking /tmp/workdir-servant/servant-0.20.3.0/dist-newstyle/build/x86_64-linux/ghc-9.10.2/servant-0.20.3.0/t/spec/build/spec/spec
