Resolving dependencies...
Build profile: -w ghc-9.10.2 -O1
In order, the following will be built (use -v for more details):
 - gogol-apps-licensing-1.0.0 (lib) (first run)
Configuring library for gogol-apps-licensing-1.0.0...
Warning: [git-protocol] Cloning over git:// might lead to an arbitrary code
execution vulnerability. Furthermore, popular forges like GitHub do not
support it. Use https:// or ssh:// instead.
Preprocessing library for gogol-apps-licensing-1.0.0...
Building library for gogol-apps-licensing-1.0.0...
[ 1 of 11] Compiling Gogol.AppsLicensing.Internal.Sum
[ 2 of 11] Compiling Gogol.AppsLicensing.Internal.Product
[ 3 of 11] Compiling Gogol.AppsLicensing.Types
[ 4 of 11] Compiling Gogol.AppsLicensing.Licensing.LicenseAssignments.Update
[ 5 of 11] Compiling Gogol.AppsLicensing.Licensing.LicenseAssignments.Patch
[ 6 of 11] Compiling Gogol.AppsLicensing.Licensing.LicenseAssignments.ListForProductAndSku
[ 7 of 11] Compiling Gogol.AppsLicensing.Licensing.LicenseAssignments.ListForProduct
[ 8 of 11] Compiling Gogol.AppsLicensing.Licensing.LicenseAssignments.Insert
[ 9 of 11] Compiling Gogol.AppsLicensing.Licensing.LicenseAssignments.Get
[10 of 11] Compiling Gogol.AppsLicensing.Licensing.LicenseAssignments.Delete
[11 of 11] Compiling Gogol.AppsLicensing
