Warning: The package description file ./extensible-exceptions.cabal has
warnings: extensible-exceptions.cabal:30:33: version operators used. To use
version operators the package needs to specify at least 'cabal-version: >=
1.8'.
Warning: The package description file
/tmp/workdir-extensible-exceptions/extensible-exceptions-0.1.1.4/extensible-exceptions.cabal
has warnings:
/tmp/workdir-extensible-exceptions/extensible-exceptions-0.1.1.4/extensible-exceptions.cabal:30:33:
version operators used. To use version operators the package needs to specify
at least 'cabal-version: >= 1.8'.
Resolving dependencies...
Build profile: -w ghc-9.10.2 -O1
In order, the following will be built (use -v for more details):
 - extensible-exceptions-0.1.1.4 (lib:extensible-exceptions) (first run)
Warning: extensible-exceptions.cabal:30:33: version operators used. To use
version operators the package needs to specify at least 'cabal-version: >=
1.8'.
Configuring extensible-exceptions-0.1.1.4...
Preprocessing library for extensible-exceptions-0.1.1.4...
Building library for extensible-exceptions-0.1.1.4...
[1 of 1] Compiling Control.Exception.Extensible
