Resolving dependencies...
Build profile: -w ghc-9.10.2 -O1
In order, the following will be built (use -v for more details):
 - code-conjure-0.7.6 (lib) (first run)
 - code-conjure-0.7.6 (test:utils) (first run)
 - code-conjure-0.7.6 (test:red) (first run)
 - code-conjure-0.7.6 (test:factorial) (first run)
 - code-conjure-0.7.6 (test:expr) (first run)
 - code-conjure-0.7.6 (test:derive) (first run)
 - code-conjure-0.7.6 (test:defn) (first run)
 - code-conjure-0.7.6 (test:conjurable) (first run)
Configuring library for code-conjure-0.7.6...
Preprocessing library for code-conjure-0.7.6...
Building library for code-conjure-0.7.6...
[ 1 of 13] Compiling Conjure.Utils
[ 2 of 13] Compiling Conjure.Expr
[ 3 of 13] Compiling Conjure.Reason
[ 4 of 13] Compiling Conjure.Defn
src/Conjure/Defn.hs:144:33: warning: [GHC-63394] [-Wx-partial]
    In the use of ‘head’
    (imported from Conjure.Expr, but defined in GHC.Internal.List):
    "This is a partial function, it throws an error on empty lists. Use pattern matching, 'Data.List.uncons' or 'Data.Maybe.listToMaybe' instead. Consider refactoring to use "Data.List.NonEmpty"."
    |
144 |   (ef':_)  =  unfoldApp . fst $ head cx
    |                                 ^^^^

[ 5 of 13] Compiling Conjure.Defn.Redundancy
src/Conjure/Defn/Redundancy.hs:77:22: warning: [GHC-63394] [-Wx-partial]
    In the use of ‘tail’
    (imported from Conjure.Defn, but defined in GHC.Internal.List):
    "This is a partial function, it throws an error on empty lists. Replace it with 'drop' 1, or use pattern matching or 'GHC.Internal.Data.List.uncons' instead. Consider refactoring to use "Data.List.NonEmpty"."
   |
77 |   nArgs  =  length . tail . unfoldApp . fst $ head d
   |                      ^^^^

src/Conjure/Defn/Redundancy.hs:77:47: warning: [GHC-63394] [-Wx-partial]
    In the use of ‘head’
    (imported from Conjure.Defn, but defined in GHC.Internal.List):
    "This is a partial function, it throws an error on empty lists. Use pattern matching, 'Data.List.uncons' or 'Data.Maybe.listToMaybe' instead. Consider refactoring to use "Data.List.NonEmpty"."
   |
77 |   nArgs  =  length . tail . unfoldApp . fst $ head d
   |                                               ^^^^

src/Conjure/Defn/Redundancy.hs:113:22: warning: [GHC-63394] [-Wx-partial]
    In the use of ‘tail’
    (imported from Conjure.Defn, but defined in GHC.Internal.List):
    "This is a partial function, it throws an error on empty lists. Replace it with 'drop' 1, or use pattern matching or 'GHC.Internal.Data.List.uncons' instead. Consider refactoring to use "Data.List.NonEmpty"."
    |
113 |   nArgs  =  length . tail . unfoldApp . fst $ head d
    |                      ^^^^

src/Conjure/Defn/Redundancy.hs:113:47: warning: [GHC-63394] [-Wx-partial]
    In the use of ‘head’
    (imported from Conjure.Defn, but defined in GHC.Internal.List):
    "This is a partial function, it throws an error on empty lists. Use pattern matching, 'Data.List.uncons' or 'Data.Maybe.listToMaybe' instead. Consider refactoring to use "Data.List.NonEmpty"."
    |
113 |   nArgs  =  length . tail . unfoldApp . fst $ head d
    |                                               ^^^^

src/Conjure/Defn/Redundancy.hs:187:15: warning: [GHC-63394] [-Wx-partial]
    In the use of ‘head’
    (imported from Conjure.Defn, but defined in GHC.Internal.List):
    "This is a partial function, it throws an error on empty lists. Use pattern matching, 'Data.List.uncons' or 'Data.Maybe.listToMaybe' instead. Consider refactoring to use "Data.List.NonEmpty"."
    |
187 |   newName  =  head $ variableNamesFromTemplate "x" \\ varnames l
    |               ^^^^

[ 6 of 13] Compiling Conjure.Conjurable
src/Conjure/Conjurable.hs:239:26: warning: [GHC-63394] [-Wx-partial]
    In the use of ‘head’
    (imported from Conjure.Defn, but defined in GHC.Internal.List):
    "This is a partial function, it throws an error on empty lists. Use pattern matching, 'Data.List.uncons' or 'Data.Maybe.listToMaybe' instead. Consider refactoring to use "Data.List.NonEmpty"."
    |
239 | reifyEquality  =  Just . head . reifyEq
    |                          ^^^^

src/Conjure/Conjurable.hs:425:25: warning: [GHC-63394] [-Wx-partial]
    In the use of ‘head’
    (imported from Conjure.Defn, but defined in GHC.Internal.List):
    "This is a partial function, it throws an error on empty lists. Use pattern matching, 'Data.List.uncons' or 'Data.Maybe.listToMaybe' instead. Consider refactoring to use "Data.List.NonEmpty"."
    |
425 | conjureNamesFor f e  =  head
    |                         ^^^^

src/Conjure/Conjurable.hs:504:39: warning: [GHC-63394] [-Wx-partial]
    In the use of ‘head’
    (imported from Conjure.Defn, but defined in GHC.Internal.List):
    "This is a partial function, it throws an error on empty lists. Use pattern matching, 'Data.List.uncons' or 'Data.Maybe.listToMaybe' instead. Consider refactoring to use "Data.List.NonEmpty"."
    |
504 |   conjureSubTypes xs  =  conjureType (head xs)
    |                                       ^^^^

src/Conjure/Conjurable.hs:509:39: warning: [GHC-63394] [-Wx-partial]
    In the use of ‘head’
    (imported from Conjure.Defn, but defined in GHC.Internal.List):
    "This is a partial function, it throws an error on empty lists. Use pattern matching, 'Data.List.uncons' or 'Data.Maybe.listToMaybe' instead. Consider refactoring to use "Data.List.NonEmpty"."
    |
509 |                       ]  where  x  =  head xs
    |                                       ^^^^

src/Conjure/Conjurable.hs:512:11: warning: [GHC-63394] [-Wx-partial]
    In the use of ‘head’
    (imported from Conjure.Defn, but defined in GHC.Internal.List):
    "This is a partial function, it throws an error on empty lists. Use pattern matching, 'Data.List.uncons' or 'Data.Maybe.listToMaybe' instead. Consider refactoring to use "Data.List.NonEmpty"."
    |
512 |     x  =  head xs
    |           ^^^^

src/Conjure/Conjurable.hs:652:33: warning: [GHC-63394] [-Wx-partial]
    In the use of ‘head’
    (imported from Conjure.Defn, but defined in GHC.Internal.List):
    "This is a partial function, it throws an error on empty lists. Use pattern matching, 'Data.List.uncons' or 'Data.Maybe.listToMaybe' instead. Consider refactoring to use "Data.List.NonEmpty"."
    |
652 |   (ef':_)  =  unfoldApp . fst $ head defn
    |                                 ^^^^

src/Conjure/Conjurable.hs:716:15: warning: [GHC-63394] [-Wx-partial]
    In the use of ‘head’
    (imported from Conjure.Defn, but defined in GHC.Internal.List):
    "This is a partial function, it throws an error on empty lists. Use pattern matching, 'Data.List.uncons' or 'Data.Maybe.listToMaybe' instead. Consider refactoring to use "Data.List.NonEmpty"."
    |
716 |   ef  =  var (head $ words nm) f  -- TODO: take the tail into account
    |               ^^^^

[ 7 of 13] Compiling Conjure.Red
[ 8 of 13] Compiling Conjure.Ingredient
[ 9 of 13] Compiling Conjure.Settings
[10 of 13] Compiling Conjure.Defn.Test
[11 of 13] Compiling Conjure.Engine
src/Conjure/Engine.hs:167:15: warning: [GHC-63394] [-Wx-partial]
    In the use of ‘head’
    (imported from Conjure.Defn, but defined in GHC.Internal.List):
    "This is a partial function, it throws an error on empty lists. Use pattern matching, 'Data.List.uncons' or 'Data.Maybe.listToMaybe' instead. Consider refactoring to use "Data.List.NonEmpty"."
    |
167 |   print (var (head $ words nm) f)
    |               ^^^^

src/Conjure/Engine.hs:486:33: warning: [GHC-63394] [-Wx-partial]
    In the use of ‘tail’
    (imported from Conjure.Defn, but defined in GHC.Internal.List):
    "This is a partial function, it throws an error on empty lists. Replace it with 'drop' 1, or use pattern matching or 'GHC.Internal.Data.List.uncons' instead. Consider refactoring to use "Data.List.NonEmpty"."
    |
486 |       aes   =                  (tail . unfoldApp . rehole) pat
    |                                 ^^^^

src/Conjure/Engine.hs:487:33: warning: [GHC-63394] [-Wx-partial]
    In the use of ‘tail’
    (imported from Conjure.Defn, but defined in GHC.Internal.List):
    "This is a partial function, it throws an error on empty lists. Replace it with 'drop' 1, or use pattern matching or 'GHC.Internal.Data.List.uncons' instead. Consider refactoring to use "Data.List.NonEmpty"."
    |
487 |       aess  =  transpose $ map (tail . unfoldApp . rehole) pats
    |                                 ^^^^

src/Conjure/Engine.hs:526:23: warning: [GHC-63394] [-Wx-partial]
    In the use of ‘tail’
    (imported from Conjure.Defn, but defined in GHC.Internal.List):
    "This is a partial function, it throws an error on empty lists. Replace it with 'drop' 1, or use pattern matching or 'GHC.Internal.Data.List.uncons' instead. Consider refactoring to use "Data.List.NonEmpty"."
    |
526 |            $  recsV' (tail (vars ep))
    |                       ^^^^

src/Conjure/Engine.hs:545:72: warning: [GHC-63394] [-Wx-partial]
    In the use of ‘tail’
    (imported from Conjure.Defn, but defined in GHC.Internal.List):
    "This is a partial function, it throws an error on empty lists. Replace it with 'drop' 1, or use pattern matching or 'GHC.Internal.Data.List.uncons' instead. Consider refactoring to use "Data.List.NonEmpty"."
    |
545 |     evrs = [(vs, recsV vs) | vs <- concatMap nubSort $ mapT (nubSort . tail . vars) possiblePats]
    |                                                                        ^^^^

src/Conjure/Engine.hs:592:46: warning: [GHC-63394] [-Wx-partial]
    In the use of ‘tail’
    (imported from Conjure.Defn, but defined in GHC.Internal.List):
    "This is a partial function, it throws an error on empty lists. Replace it with 'drop' 1, or use pattern matching or 'GHC.Internal.Data.List.uncons' instead. Consider refactoring to use "Data.List.NonEmpty"."
    |
592 | toGroundPat f pat  =  foldApp (value "f" f : tail (unfoldApp pat))
    |                                              ^^^^

[12 of 13] Compiling Conjure.Conjurable.Derive
[13 of 13] Compiling Conjure
Configuring test suite 'utils' for code-conjure-0.7.6...
Preprocessing test suite 'utils' for code-conjure-0.7.6...
Building test suite 'utils' for code-conjure-0.7.6...
[1 of 3] Compiling Test.ListableExpr
[2 of 3] Compiling Test
[3 of 3] Compiling Main
[4 of 4] Linking dist-newstyle/build/x86_64-linux/ghc-9.10.2/code-conjure-0.7.6/t/utils/build/utils/utils
Configuring test suite 'red' for code-conjure-0.7.6...
Preprocessing test suite 'red' for code-conjure-0.7.6...
Building test suite 'red' for code-conjure-0.7.6...
[1 of 3] Compiling Test.ListableExpr
[2 of 3] Compiling Test
[3 of 3] Compiling Main
[4 of 4] Linking dist-newstyle/build/x86_64-linux/ghc-9.10.2/code-conjure-0.7.6/t/red/build/red/red
Configuring test suite 'factorial' for code-conjure-0.7.6...
Preprocessing test suite 'factorial' for code-conjure-0.7.6...
Building test suite 'factorial' for code-conjure-0.7.6...
[1 of 3] Compiling Main
[2 of 3] Compiling Test.ListableExpr
[3 of 3] Compiling Test
[4 of 4] Linking dist-newstyle/build/x86_64-linux/ghc-9.10.2/code-conjure-0.7.6/t/factorial/build/factorial/factorial
Configuring test suite 'expr' for code-conjure-0.7.6...
Preprocessing test suite 'expr' for code-conjure-0.7.6...
Building test suite 'expr' for code-conjure-0.7.6...
[1 of 3] Compiling Test.ListableExpr
[2 of 3] Compiling Test
[3 of 3] Compiling Main
[4 of 4] Linking dist-newstyle/build/x86_64-linux/ghc-9.10.2/code-conjure-0.7.6/t/expr/build/expr/expr
Configuring test suite 'derive' for code-conjure-0.7.6...
Preprocessing test suite 'derive' for code-conjure-0.7.6...
Building test suite 'derive' for code-conjure-0.7.6...
[1 of 3] Compiling Test.ListableExpr
[2 of 3] Compiling Test
[3 of 3] Compiling Main
[4 of 4] Linking dist-newstyle/build/x86_64-linux/ghc-9.10.2/code-conjure-0.7.6/t/derive/build/derive/derive
Configuring test suite 'defn' for code-conjure-0.7.6...
Preprocessing test suite 'defn' for code-conjure-0.7.6...
Building test suite 'defn' for code-conjure-0.7.6...
[1 of 3] Compiling Test.ListableExpr
[2 of 3] Compiling Test
[3 of 3] Compiling Main
[4 of 4] Linking dist-newstyle/build/x86_64-linux/ghc-9.10.2/code-conjure-0.7.6/t/defn/build/defn/defn
Configuring test suite 'conjurable' for code-conjure-0.7.6...
Preprocessing test suite 'conjurable' for code-conjure-0.7.6...
Building test suite 'conjurable' for code-conjure-0.7.6...
[1 of 3] Compiling Test.ListableExpr
[2 of 3] Compiling Test
[3 of 3] Compiling Main
[4 of 4] Linking dist-newstyle/build/x86_64-linux/ghc-9.10.2/code-conjure-0.7.6/t/conjurable/build/conjurable/conjurable
