Resolving dependencies...
Build profile: -w ghc-9.10.2 -O1
In order, the following will be built (use -v for more details):
 - express-1.0.18 (lib) (first run)
 - express-1.0.18 (test:utils) (first run)
 - express-1.0.18 (test:typecheck) (first run)
 - express-1.0.18 (test:triexpr) (first run)
 - express-1.0.18 (test:show) (first run)
 - express-1.0.18 (test:ord) (first run)
 - express-1.0.18 (test:name-derive) (first run)
 - express-1.0.18 (test:name) (first run)
 - express-1.0.18 (test:match) (first run)
 - express-1.0.18 (test:map) (first run)
 - express-1.0.18 (test:main) (first run)
 - express-1.0.18 (test:listable) (first run)
 - express-1.0.18 (test:instances) (first run)
 - express-1.0.18 (test:hole) (first run)
 - express-1.0.18 (test:fold) (first run)
 - express-1.0.18 (test:fixtures) (first run)
 - express-1.0.18 (test:express-instances) (first run)
 - express-1.0.18 (test:express-derive) (first run)
 - express-1.0.18 (test:core) (first run)
 - express-1.0.18 (test:canon) (first run)
 - express-1.0.18 (test:basic) (first run)
Configuring library for express-1.0.18...
Preprocessing library for express-1.0.18...
Building library for express-1.0.18...
[ 1 of 20] Compiling Data.Express.Utils.List
[ 2 of 20] Compiling Data.Express.Utils.String
[ 3 of 20] Compiling Data.Express.Utils
[ 4 of 20] Compiling Data.Express.Name
[ 5 of 20] Compiling Data.Express.Utils.TH
[ 6 of 20] Compiling Data.Express.Name.Derive
[ 7 of 20] Compiling Data.Express.Utils.Typeable
[ 8 of 20] Compiling Data.Express.Core
[ 9 of 20] Compiling Data.Express.Match
[10 of 20] Compiling Data.Express.Triexpr
[11 of 20] Compiling Data.Express.Map
[12 of 20] Compiling Data.Express.Hole
[13 of 20] Compiling Data.Express.Fold
[14 of 20] Compiling Data.Express.Express
[15 of 20] Compiling Data.Express.Express.Derive
[16 of 20] Compiling Data.Express.Basic
[17 of 20] Compiling Data.Express.Instances
[18 of 20] Compiling Data.Express.Canon
[19 of 20] Compiling Data.Express
[20 of 20] Compiling Data.Express.Fixtures
src/Data/Express/Fixtures.hs:1354:19: warning: [GHC-63394] [-Wx-partial]
    In the use of ‘head’
    (imported from Data.List, but defined in GHC.Internal.List):
    "This is a partial function, it throws an error on empty lists. Use pattern matching, 'Data.List.uncons' or 'Data.Maybe.listToMaybe' instead. Consider refactoring to use "Data.List.NonEmpty"."
     |
1354 |   [ value "head" (head :: Head Int)
     |                   ^^^^

src/Data/Express/Fixtures.hs:1355:19: warning: [GHC-63394] [-Wx-partial]
    In the use of ‘head’
    (imported from Data.List, but defined in GHC.Internal.List):
    "This is a partial function, it throws an error on empty lists. Use pattern matching, 'Data.List.uncons' or 'Data.Maybe.listToMaybe' instead. Consider refactoring to use "Data.List.NonEmpty"."
     |
1355 |   , value "head" (head :: Head Char)
     |                   ^^^^

src/Data/Express/Fixtures.hs:1356:19: warning: [GHC-63394] [-Wx-partial]
    In the use of ‘head’
    (imported from Data.List, but defined in GHC.Internal.List):
    "This is a partial function, it throws an error on empty lists. Use pattern matching, 'Data.List.uncons' or 'Data.Maybe.listToMaybe' instead. Consider refactoring to use "Data.List.NonEmpty"."
     |
1356 |   , value "head" (head :: Head Bool)
     |                   ^^^^

src/Data/Express/Fixtures.hs:1357:19: warning: [GHC-63394] [-Wx-partial]
    In the use of ‘head’
    (imported from Data.List, but defined in GHC.Internal.List):
    "This is a partial function, it throws an error on empty lists. Use pattern matching, 'Data.List.uncons' or 'Data.Maybe.listToMaybe' instead. Consider refactoring to use "Data.List.NonEmpty"."
     |
1357 |   , value "head" (head :: Head [Int])
     |                   ^^^^

src/Data/Express/Fixtures.hs:1358:19: warning: [GHC-63394] [-Wx-partial]
    In the use of ‘head’
    (imported from Data.List, but defined in GHC.Internal.List):
    "This is a partial function, it throws an error on empty lists. Use pattern matching, 'Data.List.uncons' or 'Data.Maybe.listToMaybe' instead. Consider refactoring to use "Data.List.NonEmpty"."
     |
1358 |   , value "head" (head :: Head [Char])
     |                   ^^^^

src/Data/Express/Fixtures.hs:1359:19: warning: [GHC-63394] [-Wx-partial]
    In the use of ‘head’
    (imported from Data.List, but defined in GHC.Internal.List):
    "This is a partial function, it throws an error on empty lists. Use pattern matching, 'Data.List.uncons' or 'Data.Maybe.listToMaybe' instead. Consider refactoring to use "Data.List.NonEmpty"."
     |
1359 |   , value "head" (head :: Head [Bool])
     |                   ^^^^

src/Data/Express/Fixtures.hs:1360:19: warning: [GHC-63394] [-Wx-partial]
    In the use of ‘head’
    (imported from Data.List, but defined in GHC.Internal.List):
    "This is a partial function, it throws an error on empty lists. Use pattern matching, 'Data.List.uncons' or 'Data.Maybe.listToMaybe' instead. Consider refactoring to use "Data.List.NonEmpty"."
     |
1360 |   , value "head" (head :: Head (Int,Int))
     |                   ^^^^

src/Data/Express/Fixtures.hs:1361:19: warning: [GHC-63394] [-Wx-partial]
    In the use of ‘head’
    (imported from Data.List, but defined in GHC.Internal.List):
    "This is a partial function, it throws an error on empty lists. Use pattern matching, 'Data.List.uncons' or 'Data.Maybe.listToMaybe' instead. Consider refactoring to use "Data.List.NonEmpty"."
     |
1361 |   , value "head" (head :: Head (Maybe Int))
     |                   ^^^^

src/Data/Express/Fixtures.hs:1381:19: warning: [GHC-63394] [-Wx-partial]
    In the use of ‘tail’
    (imported from Data.List, but defined in GHC.Internal.List):
    "This is a partial function, it throws an error on empty lists. Replace it with 'drop' 1, or use pattern matching or 'GHC.Internal.Data.List.uncons' instead. Consider refactoring to use "Data.List.NonEmpty"."
     |
1381 |   [ value "tail" (tail :: Tail Int)
     |                   ^^^^

src/Data/Express/Fixtures.hs:1382:19: warning: [GHC-63394] [-Wx-partial]
    In the use of ‘tail’
    (imported from Data.List, but defined in GHC.Internal.List):
    "This is a partial function, it throws an error on empty lists. Replace it with 'drop' 1, or use pattern matching or 'GHC.Internal.Data.List.uncons' instead. Consider refactoring to use "Data.List.NonEmpty"."
     |
1382 |   , value "tail" (tail :: Tail Char)
     |                   ^^^^

src/Data/Express/Fixtures.hs:1383:19: warning: [GHC-63394] [-Wx-partial]
    In the use of ‘tail’
    (imported from Data.List, but defined in GHC.Internal.List):
    "This is a partial function, it throws an error on empty lists. Replace it with 'drop' 1, or use pattern matching or 'GHC.Internal.Data.List.uncons' instead. Consider refactoring to use "Data.List.NonEmpty"."
     |
1383 |   , value "tail" (tail :: Tail Bool)
     |                   ^^^^

src/Data/Express/Fixtures.hs:1384:19: warning: [GHC-63394] [-Wx-partial]
    In the use of ‘tail’
    (imported from Data.List, but defined in GHC.Internal.List):
    "This is a partial function, it throws an error on empty lists. Replace it with 'drop' 1, or use pattern matching or 'GHC.Internal.Data.List.uncons' instead. Consider refactoring to use "Data.List.NonEmpty"."
     |
1384 |   , value "tail" (tail :: Tail [Int])
     |                   ^^^^

src/Data/Express/Fixtures.hs:1385:19: warning: [GHC-63394] [-Wx-partial]
    In the use of ‘tail’
    (imported from Data.List, but defined in GHC.Internal.List):
    "This is a partial function, it throws an error on empty lists. Replace it with 'drop' 1, or use pattern matching or 'GHC.Internal.Data.List.uncons' instead. Consider refactoring to use "Data.List.NonEmpty"."
     |
1385 |   , value "tail" (tail :: Tail [Char])
     |                   ^^^^

src/Data/Express/Fixtures.hs:1386:19: warning: [GHC-63394] [-Wx-partial]
    In the use of ‘tail’
    (imported from Data.List, but defined in GHC.Internal.List):
    "This is a partial function, it throws an error on empty lists. Replace it with 'drop' 1, or use pattern matching or 'GHC.Internal.Data.List.uncons' instead. Consider refactoring to use "Data.List.NonEmpty"."
     |
1386 |   , value "tail" (tail :: Tail [Bool])
     |                   ^^^^

src/Data/Express/Fixtures.hs:1387:19: warning: [GHC-63394] [-Wx-partial]
    In the use of ‘tail’
    (imported from Data.List, but defined in GHC.Internal.List):
    "This is a partial function, it throws an error on empty lists. Replace it with 'drop' 1, or use pattern matching or 'GHC.Internal.Data.List.uncons' instead. Consider refactoring to use "Data.List.NonEmpty"."
     |
1387 |   , value "tail" (tail :: Tail (Int,Int))
     |                   ^^^^

src/Data/Express/Fixtures.hs:1388:19: warning: [GHC-63394] [-Wx-partial]
    In the use of ‘tail’
    (imported from Data.List, but defined in GHC.Internal.List):
    "This is a partial function, it throws an error on empty lists. Replace it with 'drop' 1, or use pattern matching or 'GHC.Internal.Data.List.uncons' instead. Consider refactoring to use "Data.List.NonEmpty"."
     |
1388 |   , value "tail" (tail :: Tail (Maybe Int))
     |                   ^^^^

Configuring test suite 'utils' for express-1.0.18...
Preprocessing test suite 'utils' for express-1.0.18...
Building test suite 'utils' for express-1.0.18...
[1 of 3] Compiling Test.ListableExpr
[2 of 3] Compiling Test
[3 of 3] Compiling Main
[4 of 4] Linking /tmp/workdir-express/express-1.0.18/dist-newstyle/build/x86_64-linux/ghc-9.10.2/express-1.0.18/t/utils/build/utils/utils
Configuring test suite 'typecheck' for express-1.0.18...
Preprocessing test suite 'typecheck' for express-1.0.18...
Building test suite 'typecheck' for express-1.0.18...
[1 of 3] Compiling Main
[2 of 3] Compiling Test.ListableExpr
[3 of 3] Compiling Test
[4 of 4] Linking /tmp/workdir-express/express-1.0.18/dist-newstyle/build/x86_64-linux/ghc-9.10.2/express-1.0.18/t/typecheck/build/typecheck/typecheck
Configuring test suite 'triexpr' for express-1.0.18...
Preprocessing test suite 'triexpr' for express-1.0.18...
Building test suite 'triexpr' for express-1.0.18...
[1 of 3] Compiling Test.ListableExpr
[2 of 3] Compiling Test
[3 of 3] Compiling Main
[4 of 4] Linking /tmp/workdir-express/express-1.0.18/dist-newstyle/build/x86_64-linux/ghc-9.10.2/express-1.0.18/t/triexpr/build/triexpr/triexpr
Configuring test suite 'show' for express-1.0.18...
Preprocessing test suite 'show' for express-1.0.18...
Building test suite 'show' for express-1.0.18...
[1 of 3] Compiling Test.ListableExpr
[2 of 3] Compiling Test
[3 of 3] Compiling Main
[4 of 4] Linking /tmp/workdir-express/express-1.0.18/dist-newstyle/build/x86_64-linux/ghc-9.10.2/express-1.0.18/t/show/build/show/show
Configuring test suite 'ord' for express-1.0.18...
Preprocessing test suite 'ord' for express-1.0.18...
Building test suite 'ord' for express-1.0.18...
[1 of 3] Compiling Test.ListableExpr
[2 of 3] Compiling Test
[3 of 3] Compiling Main
[4 of 4] Linking /tmp/workdir-express/express-1.0.18/dist-newstyle/build/x86_64-linux/ghc-9.10.2/express-1.0.18/t/ord/build/ord/ord
Configuring test suite 'name-derive' for express-1.0.18...
Preprocessing test suite 'name-derive' for express-1.0.18...
Building test suite 'name-derive' for express-1.0.18...
[1 of 3] Compiling Test.ListableExpr
[2 of 3] Compiling Test
[3 of 3] Compiling Main
[4 of 4] Linking /tmp/workdir-express/express-1.0.18/dist-newstyle/build/x86_64-linux/ghc-9.10.2/express-1.0.18/t/name-derive/build/name-derive/name-derive
Configuring test suite 'name' for express-1.0.18...
Preprocessing test suite 'name' for express-1.0.18...
Building test suite 'name' for express-1.0.18...
[1 of 3] Compiling Test.ListableExpr
[2 of 3] Compiling Test
[3 of 3] Compiling Main
[4 of 4] Linking /tmp/workdir-express/express-1.0.18/dist-newstyle/build/x86_64-linux/ghc-9.10.2/express-1.0.18/t/name/build/name/name
Configuring test suite 'match' for express-1.0.18...
Preprocessing test suite 'match' for express-1.0.18...
Building test suite 'match' for express-1.0.18...
[1 of 3] Compiling Test.ListableExpr
[2 of 3] Compiling Test
[3 of 3] Compiling Main
[4 of 4] Linking /tmp/workdir-express/express-1.0.18/dist-newstyle/build/x86_64-linux/ghc-9.10.2/express-1.0.18/t/match/build/match/match
Configuring test suite 'map' for express-1.0.18...
Preprocessing test suite 'map' for express-1.0.18...
Building test suite 'map' for express-1.0.18...
[1 of 3] Compiling Test.ListableExpr
[2 of 3] Compiling Test
[3 of 3] Compiling Main
test/map.hs:100:37: warning: [GHC-63394] [-Wx-partial]
    In the use of ‘tail’
    (imported from Test, but defined in GHC.Internal.List):
    "This is a partial function, it throws an error on empty lists. Replace it with 'drop' 1, or use pattern matching or 'GHC.Internal.Data.List.uncons' instead. Consider refactoring to use "Data.List.NonEmpty"."
    |
100 |   , holds n $ \c e -> (renameVarsBy tail . renameVarsBy (c:)) e == e
    |                                     ^^^^

[4 of 4] Linking /tmp/workdir-express/express-1.0.18/dist-newstyle/build/x86_64-linux/ghc-9.10.2/express-1.0.18/t/map/build/map/map
Configuring test suite 'main' for express-1.0.18...
Preprocessing test suite 'main' for express-1.0.18...
Building test suite 'main' for express-1.0.18...
[1 of 3] Compiling Test.ListableExpr
[2 of 3] Compiling Test
[3 of 3] Compiling Main
[4 of 4] Linking /tmp/workdir-express/express-1.0.18/dist-newstyle/build/x86_64-linux/ghc-9.10.2/express-1.0.18/t/main/build/main/main
Configuring test suite 'listable' for express-1.0.18...
Preprocessing test suite 'listable' for express-1.0.18...
Building test suite 'listable' for express-1.0.18...
[1 of 3] Compiling Test.ListableExpr
[2 of 3] Compiling Test
[3 of 3] Compiling Main
[4 of 4] Linking /tmp/workdir-express/express-1.0.18/dist-newstyle/build/x86_64-linux/ghc-9.10.2/express-1.0.18/t/listable/build/listable/listable
Configuring test suite 'instances' for express-1.0.18...
Preprocessing test suite 'instances' for express-1.0.18...
Building test suite 'instances' for express-1.0.18...
[1 of 3] Compiling Test.ListableExpr
[2 of 3] Compiling Test
[3 of 3] Compiling Main
test/instances.hs:65:13: warning: [GHC-63394] [-Wx-partial]
    In the use of ‘head’
    (imported from Test, but defined in GHC.Internal.List):
    "This is a partial function, it throws an error on empty lists. Use pattern matching, 'Data.List.uncons' or 'Data.Maybe.listToMaybe' instead. Consider refactoring to use "Data.List.NonEmpty"."
   |
65 |   eqFor  =  head . reifyEq
   |             ^^^^

test/instances.hs:66:17: warning: [GHC-63394] [-Wx-partial]
    In the use of ‘head’
    (imported from Test, but defined in GHC.Internal.List):
    "This is a partial function, it throws an error on empty lists. Use pattern matching, 'Data.List.uncons' or 'Data.Maybe.listToMaybe' instead. Consider refactoring to use "Data.List.NonEmpty"."
   |
66 |   lessEqFor  =  head . reifyOrd
   |                 ^^^^

test/instances.hs:67:15: warning: [GHC-63394] [-Wx-partial]
    In the use of ‘head’
    (imported from Test, but defined in GHC.Internal.List):
    "This is a partial function, it throws an error on empty lists. Use pattern matching, 'Data.List.uncons' or 'Data.Maybe.listToMaybe' instead. Consider refactoring to use "Data.List.NonEmpty"."
   |
67 |   lessFor  =  head . tail . reifyOrd
   |               ^^^^

test/instances.hs:67:22: warning: [GHC-63394] [-Wx-partial]
    In the use of ‘tail’
    (imported from Test, but defined in GHC.Internal.List):
    "This is a partial function, it throws an error on empty lists. Replace it with 'drop' 1, or use pattern matching or 'GHC.Internal.Data.List.uncons' instead. Consider refactoring to use "Data.List.NonEmpty"."
   |
67 |   lessFor  =  head . tail . reifyOrd
   |                      ^^^^

test/instances.hs:69:15: warning: [GHC-63394] [-Wx-partial]
    In the use of ‘head’
    (imported from Test, but defined in GHC.Internal.List):
    "This is a partial function, it throws an error on empty lists. Use pattern matching, 'Data.List.uncons' or 'Data.Maybe.listToMaybe' instead. Consider refactoring to use "Data.List.NonEmpty"."
   |
69 |   nameFor  =  head . reifyName
   |               ^^^^

[4 of 4] Linking /tmp/workdir-express/express-1.0.18/dist-newstyle/build/x86_64-linux/ghc-9.10.2/express-1.0.18/t/instances/build/instances/instances
Configuring test suite 'hole' for express-1.0.18...
Preprocessing test suite 'hole' for express-1.0.18...
Building test suite 'hole' for express-1.0.18...
[1 of 3] Compiling Test.ListableExpr
[2 of 3] Compiling Test
[3 of 3] Compiling Main
[4 of 4] Linking /tmp/workdir-express/express-1.0.18/dist-newstyle/build/x86_64-linux/ghc-9.10.2/express-1.0.18/t/hole/build/hole/hole
Configuring test suite 'fold' for express-1.0.18...
Preprocessing test suite 'fold' for express-1.0.18...
Building test suite 'fold' for express-1.0.18...
[1 of 3] Compiling Test.ListableExpr
[2 of 3] Compiling Test
[3 of 3] Compiling Main
[4 of 4] Linking /tmp/workdir-express/express-1.0.18/dist-newstyle/build/x86_64-linux/ghc-9.10.2/express-1.0.18/t/fold/build/fold/fold
Configuring test suite 'fixtures' for express-1.0.18...
Preprocessing test suite 'fixtures' for express-1.0.18...
Building test suite 'fixtures' for express-1.0.18...
[1 of 3] Compiling Test.ListableExpr
[2 of 3] Compiling Test
[3 of 3] Compiling Main
[4 of 4] Linking /tmp/workdir-express/express-1.0.18/dist-newstyle/build/x86_64-linux/ghc-9.10.2/express-1.0.18/t/fixtures/build/fixtures/fixtures
Configuring test suite 'express-instances' for express-1.0.18...
Preprocessing test suite 'express-instances' for express-1.0.18...
Building test suite 'express-instances' for express-1.0.18...
[1 of 3] Compiling Test.ListableExpr
[2 of 3] Compiling Test
[3 of 3] Compiling Main
[4 of 4] Linking /tmp/workdir-express/express-1.0.18/dist-newstyle/build/x86_64-linux/ghc-9.10.2/express-1.0.18/t/express-instances/build/express-instances/express-instances
Configuring test suite 'express-derive' for express-1.0.18...
Preprocessing test suite 'express-derive' for express-1.0.18...
Building test suite 'express-derive' for express-1.0.18...
[1 of 3] Compiling Test.ListableExpr
[2 of 3] Compiling Test
[3 of 3] Compiling Main
[4 of 4] Linking /tmp/workdir-express/express-1.0.18/dist-newstyle/build/x86_64-linux/ghc-9.10.2/express-1.0.18/t/express-derive/build/express-derive/express-derive
Configuring test suite 'core' for express-1.0.18...
Preprocessing test suite 'core' for express-1.0.18...
Building test suite 'core' for express-1.0.18...
[1 of 3] Compiling Test.ListableExpr
[2 of 3] Compiling Test
[3 of 3] Compiling Main
[4 of 4] Linking /tmp/workdir-express/express-1.0.18/dist-newstyle/build/x86_64-linux/ghc-9.10.2/express-1.0.18/t/core/build/core/core
Configuring test suite 'canon' for express-1.0.18...
Preprocessing test suite 'canon' for express-1.0.18...
Building test suite 'canon' for express-1.0.18...
[1 of 3] Compiling Test.ListableExpr
[2 of 3] Compiling Test
[3 of 3] Compiling Main
test/canon.hs:99:25: warning: [GHC-63394] [-Wx-partial]
    In the use of ‘head’
    (imported from Test, but defined in GHC.Internal.List):
    "This is a partial function, it throws an error on empty lists. Use pattern matching, 'Data.List.uncons' or 'Data.Maybe.listToMaybe' instead. Consider refactoring to use "Data.List.NonEmpty"."
   |
99 |                     in (head xs >) `all` tail xs
   |                         ^^^^

test/canon.hs:99:42: warning: [GHC-63394] [-Wx-partial]
    In the use of ‘tail’
    (imported from Test, but defined in GHC.Internal.List):
    "This is a partial function, it throws an error on empty lists. Replace it with 'drop' 1, or use pattern matching or 'GHC.Internal.Data.List.uncons' instead. Consider refactoring to use "Data.List.NonEmpty"."
   |
99 |                     in (head xs >) `all` tail xs
   |                                          ^^^^

test/canon.hs:102:34: warning: [GHC-63394] [-Wx-partial]
    In the use of ‘head’
    (imported from Test, but defined in GHC.Internal.List):
    "This is a partial function, it throws an error on empty lists. Use pattern matching, 'Data.List.uncons' or 'Data.Maybe.listToMaybe' instead. Consider refactoring to use "Data.List.NonEmpty"."
    |
102 |                 ==> isNub (vars (head (canonicalVariations e)))
    |                                  ^^^^

test/canon.hs:104:40: warning: [GHC-63394] [-Wx-partial]
    In the use of ‘head’
    (imported from Test, but defined in GHC.Internal.List):
    "This is a partial function, it throws an error on empty lists. Use pattern matching, 'Data.List.uncons' or 'Data.Maybe.listToMaybe' instead. Consider refactoring to use "Data.List.NonEmpty"."
    |
104 |                     in (`isInstanceOf` head es) `all` tail es
    |                                        ^^^^

test/canon.hs:104:55: warning: [GHC-63394] [-Wx-partial]
    In the use of ‘tail’
    (imported from Test, but defined in GHC.Internal.List):
    "This is a partial function, it throws an error on empty lists. Replace it with 'drop' 1, or use pattern matching or 'GHC.Internal.Data.List.uncons' instead. Consider refactoring to use "Data.List.NonEmpty"."
    |
104 |                     in (`isInstanceOf` head es) `all` tail es
    |                                                       ^^^^

test/canon.hs:111:21: warning: [GHC-63394] [-Wx-partial]
    In the use of ‘head’
    (imported from Test, but defined in GHC.Internal.List):
    "This is a partial function, it throws an error on empty lists. Use pattern matching, 'Data.List.uncons' or 'Data.Maybe.listToMaybe' instead. Consider refactoring to use "Data.List.NonEmpty"."
    |
111 |   , holds n $ \e -> head (canonicalVariations e) == mostGeneralCanonicalVariation e
    |                     ^^^^

[4 of 4] Linking /tmp/workdir-express/express-1.0.18/dist-newstyle/build/x86_64-linux/ghc-9.10.2/express-1.0.18/t/canon/build/canon/canon
Configuring test suite 'basic' for express-1.0.18...
Preprocessing test suite 'basic' for express-1.0.18...
Building test suite 'basic' for express-1.0.18...
[1 of 3] Compiling Test.ListableExpr
[2 of 3] Compiling Test
[3 of 3] Compiling Main
[4 of 4] Linking /tmp/workdir-express/express-1.0.18/dist-newstyle/build/x86_64-linux/ghc-9.10.2/express-1.0.18/t/basic/build/basic/basic
