Resolving dependencies...
Build profile: -w ghc-9.10.2 -O1
In order, the following will be built (use -v for more details):
 - iri-0.5.1.1 (lib:punycode) (first run)
 - iri-0.5.1.1 (lib) (first run)
 - iri-0.5.1.1 (test:test) (first run)
Configuring library 'punycode' for iri-0.5.1.1...
Preprocessing library 'punycode' for iri-0.5.1.1...
Building library 'punycode' for iri-0.5.1.1...
[1 of 4] Compiling Data.Text.Punycode.Shared
[2 of 4] Compiling Data.Text.Punycode.Encode
[3 of 4] Compiling Data.Text.Punycode.Decode
[4 of 4] Compiling Data.Text.Punycode
Configuring library for iri-0.5.1.1...
Preprocessing library for iri-0.5.1.1...
Building library for iri-0.5.1.1...
[ 1 of 32] Compiling Iri.Prelude
[ 2 of 32] Compiling Iri.PercentEncoding
[ 3 of 32] Compiling Iri.Optics.Basics
[ 4 of 32] Compiling Iri.MonadPlus
[ 5 of 32] Compiling Iri.Data.Types
[ 6 of 32] Compiling Iri.Data.Instances.Lift
[ 7 of 32] Compiling Iri.Data.Instances.Generic
[ 8 of 32] Compiling Iri.Data.Instances.Eq
[ 9 of 32] Compiling Iri.Data.Instances.Ord
[10 of 32] Compiling Iri.Data.Instances.Hashable
[11 of 32] Compiling Iri.Data.Functions
[12 of 32] Compiling Iri.CodePointPredicates.Core
[13 of 32] Compiling Iri.CodePointPredicates.Rfc3986
[14 of 32] Compiling Iri.CodePointPredicates.Rfc3987
[15 of 32] Compiling Iri.Rendering.Ptr.Poke
[16 of 32] Compiling Iri.Utf8CodePoint
[17 of 32] Compiling Iri.Vector
[18 of 32] Compiling Iri.Rendering.TextBuilder.Internal
[19 of 32] Compiling Iri.Rendering.TextBuilder
[20 of 32] Compiling Iri.Rendering.Text.Internal
[21 of 32] Compiling Iri.Rendering.Text
[22 of 32] Compiling Iri.Data.Instances.Show
[23 of 32] Compiling Iri.Data
[24 of 32] Compiling Iri.Parsing.Attoparsec.Text
[25 of 32] Compiling Iri.Parsing.Text
[26 of 32] Compiling Iri.Parsing.Attoparsec.ByteString
[27 of 32] Compiling Iri.QuasiQuoter
[28 of 32] Compiling Iri.Parsing.ByteString
[29 of 32] Compiling Iri.Rendering.Ptr.Poking
[30 of 32] Compiling Iri.Rendering.ByteString
[31 of 32] Compiling Iri.Optics.Defs
[32 of 32] Compiling Iri.Optics
Configuring test suite 'test' for iri-0.5.1.1...
Preprocessing test suite 'test' for iri-0.5.1.1...
Building test suite 'test' for iri-0.5.1.1...
[1 of 1] Compiling Main
[2 of 2] Linking /tmp/workdir-iri/iri-0.5.1.1/dist-newstyle/build/x86_64-linux/ghc-9.10.2/iri-0.5.1.1/t/test/build/test/test
