Resolving dependencies...
Build profile: -w ghc-9.10.2 -O1
In order, the following will be built (use -v for more details):
 - symbolize-1.0.3.1 (lib) (first run)
 - symbolize-1.0.3.1 (test:symbolize-test) (first run)
 - symbolize-1.0.3.1 (test:symbolize-doctest) (first run)
Configuring library for symbolize-1.0.3.1...
Preprocessing library for symbolize-1.0.3.1...
Building library for symbolize-1.0.3.1...
[1 of 7] Compiling Symbolize.Accursed
[2 of 7] Compiling Symbolize.SipHash
[3 of 7] Compiling Symbolize.Textual
[4 of 7] Compiling Symbolize.WeakSymbol
[5 of 7] Compiling Symbolize.NonEmptyWeakSymbol
[6 of 7] Compiling Symbolize.SymbolTable
[7 of 7] Compiling Symbolize
Configuring test suite 'symbolize-test' for symbolize-1.0.3.1...
Preprocessing test suite 'symbolize-test' for symbolize-1.0.3.1...
Building test suite 'symbolize-test' for symbolize-1.0.3.1...
[1 of 3] Compiling Paths_symbolize
[2 of 3] Compiling SymbolizeTest
[3 of 3] Compiling Main
[4 of 4] Linking dist-newstyle/build/x86_64-linux/ghc-9.10.2/symbolize-1.0.3.1/t/symbolize-test/build/symbolize-test/symbolize-test
Configuring test suite 'symbolize-doctest' for symbolize-1.0.3.1...
Preprocessing test suite 'symbolize-doctest' for symbolize-1.0.3.1...
Building test suite 'symbolize-doctest' for symbolize-1.0.3.1...
[1 of 2] Compiling Main
[2 of 2] Compiling Paths_symbolize
[3 of 3] Linking dist-newstyle/build/x86_64-linux/ghc-9.10.2/symbolize-1.0.3.1/t/symbolize-doctest/build/symbolize-doctest/symbolize-doctest
