Resolving dependencies...
Build profile: -w ghc-9.10.2 -O1
In order, the following will be built (use -v for more details):
 - gi-gsk-4.0.9 (lib:gi-gsk) (first run)
[1 of 2] Compiling Main             ( dist-newstyle/build/x86_64-linux/ghc-9.10.2/gi-gsk-4.0.9/setup/setup.hs, dist-newstyle/build/x86_64-linux/ghc-9.10.2/gi-gsk-4.0.9/setup/Main.o )
[2 of 2] Linking dist-newstyle/build/x86_64-linux/ghc-9.10.2/gi-gsk-4.0.9/setup/setup
Configuring gi-gsk-4.0.9...
Preprocessing library for gi-gsk-4.0.9...
Building library for gi-gsk-4.0.9...
[  1 of 108] Compiling GI.Gsk.Config
[  2 of 108] Compiling GI.Gsk.Enums[boot]
[  3 of 108] Compiling GI.Gsk.Enums
[  4 of 108] Compiling GI.Gsk.Flags[boot]
[  5 of 108] Compiling GI.Gsk.Flags
[  6 of 108] Compiling GI.Gsk.Structs.ColorStop[boot]
[  7 of 108] Compiling GI.Gsk.Structs.ColorStop
[  8 of 108] Compiling GI.Gsk.Structs.ParseLocation[boot]
[  9 of 108] Compiling GI.Gsk.Structs.ParseLocation
[ 10 of 108] Compiling GI.Gsk.Callbacks
[ 11 of 108] Compiling GI.Gsk.Objects.RenderNode[boot]
[ 12 of 108] Compiling GI.Gsk.Objects.RenderNode
[ 13 of 108] Compiling GI.Gsk.Objects.TextureScaleNode[boot]
[ 14 of 108] Compiling GI.Gsk.Objects.TextureScaleNode
[ 15 of 108] Compiling GI.Gsk.Objects.TextureNode[boot]
[ 16 of 108] Compiling GI.Gsk.Objects.TextureNode
[ 17 of 108] Compiling GI.Gsk.Objects.TextNode[boot]
[ 18 of 108] Compiling GI.Gsk.Objects.TextNode
[ 19 of 108] Compiling GI.Gsk.Objects.SubsurfaceNode[boot]
[ 20 of 108] Compiling GI.Gsk.Objects.SubsurfaceNode
[ 21 of 108] Compiling GI.Gsk.Objects.RepeatingRadialGradientNode[boot]
[ 22 of 108] Compiling GI.Gsk.Objects.RepeatingRadialGradientNode
[ 23 of 108] Compiling GI.Gsk.Objects.RepeatingLinearGradientNode[boot]
[ 24 of 108] Compiling GI.Gsk.Objects.RepeatingLinearGradientNode
[ 25 of 108] Compiling GI.Gsk.Objects.RepeatNode[boot]
[ 26 of 108] Compiling GI.Gsk.Objects.RepeatNode
[ 27 of 108] Compiling GI.Gsk.Objects.Renderer[boot]
[ 28 of 108] Compiling GI.Gsk.Objects.Renderer
[ 29 of 108] Compiling GI.Gsk.Objects.VulkanRenderer[boot]
[ 30 of 108] Compiling GI.Gsk.Objects.VulkanRenderer
[ 31 of 108] Compiling GI.Gsk.Objects.RadialGradientNode[boot]
[ 32 of 108] Compiling GI.Gsk.Objects.RadialGradientNode
[ 33 of 108] Compiling GI.Gsk.Objects.OpacityNode[boot]
[ 34 of 108] Compiling GI.Gsk.Objects.OpacityNode
[ 35 of 108] Compiling GI.Gsk.Objects.NglRenderer[boot]
[ 36 of 108] Compiling GI.Gsk.Objects.NglRenderer
[ 37 of 108] Compiling GI.Gsk.Objects.MaskNode[boot]
[ 38 of 108] Compiling GI.Gsk.Objects.MaskNode
[ 39 of 108] Compiling GI.Gsk.Objects.LinearGradientNode[boot]
[ 40 of 108] Compiling GI.Gsk.Objects.LinearGradientNode
[ 41 of 108] Compiling GI.Gsk.Objects.GLShader[boot]
[ 42 of 108] Compiling GI.Gsk.Objects.GLShader
[ 43 of 108] Compiling GI.Gsk.Objects.GLShaderNode[boot]
[ 44 of 108] Compiling GI.Gsk.Objects.GLShaderNode
[ 45 of 108] Compiling GI.Gsk.Objects.GLRenderer[boot]
[ 46 of 108] Compiling GI.Gsk.Objects.GLRenderer
[ 47 of 108] Compiling GI.Gsk.Objects.DebugNode[boot]
[ 48 of 108] Compiling GI.Gsk.Objects.DebugNode
[ 49 of 108] Compiling GI.Gsk.Objects.CrossFadeNode[boot]
[ 50 of 108] Compiling GI.Gsk.Objects.CrossFadeNode
[ 51 of 108] Compiling GI.Gsk.Objects.ContainerNode[boot]
[ 52 of 108] Compiling GI.Gsk.Objects.ContainerNode
[ 53 of 108] Compiling GI.Gsk.Objects.ConicGradientNode[boot]
[ 54 of 108] Compiling GI.Gsk.Objects.ConicGradientNode
[ 55 of 108] Compiling GI.Gsk.Objects.ColorNode[boot]
[ 56 of 108] Compiling GI.Gsk.Objects.ColorNode
[ 57 of 108] Compiling GI.Gsk.Objects.ColorMatrixNode[boot]
[ 58 of 108] Compiling GI.Gsk.Objects.ColorMatrixNode
[ 59 of 108] Compiling GI.Gsk.Objects.ClipNode[boot]
[ 60 of 108] Compiling GI.Gsk.Objects.ClipNode
[ 61 of 108] Compiling GI.Gsk.Objects.CairoRenderer[boot]
[ 62 of 108] Compiling GI.Gsk.Objects.CairoRenderer
[ 63 of 108] Compiling GI.Gsk.Objects.CairoNode[boot]
[ 64 of 108] Compiling GI.Gsk.Objects.CairoNode
[ 65 of 108] Compiling GI.Gsk.Objects.BroadwayRenderer[boot]
[ 66 of 108] Compiling GI.Gsk.Objects.BroadwayRenderer
[ 67 of 108] Compiling GI.Gsk.Objects.BlurNode[boot]
[ 68 of 108] Compiling GI.Gsk.Objects.BlurNode
[ 69 of 108] Compiling GI.Gsk.Objects.BlendNode[boot]
[ 70 of 108] Compiling GI.Gsk.Objects.BlendNode
[ 71 of 108] Compiling GI.Gsk.Functions
[ 72 of 108] Compiling GI.Gsk.Structs.RoundedRect[boot]
[ 73 of 108] Compiling GI.Gsk.Structs.RoundedRect
[ 74 of 108] Compiling GI.Gsk.Objects.RoundedClipNode[boot]
[ 75 of 108] Compiling GI.Gsk.Objects.RoundedClipNode
[ 76 of 108] Compiling GI.Gsk.Objects.OutsetShadowNode[boot]
[ 77 of 108] Compiling GI.Gsk.Objects.OutsetShadowNode
[ 78 of 108] Compiling GI.Gsk.Objects.InsetShadowNode[boot]
[ 79 of 108] Compiling GI.Gsk.Objects.InsetShadowNode
[ 80 of 108] Compiling GI.Gsk.Objects.BorderNode[boot]
[ 81 of 108] Compiling GI.Gsk.Objects.BorderNode
[ 82 of 108] Compiling GI.Gsk.Structs.ShaderArgsBuilder[boot]
[ 83 of 108] Compiling GI.Gsk.Structs.ShaderArgsBuilder
[ 84 of 108] Compiling GI.Gsk.Structs.Shadow[boot]
[ 85 of 108] Compiling GI.Gsk.Structs.Shadow
[ 86 of 108] Compiling GI.Gsk.Objects.ShadowNode[boot]
[ 87 of 108] Compiling GI.Gsk.Objects.ShadowNode
[ 88 of 108] Compiling GI.Gsk.Structs.Stroke[boot]
[ 89 of 108] Compiling GI.Gsk.Structs.Stroke
[ 90 of 108] Compiling GI.Gsk.Structs.Path[boot]
[ 91 of 108] Compiling GI.Gsk.Structs.Path
[ 92 of 108] Compiling GI.Gsk.Structs.PathMeasure[boot]
[ 93 of 108] Compiling GI.Gsk.Structs.PathMeasure
[ 94 of 108] Compiling GI.Gsk.Structs.PathPoint[boot]
[ 95 of 108] Compiling GI.Gsk.Structs.PathPoint
[ 96 of 108] Compiling GI.Gsk.Structs.PathBuilder[boot]
[ 97 of 108] Compiling GI.Gsk.Structs.PathBuilder
[ 98 of 108] Compiling GI.Gsk.Objects.StrokeNode[boot]
[ 99 of 108] Compiling GI.Gsk.Objects.StrokeNode
[100 of 108] Compiling GI.Gsk.Objects.FillNode[boot]
[101 of 108] Compiling GI.Gsk.Objects.FillNode
[102 of 108] Compiling GI.Gsk.Structs.Transform[boot]
[103 of 108] Compiling GI.Gsk.Structs.Transform
[104 of 108] Compiling GI.Gsk.Structs
[105 of 108] Compiling GI.Gsk.Objects.TransformNode[boot]
[106 of 108] Compiling GI.Gsk.Objects.TransformNode
[107 of 108] Compiling GI.Gsk.Objects
[108 of 108] Compiling GI.Gsk
