Resolving dependencies...
Build profile: -w ghc-9.10.2 -O1
In order, the following will be built (use -v for more details):
 - word-trie-0.3.0 (lib) (first run)
 - word-trie-0.3.0 (test:spec) (first run)
Configuring library for word-trie-0.3.0...
Preprocessing library for word-trie-0.3.0...
Building library for word-trie-0.3.0...
[1 of 1] Compiling Data.Trie
src/Data/Trie.hs:74:28-31: warning: [GHC-63394] [-Wx-partial]
    In the use of ‘head’
    (imported from Prelude, but defined in GHC.Internal.List):
    "This is a partial function, it throws an error on empty lists. Use pattern matching, 'Data.List.uncons' or 'Data.Maybe.listToMaybe' instead. Consider refactoring to use "Data.List.NonEmpty"."
   |
74 |         let (char, trie) = head ls in
   |                            ^^^^

Configuring test suite 'spec' for word-trie-0.3.0...
Preprocessing test suite 'spec' for word-trie-0.3.0...
Building test suite 'spec' for word-trie-0.3.0...
[1 of 2] Compiling Data.TrieSpec
test/Data/TrieSpec.hs:3:1: warning: [GHC-66111] [-Wunused-imports]
    The import of ‘Control.Applicative’ is redundant
      except perhaps to import instances from ‘Control.Applicative’
    To import instances alone, use: import Control.Applicative()
  |
3 | import Control.Applicative ((<$>))
  | ^^^^^^^^^^^^^^^^^^^^^^^^^^^^^^^^^^

[2 of 2] Compiling Main
[3 of 3] Linking dist-newstyle/build/x86_64-linux/ghc-9.10.2/word-trie-0.3.0/t/spec/build/spec/spec
