Build profile: -w ghc-9.6.5 -O1
In order, the following will be built (use -v for more details):
 - iproute-1.7.12 (lib) (first run)
 - iproute-1.7.12 (test:doctest) (first run)
 - iproute-1.7.12 (test:spec) (first run)
Configuring library for iproute-1.7.12...
Preprocessing library for iproute-1.7.12...
Building library for iproute-1.7.12...
[1 of 9] Compiling Data.IP.Addr

Data/IP/Addr.hs:622:5: warning: [GHC-62161] [-Wincomplete-uni-patterns]
    Pattern match(es) are non-exhaustive
    In a pattern binding:
        Patterns of type ‘[Int]’ not matched:
            []
            [_]
            [_, _]
            [_, _, _]
            ...
    |
622 |     [i1,i2,i3,i4] = fromIPv4 ip
    |     ^^^^^^^^^^^^^^^^^^^^^^^^^^^
[2 of 9] Compiling Data.IP.Builder
[3 of 9] Compiling Data.IP.Mask
[4 of 9] Compiling Data.IP.Range
[5 of 9] Compiling Data.IP.Op

Data/IP/Op.hs:109:5: warning: [GHC-62161] [-Wincomplete-uni-patterns]
    Pattern match(es) are non-exhaustive
    In a pattern binding:
        Patterns of type ‘[Int]’ not matched:
            []
            [_]
            [_, _]
            [_, _, _]
            ...
    |
109 |     [i1,i2,i3,i4] = fromIPv4 ip
    |     ^^^^^^^^^^^^^^^^^^^^^^^^^^^
[6 of 9] Compiling Data.IP.Internal
[7 of 9] Compiling Data.IP
[8 of 9] Compiling Data.IP.RouteTable.Internal
[9 of 9] Compiling Data.IP.RouteTable
Configuring test suite 'doctest' for iproute-1.7.12...
Preprocessing test suite 'doctest' for iproute-1.7.12...
Building test suite 'doctest' for iproute-1.7.12...
[1 of 1] Compiling Main
[2 of 2] Linking /tmp/workdir-iproute/iproute-1.7.12/dist-newstyle/build/x86_64-linux/ghc-9.6.5/iproute-1.7.12/t/doctest/build/doctest/doctest
Configuring test suite 'spec' for iproute-1.7.12...
Preprocessing test suite 'spec' for iproute-1.7.12...
Building test suite 'spec' for iproute-1.7.12...
[1 of 4] Compiling BuilderSpec
[2 of 4] Compiling RouteTableSpec

test/RouteTableSpec.hs:17:1: warning: [-Wunused-imports]
    The import of ‘Data.Monoid’ is redundant
      except perhaps to import instances from ‘Data.Monoid’
    To import instances alone, use: import Data.Monoid()
   |
17 | import Data.Monoid ((<>))
   | ^^^^^^^^^^^^^^^^^^^^^^^^^
[3 of 4] Compiling IPSpec
[4 of 4] Compiling Main
[5 of 5] Linking /tmp/workdir-iproute/iproute-1.7.12/dist-newstyle/build/x86_64-linux/ghc-9.6.5/iproute-1.7.12/t/spec/build/spec/spec
