Resolving dependencies...
Build profile: -w ghc-9.10.2 -O1
In order, the following will be built (use -v for more details):
 - mnist-idx-conduit-0.4.0.0 (lib) (first run)
 - mnist-idx-conduit-0.4.0.0 (test:spec) (first run)
Configuring library for mnist-idx-conduit-0.4.0.0...
Preprocessing library for mnist-idx-conduit-0.4.0.0...
Building library for mnist-idx-conduit-0.4.0.0...
[1 of 1] Compiling Data.IDX.Conduit
src/Data/IDX/Conduit.hs:91:29: warning: [GHC-63394] [-Wx-partial]
    In the use of ‘head’
    (imported from Prelude, but defined in GHC.Internal.List):
    "This is a partial function, it throws an error on empty lists. Use pattern matching, 'Data.List.uncons' or 'Data.Maybe.listToMaybe' instead. Consider refactoring to use "Data.List.NonEmpty"."
   |
91 |   | length xs == 1 = Right (head xs)
   |                             ^^^^

Configuring test suite 'spec' for mnist-idx-conduit-0.4.0.0...
Preprocessing test suite 'spec' for mnist-idx-conduit-0.4.0.0...
Building test suite 'spec' for mnist-idx-conduit-0.4.0.0...
[1 of 1] Compiling Main
[2 of 2] Linking /tmp/workdir-mnist-idx-conduit/mnist-idx-conduit-0.4.0.0/dist-newstyle/build/x86_64-linux/ghc-9.10.2/mnist-idx-conduit-0.4.0.0/t/spec/build/spec/spec
