Resolving dependencies...
Build profile: -w ghc-9.10.2 -O1
In order, the following will be built (use -v for more details):
 - bytezap-1.6.0 (lib) (first run)
Configuring library for bytezap-1.6.0...
Preprocessing library for bytezap-1.6.0...
Building library for bytezap-1.6.0...
[ 1 of 22] Compiling Bytezap.Common.Generic
[ 2 of 22] Compiling Bytezap.Common.TypeNats
[ 3 of 22] Compiling Paths_bytezap
[ 4 of 22] Compiling Raehik.Compat.Data.Int.ByteSwap
[ 5 of 22] Compiling Raehik.Compat.Data.Word.ByteSwap
[ 6 of 22] Compiling Raehik.Compat.GHC.Exts.GHC908MemcpyPrimops
[ 7 of 22] Compiling Raehik.Compat.GHC.Exts.GHC910UnalignedAddrPrimops
[ 8 of 22] Compiling Raehik.Compat.Data.Primitive.Types
[ 9 of 22] Compiling Raehik.Compat.Data.Primitive.Types.Endian
[10 of 22] Compiling Bytezap.Struct
[11 of 22] Compiling Bytezap.Struct.TypeLits.Bytes
[12 of 22] Compiling Bytezap.Struct.Generic
[13 of 22] Compiling Bytezap.Poke
[14 of 22] Compiling Bytezap.Write.Internal
[15 of 22] Compiling Bytezap.Write
[16 of 22] Compiling Bytezap.Poke.KnownLen
[17 of 22] Compiling Bytezap.Poke.Derived.Endian
[18 of 22] Compiling Bytezap.Poke.Derived
[19 of 22] Compiling Bytezap.Write.Derived
[20 of 22] Compiling Bytezap.Parser.Struct
[21 of 22] Compiling Bytezap.Parser.Struct.TypeLits.Bytes
[22 of 22] Compiling Bytezap.Parser.Struct.Generic
