Resolving dependencies...
Build profile: -w ghc-9.6.5 -O1
In order, the following will be built (use -v for more details):
 - Diff-0.4.1 (lib) (requires build)
 - base-compat-0.13.1 (lib) (requires build)
 - base16-bytestring-1.0.2.0 (lib) (requires build)
 - generically-0.1.1 (lib) (requires build)
 - semialign-1.3.1 (lib) (requires build)
 - temporary-1.3 (lib) (requires build)
 - typed-process-0.2.11.1 (lib) (requires build)
 - witherable-0.4.2 (lib) (requires build)
 - base-compat-batteries-0.13.1 (lib) (requires build)
 - tasty-golden-2.3.5 (lib) (requires build)
Starting     base16-bytestring-1.0.2.0 (lib)
Starting     generically-0.1.1 (lib)
Starting     Diff-0.4.1 (lib)
Starting     base-compat-0.13.1 (lib)
Building     generically-0.1.1 (lib)
Building     Diff-0.4.1 (lib)
Building     base16-bytestring-1.0.2.0 (lib)
Building     base-compat-0.13.1 (lib)
Installing   generically-0.1.1 (lib)
Installing   base16-bytestring-1.0.2.0 (lib)
Completed    generically-0.1.1 (lib)
Starting     semialign-1.3.1 (lib)
Installing   Diff-0.4.1 (lib)
Installing   base-compat-0.13.1 (lib)
Completed    base16-bytestring-1.0.2.0 (lib)
Starting     temporary-1.3 (lib)
Completed    Diff-0.4.1 (lib)
Starting     typed-process-0.2.11.1 (lib)
Building     semialign-1.3.1 (lib)
Building     temporary-1.3 (lib)
Building     typed-process-0.2.11.1 (lib)
Completed    base-compat-0.13.1 (lib)
Starting     witherable-0.4.2 (lib)
Installing   temporary-1.3 (lib)
Building     witherable-0.4.2 (lib)
Completed    temporary-1.3 (lib)
Starting     base-compat-batteries-0.13.1 (lib)
Installing   typed-process-0.2.11.1 (lib)
Building     base-compat-batteries-0.13.1 (lib)
Completed    typed-process-0.2.11.1 (lib)
Starting     tasty-golden-2.3.5 (lib)
Building     tasty-golden-2.3.5 (lib)
Installing   semialign-1.3.1 (lib)
Installing   base-compat-batteries-0.13.1 (lib)
Installing   tasty-golden-2.3.5 (lib)
Installing   witherable-0.4.2 (lib)
Completed    semialign-1.3.1 (lib)
Completed    tasty-golden-2.3.5 (lib)
Completed    witherable-0.4.2 (lib)
Completed    base-compat-batteries-0.13.1 (lib)
