Resolving dependencies...
Build profile: -w ghc-9.10.2 -O1
In order, the following will be built (use -v for more details):
 - lens-family-th-0.5.3.2 (lib) (first run)
 - lens-family-th-0.5.3.2 (test:lens-family-th-test) (first run)
Configuring library for lens-family-th-0.5.3.2...
Warning: [git-protocol] Cloning over git:// might lead to an arbitrary code
execution vulnerability. Furthermore, popular forges like GitHub do not
support it. Use https:// or ssh:// instead.
Preprocessing library for lens-family-th-0.5.3.2...
Building library for lens-family-th-0.5.3.2...
[1 of 3] Compiling Lens.Family.THCore
[2 of 3] Compiling Lens.Family.TH
[3 of 3] Compiling Lens.Family2.TH
Configuring test suite 'lens-family-th-test' for lens-family-th-0.5.3.2...
Warning: [git-protocol] Cloning over git:// might lead to an arbitrary code
execution vulnerability. Furthermore, popular forges like GitHub do not
support it. Use https:// or ssh:// instead.
Preprocessing test suite 'lens-family-th-test' for lens-family-th-0.5.3.2...
Building test suite 'lens-family-th-test' for lens-family-th-0.5.3.2...
[1 of 1] Compiling Main
[2 of 2] Linking dist-newstyle/build/x86_64-linux/ghc-9.10.2/lens-family-th-0.5.3.2/t/lens-family-th-test/build/lens-family-th-test/lens-family-th-test
