Resolving dependencies...
Build profile: -w ghc-9.10.2 -O1
In order, the following will be built (use -v for more details):
 - jsaddle-dom-0.9.9.2 (lib) (first run)
Configuring library for jsaddle-dom-0.9.9.2...
Preprocessing library for jsaddle-dom-0.9.9.2...
Building library for jsaddle-dom-0.9.9.2...
[  1 of 600] Compiling JSDOM.Custom.RTCPeerConnectionError
[  2 of 600] Compiling JSDOM.Types
[  3 of 600] Compiling JSDOM.Generated.Enums
[  4 of 600] Compiling JSDOM.Enums
[  5 of 600] Compiling JSDOM.Generated.UIEvent
[  6 of 600] Compiling JSDOM.Generated.MouseEvent
[  7 of 600] Compiling JSDOM.Generated.EventTarget
[  8 of 600] Compiling JSDOM.Generated.Event
[  9 of 600] Compiling JSDOM.EventTargetClosures
[ 10 of 600] Compiling JSDOM.Generated.XSLTProcessor
[ 11 of 600] Compiling JSDOM.Generated.XPathResult
[ 12 of 600] Compiling JSDOM.Generated.XPathNSResolver
[ 13 of 600] Compiling JSDOM.Generated.XPathExpression
[ 14 of 600] Compiling JSDOM.Generated.XPathException
[ 15 of 600] Compiling JSDOM.Generated.XPathEvaluator
[ 16 of 600] Compiling JSDOM.Generated.XMLSerializer
[ 17 of 600] Compiling JSDOM.Generated.XMLHttpRequestProgressEvent
[ 18 of 600] Compiling JSDOM.Generated.XMLHttpRequestEventTarget
[ 19 of 600] Compiling JSDOM.Generated.XMLHttpRequest
[ 20 of 600] Compiling JSDOM.Generated.WritableStream
[ 21 of 600] Compiling JSDOM.Generated.WorkerNavigator
[ 22 of 600] Compiling JSDOM.Generated.WorkerLocation
[ 23 of 600] Compiling JSDOM.Generated.WorkerGlobalScope
[ 24 of 600] Compiling JSDOM.Generated.Worker
[ 25 of 600] Compiling JSDOM.Generated.WindowOrWorkerGlobalScope
[ 26 of 600] Compiling JSDOM.Generated.WindowEventHandlers
[ 27 of 600] Compiling JSDOM.Generated.Window
[ 28 of 600] Compiling JSDOM.Generated.WheelEvent
[ 29 of 600] Compiling JSDOM.Generated.WebSocket
[ 30 of 600] Compiling JSDOM.Generated.WebKitTransitionEvent
[ 31 of 600] Compiling JSDOM.Generated.WebKitSubtleCrypto
[ 32 of 600] Compiling JSDOM.Generated.WebKitPoint
[ 33 of 600] Compiling JSDOM.Generated.WebKitPlaybackTargetAvailabilityEvent
[ 34 of 600] Compiling JSDOM.Generated.WebKitNamespace
[ 35 of 600] Compiling JSDOM.Generated.WebKitNamedFlow
[ 36 of 600] Compiling JSDOM.Generated.WebKitMediaKeys
[ 37 of 600] Compiling JSDOM.Generated.WebKitMediaKeySession
[ 38 of 600] Compiling JSDOM.Generated.WebKitMediaKeyNeededEvent
[ 39 of 600] Compiling JSDOM.Generated.WebKitMediaKeyMessageEvent
[ 40 of 600] Compiling JSDOM.Generated.WebKitMediaKeyError
[ 41 of 600] Compiling JSDOM.Generated.WebKitCSSViewportRule
[ 42 of 600] Compiling JSDOM.Generated.WebKitCSSRegionRule
[ 43 of 600] Compiling JSDOM.Generated.WebKitCSSMatrix
[ 44 of 600] Compiling JSDOM.Generated.WebKitAnimationEvent
[ 45 of 600] Compiling JSDOM.Generated.WebGPUTextureDescriptor
[ 46 of 600] Compiling JSDOM.Generated.WebGPUTexture
[ 47 of 600] Compiling JSDOM.Generated.WebGPURenderingContext
[ 48 of 600] Compiling JSDOM.Generated.WebGPURenderPipelineState
[ 49 of 600] Compiling JSDOM.Generated.WebGPURenderPipelineDescriptor
[ 50 of 600] Compiling JSDOM.Generated.WebGPURenderPipelineColorAttachmentDescriptor
[ 51 of 600] Compiling JSDOM.Generated.WebGPURenderPassDescriptor
[ 52 of 600] Compiling JSDOM.Generated.WebGPURenderPassDepthAttachmentDescriptor
[ 53 of 600] Compiling JSDOM.Generated.WebGPURenderPassColorAttachmentDescriptor
[ 54 of 600] Compiling JSDOM.Generated.WebGPURenderPassAttachmentDescriptor
[ 55 of 600] Compiling JSDOM.Generated.WebGPURenderCommandEncoder
[ 56 of 600] Compiling JSDOM.Generated.WebGPULibrary
[ 57 of 600] Compiling JSDOM.Generated.WebGPUFunction
[ 58 of 600] Compiling JSDOM.Generated.WebGPUDrawable
[ 59 of 600] Compiling JSDOM.Generated.WebGPUDepthStencilState
[ 60 of 600] Compiling JSDOM.Generated.WebGPUDepthStencilDescriptor
[ 61 of 600] Compiling JSDOM.Generated.WebGPUComputeCommandEncoder
[ 62 of 600] Compiling JSDOM.Generated.WebGPUCommandQueue
[ 63 of 600] Compiling JSDOM.Generated.WebGPUCommandBuffer
[ 64 of 600] Compiling JSDOM.Generated.WebGPUBuffer
[ 65 of 600] Compiling JSDOM.Generated.WebGLShaderPrecisionFormat
[ 66 of 600] Compiling JSDOM.Generated.WebGLRenderingContextBase
[ 67 of 600] Compiling JSDOM.Generated.WebGLLoseContext
[ 68 of 600] Compiling JSDOM.Generated.WebGLDrawBuffers
[ 69 of 600] Compiling JSDOM.Generated.WebGLDepthTexture
[ 70 of 600] Compiling JSDOM.Generated.WebGLDebugShaders
[ 71 of 600] Compiling JSDOM.Generated.WebGLDebugRendererInfo
[ 72 of 600] Compiling JSDOM.Generated.WebGLContextEvent
[ 73 of 600] Compiling JSDOM.Generated.WebGLCompressedTextureS3TC
[ 74 of 600] Compiling JSDOM.Generated.WebGLCompressedTexturePVRTC
[ 75 of 600] Compiling JSDOM.Generated.WebGLCompressedTextureATC
[ 76 of 600] Compiling JSDOM.Generated.WebGLActiveInfo
[ 77 of 600] Compiling JSDOM.Generated.WebGL2RenderingContext
[ 78 of 600] Compiling JSDOM.Generated.WaveShaperNode
[ 79 of 600] Compiling JSDOM.Generated.VoidCallback
[ 80 of 600] Compiling JSDOM.Generated.VideoTrackList
[ 81 of 600] Compiling JSDOM.Generated.VideoTrack
[ 82 of 600] Compiling JSDOM.Generated.VideoPlaybackQuality
[ 83 of 600] Compiling JSDOM.Generated.ValidityState
[ 84 of 600] Compiling JSDOM.Generated.VTTRegionList
[ 85 of 600] Compiling JSDOM.Generated.VTTRegion
[ 86 of 600] Compiling JSDOM.Generated.VTTCue
[ 87 of 600] Compiling JSDOM.Generated.UserMessageHandler
[ 88 of 600] Compiling JSDOM.Generated.URLSearchParams
[ 89 of 600] Compiling JSDOM.Generated.URL
[ 90 of 600] Compiling JSDOM.Generated.TreeWalker
[ 91 of 600] Compiling JSDOM.Generated.TransitionEvent
[ 92 of 600] Compiling JSDOM.Generated.TrackEvent
[ 93 of 600] Compiling JSDOM.Generated.TouchList
[ 94 of 600] Compiling JSDOM.Generated.TouchEvent
[ 95 of 600] Compiling JSDOM.Generated.Touch
[ 96 of 600] Compiling JSDOM.Generated.TimeRanges
[ 97 of 600] Compiling JSDOM.Generated.TextTrackList
[ 98 of 600] Compiling JSDOM.Generated.TextTrackCueList
[ 99 of 600] Compiling JSDOM.Generated.TextTrackCue
[100 of 600] Compiling JSDOM.Generated.TextTrack
[101 of 600] Compiling JSDOM.Generated.TextMetrics
[102 of 600] Compiling JSDOM.Generated.TextEvent
[103 of 600] Compiling JSDOM.Generated.TextEncoder
[104 of 600] Compiling JSDOM.Generated.TextDecoder
[105 of 600] Compiling JSDOM.Generated.Text
[106 of 600] Compiling JSDOM.Generated.SubtleCrypto
[107 of 600] Compiling JSDOM.Generated.StyleSheetList
[108 of 600] Compiling JSDOM.Generated.StyleSheet
[109 of 600] Compiling JSDOM.Generated.StyleMedia
[110 of 600] Compiling JSDOM.Generated.StringCallback
[111 of 600] Compiling JSDOM.Generated.StorageUsageCallback
[112 of 600] Compiling JSDOM.Generated.StorageQuotaCallback
[113 of 600] Compiling JSDOM.Generated.StorageQuota
[114 of 600] Compiling JSDOM.Generated.StorageInfo
[115 of 600] Compiling JSDOM.Generated.StorageEvent
[116 of 600] Compiling JSDOM.Generated.StorageErrorCallback
[117 of 600] Compiling JSDOM.Generated.Storage
[118 of 600] Compiling JSDOM.Generated.StaticRange
[119 of 600] Compiling JSDOM.Generated.SpeechSynthesisVoice
[120 of 600] Compiling JSDOM.Generated.SpeechSynthesisUtterance
[121 of 600] Compiling JSDOM.Generated.SpeechSynthesisEvent
[122 of 600] Compiling JSDOM.Generated.SpeechSynthesis
[123 of 600] Compiling JSDOM.Generated.SourceBufferList
[124 of 600] Compiling JSDOM.Generated.SourceBuffer
[125 of 600] Compiling JSDOM.Generated.Slotable
[126 of 600] Compiling JSDOM.Generated.SiteBoundCredential
[127 of 600] Compiling JSDOM.Generated.ShadowRoot
[128 of 600] Compiling JSDOM.Generated.Selection
[129 of 600] Compiling JSDOM.Generated.SecurityPolicyViolationEvent
[130 of 600] Compiling JSDOM.Generated.ScriptProcessorNode
[131 of 600] Compiling JSDOM.Generated.Screen
[132 of 600] Compiling JSDOM.Generated.SVGZoomEvent
[133 of 600] Compiling JSDOM.Generated.SVGZoomAndPan
[134 of 600] Compiling JSDOM.Generated.SVGViewSpec
[135 of 600] Compiling JSDOM.Generated.SVGViewElement
[136 of 600] Compiling JSDOM.Generated.SVGUseElement
[137 of 600] Compiling JSDOM.Generated.SVGUnitTypes
[138 of 600] Compiling JSDOM.Generated.SVGURIReference
[139 of 600] Compiling JSDOM.Generated.SVGTransformList
[140 of 600] Compiling JSDOM.Generated.SVGTransform
[141 of 600] Compiling JSDOM.Generated.SVGTextPositioningElement
[142 of 600] Compiling JSDOM.Generated.SVGTextPathElement
[143 of 600] Compiling JSDOM.Generated.SVGTextContentElement
[144 of 600] Compiling JSDOM.Generated.SVGTests
[145 of 600] Compiling JSDOM.Generated.SVGStyleElement
[146 of 600] Compiling JSDOM.Generated.SVGStringList
[147 of 600] Compiling JSDOM.Generated.SVGStopElement
[148 of 600] Compiling JSDOM.Generated.SVGScriptElement
[149 of 600] Compiling JSDOM.Generated.SVGSVGElement
[150 of 600] Compiling JSDOM.Generated.SVGRenderingIntent
[151 of 600] Compiling JSDOM.Generated.SVGRectElement
[152 of 600] Compiling JSDOM.Generated.SVGRect
[153 of 600] Compiling JSDOM.Generated.SVGRadialGradientElement
[154 of 600] Compiling JSDOM.Generated.SVGPreserveAspectRatio
[155 of 600] Compiling JSDOM.Generated.SVGPolylineElement
[156 of 600] Compiling JSDOM.Generated.SVGPolygonElement
[157 of 600] Compiling JSDOM.Generated.SVGPointList
[158 of 600] Compiling JSDOM.Generated.SVGPoint
[159 of 600] Compiling JSDOM.Generated.SVGPatternElement
[160 of 600] Compiling JSDOM.Generated.SVGPathSegMovetoRel
[161 of 600] Compiling JSDOM.Generated.SVGPathSegMovetoAbs
[162 of 600] Compiling JSDOM.Generated.SVGPathSegList
[163 of 600] Compiling JSDOM.Generated.SVGPathSegLinetoVerticalRel
[164 of 600] Compiling JSDOM.Generated.SVGPathSegLinetoVerticalAbs
[165 of 600] Compiling JSDOM.Generated.SVGPathSegLinetoRel
[166 of 600] Compiling JSDOM.Generated.SVGPathSegLinetoHorizontalRel
[167 of 600] Compiling JSDOM.Generated.SVGPathSegLinetoHorizontalAbs
[168 of 600] Compiling JSDOM.Generated.SVGPathSegLinetoAbs
[169 of 600] Compiling JSDOM.Generated.SVGPathSegCurvetoQuadraticSmoothRel
[170 of 600] Compiling JSDOM.Generated.SVGPathSegCurvetoQuadraticSmoothAbs
[171 of 600] Compiling JSDOM.Generated.SVGPathSegCurvetoQuadraticRel
[172 of 600] Compiling JSDOM.Generated.SVGPathSegCurvetoQuadraticAbs
[173 of 600] Compiling JSDOM.Generated.SVGPathSegCurvetoCubicSmoothRel
[174 of 600] Compiling JSDOM.Generated.SVGPathSegCurvetoCubicSmoothAbs
[175 of 600] Compiling JSDOM.Generated.SVGPathSegCurvetoCubicRel
[176 of 600] Compiling JSDOM.Generated.SVGPathSegCurvetoCubicAbs
[177 of 600] Compiling JSDOM.Generated.SVGPathSegArcRel
[178 of 600] Compiling JSDOM.Generated.SVGPathSegArcAbs
[179 of 600] Compiling JSDOM.Generated.SVGPathSeg
[180 of 600] Compiling JSDOM.Generated.SVGPathElement
[181 of 600] Compiling JSDOM.Generated.SVGNumberList
[182 of 600] Compiling JSDOM.Generated.SVGNumber
[183 of 600] Compiling JSDOM.Generated.SVGMatrix
[184 of 600] Compiling JSDOM.Generated.SVGMaskElement
[185 of 600] Compiling JSDOM.Generated.SVGMarkerElement
[186 of 600] Compiling JSDOM.Generated.SVGLinearGradientElement
[187 of 600] Compiling JSDOM.Generated.SVGLineElement
[188 of 600] Compiling JSDOM.Generated.SVGLengthList
[189 of 600] Compiling JSDOM.Generated.SVGLength
[190 of 600] Compiling JSDOM.Generated.SVGImageElement
[191 of 600] Compiling JSDOM.Generated.SVGGraphicsElement
[192 of 600] Compiling JSDOM.Generated.SVGGradientElement
[193 of 600] Compiling JSDOM.Generated.SVGGlyphRefElement
[194 of 600] Compiling JSDOM.Generated.SVGForeignObjectElement
[195 of 600] Compiling JSDOM.Generated.SVGFitToViewBox
[196 of 600] Compiling JSDOM.Generated.SVGFilterPrimitiveStandardAttributes
[197 of 600] Compiling JSDOM.Generated.SVGFilterElement
[198 of 600] Compiling JSDOM.Generated.SVGFETurbulenceElement
[199 of 600] Compiling JSDOM.Generated.SVGFETileElement
[200 of 600] Compiling JSDOM.Generated.SVGFESpotLightElement
[201 of 600] Compiling JSDOM.Generated.SVGFESpecularLightingElement
[202 of 600] Compiling JSDOM.Generated.SVGFEPointLightElement
[203 of 600] Compiling JSDOM.Generated.SVGFEOffsetElement
[204 of 600] Compiling JSDOM.Generated.SVGFEMorphologyElement
[205 of 600] Compiling JSDOM.Generated.SVGFEMergeNodeElement
[206 of 600] Compiling JSDOM.Generated.SVGFEImageElement
[207 of 600] Compiling JSDOM.Generated.SVGFEGaussianBlurElement
[208 of 600] Compiling JSDOM.Generated.SVGFEDropShadowElement
[209 of 600] Compiling JSDOM.Generated.SVGFEDistantLightElement
[210 of 600] Compiling JSDOM.Generated.SVGFEDisplacementMapElement
[211 of 600] Compiling JSDOM.Generated.SVGFEDiffuseLightingElement
[212 of 600] Compiling JSDOM.Generated.SVGFEConvolveMatrixElement
[213 of 600] Compiling JSDOM.Generated.SVGFECompositeElement
[214 of 600] Compiling JSDOM.Generated.SVGFEComponentTransferElement
[215 of 600] Compiling JSDOM.Generated.SVGFEColorMatrixElement
[216 of 600] Compiling JSDOM.Generated.SVGFEBlendElement
[217 of 600] Compiling JSDOM.Generated.SVGExternalResourcesRequired
[218 of 600] Compiling JSDOM.Generated.SVGException
[219 of 600] Compiling JSDOM.Generated.SVGEllipseElement
[220 of 600] Compiling JSDOM.Generated.SVGElement
[221 of 600] Compiling JSDOM.Generated.SVGCursorElement
[222 of 600] Compiling JSDOM.Generated.SVGComponentTransferFunctionElement
[223 of 600] Compiling JSDOM.Generated.SVGClipPathElement
[224 of 600] Compiling JSDOM.Generated.SVGCircleElement
[225 of 600] Compiling JSDOM.Generated.SVGAnimationElement
[226 of 600] Compiling JSDOM.Generated.SVGAnimatedTransformList
[227 of 600] Compiling JSDOM.Generated.SVGAnimatedString
[228 of 600] Compiling JSDOM.Generated.SVGAnimatedRect
[229 of 600] Compiling JSDOM.Generated.SVGAnimatedPreserveAspectRatio
[230 of 600] Compiling JSDOM.Generated.SVGAnimatedNumberList
[231 of 600] Compiling JSDOM.Generated.SVGAnimatedNumber
[232 of 600] Compiling JSDOM.Generated.SVGAnimatedLengthList
[233 of 600] Compiling JSDOM.Generated.SVGAnimatedLength
[234 of 600] Compiling JSDOM.Generated.SVGAnimatedInteger
[235 of 600] Compiling JSDOM.Generated.SVGAnimatedEnumeration
[236 of 600] Compiling JSDOM.Generated.SVGAnimatedBoolean
[237 of 600] Compiling JSDOM.Generated.SVGAnimatedAngle
[238 of 600] Compiling JSDOM.Generated.SVGAngle
[239 of 600] Compiling JSDOM.Generated.SVGAltGlyphElement
[240 of 600] Compiling JSDOM.Generated.SVGAElement
[241 of 600] Compiling JSDOM.Generated.SQLTransactionErrorCallback
[242 of 600] Compiling JSDOM.Generated.SQLTransactionCallback
[243 of 600] Compiling JSDOM.Generated.SQLTransaction
[244 of 600] Compiling JSDOM.Generated.SQLStatementErrorCallback
[245 of 600] Compiling JSDOM.Generated.SQLStatementCallback
[246 of 600] Compiling JSDOM.Generated.SQLResultSetRowList
[247 of 600] Compiling JSDOM.Generated.SQLResultSet
[248 of 600] Compiling JSDOM.Generated.SQLException
[249 of 600] Compiling JSDOM.Generated.SQLError
[250 of 600] Compiling JSDOM.Generated.Response
[251 of 600] Compiling JSDOM.Generated.RequestAnimationFrameCallback
[252 of 600] Compiling JSDOM.Generated.Request
[253 of 600] Compiling JSDOM.Generated.Rect
[254 of 600] Compiling JSDOM.Generated.ReadableStreamSource
[255 of 600] Compiling JSDOM.Generated.ReadableStreamDefaultReader
[256 of 600] Compiling JSDOM.Generated.ReadableStreamDefaultController
[257 of 600] Compiling JSDOM.Generated.ReadableStreamBYOBRequest
[258 of 600] Compiling JSDOM.Generated.ReadableStreamBYOBReader
[259 of 600] Compiling JSDOM.Generated.ReadableStream
[260 of 600] Compiling JSDOM.Generated.ReadableByteStreamController
[261 of 600] Compiling JSDOM.Generated.Range
[262 of 600] Compiling JSDOM.Generated.RadioNodeList
[263 of 600] Compiling JSDOM.Generated.RTCTrackEvent
[264 of 600] Compiling JSDOM.Generated.RTCSessionDescription
[265 of 600] Compiling JSDOM.Generated.RTCRtpTransceiver
[266 of 600] Compiling JSDOM.Generated.RTCRtpSender
[267 of 600] Compiling JSDOM.Generated.RTCRtpReceiver
[268 of 600] Compiling JSDOM.Generated.RTCPeerConnectionIceEvent
[269 of 600] Compiling JSDOM.Generated.RTCPeerConnection
[270 of 600] Compiling JSDOM.Generated.RTCIceTransport
[271 of 600] Compiling JSDOM.Generated.RTCIceCandidateEvent
[272 of 600] Compiling JSDOM.Generated.RTCIceCandidate
[273 of 600] Compiling JSDOM.Generated.RTCDataChannelEvent
[274 of 600] Compiling JSDOM.Generated.RTCDataChannel
[275 of 600] Compiling JSDOM.Generated.RTCDTMFToneChangeEvent
[276 of 600] Compiling JSDOM.Generated.RTCDTMFSender
[277 of 600] Compiling JSDOM.Generated.RGBColor
[278 of 600] Compiling JSDOM.Generated.QuickTimePluginReplacement
[279 of 600] Compiling JSDOM.Generated.PromiseRejectionEvent
[280 of 600] Compiling JSDOM.Generated.ProgressEvent
[281 of 600] Compiling JSDOM.Generated.ProcessingInstruction
[282 of 600] Compiling JSDOM.Generated.PositionErrorCallback
[283 of 600] Compiling JSDOM.Generated.PositionError
[284 of 600] Compiling JSDOM.Generated.PositionCallback
[285 of 600] Compiling JSDOM.Generated.PopStateEvent
[286 of 600] Compiling JSDOM.Generated.PluginArray
[287 of 600] Compiling JSDOM.Generated.Plugin
[288 of 600] Compiling JSDOM.Generated.PerformanceTiming
[289 of 600] Compiling JSDOM.Generated.PerformanceResourceTiming
[290 of 600] Compiling JSDOM.Generated.PerformanceObserverEntryList
[291 of 600] Compiling JSDOM.Generated.PerformanceObserverCallback
[292 of 600] Compiling JSDOM.Generated.PerformanceObserver
[293 of 600] Compiling JSDOM.Generated.PerformanceNavigation
[294 of 600] Compiling JSDOM.Generated.PerformanceEntry
[295 of 600] Compiling JSDOM.Generated.Performance
[296 of 600] Compiling JSDOM.Generated.Path2D
[297 of 600] Compiling JSDOM.Generated.PasswordCredential
[298 of 600] Compiling JSDOM.Generated.ParentNode
[299 of 600] Compiling JSDOM.Generated.PannerNode
[300 of 600] Compiling JSDOM.Generated.PageTransitionEvent
[301 of 600] Compiling JSDOM.Generated.OverflowEvent
[302 of 600] Compiling JSDOM.Generated.OverconstrainedErrorEvent
[303 of 600] Compiling JSDOM.Generated.OverconstrainedError
[304 of 600] Compiling JSDOM.Generated.OscillatorNode
[305 of 600] Compiling JSDOM.Generated.OfflineAudioContext
[306 of 600] Compiling JSDOM.Generated.OfflineAudioCompletionEvent
[307 of 600] Compiling JSDOM.Generated.OESVertexArrayObject
[308 of 600] Compiling JSDOM.Generated.OESTextureHalfFloat
[309 of 600] Compiling JSDOM.Generated.OESStandardDerivatives
[310 of 600] Compiling JSDOM.Generated.NotificationPermissionCallback
[311 of 600] Compiling JSDOM.Generated.Notification
[312 of 600] Compiling JSDOM.Generated.NonElementParentNode
[313 of 600] Compiling JSDOM.Generated.NonDocumentTypeChildNode
[314 of 600] Compiling JSDOM.Generated.NodeList
[315 of 600] Compiling JSDOM.Generated.NodeIterator
[316 of 600] Compiling JSDOM.Generated.NodeFilter
[317 of 600] Compiling JSDOM.Generated.Node
[318 of 600] Compiling JSDOM.Generated.NavigatorUserMediaSuccessCallback
[319 of 600] Compiling JSDOM.Generated.NavigatorUserMediaErrorCallback
[320 of 600] Compiling JSDOM.Generated.NavigatorUserMediaError
[321 of 600] Compiling JSDOM.Generated.NavigatorOnLine
[322 of 600] Compiling JSDOM.Generated.NavigatorLanguage
[323 of 600] Compiling JSDOM.Generated.NavigatorID
[324 of 600] Compiling JSDOM.Generated.NavigatorConcurrentHardware
[325 of 600] Compiling JSDOM.Generated.Navigator
[326 of 600] Compiling JSDOM.Generated.NamedNodeMap
[327 of 600] Compiling JSDOM.Generated.MutationRecord
[328 of 600] Compiling JSDOM.Generated.MutationObserver
[329 of 600] Compiling JSDOM.Generated.MutationEvent
[330 of 600] Compiling JSDOM.Generated.MimeTypeArray
[331 of 600] Compiling JSDOM.Generated.MimeType
[332 of 600] Compiling JSDOM.Generated.MessagePort
[333 of 600] Compiling JSDOM.Generated.MessageEvent
[334 of 600] Compiling JSDOM.Generated.MessageChannel
[335 of 600] Compiling JSDOM.Generated.MediaStreamTrackEvent
[336 of 600] Compiling JSDOM.Generated.MediaStreamTrack
[337 of 600] Compiling JSDOM.Generated.MediaStreamEvent
[338 of 600] Compiling JSDOM.Generated.MediaStreamAudioSourceNode
[339 of 600] Compiling JSDOM.Generated.MediaStreamAudioDestinationNode
[340 of 600] Compiling JSDOM.Generated.MediaStream
[341 of 600] Compiling JSDOM.Generated.MediaSource
[342 of 600] Compiling JSDOM.Generated.MediaSession
[343 of 600] Compiling JSDOM.Generated.MediaRemoteControls
[344 of 600] Compiling JSDOM.Generated.MediaQueryListListener
[345 of 600] Compiling JSDOM.Generated.MediaQueryList
[346 of 600] Compiling JSDOM.Generated.MediaList
[347 of 600] Compiling JSDOM.Generated.MediaKeys
[348 of 600] Compiling JSDOM.Generated.MediaKeySystemAccess
[349 of 600] Compiling JSDOM.Generated.MediaKeyStatusMap
[350 of 600] Compiling JSDOM.Generated.MediaKeySession
[351 of 600] Compiling JSDOM.Generated.MediaKeyMessageEvent
[352 of 600] Compiling JSDOM.Generated.MediaError
[353 of 600] Compiling JSDOM.Generated.MediaEncryptedEvent
[354 of 600] Compiling JSDOM.Generated.MediaElementAudioSourceNode
[355 of 600] Compiling JSDOM.Generated.MediaDevices
[356 of 600] Compiling JSDOM.Generated.MediaDeviceInfo
[357 of 600] Compiling JSDOM.Generated.MediaControlsHost
[358 of 600] Compiling JSDOM.Generated.MediaController
[359 of 600] Compiling JSDOM.Generated.Location
[360 of 600] Compiling JSDOM.Generated.KeyframeEffect
[361 of 600] Compiling JSDOM.Generated.KeyboardEvent
[362 of 600] Compiling JSDOM.Generated.IntersectionObserverEntry
[363 of 600] Compiling JSDOM.Generated.IntersectionObserverCallback
[364 of 600] Compiling JSDOM.Generated.IntersectionObserver
[365 of 600] Compiling JSDOM.Generated.InspectorFrontendHost
[366 of 600] Compiling JSDOM.Generated.InputEvent
[367 of 600] Compiling JSDOM.Generated.ImageData
[368 of 600] Compiling JSDOM.Generated.IDBVersionChangeEvent
[369 of 600] Compiling JSDOM.Generated.IDBTransaction
[370 of 600] Compiling JSDOM.Generated.IDBRequest
[371 of 600] Compiling JSDOM.Generated.IDBOpenDBRequest
[372 of 600] Compiling JSDOM.Generated.IDBObjectStore
[373 of 600] Compiling JSDOM.Generated.IDBKeyRange
[374 of 600] Compiling JSDOM.Generated.IDBIndex
[375 of 600] Compiling JSDOM.Generated.IDBFactory
[376 of 600] Compiling JSDOM.Generated.IDBDatabase
[377 of 600] Compiling JSDOM.Generated.IDBCursorWithValue
[378 of 600] Compiling JSDOM.Generated.IDBCursor
[379 of 600] Compiling JSDOM.Generated.History
[380 of 600] Compiling JSDOM.Generated.Headers
[381 of 600] Compiling JSDOM.Generated.HashChangeEvent
[382 of 600] Compiling JSDOM.Generated.HTMLVideoElement
[383 of 600] Compiling JSDOM.Generated.HTMLUListElement
[384 of 600] Compiling JSDOM.Generated.HTMLTrackElement
[385 of 600] Compiling JSDOM.Generated.HTMLTitleElement
[386 of 600] Compiling JSDOM.Generated.HTMLTimeElement
[387 of 600] Compiling JSDOM.Generated.HTMLTextAreaElement
[388 of 600] Compiling JSDOM.Generated.HTMLTemplateElement
[389 of 600] Compiling JSDOM.Generated.HTMLTableSectionElement
[390 of 600] Compiling JSDOM.Generated.HTMLTableRowElement
[391 of 600] Compiling JSDOM.Generated.HTMLTableElement
[392 of 600] Compiling JSDOM.Generated.HTMLTableColElement
[393 of 600] Compiling JSDOM.Generated.HTMLTableCellElement
[394 of 600] Compiling JSDOM.Generated.HTMLTableCaptionElement
[395 of 600] Compiling JSDOM.Generated.HTMLStyleElement
[396 of 600] Compiling JSDOM.Generated.HTMLSourceElement
[397 of 600] Compiling JSDOM.Generated.HTMLSlotElement
[398 of 600] Compiling JSDOM.Generated.HTMLSelectElement
[399 of 600] Compiling JSDOM.Generated.HTMLScriptElement
[400 of 600] Compiling JSDOM.Generated.HTMLQuoteElement
[401 of 600] Compiling JSDOM.Generated.HTMLProgressElement
[402 of 600] Compiling JSDOM.Generated.HTMLPreElement
[403 of 600] Compiling JSDOM.Generated.HTMLParamElement
[404 of 600] Compiling JSDOM.Generated.HTMLParagraphElement
[405 of 600] Compiling JSDOM.Generated.HTMLOutputElement
[406 of 600] Compiling JSDOM.Generated.HTMLOptionsCollection
[407 of 600] Compiling JSDOM.Generated.HTMLOptionElement
[408 of 600] Compiling JSDOM.Generated.HTMLOptGroupElement
[409 of 600] Compiling JSDOM.Generated.HTMLObjectElement
[410 of 600] Compiling JSDOM.Generated.HTMLOListElement
[411 of 600] Compiling JSDOM.Generated.HTMLModElement
[412 of 600] Compiling JSDOM.Generated.HTMLMeterElement
[413 of 600] Compiling JSDOM.Generated.HTMLMetaElement
[414 of 600] Compiling JSDOM.Generated.HTMLMenuElement
[415 of 600] Compiling JSDOM.Generated.HTMLMediaElement
[416 of 600] Compiling JSDOM.Generated.HTMLMarqueeElement
[417 of 600] Compiling JSDOM.Generated.HTMLMapElement
[418 of 600] Compiling JSDOM.Generated.HTMLLinkElement
[419 of 600] Compiling JSDOM.Generated.HTMLLegendElement
[420 of 600] Compiling JSDOM.Generated.HTMLLabelElement
[421 of 600] Compiling JSDOM.Generated.HTMLLIElement
[422 of 600] Compiling JSDOM.Generated.HTMLKeygenElement
[423 of 600] Compiling JSDOM.Generated.HTMLInputElement
[424 of 600] Compiling JSDOM.Generated.HTMLImageElement
[425 of 600] Compiling JSDOM.Generated.HTMLIFrameElement
[426 of 600] Compiling JSDOM.Generated.HTMLHyperlinkElementUtils
[427 of 600] Compiling JSDOM.Generated.HTMLHtmlElement
[428 of 600] Compiling JSDOM.Generated.HTMLHeadingElement
[429 of 600] Compiling JSDOM.Generated.HTMLHeadElement
[430 of 600] Compiling JSDOM.Generated.HTMLHRElement
[431 of 600] Compiling JSDOM.Generated.HTMLFrameSetElement
[432 of 600] Compiling JSDOM.Generated.HTMLFrameElement
[433 of 600] Compiling JSDOM.Generated.HTMLFormElement
[434 of 600] Compiling JSDOM.Generated.HTMLFormControlsCollection
[435 of 600] Compiling JSDOM.Generated.HTMLFontElement
[436 of 600] Compiling JSDOM.Generated.HTMLFieldSetElement
[437 of 600] Compiling JSDOM.Generated.HTMLEmbedElement
[438 of 600] Compiling JSDOM.Generated.HTMLElement
[439 of 600] Compiling JSDOM.Generated.HTMLDocument
[440 of 600] Compiling JSDOM.Generated.HTMLDivElement
[441 of 600] Compiling JSDOM.Generated.HTMLDirectoryElement
[442 of 600] Compiling JSDOM.Generated.HTMLDetailsElement
[443 of 600] Compiling JSDOM.Generated.HTMLDataListElement
[444 of 600] Compiling JSDOM.Generated.HTMLDataElement
[445 of 600] Compiling JSDOM.Generated.HTMLDListElement
[446 of 600] Compiling JSDOM.Generated.HTMLCollection
[447 of 600] Compiling JSDOM.Generated.HTMLCanvasElement
[448 of 600] Compiling JSDOM.Generated.HTMLButtonElement
[449 of 600] Compiling JSDOM.Generated.HTMLBodyElement
[450 of 600] Compiling JSDOM.Generated.HTMLBaseElement
[451 of 600] Compiling JSDOM.Generated.HTMLBRElement
[452 of 600] Compiling JSDOM.Generated.HTMLAttachmentElement
[453 of 600] Compiling JSDOM.Generated.HTMLAreaElement
[454 of 600] Compiling JSDOM.Generated.HTMLAppletElement
[455 of 600] Compiling JSDOM.Generated.HTMLAnchorElement
[456 of 600] Compiling JSDOM.Generated.HTMLAllCollection
[457 of 600] Compiling JSDOM.Generated.GlobalPerformance
[458 of 600] Compiling JSDOM.Generated.GlobalEventHandlers
[459 of 600] Compiling JSDOM.Generated.GlobalCrypto
[460 of 600] Compiling JSDOM.Generated.Geoposition
[461 of 600] Compiling JSDOM.Generated.Geolocation
[462 of 600] Compiling JSDOM.Generated.GamepadEvent
[463 of 600] Compiling JSDOM.Generated.GamepadButton
[464 of 600] Compiling JSDOM.Generated.Gamepad
[465 of 600] Compiling JSDOM.Generated.GainNode
[466 of 600] Compiling JSDOM.Generated.FormData
[467 of 600] Compiling JSDOM.Generated.FontFaceSet
[468 of 600] Compiling JSDOM.Generated.FontFace
[469 of 600] Compiling JSDOM.Generated.FocusEvent
[470 of 600] Compiling JSDOM.Generated.FileReaderSync
[471 of 600] Compiling JSDOM.Generated.FileReader
[472 of 600] Compiling JSDOM.Generated.FileList
[473 of 600] Compiling JSDOM.Generated.FileException
[474 of 600] Compiling JSDOM.Generated.FileError
[475 of 600] Compiling JSDOM.Generated.File
[476 of 600] Compiling JSDOM.Generated.EventSource
[477 of 600] Compiling JSDOM.Generated.EventListener
[478 of 600] Compiling JSDOM.Generated.ErrorEvent
[479 of 600] Compiling JSDOM.Generated.ElementCSSInlineStyle
[480 of 600] Compiling JSDOM.Generated.Element
[481 of 600] Compiling JSDOM.Generated.EXTsRGB
[482 of 600] Compiling JSDOM.Generated.EXTTextureFilterAnisotropic
[483 of 600] Compiling JSDOM.Generated.EXTBlendMinMax
[484 of 600] Compiling JSDOM.Generated.DynamicsCompressorNode
[485 of 600] Compiling JSDOM.Generated.DocumentType
[486 of 600] Compiling JSDOM.Generated.DocumentTimeline
[487 of 600] Compiling JSDOM.Generated.DocumentOrShadowRoot
[488 of 600] Compiling JSDOM.Generated.DocumentFragment
[489 of 600] Compiling JSDOM.Generated.DocumentAndElementEventHandlers
[490 of 600] Compiling JSDOM.Generated.Document
[491 of 600] Compiling JSDOM.Generated.DeviceProximityEvent
[492 of 600] Compiling JSDOM.Generated.DeviceOrientationEvent
[493 of 600] Compiling JSDOM.Generated.DeviceMotionEvent
[494 of 600] Compiling JSDOM.Generated.DelayNode
[495 of 600] Compiling JSDOM.Generated.DedicatedWorkerGlobalScope
[496 of 600] Compiling JSDOM.Generated.DatabaseCallback
[497 of 600] Compiling JSDOM.Generated.Database
[498 of 600] Compiling JSDOM.Generated.DataTransferItemList
[499 of 600] Compiling JSDOM.Generated.DataTransferItem
[500 of 600] Compiling JSDOM.Generated.DataTransfer
[501 of 600] Compiling JSDOM.Generated.DataCue
[502 of 600] Compiling JSDOM.Generated.DOMTokenList
[503 of 600] Compiling JSDOM.Generated.DOMStringMap
[504 of 600] Compiling JSDOM.Generated.DOMStringList
[505 of 600] Compiling JSDOM.Generated.DOMRectReadOnly
[506 of 600] Compiling JSDOM.Generated.DOMRect
[507 of 600] Compiling JSDOM.Generated.DOMPointReadOnly
[508 of 600] Compiling JSDOM.Generated.DOMPoint
[509 of 600] Compiling JSDOM.Generated.DOMParser
[510 of 600] Compiling JSDOM.Generated.DOMNamedFlowCollection
[511 of 600] Compiling JSDOM.Generated.DOMImplementation
[512 of 600] Compiling JSDOM.Generated.DOMException
[513 of 600] Compiling JSDOM.Generated.DOMError
[514 of 600] Compiling JSDOM.Generated.CustomEvent
[515 of 600] Compiling JSDOM.Generated.CustomElementRegistry
[516 of 600] Compiling JSDOM.Generated.CryptoKey
[517 of 600] Compiling JSDOM.Generated.Crypto
[518 of 600] Compiling JSDOM.Generated.Counter
[519 of 600] Compiling JSDOM.Generated.CountQueuingStrategy
[520 of 600] Compiling JSDOM.Generated.Coordinates
[521 of 600] Compiling JSDOM.Generated.ConvolverNode
[522 of 600] Compiling JSDOM.Generated.CompositionEvent
[523 of 600] Compiling JSDOM.Generated.Comment
[524 of 600] Compiling JSDOM.Generated.CommandLineAPIHost
[525 of 600] Compiling JSDOM.Generated.CloseEvent
[526 of 600] Compiling JSDOM.Generated.ClipboardEvent
[527 of 600] Compiling JSDOM.Generated.ChildNode
[528 of 600] Compiling JSDOM.Generated.CharacterData
[529 of 600] Compiling JSDOM.Generated.CanvasRenderingContext2D
[530 of 600] Compiling JSDOM.Generated.CanvasPath
[531 of 600] Compiling JSDOM.Generated.CanvasGradient
[532 of 600] Compiling JSDOM.Generated.CanvasCaptureMediaStreamTrack
[533 of 600] Compiling JSDOM.Generated.CSSValueList
[534 of 600] Compiling JSDOM.Generated.CSSValue
[535 of 600] Compiling JSDOM.Generated.CSSSupportsRule
[536 of 600] Compiling JSDOM.Generated.CSSStyleSheet
[537 of 600] Compiling JSDOM.Generated.CSSStyleRule
[538 of 600] Compiling JSDOM.Generated.CSSStyleDeclaration
[539 of 600] Compiling JSDOM.Generated.CSSRuleList
[540 of 600] Compiling JSDOM.Generated.CSSRule
[541 of 600] Compiling JSDOM.Generated.CSSPrimitiveValue
[542 of 600] Compiling JSDOM.Generated.CSSPageRule
[543 of 600] Compiling JSDOM.Generated.CSSNamespaceRule
[544 of 600] Compiling JSDOM.Generated.CSSMediaRule
[545 of 600] Compiling JSDOM.Generated.CSSKeyframesRule
[546 of 600] Compiling JSDOM.Generated.CSSKeyframeRule
[547 of 600] Compiling JSDOM.Generated.CSSImportRule
[548 of 600] Compiling JSDOM.Generated.CSSFontFaceRule
[549 of 600] Compiling JSDOM.Generated.CSSFontFaceLoadEvent
[550 of 600] Compiling JSDOM.Generated.CSS
[551 of 600] Compiling JSDOM.Generated.ByteLengthQueuingStrategy
[552 of 600] Compiling JSDOM.Generated.Body
[553 of 600] Compiling JSDOM.Generated.BlobCallback
[554 of 600] Compiling JSDOM.Generated.Blob
[555 of 600] Compiling JSDOM.Generated.BiquadFilterNode
[556 of 600] Compiling JSDOM.Generated.BeforeUnloadEvent
[557 of 600] Compiling JSDOM.Generated.BeforeLoadEvent
[558 of 600] Compiling JSDOM.Generated.BasicCredential
[559 of 600] Compiling JSDOM.Generated.BarProp
[560 of 600] Compiling JSDOM.Generated.AutocompleteErrorEvent
[561 of 600] Compiling JSDOM.Generated.AudioTrackList
[562 of 600] Compiling JSDOM.Generated.AudioTrack
[563 of 600] Compiling JSDOM.Generated.AudioProcessingEvent
[564 of 600] Compiling JSDOM.Generated.AudioParam
[565 of 600] Compiling JSDOM.Generated.AudioNode
[566 of 600] Compiling JSDOM.Generated.AudioListener
[567 of 600] Compiling JSDOM.Generated.AudioDestinationNode
[568 of 600] Compiling JSDOM.Generated.AudioContext
[569 of 600] Compiling JSDOM.Generated.AudioBufferSourceNode
[570 of 600] Compiling JSDOM.Generated.AudioBufferCallback
[571 of 600] Compiling JSDOM.Generated.AudioBuffer
[572 of 600] Compiling JSDOM.Generated.Attr
[573 of 600] Compiling JSDOM.Generated.ApplicationCache
[574 of 600] Compiling JSDOM.Generated.ApplePayValidateMerchantEvent
[575 of 600] Compiling JSDOM.Generated.ApplePayShippingMethodSelectedEvent
[576 of 600] Compiling JSDOM.Generated.ApplePayShippingContactSelectedEvent
[577 of 600] Compiling JSDOM.Generated.ApplePaySession
[578 of 600] Compiling JSDOM.Generated.ApplePayPaymentMethodSelectedEvent
[579 of 600] Compiling JSDOM.Generated.ApplePayPaymentAuthorizedEvent
[580 of 600] Compiling JSDOM.Generated.ApplePayError
[581 of 600] Compiling JSDOM.Generated.AnimationEvent
[582 of 600] Compiling JSDOM.Generated.Animation
[583 of 600] Compiling JSDOM.Generated.Animatable
[584 of 600] Compiling JSDOM.Generated.AnalyserNode
[585 of 600] Compiling JSDOM.Generated.AbstractWorker
[586 of 600] Compiling JSDOM.Generated.ANGLEInstancedArrays
[587 of 600] Compiling JSDOM.EventM
[588 of 600] Compiling JSDOM.Custom.XMLHttpRequest
[589 of 600] Compiling JSDOM.Custom.Window
[590 of 600] Compiling JSDOM.Custom.SQLError
[591 of 600] Compiling JSDOM.Custom.SQLTransaction
[592 of 600] Compiling JSDOM.Custom.PositionError
[593 of 600] Compiling JSDOM.Custom.Geolocation
[594 of 600] Compiling JSDOM.Custom.FormData
[595 of 600] Compiling JSDOM.Custom.Database
[596 of 600] Compiling JSDOM.Custom.DOMError
[597 of 600] Compiling JSDOM.Custom.NavigatorUserMediaError
[598 of 600] Compiling JSDOM.Custom.Navigator
[599 of 600] Compiling JSDOM.Custom.AudioContext
[600 of 600] Compiling JSDOM
