Resolving dependencies...
Build profile: -w ghc-9.10.2 -O1
In order, the following will be built (use -v for more details):
 - gogol-youtube-analytics-1.0.0 (lib) (first run)
Configuring library for gogol-youtube-analytics-1.0.0...
Warning: [git-protocol] Cloning over git:// might lead to an arbitrary code
execution vulnerability. Furthermore, popular forges like GitHub do not
support it. Use https:// or ssh:// instead.
Preprocessing library for gogol-youtube-analytics-1.0.0...
Building library for gogol-youtube-analytics-1.0.0...
[ 1 of 12] Compiling Gogol.YouTubeAnalytics.Internal.Sum
[ 2 of 12] Compiling Gogol.YouTubeAnalytics.Internal.Product
[ 3 of 12] Compiling Gogol.YouTubeAnalytics.Types
[ 4 of 12] Compiling Gogol.YouTubeAnalytics.Reports.Query
[ 5 of 12] Compiling Gogol.YouTubeAnalytics.Groups.Update
[ 6 of 12] Compiling Gogol.YouTubeAnalytics.Groups.List
[ 7 of 12] Compiling Gogol.YouTubeAnalytics.Groups.Insert
[ 8 of 12] Compiling Gogol.YouTubeAnalytics.Groups.Delete
[ 9 of 12] Compiling Gogol.YouTubeAnalytics.GroupItems.List
[10 of 12] Compiling Gogol.YouTubeAnalytics.GroupItems.Insert
[11 of 12] Compiling Gogol.YouTubeAnalytics.GroupItems.Delete
[12 of 12] Compiling Gogol.YouTubeAnalytics
