Resolving dependencies...
Build profile: -w ghc-9.10.2 -O1
In order, the following will be built (use -v for more details):
 - morpheus-graphql-app-0.28.1 (lib) (first run)
 - morpheus-graphql-app-0.28.1 (test:morpheus-graphql-app-test) (first run)
Configuring library for morpheus-graphql-app-0.28.1...
Preprocessing library for morpheus-graphql-app-0.28.1...
Building library for morpheus-graphql-app-0.28.1...
[ 1 of 20] Compiling Data.Morpheus.App.Internal.Resolving.Event
[ 2 of 20] Compiling Data.Morpheus.App.Internal.Resolving.ResolverState
[ 3 of 20] Compiling Data.Morpheus.App.Internal.Resolving.MonadResolver
[ 4 of 20] Compiling Data.Morpheus.App.Internal.Resolving.Resolver
[ 5 of 20] Compiling Data.Morpheus.App.Internal.Resolving.Types
[ 6 of 20] Compiling Data.Morpheus.App.Internal.Resolving.Utils
[ 7 of 20] Compiling Data.Morpheus.App.Internal.Resolving.Refs
[ 8 of 20] Compiling Data.Morpheus.App.Internal.Resolving.Cache
[ 9 of 20] Compiling Data.Morpheus.App.Internal.Resolving.Batching
[10 of 20] Compiling Data.Morpheus.App.Internal.Resolving.ResolveValue
[11 of 20] Compiling Data.Morpheus.App.MapAPI
[12 of 20] Compiling Data.Morpheus.App.RenderIntrospection
[13 of 20] Compiling Data.Morpheus.App.Internal.Resolving.SchemaAPI
[14 of 20] Compiling Data.Morpheus.App.Internal.Resolving.RootResolverValue
[15 of 20] Compiling Data.Morpheus.App.NamedResolvers
[16 of 20] Compiling Data.Morpheus.App.Internal.Resolving
[17 of 20] Compiling Data.Morpheus.App.Internal.Stitching
[18 of 20] Compiling Data.Morpheus.App
[19 of 20] Compiling Data.Morpheus.Types.GQLWrapper
[20 of 20] Compiling Paths_morpheus_graphql_app
Configuring test suite 'morpheus-graphql-app-test' for morpheus-graphql-app-0.28.1...
Preprocessing test suite 'morpheus-graphql-app-test' for morpheus-graphql-app-0.28.1...
Building test suite 'morpheus-graphql-app-test' for morpheus-graphql-app-0.28.1...
[1 of 7] Compiling APIConstraints
[2 of 7] Compiling Batching
[3 of 7] Compiling DisableIntrospection
[4 of 7] Compiling Execution
[5 of 7] Compiling NamedResolvers
[6 of 7] Compiling Main
[7 of 7] Compiling Paths_morpheus_graphql_app
[8 of 8] Linking /tmp/workdir-morpheus-graphql-app/morpheus-graphql-app-0.28.1/dist-newstyle/build/x86_64-linux/ghc-9.10.2/morpheus-graphql-app-0.28.1/t/morpheus-graphql-app-test/build/morpheus-graphql-app-test/morpheus-graphql-app-test
