Resolving dependencies...
Build profile: -w ghc-9.10.2 -O1
In order, the following will be built (use -v for more details):
 - telegram-bot-simple-0.14.4 (lib) (first run)
Configuring library for telegram-bot-simple-0.14.4...
Preprocessing library for telegram-bot-simple-0.14.4...
Building library for telegram-bot-simple-0.14.4...
[ 1 of 13] Compiling Paths_telegram_bot_simple
[ 2 of 13] Compiling Telegram.Bot.Simple.Eff
[ 3 of 13] Compiling Telegram.Bot.Simple.BotApp.Internal
[ 4 of 13] Compiling Telegram.Bot.Simple.InlineKeyboard
[ 5 of 13] Compiling Telegram.Bot.Simple.RunTG
[ 6 of 13] Compiling Telegram.Bot.Simple.Reply
[ 7 of 13] Compiling Telegram.Bot.Simple.Instances
[ 8 of 13] Compiling Telegram.Bot.Simple.UpdateParser
[ 9 of 13] Compiling Telegram.Bot.Simple.Webhook
[10 of 13] Compiling Telegram.Bot.Simple.BotApp
[11 of 13] Compiling Telegram.Bot.Simple.Debug
[12 of 13] Compiling Telegram.Bot.Simple.Conversation
[13 of 13] Compiling Telegram.Bot.Simple
