Resolving dependencies...
Build profile: -w ghc-9.10.2 -O1
In order, the following will be built (use -v for more details):
 - MultipletCombiner-0.0.7 (lib) (first run)
 - MultipletCombiner-0.0.7 (test:spec) (first run)
Configuring library for MultipletCombiner-0.0.7...
Preprocessing library for MultipletCombiner-0.0.7...
Building library for MultipletCombiner-0.0.7...
[1 of 2] Compiling Paths_MultipletCombiner
[2 of 2] Compiling Physics.MultipletCombiner
src/Physics/MultipletCombiner.hs:298:11: warning: [GHC-63394] [-Wx-partial]
    In the use of ‘head’
    (imported from Prelude, but defined in GHC.Internal.List):
    "This is a partial function, it throws an error on empty lists. Use pattern matching, 'Data.List.uncons' or 'Data.Maybe.listToMaybe' instead. Consider refactoring to use "Data.List.NonEmpty"."
    |
298 | sym xs = (head.strip) xs : " "
    |           ^^^^

Configuring test suite 'spec' for MultipletCombiner-0.0.7...
Preprocessing test suite 'spec' for MultipletCombiner-0.0.7...
Building test suite 'spec' for MultipletCombiner-0.0.7...
[1 of 3] Compiling Paths_MultipletCombiner
[2 of 3] Compiling Physics.MultipletCombiner
src/Physics/MultipletCombiner.hs:298:11: warning: [GHC-63394] [-Wx-partial]
    In the use of ‘head’
    (imported from Prelude, but defined in GHC.Internal.List):
    "This is a partial function, it throws an error on empty lists. Use pattern matching, 'Data.List.uncons' or 'Data.Maybe.listToMaybe' instead. Consider refactoring to use "Data.List.NonEmpty"."
    |
298 | sym xs = (head.strip) xs : " "
    |           ^^^^

[3 of 3] Compiling Main
[4 of 4] Linking /tmp/workdir-MultipletCombiner/MultipletCombiner-0.0.7/dist-newstyle/build/x86_64-linux/ghc-9.10.2/MultipletCombiner-0.0.7/t/spec/build/spec/spec
