Resolving dependencies...
Build profile: -w ghc-9.10.2 -O1
In order, the following will be built (use -v for more details):
 - apecs-physics-0.4.6 (lib) (first run)
Configuring library for apecs-physics-0.4.6...
Preprocessing library for apecs-physics-0.4.6...
Building library for apecs-physics-0.4.6...
[1 of 9] Compiling Apecs.Physics.Types
src/Apecs/Physics/Types.hs:24:1: warning: [GHC-66111] [-Wunused-imports]
    The import of ‘Data.Monoid’ is redundant
      except perhaps to import instances from ‘Data.Monoid’
    To import instances alone, use: import Data.Monoid()
   |
24 | import           Data.Monoid               ((<>))
   | ^^^^^^^^^^^^^^^^^^^^^^^^^^^^^^^^^^^^^^^^^^^^^^^^^

[2 of 9] Compiling Apecs.Physics.Space
src/Apecs/Physics/Space.hs:19:42: warning: [GHC-38856] [-Wunused-imports]
    The import of ‘liftIO’
    from module ‘Control.Monad.IO.Class’ is redundant
   |
19 | import           Control.Monad.IO.Class (liftIO, MonadIO)
   |                                          ^^^^^^

[3 of 9] Compiling Apecs.Physics.Shape
src/Apecs/Physics/Shape.hs:22:1: warning: [GHC-66111] [-Wunused-imports]
    The import of ‘Data.Monoid’ is redundant
      except perhaps to import instances from ‘Data.Monoid’
    To import instances alone, use: import Data.Monoid()
   |
22 | import           Data.Monoid          ((<>))
   | ^^^^^^^^^^^^^^^^^^^^^^^^^^^^^^^^^^^^^^^^^^^^

[4 of 9] Compiling Apecs.Physics.Query
src/Apecs/Physics/Query.hs:19:42: warning: [GHC-38856] [-Wunused-imports]
    The import of ‘liftIO’
    from module ‘Control.Monad.IO.Class’ is redundant
   |
19 | import           Control.Monad.IO.Class (liftIO, MonadIO)
   |                                          ^^^^^^

[5 of 9] Compiling Apecs.Physics.Geometry
src/Apecs/Physics/Geometry.hs:50:62: warning: [GHC-63394] [-Wx-partial]
    In the use of ‘tail’
    (imported from Prelude, but defined in GHC.Internal.List):
    "This is a partial function, it throws an error on empty lists. Replace it with 'drop' 1, or use pattern matching or 'GHC.Internal.Data.List.uncons' instead. Consider refactoring to use "Data.List.NonEmpty"."
   |
50 | toEdges (Convex vs r) = zipWith (\h t -> Convex [h,t] r) vs (tail . cycle $ vs)
   |                                                              ^^^^

[6 of 9] Compiling Apecs.Physics.Constraint
src/Apecs/Physics/Constraint.hs:23:42: warning: [GHC-38856] [-Wunused-imports]
    The import of ‘liftIO’
    from module ‘Control.Monad.IO.Class’ is redundant
   |
23 | import           Control.Monad.IO.Class (liftIO, MonadIO)
   |                                          ^^^^^^

[7 of 9] Compiling Apecs.Physics.Body
src/Apecs/Physics/Body.hs:21:42: warning: [GHC-38856] [-Wunused-imports]
    The import of ‘liftIO’
    from module ‘Control.Monad.IO.Class’ is redundant
   |
21 | import           Control.Monad.IO.Class (liftIO, MonadIO)
   |                                          ^^^^^^

[8 of 9] Compiling Apecs.Physics.Collision
src/Apecs/Physics/Collision.hs:25:51: warning: [GHC-38856] [-Wunused-imports]
    The import of ‘liftIO’
    from module ‘Control.Monad.IO.Class’ is redundant
   |
25 | import           Control.Monad.IO.Class (MonadIO, liftIO)
   |                                                   ^^^^^^

[9 of 9] Compiling Apecs.Physics
In file included from Chipmunk2D/include/chipmunk/chipmunk_private.h:25,
                 from Chipmunk2D/src/cpBBTree.c:25:0: error: 

Chipmunk2D/src/cpBBTree.c: In function ‘partitionNodes’:
Chipmunk2D/include/chipmunk/chipmunk.h:72:26: error:
     warning: argument 1 range [18446744071562067968, 18446744073709551615] exceeds maximum object size 9223372036854775807 [-Walloc-size-larger-than=]
       72 |         #define cpcalloc calloc
   |
72 |         #define cpcalloc calloc
   |                          ^

Chipmunk2D/src/cpBBTree.c:760:38: error:
     note: in expansion of macro ‘cpcalloc’
      760 |         cpFloat *bounds = (cpFloat *)cpcalloc(count*2, sizeof(cpFloat));
          |                                      ^~~~~~~~
    |
760 |         cpFloat *bounds = (cpFloat *)cpcalloc(count*2, sizeof(cpFloat));
    |                                      ^

In file included from Chipmunk2D/src/cpBBTree.c:22:0: error: 

/usr/include/stdlib.h:675:14: error:
     note: in a call to allocation function ‘calloc’ declared here
      675 | extern void *calloc (size_t __nmemb, size_t __size)
          |              ^~~~~~
    |
675 | extern void *calloc (size_t __nmemb, size_t __size)
    |              ^

In file included from Chipmunk2D/include/chipmunk/chipmunk_private.h:25,
                 from Chipmunk2D/src/cpBBTree.c:25:0: error: 

Chipmunk2D/src/cpBBTree.c: In function ‘partitionNodes’:
Chipmunk2D/include/chipmunk/chipmunk.h:72:26: error:
     warning: argument 1 range [18446744071562067968, 18446744073709551615] exceeds maximum object size 9223372036854775807 [-Walloc-size-larger-than=]
       72 |         #define cpcalloc calloc
   |
72 |         #define cpcalloc calloc
   |                          ^

Chipmunk2D/src/cpBBTree.c:760:38: error:
     note: in expansion of macro ‘cpcalloc’
      760 |         cpFloat *bounds = (cpFloat *)cpcalloc(count*2, sizeof(cpFloat));
          |                                      ^~~~~~~~
    |
760 |         cpFloat *bounds = (cpFloat *)cpcalloc(count*2, sizeof(cpFloat));
    |                                      ^

In file included from Chipmunk2D/src/cpBBTree.c:22:0: error: 

/usr/include/stdlib.h:675:14: error:
     note: in a call to allocation function ‘calloc’ declared here
      675 | extern void *calloc (size_t __nmemb, size_t __size)
          |              ^~~~~~
    |
675 | extern void *calloc (size_t __nmemb, size_t __size)
    |              ^

