Resolving dependencies...
Build profile: -w ghc-9.10.2 -O1
In order, the following will be built (use -v for more details):
 - refined-containers-0.1.2.0 (lib) (first run)
Configuring library for refined-containers-0.1.2.0...
Preprocessing library for refined-containers-0.1.2.0...
Building library for refined-containers-0.1.2.0...
[ 1 of 16] Compiling Data.Container.Refined.Hashable
[ 2 of 16] Compiling Data.Container.Refined.Proofs
[ 3 of 16] Compiling Data.Container.Refined.Unsafe
[ 4 of 16] Compiling Data.HashMap.Common.Refined
[ 5 of 16] Compiling Data.HashMap.Refined
[ 6 of 16] Compiling Data.HashMap.Strict.Refined
[ 7 of 16] Compiling Data.IntMap.Common.Refined
[ 8 of 16] Compiling Data.IntMap.Refined
[ 9 of 16] Compiling Data.IntMap.Strict.Refined
[10 of 16] Compiling Data.Map.Common.Refined
[11 of 16] Compiling Data.Container.Refined.Conversion
[12 of 16] Compiling Data.IntSet.Refined
[13 of 16] Compiling Data.HashSet.Refined
[14 of 16] Compiling Data.Map.Refined
[15 of 16] Compiling Data.Map.Strict.Refined
[16 of 16] Compiling Data.Set.Refined
