Resolving dependencies...
Build profile: -w ghc-9.10.2 -O1
In order, the following will be built (use -v for more details):
 - gogol-replicapool-1.0.0 (lib) (first run)
Configuring library for gogol-replicapool-1.0.0...
Warning: [git-protocol] Cloning over git:// might lead to an arbitrary code
execution vulnerability. Furthermore, popular forges like GitHub do not
support it. Use https:// or ssh:// instead.
Preprocessing library for gogol-replicapool-1.0.0...
Building library for gogol-replicapool-1.0.0...
[ 1 of 14] Compiling Gogol.ReplicaPool.Internal.Sum
[ 2 of 14] Compiling Gogol.ReplicaPool.Internal.Product
[ 3 of 14] Compiling Gogol.ReplicaPool.Types
[ 4 of 14] Compiling Gogol.ReplicaPool.Replicas.Restart
[ 5 of 14] Compiling Gogol.ReplicaPool.Replicas.List
[ 6 of 14] Compiling Gogol.ReplicaPool.Replicas.Get
[ 7 of 14] Compiling Gogol.ReplicaPool.Replicas.Delete
[ 8 of 14] Compiling Gogol.ReplicaPool.Pools.Updatetemplate
[ 9 of 14] Compiling Gogol.ReplicaPool.Pools.Resize
[10 of 14] Compiling Gogol.ReplicaPool.Pools.List
[11 of 14] Compiling Gogol.ReplicaPool.Pools.Insert
[12 of 14] Compiling Gogol.ReplicaPool.Pools.Get
[13 of 14] Compiling Gogol.ReplicaPool.Pools.Delete
[14 of 14] Compiling Gogol.ReplicaPool
