Resolving dependencies...
Build profile: -w ghc-9.10.2 -O1
In order, the following will be built (use -v for more details):
 - list-t-1.0.5.7 (lib) (first run)
 - list-t-1.0.5.7 (test:htf-test) (first run)
Configuring library for list-t-1.0.5.7...
Warning: [git-protocol] Cloning over git:// might lead to an arbitrary code
execution vulnerability. Furthermore, popular forges like GitHub do not
support it. Use https:// or ssh:// instead.
Preprocessing library for list-t-1.0.5.7...
Building library for list-t-1.0.5.7...
[1 of 2] Compiling ListT.Prelude
[2 of 2] Compiling ListT
Configuring test suite 'htf-test' for list-t-1.0.5.7...
Warning: [git-protocol] Cloning over git:// might lead to an arbitrary code
execution vulnerability. Furthermore, popular forges like GitHub do not
support it. Use https:// or ssh:// instead.
Preprocessing test suite 'htf-test' for list-t-1.0.5.7...
Building test suite 'htf-test' for list-t-1.0.5.7...
[1 of 1] Compiling Main
[2 of 2] Linking dist-newstyle/build/x86_64-linux/ghc-9.10.2/list-t-1.0.5.7/t/htf-test/build/htf-test/htf-test
