Resolving dependencies...
Build profile: -w ghc-9.10.2 -O1
In order, the following will be built (use -v for more details):
 - hakyll-convert-0.3.0.5 (lib) (first run)
 - hakyll-convert-0.3.0.5 (test:spec) (first run)
 - hakyll-convert-0.3.0.5 (exe:hakyll-convert) (first run)
 - hakyll-convert-0.3.0.5 (test:golden) (first run)
Configuring library for hakyll-convert-0.3.0.5...
Preprocessing library for hakyll-convert-0.3.0.5...
Building library for hakyll-convert-0.3.0.5...
[1 of 6] Compiling Hakyll.Convert.Common
[2 of 6] Compiling Hakyll.Convert.Blogger
[3 of 6] Compiling Hakyll.Convert.OutputFormat
[4 of 6] Compiling Hakyll.Convert.IO
[5 of 6] Compiling Hakyll.Convert.Wordpress
[6 of 6] Compiling Paths_hakyll_convert
Configuring test suite 'spec' for hakyll-convert-0.3.0.5...
Preprocessing test suite 'spec' for hakyll-convert-0.3.0.5...
Building test suite 'spec' for hakyll-convert-0.3.0.5...
[1 of 7] Compiling Paths_hakyll_convert
[2 of 7] Compiling Spec.SpecHelpers
[3 of 7] Compiling Spec.OutputFormat
[4 of 7] Compiling Spec.IO
[5 of 7] Compiling Spec.Blogger
[6 of 7] Compiling Spec.Wordpress
[7 of 7] Compiling Main
[8 of 8] Linking dist-newstyle/build/x86_64-linux/ghc-9.10.2/hakyll-convert-0.3.0.5/t/spec/build/spec/spec
Configuring executable 'hakyll-convert' for hakyll-convert-0.3.0.5...
Preprocessing executable 'hakyll-convert' for hakyll-convert-0.3.0.5...
Building executable 'hakyll-convert' for hakyll-convert-0.3.0.5...
[1 of 2] Compiling Main
[2 of 2] Compiling Paths_hakyll_convert
[3 of 3] Linking dist-newstyle/build/x86_64-linux/ghc-9.10.2/hakyll-convert-0.3.0.5/x/hakyll-convert/build/hakyll-convert/hakyll-convert
Configuring test suite 'golden' for hakyll-convert-0.3.0.5...
Preprocessing test suite 'golden' for hakyll-convert-0.3.0.5...
Building test suite 'golden' for hakyll-convert-0.3.0.5...
[1 of 6] Compiling Golden.GoldenTestHelpers
[2 of 6] Compiling Golden.Blogger
[3 of 6] Compiling Golden.IO
[4 of 6] Compiling Golden.Wordpress
[5 of 6] Compiling Main
[6 of 6] Compiling Paths_hakyll_convert
[7 of 7] Linking dist-newstyle/build/x86_64-linux/ghc-9.10.2/hakyll-convert-0.3.0.5/t/golden/build/golden/golden
