Resolving dependencies...
Build profile: -w ghc-9.10.2 -O1
In order, the following will be built (use -v for more details):
 - numbers-3000.2.0.2 (lib) (first run)
 - numbers-3000.2.0.2 (test:testsuite) (first run)
Configuring library for numbers-3000.2.0.2...
Preprocessing library for numbers-3000.2.0.2...
Building library for numbers-3000.2.0.2...
[1 of 9] Compiling Data.Number.CReal
Data/Number/CReal.hs:44:37: warning: [GHC-63394] [-Wx-partial]
    In the use of ‘head’
    (imported from Prelude, but defined in GHC.Internal.List):
    "This is a partial function, it throws an error on empty lists. Use pattern matching, 'Data.List.uncons' or 'Data.Maybe.listToMaybe' instead. Consider refactoring to use "Data.List.NonEmpty"."
   |
44 |   recip (CR x') = CR (\p -> let s = head [n | n <- [0..], 3 <= abs (x' n)]
   |                                     ^^^^

Data/Number/CReal.hs:205:31: warning: [GHC-63394] [-Wx-partial]
    In the use of ‘head’
    (imported from Prelude, but defined in GHC.Internal.List):
    "This is a partial function, it throws an error on empty lists. Use pattern matching, 'Data.List.uncons' or 'Data.Maybe.listToMaybe' instead. Consider refactoring to use "Data.List.NonEmpty"."
    |
205 |           (s,ds') = let sgn = head ds == '-' in (sgn, if sgn then tail ds else ds)
    |                               ^^^^

Data/Number/CReal.hs:205:67: warning: [GHC-63394] [-Wx-partial]
    In the use of ‘tail’
    (imported from Prelude, but defined in GHC.Internal.List):
    "This is a partial function, it throws an error on empty lists. Replace it with 'drop' 1, or use pattern matching or 'GHC.Internal.Data.List.uncons' instead. Consider refactoring to use "Data.List.NonEmpty"."
    |
205 |           (s,ds') = let sgn = head ds == '-' in (sgn, if sgn then tail ds else ds)
    |                                                                   ^^^^

Data/Number/CReal.hs:223:22: warning: [GHC-63394] [-Wx-partial]
    In the use of ‘head’
    (imported from Prelude, but defined in GHC.Internal.List):
    "This is a partial function, it throws an error on empty lists. Use pattern matching, 'Data.List.uncons' or 'Data.Maybe.listToMaybe' instead. Consider refactoring to use "Data.List.NonEmpty"."
    |
223 |                   if head xs == '-' then showParen (p > 6) (showString xs)
    |                      ^^^^

[2 of 9] Compiling Data.Number.Dif
[3 of 9] Compiling Data.Number.FixedFunctions
[4 of 9] Compiling Data.Number.Fixed
[5 of 9] Compiling Data.Number.BigFloat
[6 of 9] Compiling Data.Number.Interval
[7 of 9] Compiling Data.Number.Natural
[8 of 9] Compiling Data.Number.Symbolic
Data/Number/Symbolic.hs:111:26: warning: [GHC-62161] [-Wincomplete-uni-patterns]
    Pattern match(es) are non-exhaustive
    In a lambda abstraction:
        Patterns of type ‘[a]’ not matched:
            []
            [_]
            (_:_:_:_)
    |
111 | binOp f x op y = App op (\ [a,b] -> f a b) [x, y]
    |                          ^^^^^^^^^^^^^^^^

Data/Number/Symbolic.hs:118:23: warning: [GHC-62161] [-Wincomplete-uni-patterns]
    Pattern match(es) are non-exhaustive
    In a lambda abstraction:
        Patterns of type ‘[a]’ not matched:
            []
            (_:_:_)
    |
118 | unOp f op x = App op (\ [a] -> f a) [x]
    |                       ^^^^^^^^^^^^

[9 of 9] Compiling Data.Number.Vectorspace
Configuring test suite 'testsuite' for numbers-3000.2.0.2...
Preprocessing test suite 'testsuite' for numbers-3000.2.0.2...
Building test suite 'testsuite' for numbers-3000.2.0.2...
<no location info>: warning: [GHC-32850] [-Wmissing-home-modules]
    These modules are needed for compilation but not listed in your .cabal file's other-modules for ‘numbers-3000.2.0.2-inplace-testsuite’ :
        Data.Number.BigFloat Data.Number.Fixed Data.Number.FixedFunctions

[1 of 5] Compiling Data.Number.FixedFunctions
[2 of 5] Compiling Data.Number.Fixed
[3 of 5] Compiling Data.Number.BigFloat
[4 of 5] Compiling Test.Data.Number.BigFloat
[5 of 5] Compiling Main
<no location info>: warning: [GHC-32850] [-Wmissing-home-modules]
    These modules are needed for compilation but not listed in your .cabal file's other-modules for ‘numbers-3000.2.0.2-inplace-testsuite’ :
        Data.Number.BigFloat Data.Number.Fixed Data.Number.FixedFunctions

[6 of 6] Linking /tmp/workdir-numbers/numbers-3000.2.0.2/dist-newstyle/build/x86_64-linux/ghc-9.10.2/numbers-3000.2.0.2/t/testsuite/build/testsuite/testsuite
