Resolving dependencies...
Build profile: -w ghc-9.10.2 -O1
In order, the following will be built (use -v for more details):
 - greskell-websocket-1.0.0.4 (lib) (first run)
 - greskell-websocket-1.0.0.4 (test:spec) (first run)
Configuring library for greskell-websocket-1.0.0.4...
Preprocessing library for greskell-websocket-1.0.0.4...
Building library for greskell-websocket-1.0.0.4...
[ 1 of 17] Compiling Network.Greskell.WebSocket.Request.Aeson
[ 2 of 17] Compiling Network.Greskell.WebSocket.Request.Common
[ 3 of 17] Compiling Network.Greskell.WebSocket.Request
[ 4 of 17] Compiling Network.Greskell.WebSocket.Request.Session
[ 5 of 17] Compiling Network.Greskell.WebSocket.Request.Standard
[ 6 of 17] Compiling Network.Greskell.WebSocket.Response
[ 7 of 17] Compiling Network.Greskell.WebSocket.Codec
[ 8 of 17] Compiling Network.Greskell.WebSocket.Connection.Type
[ 9 of 17] Compiling Network.Greskell.WebSocket.Codec.JSON
[10 of 17] Compiling Network.Greskell.WebSocket.Connection.Settings
[11 of 17] Compiling Network.Greskell.WebSocket.Util
[12 of 17] Compiling Network.Greskell.WebSocket.Connection.Impl
[13 of 17] Compiling Network.Greskell.WebSocket.Connection
[14 of 17] Compiling Network.Greskell.WebSocket.Client.Options
[15 of 17] Compiling Network.Greskell.WebSocket.Client.Impl
src/Network/Greskell/WebSocket/Client/Impl.hs:111:28: warning: [GHC-58520] [-Wtype-equality-requires-operators]
    The use of ‘~’ without TypeOperators
    will become an error in a future GHC release.
    Suggested fix: Perhaps you intended to use TypeOperators
    |
111 | submit :: (ToGreskell g, r ~ GreskellReturn g, AsIterator r, v ~ IteratorItem r, FromGraphSON v)
    |                            ^

src/Network/Greskell/WebSocket/Client/Impl.hs:111:64: warning: [GHC-58520] [-Wtype-equality-requires-operators]
    The use of ‘~’ without TypeOperators
    will become an error in a future GHC release.
    Suggested fix: Perhaps you intended to use TypeOperators
    |
111 | submit :: (ToGreskell g, r ~ GreskellReturn g, AsIterator r, v ~ IteratorItem r, FromGraphSON v)
    |                                                                ^

src/Network/Greskell/WebSocket/Client/Impl.hs:122:32: warning: [GHC-58520] [-Wtype-equality-requires-operators]
    The use of ‘~’ without TypeOperators
    will become an error in a future GHC release.
    Suggested fix: Perhaps you intended to use TypeOperators
    |
122 | submitPair :: (ToGreskell g, r ~ GreskellReturn g, AsIterator r, v ~ IteratorItem r, FromGraphSON v)
    |                                ^

src/Network/Greskell/WebSocket/Client/Impl.hs:122:68: warning: [GHC-58520] [-Wtype-equality-requires-operators]
    The use of ‘~’ without TypeOperators
    will become an error in a future GHC release.
    Suggested fix: Perhaps you intended to use TypeOperators
    |
122 | submitPair :: (ToGreskell g, r ~ GreskellReturn g, AsIterator r, v ~ IteratorItem r, FromGraphSON v)
    |                                                                    ^

[16 of 17] Compiling Network.Greskell.WebSocket.Client
[17 of 17] Compiling Network.Greskell.WebSocket
Configuring test suite 'spec' for greskell-websocket-1.0.0.4...
Preprocessing test suite 'spec' for greskell-websocket-1.0.0.4...
Building test suite 'spec' for greskell-websocket-1.0.0.4...
[1 of 3] Compiling Network.Greskell.WebSocket.Codec.JSONSpec
[2 of 3] Compiling Network.Greskell.WebSocket.ResponseSpec
[3 of 3] Compiling Main
[4 of 4] Linking /tmp/workdir-greskell-websocket/greskell-websocket-1.0.0.4/dist-newstyle/build/x86_64-linux/ghc-9.10.2/greskell-websocket-1.0.0.4/t/spec/build/spec/spec
