Resolving dependencies...
Build profile: -w ghc-9.10.2 -O1
In order, the following will be built (use -v for more details):
 - encoding-0.10.2 (lib) (first run)
 - encoding-0.10.2 (test:encoding-test) (first run)
Configuring library for encoding-0.10.2...
Preprocessing library for encoding-0.10.2...
Building library for encoding-0.10.2...
[ 1 of 67] Compiling Control.Throws
[ 2 of 67] Compiling Data.Encoding.Exception
[ 3 of 67] Compiling Data.Encoding.ByteSource
[ 4 of 67] Compiling Data.Encoding.ByteSink
[ 5 of 67] Compiling Data.Encoding.Base
[ 6 of 67] Compiling Data.Encoding.BootString
Data/Encoding/BootString.hs:75:19: warning: [GHC-63394] [-Wx-partial]
    In the use of ‘head’
    (imported from Prelude, but defined in GHC.Internal.List):
    "This is a partial function, it throws an error on empty lists. Use pattern matching, 'Data.List.uncons' or 'Data.Maybe.listToMaybe' instead. Consider refactoring to use "Data.List.NonEmpty"."
   |
75 |         (rd,rk) = head
   |                   ^^^^

[ 7 of 67] Compiling Data.Encoding.ASCII
[ 8 of 67] Compiling Data.Encoding.ISO2022
[ 9 of 67] Compiling Data.Encoding.ISO88591
[10 of 67] Compiling Data.Encoding.KOI8R
[11 of 67] Compiling Data.Encoding.KOI8U
[12 of 67] Compiling Data.Encoding.UTF16
[13 of 67] Compiling Data.Encoding.UTF32
[14 of 67] Compiling Data.Encoding.UTF8
[15 of 67] Compiling Data.Static
[16 of 67] Compiling Data.Array.Static
[17 of 67] Compiling Data.Map.Static
[18 of 67] Compiling Data.CharMap
[19 of 67] Compiling Data.Encoding.ShiftJIS
[20 of 67] Compiling Data.Encoding.MacOSRoman
[21 of 67] Compiling Data.Encoding.JISX0212
[22 of 67] Compiling Data.Encoding.JISX0208
[23 of 67] Compiling Data.Encoding.JISX0201
[24 of 67] Compiling Data.Encoding.ISO2022JP
[25 of 67] Compiling Data.Encoding.ISO88599
[26 of 67] Compiling Data.Encoding.ISO88598
[27 of 67] Compiling Data.Encoding.ISO88597
[28 of 67] Compiling Data.Encoding.ISO88596
[29 of 67] Compiling Data.Encoding.ISO88595
[30 of 67] Compiling Data.Encoding.ISO88594
[31 of 67] Compiling Data.Encoding.ISO88593
[32 of 67] Compiling Data.Encoding.ISO88592
[33 of 67] Compiling Data.Encoding.ISO885916
[34 of 67] Compiling Data.Encoding.ISO885915
[35 of 67] Compiling Data.Encoding.ISO885914
[36 of 67] Compiling Data.Encoding.ISO885913
[37 of 67] Compiling Data.Encoding.ISO885911
[38 of 67] Compiling Data.Encoding.ISO885910
[39 of 67] Compiling Data.Encoding.GB18030
[40 of 67] Compiling Data.Encoding.CP932
[41 of 67] Compiling Data.Encoding.CP874
[42 of 67] Compiling Data.Encoding.CP869
[43 of 67] Compiling Data.Encoding.CP866
[44 of 67] Compiling Data.Encoding.CP865
[45 of 67] Compiling Data.Encoding.CP864
[46 of 67] Compiling Data.Encoding.CP863
[47 of 67] Compiling Data.Encoding.CP862
[48 of 67] Compiling Data.Encoding.CP861
[49 of 67] Compiling Data.Encoding.CP860
[50 of 67] Compiling Data.Encoding.CP857
[51 of 67] Compiling Data.Encoding.CP855
[52 of 67] Compiling Data.Encoding.CP852
[53 of 67] Compiling Data.Encoding.CP850
[54 of 67] Compiling Data.Encoding.CP775
[55 of 67] Compiling Data.Encoding.CP737
[56 of 67] Compiling Data.Encoding.CP437
[57 of 67] Compiling Data.Encoding.CP1258
[58 of 67] Compiling Data.Encoding.CP1257
[59 of 67] Compiling Data.Encoding.CP1256
[60 of 67] Compiling Data.Encoding.CP1255
[61 of 67] Compiling Data.Encoding.CP1254
[62 of 67] Compiling Data.Encoding.CP1253
[63 of 67] Compiling Data.Encoding.CP1252
[64 of 67] Compiling Data.Encoding.CP1251
[65 of 67] Compiling Data.Encoding.CP1250
[66 of 67] Compiling Data.Encoding
[67 of 67] Compiling System.IO.Encoding
System/IO/Encoding.hs:124:11: warning: [GHC-68441] [-Wdeprecations]
    In the use of ‘hGetLine’ (imported from Data.ByteString):
    Deprecated: "Deprecated since @bytestring-0.12@. Use 'Data.ByteString.Char8.hGetLine' instead. (Functions that rely on ASCII encodings belong in "Data.ByteString.Char8")"
    |
124 |   line <- BS.hGetLine h
    |           ^^^^^^^^^^^

Configuring test suite 'encoding-test' for encoding-0.10.2...
Preprocessing test suite 'encoding-test' for encoding-0.10.2...
Building test suite 'encoding-test' for encoding-0.10.2...
[1 of 3] Compiling Test.Tester
[2 of 3] Compiling Test.Tests
[3 of 3] Compiling Main
[4 of 4] Linking /tmp/workdir-encoding/encoding-0.10.2/dist-newstyle/build/x86_64-linux/ghc-9.10.2/encoding-0.10.2/t/encoding-test/build/encoding-test/encoding-test
