Resolving dependencies...
Build profile: -w ghc-9.10.2 -O1
In order, the following will be built (use -v for more details):
 - symparsec-1.1.1 (lib) (first run)
 - symparsec-1.1.1 (test:spec) (first run)
Configuring library for symparsec-1.1.1...
Preprocessing library for symparsec-1.1.1...
Building library for symparsec-1.1.1...
[ 1 of 23] Compiling Paths_symparsec
[ 2 of 23] Compiling Symparsec.Parser
[ 3 of 23] Compiling Symparsec.Parser.Common
[ 4 of 23] Compiling Symparsec.Parser.Apply
[ 5 of 23] Compiling Symparsec.Parser.Count
[ 6 of 23] Compiling Symparsec.Parser.End
[ 7 of 23] Compiling Symparsec.Parser.Isolate
[ 8 of 23] Compiling Symparsec.Parser.Literal
[ 9 of 23] Compiling Symparsec.Parser.Natural.Digits
[10 of 23] Compiling Symparsec.Parser.Natural
[11 of 23] Compiling Symparsec.Parser.Or
[12 of 23] Compiling Symparsec.Parser.Skip
[13 of 23] Compiling Symparsec.Parser.Take
[14 of 23] Compiling Symparsec.Parser.TakeRest
[15 of 23] Compiling Symparsec.Parser.Then
[16 of 23] Compiling Symparsec.Parser.Then.VoidLeft
[17 of 23] Compiling Symparsec.Parser.Then.VoidRight
[18 of 23] Compiling Symparsec.Parser.While.Predicates
[19 of 23] Compiling Symparsec.Parser.While
[20 of 23] Compiling Symparsec.Parsers
[21 of 23] Compiling Symparsec.Example.Expr
[22 of 23] Compiling Symparsec.Run
[23 of 23] Compiling Symparsec
Configuring test suite 'spec' for symparsec-1.1.1...
Preprocessing test suite 'spec' for symparsec-1.1.1...
Building test suite 'spec' for symparsec-1.1.1...
[1 of 2] Compiling Main
[2 of 2] Compiling Paths_symparsec
[3 of 3] Linking dist-newstyle/build/x86_64-linux/ghc-9.10.2/symparsec-1.1.1/t/spec/build/spec/spec
