Resolving dependencies...
Build profile: -w ghc-9.10.2 -O1
In order, the following will be built (use -v for more details):
 - text-regex-replace-0.1.1.5 (lib) (first run)
 - text-regex-replace-0.1.1.5 (test:text-regex-replace-specs) (first run)
Configuring library for text-regex-replace-0.1.1.5...
Warning: [git-protocol] Cloning over git:// might lead to an arbitrary code
execution vulnerability. Furthermore, popular forges like GitHub do not
support it. Use https:// or ssh:// instead.
Preprocessing library for text-regex-replace-0.1.1.5...
Building library for text-regex-replace-0.1.1.5...
[1 of 2] Compiling Data.Text.ICU.Replace
[2 of 2] Compiling Paths_text_regex_replace
Configuring test suite 'text-regex-replace-specs' for text-regex-replace-0.1.1.5...
Warning: [git-protocol] Cloning over git:// might lead to an arbitrary code
execution vulnerability. Furthermore, popular forges like GitHub do not
support it. Use https:// or ssh:// instead.
Preprocessing test suite 'text-regex-replace-specs' for text-regex-replace-0.1.1.5...
Building test suite 'text-regex-replace-specs' for text-regex-replace-0.1.1.5...
[1 of 3] Compiling Data.Text.ICU.ReplaceSpec
[2 of 3] Compiling Main
[3 of 3] Compiling Paths_text_regex_replace
[4 of 4] Linking dist-newstyle/build/x86_64-linux/ghc-9.10.2/text-regex-replace-0.1.1.5/t/text-regex-replace-specs/build/text-regex-replace-specs/text-regex-replace-specs
