Resolving dependencies...
Build profile: -w ghc-9.10.2 -O1
In order, the following will be built (use -v for more details):
 - gtk2hs-buildtools-0.13.12.0 (lib) (first run)
 - gtk2hs-buildtools-0.13.12.0 (exe:gtk2hsTypeGen) (first run)
 - gtk2hs-buildtools-0.13.12.0 (exe:gtk2hsHookGenerator) (first run)
 - gtk2hs-buildtools-0.13.12.0 (exe:gtk2hsC2hs) (first run)
Configuring library for gtk2hs-buildtools-0.13.12.0...
Preprocessing library for gtk2hs-buildtools-0.13.12.0...
Building library for gtk2hs-buildtools-0.13.12.0...
[ 1 of 46] Compiling BaseVersion
[ 2 of 46] Compiling C2HSConfig
[ 3 of 46] Compiling CInfo
[ 4 of 46] Compiling Config
[ 5 of 46] Compiling DLists
c2hs/base/general/DLists.hs:66:13: warning: [GHC-47082] [-Woperator-whitespace-ext-conflict]
    The prefix use of a ‘$’ would denote an untyped splice
      were the TemplateHaskell extension enabled.
    Suggested fix: Add whitespace after the ‘$’.
   |
66 | closeDL  = ($[])
   |             ^

[ 6 of 46] Compiling FNameOps
[ 7 of 46] Compiling FastMutInt
[ 8 of 46] Compiling FileOps
c2hs/base/general/FileOps.hs:59:30: warning: [GHC-63394] [-Wx-partial]
    In the use of ‘head’
    (imported from Prelude, but defined in GHC.Internal.List):
    "This is a partial function, it throws an error on empty lists. Use pattern matching, 'Data.List.uncons' or 'Data.Maybe.listToMaybe' instead. Consider refactoring to use "Data.List.NonEmpty"."
   |
59 |     let (paths', file') = if head file == '/'
   |                              ^^^^

c2hs/base/general/FileOps.hs:67:21: warning: [GHC-63394] [-Wx-partial]
    In the use of ‘head’
    (imported from Prelude, but defined in GHC.Internal.List):
    "This is a partial function, it throws an error on empty lists. Use pattern matching, 'Data.List.uncons' or 'Data.Maybe.listToMaybe' instead. Consider refactoring to use "Data.List.NonEmpty"."
   |
67 |       else return $ head existingFiles
   |                     ^^^^

[ 9 of 46] Compiling Map
[10 of 46] Compiling Binary
c2hs/base/general/Binary.hs:240:14: warning: [GHC-63394] [-Wx-partial]
    In the use of ‘head’
    (imported from Prelude, but defined in GHC.Internal.List):
    "This is a partial function, it throws an error on empty lists. Use pattern matching, 'Data.List.uncons' or 'Data.Maybe.listToMaybe' instead. Consider refactoring to use "Data.List.NonEmpty"."
    |
240 |    let sz' = head (dropWhile (<= off) (iterate (* 2) sz))
    |              ^^^^

[11 of 46] Compiling Paths_gtk2hs_buildtools
[12 of 46] Compiling HookGenerator
[13 of 46] Compiling Position
[14 of 46] Compiling Errors
[15 of 46] Compiling Lexers
c2hs/base/syntax/Lexers.hs:133:1: warning: [GHC-94817] [-Wtabs]
    Tab character found here, and in 172 further locations.
    Suggested fix: Please use spaces instead.
    |
133 |                lexactionErr, lexmeta, (>|<), (>||<), ctrlChars, ctrlLexer,
    | ^^^^^^^^

c2hs/base/syntax/Lexers.hs:470:57: warning: [GHC-63394] [-Wx-partial]
    In the use of ‘head’
    (imported from Prelude, but defined in GHC.Internal.List):
    "This is a partial function, it throws an error on empty lists. Use pattern matching, 'Data.List.uncons' or 'Data.Maybe.listToMaybe' instead. Consider refactoring to use "Data.List.NonEmpty"."
    |
470 |                               "The character " ++ show (head cs) 
    |                                                         ^^^^

c2hs/base/syntax/Lexers.hs:473:40: warning: [GHC-63394] [-Wx-partial]
    In the use of ‘tail’
    (imported from Prelude, but defined in GHC.Internal.List):
    "This is a partial function, it throws an error on empty lists. Replace it with 'drop' 1, or use pattern matching or 'GHC.Internal.Data.List.uncons' instead. Consider refactoring to use "Data.List.NonEmpty"."
    |
473 |                  (Just (Left err), l, (tail cs, (Position fname row (col + 1)), s))
    |                                        ^^^^

[16 of 46] Compiling Set
[17 of 46] Compiling StateTrans
[18 of 46] Compiling Switches
[19 of 46] Compiling TypeGen
hierarchyGen/TypeGen.hs:249:12: warning: [GHC-63394] [-Wx-partial]
    In the use of ‘tail’
    (imported from Prelude, but defined in GHC.Internal.List):
    "This is a partial function, it throws an error on empty lists. Replace it with 'drop' 1, or use pattern matching or 'GHC.Internal.Data.List.uncons' instead. Consider refactoring to use "Data.List.NonEmpty"."
    |
249 |            tail $ c2u True cname++"_get_type").
    |            ^^^^

hierarchyGen/TypeGen.hs:293:28: warning: [GHC-63394] [-Wx-partial]
    In the use of ‘head’
    (imported from Prelude, but defined in GHC.Internal.List):
    "This is a partial function, it throws an error on empty lists. Use pattern matching, 'Data.List.uncons' or 'Data.Maybe.listToMaybe' instead. Consider refactoring to use "Data.List.NonEmpty"."
    |
293 |   indent 0.ss "class ".ss (head parents).ss "Class o => ".ss name.ss "Class o".
    |                            ^^^^

[20 of 46] Compiling UNames
[21 of 46] Compiling StateBase
[22 of 46] Compiling CIO
c2hs/base/state/CIO.hs:77:1: warning: [GHC-15328] [-Wdeprecations]
    Module ‘System.Cmd’ is deprecated: "Use \"System.Process\" instead"
   |
77 | import System.Cmd
   | ^^^^^^^^^^^^^^^^^

[23 of 46] Compiling State
[24 of 46] Compiling C2HSState
[25 of 46] Compiling Attributes
[26 of 46] Compiling Idents
c2hs/base/syms/Idents.hs:182:61: warning: [GHC-63394] [-Wx-partial]
    In the use of ‘tail’
    (imported from Prelude, but defined in GHC.Internal.List):
    "This is a partial function, it throws an error on empty lists. Replace it with 'drop' 1, or use pattern matching or 'GHC.Internal.Data.List.uncons' instead. Consider refactoring to use "Data.List.NonEmpty"."
    |
182 |                                             && (checkTail . tail) cs'
    |                                                             ^^^^

c2hs/base/syms/Idents.hs:231:21: warning: [GHC-63394] [-Wx-partial]
    In the use of ‘head’
    (imported from Prelude, but defined in GHC.Internal.List):
    "This is a partial function, it throws an error on empty lists. Use pattern matching, 'Data.List.uncons' or 'Data.Maybe.listToMaybe' instead. Consider refactoring to use "Data.List.NonEmpty"."
    |
231 |                 if (head l == '\'')
    |                     ^^^^

c2hs/base/syms/Idents.hs:233:32: warning: [GHC-63394] [-Wx-partial]
    In the use of ‘tail’
    (imported from Prelude, but defined in GHC.Internal.List):
    "This is a partial function, it throws an error on empty lists. Replace it with 'drop' 1, or use pattern matching or 'GHC.Internal.Data.List.uncons' instead. Consider refactoring to use "Data.List.NonEmpty"."
    |
233 |                   parseQuoted (tail l)
    |                                ^^^^

[27 of 46] Compiling NameSpaces
[28 of 46] Compiling CTokens
[29 of 46] Compiling CParserMonad
[30 of 46] Compiling CLexer
c2hs/c/CLexer.x:349:39: warning: [GHC-63394] [-Wx-partial]
    In the use of ‘head’
    (imported from Prelude, but defined in GHC.Internal.List):
    "This is a partial function, it throws an error on empty lists. Use pattern matching, 'Data.List.uncons' or 'Data.Maybe.listToMaybe' instead. Consider refactoring to use "Data.List.NonEmpty"."
    |
349 |                          '\'' -> ('\'', cs)
    |                                       ^^^^

c2hs/c/CLexer.x:351:39: warning: [GHC-63394] [-Wx-partial]
    In the use of ‘head’
    (imported from Prelude, but defined in GHC.Internal.List):
    "This is a partial function, it throws an error on empty lists. Use pattern matching, 'Data.List.uncons' or 'Data.Maybe.listToMaybe' instead. Consider refactoring to use "Data.List.NonEmpty"."
    |
351 |                          'x'  -> case head (readHex cs) of
    |                                       ^^^^

c2hs/c/CLexer.x:367:38: warning: [GHC-63394] [-Wx-partial]
    In the use of ‘head’
    (imported from Prelude, but defined in GHC.Internal.List):
    "This is a partial function, it throws an error on empty lists. Use pattern matching, 'Data.List.uncons' or 'Data.Maybe.listToMaybe' instead. Consider refactoring to use "Data.List.NonEmpty"."
    |
367 |     str'''          = dropWhite str''
    |                                      ^^^^

dist-newstyle/build/x86_64-linux/ghc-9.10.2/gtk2hs-buildtools-0.13.12.0/build/CLexer.hs:252:39: warning: [GHC-63394] [-Wx-partial]
    In the use of ‘head’
    (imported from Prelude, but defined in GHC.Internal.List):
    "This is a partial function, it throws an error on empty lists. Use pattern matching, 'Data.List.uncons' or 'Data.Maybe.listToMaybe' instead. Consider refactoring to use "Data.List.NonEmpty"."
    |
252 | alex_action_5 = token CTokILit (fst . head . readOct)
    |                                       ^^^^

dist-newstyle/build/x86_64-linux/ghc-9.10.2/gtk2hs-buildtools-0.13.12.0/build/CLexer.hs:253:39: warning: [GHC-63394] [-Wx-partial]
    In the use of ‘head’
    (imported from Prelude, but defined in GHC.Internal.List):
    "This is a partial function, it throws an error on empty lists. Use pattern matching, 'Data.List.uncons' or 'Data.Maybe.listToMaybe' instead. Consider refactoring to use "Data.List.NonEmpty"."
    |
253 | alex_action_6 = token CTokILit (fst . head . readDec)
    |                                       ^^^^

dist-newstyle/build/x86_64-linux/ghc-9.10.2/gtk2hs-buildtools-0.13.12.0/build/CLexer.hs:254:39: warning: [GHC-63394] [-Wx-partial]
    In the use of ‘head’
    (imported from Prelude, but defined in GHC.Internal.List):
    "This is a partial function, it throws an error on empty lists. Use pattern matching, 'Data.List.uncons' or 'Data.Maybe.listToMaybe' instead. Consider refactoring to use "Data.List.NonEmpty"."
    |
254 | alex_action_7 = token CTokILit (fst . head . readHex . drop 2)
    |                                       ^^^^

dist-newstyle/build/x86_64-linux/ghc-9.10.2/gtk2hs-buildtools-0.13.12.0/build/CLexer.hs:255:49: warning: [GHC-63394] [-Wx-partial]
    In the use of ‘tail’
    (imported from Prelude, but defined in GHC.Internal.List):
    "This is a partial function, it throws an error on empty lists. Replace it with 'drop' 1, or use pattern matching or 'GHC.Internal.Data.List.uncons' instead. Consider refactoring to use "Data.List.NonEmpty"."
    |
255 | alex_action_8 = token CTokCLit (fst . oneChar . tail)
    |                                                 ^^^^

dist-newstyle/build/x86_64-linux/ghc-9.10.2/gtk2hs-buildtools-0.13.12.0/build/CLexer.hs:256:49: warning: [GHC-63394] [-Wx-partial]
    In the use of ‘tail’
    (imported from Prelude, but defined in GHC.Internal.List):
    "This is a partial function, it throws an error on empty lists. Replace it with 'drop' 1, or use pattern matching or 'GHC.Internal.Data.List.uncons' instead. Consider refactoring to use "Data.List.NonEmpty"."
    |
256 | alex_action_9 = token CTokCLit (fst . oneChar . tail . tail)
    |                                                 ^^^^

dist-newstyle/build/x86_64-linux/ghc-9.10.2/gtk2hs-buildtools-0.13.12.0/build/CLexer.hs:256:56: warning: [GHC-63394] [-Wx-partial]
    In the use of ‘tail’
    (imported from Prelude, but defined in GHC.Internal.List):
    "This is a partial function, it throws an error on empty lists. Replace it with 'drop' 1, or use pattern matching or 'GHC.Internal.Data.List.uncons' instead. Consider refactoring to use "Data.List.NonEmpty"."
    |
256 | alex_action_9 = token CTokCLit (fst . oneChar . tail . tail)
    |                                                        ^^^^

dist-newstyle/build/x86_64-linux/ghc-9.10.2/gtk2hs-buildtools-0.13.12.0/build/CLexer.hs:259:53: warning: [GHC-63394] [-Wx-partial]
    In the use of ‘tail’
    (imported from Prelude, but defined in GHC.Internal.List):
    "This is a partial function, it throws an error on empty lists. Replace it with 'drop' 1, or use pattern matching or 'GHC.Internal.Data.List.uncons' instead. Consider refactoring to use "Data.List.NonEmpty"."
    |
259 | alex_action_12 = token CTokSLit (normalizeEscapes . tail)
    |                                                     ^^^^

[31 of 46] Compiling CHSLexer
c2hs/chs/CHSLexer.hs:630:38: warning: [GHC-63394] [-Wx-partial]
    In the use of ‘head’
    (imported from Prelude, but defined in GHC.Internal.List):
    "This is a partial function, it throws an error on empty lists. Use pattern matching, 'Data.List.uncons' or 'Data.Maybe.listToMaybe' instead. Consider refactoring to use "Data.List.NonEmpty"."
    |
630 |     fname'          | null str''' || head str''' /= '"' = fname
    |                                      ^^^^

c2hs/chs/CHSLexer.hs:746:65: warning: [GHC-63394] [-Wx-partial]
    In the use of ‘tail’
    (imported from Prelude, but defined in GHC.Internal.List):
    "This is a partial function, it throws an error on empty lists. Replace it with 'drop' 1, or use pattern matching or 'GHC.Internal.Data.List.uncons' instead. Consider refactoring to use "Data.List.NonEmpty"."
    |
746 |           `lexaction` \cs pos -> Just (CHSTokString pos (init . tail $ cs))
    |                                                                 ^^^^

c2hs/chs/CHSLexer.hs:752:65: warning: [GHC-63394] [-Wx-partial]
    In the use of ‘tail’
    (imported from Prelude, but defined in GHC.Internal.List):
    "This is a partial function, it throws an error on empty lists. Replace it with 'drop' 1, or use pattern matching or 'GHC.Internal.Data.List.uncons' instead. Consider refactoring to use "Data.List.NonEmpty"."
    |
752 |           `lexaction` \cs pos -> Just (CHSTokHSVerb pos (init . tail $ cs))
    |                                                                 ^^^^

[32 of 46] Compiling CHS
c2hs/chs/CHS.hs:427:28: warning: [GHC-63394] [-Wx-partial]
    In the use of ‘head’
    (imported from Prelude, but defined in GHC.Internal.List):
    "This is a partial function, it throws an error on empty lists. Use pattern matching, 'Data.List.uncons' or 'Data.Maybe.listToMaybe' instead. Consider refactoring to use "Data.List.NonEmpty"."
    |
427 |         nlStart          = head s == '\n'
    |                            ^^^^

c2hs/chs/CHS.hs:708:57: warning: [GHC-63394] [-Wx-partial]
    In the use of ‘tail’
    (imported from Prelude, but defined in GHC.Internal.List):
    "This is a partial function, it throws an error on empty lists. Replace it with 'drop' 1, or use pattern matching or 'GHC.Internal.Data.List.uncons' instead. Consider refactoring to use "Data.List.NonEmpty"."
    |
708 |                        (minor, _   ) = break (== '.') . tail $ rest
    |                                                         ^^^^

[33 of 46] Compiling GenHeader
c2hs/gen/GenHeader.hs:103:15: warning: [GHC-63394] [-Wx-partial]
    In the use of ‘tail’
    (imported from Prelude, but defined in GHC.Internal.List):
    "This is a partial function, it throws an error on empty lists. Replace it with 'drop' 1, or use pattern matching or 'GHC.Internal.Data.List.uncons' instead. Consider refactoring to use "Data.List.NonEmpty"."
    |
103 |   \supply -> (tail supply, "C2HS_COND_SENTRY_" ++ show (head supply))
    |               ^^^^

c2hs/gen/GenHeader.hs:103:57: warning: [GHC-63394] [-Wx-partial]
    In the use of ‘head’
    (imported from Prelude, but defined in GHC.Internal.List):
    "This is a partial function, it throws an error on empty lists. Use pattern matching, 'Data.List.uncons' or 'Data.Maybe.listToMaybe' instead. Consider refactoring to use "Data.List.NonEmpty"."
    |
103 |   \supply -> (tail supply, "C2HS_COND_SENTRY_" ++ show (head supply))
    |                                                         ^^^^

[34 of 46] Compiling CAST
[35 of 46] Compiling CPretty
[36 of 46] Compiling CAttrs
[37 of 46] Compiling CTrav
c2hs/c/CTrav.hs:597:8: warning: [GHC-63394] [-Wx-partial]
    In the use of ‘head’
    (imported from Prelude, but defined in GHC.Internal.List):
    "This is a partial function, it throws an error on empty lists. Use pattern matching, 'Data.List.uncons' or 'Data.Maybe.listToMaybe' instead. Consider refactoring to use "Data.List.NonEmpty"."
    |
597 |   case head [ts | CTypeSpec ts <- specs] of
    |        ^^^^

c2hs/c/CTrav.hs:716:14: warning: [GHC-63394] [-Wx-partial]
    In the use of ‘head’
    (imported from Prelude, but defined in GHC.Internal.List):
    "This is a partial function, it throws an error on empty lists. Use pattern matching, 'Data.List.uncons' or 'Data.Maybe.listToMaybe' instead. Consider refactoring to use "Data.List.NonEmpty"."
    |
716 |         case head [ts | CTypeSpec ts <- specs] of
    |              ^^^^

[38 of 46] Compiling CBuiltin
[39 of 46] Compiling CParser
[40 of 46] Compiling CNames
[41 of 46] Compiling C
[42 of 46] Compiling GBMonad
c2hs/gen/GBMonad.hs:217:66: warning: [GHC-63394] [-Wx-partial]
    In the use of ‘tail’
    (imported from Prelude, but defined in GHC.Internal.List):
    "This is a partial function, it throws an error on empty lists. Replace it with 'drop' 1, or use pattern matching or 'GHC.Internal.Data.List.uncons' instead. Consider refactoring to use "Data.List.NonEmpty"."
    |
217 |                              else [(onlyPosIdent nopos ideChars, tail rest)]
    |                                                                  ^^^^

[43 of 46] Compiling GenBind
c2hs/gen/GenBind.hs:1037:16: warning: [GHC-63394] [-Wx-partial]
    In the use of ‘head’
    (imported from Prelude, but defined in GHC.Internal.List):
    "This is a partial function, it throws an error on empty lists. Use pattern matching, 'Data.List.uncons' or 'Data.Maybe.listToMaybe' instead. Consider refactoring to use "Data.List.NonEmpty"."
     |
1037 |     let decl = head post
     |                ^^^^

[44 of 46] Compiling Version
[45 of 46] Compiling Gtk2HsC2Hs
[46 of 46] Compiling Gtk2HsSetup
Configuring executable 'gtk2hsTypeGen' for gtk2hs-buildtools-0.13.12.0...
Preprocessing executable 'gtk2hsTypeGen' for gtk2hs-buildtools-0.13.12.0...
Building executable 'gtk2hsTypeGen' for gtk2hs-buildtools-0.13.12.0...
[1 of 1] Compiling Main
[2 of 2] Linking dist-newstyle/build/x86_64-linux/ghc-9.10.2/gtk2hs-buildtools-0.13.12.0/x/gtk2hsTypeGen/build/gtk2hsTypeGen/gtk2hsTypeGen
Configuring executable 'gtk2hsHookGenerator' for gtk2hs-buildtools-0.13.12.0...
Preprocessing executable 'gtk2hsHookGenerator' for gtk2hs-buildtools-0.13.12.0...
Building executable 'gtk2hsHookGenerator' for gtk2hs-buildtools-0.13.12.0...
[1 of 1] Compiling Main
[2 of 2] Linking dist-newstyle/build/x86_64-linux/ghc-9.10.2/gtk2hs-buildtools-0.13.12.0/x/gtk2hsHookGenerator/build/gtk2hsHookGenerator/gtk2hsHookGenerator
Configuring executable 'gtk2hsC2hs' for gtk2hs-buildtools-0.13.12.0...
Preprocessing executable 'gtk2hsC2hs' for gtk2hs-buildtools-0.13.12.0...
Building executable 'gtk2hsC2hs' for gtk2hs-buildtools-0.13.12.0...
[1 of 1] Compiling Main
[2 of 2] Linking dist-newstyle/build/x86_64-linux/ghc-9.10.2/gtk2hs-buildtools-0.13.12.0/x/gtk2hsC2hs/build/gtk2hsC2hs/gtk2hsC2hs
