Resolving dependencies...
Build profile: -w ghc-9.10.2 -O1
In order, the following will be built (use -v for more details):
 - graphql-1.5.0.1 (lib) (first run)
 - graphql-1.5.0.1 (test:graphql-test) (first run)
Configuring library for graphql-1.5.0.1...
Preprocessing library for graphql-1.5.0.1...
Building library for graphql-1.5.0.1...
[ 1 of 21] Compiling Language.GraphQL.AST.DirectiveLocation
[ 2 of 21] Compiling Language.GraphQL.AST.Document
[ 3 of 21] Compiling Language.GraphQL.AST.Encoder
[ 4 of 21] Compiling Language.GraphQL.AST.Lexer
src/Language/GraphQL/AST/Lexer.hs:37:1: warning: [GHC-66111] [-Wunused-imports]
    The import of ‘Data.Foldable’ is redundant
      except perhaps to import instances from ‘Data.Foldable’
    To import instances alone, use: import Data.Foldable()
   |
37 | import Data.Foldable (foldl')
   | ^^^^^^^^^^^^^^^^^^^^^^^^^^^^^

[ 5 of 21] Compiling Language.GraphQL.AST.Parser
[ 6 of 21] Compiling Language.GraphQL.AST
[ 7 of 21] Compiling Language.GraphQL.Execute.OrderedMap
[ 8 of 21] Compiling Language.GraphQL.Type.Definition
[ 9 of 21] Compiling Language.GraphQL.Type.In
[10 of 21] Compiling Language.GraphQL.Type.Out
[11 of 21] Compiling Language.GraphQL.Type.Internal
[12 of 21] Compiling Language.GraphQL.Type.Schema
[13 of 21] Compiling Language.GraphQL.Type
[14 of 21] Compiling Language.GraphQL.Execute.Coerce
[15 of 21] Compiling Language.GraphQL.Error
[16 of 21] Compiling Language.GraphQL.Execute.Transform
[17 of 21] Compiling Language.GraphQL.Execute
[18 of 21] Compiling Language.GraphQL.Validate.Validation
[19 of 21] Compiling Language.GraphQL.Validate.Rules
[20 of 21] Compiling Language.GraphQL.Validate
[21 of 21] Compiling Language.GraphQL
Configuring test suite 'graphql-test' for graphql-1.5.0.1...
Preprocessing test suite 'graphql-test' for graphql-1.5.0.1...
Building test suite 'graphql-test' for graphql-1.5.0.1...
[ 1 of 13] Compiling Language.GraphQL.AST.Arbitrary
[ 2 of 13] Compiling Language.GraphQL.AST.DocumentSpec
[ 3 of 13] Compiling Language.GraphQL.AST.EncoderSpec
[ 4 of 13] Compiling Language.GraphQL.AST.LexerSpec
[ 5 of 13] Compiling Language.GraphQL.AST.ParserSpec
[ 6 of 13] Compiling Language.GraphQL.ErrorSpec
[ 7 of 13] Compiling Language.GraphQL.Execute.CoerceSpec
[ 8 of 13] Compiling Language.GraphQL.Execute.OrderedMapSpec
[ 9 of 13] Compiling Language.GraphQL.Type.OutSpec
[10 of 13] Compiling Language.GraphQL.Validate.RulesSpec
[11 of 13] Compiling Schemas.HeroSchema
[12 of 13] Compiling Language.GraphQL.ExecuteSpec
[13 of 13] Compiling Main
[14 of 14] Linking dist-newstyle/build/x86_64-linux/ghc-9.10.2/graphql-1.5.0.1/t/graphql-test/build/graphql-test/graphql-test
