Resolving dependencies...
Build profile: -w ghc-9.10.2 -O1
In order, the following will be built (use -v for more details):
 - ghc-lib-parser-ex-9.12.0.0 (lib) (first run)
 - ghc-lib-parser-ex-9.12.0.0 (exe:ghc-lib-parser-ex-build-tool) (first run)
 - ghc-lib-parser-ex-9.12.0.0 (test:ghc-lib-parser-ex-test) (first run)
Configuring library for ghc-lib-parser-ex-9.12.0.0...
Preprocessing library for ghc-lib-parser-ex-9.12.0.0...
Building library for ghc-lib-parser-ex-9.12.0.0...
[ 1 of 19] Compiling Language.Haskell.GhclibParserEx.Fixity
[ 2 of 19] Compiling Language.Haskell.GhclibParserEx.GHC.Driver.Flags
[ 3 of 19] Compiling Language.Haskell.GhclibParserEx.GHC.Driver.Session
[ 4 of 19] Compiling Language.Haskell.GhclibParserEx.GHC.Hs
[ 5 of 19] Compiling Language.Haskell.GhclibParserEx.GHC.Hs.Binds
[ 6 of 19] Compiling Language.Haskell.GhclibParserEx.GHC.Hs.Decls
[ 7 of 19] Compiling Language.Haskell.GhclibParserEx.GHC.Hs.Dump
[ 8 of 19] Compiling Language.Haskell.GhclibParserEx.Dump
[ 9 of 19] Compiling Language.Haskell.GhclibParserEx.GHC.Hs.ExtendInstances
[10 of 19] Compiling Language.Haskell.GhclibParserEx.GHC.Hs.ImpExp
[11 of 19] Compiling Language.Haskell.GhclibParserEx.GHC.Hs.Pat
[12 of 19] Compiling Language.Haskell.GhclibParserEx.GHC.Hs.Type
[13 of 19] Compiling Language.Haskell.GhclibParserEx.GHC.Hs.Types
[14 of 19] Compiling Language.Haskell.GhclibParserEx.GHC.Parser
[15 of 19] Compiling Language.Haskell.GhclibParserEx.GHC.Settings.Config
[16 of 19] Compiling Language.Haskell.GhclibParserEx.GHC.Types.Name.Reader
[17 of 19] Compiling Language.Haskell.GhclibParserEx.GHC.Hs.Expr
[18 of 19] Compiling Language.Haskell.GhclibParserEx.GHC.Utils.Outputable
[19 of 19] Compiling Paths_ghc_lib_parser_ex
Configuring executable 'ghc-lib-parser-ex-build-tool' for ghc-lib-parser-ex-9.12.0.0...
Preprocessing executable 'ghc-lib-parser-ex-build-tool' for ghc-lib-parser-ex-9.12.0.0...
Building executable 'ghc-lib-parser-ex-build-tool' for ghc-lib-parser-ex-9.12.0.0...
[1 of 1] Compiling Main
[2 of 2] Linking dist-newstyle/build/x86_64-linux/ghc-9.10.2/ghc-lib-parser-ex-9.12.0.0/x/ghc-lib-parser-ex-build-tool/build/ghc-lib-parser-ex-build-tool/ghc-lib-parser-ex-build-tool
Configuring test suite 'ghc-lib-parser-ex-test' for ghc-lib-parser-ex-9.12.0.0...
Preprocessing test suite 'ghc-lib-parser-ex-test' for ghc-lib-parser-ex-9.12.0.0...
Building test suite 'ghc-lib-parser-ex-test' for ghc-lib-parser-ex-9.12.0.0...
[1 of 1] Compiling Main
[2 of 2] Linking dist-newstyle/build/x86_64-linux/ghc-9.10.2/ghc-lib-parser-ex-9.12.0.0/t/ghc-lib-parser-ex-test/build/ghc-lib-parser-ex-test/ghc-lib-parser-ex-test
