Resolving dependencies...
Build profile: -w ghc-9.10.2 -O1
In order, the following will be built (use -v for more details):
 - rerebase-1.21.2 (lib) (first run)
Configuring library for rerebase-1.21.2...
Preprocessing library for rerebase-1.21.2...
Building library for rerebase-1.21.2...
[  1 of 368] Compiling Prelude
[  2 of 368] Compiling Numeric.Natural
[  3 of 368] Compiling Numeric
[  4 of 368] Compiling GHC.Word
[  5 of 368] Compiling GHC.Weak
[  6 of 368] Compiling GHC.Unicode
[  7 of 368] Compiling GHC.TypeNats
[  8 of 368] Compiling GHC.TypeLits
[  9 of 368] Compiling GHC.TopHandler
[ 10 of 368] Compiling GHC.Storable
[ 11 of 368] Compiling GHC.Stats
[ 12 of 368] Compiling GHC.Stack
[ 13 of 368] Compiling GHC.Stable
[ 14 of 368] Compiling GHC.Show
[ 15 of 368] Compiling GHC.STRef
[ 16 of 368] Compiling GHC.ST
[ 17 of 368] Compiling GHC.Records
[ 18 of 368] Compiling GHC.Real
[ 19 of 368] Compiling GHC.Read
[ 20 of 368] Compiling GHC.Ptr
[ 21 of 368] Compiling GHC.Profiling
[ 22 of 368] Compiling GHC.OverloadedLabels
[ 23 of 368] Compiling GHC.Num
[ 24 of 368] Compiling GHC.MVar
[ 25 of 368] Compiling GHC.List
[ 26 of 368] Compiling GHC.Int
[ 27 of 368] Compiling GHC.IORef
[ 28 of 368] Compiling GHC.IOArray
[ 29 of 368] Compiling GHC.IO.IOMode
[ 30 of 368] Compiling GHC.IO.Handle.Types
[ 31 of 368] Compiling GHC.IO.Handle.Text
[ 32 of 368] Compiling GHC.IO.Handle.Internals
[ 33 of 368] Compiling GHC.IO.Handle.FD
[ 34 of 368] Compiling GHC.IO.Handle
[ 35 of 368] Compiling GHC.IO.FD
[ 36 of 368] Compiling GHC.IO.Exception
[ 37 of 368] Compiling GHC.IO.Encoding.UTF8
[ 38 of 368] Compiling GHC.IO.Encoding.UTF32
[ 39 of 368] Compiling GHC.IO.Encoding.UTF16
[ 40 of 368] Compiling GHC.IO.Encoding.Types
[ 41 of 368] Compiling GHC.IO.Encoding.Latin1
[ 42 of 368] Compiling GHC.IO.Encoding.Iconv
[ 43 of 368] Compiling GHC.IO.Encoding.Failure
[ 44 of 368] Compiling GHC.IO.Encoding
[ 45 of 368] Compiling GHC.IO.Device
[ 46 of 368] Compiling GHC.IO.BufferedIO
[ 47 of 368] Compiling GHC.IO.Buffer
[ 48 of 368] Compiling GHC.IO
[ 49 of 368] Compiling GHC.Generics
[ 50 of 368] Compiling GHC.ForeignPtr
[ 51 of 368] Compiling GHC.Foreign
[ 52 of 368] Compiling GHC.Float.RealFracMethods
[ 53 of 368] Compiling GHC.Float.ConversionUtils
[ 54 of 368] Compiling GHC.Float
[ 55 of 368] Compiling GHC.Fingerprint.Type
[ 56 of 368] Compiling GHC.Fingerprint
[ 57 of 368] Compiling GHC.Exts
[ 58 of 368] Compiling GHC.Exception
[ 59 of 368] Compiling GHC.Err
[ 60 of 368] Compiling GHC.Environment
[ 61 of 368] Compiling GHC.Enum
[ 62 of 368] Compiling GHC.Desugar
[ 63 of 368] Compiling GHC.Conc.Sync
[ 64 of 368] Compiling GHC.Conc.Signal
[ 65 of 368] Compiling GHC.Conc.IO
[ 66 of 368] Compiling GHC.Conc
[ 67 of 368] Compiling GHC.Char
[ 68 of 368] Compiling GHC.Base
[ 69 of 368] Compiling GHC.Arr
[ 70 of 368] Compiling Foreign.Storable
[ 71 of 368] Compiling Foreign.StablePtr
[ 72 of 368] Compiling Foreign.Ptr
[ 73 of 368] Compiling Foreign.Marshal.Utils
[ 74 of 368] Compiling Foreign.Marshal.Unsafe
[ 75 of 368] Compiling Foreign.Marshal.Safe
[ 76 of 368] Compiling Foreign.Marshal.Pool
[ 77 of 368] Compiling Foreign.Marshal.Error
[ 78 of 368] Compiling Foreign.Marshal.Array
[ 79 of 368] Compiling Foreign.Marshal.Alloc
[ 80 of 368] Compiling Foreign.Marshal
[ 81 of 368] Compiling Foreign.ForeignPtr.Unsafe
[ 82 of 368] Compiling Foreign.ForeignPtr
[ 83 of 368] Compiling Foreign.Concurrent
[ 84 of 368] Compiling Foreign.C.Types
[ 85 of 368] Compiling Foreign.C.String
[ 86 of 368] Compiling Foreign.C.Error
[ 87 of 368] Compiling Foreign.C
[ 88 of 368] Compiling Foreign
[ 89 of 368] Compiling Debug.Trace
[ 90 of 368] Compiling Data.Word
[ 91 of 368] Compiling Data.Void.Unsafe
[ 92 of 368] Compiling Data.Void
[ 93 of 368] Compiling Data.Version
[ 94 of 368] Compiling Data.Vector.Unboxed.Mutable
[ 95 of 368] Compiling Data.Vector.Unboxed.Base
[ 96 of 368] Compiling Data.Vector.Unboxed
[ 97 of 368] Compiling Data.Vector.Storable.Mutable
[ 98 of 368] Compiling Data.Vector.Storable.Internal
[ 99 of 368] Compiling Data.Vector.Storable
[100 of 368] Compiling Data.Vector.Primitive.Mutable
[101 of 368] Compiling Data.Vector.Primitive
[102 of 368] Compiling Data.Vector.Mutable
[103 of 368] Compiling Data.Vector.Internal.Check
[104 of 368] Compiling Data.Vector.Instances
[105 of 368] Compiling Data.Vector.Generic.New
[106 of 368] Compiling Data.Vector.Generic.Mutable
[107 of 368] Compiling Data.Vector.Generic.Base
[108 of 368] Compiling Data.Vector.Generic
[109 of 368] Compiling Data.Vector.Fusion.Util
[110 of 368] Compiling Data.Vector.Fusion.Stream.Monadic
[111 of 368] Compiling Data.Vector
[112 of 368] Compiling Data.Unique
[113 of 368] Compiling Data.UUID
[114 of 368] Compiling Data.Typeable
[115 of 368] Compiling Data.Type.Equality
[116 of 368] Compiling Data.Type.Coercion
[117 of 368] Compiling Data.Type.Bool
[118 of 368] Compiling Data.Tuple
[119 of 368] Compiling Data.Tree
[120 of 368] Compiling Data.Traversable.Instances
[121 of 368] Compiling Data.Traversable
[122 of 368] Compiling Data.Time.LocalTime
[123 of 368] Compiling Data.Time.Format.ISO8601
[124 of 368] Compiling Data.Time.Format
[125 of 368] Compiling Data.Time.Compat
[126 of 368] Compiling Data.Time.Clock.TAI
[127 of 368] Compiling Data.Time.Clock.POSIX
[128 of 368] Compiling Data.Time.Clock
[129 of 368] Compiling Data.Time.Calendar.WeekDate
[130 of 368] Compiling Data.Time.Calendar.OrdinalDate
[131 of 368] Compiling Data.Time.Calendar.MonthDay
[132 of 368] Compiling Data.Time.Calendar.Julian
[133 of 368] Compiling Data.Time.Calendar.Easter
[134 of 368] Compiling Data.Time.Calendar
[135 of 368] Compiling Data.Time
[136 of 368] Compiling Data.Text.Unsafe
[137 of 368] Compiling Data.Text.Read
[138 of 368] Compiling Data.Text.Lazy.Read
[139 of 368] Compiling Data.Text.Lazy.IO
[140 of 368] Compiling Data.Text.Lazy.Encoding
[141 of 368] Compiling Data.Text.Lazy.Builder.Scientific
[142 of 368] Compiling Data.Text.Lazy.Builder.RealFloat
[143 of 368] Compiling Data.Text.Lazy.Builder.Int
[144 of 368] Compiling Data.Text.Lazy.Builder
[145 of 368] Compiling Data.Text.Lazy
[146 of 368] Compiling Data.Text.Internal
[147 of 368] Compiling Data.Text.IO
[148 of 368] Compiling Data.Text.Foreign
[149 of 368] Compiling Data.Text.Encoding.Error
[150 of 368] Compiling Data.Text.Encoding
[151 of 368] Compiling Data.Text.Array
[152 of 368] Compiling Data.Text
[153 of 368] Compiling Data.String
[154 of 368] Compiling Data.Set
[155 of 368] Compiling Data.Sequence
[156 of 368] Compiling Data.Semigroupoid.Static
[157 of 368] Compiling Data.Semigroupoid.Ob
[158 of 368] Compiling Data.Semigroupoid.Dual
[159 of 368] Compiling Data.Semigroupoid
[160 of 368] Compiling Data.Semigroup.Traversable.Class
[161 of 368] Compiling Data.Semigroup.Traversable
[162 of 368] Compiling Data.Semigroup.Foldable
[163 of 368] Compiling Data.Semigroup.Bitraversable
[164 of 368] Compiling Data.Semigroup.Bifoldable
[165 of 368] Compiling Data.Semigroup
[166 of 368] Compiling Data.Scientific
[167 of 368] Compiling Data.STRef.Strict
[168 of 368] Compiling Data.STRef.Lazy
[169 of 368] Compiling Data.STRef
[170 of 368] Compiling Data.Ratio
[171 of 368] Compiling Data.Proxy
[172 of 368] Compiling Data.Profunctor.Yoneda
[173 of 368] Compiling Data.Profunctor.Unsafe
[174 of 368] Compiling Data.Profunctor.Types
[175 of 368] Compiling Data.Profunctor.Traversing
[176 of 368] Compiling Data.Profunctor.Strong
[177 of 368] Compiling Data.Profunctor.Sieve
[178 of 368] Compiling Data.Profunctor.Rep
[179 of 368] Compiling Data.Profunctor.Ran
[180 of 368] Compiling Data.Profunctor.Monad
[181 of 368] Compiling Data.Profunctor.Mapping
[182 of 368] Compiling Data.Profunctor.Composition
[183 of 368] Compiling Data.Profunctor.Closed
[184 of 368] Compiling Data.Profunctor.Choice
[185 of 368] Compiling Data.Profunctor.Cayley
[186 of 368] Compiling Data.Profunctor.Adjunction
[187 of 368] Compiling Data.Profunctor
[188 of 368] Compiling Data.Ord
[189 of 368] Compiling Data.Monoid
[190 of 368] Compiling Data.Maybe
[191 of 368] Compiling Data.Map.Strict
[192 of 368] Compiling Data.Map.Lazy
[193 of 368] Compiling Data.Map
[194 of 368] Compiling Data.List.NonEmpty
[195 of 368] Compiling Data.List
[196 of 368] Compiling Data.Kind
[197 of 368] Compiling Data.Ix
[198 of 368] Compiling Data.Isomorphism
[199 of 368] Compiling Data.IntSet
[200 of 368] Compiling Data.IntMap.Strict
[201 of 368] Compiling Data.IntMap.Lazy
[202 of 368] Compiling Data.IntMap
[203 of 368] Compiling Data.Int
[204 of 368] Compiling Data.IORef
[205 of 368] Compiling Data.Hashable
[206 of 368] Compiling Data.HashSet
[207 of 368] Compiling Data.HashMap.Strict
[208 of 368] Compiling Data.HashMap.Lazy
[209 of 368] Compiling Data.Groupoid
[210 of 368] Compiling Data.Group
[211 of 368] Compiling Data.Graph
[212 of 368] Compiling Data.Functor.Sum
[213 of 368] Compiling Data.Functor.Reverse
[214 of 368] Compiling Data.Functor.Product
[215 of 368] Compiling Data.Functor.Plus
[216 of 368] Compiling Data.Functor.Invariant.TH
[217 of 368] Compiling Data.Functor.Invariant
[218 of 368] Compiling Data.Functor.Identity
[219 of 368] Compiling Data.Functor.Extend
[220 of 368] Compiling Data.Functor.Contravariant.Divisible
[221 of 368] Compiling Data.Functor.Contravariant.Compose
[222 of 368] Compiling Data.Functor.Contravariant
[223 of 368] Compiling Data.Functor.Constant
[224 of 368] Compiling Data.Functor.Compose
[225 of 368] Compiling Data.Functor.Classes
[226 of 368] Compiling Data.Functor.Bind.Trans
[227 of 368] Compiling Data.Functor.Bind.Class
[228 of 368] Compiling Data.Functor.Bind
[229 of 368] Compiling Data.Functor.Apply
[230 of 368] Compiling Data.Functor.Alt
[231 of 368] Compiling Data.Functor
[232 of 368] Compiling Data.Function
[233 of 368] Compiling Data.Foldable
[234 of 368] Compiling Data.Fixed
[235 of 368] Compiling Data.Eq
[236 of 368] Compiling Data.Either.Validation
[237 of 368] Compiling Data.Either.Combinators
[238 of 368] Compiling Data.Either
[239 of 368] Compiling Data.Dynamic
[240 of 368] Compiling Data.Data
[241 of 368] Compiling Data.DList
[242 of 368] Compiling Data.Complex
[243 of 368] Compiling Data.Coerce
[244 of 368] Compiling Data.Char
[245 of 368] Compiling Data.ByteString.Unsafe
[246 of 368] Compiling Data.ByteString.Short.Internal
[247 of 368] Compiling Data.ByteString.Short
[248 of 368] Compiling Data.ByteString.Lazy.Internal
[249 of 368] Compiling Data.ByteString.Lazy.Char8
[250 of 368] Compiling Data.ByteString.Lazy
[251 of 368] Compiling Data.ByteString.Internal
[252 of 368] Compiling Data.ByteString.Char8
[253 of 368] Compiling Data.ByteString.Builder.Scientific
[254 of 368] Compiling Data.ByteString.Builder.Prim.Internal
[255 of 368] Compiling Data.ByteString.Builder.Prim
[256 of 368] Compiling Data.ByteString.Builder.Internal
[257 of 368] Compiling Data.ByteString.Builder.Extra
[258 of 368] Compiling Data.ByteString.Builder
[259 of 368] Compiling Data.ByteString
[260 of 368] Compiling Data.Bool
[261 of 368] Compiling Data.Bits
[262 of 368] Compiling Data.Bitraversable
[263 of 368] Compiling Data.Bifunctor.Wrapped
[264 of 368] Compiling Data.Bifunctor.Tannen
[265 of 368] Compiling Data.Bifunctor.Product
[266 of 368] Compiling Data.Bifunctor.Joker
[267 of 368] Compiling Data.Bifunctor.Join
[268 of 368] Compiling Data.Bifunctor.Flip
[269 of 368] Compiling Data.Bifunctor.Clown
[270 of 368] Compiling Data.Bifunctor.Biff
[271 of 368] Compiling Data.Bifunctor.Apply
[272 of 368] Compiling Data.Bifunctor
[273 of 368] Compiling Data.Bifoldable
[274 of 368] Compiling Data.Biapplicative
[275 of 368] Compiling Control.Selective.Rigid.Freer
[276 of 368] Compiling Control.Selective.Rigid.Free
[277 of 368] Compiling Control.Selective.Multi
[278 of 368] Compiling Control.Selective.Free
[279 of 368] Compiling Control.Selective
[280 of 368] Compiling Control.Monad.Zip
[281 of 368] Compiling Control.Monad.Writer.Strict
[282 of 368] Compiling Control.Monad.Writer.Lazy
[283 of 368] Compiling Control.Monad.Writer.Class
[284 of 368] Compiling Control.Monad.Writer
[285 of 368] Compiling Control.Monad.Trans.Writer.Strict
[286 of 368] Compiling Control.Monad.Trans.Writer.Lazy
[287 of 368] Compiling Control.Monad.Trans.Writer
[288 of 368] Compiling Control.Monad.Trans.State.Strict
[289 of 368] Compiling Control.Monad.Trans.State.Lazy
[290 of 368] Compiling Control.Monad.Trans.State
[291 of 368] Compiling Control.Monad.Trans.Reader
[292 of 368] Compiling Control.Monad.Trans.RWS.Strict
[293 of 368] Compiling Control.Monad.Trans.RWS.Lazy
[294 of 368] Compiling Control.Monad.Trans.RWS
[295 of 368] Compiling Control.Monad.Trans.Maybe
[296 of 368] Compiling Control.Monad.Trans.Identity
[297 of 368] Compiling Control.Monad.Trans.Except
[298 of 368] Compiling Control.Monad.Trans.Cont
[299 of 368] Compiling Control.Monad.Trans.Class
[300 of 368] Compiling Control.Monad.Trans
[301 of 368] Compiling Control.Monad.State.Strict
[302 of 368] Compiling Control.Monad.State.Lazy
[303 of 368] Compiling Control.Monad.State.Class
[304 of 368] Compiling Control.Monad.State
[305 of 368] Compiling Control.Monad.Signatures
[306 of 368] Compiling Control.Monad.STM
[307 of 368] Compiling Control.Monad.ST.Unsafe
[308 of 368] Compiling Control.Monad.ST.Strict
[309 of 368] Compiling Control.Monad.ST.Lazy.Unsafe
[310 of 368] Compiling Control.Monad.ST.Lazy
[311 of 368] Compiling Control.Monad.ST
[312 of 368] Compiling Control.Monad.Reader.Class
[313 of 368] Compiling Control.Monad.Reader
[314 of 368] Compiling Control.Monad.RWS.Strict
[315 of 368] Compiling Control.Monad.RWS.Lazy
[316 of 368] Compiling Control.Monad.RWS.Class
[317 of 368] Compiling Control.Monad.RWS
[318 of 368] Compiling Control.Monad.Identity
[319 of 368] Compiling Control.Monad.IO.Class
[320 of 368] Compiling Control.Monad.Fix
[321 of 368] Compiling Control.Monad.Fail
[322 of 368] Compiling Control.Monad.Error.Class
[323 of 368] Compiling Control.Monad.Cont.Class
[324 of 368] Compiling Control.Monad.Cont
[325 of 368] Compiling Control.Monad
[326 of 368] Compiling Control.Exception.Base
[327 of 368] Compiling Control.Exception
[328 of 368] Compiling Control.DeepSeq
[329 of 368] Compiling Control.Concurrent.STM.TVar
[330 of 368] Compiling Control.Concurrent.STM.TSem
[331 of 368] Compiling Control.Concurrent.STM.TQueue
[332 of 368] Compiling Control.Concurrent.STM.TMVar
[333 of 368] Compiling Control.Concurrent.STM.TChan
[334 of 368] Compiling Control.Concurrent.STM.TBQueue
[335 of 368] Compiling Control.Concurrent.STM.TArray
[336 of 368] Compiling Control.Concurrent.STM
[337 of 368] Compiling Control.Concurrent.QSemN
[338 of 368] Compiling Control.Concurrent.QSem
[339 of 368] Compiling Control.Concurrent.MVar
[340 of 368] Compiling Control.Concurrent.Chan
[341 of 368] Compiling Control.Concurrent
[342 of 368] Compiling Control.Comonad
[343 of 368] Compiling Control.Category
[344 of 368] Compiling Control.Arrow
[345 of 368] Compiling Control.Applicative.Lift
[346 of 368] Compiling Control.Applicative.Backwards
[347 of 368] Compiling Control.Applicative
[348 of 368] Compiling System.CPUTime
[349 of 368] Compiling System.Console.GetOpt
[350 of 368] Compiling System.Environment
[351 of 368] Compiling System.Exit
[352 of 368] Compiling System.IO
[353 of 368] Compiling System.IO.Error
[354 of 368] Compiling System.IO.Unsafe
[355 of 368] Compiling System.Info
[356 of 368] Compiling System.Mem
[357 of 368] Compiling System.Mem.StableName
[358 of 368] Compiling System.Mem.Weak
[359 of 368] Compiling System.Posix.Internals
[360 of 368] Compiling System.Posix.Types
[361 of 368] Compiling System.Timeout
[362 of 368] Compiling Text.ParserCombinators.ReadP
[363 of 368] Compiling Text.ParserCombinators.ReadPrec
[364 of 368] Compiling Text.Printf
[365 of 368] Compiling Text.Read
[366 of 368] Compiling Text.Read.Lex
[367 of 368] Compiling Text.Show
[368 of 368] Compiling Unsafe.Coerce
