Resolving dependencies...
Build profile: -w ghc-9.10.2 -O1
In order, the following will be built (use -v for more details):
 - secp256k1-haskell-1.4.6 (lib) (first run)
 - secp256k1-haskell-1.4.6 (test:spec) (first run)
Configuring library for secp256k1-haskell-1.4.6...
Preprocessing library for secp256k1-haskell-1.4.6...
Building library for secp256k1-haskell-1.4.6...
[1 of 7] Compiling Crypto.Secp256k1.Internal.ForeignTypes
[2 of 7] Compiling Crypto.Secp256k1.Internal.BaseOps
[3 of 7] Compiling Crypto.Secp256k1.Internal.Util
[4 of 7] Compiling Crypto.Secp256k1.Internal.Context
[5 of 7] Compiling Crypto.Secp256k1.Internal.Base
[6 of 7] Compiling Crypto.Secp256k1
[7 of 7] Compiling Paths_secp256k1_haskell
Configuring test suite 'spec' for secp256k1-haskell-1.4.6...
Preprocessing test suite 'spec' for secp256k1-haskell-1.4.6...
Building test suite 'spec' for secp256k1-haskell-1.4.6...
[1 of 4] Compiling Crypto.Secp256k1.InternalSpec
[2 of 4] Compiling Crypto.Secp256k1Spec
[3 of 4] Compiling Main
[4 of 4] Compiling Paths_secp256k1_haskell
[5 of 5] Linking dist-newstyle/build/x86_64-linux/ghc-9.10.2/secp256k1-haskell-1.4.6/t/spec/build/spec/spec
