Resolving dependencies...
Build profile: -w ghc-9.10.2 -O1
In order, the following will be built (use -v for more details):
 - essence-of-live-coding-0.2.8 (lib) (first run)
 - essence-of-live-coding-0.2.8 (test:test) (first run)
 - essence-of-live-coding-0.2.8 (exe:TestNonBlocking) (first run)
 - essence-of-live-coding-0.2.8 (exe:TestExceptions) (first run)
Configuring library for essence-of-live-coding-0.2.8...
Preprocessing library for essence-of-live-coding-0.2.8...
Building library for essence-of-live-coding-0.2.8...
[ 1 of 42] Compiling LiveCoding.Cell.Util.Internal
[ 2 of 42] Compiling LiveCoding.LiveProgram
[ 3 of 42] Compiling LiveCoding.Cell
[ 4 of 42] Compiling LiveCoding.Debugger
[ 5 of 42] Compiling LiveCoding.Coalgebra
[ 6 of 42] Compiling LiveCoding.Cell.Monad
[ 7 of 42] Compiling LiveCoding.Cell.Resample
[ 8 of 42] Compiling LiveCoding.Cell.Monad.Trans
[ 9 of 42] Compiling LiveCoding.Exceptions.Finite
[10 of 42] Compiling LiveCoding.Exceptions
[11 of 42] Compiling LiveCoding.External
[12 of 42] Compiling LiveCoding.CellExcept
src/LiveCoding/CellExcept.lhs:47:3: warning: [GHC-22705] [-Wnoncanonical-monad-instances]
    Noncanonical ‘pure = return’ definition detected
    in the instance declaration for ‘Applicative (CellExcept a b m)’.
    Suggested fix:
      Move definition from ‘return’ to ‘pure’
      See also: https://gitlab.haskell.org/ghc/ghc/-/wikis/proposal/monad-of-no-return
   |
47 |   pure = return
   |   ^^^^^^^^^^^^^

src/LiveCoding/CellExcept.lhs:61:3: warning: [GHC-22705] [-Wnoncanonical-monad-instances]
    Noncanonical ‘return’ definition detected
    in the instance declaration for ‘Monad (CellExcept a b m)’.
    ‘return’ will eventually be removed in favour of ‘pure’
    Suggested fix:
      Either remove definition for ‘return’ (recommended) or define as ‘return = pure’
      See also: https://gitlab.haskell.org/ghc/ghc/-/wikis/proposal/monad-of-no-return
   |
61 |   return = Return
   |   ^^^^^^^^^^^^^^^

[13 of 42] Compiling LiveCoding.Cell.Feedback
[14 of 42] Compiling LiveCoding.Cell.Util
[15 of 42] Compiling LiveCoding.Bind
[16 of 42] Compiling LiveCoding.Forever
[17 of 42] Compiling LiveCoding.Debugger.StatePrint
[18 of 42] Compiling LiveCoding.LiveProgram.Except
[19 of 42] Compiling LiveCoding.LiveProgram.Monad.Trans
[20 of 42] Compiling LiveCoding.HandlingState
[21 of 42] Compiling LiveCoding.Migrate.Migration
[22 of 42] Compiling LiveCoding.Migrate.Debugger
[23 of 42] Compiling LiveCoding.Migrate.Cell
[24 of 42] Compiling LiveCoding.Migrate.Monad.Trans
[25 of 42] Compiling LiveCoding.Migrate
src/LiveCoding/Migrate.lhs:73:58: warning: [GHC-63394] [-Wx-partial]
    In the use of ‘tail’
    (imported from Prelude, but defined in GHC.Internal.List):
    "This is a partial function, it throws an error on empty lists. Replace it with 'drop' 1, or use pattern matching or 'GHC.Internal.Data.List.uncons' instead. Consider refactoring to use "Data.List.NonEmpty"."
   |
73 |       in if null suffix then prefix else withoutModule $ tail suffix
   |                                                          ^^^^

[26 of 42] Compiling LiveCoding.LiveProgram.HotCodeSwap
[27 of 42] Compiling LiveCoding.Cell.HotCodeSwap
[28 of 42] Compiling LiveCoding.Migrate.NoMigration
[29 of 42] Compiling LiveCoding.Handle
[30 of 42] Compiling LiveCoding.Handle.Examples
[31 of 42] Compiling LiveCoding.Cell.NonBlocking
[32 of 42] Compiling LiveCoding.Preliminary.CellExcept.Applicative
[33 of 42] Compiling LiveCoding.Preliminary.CellExcept
[34 of 42] Compiling LiveCoding.Preliminary.CellExcept.Monad
[35 of 42] Compiling LiveCoding.Preliminary.CellExcept.Newtype
[36 of 42] Compiling LiveCoding.Preliminary.LiveProgram.LiveProgram2
[37 of 42] Compiling LiveCoding.Preliminary.LiveProgram.LiveProgramPreliminary
[38 of 42] Compiling LiveCoding.Preliminary.LiveProgram.HotCodeSwap
[39 of 42] Compiling LiveCoding.RuntimeIO.Launch
src/LiveCoding/RuntimeIO/Launch.hs:74:28: warning: [GHC-39567] [-Wstar-is-type]
    Using ‘*’ (or its Unicode variant) to mean ‘Data.Kind.Type’
    relies on the StarIsType extension, which will become
    deprecated in the future.
    Suggested fix: Use ‘Type’ from ‘Data.Kind’ instead.
   |
74 | data LaunchedProgram (m :: * -> *) = LaunchedProgram
   |                            ^

src/LiveCoding/RuntimeIO/Launch.hs:74:33: warning: [GHC-39567] [-Wstar-is-type]
    Using ‘*’ (or its Unicode variant) to mean ‘Data.Kind.Type’
    relies on the StarIsType extension, which will become
    deprecated in the future.
    Suggested fix: Use ‘Type’ from ‘Data.Kind’ instead.
   |
74 | data LaunchedProgram (m :: * -> *) = LaunchedProgram
   |                                 ^

[40 of 42] Compiling LiveCoding.RuntimeIO
[41 of 42] Compiling LiveCoding.GHCi
[42 of 42] Compiling LiveCoding
Configuring test suite 'test' for essence-of-live-coding-0.2.8...
Preprocessing test suite 'test' for essence-of-live-coding-0.2.8...
Building test suite 'test' for essence-of-live-coding-0.2.8...
[ 1 of 17] Compiling Monad.Trans
[ 2 of 17] Compiling RuntimeIO.Launch
[ 3 of 17] Compiling TestData.Foo1
[ 4 of 17] Compiling TestData.Foo2
[ 5 of 17] Compiling Util
[ 6 of 17] Compiling Monad
[ 7 of 17] Compiling Migrate.NoMigration
[ 8 of 17] Compiling Migrate
[ 9 of 17] Compiling Feedback
[10 of 17] Compiling Cell.Util.Traversable
test/Cell/Util/Traversable.hs:64:24: warning: [GHC-63394] [-Wx-partial]
    In the use of ‘head’
    (imported from Data.List, but defined in GHC.Internal.List):
    "This is a partial function, it throws an error on empty lists. Use pattern matching, 'Data.List.uncons' or 'Data.Maybe.listToMaybe' instead. Consider refactoring to use "Data.List.NonEmpty"."
   |
64 |           { cell = arr head
   |                        ^^^^

test/Cell/Util/Traversable.hs:70:33: warning: [GHC-63394] [-Wx-partial]
    In the use of ‘head’
    (imported from Data.List, but defined in GHC.Internal.List):
    "This is a partial function, it throws an error on empty lists. Use pattern matching, 'Data.List.uncons' or 'Data.Maybe.listToMaybe' instead. Consider refactoring to use "Data.List.NonEmpty"."
   |
70 |           { cell = toCell $ arr head
   |                                 ^^^^

test/Cell/Util/Traversable.hs:105:37: warning: [GHC-39567] [-Wstar-is-type]
    Using ‘*’ (or its Unicode variant) to mean ‘Data.Kind.Type’
    relies on the StarIsType extension, which will become
    deprecated in the future.
    Suggested fix: Use ‘Type’ from ‘Data.Kind’ instead.
    |
105 | makeTraversableTest :: forall (t :: * -> *) a. (Testable a, Typeable t) => (Proxy t -> a) -> Proxy t -> Test
    |                                     ^

test/Cell/Util/Traversable.hs:105:42: warning: [GHC-39567] [-Wstar-is-type]
    Using ‘*’ (or its Unicode variant) to mean ‘Data.Kind.Type’
    relies on the StarIsType extension, which will become
    deprecated in the future.
    Suggested fix: Use ‘Type’ from ‘Data.Kind’ instead.
    |
105 | makeTraversableTest :: forall (t :: * -> *) a. (Testable a, Typeable t) => (Proxy t -> a) -> Proxy t -> Test
    |                                          ^

test/Cell/Util/Traversable.hs:109:23: warning: [GHC-39567] [-Wstar-is-type]
    Using ‘*’ (or its Unicode variant) to mean ‘Data.Kind.Type’
    relies on the StarIsType extension, which will become
    deprecated in the future.
    Suggested fix: Use ‘Type’ from ‘Data.Kind’ instead.
    |
109 | data Traversables :: [* -> *] -> *
    |                       ^

test/Cell/Util/Traversable.hs:109:28: warning: [GHC-39567] [-Wstar-is-type]
    Using ‘*’ (or its Unicode variant) to mean ‘Data.Kind.Type’
    relies on the StarIsType extension, which will become
    deprecated in the future.
    Suggested fix: Use ‘Type’ from ‘Data.Kind’ instead.
    |
109 | data Traversables :: [* -> *] -> *
    |                            ^

test/Cell/Util/Traversable.hs:109:34: warning: [GHC-39567] [-Wstar-is-type]
    Using ‘*’ (or its Unicode variant) to mean ‘Data.Kind.Type’
    relies on the StarIsType extension, which will become
    deprecated in the future.
    Suggested fix: Use ‘Type’ from ‘Data.Kind’ instead.
    |
109 | data Traversables :: [* -> *] -> *
    |                                  ^

test/Cell/Util/Traversable.hs:114:19: warning: [GHC-39567] [-Wstar-is-type]
    Using ‘*’ (or its Unicode variant) to mean ‘Data.Kind.Type’
    relies on the StarIsType extension, which will become
    deprecated in the future.
    Suggested fix: Use ‘Type’ from ‘Data.Kind’ instead.
    |
114 |     (forall (t :: * -> *). (Arbitrary (t Int), Show (t Int), Eq (t Int), Traversable t, Typeable t) => Proxy t -> Test) ->
    |                   ^

test/Cell/Util/Traversable.hs:114:24: warning: [GHC-39567] [-Wstar-is-type]
    Using ‘*’ (or its Unicode variant) to mean ‘Data.Kind.Type’
    relies on the StarIsType extension, which will become
    deprecated in the future.
    Suggested fix: Use ‘Type’ from ‘Data.Kind’ instead.
    |
114 |     (forall (t :: * -> *). (Arbitrary (t Int), Show (t Int), Eq (t Int), Traversable t, Typeable t) => Proxy t -> Test) ->
    |                        ^

test/Cell/Util/Traversable.hs:131:17: warning: [GHC-39567] [-Wstar-is-type]
    Using ‘*’ (or its Unicode variant) to mean ‘Data.Kind.Type’
    relies on the StarIsType extension, which will become
    deprecated in the future.
    Suggested fix: Use ‘Type’ from ‘Data.Kind’ instead.
    |
131 |   (forall (t :: * -> *). (Arbitrary (t Int), Show (t Int), Eq (t Int), Traversable t, Typeable t) => Proxy t -> Test) ->
    |                 ^

test/Cell/Util/Traversable.hs:131:22: warning: [GHC-39567] [-Wstar-is-type]
    Using ‘*’ (or its Unicode variant) to mean ‘Data.Kind.Type’
    relies on the StarIsType extension, which will become
    deprecated in the future.
    Suggested fix: Use ‘Type’ from ‘Data.Kind’ instead.
    |
131 |   (forall (t :: * -> *). (Arbitrary (t Int), Show (t Int), Eq (t Int), Traversable t, Typeable t) => Proxy t -> Test) ->
    |                      ^

[11 of 17] Compiling Cell.Util
test/Cell/Util.hs:185:69: warning: [GHC-63394] [-Wx-partial]
    In the use of ‘tail’
    (imported from Data.List, but defined in GHC.Internal.List):
    "This is a partial function, it throws an error on empty lists. Replace it with 'drop' 1, or use pattern matching or 'GHC.Internal.Data.List.uncons' instead. Consider refactoring to use "Data.List.NonEmpty"."
    |
185 |               , output = fmap sum . transpose <$> [[0 :: Int, 0]] : tail (inits (init inputs'))
    |                                                                     ^^^^

[12 of 17] Compiling Cell.Monad.Trans
[13 of 17] Compiling Cell
[14 of 17] Compiling Util.LiveProgramMigration
[15 of 17] Compiling Handle.LiveProgram
[16 of 17] Compiling Handle
[17 of 17] Compiling Main
[18 of 18] Linking /tmp/workdir-essence-of-live-coding/essence-of-live-coding-0.2.8/dist-newstyle/build/x86_64-linux/ghc-9.10.2/essence-of-live-coding-0.2.8/t/test/build/test/test
Configuring executable 'TestNonBlocking' for essence-of-live-coding-0.2.8...
Preprocessing executable 'TestNonBlocking' for essence-of-live-coding-0.2.8...
Building executable 'TestNonBlocking' for essence-of-live-coding-0.2.8...
[1 of 1] Compiling Main
[2 of 2] Linking /tmp/workdir-essence-of-live-coding/essence-of-live-coding-0.2.8/dist-newstyle/build/x86_64-linux/ghc-9.10.2/essence-of-live-coding-0.2.8/x/TestNonBlocking/build/TestNonBlocking/TestNonBlocking
Configuring executable 'TestExceptions' for essence-of-live-coding-0.2.8...
Preprocessing executable 'TestExceptions' for essence-of-live-coding-0.2.8...
Building executable 'TestExceptions' for essence-of-live-coding-0.2.8...
[1 of 1] Compiling Main
[2 of 2] Linking /tmp/workdir-essence-of-live-coding/essence-of-live-coding-0.2.8/dist-newstyle/build/x86_64-linux/ghc-9.10.2/essence-of-live-coding-0.2.8/x/TestExceptions/build/TestExceptions/TestExceptions
