Build profile: -w ghc-9.6.5 -O1
In order, the following will be built (use -v for more details):
 - wai-logger-2.4.0 (lib:wai-logger, test:doctests) (first run)
[1 of 2] Compiling Main             ( /tmp/workdir-wai-logger/wai-logger-2.4.0/dist-newstyle/build/x86_64-linux/ghc-9.6.5/wai-logger-2.4.0/setup/setup.hs, /tmp/workdir-wai-logger/wai-logger-2.4.0/dist-newstyle/build/x86_64-linux/ghc-9.6.5/wai-logger-2.4.0/setup/Main.o )
[2 of 2] Linking /tmp/workdir-wai-logger/wai-logger-2.4.0/dist-newstyle/build/x86_64-linux/ghc-9.6.5/wai-logger-2.4.0/setup/setup
Configuring wai-logger-2.4.0...
Preprocessing library for wai-logger-2.4.0..
Building library for wai-logger-2.4.0..
[1 of 4] Compiling Network.Wai.Logger.IORef
[2 of 4] Compiling Network.Wai.Logger.IP
[3 of 4] Compiling Network.Wai.Logger.Apache

Network/Wai/Logger/Apache.hs:21:1: warning: [-Wunused-imports]
    The import of ‘Data.Monoid’ is redundant
      except perhaps to import instances from ‘Data.Monoid’
    To import instances alone, use: import Data.Monoid()
   |
21 | import Data.Monoid ((<>))
   | ^^^^^^^^^^^^^^^^^^^^^^^^^
[4 of 4] Compiling Network.Wai.Logger
Preprocessing test suite 'doctests' for wai-logger-2.4.0..
Building test suite 'doctests' for wai-logger-2.4.0..
[1 of 2] Compiling Build_doctests
[2 of 2] Compiling Main
[3 of 3] Linking /tmp/workdir-wai-logger/wai-logger-2.4.0/dist-newstyle/build/x86_64-linux/ghc-9.6.5/wai-logger-2.4.0/build/doctests/doctests
Warning: /tmp/workdir-wai-logger/wai-logger-2.4.0/wai-logger.cabal:31:2:
Inconsistent indentation. Indentation jumps at lines 31
