Resolving dependencies...
Build profile: -w ghc-9.10.2 -O1
In order, the following will be built (use -v for more details):
 - cabal-install-solver-3.12.1.0 (lib) (first run)
 - cabal-install-solver-3.12.1.0 (test:unit-tests) (first run)
Configuring library for cabal-install-solver-3.12.1.0...
Preprocessing library for cabal-install-solver-3.12.1.0...
Building library for cabal-install-solver-3.12.1.0...
[ 1 of 51] Compiling Distribution.Client.Utils.Assertion
[ 2 of 51] Compiling Distribution.Solver.Compat.Prelude
[ 3 of 51] Compiling Distribution.Solver.Modular.LabeledGraph
[ 4 of 51] Compiling Distribution.Solver.Modular.MessageUtils
[ 5 of 51] Compiling Distribution.Solver.Modular.PSQ
[ 6 of 51] Compiling Distribution.Solver.Modular.Version
[ 7 of 51] Compiling Distribution.Solver.Modular.WeightedPSQ
[ 8 of 51] Compiling Distribution.Solver.Types.ComponentDeps
[ 9 of 51] Compiling Distribution.Solver.Types.Flag
[10 of 51] Compiling Distribution.Solver.Types.InstalledPreference
[11 of 51] Compiling Distribution.Solver.Types.OptionalStanza
[12 of 51] Compiling Distribution.Solver.Types.PackageFixedDeps
[13 of 51] Compiling Distribution.Solver.Types.PackageIndex
[14 of 51] Compiling Distribution.Solver.Types.PackagePath
[15 of 51] Compiling Distribution.Solver.Types.PackageConstraint
[16 of 51] Compiling Distribution.Solver.Modular.Package
[17 of 51] Compiling Distribution.Solver.Modular.Configured
[18 of 51] Compiling Distribution.Solver.Modular.Flag
[19 of 51] Compiling Distribution.Solver.Modular.Var
[20 of 51] Compiling Distribution.Solver.Modular.ConflictSet
[21 of 51] Compiling Distribution.Solver.Modular.Dependency
[22 of 51] Compiling Distribution.Solver.Modular.Assignment
[23 of 51] Compiling Distribution.Solver.Types.PackagePreferences
[24 of 51] Compiling Distribution.Solver.Types.PkgConfigDb
[25 of 51] Compiling Distribution.Solver.Types.Progress
[26 of 51] Compiling Distribution.Solver.Types.ProjectConfigPath
[27 of 51] Compiling Distribution.Solver.Types.ConstraintSource
[28 of 51] Compiling Distribution.Solver.Types.LabeledPackageConstraint
[29 of 51] Compiling Distribution.Solver.Modular.Tree
[30 of 51] Compiling Distribution.Solver.Modular.Index
[31 of 51] Compiling Distribution.Solver.Modular.Validate
[32 of 51] Compiling Distribution.Solver.Modular.Linking
[33 of 51] Compiling Distribution.Solver.Modular.Cycles
[34 of 51] Compiling Distribution.Solver.Modular.Message
[35 of 51] Compiling Distribution.Solver.Modular.RetryLog
[36 of 51] Compiling Distribution.Solver.Modular.Log
[37 of 51] Compiling Distribution.Solver.Types.Settings
[38 of 51] Compiling Distribution.Solver.Modular.Explore
[39 of 51] Compiling Distribution.Solver.Modular.Builder
[40 of 51] Compiling Distribution.Solver.Types.SolverId
[41 of 51] Compiling Distribution.Solver.Types.InstSolverPackage
[42 of 51] Compiling Distribution.Solver.Types.SourcePackage
[43 of 51] Compiling Distribution.Solver.Types.SolverPackage
[44 of 51] Compiling Distribution.Solver.Types.ResolverPackage
[45 of 51] Compiling Distribution.Solver.Types.DependencyResolver
[46 of 51] Compiling Distribution.Solver.Modular.IndexConversion
[47 of 51] Compiling Distribution.Solver.Modular.ConfiguredConversion
[48 of 51] Compiling Distribution.Solver.Types.Variable
[49 of 51] Compiling Distribution.Solver.Modular.Preference
[50 of 51] Compiling Distribution.Solver.Modular.Solver
[51 of 51] Compiling Distribution.Solver.Modular
Configuring test suite 'unit-tests' for cabal-install-solver-3.12.1.0...
Preprocessing test suite 'unit-tests' for cabal-install-solver-3.12.1.0...
Building test suite 'unit-tests' for cabal-install-solver-3.12.1.0...
[1 of 2] Compiling UnitTests.Distribution.Solver.Modular.MessageUtils
[2 of 2] Compiling Main
[3 of 3] Linking dist-newstyle/build/x86_64-linux/ghc-9.10.2/cabal-install-solver-3.12.1.0/t/unit-tests/build/unit-tests/unit-tests
