Resolving dependencies...
Build profile: -w ghc-9.10.2 -O1
In order, the following will be built (use -v for more details):
 - options-1.2.1.2 (lib:options-internal) (first run)
 - options-1.2.1.2 (lib) (first run)
 - options-1.2.1.2 (test:options_tests) (first run)
Configuring library 'options-internal' for options-1.2.1.2...
Preprocessing library 'options-internal' for options-1.2.1.2...
Building library 'options-internal' for options-1.2.1.2...
[1 of 4] Compiling Options.Types
[2 of 4] Compiling Options.Util
[3 of 4] Compiling Options.Tokenize
[4 of 4] Compiling Options.Help
Configuring library for options-1.2.1.2...
Preprocessing library for options-1.2.1.2...
Building library for options-1.2.1.2...
[1 of 1] Compiling Options
lib/Options.hs:529:32: warning: [GHC-63394] [-Wx-partial]
    In the use of ‘tail’
    (imported from Prelude, but defined in GHC.Internal.List):
    "This is a partial function, it throws an error on empty lists. Replace it with 'drop' 1, or use pattern matching or 'GHC.Internal.Data.List.uncons' instead. Consider refactoring to use "Data.List.NonEmpty"."
    |
529 |           cont = chunk : loop (tail rest)
    |                                ^^^^

Configuring test suite 'options_tests' for options-1.2.1.2...
Preprocessing test suite 'options_tests' for options-1.2.1.2...
Building test suite 'options_tests' for options-1.2.1.2...
[1 of 8] Compiling Chell
tests/Chell.hs:6:19: warning: [GHC-38856] [-Wunused-imports]
    The import of ‘foldl'’ from module ‘Data.List’ is redundant
  |
6 | import Data.List (foldl', intercalate)
  |                   ^^^^^^

[2 of 8] Compiling OptionsTests.Api
[3 of 8] Compiling OptionsTests.Help
[4 of 8] Compiling OptionsTests.OptionTypes
[5 of 8] Compiling OptionsTests.StringParsing
[6 of 8] Compiling OptionsTests.Tokenize
[7 of 8] Compiling OptionsTests.Util
[8 of 8] Compiling Main
[9 of 9] Linking /tmp/workdir-options/options-1.2.1.2/dist-newstyle/build/x86_64-linux/ghc-9.10.2/options-1.2.1.2/t/options_tests/build/options_tests/options_tests
