Resolving dependencies...
Build profile: -w ghc-9.10.2 -O1
In order, the following will be built (use -v for more details):
 - quickcheck-dynamic-4.0.1 (lib) (first run)
 - quickcheck-dynamic-4.0.1 (test:quickcheck-dynamic-test) (first run)
Configuring library for quickcheck-dynamic-4.0.1...
Preprocessing library for quickcheck-dynamic-4.0.1...
Building library for quickcheck-dynamic-4.0.1...
[1 of 9] Compiling Test.QuickCheck.DynamicLogic.CanGenerate
[2 of 9] Compiling Test.QuickCheck.DynamicLogic.SmartShrinking
[3 of 9] Compiling Test.QuickCheck.DynamicLogic.Utils
[4 of 9] Compiling Test.QuickCheck.Extras
[5 of 9] Compiling Test.QuickCheck.StateModel.Variables
[6 of 9] Compiling Test.QuickCheck.StateModel
src/Test/QuickCheck/StateModel.hs:121:16: warning: [GHC-63394] [-Wx-partial]
    In the use of ‘head’
    (imported from Data.List, but defined in GHC.Internal.List):
    "This is a partial function, it throws an error on empty lists. Use pattern matching, 'Data.List.uncons' or 'Data.Maybe.listToMaybe' instead. Consider refactoring to use "Data.List.NonEmpty"."
    |
121 |   actionName = head . words . show
    |                ^^^^

[7 of 9] Compiling Test.QuickCheck.DynamicLogic.Quantify
[8 of 9] Compiling Test.QuickCheck.DynamicLogic.Internal
[9 of 9] Compiling Test.QuickCheck.DynamicLogic
Configuring test suite 'quickcheck-dynamic-test' for quickcheck-dynamic-4.0.1...
Preprocessing test suite 'quickcheck-dynamic-test' for quickcheck-dynamic-4.0.1...
Building test suite 'quickcheck-dynamic-test' for quickcheck-dynamic-4.0.1...
[1 of 6] Compiling Spec.DynamicLogic.Counters
[2 of 6] Compiling Spec.DynamicLogic.Registry
[3 of 6] Compiling Spec.DynamicLogic.RegistryModel
[4 of 6] Compiling Test.QuickCheck.DynamicLogic.QuantifySpec
[5 of 6] Compiling Test.QuickCheck.StateModelSpec
[6 of 6] Compiling Main
[7 of 7] Linking dist-newstyle/build/x86_64-linux/ghc-9.10.2/quickcheck-dynamic-4.0.1/t/quickcheck-dynamic-test/build/quickcheck-dynamic-test/quickcheck-dynamic-test
