Resolving dependencies...
Build profile: -w ghc-9.10.2 -O1
In order, the following will be built (use -v for more details):
 - capability-0.5.0.1 (lib) (first run)
 - capability-0.5.0.1 (test:examples) (first run)
Configuring library for capability-0.5.0.1...
Preprocessing library for capability-0.5.0.1...
Building library for capability-0.5.0.1...
src/Capability/Accessors.hs:7:14: warning: [GHC-53692] [-Wdeprecated-flags]
    -XTypeInType is deprecated: use -XDataKinds and -XPolyKinds instead
  |
7 | {-# LANGUAGE TypeInType #-}
  |              ^^^^^^^^^^

src/Capability/Constraints.hs:5:14: warning: [GHC-53692] [-Wdeprecated-flags]
    -XTypeInType is deprecated: use -XDataKinds and -XPolyKinds instead
  |
5 | {-# LANGUAGE TypeInType #-}
  |              ^^^^^^^^^^

src/Capability/Error.hs:42:14: warning: [GHC-53692] [-Wdeprecated-flags]
    -XTypeInType is deprecated: use -XDataKinds and -XPolyKinds instead
   |
42 | {-# LANGUAGE TypeInType #-}
   |              ^^^^^^^^^^

src/Capability/Reader.hs:3:14: warning: [GHC-53692] [-Wdeprecated-flags]
    -XTypeInType is deprecated: use -XDataKinds and -XPolyKinds instead
  |
3 | {-# LANGUAGE TypeInType #-}
  |              ^^^^^^^^^^

src/Capability/Reader/Internal/Class.hs:15:14: warning: [GHC-53692] [-Wdeprecated-flags]
    -XTypeInType is deprecated: use -XDataKinds and -XPolyKinds instead
   |
15 | {-# LANGUAGE TypeInType #-}
   |              ^^^^^^^^^^

src/Capability/Reader/Internal/Strategies.hs:13:14: warning: [GHC-53692] [-Wdeprecated-flags]
    -XTypeInType is deprecated: use -XDataKinds and -XPolyKinds instead
   |
13 | {-# LANGUAGE TypeInType #-}
   |              ^^^^^^^^^^

src/Capability/Sink/Internal/Class.hs:16:14: warning: [GHC-53692] [-Wdeprecated-flags]
    -XTypeInType is deprecated: use -XDataKinds and -XPolyKinds instead
   |
16 | {-# LANGUAGE TypeInType #-}
   |              ^^^^^^^^^^

src/Capability/Sink/Internal/Strategies.hs:16:14: warning: [GHC-53692] [-Wdeprecated-flags]
    -XTypeInType is deprecated: use -XDataKinds and -XPolyKinds instead
   |
16 | {-# LANGUAGE TypeInType #-}
   |              ^^^^^^^^^^

src/Capability/Source.hs:29:14: warning: [GHC-53692] [-Wdeprecated-flags]
    -XTypeInType is deprecated: use -XDataKinds and -XPolyKinds instead
   |
29 | {-# LANGUAGE TypeInType #-}
   |              ^^^^^^^^^^

src/Capability/Source/Internal/Class.hs:29:14: warning: [GHC-53692] [-Wdeprecated-flags]
    -XTypeInType is deprecated: use -XDataKinds and -XPolyKinds instead
   |
29 | {-# LANGUAGE TypeInType #-}
   |              ^^^^^^^^^^

src/Capability/Source/Internal/Strategies.hs:16:14: warning: [GHC-53692] [-Wdeprecated-flags]
    -XTypeInType is deprecated: use -XDataKinds and -XPolyKinds instead
   |
16 | {-# LANGUAGE TypeInType #-}
   |              ^^^^^^^^^^

src/Capability/State.hs:3:14: warning: [GHC-53692] [-Wdeprecated-flags]
    -XTypeInType is deprecated: use -XDataKinds and -XPolyKinds instead
  |
3 | {-# LANGUAGE TypeInType #-}
  |              ^^^^^^^^^^

src/Capability/State/Internal/Class.hs:14:14: warning: [GHC-53692] [-Wdeprecated-flags]
    -XTypeInType is deprecated: use -XDataKinds and -XPolyKinds instead
   |
14 | {-# LANGUAGE TypeInType #-}
   |              ^^^^^^^^^^

src/Capability/State/Internal/Strategies.hs:15:14: warning: [GHC-53692] [-Wdeprecated-flags]
    -XTypeInType is deprecated: use -XDataKinds and -XPolyKinds instead
   |
15 | {-# LANGUAGE TypeInType #-}
   |              ^^^^^^^^^^

src/Capability/State/Internal/Strategies/Common.hs:16:14: warning: [GHC-53692] [-Wdeprecated-flags]
    -XTypeInType is deprecated: use -XDataKinds and -XPolyKinds instead
   |
16 | {-# LANGUAGE TypeInType #-}
   |              ^^^^^^^^^^

src/Capability/TypeOf.hs:3:14: warning: [GHC-53692] [-Wdeprecated-flags]
    -XTypeInType is deprecated: use -XDataKinds and -XPolyKinds instead
  |
3 | {-# LANGUAGE TypeInType #-}
  |              ^^^^^^^^^^

src/Capability/Writer.hs:37:14: warning: [GHC-53692] [-Wdeprecated-flags]
    -XTypeInType is deprecated: use -XDataKinds and -XPolyKinds instead
   |
37 | {-# LANGUAGE TypeInType #-}
   |              ^^^^^^^^^^

[ 1 of 22] Compiling Capability
[ 2 of 22] Compiling Capability.Accessors
[ 3 of 22] Compiling Capability.Constraints
[ 4 of 22] Compiling Capability.Derive
[ 5 of 22] Compiling Capability.Reflection
[ 6 of 22] Compiling Capability.Sink.Internal.Class
[ 7 of 22] Compiling Capability.Source.Internal.Class
[ 8 of 22] Compiling Capability.Reader.Internal.Class
[ 9 of 22] Compiling Capability.State.Internal.Class
[10 of 22] Compiling Capability.State.Internal.Strategies.Common
[11 of 22] Compiling Capability.Source.Internal.Strategies
[12 of 22] Compiling Capability.Reader.Internal.Strategies
[13 of 22] Compiling Capability.Sink.Internal.Strategies
[14 of 22] Compiling Capability.State.Internal.Strategies
[15 of 22] Compiling Capability.TypeOf
[16 of 22] Compiling Capability.State
[17 of 22] Compiling Capability.Source
[18 of 22] Compiling Capability.Sink
[19 of 22] Compiling Capability.Stream
[20 of 22] Compiling Capability.Reader
[21 of 22] Compiling Capability.Error
[22 of 22] Compiling Capability.Writer
Configuring test suite 'examples' for capability-0.5.0.1...
Preprocessing test suite 'examples' for capability-0.5.0.1...
Building test suite 'examples' for capability-0.5.0.1...
examples/WordCount.hs:11:14: warning: [GHC-53692] [-Wdeprecated-flags]
    -XTypeInType is deprecated: use -XDataKinds and -XPolyKinds instead
   |
11 | {-# LANGUAGE TypeInType #-}
   |              ^^^^^^^^^^

examples/Error.hs:14:14: warning: [GHC-53692] [-Wdeprecated-flags]
    -XTypeInType is deprecated: use -XDataKinds and -XPolyKinds instead
   |
14 | {-# LANGUAGE TypeInType #-}
   |              ^^^^^^^^^^

examples/Reader.hs:8:14: warning: [GHC-53692] [-Wdeprecated-flags]
    -XTypeInType is deprecated: use -XDataKinds and -XPolyKinds instead
  |
8 | {-# LANGUAGE TypeInType #-}
  |              ^^^^^^^^^^

examples/Sink.hs:6:14: warning: [GHC-53692] [-Wdeprecated-flags]
    -XTypeInType is deprecated: use -XDataKinds and -XPolyKinds instead
  |
6 | {-# LANGUAGE TypeInType #-}
  |              ^^^^^^^^^^

examples/State.hs:10:14: warning: [GHC-53692] [-Wdeprecated-flags]
    -XTypeInType is deprecated: use -XDataKinds and -XPolyKinds instead
   |
10 | {-# LANGUAGE TypeInType #-}
   |              ^^^^^^^^^^

examples/Writer.hs:6:14: warning: [GHC-53692] [-Wdeprecated-flags]
    -XTypeInType is deprecated: use -XDataKinds and -XPolyKinds instead
  |
6 | {-# LANGUAGE TypeInType #-}
  |              ^^^^^^^^^^

[ 1 of 10] Compiling Reflection
examples/Reflection.hs:187:27: warning: [GHC-63394] [-Wx-partial]
    In the use of ‘tail’
    (imported from Prelude, but defined in GHC.Internal.List):
    "This is a partial function, it throws an error on empty lists. Replace it with 'drop' 1, or use pattern matching or 'GHC.Internal.Data.List.uncons' instead. Consider refactoring to use "Data.List.NonEmpty"."
    |
187 |                   pure $! tail ""
    |                           ^^^^

examples/Reflection.hs:218:35: warning: [GHC-63394] [-Wx-partial]
    In the use of ‘tail’
    (imported from Prelude, but defined in GHC.Internal.List):
    "This is a partial function, it throws an error on empty lists. Replace it with 'drop' 1, or use pattern matching or 'GHC.Internal.Data.List.uncons' instead. Consider refactoring to use "Data.List.NonEmpty"."
    |
218 |                           pure $! tail ""
    |                                   ^^^^

examples/Reflection.hs:225:33: warning: [GHC-63394] [-Wx-partial]
    In the use of ‘tail’
    (imported from Prelude, but defined in GHC.Internal.List):
    "This is a partial function, it throws an error on empty lists. Replace it with 'drop' 1, or use pattern matching or 'GHC.Internal.Data.List.uncons' instead. Consider refactoring to use "Data.List.NonEmpty"."
    |
225 |                         pure $! tail ""
    |                                 ^^^^

[ 2 of 10] Compiling State
[ 3 of 10] Compiling Test.Common
[ 4 of 10] Compiling Sink
[ 5 of 10] Compiling Reader
[ 6 of 10] Compiling Error
[ 7 of 10] Compiling CountLog
[ 8 of 10] Compiling WordCount
[ 9 of 10] Compiling Writer
[10 of 10] Compiling Main
examples/WordCount.hs:11:14: warning: [GHC-53692] [-Wdeprecated-flags]
    -XTypeInType is deprecated: use -XDataKinds and -XPolyKinds instead
   |
11 | {-# LANGUAGE TypeInType #-}
   |              ^^^^^^^^^^

examples/Error.hs:14:14: warning: [GHC-53692] [-Wdeprecated-flags]
    -XTypeInType is deprecated: use -XDataKinds and -XPolyKinds instead
   |
14 | {-# LANGUAGE TypeInType #-}
   |              ^^^^^^^^^^

examples/Reader.hs:8:14: warning: [GHC-53692] [-Wdeprecated-flags]
    -XTypeInType is deprecated: use -XDataKinds and -XPolyKinds instead
  |
8 | {-# LANGUAGE TypeInType #-}
  |              ^^^^^^^^^^

examples/Sink.hs:6:14: warning: [GHC-53692] [-Wdeprecated-flags]
    -XTypeInType is deprecated: use -XDataKinds and -XPolyKinds instead
  |
6 | {-# LANGUAGE TypeInType #-}
  |              ^^^^^^^^^^

examples/State.hs:10:14: warning: [GHC-53692] [-Wdeprecated-flags]
    -XTypeInType is deprecated: use -XDataKinds and -XPolyKinds instead
   |
10 | {-# LANGUAGE TypeInType #-}
   |              ^^^^^^^^^^

examples/Writer.hs:6:14: warning: [GHC-53692] [-Wdeprecated-flags]
    -XTypeInType is deprecated: use -XDataKinds and -XPolyKinds instead
  |
6 | {-# LANGUAGE TypeInType #-}
  |              ^^^^^^^^^^

[11 of 11] Linking /tmp/workdir-capability/capability-0.5.0.1/dist-newstyle/build/x86_64-linux/ghc-9.10.2/capability-0.5.0.1/t/examples/build/examples/examples
