Resolving dependencies...
Build profile: -w ghc-9.10.2 -O1
In order, the following will be built (use -v for more details):
 - file-io-0.1.5 (lib) (first run)
 - file-io-0.1.5 (test:T15Win) (first run)
 - file-io-0.1.5 (test:T8) (first run)
 - file-io-0.1.5 (test:T15) (first run)
 - file-io-0.1.5 (test:T14) (first run)
 - file-io-0.1.5 (test:Properties) (first run)
 - file-io-0.1.5 (test:CLC237) (first run)
Configuring library for file-io-0.1.5...
Preprocessing library for file-io-0.1.5...
Building library for file-io-0.1.5...
[1 of 5] Compiling System.File.Platform
[2 of 5] Compiling System.File.OsPath.Internal
[3 of 5] Compiling System.File.OsPath
[4 of 5] Compiling System.File.PlatformPath.Internal
[5 of 5] Compiling System.File.PlatformPath
Configuring test suite 'T15Win' for file-io-0.1.5...
Preprocessing test suite 'T15Win' for file-io-0.1.5...
Building test suite 'T15Win' for file-io-0.1.5...
[1 of 1] Compiling Main
[2 of 2] Linking /tmp/workdir-file-io/file-io-0.1.5/dist-newstyle/build/x86_64-linux/ghc-9.10.2/file-io-0.1.5/t/T15Win/build/T15Win/T15Win
Configuring test suite 'T8' for file-io-0.1.5...
Preprocessing test suite 'T8' for file-io-0.1.5...
Building test suite 'T8' for file-io-0.1.5...
[1 of 1] Compiling Main
[2 of 2] Linking /tmp/workdir-file-io/file-io-0.1.5/dist-newstyle/build/x86_64-linux/ghc-9.10.2/file-io-0.1.5/t/T8/build/T8/T8
Configuring test suite 'T15' for file-io-0.1.5...
Preprocessing test suite 'T15' for file-io-0.1.5...
Building test suite 'T15' for file-io-0.1.5...
[1 of 1] Compiling Main
[2 of 2] Linking /tmp/workdir-file-io/file-io-0.1.5/dist-newstyle/build/x86_64-linux/ghc-9.10.2/file-io-0.1.5/t/T15/build/T15/T15
Configuring test suite 'T14' for file-io-0.1.5...
Preprocessing test suite 'T14' for file-io-0.1.5...
Building test suite 'T14' for file-io-0.1.5...
[1 of 1] Compiling Main
[2 of 2] Linking /tmp/workdir-file-io/file-io-0.1.5/dist-newstyle/build/x86_64-linux/ghc-9.10.2/file-io-0.1.5/t/T14/build/T14/T14
Configuring test suite 'Properties' for file-io-0.1.5...
Preprocessing test suite 'Properties' for file-io-0.1.5...
Building test suite 'Properties' for file-io-0.1.5...
[1 of 1] Compiling Main
[2 of 2] Linking /tmp/workdir-file-io/file-io-0.1.5/dist-newstyle/build/x86_64-linux/ghc-9.10.2/file-io-0.1.5/t/Properties/build/Properties/Properties
Configuring test suite 'CLC237' for file-io-0.1.5...
Preprocessing test suite 'CLC237' for file-io-0.1.5...
Building test suite 'CLC237' for file-io-0.1.5...
[1 of 1] Compiling Main
[2 of 2] Linking /tmp/workdir-file-io/file-io-0.1.5/dist-newstyle/build/x86_64-linux/ghc-9.10.2/file-io-0.1.5/t/CLC237/build/CLC237/CLC237
