Resolving dependencies...
Build profile: -w ghc-9.10.2 -O1
In order, the following will be built (use -v for more details):
 - aeson-2.2.3.0 (lib) (first run)
 - aeson-2.2.3.0 (test:aeson-tests) (first run)
Configuring library for aeson-2.2.3.0...
Preprocessing library for aeson-2.2.3.0...
Building library for aeson-2.2.3.0...
[ 1 of 32] Compiling Data.Aeson.Internal.ByteString
[ 2 of 32] Compiling Data.Aeson.Internal.Functions
[ 3 of 32] Compiling Data.Aeson.Internal.Prelude
[ 4 of 32] Compiling Data.Aeson.Internal.Scientific
[ 5 of 32] Compiling Data.Aeson.Internal.TH
[ 6 of 32] Compiling Data.Aeson.Internal.Text
[ 7 of 32] Compiling Data.Aeson.Internal.Unescape
[ 8 of 32] Compiling Data.Aeson.Internal.UnescapeFromText
[ 9 of 32] Compiling Data.Aeson.Key
[10 of 32] Compiling Data.Aeson.Decoding.Tokens
[11 of 32] Compiling Data.Aeson.Decoding.Internal
[12 of 32] Compiling Data.Aeson.Decoding.Text
[13 of 32] Compiling Data.Aeson.Decoding.ByteString.Lazy
[14 of 32] Compiling Data.Aeson.Decoding.ByteString
[15 of 32] Compiling Data.Aeson.KeyMap
[16 of 32] Compiling Data.Aeson.Types.Generic
[17 of 32] Compiling Data.Aeson.Types.Internal
[18 of 32] Compiling Data.Aeson.Parser.Time
[19 of 32] Compiling Data.Aeson.Encoding.Builder
[20 of 32] Compiling Data.Aeson.Encoding.Internal
[21 of 32] Compiling Data.Aeson.Encoding
[22 of 32] Compiling Data.Aeson.Decoding.Conversion
[23 of 32] Compiling Data.Aeson.Types.FromJSON
[24 of 32] Compiling Data.Aeson.Types.ToJSON
src/Data/Aeson/Types/ToJSON.hs:1615:23: warning: [GHC-68441] [-Wdeprecations]
    In the use of data constructor ‘Solo’
    (imported from Data.Tuple.Solo, but defined in GHC.Tuple):
    Deprecated: "The Solo constructor has been renamed to MkSolo to avoid punning."
     |
1615 |     liftToJSON _ t _ (Solo a) = t a
     |                       ^^^^

src/Data/Aeson/Types/ToJSON.hs:1618:27: warning: [GHC-68441] [-Wdeprecations]
    In the use of data constructor ‘Solo’
    (imported from Data.Tuple.Solo, but defined in GHC.Tuple):
    Deprecated: "The Solo constructor has been renamed to MkSolo to avoid punning."
     |
1618 |     liftToEncoding _ t _ (Solo a) = t a
     |                           ^^^^

[25 of 32] Compiling Data.Aeson.Types.Class
[26 of 32] Compiling Data.Aeson.Types
[27 of 32] Compiling Data.Aeson.Text
[28 of 32] Compiling Data.Aeson.Decoding
[29 of 32] Compiling Data.Aeson
[30 of 32] Compiling Data.Aeson.RFC8785
[31 of 32] Compiling Data.Aeson.QQ.Simple
[32 of 32] Compiling Data.Aeson.TH
src/Data/Aeson/TH.hs:948:7: warning: [GHC-62161] [-Wincomplete-uni-patterns]
    Pattern match(es) are non-exhaustive
    In a pattern binding: Patterns of type ‘[Q Exp]’ not matched: []
    |
948 |       x:xs = [ lookupField argTy
    |       ^^^^^^^^^^^^^^^^^^^^^^^^^^...

src/Data/Aeson/TH.hs:1064:14: warning: [GHC-62161] [-Wincomplete-uni-patterns]
    Pattern match(es) are non-exhaustive
    In a pattern binding: Patterns of type ‘[Q Exp]’ not matched: []
     |
1064 |          let x:xs = [ dispatchParseJSON jc conName tvMap argTy
     |              ^^^^^^^^^^^^^^^^^^^^^^^^^^^^^^^^^^^^^^^^^^^^^^^^^...

Configuring test suite 'aeson-tests' for aeson-2.2.3.0...
Preprocessing test suite 'aeson-tests' for aeson-2.2.3.0...
Building test suite 'aeson-tests' for aeson-2.2.3.0...
[ 1 of 42] Compiling Functions
[ 2 of 42] Compiling JSONTestSuite
[ 3 of 42] Compiling Options
[ 4 of 42] Compiling Regression.Issue351
[ 5 of 42] Compiling Regression.Issue571
[ 6 of 42] Compiling Regression.Issue687
[ 7 of 42] Compiling Regression.Issue967
[ 8 of 42] Compiling Types
[ 9 of 42] Compiling Instances
[10 of 42] Compiling SerializationFormatSpec
[11 of 42] Compiling PropertyQC
tests/PropertyQC.hs:13:1: warning: [GHC-66111] [-Wunused-imports]
    The import of ‘Data.Foldable’ is redundant
      except perhaps to import instances from ‘Data.Foldable’
    To import instances alone, use: import Data.Foldable()
   |
13 | import Data.Foldable (foldl')
   | ^^^^^^^^^^^^^^^^^^^^^^^^^^^^^

[12 of 42] Compiling Encoders
[13 of 42] Compiling PropUtils
[14 of 42] Compiling PropertyTH
[15 of 42] Compiling PropertyRTFunctors
[16 of 42] Compiling PropertyRoundTrip
[17 of 42] Compiling PropertyKeys
[18 of 42] Compiling PropertyGeneric
[19 of 42] Compiling Properties
[20 of 42] Compiling ErrorMessages
[21 of 42] Compiling DataFamilies.Types
[22 of 42] Compiling DataFamilies.Instances
[23 of 42] Compiling DataFamilies.Encoders
[24 of 42] Compiling DataFamilies.Properties
[25 of 42] Compiling CastFloat
[26 of 42] Compiling DoubleToScientific
tests/DoubleToScientific.hs:11:1: warning: [GHC-66111] [-Wunused-imports]
    The import of ‘Data.Foldable’ is redundant
      except perhaps to import instances from ‘Data.Foldable’
    To import instances alone, use: import Data.Foldable()
   |
11 | import Data.Foldable (foldl')
   | ^^^^^^^^^^^^^^^^^^^^^^^^^^^^^

[27 of 42] Compiling RFC8785
[28 of 42] Compiling UnitTests.FromJSONKey
tests/UnitTests/FromJSONKey.hs:35:22: warning: [GHC-58008] [-Wgadt-mono-local-binds]
    Pattern matching on GADTs without MonoLocalBinds is fragile.
    Suggested fix:
      Enable any of the following extensions: GADTs, TypeFamilies
   |
35 |     assertIsCoerce _ FromJSONKeyCoerce = pure ()
   |                      ^^^^^^^^^^^^^^^^^

tests/UnitTests/FromJSONKey.hs:39:23: warning: [GHC-58008] [-Wgadt-mono-local-binds]
    Pattern matching on GADTs without MonoLocalBinds is fragile.
    Suggested fix:
      Enable any of the following extensions: GADTs, TypeFamilies
   |
39 |     assertIsCoerce' _ FromJSONKeyCoerce = pure ()
   |                       ^^^^^^^^^^^^^^^^^

[29 of 42] Compiling UnitTests.Hashable
[30 of 42] Compiling UnitTests.KeyMapInsertWith
[31 of 42] Compiling UnitTests.MonadFix
[32 of 42] Compiling UnitTests.NoThunks
[33 of 42] Compiling UnitTests.NullaryConstructors
[34 of 42] Compiling UnitTests.OmitNothingFieldsNote
[35 of 42] Compiling UnitTests.OptionalFields.Common
[36 of 42] Compiling UnitTests.OptionalFields.Generics
[37 of 42] Compiling UnitTests.OptionalFields.Manual
[38 of 42] Compiling UnitTests.OptionalFields.TH
[39 of 42] Compiling UnitTests.OptionalFields
[40 of 42] Compiling UnitTests.UTCTime
[41 of 42] Compiling UnitTests
tests/UnitTests.hs:89:29: warning: [GHC-63394] [-Wx-partial]
    In the use of ‘head’
    (imported from Prelude.Compat, but defined in GHC.Internal.List):
    "This is a partial function, it throws an error on empty lists. Use pattern matching, 'Data.List.uncons' or 'Data.Maybe.listToMaybe' instead. Consider refactoring to use "Data.List.NonEmpty"."
   |
89 |     capitalize t = toUpper (head t) : tail t
   |                             ^^^^

tests/UnitTests.hs:89:39: warning: [GHC-63394] [-Wx-partial]
    In the use of ‘tail’
    (imported from Prelude.Compat, but defined in GHC.Internal.List):
    "This is a partial function, it throws an error on empty lists. Replace it with 'drop' 1, or use pattern matching or 'GHC.Internal.Data.List.uncons' instead. Consider refactoring to use "Data.List.NonEmpty"."
   |
89 |     capitalize t = toUpper (head t) : tail t
   |                                       ^^^^

[42 of 42] Compiling Main
[43 of 43] Linking /tmp/workdir-aeson/aeson-2.2.3.0/dist-newstyle/build/x86_64-linux/ghc-9.10.2/aeson-2.2.3.0/t/aeson-tests/build/aeson-tests/aeson-tests
