Resolving dependencies...
Build profile: -w ghc-9.10.2 -O1
In order, the following will be built (use -v for more details):
 - diagrams-rasterific-1.5 (lib) (first run)
 - diagrams-rasterific-1.5 (test:test-widths) (first run)
 - diagrams-rasterific-1.5 (test:test-size) (first run)
 - diagrams-rasterific-1.5 (test:test-render) (first run)
Configuring library for diagrams-rasterific-1.5...
Preprocessing library for diagrams-rasterific-1.5...
Building library for diagrams-rasterific-1.5...
[1 of 4] Compiling Diagrams.Backend.Rasterific.Text
[2 of 4] Compiling Diagrams.Backend.Rasterific
src/Diagrams/Backend/Rasterific.hs:324:5: warning: [GHC-62161] [-Wincomplete-uni-patterns]
    Pattern match(es) are non-exhaustive
    In a pattern binding:
        Patterns of type ‘[[Float]]’ not matched:
            []
            ([]:_)
            ([_]:_)
            ((_:_:_:_):_)
            ...
    |
324 |     [[a, b], [c, d], [e, f]] = map realToFrac <$> matrixHomRep tr
    |     ^^^^^^^^^^^^^^^^^^^^^^^^^^^^^^^^^^^^^^^^^^^^^^^^^^^^^^^^^^^^^

[3 of 4] Compiling Diagrams.Backend.Rasterific.CmdLine
src/Diagrams/Backend/Rasterific/CmdLine.hs:86:62: warning: [GHC-61689] [-Wdodgy-imports]
    Module ‘Diagrams.Prelude’ does not export ‘option’.
   |
86 |                                               output, width, option)
   |                                                              ^^^^^^

[4 of 4] Compiling Paths_diagrams_rasterific
Configuring test suite 'test-widths' for diagrams-rasterific-1.5...
Preprocessing test suite 'test-widths' for diagrams-rasterific-1.5...
Building test suite 'test-widths' for diagrams-rasterific-1.5...
[1 of 1] Compiling Main
[2 of 2] Linking /tmp/workdir-diagrams-rasterific/diagrams-rasterific-1.5/dist-newstyle/build/x86_64-linux/ghc-9.10.2/diagrams-rasterific-1.5/t/test-widths/build/test-widths/test-widths
Configuring test suite 'test-size' for diagrams-rasterific-1.5...
Preprocessing test suite 'test-size' for diagrams-rasterific-1.5...
Building test suite 'test-size' for diagrams-rasterific-1.5...
[1 of 1] Compiling Main
[2 of 2] Linking /tmp/workdir-diagrams-rasterific/diagrams-rasterific-1.5/dist-newstyle/build/x86_64-linux/ghc-9.10.2/diagrams-rasterific-1.5/t/test-size/build/test-size/test-size
Configuring test suite 'test-render' for diagrams-rasterific-1.5...
Preprocessing test suite 'test-render' for diagrams-rasterific-1.5...
Building test suite 'test-render' for diagrams-rasterific-1.5...
[1 of 1] Compiling Main
[2 of 2] Linking /tmp/workdir-diagrams-rasterific/diagrams-rasterific-1.5/dist-newstyle/build/x86_64-linux/ghc-9.10.2/diagrams-rasterific-1.5/t/test-render/build/test-render/test-render
