Resolving dependencies...
Build profile: -w ghc-9.10.2 -O1
In order, the following will be built (use -v for more details):
 - table-layout-1.0.0.2 (lib) (first run)
 - table-layout-1.0.0.2 (exe:table-layout-test-styles) (first run)
 - table-layout-1.0.0.2 (test:table-layout-tests) (first run)
Configuring library for table-layout-1.0.0.2...
Warning: [git-protocol] Cloning over git:// might lead to an arbitrary code
execution vulnerability. Furthermore, popular forges like GitHub do not
support it. Use https:// or ssh:// instead.
Preprocessing library for table-layout-1.0.0.2...
Building library for table-layout-1.0.0.2...
[ 1 of 27] Compiling Text.Layout.Table.LineStyle
[ 2 of 27] Compiling Text.Layout.Table.Primitives.AlignInfo
[ 3 of 27] Compiling Text.Layout.Table.Primitives.CellMod
[ 4 of 27] Compiling Text.Layout.Table.Spec.CutMark
[ 5 of 27] Compiling Text.Layout.Table.Primitives.Basic
[ 6 of 27] Compiling Text.Layout.Table.Justify
[ 7 of 27] Compiling Text.Layout.Table.Spec.LenSpec
[ 8 of 27] Compiling Text.Layout.Table.Spec.OccSpec
[ 9 of 27] Compiling Text.Layout.Table.Spec.AlignSpec
[10 of 27] Compiling Text.Layout.Table.Spec.Position
[11 of 27] Compiling Text.Layout.Table.Spec.HeaderColSpec
[12 of 27] Compiling Text.Layout.Table.Spec.HeaderSpec
[13 of 27] Compiling Text.Layout.Table.Spec.ColSpec
[14 of 27] Compiling Text.Layout.Table.Spec.Util
[15 of 27] Compiling Text.Layout.Table.Spec.RowGroup
[16 of 27] Compiling Text.Layout.Table.StringBuilder
[17 of 27] Compiling Text.Layout.Table.Primitives.Table
[18 of 27] Compiling Text.Layout.Table.Cell
[19 of 27] Compiling Text.Layout.Table.Primitives.ColumnModifier
[20 of 27] Compiling Text.Layout.Table.Primitives.Header
[21 of 27] Compiling Text.Layout.Table.Pandoc
[22 of 27] Compiling Text.Layout.Table.Cell.WideString
[23 of 27] Compiling Text.Layout.Table.Cell.Formatted
[24 of 27] Compiling Text.Layout.Table.Style
[25 of 27] Compiling Text.Layout.Table.Spec.TableSpec
[26 of 27] Compiling Text.Layout.Table.Vertical
[27 of 27] Compiling Text.Layout.Table
Configuring executable 'table-layout-test-styles' for table-layout-1.0.0.2...
Warning: [git-protocol] Cloning over git:// might lead to an arbitrary code
execution vulnerability. Furthermore, popular forges like GitHub do not
support it. Use https:// or ssh:// instead.
Preprocessing executable 'table-layout-test-styles' for table-layout-1.0.0.2...
Building executable 'table-layout-test-styles' for table-layout-1.0.0.2...
[ 1 of 27] Compiling Text.Layout.Table.LineStyle
[ 2 of 27] Compiling Text.Layout.Table.Primitives.AlignInfo
[ 3 of 27] Compiling Text.Layout.Table.Primitives.CellMod
[ 4 of 27] Compiling Text.Layout.Table.Spec.CutMark
[ 5 of 27] Compiling Text.Layout.Table.Primitives.Basic
[ 6 of 27] Compiling Text.Layout.Table.Justify
[ 7 of 27] Compiling Text.Layout.Table.Spec.LenSpec
[ 8 of 27] Compiling Text.Layout.Table.Spec.OccSpec
[ 9 of 27] Compiling Text.Layout.Table.Spec.AlignSpec
[10 of 27] Compiling Text.Layout.Table.Spec.Position
[11 of 27] Compiling Text.Layout.Table.Spec.HeaderColSpec
[12 of 27] Compiling Text.Layout.Table.Spec.HeaderSpec
[13 of 27] Compiling Text.Layout.Table.Spec.ColSpec
[14 of 27] Compiling Text.Layout.Table.Spec.Util
[15 of 27] Compiling Text.Layout.Table.Spec.RowGroup
[16 of 27] Compiling Text.Layout.Table.StringBuilder
[17 of 27] Compiling Text.Layout.Table.Primitives.Table
[18 of 27] Compiling Text.Layout.Table.Cell
[19 of 27] Compiling Text.Layout.Table.Primitives.ColumnModifier
[20 of 27] Compiling Text.Layout.Table.Primitives.Header
[21 of 27] Compiling Text.Layout.Table.Cell.WideString
[22 of 27] Compiling Text.Layout.Table.Cell.Formatted
[23 of 27] Compiling Text.Layout.Table.Style
[24 of 27] Compiling Text.Layout.Table.Spec.TableSpec
[25 of 27] Compiling Text.Layout.Table.Vertical
[26 of 27] Compiling Text.Layout.Table
[27 of 27] Compiling Main
[28 of 28] Linking dist-newstyle/build/x86_64-linux/ghc-9.10.2/table-layout-1.0.0.2/x/table-layout-test-styles/build/table-layout-test-styles/table-layout-test-styles
Configuring test suite 'table-layout-tests' for table-layout-1.0.0.2...
Warning: [git-protocol] Cloning over git:// might lead to an arbitrary code
execution vulnerability. Furthermore, popular forges like GitHub do not
support it. Use https:// or ssh:// instead.
Preprocessing test suite 'table-layout-tests' for table-layout-1.0.0.2...
Building test suite 'table-layout-tests' for table-layout-1.0.0.2...
[ 1 of 28] Compiling Text.Layout.Table.LineStyle
[ 2 of 28] Compiling Text.Layout.Table.Primitives.AlignInfo
[ 3 of 28] Compiling Text.Layout.Table.Primitives.CellMod
[ 4 of 28] Compiling Text.Layout.Table.Spec.CutMark
[ 5 of 28] Compiling Text.Layout.Table.Primitives.Basic
[ 6 of 28] Compiling Text.Layout.Table.Justify
[ 7 of 28] Compiling Text.Layout.Table.Spec.LenSpec
[ 8 of 28] Compiling Text.Layout.Table.Spec.OccSpec
[ 9 of 28] Compiling Text.Layout.Table.Spec.AlignSpec
[10 of 28] Compiling Text.Layout.Table.Spec.Position
[11 of 28] Compiling Text.Layout.Table.Spec.HeaderColSpec
[12 of 28] Compiling Text.Layout.Table.Spec.HeaderSpec
[13 of 28] Compiling Text.Layout.Table.Spec.ColSpec
[14 of 28] Compiling Text.Layout.Table.Spec.Util
[15 of 28] Compiling Text.Layout.Table.Spec.RowGroup
[16 of 28] Compiling Text.Layout.Table.StringBuilder
[17 of 28] Compiling Text.Layout.Table.Primitives.Table
[18 of 28] Compiling Text.Layout.Table.Cell
[19 of 28] Compiling Text.Layout.Table.Primitives.ColumnModifier
[20 of 28] Compiling Text.Layout.Table.Primitives.Header
[21 of 28] Compiling Text.Layout.Table.Cell.WideString
[22 of 28] Compiling Text.Layout.Table.Cell.Formatted
[23 of 28] Compiling Text.Layout.Table.Style
[24 of 28] Compiling Text.Layout.Table.Spec.TableSpec
[25 of 28] Compiling Text.Layout.Table.Vertical
[26 of 28] Compiling Text.Layout.Table
[27 of 28] Compiling TestSpec
[28 of 28] Compiling Main
[29 of 29] Linking dist-newstyle/build/x86_64-linux/ghc-9.10.2/table-layout-1.0.0.2/t/table-layout-tests/build/table-layout-tests/table-layout-tests
