Resolving dependencies...
Build profile: -w ghc-9.10.2 -O1
In order, the following will be built (use -v for more details):
 - reflex-gadt-api-0.2.2.3 (lib) (first run)
 - reflex-gadt-api-0.2.2.3 (exe:readme) (first run)
Configuring library for reflex-gadt-api-0.2.2.3...
Preprocessing library for reflex-gadt-api-0.2.2.3...
Building library for reflex-gadt-api-0.2.2.3...
[1 of 4] Compiling Reflex.Dom.GadtApi.WebSocket
[2 of 4] Compiling Reflex.Dom.GadtApi.XHR
[3 of 4] Compiling Reflex.Dom.GadtApi
[4 of 4] Compiling Readme
Readme.lhs:300:17: warning: [GHC-68441] [-Wdeprecations]
    In the use of ‘checkbox’
    (imported from Reflex.Dom.Core, but defined in Reflex.Dom.Widget.Input):
    Deprecated: "Use 'inputElement' directly"
    |
300 | >     value <$> checkbox False def
    |                 ^^^^^^^^

Configuring executable 'readme' for reflex-gadt-api-0.2.2.3...
Preprocessing executable 'readme' for reflex-gadt-api-0.2.2.3...
Building executable 'readme' for reflex-gadt-api-0.2.2.3...
[1 of 1] Compiling Readme
Readme.lhs:300:17: warning: [GHC-68441] [-Wdeprecations]
    In the use of ‘checkbox’
    (imported from Reflex.Dom.Core, but defined in Reflex.Dom.Widget.Input):
    Deprecated: "Use 'inputElement' directly"
    |
300 | >     value <$> checkbox False def
    |                 ^^^^^^^^

[2 of 2] Linking /tmp/workdir-reflex-gadt-api/reflex-gadt-api-0.2.2.3/dist-newstyle/build/x86_64-linux/ghc-9.10.2/reflex-gadt-api-0.2.2.3/x/readme/build/readme/readme
