Build profile: -w ghc-9.6.5 -O1
In order, the following will be built (use -v for more details):
 - gi-gdk-3.0.28 (lib:gi-gdk) (first run)
[1 of 2] Compiling Main             ( /tmp/workdir-gi-gdk/gi-gdk-3.0.28/dist-newstyle/build/x86_64-linux/ghc-9.6.5/gi-gdk-3.0.28/setup/setup.hs, /tmp/workdir-gi-gdk/gi-gdk-3.0.28/dist-newstyle/build/x86_64-linux/ghc-9.6.5/gi-gdk-3.0.28/setup/Main.o )
[2 of 2] Linking /tmp/workdir-gi-gdk/gi-gdk-3.0.28/dist-newstyle/build/x86_64-linux/ghc-9.6.5/gi-gdk-3.0.28/setup/setup
Configuring gi-gdk-3.0.28...
Preprocessing library for gi-gdk-3.0.28..
Building library for gi-gdk-3.0.28..
[  1 of 123] Compiling GI.Gdk.Config
[  2 of 123] Compiling GI.Gdk.Constants
[  3 of 123] Compiling GI.Gdk.Enums[boot]
[  4 of 123] Compiling GI.Gdk.Enums
[  5 of 123] Compiling GI.Gdk.Flags[boot]
[  6 of 123] Compiling GI.Gdk.Flags
[  7 of 123] Compiling GI.Gdk.Objects.DeviceTool[boot]
[  8 of 123] Compiling GI.Gdk.Objects.DeviceTool
[  9 of 123] Compiling GI.Gdk.Structs.Atom[boot]
[ 10 of 123] Compiling GI.Gdk.Structs.Atom
[ 11 of 123] Compiling GI.Gdk.Structs.Color[boot]
[ 12 of 123] Compiling GI.Gdk.Structs.Color
[ 13 of 123] Compiling GI.Gdk.Structs.EventSequence[boot]
[ 14 of 123] Compiling GI.Gdk.Structs.EventSequence
[ 15 of 123] Compiling GI.Gdk.Structs.FrameTimings[boot]
[ 16 of 123] Compiling GI.Gdk.Structs.FrameTimings
[ 17 of 123] Compiling GI.Gdk.Objects.FrameClock[boot]
[ 18 of 123] Compiling GI.Gdk.Objects.FrameClock
[ 19 of 123] Compiling GI.Gdk.Structs.Geometry[boot]
[ 20 of 123] Compiling GI.Gdk.Structs.Geometry
[ 21 of 123] Compiling GI.Gdk.Structs.KeymapKey[boot]
[ 22 of 123] Compiling GI.Gdk.Structs.KeymapKey
[ 23 of 123] Compiling GI.Gdk.Structs.Point[boot]
[ 24 of 123] Compiling GI.Gdk.Structs.Point
[ 25 of 123] Compiling GI.Gdk.Structs.RGBA[boot]
[ 26 of 123] Compiling GI.Gdk.Structs.RGBA
[ 27 of 123] Compiling GI.Gdk.Structs.Rectangle[boot]
[ 28 of 123] Compiling GI.Gdk.Structs.Rectangle
[ 29 of 123] Compiling GI.Gdk.Structs.TimeCoord[boot]
[ 30 of 123] Compiling GI.Gdk.Structs.TimeCoord
[ 31 of 123] Compiling GI.Gdk.Structs.WindowRedirect[boot]
[ 32 of 123] Compiling GI.Gdk.Structs.WindowRedirect
[ 33 of 123] Compiling GI.Gdk.Structs.EventAny[boot]
[ 34 of 123] Compiling GI.Gdk.Structs.EventButton[boot]
[ 35 of 123] Compiling GI.Gdk.Structs.EventConfigure[boot]
[ 36 of 123] Compiling GI.Gdk.Structs.EventCrossing[boot]
[ 37 of 123] Compiling GI.Gdk.Objects.DragContext[boot]
[ 38 of 123] Compiling GI.Gdk.Structs.EventDND[boot]
[ 39 of 123] Compiling GI.Gdk.Structs.EventExpose[boot]
[ 40 of 123] Compiling GI.Gdk.Structs.EventFocus[boot]
[ 41 of 123] Compiling GI.Gdk.Structs.EventGrabBroken[boot]
[ 42 of 123] Compiling GI.Gdk.Structs.EventKey[boot]
[ 43 of 123] Compiling GI.Gdk.Structs.EventMotion[boot]
[ 44 of 123] Compiling GI.Gdk.Structs.EventOwnerChange[boot]
[ 45 of 123] Compiling GI.Gdk.Structs.EventPadAxis[boot]
[ 46 of 123] Compiling GI.Gdk.Structs.EventPadButton[boot]
[ 47 of 123] Compiling GI.Gdk.Structs.EventPadGroupMode[boot]
[ 48 of 123] Compiling GI.Gdk.Structs.EventProperty[boot]
[ 49 of 123] Compiling GI.Gdk.Structs.EventProximity[boot]
[ 50 of 123] Compiling GI.Gdk.Structs.EventScroll[boot]
[ 51 of 123] Compiling GI.Gdk.Structs.EventSelection[boot]
[ 52 of 123] Compiling GI.Gdk.Structs.EventSetting[boot]
[ 53 of 123] Compiling GI.Gdk.Structs.EventTouch[boot]
[ 54 of 123] Compiling GI.Gdk.Structs.EventTouchpadPinch[boot]
[ 55 of 123] Compiling GI.Gdk.Structs.EventTouchpadSwipe[boot]
[ 56 of 123] Compiling GI.Gdk.Structs.EventVisibility[boot]
[ 57 of 123] Compiling GI.Gdk.Objects.DrawingContext[boot]
[ 58 of 123] Compiling GI.Gdk.Objects.GLContext[boot]
[ 59 of 123] Compiling GI.Gdk.Objects.AppLaunchContext[boot]
[ 60 of 123] Compiling GI.Gdk.Objects.Monitor[boot]
[ 61 of 123] Compiling GI.Gdk.Objects.Cursor[boot]
[ 62 of 123] Compiling GI.Gdk.Objects.DeviceManager[boot]
[ 63 of 123] Compiling GI.Gdk.Objects.Device[boot]
[ 64 of 123] Compiling GI.Gdk.Objects.Seat[boot]
[ 65 of 123] Compiling GI.Gdk.Objects.Display[boot]
[ 66 of 123] Compiling GI.Gdk.Objects.DeviceManager
[ 67 of 123] Compiling GI.Gdk.Objects.Cursor
[ 68 of 123] Compiling GI.Gdk.Objects.Monitor
[ 69 of 123] Compiling GI.Gdk.Objects.Screen[boot]
[ 70 of 123] Compiling GI.Gdk.Objects.AppLaunchContext
[ 71 of 123] Compiling GI.Gdk.Objects.Visual[boot]
[ 72 of 123] Compiling GI.Gdk.Objects.Visual
[ 73 of 123] Compiling GI.Gdk.Structs.WindowAttr[boot]
[ 74 of 123] Compiling GI.Gdk.Structs.WindowAttr
[ 75 of 123] Compiling GI.Gdk.Objects.Window[boot]
[ 76 of 123] Compiling GI.Gdk.Objects.Screen
[ 77 of 123] Compiling GI.Gdk.Objects.Device
[ 78 of 123] Compiling GI.Gdk.Objects.GLContext
[ 79 of 123] Compiling GI.Gdk.Objects.DrawingContext
[ 80 of 123] Compiling GI.Gdk.Structs.EventVisibility
[ 81 of 123] Compiling GI.Gdk.Structs.EventTouchpadSwipe
[ 82 of 123] Compiling GI.Gdk.Structs.EventTouchpadPinch
[ 83 of 123] Compiling GI.Gdk.Structs.EventTouch
[ 84 of 123] Compiling GI.Gdk.Structs.EventSetting
[ 85 of 123] Compiling GI.Gdk.Structs.EventSelection
[ 86 of 123] Compiling GI.Gdk.Structs.EventScroll
[ 87 of 123] Compiling GI.Gdk.Structs.EventProximity
[ 88 of 123] Compiling GI.Gdk.Structs.EventProperty
[ 89 of 123] Compiling GI.Gdk.Structs.EventPadGroupMode
[ 90 of 123] Compiling GI.Gdk.Structs.EventPadButton
[ 91 of 123] Compiling GI.Gdk.Structs.EventPadAxis
[ 92 of 123] Compiling GI.Gdk.Structs.EventOwnerChange
[ 93 of 123] Compiling GI.Gdk.Structs.EventMotion
[ 94 of 123] Compiling GI.Gdk.Structs.EventKey
[ 95 of 123] Compiling GI.Gdk.Structs.EventGrabBroken
[ 96 of 123] Compiling GI.Gdk.Structs.EventFocus
[ 97 of 123] Compiling GI.Gdk.Structs.EventExpose
[ 98 of 123] Compiling GI.Gdk.Structs.EventDND
[ 99 of 123] Compiling GI.Gdk.Objects.DragContext
[100 of 123] Compiling GI.Gdk.Structs.EventCrossing
[101 of 123] Compiling GI.Gdk.Structs.EventConfigure
[102 of 123] Compiling GI.Gdk.Structs.EventButton
[103 of 123] Compiling GI.Gdk.Structs.EventAny
[104 of 123] Compiling GI.Gdk.Structs.EventWindowState[boot]
[105 of 123] Compiling GI.Gdk.Structs.EventWindowState
[106 of 123] Compiling GI.Gdk.Unions.Event[boot]
[107 of 123] Compiling GI.Gdk.Objects.Display
[108 of 123] Compiling GI.Gdk.Callbacks
[109 of 123] Compiling GI.Gdk.Unions.Event
[110 of 123] Compiling GI.Gdk.Objects.Window
[111 of 123] Compiling GI.Gdk.Objects.Seat
[112 of 123] Compiling GI.Gdk.Unions
[113 of 123] Compiling GI.Gdk.Objects.Keymap[boot]
[114 of 123] Compiling GI.Gdk.Objects.Keymap
[115 of 123] Compiling GI.Gdk.Objects.DisplayManager[boot]
[116 of 123] Compiling GI.Gdk.Objects.DisplayManager
[117 of 123] Compiling GI.Gdk.Structs
[118 of 123] Compiling GI.Gdk.Interfaces.DevicePad[boot]
[119 of 123] Compiling GI.Gdk.Interfaces.DevicePad
[120 of 123] Compiling GI.Gdk.Interfaces
[121 of 123] Compiling GI.Gdk.Functions
[122 of 123] Compiling GI.Gdk.Objects
[123 of 123] Compiling GI.Gdk
