Resolving dependencies...
Build profile: -w ghc-9.10.2 -O1
In order, the following will be built (use -v for more details):
 - multiset-0.3.4.3 (lib) (first run)
 - multiset-0.3.4.3 (test:doctests) (first run)
 - multiset-0.3.4.3 (test:multiset-properties) (first run)
Configuring library for multiset-0.3.4.3...
Preprocessing library for multiset-0.3.4.3...
Building library for multiset-0.3.4.3...
[1 of 2] Compiling Data.MultiSet
Data/MultiSet.hs:201:5: warning: [GHC-50928] [-Wnoncanonical-monoid-instances]
    Noncanonical ‘mappend’ definition detected
    in the instance declaration for ‘Monoid (MultiSet a)’.
    ‘mappend’ will eventually be removed in favour of ‘(<>)’
    Suggested fix:
      Either remove definition for ‘mappend’ (recommended) or define as ‘mappend = (<>)’
      See also: https://gitlab.haskell.org/ghc/ghc/-/wikis/proposal/semigroup-monoid
    |
201 |     mappend = union
    |     ^^^^^^^^^^^^^^^

[2 of 2] Compiling Data.IntMultiSet
Data/IntMultiSet.hs:197:5: warning: [GHC-50928] [-Wnoncanonical-monoid-instances]
    Noncanonical ‘mappend’ definition detected
    in the instance declaration for ‘Monoid IntMultiSet’.
    ‘mappend’ will eventually be removed in favour of ‘(<>)’
    Suggested fix:
      Either remove definition for ‘mappend’ (recommended) or define as ‘mappend = (<>)’
      See also: https://gitlab.haskell.org/ghc/ghc/-/wikis/proposal/semigroup-monoid
    |
197 |     mappend = union
    |     ^^^^^^^^^^^^^^^

Configuring test suite 'doctests' for multiset-0.3.4.3...
Preprocessing test suite 'doctests' for multiset-0.3.4.3...
Building test suite 'doctests' for multiset-0.3.4.3...
[1 of 1] Compiling Main
[2 of 2] Linking /tmp/workdir-multiset/multiset-0.3.4.3/dist-newstyle/build/x86_64-linux/ghc-9.10.2/multiset-0.3.4.3/t/doctests/build/doctests/doctests
Configuring test suite 'multiset-properties' for multiset-0.3.4.3...
Preprocessing test suite 'multiset-properties' for multiset-0.3.4.3...
Building test suite 'multiset-properties' for multiset-0.3.4.3...
[1 of 1] Compiling Main
[2 of 2] Linking /tmp/workdir-multiset/multiset-0.3.4.3/dist-newstyle/build/x86_64-linux/ghc-9.10.2/multiset-0.3.4.3/t/multiset-properties/build/multiset-properties/multiset-properties
