Resolving dependencies...
Build profile: -w ghc-9.10.2 -O1
In order, the following will be built (use -v for more details):
 - hspec-api-2.11.12 (lib) (first run)
 - hspec-api-2.11.12 (test:spec) (first run)
Configuring library for hspec-api-2.11.12...
Preprocessing library for hspec-api-2.11.12...
Building library for hspec-api-2.11.12...
[1 of 7] Compiling Test.Hspec.Api.Format.V2.Config
[2 of 7] Compiling Test.Hspec.Api.Format.V2
[3 of 7] Compiling Test.Hspec.Api.Format.V1.Internal
[4 of 7] Compiling Test.Hspec.Api.Format.V1
[5 of 7] Compiling Test.Hspec.Api.Formatters.V1
[6 of 7] Compiling Test.Hspec.Api.Formatters.V3
[7 of 7] Compiling Test.Hspec.Api.Formatters.V2
Configuring test suite 'spec' for hspec-api-2.11.12...
Preprocessing test suite 'spec' for hspec-api-2.11.12...
Building test suite 'spec' for hspec-api-2.11.12...
[1 of 7] Compiling Paths_hspec_api
[2 of 7] Compiling Test.Hspec.Api.Format.V1Spec
[3 of 7] Compiling Test.Hspec.Api.Format.V2Spec
[4 of 7] Compiling Test.Hspec.Api.Formatters.V1Spec
[5 of 7] Compiling Test.Hspec.Api.Formatters.V2Spec
[6 of 7] Compiling Test.Hspec.Api.Formatters.V3Spec
[7 of 7] Compiling Main
[8 of 8] Linking /tmp/workdir-hspec-api/hspec-api-2.11.12/dist-newstyle/build/x86_64-linux/ghc-9.10.2/hspec-api-2.11.12/t/spec/build/spec/spec
