Resolving dependencies...
Build profile: -w ghc-9.10.2 -O1
In order, the following will be built (use -v for more details):
 - hw-mquery-0.2.1.2 (lib) (first run)
 - hw-mquery-0.2.1.2 (test:hw-mquery-test) (first run)
 - hw-mquery-0.2.1.2 (exe:hw-mquery-example) (first run)
 - hw-mquery-0.2.1.2 (test:doctest) (first run)
Configuring library for hw-mquery-0.2.1.2...
Preprocessing library for hw-mquery-0.2.1.2...
Building library for hw-mquery-0.2.1.2...
[1 of 9] Compiling HaskellWorks.Data.MQuery.AtLeastSize
[2 of 9] Compiling HaskellWorks.Data.MQuery.Entry
[3 of 9] Compiling HaskellWorks.Data.MQuery.Micro
[4 of 9] Compiling HaskellWorks.Data.MQuery.Mini
[5 of 9] Compiling HaskellWorks.Data.MQuery.Row
[6 of 9] Compiling HaskellWorks.Data.MQuery.Shows
[7 of 9] Compiling HaskellWorks.Data.MQuery.ToBool
[8 of 9] Compiling HaskellWorks.Data.MQuery
[9 of 9] Compiling Paths_hw_mquery
Configuring test suite 'hw-mquery-test' for hw-mquery-0.2.1.2...
Preprocessing test suite 'hw-mquery-test' for hw-mquery-0.2.1.2...
Building test suite 'hw-mquery-test' for hw-mquery-0.2.1.2...
[1 of 5] Compiling HaskellWorks.Data.Model.Type
[2 of 5] Compiling HaskellWorks.Data.Model.Lens
[3 of 5] Compiling HaskellWorks.Data.Model.Example
[4 of 5] Compiling HaskellWorks.Data.MQuerySpec
[5 of 5] Compiling Main
[6 of 6] Linking dist-newstyle/build/x86_64-linux/ghc-9.10.2/hw-mquery-0.2.1.2/t/hw-mquery-test/build/hw-mquery-test/hw-mquery-test
Configuring executable 'hw-mquery-example' for hw-mquery-0.2.1.2...
Preprocessing executable 'hw-mquery-example' for hw-mquery-0.2.1.2...
Building executable 'hw-mquery-example' for hw-mquery-0.2.1.2...
[1 of 1] Compiling Main
[2 of 2] Linking dist-newstyle/build/x86_64-linux/ghc-9.10.2/hw-mquery-0.2.1.2/x/hw-mquery-example/build/hw-mquery-example/hw-mquery-example
Configuring test suite 'doctest' for hw-mquery-0.2.1.2...
Preprocessing test suite 'doctest' for hw-mquery-0.2.1.2...
Building test suite 'doctest' for hw-mquery-0.2.1.2...
[1 of 1] Compiling Main
[2 of 2] Linking dist-newstyle/build/x86_64-linux/ghc-9.10.2/hw-mquery-0.2.1.2/t/doctest/build/doctest/doctest
