Resolving dependencies...
Build profile: -w ghc-9.10.2 -O1
In order, the following will be built (use -v for more details):
 - queue-sheet-0.8.0.1 (lib) (first run)
 - queue-sheet-0.8.0.1 (test:queue-sheet-test) (first run)
 - queue-sheet-0.8.0.1 (exe:queue-sheet) (first run)
Configuring library for queue-sheet-0.8.0.1...
Preprocessing library for queue-sheet-0.8.0.1...
Building library for queue-sheet-0.8.0.1...
[1 of 6] Compiling Paths_queue_sheet
[2 of 6] Compiling QueueSheet
[3 of 6] Compiling QueueSheet.Types
[4 of 6] Compiling QueueSheet.Template
[5 of 6] Compiling QueueSheet.File
[6 of 6] Compiling QueueSheet.Build
Configuring test suite 'queue-sheet-test' for queue-sheet-0.8.0.1...
Preprocessing test suite 'queue-sheet-test' for queue-sheet-0.8.0.1...
Building test suite 'queue-sheet-test' for queue-sheet-0.8.0.1...
[1 of 2] Compiling QueueSheet.File.Test
[2 of 2] Compiling Main
[3 of 3] Linking dist-newstyle/build/x86_64-linux/ghc-9.10.2/queue-sheet-0.8.0.1/t/queue-sheet-test/build/queue-sheet-test/queue-sheet-test
Configuring executable 'queue-sheet' for queue-sheet-0.8.0.1...
Preprocessing executable 'queue-sheet' for queue-sheet-0.8.0.1...
Building executable 'queue-sheet' for queue-sheet-0.8.0.1...
[1 of 2] Compiling LibOA
[2 of 2] Compiling Main
[3 of 3] Linking dist-newstyle/build/x86_64-linux/ghc-9.10.2/queue-sheet-0.8.0.1/x/queue-sheet/build/queue-sheet/queue-sheet
