Resolving dependencies...
Build profile: -w ghc-9.10.2 -O1
In order, the following will be built (use -v for more details):
 - text-show-3.11.2 (lib) (first run)
 - text-show-3.11.2 (test:spec) (first run)
Configuring library for text-show-3.11.2...
Preprocessing library for text-show-3.11.2...
Building library for text-show-3.11.2...
[ 1 of 66] Compiling TextShow.GHC.Conc.Windows
[ 2 of 66] Compiling TextShow.GHC.Stats
[ 3 of 66] Compiling TextShow.Options
[ 4 of 66] Compiling TextShow.TH.Names
[ 5 of 66] Compiling TextShow.Utils
[ 6 of 66] Compiling TextShow.Classes
[ 7 of 66] Compiling TextShow.TH.Internal
[ 8 of 66] Compiling TextShow.Data.Maybe
[ 9 of 66] Compiling TextShow.Data.Semigroup
[10 of 66] Compiling TextShow.Data.Either
[11 of 66] Compiling TextShow.Data.Bool
[12 of 66] Compiling TextShow.Functions
[13 of 66] Compiling TextShow.FromStringTextShow
[14 of 66] Compiling TextShow.Data.Void
[15 of 66] Compiling TextShow.Data.Typeable.Utils
[16 of 66] Compiling TextShow.Data.Typeable
[17 of 66] Compiling TextShow.Data.Type.Equality
[18 of 66] Compiling TextShow.Data.Type.Coercion
[19 of 66] Compiling TextShow.Data.Tuple
[20 of 66] Compiling TextShow.Data.Proxy
[21 of 66] Compiling TextShow.Data.Ord
[22 of 66] Compiling TextShow.Data.Monoid
[23 of 66] Compiling TextShow.Data.Integral
[24 of 66] Compiling TextShow.System.IO
[25 of 66] Compiling TextShow.System.Exit
[26 of 66] Compiling TextShow.Numeric.Natural
[27 of 66] Compiling TextShow.GHC.Fingerprint
[28 of 66] Compiling TextShow.Foreign.Ptr
[29 of 66] Compiling TextShow.Data.Ratio
[30 of 66] Compiling TextShow.Data.Functor.Sum
[31 of 66] Compiling TextShow.Data.Functor.Product
[32 of 66] Compiling TextShow.Data.Functor.Identity
[33 of 66] Compiling TextShow.Data.Functor.Compose
[34 of 66] Compiling TextShow.Data.Floating
[35 of 66] Compiling TextShow.Foreign.C.Types
[36 of 66] Compiling TextShow.System.Posix.Types
[37 of 66] Compiling TextShow.GHC.Event
[38 of 66] Compiling TextShow.Data.Fixed
[39 of 66] Compiling TextShow.Data.Dynamic
[40 of 66] Compiling TextShow.Data.Complex
[41 of 66] Compiling TextShow.Data.Char
[42 of 66] Compiling TextShow.GHC.TypeLits
[43 of 66] Compiling TextShow.GHC.Generics
[44 of 66] Compiling TextShow.Data.List
[45 of 66] Compiling TextShow.Text.Read
[46 of 66] Compiling TextShow.GHC.StaticPtr
[47 of 66] Compiling TextShow.GHC.Stack
[48 of 66] Compiling TextShow.GHC.RTS.Flags
[49 of 66] Compiling TextShow.Data.Version
[50 of 66] Compiling TextShow.Data.List.NonEmpty
[51 of 66] Compiling TextShow.Data.Data
[52 of 66] Compiling TextShow.Data.ByteString
[53 of 66] Compiling TextShow.Data.Text
[54 of 66] Compiling TextShow.Data.Array.Byte
[55 of 66] Compiling TextShow.Data.Array
[56 of 66] Compiling TextShow.Control.Monad.ST
[57 of 66] Compiling TextShow.Control.Exception
[58 of 66] Compiling TextShow.Control.Concurrent
[59 of 66] Compiling TextShow.Control.Applicative
[60 of 66] Compiling TextShow.Instances
[61 of 66] Compiling TextShow.TH
[62 of 66] Compiling TextShow.Generic
[63 of 66] Compiling TextShow.Debug.Trace
[64 of 66] Compiling TextShow.Debug.Trace.TH
[65 of 66] Compiling TextShow.Debug.Trace.Generic
[66 of 66] Compiling TextShow
Configuring test suite 'spec' for text-show-3.11.2...
Preprocessing test suite 'spec' for text-show-3.11.2...
Building test suite 'spec' for text-show-3.11.2...
[  1 of 112] Compiling Derived.DatatypeContexts
[  2 of 112] Compiling Derived.ExistentialQuantification
[  3 of 112] Compiling Derived.PolyKinds
[  4 of 112] Compiling Derived.RankNTypes
[  5 of 112] Compiling Derived.TypeFamilies
[  6 of 112] Compiling Derived.TypeSynonyms
[  7 of 112] Compiling Instances.Control.Monad.ST
[  8 of 112] Compiling Instances.Data.Char
[  9 of 112] Compiling Instances.Data.Dynamic
[ 10 of 112] Compiling Instances.Data.Floating
[ 11 of 112] Compiling Instances.Data.Monoid
[ 12 of 112] Compiling Instances.Data.Ord
[ 13 of 112] Compiling Instances.Data.Type.Coercion
[ 14 of 112] Compiling Instances.Data.Type.Equality
[ 15 of 112] Compiling Instances.Foreign.C.Types
[ 16 of 112] Compiling Instances.Foreign.Ptr
[ 17 of 112] Compiling Instances.FromStringTextShow
[ 18 of 112] Compiling Instances.GHC.Conc.Windows
[ 19 of 112] Compiling Instances.GHC.Event
[ 20 of 112] Compiling Instances.GHC.Stats
[ 21 of 112] Compiling Instances.System.Posix.Types
[ 22 of 112] Compiling Instances.Utils
[ 23 of 112] Compiling Instances.Utils.GenericArbitrary
[ 24 of 112] Compiling Instances.Text.Read
[ 25 of 112] Compiling Instances.System.IO
[ 26 of 112] Compiling Instances.Options
[ 27 of 112] Compiling Instances.GHC.StaticPtr
[ 28 of 112] Compiling Instances.GHC.Stack
[ 29 of 112] Compiling Instances.GHC.Generics
[ 30 of 112] Compiling Instances.GHC.Fingerprint
[ 31 of 112] Compiling Instances.Data.Typeable
[ 32 of 112] Compiling Instances.Data.Tuple
[ 33 of 112] Compiling Instances.Data.Text
[ 34 of 112] Compiling Instances.Generic
[ 35 of 112] Compiling Instances.Data.Semigroup
[ 36 of 112] Compiling Instances.Data.Data
[ 37 of 112] Compiling Instances.Control.Exception
[ 38 of 112] Compiling Instances.Control.Concurrent
[ 39 of 112] Compiling Derived.Records
[ 40 of 112] Compiling Derived.MagicHash
[ 41 of 112] Compiling Derived.Infix
[ 42 of 112] Compiling Derived.DataFamilies
[ 43 of 112] Compiling Spec.BuilderSpec
[ 44 of 112] Compiling Spec.GHC.Conc.WindowsSpec
[ 45 of 112] Compiling Spec.GHC.StatsSpec
[ 46 of 112] Compiling Spec.Utils
[ 47 of 112] Compiling Spec.Text.ReadSpec
[ 48 of 112] Compiling Spec.System.Posix.TypesSpec
[ 49 of 112] Compiling Spec.System.IOSpec
[ 50 of 112] Compiling Spec.System.ExitSpec
[ 51 of 112] Compiling Spec.OptionsSpec
[ 52 of 112] Compiling Spec.Numeric.NaturalSpec
[ 53 of 112] Compiling Spec.GenericSpec
[ 54 of 112] Compiling Spec.GHC.StaticPtrSpec
[ 55 of 112] Compiling Spec.GHC.StackSpec
[ 56 of 112] Compiling Spec.GHC.GenericsSpec
[ 57 of 112] Compiling Spec.GHC.FingerprintSpec
[ 58 of 112] Compiling Spec.GHC.EventSpec
[ 59 of 112] Compiling Spec.FunctionsSpec
[ 60 of 112] Compiling Spec.FromStringTextShowSpec
[ 61 of 112] Compiling Spec.Foreign.PtrSpec
[ 62 of 112] Compiling Spec.Foreign.C.TypesSpec
[ 63 of 112] Compiling Spec.Derived.TypeSynonymsSpec
[ 64 of 112] Compiling Spec.Derived.TypeFamiliesSpec
[ 65 of 112] Compiling Spec.Derived.RecordsSpec
[ 66 of 112] Compiling Spec.Derived.RankNTypesSpec
[ 67 of 112] Compiling Spec.Derived.PolyKindsSpec
[ 68 of 112] Compiling Spec.Derived.MagicHashSpec
[ 69 of 112] Compiling Spec.Derived.InfixSpec
[ 70 of 112] Compiling Spec.Derived.ExistentialQuantificationSpec
[ 71 of 112] Compiling Spec.Derived.DatatypeContextsSpec
[ 72 of 112] Compiling Spec.Derived.DataFamiliesSpec
[ 73 of 112] Compiling Spec.Data.VersionSpec
[ 74 of 112] Compiling Spec.Data.TypeableSpec
[ 75 of 112] Compiling Spec.Data.Type.EqualitySpec
[ 76 of 112] Compiling Spec.Data.Type.CoercionSpec
[ 77 of 112] Compiling Spec.Data.TupleSpec
[ 78 of 112] Compiling Spec.Data.TextSpec
[ 79 of 112] Compiling Spec.Data.SemigroupSpec
[ 80 of 112] Compiling Spec.Data.RatioSpec
[ 81 of 112] Compiling Spec.Data.ProxySpec
[ 82 of 112] Compiling Spec.Data.OrdSpec
[ 83 of 112] Compiling Spec.Data.MonoidSpec
[ 84 of 112] Compiling Spec.Data.MaybeSpec
[ 85 of 112] Compiling Spec.Data.ListSpec
[ 86 of 112] Compiling Spec.Data.List.NonEmptySpec
[ 87 of 112] Compiling Spec.Data.IntegralSpec
[ 88 of 112] Compiling Spec.Data.Functor.SumSpec
[ 89 of 112] Compiling Spec.Data.Functor.ProductSpec
[ 90 of 112] Compiling Spec.Data.Functor.IdentitySpec
[ 91 of 112] Compiling Spec.Data.Functor.ComposeSpec
[ 92 of 112] Compiling Spec.Data.FloatingSpec
[ 93 of 112] Compiling Spec.Data.FixedSpec
[ 94 of 112] Compiling Spec.Data.EitherSpec
[ 95 of 112] Compiling Spec.Data.DynamicSpec
[ 96 of 112] Compiling Spec.Data.DataSpec
[ 97 of 112] Compiling Spec.Data.ComplexSpec
[ 98 of 112] Compiling Spec.Data.CharSpec
[ 99 of 112] Compiling Spec.Data.ByteStringSpec
[100 of 112] Compiling Spec.Data.BoolSpec
[101 of 112] Compiling Spec.Data.ArraySpec
[102 of 112] Compiling Spec.Data.Array.ByteSpec
[103 of 112] Compiling Spec.Control.Monad.STSpec
[104 of 112] Compiling Spec.Control.ExceptionSpec
[105 of 112] Compiling Spec.Control.ConcurrentSpec
[106 of 112] Compiling Spec.Control.ApplicativeSpec
[107 of 112] Compiling Instances.GHC.TypeLits
[108 of 112] Compiling Spec.GHC.TypeLitsSpec
[109 of 112] Compiling TextShow.TH.Names
[110 of 112] Compiling Instances.GHC.RTS.Flags
[111 of 112] Compiling Spec.GHC.RTS.FlagsSpec
[112 of 112] Compiling Main
[113 of 113] Linking dist-newstyle/build/x86_64-linux/ghc-9.10.2/text-show-3.11.2/t/spec/build/spec/spec
