Resolving dependencies...
Build profile: -w ghc-9.10.2 -O1
In order, the following will be built (use -v for more details):
 - rebase-1.21.2 (lib) (first run)
Configuring library for rebase-1.21.2...
Preprocessing library for rebase-1.21.2...
Building library for rebase-1.21.2...
[  1 of 369] Compiling Rebase.Control.Applicative
[  2 of 369] Compiling Rebase.Control.Applicative.Backwards
[  3 of 369] Compiling Rebase.Control.Applicative.Lift
[  4 of 369] Compiling Rebase.Control.Arrow
[  5 of 369] Compiling Rebase.Control.Category
[  6 of 369] Compiling Rebase.Control.Comonad
[  7 of 369] Compiling Rebase.Control.Concurrent
[  8 of 369] Compiling Rebase.Control.Concurrent.Chan
[  9 of 369] Compiling Rebase.Control.Concurrent.MVar
[ 10 of 369] Compiling Rebase.Control.Concurrent.QSem
[ 11 of 369] Compiling Rebase.Control.Concurrent.QSemN
[ 12 of 369] Compiling Rebase.Control.Concurrent.STM
[ 13 of 369] Compiling Rebase.Control.Concurrent.STM.TArray
[ 14 of 369] Compiling Rebase.Control.Concurrent.STM.TBQueue
[ 15 of 369] Compiling Rebase.Control.Concurrent.STM.TChan
[ 16 of 369] Compiling Rebase.Control.Concurrent.STM.TMVar
[ 17 of 369] Compiling Rebase.Control.Concurrent.STM.TQueue
[ 18 of 369] Compiling Rebase.Control.Concurrent.STM.TSem
[ 19 of 369] Compiling Rebase.Control.Concurrent.STM.TVar
[ 20 of 369] Compiling Rebase.Control.DeepSeq
[ 21 of 369] Compiling Rebase.Control.Exception
[ 22 of 369] Compiling Rebase.Control.Exception.Base
[ 23 of 369] Compiling Rebase.Control.Monad
[ 24 of 369] Compiling Rebase.Control.Monad.Cont
[ 25 of 369] Compiling Rebase.Control.Monad.Cont.Class
[ 26 of 369] Compiling Rebase.Control.Monad.Error.Class
[ 27 of 369] Compiling Rebase.Control.Monad.Fail
[ 28 of 369] Compiling Rebase.Control.Monad.Fix
[ 29 of 369] Compiling Rebase.Control.Monad.IO.Class
[ 30 of 369] Compiling Rebase.Control.Monad.Identity
[ 31 of 369] Compiling Rebase.Control.Monad.RWS
[ 32 of 369] Compiling Rebase.Control.Monad.RWS.Class
[ 33 of 369] Compiling Rebase.Control.Monad.RWS.Lazy
[ 34 of 369] Compiling Rebase.Control.Monad.RWS.Strict
[ 35 of 369] Compiling Rebase.Control.Monad.Reader
[ 36 of 369] Compiling Rebase.Control.Monad.Reader.Class
[ 37 of 369] Compiling Rebase.Control.Monad.ST
[ 38 of 369] Compiling Rebase.Control.Monad.ST.Lazy
[ 39 of 369] Compiling Rebase.Control.Monad.ST.Lazy.Unsafe
[ 40 of 369] Compiling Rebase.Control.Monad.ST.Strict
[ 41 of 369] Compiling Rebase.Control.Monad.ST.Unsafe
[ 42 of 369] Compiling Rebase.Control.Monad.STM
[ 43 of 369] Compiling Rebase.Control.Monad.Signatures
[ 44 of 369] Compiling Rebase.Control.Monad.State
[ 45 of 369] Compiling Rebase.Control.Monad.State.Class
[ 46 of 369] Compiling Rebase.Control.Monad.State.Lazy
[ 47 of 369] Compiling Rebase.Control.Monad.State.Strict
[ 48 of 369] Compiling Rebase.Control.Monad.Trans
[ 49 of 369] Compiling Rebase.Control.Monad.Trans.Class
[ 50 of 369] Compiling Rebase.Control.Monad.Trans.Cont
[ 51 of 369] Compiling Rebase.Control.Monad.Trans.Except
[ 52 of 369] Compiling Rebase.Control.Monad.Trans.Identity
[ 53 of 369] Compiling Rebase.Control.Monad.Trans.Maybe
[ 54 of 369] Compiling Rebase.Control.Monad.Trans.RWS
[ 55 of 369] Compiling Rebase.Control.Monad.Trans.RWS.Lazy
[ 56 of 369] Compiling Rebase.Control.Monad.Trans.RWS.Strict
[ 57 of 369] Compiling Rebase.Control.Monad.Trans.Reader
[ 58 of 369] Compiling Rebase.Control.Monad.Trans.State
[ 59 of 369] Compiling Rebase.Control.Monad.Trans.State.Lazy
[ 60 of 369] Compiling Rebase.Control.Monad.Trans.State.Strict
[ 61 of 369] Compiling Rebase.Control.Monad.Trans.Writer
[ 62 of 369] Compiling Rebase.Control.Monad.Trans.Writer.Lazy
[ 63 of 369] Compiling Rebase.Control.Monad.Trans.Writer.Strict
[ 64 of 369] Compiling Rebase.Control.Monad.Writer
[ 65 of 369] Compiling Rebase.Control.Monad.Writer.Class
[ 66 of 369] Compiling Rebase.Control.Monad.Writer.Lazy
[ 67 of 369] Compiling Rebase.Control.Monad.Writer.Strict
[ 68 of 369] Compiling Rebase.Control.Monad.Zip
[ 69 of 369] Compiling Rebase.Control.Selective
[ 70 of 369] Compiling Rebase.Control.Selective.Free
[ 71 of 369] Compiling Rebase.Control.Selective.Multi
[ 72 of 369] Compiling Rebase.Control.Selective.Rigid.Free
[ 73 of 369] Compiling Rebase.Control.Selective.Rigid.Freer
[ 74 of 369] Compiling Rebase.Data.Biapplicative
[ 75 of 369] Compiling Rebase.Data.Bifoldable
[ 76 of 369] Compiling Rebase.Data.Bifunctor
[ 77 of 369] Compiling Rebase.Data.Bifunctor.Apply
[ 78 of 369] Compiling Rebase.Data.Bifunctor.Biff
[ 79 of 369] Compiling Rebase.Data.Bifunctor.Clown
[ 80 of 369] Compiling Rebase.Data.Bifunctor.Flip
[ 81 of 369] Compiling Rebase.Data.Bifunctor.Join
[ 82 of 369] Compiling Rebase.Data.Bifunctor.Joker
[ 83 of 369] Compiling Rebase.Data.Bifunctor.Product
[ 84 of 369] Compiling Rebase.Data.Bifunctor.Tannen
[ 85 of 369] Compiling Rebase.Data.Bifunctor.Wrapped
[ 86 of 369] Compiling Rebase.Data.Bitraversable
[ 87 of 369] Compiling Rebase.Data.Bits
[ 88 of 369] Compiling Rebase.Data.Bool
[ 89 of 369] Compiling Rebase.Data.ByteString
[ 90 of 369] Compiling Rebase.Data.ByteString.Builder
[ 91 of 369] Compiling Rebase.Data.ByteString.Builder.Extra
[ 92 of 369] Compiling Rebase.Data.ByteString.Builder.Internal
[ 93 of 369] Compiling Rebase.Data.ByteString.Builder.Prim
[ 94 of 369] Compiling Rebase.Data.ByteString.Builder.Prim.Internal
[ 95 of 369] Compiling Rebase.Data.ByteString.Builder.Scientific
[ 96 of 369] Compiling Rebase.Data.ByteString.Char8
[ 97 of 369] Compiling Rebase.Data.ByteString.Internal
[ 98 of 369] Compiling Rebase.Data.ByteString.Lazy
[ 99 of 369] Compiling Rebase.Data.ByteString.Lazy.Char8
[100 of 369] Compiling Rebase.Data.ByteString.Lazy.Internal
[101 of 369] Compiling Rebase.Data.ByteString.Short
[102 of 369] Compiling Rebase.Data.ByteString.Short.Internal
[103 of 369] Compiling Rebase.Data.ByteString.Unsafe
[104 of 369] Compiling Rebase.Data.Char
[105 of 369] Compiling Rebase.Data.Coerce
[106 of 369] Compiling Rebase.Data.Complex
[107 of 369] Compiling Rebase.Data.DList
[108 of 369] Compiling Rebase.Data.Data
[109 of 369] Compiling Rebase.Data.Dynamic
[110 of 369] Compiling Rebase.Data.Either
[111 of 369] Compiling Rebase.Data.Either.Combinators
[112 of 369] Compiling Rebase.Data.Either.Validation
[113 of 369] Compiling Rebase.Data.Eq
[114 of 369] Compiling Rebase.Data.Fixed
[115 of 369] Compiling Rebase.Data.Foldable
[116 of 369] Compiling Rebase.Data.Function
[117 of 369] Compiling Rebase.Data.Functor
[118 of 369] Compiling Rebase.Data.Functor.Alt
[119 of 369] Compiling Rebase.Data.Functor.Apply
[120 of 369] Compiling Rebase.Data.Functor.Bind
[121 of 369] Compiling Rebase.Data.Functor.Bind.Class
[122 of 369] Compiling Rebase.Data.Functor.Bind.Trans
[123 of 369] Compiling Rebase.Data.Functor.Classes
[124 of 369] Compiling Rebase.Data.Functor.Compose
[125 of 369] Compiling Rebase.Data.Functor.Constant
[126 of 369] Compiling Rebase.Data.Functor.Contravariant
[127 of 369] Compiling Rebase.Data.Functor.Contravariant.Compose
[128 of 369] Compiling Rebase.Data.Functor.Contravariant.Divisible
[129 of 369] Compiling Rebase.Data.Functor.Extend
[130 of 369] Compiling Rebase.Data.Functor.Identity
[131 of 369] Compiling Rebase.Data.Functor.Invariant
[132 of 369] Compiling Rebase.Data.Functor.Invariant.TH
[133 of 369] Compiling Rebase.Data.Functor.Plus
[134 of 369] Compiling Rebase.Data.Functor.Product
[135 of 369] Compiling Rebase.Data.Functor.Reverse
[136 of 369] Compiling Rebase.Data.Functor.Sum
[137 of 369] Compiling Rebase.Data.Graph
[138 of 369] Compiling Rebase.Data.Group
[139 of 369] Compiling Rebase.Data.Groupoid
[140 of 369] Compiling Rebase.Data.HashMap.Lazy
[141 of 369] Compiling Rebase.Data.HashMap.Strict
[142 of 369] Compiling Rebase.Data.HashSet
[143 of 369] Compiling Rebase.Data.Hashable
[144 of 369] Compiling Rebase.Data.IORef
[145 of 369] Compiling Rebase.Data.Int
[146 of 369] Compiling Rebase.Data.IntMap
[147 of 369] Compiling Rebase.Data.IntMap.Lazy
[148 of 369] Compiling Rebase.Data.IntMap.Strict
[149 of 369] Compiling Rebase.Data.IntSet
[150 of 369] Compiling Rebase.Data.Isomorphism
[151 of 369] Compiling Rebase.Data.Ix
[152 of 369] Compiling Rebase.Data.Kind
[153 of 369] Compiling Rebase.Data.List
[154 of 369] Compiling Rebase.Data.List.NonEmpty
[155 of 369] Compiling Rebase.Data.Map
[156 of 369] Compiling Rebase.Data.Map.Lazy
[157 of 369] Compiling Rebase.Data.Map.Strict
[158 of 369] Compiling Rebase.Data.Maybe
[159 of 369] Compiling Rebase.Data.Monoid
[160 of 369] Compiling Rebase.Data.Ord
[161 of 369] Compiling Rebase.Data.Profunctor
[162 of 369] Compiling Rebase.Data.Profunctor.Adjunction
[163 of 369] Compiling Rebase.Data.Profunctor.Cayley
[164 of 369] Compiling Rebase.Data.Profunctor.Choice
[165 of 369] Compiling Rebase.Data.Profunctor.Closed
[166 of 369] Compiling Rebase.Data.Profunctor.Composition
[167 of 369] Compiling Rebase.Data.Profunctor.Mapping
[168 of 369] Compiling Rebase.Data.Profunctor.Monad
[169 of 369] Compiling Rebase.Data.Profunctor.Ran
[170 of 369] Compiling Rebase.Data.Profunctor.Rep
[171 of 369] Compiling Rebase.Data.Profunctor.Sieve
[172 of 369] Compiling Rebase.Data.Profunctor.Strong
[173 of 369] Compiling Rebase.Data.Profunctor.Traversing
[174 of 369] Compiling Rebase.Data.Profunctor.Types
[175 of 369] Compiling Rebase.Data.Profunctor.Unsafe
[176 of 369] Compiling Rebase.Data.Profunctor.Yoneda
[177 of 369] Compiling Rebase.Data.Proxy
[178 of 369] Compiling Rebase.Data.Ratio
[179 of 369] Compiling Rebase.Data.STRef
[180 of 369] Compiling Rebase.Data.STRef.Lazy
[181 of 369] Compiling Rebase.Data.STRef.Strict
[182 of 369] Compiling Rebase.Data.Scientific
[183 of 369] Compiling Rebase.Data.Semigroup
[184 of 369] Compiling Rebase.Data.Semigroup.Bifoldable
[185 of 369] Compiling Rebase.Data.Semigroup.Bitraversable
[186 of 369] Compiling Rebase.Data.Semigroup.Foldable
[187 of 369] Compiling Rebase.Data.Semigroup.Traversable
[188 of 369] Compiling Rebase.Data.Semigroup.Traversable.Class
[189 of 369] Compiling Rebase.Data.Semigroupoid
[190 of 369] Compiling Rebase.Data.Semigroupoid.Dual
[191 of 369] Compiling Rebase.Data.Semigroupoid.Ob
[192 of 369] Compiling Rebase.Data.Semigroupoid.Static
[193 of 369] Compiling Rebase.Data.Sequence
[194 of 369] Compiling Rebase.Data.Set
[195 of 369] Compiling Rebase.Data.String
[196 of 369] Compiling Rebase.Data.Text
[197 of 369] Compiling Rebase.Data.Text.Array
[198 of 369] Compiling Rebase.Data.Text.Encoding
[199 of 369] Compiling Rebase.Data.Text.Encoding.Error
[200 of 369] Compiling Rebase.Data.Text.Foreign
[201 of 369] Compiling Rebase.Data.Text.IO
[202 of 369] Compiling Rebase.Data.Text.Internal
[203 of 369] Compiling Rebase.Data.Text.Lazy
[204 of 369] Compiling Rebase.Data.Text.Lazy.Builder
[205 of 369] Compiling Rebase.Data.Text.Lazy.Builder.Int
[206 of 369] Compiling Rebase.Data.Text.Lazy.Builder.RealFloat
[207 of 369] Compiling Rebase.Data.Text.Lazy.Builder.Scientific
[208 of 369] Compiling Rebase.Data.Text.Lazy.Encoding
[209 of 369] Compiling Rebase.Data.Text.Lazy.IO
[210 of 369] Compiling Rebase.Data.Text.Lazy.Read
[211 of 369] Compiling Rebase.Data.Text.Read
[212 of 369] Compiling Rebase.Data.Text.Unsafe
[213 of 369] Compiling Rebase.Data.Time
[214 of 369] Compiling Rebase.Data.Time.Calendar
[215 of 369] Compiling Rebase.Data.Time.Calendar.Easter
[216 of 369] Compiling Rebase.Data.Time.Calendar.Julian
[217 of 369] Compiling Rebase.Data.Time.Calendar.MonthDay
[218 of 369] Compiling Rebase.Data.Time.Calendar.OrdinalDate
[219 of 369] Compiling Rebase.Data.Time.Calendar.WeekDate
[220 of 369] Compiling Rebase.Data.Time.Clock
[221 of 369] Compiling Rebase.Data.Time.Clock.POSIX
[222 of 369] Compiling Rebase.Data.Time.Clock.System
[223 of 369] Compiling Rebase.Data.Time.Clock.TAI
[224 of 369] Compiling Rebase.Data.Time.Compat
[225 of 369] Compiling Rebase.Data.Time.Format
[226 of 369] Compiling Rebase.Data.Time.Format.ISO8601
[227 of 369] Compiling Rebase.Data.Time.LocalTime
[228 of 369] Compiling Rebase.Data.Traversable
[229 of 369] Compiling Rebase.Data.Traversable.Instances
[230 of 369] Compiling Rebase.Data.Tree
[231 of 369] Compiling Rebase.Data.Tuple
[232 of 369] Compiling Rebase.Data.Type.Bool
[233 of 369] Compiling Rebase.Data.Type.Coercion
[234 of 369] Compiling Rebase.Data.Type.Equality
[235 of 369] Compiling Rebase.Data.Typeable
[236 of 369] Compiling Rebase.Data.UUID
[237 of 369] Compiling Rebase.Data.Unique
[238 of 369] Compiling Rebase.Data.Vector
[239 of 369] Compiling Rebase.Data.Vector.Fusion.Stream.Monadic
[240 of 369] Compiling Rebase.Data.Vector.Fusion.Util
[241 of 369] Compiling Rebase.Data.Vector.Generic
[242 of 369] Compiling Rebase.Data.Vector.Generic.Base
[243 of 369] Compiling Rebase.Data.Vector.Generic.Mutable
[244 of 369] Compiling Rebase.Data.Vector.Generic.New
[245 of 369] Compiling Rebase.Data.Vector.Instances
[246 of 369] Compiling Rebase.Data.Vector.Internal.Check
[247 of 369] Compiling Rebase.Data.Vector.Mutable
[248 of 369] Compiling Rebase.Data.Vector.Primitive
[249 of 369] Compiling Rebase.Data.Vector.Primitive.Mutable
[250 of 369] Compiling Rebase.Data.Vector.Storable
[251 of 369] Compiling Rebase.Data.Vector.Storable.Internal
[252 of 369] Compiling Rebase.Data.Vector.Storable.Mutable
[253 of 369] Compiling Rebase.Data.Vector.Unboxed
[254 of 369] Compiling Rebase.Data.Vector.Unboxed.Base
[255 of 369] Compiling Rebase.Data.Vector.Unboxed.Mutable
[256 of 369] Compiling Rebase.Data.Version
[257 of 369] Compiling Rebase.Data.Void
[258 of 369] Compiling Rebase.Data.Void.Unsafe
[259 of 369] Compiling Rebase.Data.Word
[260 of 369] Compiling Rebase.Debug.Trace
[261 of 369] Compiling Rebase.Foreign
[262 of 369] Compiling Rebase.Foreign.C
[263 of 369] Compiling Rebase.Foreign.C.Error
[264 of 369] Compiling Rebase.Foreign.C.String
[265 of 369] Compiling Rebase.Foreign.C.Types
[266 of 369] Compiling Rebase.Foreign.Concurrent
[267 of 369] Compiling Rebase.Foreign.ForeignPtr
[268 of 369] Compiling Rebase.Foreign.ForeignPtr.Unsafe
[269 of 369] Compiling Rebase.Foreign.Marshal
[270 of 369] Compiling Rebase.Foreign.Marshal.Alloc
[271 of 369] Compiling Rebase.Foreign.Marshal.Array
[272 of 369] Compiling Rebase.Foreign.Marshal.Error
[273 of 369] Compiling Rebase.Foreign.Marshal.Pool
[274 of 369] Compiling Rebase.Foreign.Marshal.Safe
[275 of 369] Compiling Rebase.Foreign.Marshal.Unsafe
[276 of 369] Compiling Rebase.Foreign.Marshal.Utils
[277 of 369] Compiling Rebase.Foreign.Ptr
[278 of 369] Compiling Rebase.Foreign.StablePtr
[279 of 369] Compiling Rebase.Foreign.Storable
[280 of 369] Compiling Rebase.GHC.Arr
[281 of 369] Compiling Rebase.GHC.Base
[282 of 369] Compiling Rebase.GHC.Char
[283 of 369] Compiling Rebase.GHC.Conc
[284 of 369] Compiling Rebase.GHC.Conc.IO
[285 of 369] Compiling Rebase.GHC.Conc.Signal
[286 of 369] Compiling Rebase.GHC.Conc.Sync
[287 of 369] Compiling Rebase.GHC.Desugar
[288 of 369] Compiling Rebase.GHC.Enum
[289 of 369] Compiling Rebase.GHC.Environment
[290 of 369] Compiling Rebase.GHC.Err
[291 of 369] Compiling Rebase.GHC.Exception
[292 of 369] Compiling Rebase.GHC.Exts
[293 of 369] Compiling Rebase.GHC.Fingerprint
[294 of 369] Compiling Rebase.GHC.Fingerprint.Type
[295 of 369] Compiling Rebase.GHC.Float
[296 of 369] Compiling Rebase.GHC.Float.ConversionUtils
[297 of 369] Compiling Rebase.GHC.Float.RealFracMethods
[298 of 369] Compiling Rebase.GHC.Foreign
[299 of 369] Compiling Rebase.GHC.ForeignPtr
[300 of 369] Compiling Rebase.GHC.Generics
[301 of 369] Compiling Rebase.GHC.IO
[302 of 369] Compiling Rebase.GHC.IO.Buffer
[303 of 369] Compiling Rebase.GHC.IO.BufferedIO
[304 of 369] Compiling Rebase.GHC.IO.Device
[305 of 369] Compiling Rebase.GHC.IO.Encoding
[306 of 369] Compiling Rebase.GHC.IO.Encoding.Failure
[307 of 369] Compiling Rebase.GHC.IO.Encoding.Iconv
[308 of 369] Compiling Rebase.GHC.IO.Encoding.Latin1
[309 of 369] Compiling Rebase.GHC.IO.Encoding.Types
[310 of 369] Compiling Rebase.GHC.IO.Encoding.UTF16
[311 of 369] Compiling Rebase.GHC.IO.Encoding.UTF32
[312 of 369] Compiling Rebase.GHC.IO.Encoding.UTF8
[313 of 369] Compiling Rebase.GHC.IO.Exception
[314 of 369] Compiling Rebase.GHC.IO.FD
[315 of 369] Compiling Rebase.GHC.IO.Handle
[316 of 369] Compiling Rebase.GHC.IO.Handle.FD
[317 of 369] Compiling Rebase.GHC.IO.Handle.Internals
[318 of 369] Compiling Rebase.GHC.IO.Handle.Text
[319 of 369] Compiling Rebase.GHC.IO.Handle.Types
[320 of 369] Compiling Rebase.GHC.IO.IOMode
[321 of 369] Compiling Rebase.GHC.IOArray
[322 of 369] Compiling Rebase.GHC.IORef
[323 of 369] Compiling Rebase.GHC.Int
[324 of 369] Compiling Rebase.GHC.List
[325 of 369] Compiling Rebase.GHC.MVar
[326 of 369] Compiling Rebase.GHC.Num
[327 of 369] Compiling Rebase.GHC.OverloadedLabels
[328 of 369] Compiling Rebase.GHC.Profiling
[329 of 369] Compiling Rebase.GHC.Ptr
[330 of 369] Compiling Rebase.GHC.Read
[331 of 369] Compiling Rebase.GHC.Real
[332 of 369] Compiling Rebase.GHC.Records
[333 of 369] Compiling Rebase.GHC.ST
[334 of 369] Compiling Rebase.GHC.STRef
[335 of 369] Compiling Rebase.GHC.Show
[336 of 369] Compiling Rebase.GHC.Stable
[337 of 369] Compiling Rebase.GHC.Stack
[338 of 369] Compiling Rebase.GHC.Stats
[339 of 369] Compiling Rebase.GHC.Storable
[340 of 369] Compiling Rebase.GHC.TopHandler
[341 of 369] Compiling Rebase.GHC.TypeLits
[342 of 369] Compiling Rebase.GHC.TypeNats
[343 of 369] Compiling Rebase.GHC.Unicode
[344 of 369] Compiling Rebase.GHC.Weak
[345 of 369] Compiling Rebase.GHC.Word
[346 of 369] Compiling Rebase.Numeric
[347 of 369] Compiling Rebase.Numeric.Natural
[348 of 369] Compiling Rebase.System.CPUTime
[349 of 369] Compiling Rebase.System.Console.GetOpt
[350 of 369] Compiling Rebase.System.Environment
[351 of 369] Compiling Rebase.System.Exit
[352 of 369] Compiling Rebase.System.IO
[353 of 369] Compiling Rebase.System.IO.Error
[354 of 369] Compiling Rebase.System.IO.Unsafe
[355 of 369] Compiling Rebase.System.Info
[356 of 369] Compiling Rebase.System.Mem
[357 of 369] Compiling Rebase.System.Mem.StableName
[358 of 369] Compiling Rebase.System.Mem.Weak
[359 of 369] Compiling Rebase.System.Posix.Internals
[360 of 369] Compiling Rebase.System.Posix.Types
[361 of 369] Compiling Rebase.System.Timeout
[362 of 369] Compiling Rebase.Text.ParserCombinators.ReadP
[363 of 369] Compiling Rebase.Text.ParserCombinators.ReadPrec
[364 of 369] Compiling Rebase.Text.Printf
[365 of 369] Compiling Rebase.Text.Read
[366 of 369] Compiling Rebase.Text.Read.Lex
[367 of 369] Compiling Rebase.Text.Show
[368 of 369] Compiling Rebase.Unsafe.Coerce
[369 of 369] Compiling Rebase.Prelude
