Resolving dependencies...
Build profile: -w ghc-9.10.2 -O1
In order, the following will be built (use -v for more details):
 - monad-schedule-0.2.0.2 (lib) (first run)
 - monad-schedule-0.2.0.2 (test:test) (first run)
Configuring library for monad-schedule-0.2.0.2...
Preprocessing library for monad-schedule-0.2.0.2...
Building library for monad-schedule-0.2.0.2...
[1 of 7] Compiling Control.Monad.Schedule.Class
[2 of 7] Compiling Control.Monad.Schedule.FreeAsync
[3 of 7] Compiling Control.Monad.Schedule.OSThreadPool
[4 of 7] Compiling Control.Monad.Schedule.RoundRobin
[5 of 7] Compiling Control.Monad.Schedule.Sequence
[6 of 7] Compiling Control.Monad.Schedule.Trans
[7 of 7] Compiling Control.Monad.Schedule.Yield
Configuring test suite 'test' for monad-schedule-0.2.0.2...
Preprocessing test suite 'test' for monad-schedule-0.2.0.2...
Building test suite 'test' for monad-schedule-0.2.0.2...
[1 of 4] Compiling FreeAsync
[2 of 4] Compiling Trans
[3 of 4] Compiling Yield
[4 of 4] Compiling Main
[5 of 5] Linking /tmp/workdir-monad-schedule/monad-schedule-0.2.0.2/dist-newstyle/build/x86_64-linux/ghc-9.10.2/monad-schedule-0.2.0.2/t/test/build/test/test
