Resolving dependencies...
Build profile: -w ghc-9.10.2 -O1
In order, the following will be built (use -v for more details):
 - jose-jwt-0.10.0 (lib) (first run)
 - jose-jwt-0.10.0 (test:tests) (first run)
Configuring library for jose-jwt-0.10.0...
Preprocessing library for jose-jwt-0.10.0...
Building library for jose-jwt-0.10.0...
[1 of 9] Compiling Jose.Jwa
[2 of 9] Compiling Jose.Types
Jose/Types.hs:219:37: warning: [GHC-63394] [-Wx-partial]
    In the use of ‘head’
    (imported from Prelude, but defined in GHC.Internal.List):
    "This is a partial function, it throws an error on empty lists. Use pattern matching, 'Data.List.uncons' or 'Data.Maybe.listToMaybe' instead. Consider refactoring to use "Data.List.NonEmpty"."
    |
219 |                      in  (toLower . head) remainder : tail remainder
    |                                     ^^^^

Jose/Types.hs:219:55: warning: [GHC-63394] [-Wx-partial]
    In the use of ‘tail’
    (imported from Prelude, but defined in GHC.Internal.List):
    "This is a partial function, it throws an error on empty lists. Replace it with 'drop' 1, or use pattern matching or 'GHC.Internal.Data.List.uncons' instead. Consider refactoring to use "Data.List.NonEmpty"."
    |
219 |                      in  (toLower . head) remainder : tail remainder
    |                                                       ^^^^

Jose/Types.hs:221:36: warning: [GHC-63394] [-Wx-partial]
    In the use of ‘head’
    (imported from Prelude, but defined in GHC.Internal.List):
    "This is a partial function, it throws an error on empty lists. Use pattern matching, 'Data.List.uncons' or 'Data.Maybe.listToMaybe' instead. Consider refactoring to use "Data.List.NonEmpty"."
    |
221 |     addPrefix p s  = p ++ toUpper (head s) : tail s
    |                                    ^^^^

Jose/Types.hs:221:46: warning: [GHC-63394] [-Wx-partial]
    In the use of ‘tail’
    (imported from Prelude, but defined in GHC.Internal.List):
    "This is a partial function, it throws an error on empty lists. Replace it with 'drop' 1, or use pattern matching or 'GHC.Internal.Data.List.uncons' instead. Consider refactoring to use "Data.List.NonEmpty"."
    |
221 |     addPrefix p s  = p ++ toUpper (head s) : tail s
    |                                              ^^^^

[3 of 9] Compiling Jose.Internal.Parser
[4 of 9] Compiling Jose.Internal.Crypto
Jose/Internal/Crypto.hs:416:62: warning: [GHC-63394] [-Wx-partial]
    In the use of ‘head’
    (imported from Prelude, but defined in GHC.Internal.List):
    "This is a partial function, it throws an error on empty lists. Use pattern matching, 'Data.List.uncons' or 'Data.Maybe.listToMaybe' instead. Consider refactoring to use "Data.List.NonEmpty"."
    |
416 |             (p0, p) = foldl (doRound (ecbDecrypt cipher) n) (head r, reverse (tail r)) (reverse [0..5])
    |                                                              ^^^^

Jose/Internal/Crypto.hs:416:79: warning: [GHC-63394] [-Wx-partial]
    In the use of ‘tail’
    (imported from Prelude, but defined in GHC.Internal.List):
    "This is a partial function, it throws an error on empty lists. Replace it with 'drop' 1, or use pattern matching or 'GHC.Internal.Data.List.uncons' instead. Consider refactoring to use "Data.List.NonEmpty"."
    |
416 |             (p0, p) = foldl (doRound (ecbDecrypt cipher) n) (head r, reverse (tail r)) (reverse [0..5])
    |                                                                               ^^^^

[5 of 9] Compiling Jose.Internal.Base64
[6 of 9] Compiling Jose.Jwk
[7 of 9] Compiling Jose.Jws
[8 of 9] Compiling Jose.Jwe
[9 of 9] Compiling Jose.Jwt
Jose/Jwt.hs:144:27: warning: [GHC-63394] [-Wx-partial]
    In the use of ‘head’
    (imported from Prelude, but defined in GHC.Internal.List):
    "This is a partial function, it throws an error on empty lists. Use pattern matching, 'Data.List.uncons' or 'Data.Maybe.listToMaybe' instead. Consider refactoring to use "Data.List.NonEmpty"."
    |
144 |     hdr    <- B64.decode (head components) >>= parseHeader
    |                           ^^^^

Jose/Jwt.hs:145:28: warning: [GHC-63394] [-Wx-partial]
    In the use of ‘head’
    (imported from Prelude, but defined in GHC.Internal.List):
    "This is a partial function, it throws an error on empty lists. Use pattern matching, 'Data.List.uncons' or 'Data.Maybe.listToMaybe' instead. Consider refactoring to use "Data.List.NonEmpty"."
    |
145 |     claims <- B64.decode ((head . tail) components) >>= parseClaims
    |                            ^^^^

Jose/Jwt.hs:145:35: warning: [GHC-63394] [-Wx-partial]
    In the use of ‘tail’
    (imported from Prelude, but defined in GHC.Internal.List):
    "This is a partial function, it throws an error on empty lists. Replace it with 'drop' 1, or use pattern matching or 'GHC.Internal.Data.List.uncons' instead. Consider refactoring to use "Data.List.NonEmpty"."
    |
145 |     claims <- B64.decode ((head . tail) components) >>= parseClaims
    |                                   ^^^^

Configuring test suite 'tests' for jose-jwt-0.10.0...
Preprocessing test suite 'tests' for jose-jwt-0.10.0...
Building test suite 'tests' for jose-jwt-0.10.0...
[1 of 4] Compiling Tests.JweSpec
[2 of 4] Compiling Tests.JwkSpec
tests/Tests/JwkSpec.hs:34:20: warning: [GHC-63394] [-Wx-partial]
    In the use of ‘head’
    (imported from Prelude, but defined in GHC.Internal.List):
    "This is a partial function, it throws an error on empty lists. Use pattern matching, 'Data.List.uncons' or 'Data.Maybe.listToMaybe' instead. Consider refactoring to use "Data.List.NonEmpty"."
   |
34 |         k0       = head kss
   |                    ^^^^

[3 of 4] Compiling Tests.JwsSpec
[4 of 4] Compiling Main
[5 of 5] Linking /tmp/workdir-jose-jwt/jose-jwt-0.10.0/dist-newstyle/build/x86_64-linux/ghc-9.10.2/jose-jwt-0.10.0/t/tests/build/tests/tests
