Resolving dependencies...
Build profile: -w ghc-9.10.2 -O1
In order, the following will be built (use -v for more details):
 - exp-pairs-0.2.1.1 (lib) (first run)
 - exp-pairs-0.2.1.1 (test:tests) (first run)
Configuring library for exp-pairs-0.2.1.1...
Preprocessing library for exp-pairs-0.2.1.1...
Building library for exp-pairs-0.2.1.1...
[ 1 of 11] Compiling Math.ExpPairs.Matrix3
[ 2 of 11] Compiling Math.ExpPairs.Pair
[ 3 of 11] Compiling Math.ExpPairs.ProcessMatrix
[ 4 of 11] Compiling Math.ExpPairs.PrettyProcess
[ 5 of 11] Compiling Math.ExpPairs.Process
[ 6 of 11] Compiling Math.ExpPairs.RatioInf
[ 7 of 11] Compiling Math.ExpPairs.LinearForm
[ 8 of 11] Compiling Math.ExpPairs
[ 9 of 11] Compiling Math.ExpPairs.MenzerNowak
[10 of 11] Compiling Math.ExpPairs.Ivic
[11 of 11] Compiling Math.ExpPairs.Kratzel
Configuring test suite 'tests' for exp-pairs-0.2.1.1...
Preprocessing test suite 'tests' for exp-pairs-0.2.1.1...
Building test suite 'tests' for exp-pairs-0.2.1.1...
[ 1 of 12] Compiling Etalon
[ 2 of 12] Compiling Instances
[ 3 of 12] Compiling Ivic
[ 4 of 12] Compiling Kratzel
[ 5 of 12] Compiling LinearForm
[ 6 of 12] Compiling Matrix3
[ 7 of 12] Compiling MenzerNowak
[ 8 of 12] Compiling Pair
[ 9 of 12] Compiling PrettyProcess
[10 of 12] Compiling Process
[11 of 12] Compiling RatioInf
[12 of 12] Compiling Main
[13 of 13] Linking /tmp/workdir-exp-pairs/exp-pairs-0.2.1.1/dist-newstyle/build/x86_64-linux/ghc-9.10.2/exp-pairs-0.2.1.1/t/tests/build/tests/tests
