Resolving dependencies...
Build profile: -w ghc-9.10.2 -O1
In order, the following will be built (use -v for more details):
 - json-rpc-1.1.2 (lib) (first run)
 - json-rpc-1.1.2 (exe:time-server) (first run)
 - json-rpc-1.1.2 (exe:time-client) (first run)
 - json-rpc-1.1.2 (test:test-json-rpc) (first run)
 - json-rpc-1.1.2 (exe:concurrent-server) (first run)
 - json-rpc-1.1.2 (exe:concurrent-client) (first run)
Configuring library for json-rpc-1.1.2...
Preprocessing library for json-rpc-1.1.2...
Building library for json-rpc-1.1.2...
[1 of 5] Compiling Network.JSONRPC.Data
[2 of 5] Compiling Network.JSONRPC.Arbitrary
[3 of 5] Compiling Network.JSONRPC.Interface
src/Network/JSONRPC/Interface.hs:219:17: warning: [GHC-63394] [-Wx-partial]
    In the use of ‘head’
    (imported from Prelude, but defined in GHC.Internal.List):
    "This is a partial function, it throws an error on empty lists. Use pattern matching, 'Data.List.uncons' or 'Data.Maybe.listToMaybe' instead. Consider refactoring to use "Data.List.NonEmpty"."
    |
219 | sendRequest q = head `liftM` sendBatchRequest [q]
    |                 ^^^^

[4 of 5] Compiling Network.JSONRPC
[5 of 5] Compiling Paths_json_rpc
Configuring executable 'time-server' for json-rpc-1.1.2...
Preprocessing executable 'time-server' for json-rpc-1.1.2...
Building executable 'time-server' for json-rpc-1.1.2...
[1 of 2] Compiling Main
[2 of 2] Compiling Paths_json_rpc
[3 of 3] Linking dist-newstyle/build/x86_64-linux/ghc-9.10.2/json-rpc-1.1.2/x/time-server/build/time-server/time-server
Configuring executable 'time-client' for json-rpc-1.1.2...
Preprocessing executable 'time-client' for json-rpc-1.1.2...
Building executable 'time-client' for json-rpc-1.1.2...
[1 of 2] Compiling Main
[2 of 2] Compiling Paths_json_rpc
[3 of 3] Linking dist-newstyle/build/x86_64-linux/ghc-9.10.2/json-rpc-1.1.2/x/time-client/build/time-client/time-client
Configuring test suite 'test-json-rpc' for json-rpc-1.1.2...
Preprocessing test suite 'test-json-rpc' for json-rpc-1.1.2...
Building test suite 'test-json-rpc' for json-rpc-1.1.2...
[1 of 2] Compiling Main
[2 of 2] Compiling Paths_json_rpc
[3 of 3] Linking dist-newstyle/build/x86_64-linux/ghc-9.10.2/json-rpc-1.1.2/t/test-json-rpc/build/test-json-rpc/test-json-rpc
Configuring executable 'concurrent-server' for json-rpc-1.1.2...
Preprocessing executable 'concurrent-server' for json-rpc-1.1.2...
Building executable 'concurrent-server' for json-rpc-1.1.2...
[1 of 2] Compiling Main
[2 of 2] Compiling Paths_json_rpc
[3 of 3] Linking dist-newstyle/build/x86_64-linux/ghc-9.10.2/json-rpc-1.1.2/x/concurrent-server/build/concurrent-server/concurrent-server
Configuring executable 'concurrent-client' for json-rpc-1.1.2...
Preprocessing executable 'concurrent-client' for json-rpc-1.1.2...
Building executable 'concurrent-client' for json-rpc-1.1.2...
[1 of 2] Compiling Main
[2 of 2] Compiling Paths_json_rpc
[3 of 3] Linking dist-newstyle/build/x86_64-linux/ghc-9.10.2/json-rpc-1.1.2/x/concurrent-client/build/concurrent-client/concurrent-client
