Resolving dependencies...
Build profile: -w ghc-9.10.2 -O1
In order, the following will be built (use -v for more details):
 - gogol-datastore-1.0.0 (lib) (first run)
Configuring library for gogol-datastore-1.0.0...
Preprocessing library for gogol-datastore-1.0.0...
Building library for gogol-datastore-1.0.0...
[ 1 of 22] Compiling Gogol.Datastore.Internal.Sum
[ 2 of 22] Compiling Gogol.Datastore.Internal.Product
[ 3 of 22] Compiling Gogol.Datastore.Types
[ 4 of 22] Compiling Gogol.Datastore.Projects.RunQuery
[ 5 of 22] Compiling Gogol.Datastore.Projects.RunAggregationQuery
[ 6 of 22] Compiling Gogol.Datastore.Projects.Rollback
[ 7 of 22] Compiling Gogol.Datastore.Projects.ReserveIds
[ 8 of 22] Compiling Gogol.Datastore.Projects.Operations.List
[ 9 of 22] Compiling Gogol.Datastore.Projects.Operations.Get
[10 of 22] Compiling Gogol.Datastore.Projects.Operations.Delete
[11 of 22] Compiling Gogol.Datastore.Projects.Operations.Cancel
[12 of 22] Compiling Gogol.Datastore.Projects.Lookup
[13 of 22] Compiling Gogol.Datastore.Projects.Indexes.List
[14 of 22] Compiling Gogol.Datastore.Projects.Indexes.Get
[15 of 22] Compiling Gogol.Datastore.Projects.Indexes.Delete
[16 of 22] Compiling Gogol.Datastore.Projects.Indexes.Create
[17 of 22] Compiling Gogol.Datastore.Projects.Import
[18 of 22] Compiling Gogol.Datastore.Projects.Export
[19 of 22] Compiling Gogol.Datastore.Projects.Commit
[20 of 22] Compiling Gogol.Datastore.Projects.BeginTransaction
[21 of 22] Compiling Gogol.Datastore.Projects.AllocateIds
[22 of 22] Compiling Gogol.Datastore
