Resolving dependencies...
Build profile: -w ghc-9.10.2 -O1
In order, the following will be built (use -v for more details):
 - hashable-1.5.0.0 (lib) (first run)
 - hashable-1.5.0.0 (test:xxhash-tests) (first run)
 - hashable-1.5.0.0 (test:hashable-tests) (first run)
 - hashable-1.5.0.0 (test:hashable-examples) (first run)
Configuring library for hashable-1.5.0.0...
Preprocessing library for hashable-1.5.0.0...
Building library for hashable-1.5.0.0...
[ 1 of 10] Compiling Data.Hashable.FFI
[ 2 of 10] Compiling Data.Hashable.Imports
[ 3 of 10] Compiling Data.Hashable.Mix
[ 4 of 10] Compiling Data.Hashable.XXH3
[ 5 of 10] Compiling Data.Hashable.LowLevel
[ 6 of 10] Compiling Data.Hashable.Class
src/Data/Hashable/Class.hs:84:1: warning: [GHC-66111] [-Wunused-imports]
    The import of ‘Data.List’ is redundant
      except perhaps to import instances from ‘Data.List’
    To import instances alone, use: import Data.List()
   |
84 | import Data.List              (foldl')
   | ^^^^^^^^^^^^^^^^^^^^^^^^^^^^^^^^^^^^^^

[ 7 of 10] Compiling Data.Hashable.Lifted
[ 8 of 10] Compiling Data.Hashable.Generic.Instances
src/Data/Hashable/Generic/Instances.hs:5:14: warning: [GHC-19244] [-Wtrustworthy-safe]
    ‘Data.Hashable.Generic.Instances’ is marked as Trustworthy but has been inferred as safe!
  |
5 | {-# LANGUAGE Trustworthy #-}
  |              ^^^^^^^^^^^

[ 9 of 10] Compiling Data.Hashable.Generic
[10 of 10] Compiling Data.Hashable
Configuring test suite 'xxhash-tests' for hashable-1.5.0.0...
Preprocessing test suite 'xxhash-tests' for hashable-1.5.0.0...
Building test suite 'xxhash-tests' for hashable-1.5.0.0...
[1 of 3] Compiling Data.Hashable.FFI
[2 of 3] Compiling Data.Hashable.XXH3
[3 of 3] Compiling Main
[4 of 4] Linking /tmp/workdir-hashable/hashable-1.5.0.0/dist-newstyle/build/x86_64-linux/ghc-9.10.2/hashable-1.5.0.0/t/xxhash-tests/build/xxhash-tests/xxhash-tests
Configuring test suite 'hashable-tests' for hashable-1.5.0.0...
Preprocessing test suite 'hashable-tests' for hashable-1.5.0.0...
Building test suite 'hashable-tests' for hashable-1.5.0.0...
[1 of 4] Compiling Properties
tests/Properties.hs:181:1: warning: [GHC-40910] [-Wunused-top-binds]
    Defined but not used: ‘pProduct2’
    |
181 | pProduct2 x y = hash (x, y) == hash (Product2 x y)
    | ^^^^^^^^^

tests/Properties.hs:184:1: warning: [GHC-40910] [-Wunused-top-binds]
    Defined but not used: ‘pProduct3’
    |
184 | pProduct3 x y z = hash (x, y, z) == hash (Product3 x y z)
    | ^^^^^^^^^

[2 of 4] Compiling Regress.Mmap
[3 of 4] Compiling Regress
[4 of 4] Compiling Main
[5 of 5] Linking /tmp/workdir-hashable/hashable-1.5.0.0/dist-newstyle/build/x86_64-linux/ghc-9.10.2/hashable-1.5.0.0/t/hashable-tests/build/hashable-tests/hashable-tests
Configuring test suite 'hashable-examples' for hashable-1.5.0.0...
Preprocessing test suite 'hashable-examples' for hashable-1.5.0.0...
Building test suite 'hashable-examples' for hashable-1.5.0.0...
[1 of 1] Compiling Main
[2 of 2] Linking /tmp/workdir-hashable/hashable-1.5.0.0/dist-newstyle/build/x86_64-linux/ghc-9.10.2/hashable-1.5.0.0/t/hashable-examples/build/hashable-examples/hashable-examples
