Resolving dependencies...
Build profile: -w ghc-9.10.2 -O1
In order, the following will be built (use -v for more details):
 - language-javascript-0.7.1.0 (lib) (first run)
 - language-javascript-0.7.1.0 (test:testsuite) (first run)
Configuring library for language-javascript-0.7.1.0...
Warning: [no-default-language] Packages using 'cabal-version: >= 1.10' and
before 'cabal-version: 3.4' must specify the 'default-language' field for each
component (e.g. Haskell98 or Haskell2010). If a component uses different
languages in different modules then list the other ones in the
'other-languages' field.
Preprocessing library for language-javascript-0.7.1.0...
unused rules: 2
shift/reduce conflicts:  319
reduce/reduce conflicts: 242
Building library for language-javascript-0.7.1.0...
[ 1 of 12] Compiling Language.JavaScript.Parser.SrcLocation
[ 2 of 12] Compiling Language.JavaScript.Parser.Token
[ 3 of 12] Compiling Language.JavaScript.Parser.ParserMonad
[ 4 of 12] Compiling Language.JavaScript.Parser.LexerUtils
[ 5 of 12] Compiling Language.JavaScript.Parser.Lexer
[ 6 of 12] Compiling Language.JavaScript.Parser.ParseError
[ 7 of 12] Compiling Language.JavaScript.Parser.AST
[ 8 of 12] Compiling Language.JavaScript.Parser.Grammar7
[ 9 of 12] Compiling Language.JavaScript.Parser.Parser
[10 of 12] Compiling Language.JavaScript.Pretty.Printer
src/Language/JavaScript/Pretty/Printer.hs:12:1: warning: [GHC-66111] [-Wunused-imports]
    The import of ‘Data.List’ is redundant
      except perhaps to import instances from ‘Data.List’
    To import instances alone, use: import Data.List()
   |
12 | import Data.List
   | ^^^^^^^^^^^^^^^^

[11 of 12] Compiling Language.JavaScript.Parser
[12 of 12] Compiling Language.JavaScript.Process.Minify
Configuring test suite 'testsuite' for language-javascript-0.7.1.0...
Warning: [no-default-language] Packages using 'cabal-version: >= 1.10' and
before 'cabal-version: 3.4' must specify the 'default-language' field for each
component (e.g. Haskell98 or Haskell2010). If a component uses different
languages in different modules then list the other ones in the
'other-languages' field.
Preprocessing test suite 'testsuite' for language-javascript-0.7.1.0...
Building test suite 'testsuite' for language-javascript-0.7.1.0...
[1 of 9] Compiling Test.Language.Javascript.ExpressionParser
[2 of 9] Compiling Test.Language.Javascript.Lexer
[3 of 9] Compiling Test.Language.Javascript.LiteralParser
[4 of 9] Compiling Test.Language.Javascript.Minify
[5 of 9] Compiling Test.Language.Javascript.ModuleParser
[6 of 9] Compiling Test.Language.Javascript.ProgramParser
[7 of 9] Compiling Test.Language.Javascript.RoundTrip
[8 of 9] Compiling Test.Language.Javascript.StatementParser
[9 of 9] Compiling Main
[10 of 10] Linking dist-newstyle/build/x86_64-linux/ghc-9.10.2/language-javascript-0.7.1.0/t/testsuite/build/testsuite/testsuite
