Resolving dependencies...
Build profile: -w ghc-9.10.2 -O1
In order, the following will be built (use -v for more details):
 - dejafu-2.4.0.7 (lib) (first run)
Configuring library for dejafu-2.4.0.7...
Preprocessing library for dejafu-2.4.0.7...
Building library for dejafu-2.4.0.7...
[ 1 of 18] Compiling Test.DejaFu.Types
Test/DejaFu/Types.hs:37:1: warning: [GHC-66111] [-Wunused-imports]
    The import of ‘Data.Semigroup’ is redundant
      except perhaps to import instances from ‘Data.Semigroup’
    To import instances alone, use: import Data.Semigroup()
   |
37 | import           Data.Semigroup                       (Semigroup(..))
   | ^^^^^^^^^^^^^^^^^^^^^^^^^^^^^^^^^^^^^^^^^^^^^^^^^^^^^^^^^^^^^^^^^^^^^

[ 2 of 18] Compiling Test.DejaFu.Internal
[ 3 of 18] Compiling Test.DejaFu.Settings
[ 4 of 18] Compiling Test.DejaFu.Schedule
[ 5 of 18] Compiling Test.DejaFu.SCT.Internal.Weighted
[ 6 of 18] Compiling Test.DejaFu.Conc.Internal.STM
[ 7 of 18] Compiling Test.DejaFu.Conc.Internal.Common
[ 8 of 18] Compiling Test.DejaFu.Conc.Internal.Threading
[ 9 of 18] Compiling Test.DejaFu.Conc.Internal.Memory
Test/DejaFu/Conc/Internal/Memory.hs:31:1: warning: [GHC-66111] [-Wunused-imports]
    The import of ‘Data.Monoid’ is redundant
      except perhaps to import instances from ‘Data.Monoid’
    To import instances alone, use: import Data.Monoid()
   |
31 | import           Data.Monoid                         ((<>))
   | ^^^^^^^^^^^^^^^^^^^^^^^^^^^^^^^^^^^^^^^^^^^^^^^^^^^^^^^^^^^

[10 of 18] Compiling Test.DejaFu.Conc.Internal
Test/DejaFu/Conc/Internal.hs:29:1: warning: [GHC-66111] [-Wunused-imports]
    The import of ‘Data.Monoid’ is redundant
      except perhaps to import instances from ‘Data.Monoid’
    To import instances alone, use: import Data.Monoid()
   |
29 | import           Data.Monoid                         ((<>))
   | ^^^^^^^^^^^^^^^^^^^^^^^^^^^^^^^^^^^^^^^^^^^^^^^^^^^^^^^^^^^

[11 of 18] Compiling Test.DejaFu.Conc.Internal.Program
Test/DejaFu/Conc/Internal/Program.hs:31:1: warning: [GHC-66111] [-Wunused-imports]
    The import of ‘Control.Applicative’ is redundant
      except perhaps to import instances from ‘Control.Applicative’
    To import instances alone, use: import Control.Applicative()
   |
31 | import           Control.Applicative                 (Applicative(..))
   | ^^^^^^^^^^^^^^^^^^^^^^^^^^^^^^^^^^^^^^^^^^^^^^^^^^^^^^^^^^^^^^^^^^^^^^

[12 of 18] Compiling Test.DejaFu.Utils
[13 of 18] Compiling Test.DejaFu.SCT.Internal.DPOR
Test/DejaFu/SCT/Internal/DPOR.hs:146:38: warning: [GHC-62161] [-Wincomplete-uni-patterns]
    Pattern match(es) are non-exhaustive
    In a lambda abstraction:
        Patterns of type ‘([ThreadId], Bool,
                           Map ThreadId ThreadAction)’ not matched:
            ([], _, _)
            ((_:_:_), _, _)
    |
146 |           (best, worst) = partition (\([t],_,_) -> t >= initialThread) todos
    |                                      ^^^^^^^^^^^^^^^^^^^^^^^^^^^^^^^^

[14 of 18] Compiling Test.DejaFu.Conc
[15 of 18] Compiling Test.DejaFu.SCT.Internal
Test/DejaFu/SCT/Internal.hs:29:1: warning: [GHC-66111] [-Wunused-imports]
    The import of ‘Test.DejaFu.Schedule’ is redundant
      except perhaps to import instances from ‘Test.DejaFu.Schedule’
    To import instances alone, use: import Test.DejaFu.Schedule()
   |
29 | import           Test.DejaFu.Schedule              (Scheduler(..))
   | ^^^^^^^^^^^^^^^^^^^^^^^^^^^^^^^^^^^^^^^^^^^^^^^^^^^^^^^^^^^^^^^^^^

[16 of 18] Compiling Test.DejaFu.SCT
Test/DejaFu/SCT.hs:27:1: warning: [GHC-66111] [-Wunused-imports]
    The import of ‘Data.List’ is redundant
      except perhaps to import instances from ‘Data.List’
    To import instances alone, use: import Data.List()
   |
27 | import           Data.List                         (foldl')
   | ^^^^^^^^^^^^^^^^^^^^^^^^^^^^^^^^^^^^^^^^^^^^^^^^^^^^^^^^^^^

[17 of 18] Compiling Test.DejaFu.Refinement
Test/DejaFu/Refinement.hs:426:28: warning: [GHC-62161] [-Wincomplete-uni-patterns]
    Pattern match(es) are non-exhaustive
    In a lambda abstraction:
        Patterns of type ‘(Either Condition (Maybe Condition, o),
                           Test.DejaFu.Types.Trace)’ not matched:
            ((Left _), _)
    |
426 |   pure . S.fromList $ map (\(Right a, _) -> a) results
    |                            ^^^^^^^^^^^^^^^^^^

[18 of 18] Compiling Test.DejaFu
