Resolving dependencies...
Build profile: -w ghc-9.10.2 -O1
In order, the following will be built (use -v for more details):
 - frontmatter-0.1.0.2 (lib) (first run)
 - frontmatter-0.1.0.2 (test:hspec) (first run)
Configuring library for frontmatter-0.1.0.2...
Warning: [git-protocol] Cloning over git:// might lead to an arbitrary code
execution vulnerability. Furthermore, popular forges like GitHub do not
support it. Use https:// or ssh:// instead.
Preprocessing library for frontmatter-0.1.0.2...
Building library for frontmatter-0.1.0.2...
[1 of 3] Compiling Data.Frontmatter.Internal
[2 of 3] Compiling Data.Yaml.Frontmatter
src/Data/Yaml/Frontmatter.hs:17:14: warning: [GHC-68441] [-Wdeprecations]
    In the use of ‘decodeEither’ (imported from Data.Yaml):
    Deprecated: "Please use decodeEither' or decodeThrow, which provide more useful failures"
   |
17 |         case decodeEither f of
   |              ^^^^^^^^^^^^

[3 of 3] Compiling Data.Frontmatter
Configuring test suite 'hspec' for frontmatter-0.1.0.2...
Warning: [git-protocol] Cloning over git:// might lead to an arbitrary code
execution vulnerability. Furthermore, popular forges like GitHub do not
support it. Use https:// or ssh:// instead.
Preprocessing test suite 'hspec' for frontmatter-0.1.0.2...
Building test suite 'hspec' for frontmatter-0.1.0.2...
[1 of 1] Compiling Main
[2 of 2] Linking dist-newstyle/build/x86_64-linux/ghc-9.10.2/frontmatter-0.1.0.2/t/hspec/build/hspec/hspec
