Resolving dependencies...
Build profile: -w ghc-9.10.2 -O1
In order, the following will be built (use -v for more details):
 - titlecase-1.0.1 (lib) (first run)
 - titlecase-1.0.1 (exe:titlecase) (first run)
 - titlecase-1.0.1 (test:test) (first run)
Configuring library for titlecase-1.0.1...
Preprocessing library for titlecase-1.0.1...
Building library for titlecase-1.0.1...
[1 of 3] Compiling Data.Text.Titlecase.Internal
[2 of 3] Compiling Data.Text.Titlecase
[3 of 3] Compiling Paths_titlecase
Configuring executable 'titlecase' for titlecase-1.0.1...
Preprocessing executable 'titlecase' for titlecase-1.0.1...
Building executable 'titlecase' for titlecase-1.0.1...
[1 of 1] Compiling Main
[2 of 2] Linking dist-newstyle/build/x86_64-linux/ghc-9.10.2/titlecase-1.0.1/x/titlecase/build/titlecase/titlecase
Configuring test suite 'test' for titlecase-1.0.1...
Preprocessing test suite 'test' for titlecase-1.0.1...
Building test suite 'test' for titlecase-1.0.1...
[1 of 3] Compiling Property
tests/Property.hs:33:19: warning: [GHC-63394] [-Wx-partial]
    In the use of ‘head’
    (imported from Data.List, but defined in GHC.Internal.List):
    "This is a partial function, it throws an error on empty lists. Use pattern matching, 'Data.List.uncons' or 'Data.Maybe.listToMaybe' instead. Consider refactoring to use "Data.List.NonEmpty"."
   |
33 |   let wordsHead = List.head . words in
   |                   ^^^^^^^^^

[2 of 3] Compiling Unit
[3 of 3] Compiling Main
[4 of 4] Linking dist-newstyle/build/x86_64-linux/ghc-9.10.2/titlecase-1.0.1/t/test/build/test/test
