Resolving dependencies...
Build profile: -w ghc-9.10.2 -O1
In order, the following will be built (use -v for more details):
 - odbc-0.3.0 (lib) (first run)
 - odbc-0.3.0 (test:test) (first run)
 - odbc-0.3.0 (exe:odbc) (first run)
Configuring library for odbc-0.3.0...
Preprocessing library for odbc-0.3.0...
Building library for odbc-0.3.0...
[1 of 4] Compiling Database.ODBC.Internal
[2 of 4] Compiling Database.ODBC.Conversion
[3 of 4] Compiling Database.ODBC.SQLServer
src/Database/ODBC/SQLServer.hs:82:1: warning: [GHC-66111] [-Wunused-imports]
    The import of ‘Data.Monoid’ is redundant
      except perhaps to import instances from ‘Data.Monoid’
    To import instances alone, use: import Data.Monoid()
   |
82 | import           Data.Monoid (Monoid, (<>))
   | ^^^^^^^^^^^^^^^^^^^^^^^^^^^^^^^^^^^^^^^^^^^

src/Database/ODBC/SQLServer.hs:83:1: warning: [GHC-66111] [-Wunused-imports]
    The import of ‘Data.Semigroup’ is redundant
      except perhaps to import instances from ‘Data.Semigroup’
    To import instances alone, use: import Data.Semigroup()
   |
83 | import           Data.Semigroup (Semigroup)
   | ^^^^^^^^^^^^^^^^^^^^^^^^^^^^^^^^^^^^^^^^^^^

src/Database/ODBC/SQLServer.hs:499:28: warning: [GHC-40910] [-Wunused-matches]
    Defined but not used: ‘t’
    |
499 |                  TextValue t -> TextPart "CAST(? AS NVARCHAR(MAX))"
    |                            ^

[4 of 4] Compiling Database.ODBC.TH
src/Database/ODBC/TH.hs:13:1: warning: [GHC-66111] [-Wunused-imports]
    The import of ‘Data.Monoid’ is redundant
      except perhaps to import instances from ‘Data.Monoid’
    To import instances alone, use: import Data.Monoid()
   |
13 | import           Data.Monoid ((<>))
   | ^^^^^^^^^^^^^^^^^^^^^^^^^^^^^^^^^^^

Configuring test suite 'test' for odbc-0.3.0...
Preprocessing test suite 'test' for odbc-0.3.0...
Building test suite 'test' for odbc-0.3.0...
[1 of 1] Compiling Main
[2 of 2] Linking /tmp/workdir-odbc/odbc-0.3.0/dist-newstyle/build/x86_64-linux/ghc-9.10.2/odbc-0.3.0/t/test/build/test/test
Configuring executable 'odbc' for odbc-0.3.0...
Preprocessing executable 'odbc' for odbc-0.3.0...
Building executable 'odbc' for odbc-0.3.0...
[1 of 1] Compiling Main
app/Main.hs:8:1: warning: [GHC-66111] [-Wunused-imports]
    The import of ‘Data.List’ is redundant
      except perhaps to import instances from ‘Data.List’
    To import instances alone, use: import Data.List()
  |
8 | import           Data.List
  | ^^^^^^^^^^^^^^^^^^^^^^^^^^

app/Main.hs:13:1: warning: [GHC-66111] [-Wunused-imports]
    The qualified import of ‘Data.Text’ is redundant
      except perhaps to import instances from ‘Data.Text’
    To import instances alone, use: import Data.Text()
   |
13 | import qualified Data.Text as T
   | ^^^^^^^^^^^^^^^^^^^^^^^^^^^^^^^

[2 of 2] Linking /tmp/workdir-odbc/odbc-0.3.0/dist-newstyle/build/x86_64-linux/ghc-9.10.2/odbc-0.3.0/x/odbc/build/odbc/odbc
