Resolving dependencies...
Build profile: -w ghc-9.10.2 -O1
In order, the following will be built (use -v for more details):
 - gogol-proximitybeacon-1.0.0 (lib) (first run)
Configuring library for gogol-proximitybeacon-1.0.0...
Preprocessing library for gogol-proximitybeacon-1.0.0...
Building library for gogol-proximitybeacon-1.0.0...
[ 1 of 21] Compiling Gogol.ProximityBeacon.Internal.Sum
[ 2 of 21] Compiling Gogol.ProximityBeacon.Internal.Product
[ 3 of 21] Compiling Gogol.ProximityBeacon.Types
[ 4 of 21] Compiling Gogol.ProximityBeacon.Namespaces.Update
[ 5 of 21] Compiling Gogol.ProximityBeacon.Namespaces.List
[ 6 of 21] Compiling Gogol.ProximityBeacon.GetEidparams
[ 7 of 21] Compiling Gogol.ProximityBeacon.Beacons.Update
[ 8 of 21] Compiling Gogol.ProximityBeacon.Beacons.Register
[ 9 of 21] Compiling Gogol.ProximityBeacon.Beacons.List
[10 of 21] Compiling Gogol.ProximityBeacon.Beacons.Get
[11 of 21] Compiling Gogol.ProximityBeacon.Beacons.Diagnostics.List
[12 of 21] Compiling Gogol.ProximityBeacon.Beacons.Delete
[13 of 21] Compiling Gogol.ProximityBeacon.Beacons.Decommission
[14 of 21] Compiling Gogol.ProximityBeacon.Beacons.Deactivate
[15 of 21] Compiling Gogol.ProximityBeacon.Beacons.Attachments.List
[16 of 21] Compiling Gogol.ProximityBeacon.Beacons.Attachments.Delete
[17 of 21] Compiling Gogol.ProximityBeacon.Beacons.Attachments.Create
[18 of 21] Compiling Gogol.ProximityBeacon.Beacons.Attachments.BatchDelete
[19 of 21] Compiling Gogol.ProximityBeacon.Beacons.Activate
[20 of 21] Compiling Gogol.ProximityBeacon.Beaconinfo.Getforobserved
[21 of 21] Compiling Gogol.ProximityBeacon
