Resolving dependencies...
Build profile: -w ghc-9.10.2 -O1
In order, the following will be built (use -v for more details):
 - utf8-light-0.4.4.0 (lib) (first run)
 - utf8-light-0.4.4.0 (test:test) (first run)
Configuring library for utf8-light-0.4.4.0...
Preprocessing library for utf8-light-0.4.4.0...
Building library for utf8-light-0.4.4.0...
[1 of 2] Compiling Codec.Binary.UTF8.Light.Helper
[2 of 2] Compiling Codec.Binary.UTF8.Light
src/Codec/Binary/UTF8/Light.hs:47:1: warning: [GHC-66111] [-Wunused-imports]
    The import of ‘Data.List’ is redundant
      except perhaps to import instances from ‘Data.List’
    To import instances alone, use: import Data.List()
   |
47 | import Data.List(foldl')
   | ^^^^^^^^^^^^^^^^^^^^^^^^

src/Codec/Binary/UTF8/Light.hs:132:40: warning: [GHC-68441] [-Wdeprecations]
    In the use of ‘hGetLine’ (imported from Data.ByteString):
    Deprecated: "Deprecated since @bytestring-0.12@. Use 'Data.ByteString.Char8.hGetLine' instead. (Functions that rely on ASCII encodings belong in "Data.ByteString.Char8")"
    |
132 | hGetUTF8Line = (return . decode =<<) . B.hGetLine
    |                                        ^^^^^^^^^^

Configuring test suite 'test' for utf8-light-0.4.4.0...
Preprocessing test suite 'test' for utf8-light-0.4.4.0...
Building test suite 'test' for utf8-light-0.4.4.0...
[1 of 5] Compiling Codec.Binary.UTF8.Light.Helper
[2 of 5] Compiling Codec.Binary.UTF8.Light
src/Codec/Binary/UTF8/Light.hs:47:1: warning: [GHC-66111] [-Wunused-imports]
    The import of ‘Data.List’ is redundant
      except perhaps to import instances from ‘Data.List’
    To import instances alone, use: import Data.List()
   |
47 | import Data.List(foldl')
   | ^^^^^^^^^^^^^^^^^^^^^^^^

src/Codec/Binary/UTF8/Light.hs:132:40: warning: [GHC-68441] [-Wdeprecations]
    In the use of ‘hGetLine’ (imported from Data.ByteString):
    Deprecated: "Deprecated since @bytestring-0.12@. Use 'Data.ByteString.Char8.hGetLine' instead. (Functions that rely on ASCII encodings belong in "Data.ByteString.Char8")"
    |
132 | hGetUTF8Line = (return . decode =<<) . B.hGetLine
    |                                        ^^^^^^^^^^

[3 of 5] Compiling Codec.Binary.UTF8.Light.HelperSpec
[4 of 5] Compiling Codec.Binary.UTF8.LightSpec
[5 of 5] Compiling Main
[6 of 6] Linking dist-newstyle/build/x86_64-linux/ghc-9.10.2/utf8-light-0.4.4.0/t/test/build/test/test
