Resolving dependencies...
Build profile: -w ghc-9.10.2 -O1
In order, the following will be built (use -v for more details):
 - SVGFonts-1.8.1 (lib) (first run)
Configuring library for SVGFonts-1.8.1...
Preprocessing library for SVGFonts-1.8.1...
Building library for SVGFonts-1.8.1...
[ 1 of 10] Compiling Graphics.SVGFonts.CharReference
[ 2 of 10] Compiling Graphics.SVGFonts.PathInRect
[ 3 of 10] Compiling Graphics.SVGFonts.ReadPath
[ 4 of 10] Compiling Graphics.SVGFonts.ReadFont
src/Graphics/SVGFonts/ReadFont.hs:98:31: warning: [GHC-63394] [-Wx-partial]
    In the use of ‘head’
    (imported from Prelude, but defined in GHC.Internal.List):
    "This is a partial function, it throws an error on empty lists. Use pattern matching, 'Data.List.uncons' or 'Data.Maybe.listToMaybe' instead. Consider refactoring to use "Data.List.NonEmpty"."
   |
98 |                 | otherwise = head $ catMaybes $ fontElements
   |                               ^^^^

src/Graphics/SVGFonts/ReadFont.hs:274:73: warning: [GHC-63394] [-Wx-partial]
    In the use of ‘head’
    (imported from Prelude, but defined in GHC.Internal.List):
    "This is a partial function, it throws an error on empty lists. Use pattern matching, 'Data.List.uncons' or 'Data.Maybe.listToMaybe' instead. Consider refactoring to use "Data.List.NonEmpty"."
    |
274 | kernAdvance ch0 ch1 kern u |     u && not (null s0) = (kernK kern) V.! (head s0)
    |                                                                         ^^^^

src/Graphics/SVGFonts/ReadFont.hs:275:73: warning: [GHC-63394] [-Wx-partial]
    In the use of ‘head’
    (imported from Prelude, but defined in GHC.Internal.List):
    "This is a partial function, it throws an error on empty lists. Use pattern matching, 'Data.List.uncons' or 'Data.Maybe.listToMaybe' instead. Consider refactoring to use "Data.List.NonEmpty"."
    |
275 |                            | not u && not (null s1) = (kernK kern) V.! (head s1)
    |                                                                         ^^^^

[ 5 of 10] Compiling Graphics.SVGFonts.WriteFont
[ 6 of 10] Compiling Paths_SVGFonts
[ 7 of 10] Compiling Graphics.SVGFonts.Fonts
[ 8 of 10] Compiling Graphics.SVGFonts.Text
[ 9 of 10] Compiling Graphics.SVGFonts.Wrap
[10 of 10] Compiling Graphics.SVGFonts
