Resolving dependencies...
Build profile: -w ghc-9.10.2 -O1
In order, the following will be built (use -v for more details):
 - conduit-concurrent-map-0.1.4 (lib) (first run)
 - conduit-concurrent-map-0.1.4 (test:tests) (first run)
Configuring library for conduit-concurrent-map-0.1.4...
Warning: [git-protocol] Cloning over git:// might lead to an arbitrary code
execution vulnerability. Furthermore, popular forges like GitHub do not
support it. Use https:// or ssh:// instead.
Preprocessing library for conduit-concurrent-map-0.1.4...
Building library for conduit-concurrent-map-0.1.4...
[1 of 1] Compiling Data.Conduit.ConcurrentMap
Configuring test suite 'tests' for conduit-concurrent-map-0.1.4...
Warning: [git-protocol] Cloning over git:// might lead to an arbitrary code
execution vulnerability. Furthermore, popular forges like GitHub do not
support it. Use https:// or ssh:// instead.
Preprocessing test suite 'tests' for conduit-concurrent-map-0.1.4...
Building test suite 'tests' for conduit-concurrent-map-0.1.4...
[1 of 1] Compiling Main
test/Main.hs:36:17: warning: [GHC-68441] [-Wdeprecations]
    In the use of ‘concurrentMapM_’
    (imported from Data.Conduit.ConcurrentMap):
    Deprecated: "Use concurrentMapM (without _), as this function yields b; in the future, this function may be replaced by one that does not yield b"
   |
36 |              .| concurrentMapM_ numThreads bufferSize (liftIO . f)
   |                 ^^^^^^^^^^^^^^^

test/Main.hs:81:14: warning: [GHC-68441] [-Wdeprecations]
    In the use of ‘concurrentMapM_’
    (imported from Data.Conduit.ConcurrentMap):
    Deprecated: "Use concurrentMapM (without _), as this function yields b; in the future, this function may be replaced by one that does not yield b"
   |
81 |           .| concurrentMapM_ 4 2
   |              ^^^^^^^^^^^^^^^

[2 of 2] Linking dist-newstyle/build/x86_64-linux/ghc-9.10.2/conduit-concurrent-map-0.1.4/t/tests/build/tests/tests
