Resolving dependencies...
Build profile: -w ghc-9.10.2 -O1
In order, the following will be built (use -v for more details):
 - gogol-billing-1.0.0 (lib) (first run)
Configuring library for gogol-billing-1.0.0...
Warning: [git-protocol] Cloning over git:// might lead to an arbitrary code
execution vulnerability. Furthermore, popular forges like GitHub do not
support it. Use https:// or ssh:// instead.
Preprocessing library for gogol-billing-1.0.0...
Building library for gogol-billing-1.0.0...
[ 1 of 22] Compiling Gogol.Billing.Internal.Sum
[ 2 of 22] Compiling Gogol.Billing.Internal.Product
[ 3 of 22] Compiling Gogol.Billing.Types
[ 4 of 22] Compiling Gogol.Billing.Cloudbilling.Services.Skus.List
[ 5 of 22] Compiling Gogol.Billing.Cloudbilling.Services.List
[ 6 of 22] Compiling Gogol.Billing.Cloudbilling.Projects.UpdateBillingInfo
[ 7 of 22] Compiling Gogol.Billing.Cloudbilling.Projects.GetBillingInfo
[ 8 of 22] Compiling Gogol.Billing.Cloudbilling.Organizations.BillingAccounts.Move
[ 9 of 22] Compiling Gogol.Billing.Cloudbilling.Organizations.BillingAccounts.List
[10 of 22] Compiling Gogol.Billing.Cloudbilling.Organizations.BillingAccounts.Create
[11 of 22] Compiling Gogol.Billing.Cloudbilling.BillingAccounts.TestIamPermissions
[12 of 22] Compiling Gogol.Billing.Cloudbilling.BillingAccounts.SubAccounts.List
[13 of 22] Compiling Gogol.Billing.Cloudbilling.BillingAccounts.SubAccounts.Create
[14 of 22] Compiling Gogol.Billing.Cloudbilling.BillingAccounts.SetIamPolicy
[15 of 22] Compiling Gogol.Billing.Cloudbilling.BillingAccounts.Projects.List
[16 of 22] Compiling Gogol.Billing.Cloudbilling.BillingAccounts.Patch
[17 of 22] Compiling Gogol.Billing.Cloudbilling.BillingAccounts.Move
[18 of 22] Compiling Gogol.Billing.Cloudbilling.BillingAccounts.List
[19 of 22] Compiling Gogol.Billing.Cloudbilling.BillingAccounts.GetIamPolicy
[20 of 22] Compiling Gogol.Billing.Cloudbilling.BillingAccounts.Get
[21 of 22] Compiling Gogol.Billing.Cloudbilling.BillingAccounts.Create
[22 of 22] Compiling Gogol.Billing
