Resolving dependencies...
Build profile: -w ghc-9.10.2 -O1
In order, the following will be built (use -v for more details):
 - sandwich-0.3.0.4 (lib) (first run)
 - sandwich-0.3.0.4 (test:sandwich-test-suite) (first run)
 - sandwich-0.3.0.4 (exe:sandwich-test) (first run)
 - sandwich-0.3.0.4 (exe:sandwich-discover) (first run)
 - sandwich-0.3.0.4 (exe:sandwich-demo) (first run)
Configuring library for sandwich-0.3.0.4...
Preprocessing library for sandwich-0.3.0.4...
Building library for sandwich-0.3.0.4...
[ 1 of 68] Compiling Paths_sandwich
[ 2 of 68] Compiling Test.Sandwich.Formatters.Common.Util
[ 3 of 68] Compiling Test.Sandwich.Formatters.Print.Color
[ 4 of 68] Compiling Test.Sandwich.Formatters.Print.Types
[ 5 of 68] Compiling Test.Sandwich.Formatters.Print.Util
[ 6 of 68] Compiling Test.Sandwich.Formatters.TerminalUI.CrossPlatform
[ 7 of 68] Compiling Test.Sandwich.Formatters.TerminalUI.Draw.Util
[ 8 of 68] Compiling Test.Sandwich.Formatters.TerminalUI.Keys
[ 9 of 68] Compiling Test.Sandwich.Formatters.TerminalUI.OpenInEditor
[10 of 68] Compiling Test.Sandwich.Golden.Update
[11 of 68] Compiling Test.Sandwich.Logging
[12 of 68] Compiling Test.Sandwich.Signals
[13 of 68] Compiling Test.Sandwich.TH.ModuleMap
[14 of 68] Compiling Test.Sandwich.Types.ArgParsing
[15 of 68] Compiling Test.Sandwich.Types.General
[16 of 68] Compiling Test.Sandwich.Types.Spec
[17 of 68] Compiling Test.Sandwich.TH
[18 of 68] Compiling Test.Sandwich.Nodes
[19 of 68] Compiling Test.Sandwich.Interpreters.PruneTree
[20 of 68] Compiling Test.Sandwich.Interpreters.PrettyShow
[21 of 68] Compiling Test.Sandwich.Interpreters.FilterTreeModule
[22 of 68] Compiling Test.Sandwich.Interpreters.FilterTree
[23 of 68] Compiling Test.Sandwich.Expectations
[24 of 68] Compiling Test.Sandwich.Types.TestTimer.LensRules
[25 of 68] Compiling Test.Sandwich.Types.TestTimer
[26 of 68] Compiling Test.Sandwich.Types.RunTree
[27 of 68] Compiling Test.Sandwich.Shutdown
[28 of 68] Compiling Test.Sandwich.RunTree
[29 of 68] Compiling Test.Sandwich.Interpreters.RunTree.Util
[30 of 68] Compiling Test.Sandwich.Interpreters.RunTree.Logging
[31 of 68] Compiling Test.Sandwich.Interpreters.RunTree
[32 of 68] Compiling Test.Sandwich.Formatters.TerminalUI.Types
[33 of 68] Compiling Test.Sandwich.Formatters.TerminalUI.Filter
[34 of 68] Compiling Test.Sandwich.Formatters.TerminalUI.AttrMap
[35 of 68] Compiling Test.Sandwich.Formatters.TerminalUI.Draw.TopBox
[36 of 68] Compiling Test.Sandwich.Formatters.TerminalUI.Draw.ToBrickWidget
[37 of 68] Compiling Test.Sandwich.Formatters.TerminalUI.Draw.RunTimes
[38 of 68] Compiling Test.Sandwich.Formatters.TerminalUI.Draw.ColorProgressBar
[39 of 68] Compiling Test.Sandwich.Formatters.Common.Count
[40 of 68] Compiling Test.Sandwich.Internal.Formatters
[41 of 68] Compiling Test.Sandwich.Formatters.TerminalUI.Draw
[42 of 68] Compiling Test.Sandwich.Contexts
[43 of 68] Compiling Test.Sandwich.ParallelN
[44 of 68] Compiling Test.Sandwich.Util
[45 of 68] Compiling Test.Sandwich.TestTimer
[46 of 68] Compiling Test.Sandwich.Formatters.Silent
[47 of 68] Compiling Test.Sandwich.Formatters.Print.Printing
[48 of 68] Compiling Test.Sandwich.Formatters.Print.PrintPretty
[49 of 68] Compiling Test.Sandwich.Formatters.Print.Logs
[50 of 68] Compiling Test.Sandwich.Formatters.Print.FailureReason
[51 of 68] Compiling Test.Sandwich.Formatters.Print.CallStacks
[52 of 68] Compiling Test.Sandwich.Formatters.Print.Common
[53 of 68] Compiling Test.Sandwich.Formatters.FailureReport
[54 of 68] Compiling Test.Sandwich.Formatters.Print
[55 of 68] Compiling Test.Sandwich.Options
[56 of 68] Compiling Test.Sandwich.Interpreters.StartTree
[57 of 68] Compiling Test.Sandwich.Internal.Running
[58 of 68] Compiling Test.Sandwich.Internal.Inspection
[59 of 68] Compiling Test.Sandwich.Internal
[60 of 68] Compiling Test.Sandwich.Formatters.TerminalUI
[61 of 68] Compiling Test.Sandwich.Formatters.MarkdownSummary
[62 of 68] Compiling Test.Sandwich.ArgParsing
[63 of 68] Compiling Test.Sandwich.Misc
[64 of 68] Compiling Test.Sandwich
[65 of 68] Compiling Test.Sandwich.Golden
[66 of 68] Compiling Test.Sandwich.Formatters.LogSaver
[67 of 68] Compiling Test.Sandwich.Util.Process
[68 of 68] Compiling Test.Sandwich.Waits
Configuring test suite 'sandwich-test-suite' for sandwich-0.3.0.4...
Preprocessing test suite 'sandwich-test-suite' for sandwich-0.3.0.4...
Building test suite 'sandwich-test-suite' for sandwich-0.3.0.4...
[1 of 7] Compiling Paths_sandwich
[2 of 7] Compiling TestUtil
[3 of 7] Compiling Introduce
[4 of 7] Compiling Describe
[5 of 7] Compiling Before
[6 of 7] Compiling Around
[7 of 7] Compiling Main
[8 of 8] Linking dist-newstyle/build/x86_64-linux/ghc-9.10.2/sandwich-0.3.0.4/t/sandwich-test-suite/build/sandwich-test-suite/sandwich-test-suite
Configuring executable 'sandwich-test' for sandwich-0.3.0.4...
Preprocessing executable 'sandwich-test' for sandwich-0.3.0.4...
Building executable 'sandwich-test' for sandwich-0.3.0.4...
[1 of 7] Compiling Paths_sandwich
[2 of 7] Compiling TestUtil
[3 of 7] Compiling Introduce
[4 of 7] Compiling Describe
[5 of 7] Compiling Before
[6 of 7] Compiling Around
[7 of 7] Compiling Main
[8 of 8] Linking dist-newstyle/build/x86_64-linux/ghc-9.10.2/sandwich-0.3.0.4/x/sandwich-test/build/sandwich-test/sandwich-test
Configuring executable 'sandwich-discover' for sandwich-0.3.0.4...
Preprocessing executable 'sandwich-discover' for sandwich-0.3.0.4...
Building executable 'sandwich-discover' for sandwich-0.3.0.4...
[1 of 2] Compiling Main
[2 of 2] Compiling Paths_sandwich
[3 of 3] Linking dist-newstyle/build/x86_64-linux/ghc-9.10.2/sandwich-0.3.0.4/x/sandwich-discover/build/sandwich-discover/sandwich-discover
Configuring executable 'sandwich-demo' for sandwich-0.3.0.4...
Preprocessing executable 'sandwich-demo' for sandwich-0.3.0.4...
Building executable 'sandwich-demo' for sandwich-0.3.0.4...
[1 of 2] Compiling Main
[2 of 2] Compiling Paths_sandwich
[3 of 3] Linking dist-newstyle/build/x86_64-linux/ghc-9.10.2/sandwich-0.3.0.4/x/sandwich-demo/build/sandwich-demo/sandwich-demo
