Resolving dependencies...
Build profile: -w ghc-9.10.2 -O1
In order, the following will be built (use -v for more details):
 - regex-base-0.94.0.3 (lib) (first run)
Configuring library for regex-base-0.94.0.3...
Preprocessing library for regex-base-0.94.0.3...
Building library for regex-base-0.94.0.3...
[1 of 5] Compiling Paths_regex_base
[2 of 5] Compiling Text.Regex.Base.RegexLike
[3 of 5] Compiling Text.Regex.Base.Context
src/Text/Regex/Base/Context.hs:316:10: warning: [GHC-62161] [-Wincomplete-uni-patterns]
    Pattern match(es) are non-exhaustive
    In a pattern binding:
        Patterns of type ‘[(b, (MatchOffset, MatchLength))]’ not matched:
            []
    |
316 |      let ((whole,_):subs) = elems ma
    |          ^^^^^^^^^^^^^^^^^^^^^^^^^^^

src/Text/Regex/Base/Context.hs:329:41: warning: [GHC-62161] [-Wincomplete-uni-patterns]
    Pattern match(es) are non-exhaustive
    In a pattern binding:
        Patterns of type ‘[(b, (MatchOffset, MatchLength))]’ not matched:
            []
    |
329 |   matchM = actOn (\(pre,ma,post) -> let ((whole,_):_) = elems ma
    |                                         ^^^^^^^^^^^^^^^^^^^^^^^^

src/Text/Regex/Base/Context.hs:334:41: warning: [GHC-62161] [-Wincomplete-uni-patterns]
    Pattern match(es) are non-exhaustive
    In a pattern binding:
        Patterns of type ‘[(b, (MatchOffset, MatchLength))]’ not matched:
            []
    |
334 |   matchM = actOn (\(pre,ma,post) -> let ((whole,_):subs) = elems ma
    |                                         ^^^^^^^^^^^^^^^^^^^^^^^^^^^

[4 of 5] Compiling Text.Regex.Base
[5 of 5] Compiling Text.Regex.Base.Impl
