Resolving dependencies...
Build profile: -w ghc-9.10.2 -O1
In order, the following will be built (use -v for more details):
 - mono-traversable-1.0.21.0 (lib) (first run)
 - mono-traversable-1.0.21.0 (test:test) (first run)
Configuring library for mono-traversable-1.0.21.0...
Preprocessing library for mono-traversable-1.0.21.0...
Building library for mono-traversable-1.0.21.0...
[1 of 6] Compiling Data.MonoTraversable
src/Data/MonoTraversable.hs:188:47: warning: [GHC-12003] [-Wtype-equality-out-of-scope]
    • The ‘~’ operator is out of scope.
      Assuming it to stand for an equality constraint.
    • NB: ‘~’ used to be built-in syntax but now is a regular type operator
          exported from Data.Type.Equality and Prelude.
      If you are using a custom Prelude, consider re-exporting it.
    • This will become an error in a future GHC release.
    |
188 |     default omap :: (Functor f, Element (f a) ~ a, f a ~ mono)
    |                                               ^

src/Data/MonoTraversable.hs:188:56: warning: [GHC-12003] [-Wtype-equality-out-of-scope]
    • The ‘~’ operator is out of scope.
      Assuming it to stand for an equality constraint.
    • NB: ‘~’ used to be built-in syntax but now is a regular type operator
          exported from Data.Type.Equality and Prelude.
      If you are using a custom Prelude, consider re-exporting it.
    • This will become an error in a future GHC release.
    |
188 |     default omap :: (Functor f, Element (f a) ~ a, f a ~ mono)
    |                                                        ^

src/Data/MonoTraversable.hs:298:30: warning: [GHC-12003] [-Wtype-equality-out-of-scope]
    • The ‘~’ operator is out of scope.
      Assuming it to stand for an equality constraint.
    • NB: ‘~’ used to be built-in syntax but now is a regular type operator
          exported from Data.Type.Equality and Prelude.
      If you are using a custom Prelude, consider re-exporting it.
    • This will become an error in a future GHC release.
    |
298 |     default ofoldMap :: (t a ~ mono, a ~ Element (t a), F.Foldable t, Monoid m) => (Element mono -> m) -> mono -> m
    |                              ^

src/Data/MonoTraversable.hs:298:40: warning: [GHC-12003] [-Wtype-equality-out-of-scope]
    • The ‘~’ operator is out of scope.
      Assuming it to stand for an equality constraint.
    • NB: ‘~’ used to be built-in syntax but now is a regular type operator
          exported from Data.Type.Equality and Prelude.
      If you are using a custom Prelude, consider re-exporting it.
    • This will become an error in a future GHC release.
    |
298 |     default ofoldMap :: (t a ~ mono, a ~ Element (t a), F.Foldable t, Monoid m) => (Element mono -> m) -> mono -> m
    |                                        ^

src/Data/MonoTraversable.hs:304:28: warning: [GHC-12003] [-Wtype-equality-out-of-scope]
    • The ‘~’ operator is out of scope.
      Assuming it to stand for an equality constraint.
    • NB: ‘~’ used to be built-in syntax but now is a regular type operator
          exported from Data.Type.Equality and Prelude.
      If you are using a custom Prelude, consider re-exporting it.
    • This will become an error in a future GHC release.
    |
304 |     default ofoldr :: (t a ~ mono, a ~ Element (t a), F.Foldable t) => (Element mono -> b -> b) -> b -> mono -> b
    |                            ^

src/Data/MonoTraversable.hs:304:38: warning: [GHC-12003] [-Wtype-equality-out-of-scope]
    • The ‘~’ operator is out of scope.
      Assuming it to stand for an equality constraint.
    • NB: ‘~’ used to be built-in syntax but now is a regular type operator
          exported from Data.Type.Equality and Prelude.
      If you are using a custom Prelude, consider re-exporting it.
    • This will become an error in a future GHC release.
    |
304 |     default ofoldr :: (t a ~ mono, a ~ Element (t a), F.Foldable t) => (Element mono -> b -> b) -> b -> mono -> b
    |                                      ^

src/Data/MonoTraversable.hs:310:29: warning: [GHC-12003] [-Wtype-equality-out-of-scope]
    • The ‘~’ operator is out of scope.
      Assuming it to stand for an equality constraint.
    • NB: ‘~’ used to be built-in syntax but now is a regular type operator
          exported from Data.Type.Equality and Prelude.
      If you are using a custom Prelude, consider re-exporting it.
    • This will become an error in a future GHC release.
    |
310 |     default ofoldl' :: (t b ~ mono, b ~ Element (t b), F.Foldable t) => (a -> Element mono -> a) -> a -> mono -> a
    |                             ^

src/Data/MonoTraversable.hs:310:39: warning: [GHC-12003] [-Wtype-equality-out-of-scope]
    • The ‘~’ operator is out of scope.
      Assuming it to stand for an equality constraint.
    • NB: ‘~’ used to be built-in syntax but now is a regular type operator
          exported from Data.Type.Equality and Prelude.
      If you are using a custom Prelude, consider re-exporting it.
    • This will become an error in a future GHC release.
    |
310 |     default ofoldl' :: (t b ~ mono, b ~ Element (t b), F.Foldable t) => (a -> Element mono -> a) -> a -> mono -> a
    |                                       ^

src/Data/MonoTraversable.hs:400:31: warning: [GHC-12003] [-Wtype-equality-out-of-scope]
    • The ‘~’ operator is out of scope.
      Assuming it to stand for an equality constraint.
    • NB: ‘~’ used to be built-in syntax but now is a regular type operator
          exported from Data.Type.Equality and Prelude.
      If you are using a custom Prelude, consider re-exporting it.
    • This will become an error in a future GHC release.
    |
400 |     default ofoldr1Ex :: (t a ~ mono, a ~ Element (t a), F.Foldable t)
    |                               ^

src/Data/MonoTraversable.hs:400:41: warning: [GHC-12003] [-Wtype-equality-out-of-scope]
    • The ‘~’ operator is out of scope.
      Assuming it to stand for an equality constraint.
    • NB: ‘~’ used to be built-in syntax but now is a regular type operator
          exported from Data.Type.Equality and Prelude.
      If you are using a custom Prelude, consider re-exporting it.
    • This will become an error in a future GHC release.
    |
400 |     default ofoldr1Ex :: (t a ~ mono, a ~ Element (t a), F.Foldable t)
    |                                         ^

src/Data/MonoTraversable.hs:413:32: warning: [GHC-12003] [-Wtype-equality-out-of-scope]
    • The ‘~’ operator is out of scope.
      Assuming it to stand for an equality constraint.
    • NB: ‘~’ used to be built-in syntax but now is a regular type operator
          exported from Data.Type.Equality and Prelude.
      If you are using a custom Prelude, consider re-exporting it.
    • This will become an error in a future GHC release.
    |
413 |     default ofoldl1Ex' :: (t a ~ mono, a ~ Element (t a), F.Foldable t)
    |                                ^

src/Data/MonoTraversable.hs:413:42: warning: [GHC-12003] [-Wtype-equality-out-of-scope]
    • The ‘~’ operator is out of scope.
      Assuming it to stand for an equality constraint.
    • NB: ‘~’ used to be built-in syntax but now is a regular type operator
          exported from Data.Type.Equality and Prelude.
      If you are using a custom Prelude, consider re-exporting it.
    • This will become an error in a future GHC release.
    |
413 |     default ofoldl1Ex' :: (t a ~ mono, a ~ Element (t a), F.Foldable t)
    |                                          ^

src/Data/MonoTraversable.hs:919:23: warning: [GHC-12003] [-Wtype-equality-out-of-scope]
    • The ‘~’ operator is out of scope.
      Assuming it to stand for an equality constraint.
    • NB: ‘~’ used to be built-in syntax but now is a regular type operator
          exported from Data.Type.Equality and Prelude.
      If you are using a custom Prelude, consider re-exporting it.
    • This will become an error in a future GHC release.
    |
919 | oand :: (Element mono ~ Bool, MonoFoldable mono) => mono -> Bool
    |                       ^

src/Data/MonoTraversable.hs:926:22: warning: [GHC-12003] [-Wtype-equality-out-of-scope]
    • The ‘~’ operator is out of scope.
      Assuming it to stand for an equality constraint.
    • NB: ‘~’ used to be built-in syntax but now is a regular type operator
          exported from Data.Type.Equality and Prelude.
      If you are using a custom Prelude, consider re-exporting it.
    • This will become an error in a future GHC release.
    |
926 | oor :: (Element mono ~ Bool, MonoFoldable mono) => mono -> Bool
    |                      ^

src/Data/MonoTraversable.hs:960:63: warning: [GHC-12003] [-Wtype-equality-out-of-scope]
    • The ‘~’ operator is out of scope.
      Assuming it to stand for an equality constraint.
    • NB: ‘~’ used to be built-in syntax but now is a regular type operator
          exported from Data.Type.Equality and Prelude.
      If you are using a custom Prelude, consider re-exporting it.
    • This will become an error in a future GHC release.
    |
960 | osequence_ :: (Applicative m, MonoFoldable mono, Element mono ~ (m ())) => mono -> m ()
    |                                                               ^

src/Data/MonoTraversable.hs:1060:47: warning: [GHC-12003] [-Wtype-equality-out-of-scope]
    • The ‘~’ operator is out of scope.
      Assuming it to stand for an equality constraint.
    • NB: ‘~’ used to be built-in syntax but now is a regular type operator
          exported from Data.Type.Equality and Prelude.
      If you are using a custom Prelude, consider re-exporting it.
    • This will become an error in a future GHC release.
     |
1060 |     default otraverse :: (Traversable t, mono ~ t a, a ~ Element mono, Applicative f) => (Element mono -> f (Element mono)) -> mono -> f mono
     |                                               ^

src/Data/MonoTraversable.hs:1060:56: warning: [GHC-12003] [-Wtype-equality-out-of-scope]
    • The ‘~’ operator is out of scope.
      Assuming it to stand for an equality constraint.
    • NB: ‘~’ used to be built-in syntax but now is a regular type operator
          exported from Data.Type.Equality and Prelude.
      If you are using a custom Prelude, consider re-exporting it.
    • This will become an error in a future GHC release.
     |
1060 |     default otraverse :: (Traversable t, mono ~ t a, a ~ Element mono, Applicative f) => (Element mono -> f (Element mono)) -> mono -> f mono
     |                                                        ^

src/Data/MonoTraversable.hs:1203:45: warning: [GHC-12003] [-Wtype-equality-out-of-scope]
    • The ‘~’ operator is out of scope.
      Assuming it to stand for an equality constraint.
    • NB: ‘~’ used to be built-in syntax but now is a regular type operator
          exported from Data.Type.Equality and Prelude.
      If you are using a custom Prelude, consider re-exporting it.
    • This will become an error in a future GHC release.
     |
1203 |     default opoint :: (Applicative f, (f a) ~ mono, Element (f a) ~ a)
     |                                             ^

src/Data/MonoTraversable.hs:1203:67: warning: [GHC-12003] [-Wtype-equality-out-of-scope]
    • The ‘~’ operator is out of scope.
      Assuming it to stand for an equality constraint.
    • NB: ‘~’ used to be built-in syntax but now is a regular type operator
          exported from Data.Type.Equality and Prelude.
      If you are using a custom Prelude, consider re-exporting it.
    • This will become an error in a future GHC release.
     |
1203 |     default opoint :: (Applicative f, (f a) ~ mono, Element (f a) ~ a)
     |                                                                   ^

src/Data/MonoTraversable.hs:1354:15: warning: [GHC-62161] [-Wincomplete-uni-patterns]
    Pattern match(es) are non-exhaustive
    In an irrefutable pattern:
        Patterns of type ‘ViewL a’ not matched: EmptyL
     |
1354 |     oextract ~(x :< _) = x
     |               ^^^^^^^^

src/Data/MonoTraversable.hs:1356:19: warning: [GHC-62161] [-Wincomplete-uni-patterns]
    Pattern match(es) are non-exhaustive
    In an irrefutable pattern:
        Patterns of type ‘ViewL a’ not matched: EmptyL
     |
1356 |     oextend f w@(~(_ :< xxs)) =
     |                   ^^^^^^^^^^

src/Data/MonoTraversable.hs:1364:15: warning: [GHC-62161] [-Wincomplete-uni-patterns]
    Pattern match(es) are non-exhaustive
    In an irrefutable pattern:
        Patterns of type ‘ViewR a’ not matched: EmptyR
     |
1364 |     oextract ~(_ :> x) = x
     |               ^^^^^^^^

src/Data/MonoTraversable.hs:1366:19: warning: [GHC-62161] [-Wincomplete-uni-patterns]
    Pattern match(es) are non-exhaustive
    In an irrefutable pattern:
        Patterns of type ‘ViewR a’ not matched: EmptyR
     |
1366 |     oextend f w@(~(xxs :> _)) =
     |                   ^^^^^^^^^^

src/Data/MonoTraversable.hs:1461:33: warning: [GHC-12003] [-Wtype-equality-out-of-scope]
    • The ‘~’ operator is out of scope.
      Assuming it to stand for an equality constraint.
    • NB: ‘~’ used to be built-in syntax but now is a regular type operator
          exported from Data.Type.Equality and Prelude.
      If you are using a custom Prelude, consider re-exporting it.
    • This will become an error in a future GHC release.
     |
1461 |     WrappedMono :: Element mono ~ a => mono -> WrappedMono mono a
     |                                 ^

src/Data/MonoTraversable.hs:1530:42: warning: [GHC-12003] [-Wtype-equality-out-of-scope]
    • The ‘~’ operator is out of scope.
      Assuming it to stand for an equality constraint.
    • NB: ‘~’ used to be built-in syntax but now is a regular type operator
          exported from Data.Type.Equality and Prelude.
      If you are using a custom Prelude, consider re-exporting it.
    • This will become an error in a future GHC release.
     |
1530 | instance (MonoPointed mono, Element mono ~ a) => MonoPointed (WrappedMono mono a) where
     |                                          ^

[2 of 6] Compiling Data.Containers
[3 of 6] Compiling Data.MonoTraversable.Unprefixed
[4 of 6] Compiling Data.Sequences
src/Data/Sequences.hs:1615:44: warning: [GHC-12003] [-Wtype-equality-out-of-scope]
    • The ‘~’ operator is out of scope.
      Assuming it to stand for an equality constraint.
    • NB: ‘~’ used to be built-in syntax but now is a regular type operator
          exported from Data.Type.Equality and Prelude.
      If you are using a custom Prelude, consider re-exporting it.
    • This will become an error in a future GHC release.
     |
1615 | class (IsSequence t, IsString t, Element t ~ Char) => Textual t where
     |                                            ^

src/Data/Sequences.hs:1631:29: warning: [GHC-12003] [-Wtype-equality-out-of-scope]
    • The ‘~’ operator is out of scope.
      Assuming it to stand for an equality constraint.
    • NB: ‘~’ used to be built-in syntax but now is a regular type operator
          exported from Data.Type.Equality and Prelude.
      If you are using a custom Prelude, consider re-exporting it.
    • This will become an error in a future GHC release.
     |
1631 |     unwords :: (Element seq ~ t, MonoFoldable seq) => seq -> t
     |                             ^

src/Data/Sequences.hs:1648:29: warning: [GHC-12003] [-Wtype-equality-out-of-scope]
    • The ‘~’ operator is out of scope.
      Assuming it to stand for an equality constraint.
    • NB: ‘~’ used to be built-in syntax but now is a regular type operator
          exported from Data.Type.Equality and Prelude.
      If you are using a custom Prelude, consider re-exporting it.
    • This will become an error in a future GHC release.
     |
1648 |     unlines :: (Element seq ~ t, MonoFoldable seq) => seq -> t
     |                             ^

src/Data/Sequences.hs:1696:13: warning: [GHC-12003] [-Wtype-equality-out-of-scope]
    • The ‘~’ operator is out of scope.
      Assuming it to stand for an equality constraint.
    • NB: ‘~’ used to be built-in syntax but now is a regular type operator
          exported from Data.Type.Equality and Prelude.
      If you are using a custom Prelude, consider re-exporting it.
    • This will become an error in a future GHC release.
     |
1696 | instance (c ~ Char) => Textual [c] where
     |             ^

src/Data/Sequences.hs:1749:37: warning: [GHC-12003] [-Wtype-equality-out-of-scope]
    • The ‘~’ operator is out of scope.
      Assuming it to stand for an equality constraint.
    • NB: ‘~’ used to be built-in syntax but now is a regular type operator
          exported from Data.Type.Equality and Prelude.
      If you are using a custom Prelude, consider re-exporting it.
    • This will become an error in a future GHC release.
     |
1749 |               Element (f (Maybe t)) ~ Maybe t)
     |                                     ^

src/Data/Sequences.hs:1800:52: warning: [GHC-12003] [-Wtype-equality-out-of-scope]
    • The ‘~’ operator is out of scope.
      Assuming it to stand for an equality constraint.
    • NB: ‘~’ used to be built-in syntax but now is a regular type operator
          exported from Data.Type.Equality and Prelude.
      If you are using a custom Prelude, consider re-exporting it.
    • This will become an error in a future GHC release.
     |
1800 | repack :: (MonoFoldable a, IsSequence b, Element a ~ Element b) => a -> b
     |                                                    ^

src/Data/Sequences.hs:1816:13: warning: [GHC-12003] [-Wtype-equality-out-of-scope]
    • The ‘~’ operator is out of scope.
      Assuming it to stand for an equality constraint.
    • NB: ‘~’ used to be built-in syntax but now is a regular type operator
          exported from Data.Type.Equality and Prelude.
      If you are using a custom Prelude, consider re-exporting it.
    • This will become an error in a future GHC release.
     |
1816 | instance (c ~ Char, w ~ Word8) => Utf8 [c] [w] where
     |             ^

src/Data/Sequences.hs:1816:23: warning: [GHC-12003] [-Wtype-equality-out-of-scope]
    • The ‘~’ operator is out of scope.
      Assuming it to stand for an equality constraint.
    • NB: ‘~’ used to be built-in syntax but now is a regular type operator
          exported from Data.Type.Equality and Prelude.
      If you are using a custom Prelude, consider re-exporting it.
    • This will become an error in a future GHC release.
     |
1816 | instance (c ~ Char, w ~ Word8) => Utf8 [c] [w] where
     |                       ^

[5 of 6] Compiling Data.NonNull
[6 of 6] Compiling Paths_mono_traversable
Configuring test suite 'test' for mono-traversable-1.0.21.0...
Preprocessing test suite 'test' for mono-traversable-1.0.21.0...
Building test suite 'test' for mono-traversable-1.0.21.0...
[1 of 2] Compiling Main
[2 of 2] Compiling Paths_mono_traversable
[3 of 3] Linking /tmp/workdir-mono-traversable/mono-traversable-1.0.21.0/dist-newstyle/build/x86_64-linux/ghc-9.10.2/mono-traversable-1.0.21.0/t/test/build/test/test
