Resolving dependencies...
Build profile: -w ghc-9.10.2 -O1
In order, the following will be built (use -v for more details):
 - conduit-algorithms-0.0.14.0 (lib) (first run)
 - conduit-algorithms-0.0.14.0 (test:conduit-algorithms-test) (first run)
Configuring library for conduit-algorithms-0.0.14.0...
Preprocessing library for conduit-algorithms-0.0.14.0...
Building library for conduit-algorithms-0.0.14.0...
[1 of 6] Compiling Data.Conduit.Algorithms.Storable
[2 of 6] Compiling Data.Conduit.Algorithms.Utils
Data/Conduit/Algorithms/Utils.hs:20:1: warning: [GHC-66111] [-Wunused-imports]
    The import of ‘Data.Maybe’ is redundant
      except perhaps to import instances from ‘Data.Maybe’
    To import instances alone, use: import Data.Maybe()
   |
20 | import           Data.Maybe (maybe)
   | ^^^^^^^^^^^^^^^^^^^^^^^^^^^^^^^^^^^

[3 of 6] Compiling Data.Conduit.Algorithms
[4 of 6] Compiling Data.Conduit.Lzma2
[5 of 6] Compiling Data.Conduit.Algorithms.Async
[6 of 6] Compiling Data.Conduit.Algorithms.Async.ByteString
Configuring test suite 'conduit-algorithms-test' for conduit-algorithms-0.0.14.0...
Preprocessing test suite 'conduit-algorithms-test' for conduit-algorithms-0.0.14.0...
Building test suite 'conduit-algorithms-test' for conduit-algorithms-0.0.14.0...
[1 of 3] Compiling Paths_conduit_algorithms
[2 of 3] Compiling TestLZMA
tests/TestLZMA.hs:19:1: warning: [GHC-38417] [-Wmissing-signatures]
    Top-level binding with no type signature:
      tgroup_lzma :: tasty-1.5.3:Test.Tasty.Core.TestTree
   |
19 | tgroup_lzma = $(testGroupGenerator)
   | ^^^^^^^^^^^

tests/TestLZMA.hs:21:1: warning: [GHC-38417] [-Wmissing-signatures]
    Top-level binding with no type signature:
      assertLeft :: Either a b -> Test.QuickCheck.Monadic.PropertyM IO ()
   |
21 | assertLeft (Left _) = return ()
   | ^^^^^^^^^^

[3 of 3] Compiling Main
tests/Tests.hs:40:1: warning: [GHC-38417] [-Wmissing-signatures]
    Top-level binding with no type signature: maintests :: TestTree
   |
40 | maintests = $(testGroupGenerator)
   | ^^^^^^^^^

tests/Tests.hs:156:53: warning: [GHC-63394] [-Wdeprecations]
    In the use of ‘groupC’
    (imported from Data.Conduit.Algorithms.Utils):
    "This function is deprecated; use 'Data.Conduit.List.chunksOf'"
    |
156 |                             CC.yieldMany [0..10] .| CAlg.groupC 3
    |                                                     ^^^^^^^^^^^

[4 of 4] Linking dist-newstyle/build/x86_64-linux/ghc-9.10.2/conduit-algorithms-0.0.14.0/t/conduit-algorithms-test/build/conduit-algorithms-test/conduit-algorithms-test
