Resolving dependencies...
Build profile: -w ghc-9.10.2 -O1
In order, the following will be built (use -v for more details):
 - web-rep-0.14.0.0 (lib) (first run)
 - web-rep-0.14.0.0 (test:doctests) (first run)
 - web-rep-0.14.0.0 (exe:web-rep-example) (first run)
Configuring library for web-rep-0.14.0.0...
Preprocessing library for web-rep-0.14.0.0...
Building library for web-rep-0.14.0.0...
[ 1 of 12] Compiling Web.Rep.Html
[ 2 of 12] Compiling Web.Rep.Html.Input
[ 3 of 12] Compiling Web.Rep.Internal.FlatParse
[ 4 of 12] Compiling Web.Rep.Page
[ 5 of 12] Compiling Web.Rep.Render
[ 6 of 12] Compiling Web.Rep.Server
[ 7 of 12] Compiling Web.Rep.Shared
[ 8 of 12] Compiling Web.Rep.Bootstrap
[ 9 of 12] Compiling Web.Rep.SharedReps
[10 of 12] Compiling Web.Rep.Socket
[11 of 12] Compiling Web.Rep
[12 of 12] Compiling Web.Rep.Examples
Configuring test suite 'doctests' for web-rep-0.14.0.0...
Preprocessing test suite 'doctests' for web-rep-0.14.0.0...
Building test suite 'doctests' for web-rep-0.14.0.0...
[1 of 1] Compiling Main
[2 of 2] Linking dist-newstyle/build/x86_64-linux/ghc-9.10.2/web-rep-0.14.0.0/t/doctests/build/doctests/doctests
Configuring executable 'web-rep-example' for web-rep-0.14.0.0...
Preprocessing executable 'web-rep-example' for web-rep-0.14.0.0...
Building executable 'web-rep-example' for web-rep-0.14.0.0...
[1 of 1] Compiling Main
[1 of 2] Compiling Main
[2 of 2] Linking dist-newstyle/build/x86_64-linux/ghc-9.10.2/web-rep-0.14.0.0/x/web-rep-example/build/web-rep-example/web-rep-example
