Resolving dependencies...
Build profile: -w ghc-9.10.2 -O1
In order, the following will be built (use -v for more details):
 - decidable-0.3.1.1 (lib) (first run)
Configuring library for decidable-0.3.1.1...
Preprocessing library for decidable-0.3.1.1...
Building library for decidable-0.3.1.1...
[1 of 8] Compiling Data.Type.Predicate
src/Data/Type/Predicate.hs:158:27: warning: [GHC-16382] [-Wimplicit-rhs-quantification]
    The variable ‘k’ occurs free on the RHS of the type declaration
    In the future GHC will no longer implicitly quantify over such variables
    Suggested fix: Bind ‘k’ on the LHS of the type declaration
    |
158 | type TyPred = (TyCon1 :: (k -> Type) -> Predicate k)
    |                           ^

src/Data/Type/Predicate.hs:177:45: warning: [GHC-16382] [-Wimplicit-rhs-quantification]
    The variable ‘k’ occurs free on the RHS of the type declaration
    In the future GHC will no longer implicitly quantify over such variables
    Suggested fix: Bind ‘k’ on the LHS of the type declaration
    |
177 | type Impossible = (Not Evident :: Predicate k)
    |                                             ^

[2 of 8] Compiling Data.Type.Predicate.Logic
[3 of 8] Compiling Data.Type.Universe
src/Data/Type/Universe.hs:179:47: warning: [GHC-16382] [-Wimplicit-rhs-quantification]
    The variable ‘k’ occurs free on the RHS of the type declaration
    In the future GHC will no longer implicitly quantify over such variables
    Suggested fix: Bind ‘k’ on the LHS of the type declaration
    |
179 | type Null f = (None f Evident :: Predicate (f k))
    |                                               ^

src/Data/Type/Universe.hs:183:49: warning: [GHC-16382] [-Wimplicit-rhs-quantification]
    The variable ‘k’ occurs free on the RHS of the type declaration
    In the future GHC will no longer implicitly quantify over such variables
    Suggested fix: Bind ‘k’ on the LHS of the type declaration
    |
183 | type NotNull f = (Any f Evident :: Predicate (f k))
    |                                                 ^

src/Data/Type/Universe.hs:187:48: warning: [GHC-16382] [-Wimplicit-rhs-quantification]
    The variable ‘k’ occurs free on the RHS of the type declaration
    In the future GHC will no longer implicitly quantify over such variables
    Suggested fix: Bind ‘k’ on the LHS of the type declaration
    |
187 | type None f p = (Not (Any f p) :: Predicate (f k))
    |                                                ^

src/Data/Type/Universe.hs:191:50: warning: [GHC-16382] [-Wimplicit-rhs-quantification]
    The variable ‘k’ occurs free on the RHS of the type declaration
    In the future GHC will no longer implicitly quantify over such variables
    Suggested fix: Bind ‘k’ on the LHS of the type declaration
    |
191 | type NotAll f p = (Not (All f p) :: Predicate (f k))
    |                                                  ^

src/Data/Type/Universe.hs:279:50: warning: [GHC-16382] [-Wimplicit-rhs-quantification]
    The variable ‘k’ occurs free on the RHS of the type declaration
    In the future GHC will no longer implicitly quantify over such variables
    Suggested fix: Bind ‘k’ on the LHS of the type declaration
    |
279 | type IsJust = (NotNull Maybe :: Predicate (Maybe k))
    |                                                  ^

src/Data/Type/Universe.hs:284:50: warning: [GHC-16382] [-Wimplicit-rhs-quantification]
    The variable ‘k’ occurs free on the RHS of the type declaration
    In the future GHC will no longer implicitly quantify over such variables
    Suggested fix: Bind ‘k’ on the LHS of the type declaration
    |
284 | type IsNothing = (Null Maybe :: Predicate (Maybe k))
    |                                                  ^

src/Data/Type/Universe.hs:289:57: warning: [GHC-16382] [-Wimplicit-rhs-quantification]
    The variable ‘j’ occurs free on the RHS of the type declaration
    In the future GHC will no longer implicitly quantify over such variables
    Suggested fix: Bind ‘j’ on the LHS of the type declaration
    |
289 | type IsRight = (NotNull (Either j) :: Predicate (Either j k))
    |                                                         ^

src/Data/Type/Universe.hs:289:59: warning: [GHC-16382] [-Wimplicit-rhs-quantification]
    The variable ‘k’ occurs free on the RHS of the type declaration
    In the future GHC will no longer implicitly quantify over such variables
    Suggested fix: Bind ‘k’ on the LHS of the type declaration
    |
289 | type IsRight = (NotNull (Either j) :: Predicate (Either j k))
    |                                                           ^

src/Data/Type/Universe.hs:294:53: warning: [GHC-16382] [-Wimplicit-rhs-quantification]
    The variable ‘j’ occurs free on the RHS of the type declaration
    In the future GHC will no longer implicitly quantify over such variables
    Suggested fix: Bind ‘j’ on the LHS of the type declaration
    |
294 | type IsLeft = (Null (Either j) :: Predicate (Either j k))
    |                                                     ^

src/Data/Type/Universe.hs:294:55: warning: [GHC-16382] [-Wimplicit-rhs-quantification]
    The variable ‘k’ occurs free on the RHS of the type declaration
    In the future GHC will no longer implicitly quantify over such variables
    Suggested fix: Bind ‘k’ on the LHS of the type declaration
    |
294 | type IsLeft = (Null (Either j) :: Predicate (Either j k))
    |                                                       ^

[4 of 8] Compiling Data.Type.Predicate.Quantification
[5 of 8] Compiling Data.Type.Predicate.Param
src/Data/Type/Predicate/Param.hs:324:42: warning: [GHC-16382] [-Wimplicit-rhs-quantification]
    The variable ‘k’ occurs free on the RHS of the type declaration
    In the future GHC will no longer implicitly quantify over such variables
    Suggested fix: Bind ‘k’ on the LHS of the type declaration
    |
324 | type InP f = (ElemSym1 f :: ParamPred (f k) k)
    |                                          ^

[6 of 8] Compiling Data.Type.Predicate.Auto
[7 of 8] Compiling Data.Type.Universe.Subset
[8 of 8] Compiling Paths_decidable
