Build profile: -w ghc-9.6.5 -O1
In order, the following will be built (use -v for more details):
 - servant-http-streams-0.20 (lib) (first run)
 - servant-http-streams-0.20 (test:spec) (first run)
 - servant-http-streams-0.20 (test:readme) (first run)
Configuring library for servant-http-streams-0.20...
Preprocessing library for servant-http-streams-0.20...
Building library for servant-http-streams-0.20...
[1 of 2] Compiling Servant.HttpStreams.Internal
[2 of 2] Compiling Servant.HttpStreams
Configuring test suite 'spec' for servant-http-streams-0.20...
Preprocessing test suite 'spec' for servant-http-streams-0.20...
Building test suite 'spec' for servant-http-streams-0.20...
[1 of 3] Compiling Servant.ClientSpec

test/Servant/ClientSpec.hs:401:36: warning: [GHC-39567] [-Wstar-is-type]
    Using ‘*’ (or its Unicode variant) to mean ‘Data.Kind.Type’
    relies on the StarIsType extension, which will become
    deprecated in the future.
    Suggested fix: Use ‘Type’ from ‘Data.Kind’ instead.
    |
401 |   WrappedApi :: (HasServer (api :: *) '[], Server api ~ Handler a,
    |                                    ^
[2 of 3] Compiling Servant.StreamSpec

test/Servant/StreamSpec.hs:98:39: warning: [GHC-62161] [-Wincomplete-uni-patterns]
    Pattern match(es) are non-exhaustive
    In a lambda abstraction:
        Patterns of type ‘Either
                            ClientError (SourceIO Person)’ not matched:
            Left _
   |
98 |         withClient getGetNL baseUrl $ \(Right res) ->
   |                                       ^^^^^^^^^^^^^^^...

test/Servant/StreamSpec.hs:102:39: warning: [GHC-62161] [-Wincomplete-uni-patterns]
    Pattern match(es) are non-exhaustive
    In a lambda abstraction:
        Patterns of type ‘Either
                            ClientError (SourceIO Person)’ not matched:
            Left _
    |
102 |         withClient getGetNS baseUrl $ \(Right res) ->
    |                                       ^^^^^^^^^^^^^^^...

test/Servant/StreamSpec.hs:106:61: warning: [GHC-62161] [-Wincomplete-uni-patterns]
    Pattern match(es) are non-exhaustive
    In a lambda abstraction:
        Patterns of type ‘Either
                            ClientError (SourceIO BS.ByteString)’ not matched:
            Left _
    |
106 |         withClient (getStreamBody (source input)) baseUrl $ \(Right res) ->
    |                                                             ^^^^^^^^^^^^^^^...
[3 of 3] Compiling Main
[4 of 4] Linking /tmp/workdir-servant-http-streams/servant-http-streams-0.20/dist-newstyle/build/x86_64-linux/ghc-9.6.5/servant-http-streams-0.20/t/spec/build/spec/spec
Configuring test suite 'readme' for servant-http-streams-0.20...
Preprocessing test suite 'readme' for servant-http-streams-0.20...
Building test suite 'readme' for servant-http-streams-0.20...
[1 of 1] Compiling Main
[2 of 2] Linking /tmp/workdir-servant-http-streams/servant-http-streams-0.20/dist-newstyle/build/x86_64-linux/ghc-9.6.5/servant-http-streams-0.20/t/readme/build/readme/readme
