Resolving dependencies...
Build profile: -w ghc-9.10.2 -O1
In order, the following will be built (use -v for more details):
 - tar-0.6.4.0 (lib:tar-internal) (first run)
 - tar-0.6.4.0 (test:properties) (first run)
 - tar-0.6.4.0 (lib) (first run)
Configuring library 'tar-internal' for tar-0.6.4.0...
Preprocessing library 'tar-internal' for tar-0.6.4.0...
Building library 'tar-internal' for tar-0.6.4.0...
[ 1 of 16] Compiling Codec.Archive.Tar.Index.Utils
[ 2 of 16] Compiling Codec.Archive.Tar.Index.StringTable
[ 3 of 16] Compiling Codec.Archive.Tar.Index.IntTrie
[ 4 of 16] Compiling Codec.Archive.Tar.PackAscii
[ 5 of 16] Compiling Codec.Archive.Tar.Types
[ 6 of 16] Compiling Codec.Archive.Tar.Read
[ 7 of 16] Compiling Codec.Archive.Tar.LongNames
[ 8 of 16] Compiling Codec.Archive.Tar.Pack
[ 9 of 16] Compiling Codec.Archive.Tar.Index.Internal
[10 of 16] Compiling Codec.Archive.Tar.Index
[11 of 16] Compiling Codec.Archive.Tar.Entry
[12 of 16] Compiling Codec.Archive.Tar.Check.Internal
[13 of 16] Compiling Codec.Archive.Tar.Check
[14 of 16] Compiling Codec.Archive.Tar.Unpack
[15 of 16] Compiling Codec.Archive.Tar.Write
[16 of 16] Compiling Codec.Archive.Tar
Configuring test suite 'properties' for tar-0.6.4.0...
Preprocessing test suite 'properties' for tar-0.6.4.0...
Building test suite 'properties' for tar-0.6.4.0...
[1 of 8] Compiling Codec.Archive.Tar.Index.IntTrie.Tests
[2 of 8] Compiling Codec.Archive.Tar.Index.StringTable.Tests
[3 of 8] Compiling Codec.Archive.Tar.Index.Tests
[4 of 8] Compiling Codec.Archive.Tar.Pack.Tests
[5 of 8] Compiling Codec.Archive.Tar.Types.Tests
[6 of 8] Compiling Codec.Archive.Tar.Tests
[7 of 8] Compiling Codec.Archive.Tar.Unpack.Tests
[8 of 8] Compiling Main
[9 of 9] Linking /tmp/workdir-tar/tar-0.6.4.0/dist-newstyle/build/x86_64-linux/ghc-9.10.2/tar-0.6.4.0/t/properties/build/properties/properties
Configuring library for tar-0.6.4.0...
Preprocessing library for tar-0.6.4.0...
Building library for tar-0.6.4.0...
