Resolving dependencies...
Build profile: -w ghc-9.10.2 -O1
In order, the following will be built (use -v for more details):
 - gogol-script-1.0.0 (lib) (first run)
Configuring library for gogol-script-1.0.0...
Warning: [git-protocol] Cloning over git:// might lead to an arbitrary code
execution vulnerability. Furthermore, popular forges like GitHub do not
support it. Use https:// or ssh:// instead.
Preprocessing library for gogol-script-1.0.0...
Building library for gogol-script-1.0.0...
[ 1 of 20] Compiling Gogol.Script.Internal.Sum
[ 2 of 20] Compiling Gogol.Script.Internal.Product
[ 3 of 20] Compiling Gogol.Script.Types
[ 4 of 20] Compiling Gogol.Script.Scripts.Run
[ 5 of 20] Compiling Gogol.Script.Projects.Versions.List
[ 6 of 20] Compiling Gogol.Script.Projects.Versions.Get
[ 7 of 20] Compiling Gogol.Script.Projects.Versions.Create
[ 8 of 20] Compiling Gogol.Script.Projects.UpdateContent
[ 9 of 20] Compiling Gogol.Script.Projects.GetMetrics
[10 of 20] Compiling Gogol.Script.Projects.GetContent
[11 of 20] Compiling Gogol.Script.Projects.Get
[12 of 20] Compiling Gogol.Script.Projects.Deployments.Update
[13 of 20] Compiling Gogol.Script.Projects.Deployments.List
[14 of 20] Compiling Gogol.Script.Projects.Deployments.Get
[15 of 20] Compiling Gogol.Script.Projects.Deployments.Delete
[16 of 20] Compiling Gogol.Script.Projects.Deployments.Create
[17 of 20] Compiling Gogol.Script.Projects.Create
[18 of 20] Compiling Gogol.Script.Processes.ListScriptProcesses
[19 of 20] Compiling Gogol.Script.Processes.List
[20 of 20] Compiling Gogol.Script
