Warning: The package description file ./xml-helpers.cabal has warnings:
xml-helpers.cabal:17:32: version operators used. To use version operators the
package needs to specify at least 'cabal-version: >= 1.8'.
xml-helpers.cabal:18:31: version operators used. To use version operators the
package needs to specify at least 'cabal-version: >= 1.8'.
Warning: The package description file
/tmp/workdir-xml-helpers/xml-helpers-1.0.0/xml-helpers.cabal has warnings:
/tmp/workdir-xml-helpers/xml-helpers-1.0.0/xml-helpers.cabal:17:32: version
operators used. To use version operators the package needs to specify at least
'cabal-version: >= 1.8'.
/tmp/workdir-xml-helpers/xml-helpers-1.0.0/xml-helpers.cabal:18:31: version
operators used. To use version operators the package needs to specify at least
'cabal-version: >= 1.8'.
Resolving dependencies...
Build profile: -w ghc-9.10.2 -O1
In order, the following will be built (use -v for more details):
 - xml-helpers-1.0.0 (lib:xml-helpers) (first run)
Warning: xml-helpers.cabal:17:32: version operators used. To use version
operators the package needs to specify at least 'cabal-version: >= 1.8'.
Warning: xml-helpers.cabal:18:31: version operators used. To use version
operators the package needs to specify at least 'cabal-version: >= 1.8'.
Configuring xml-helpers-1.0.0...
Preprocessing library for xml-helpers-1.0.0...
Building library for xml-helpers-1.0.0...
[1 of 1] Compiling Text.XML.Light.Helpers
