Resolving dependencies...
Build profile: -w ghc-9.10.2 -O1
In order, the following will be built (use -v for more details):
 - puresat-0.1 (lib:internal) (first run)
 - puresat-0.1 (lib:dimacs) (first run)
 - puresat-0.1 (lib) (first run)
 - puresat-0.1 (test:puresat-dimacs) (first run)
 - puresat-0.1 (test:sat-simple-sudoku) (first run)
 - puresat-0.1 (test:puresat-test) (first run)
 - puresat-0.1 (test:puresat-small) (first run)
Configuring library 'internal' for puresat-0.1...
Preprocessing library 'internal' for puresat-0.1...
Building library 'internal' for puresat-0.1...
[ 1 of 21] Compiling PureSAT.Assert
[ 2 of 21] Compiling PureSAT.Base
[ 3 of 21] Compiling PureSAT.Boost
[ 4 of 21] Compiling PureSAT.LBool
[ 5 of 21] Compiling PureSAT.LCG
[ 6 of 21] Compiling PureSAT.Prim
[ 7 of 21] Compiling PureSAT.LitVar
[ 8 of 21] Compiling PureSAT.PartialAssignment
[ 9 of 21] Compiling PureSAT.LitTable
[10 of 21] Compiling PureSAT.Clause2
[11 of 21] Compiling PureSAT.Satisfied
[12 of 21] Compiling PureSAT.SparseSet
[13 of 21] Compiling PureSAT.LitSet
[14 of 21] Compiling PureSAT.Stats
[15 of 21] Compiling PureSAT.Utils
[16 of 21] Compiling PureSAT.SparseMaxHeap
[17 of 21] Compiling PureSAT.Level
[18 of 21] Compiling PureSAT.Trail
[19 of 21] Compiling PureSAT.VarSet
[20 of 21] Compiling PureSAT.Vec
[21 of 21] Compiling PureSAT.Main
Configuring library 'dimacs' for puresat-0.1...
Preprocessing library 'dimacs' for puresat-0.1...
Building library 'dimacs' for puresat-0.1...
[1 of 1] Compiling PureSAT.DIMACS
Configuring library for puresat-0.1...
Preprocessing library for puresat-0.1...
Building library for puresat-0.1...
[1 of 3] Compiling EST
[2 of 3] Compiling PureSAT
[3 of 3] Compiling Control.Monad.SAT
Configuring test suite 'puresat-dimacs' for puresat-0.1...
Preprocessing test suite 'puresat-dimacs' for puresat-0.1...
Building test suite 'puresat-dimacs' for puresat-0.1...
[1 of 1] Compiling Main
[2 of 2] Linking dist-newstyle/build/x86_64-linux/ghc-9.10.2/puresat-0.1/t/puresat-dimacs/build/puresat-dimacs/puresat-dimacs
Configuring test suite 'sat-simple-sudoku' for puresat-0.1...
Preprocessing test suite 'sat-simple-sudoku' for puresat-0.1...
Building test suite 'sat-simple-sudoku' for puresat-0.1...
[1 of 1] Compiling Main
[2 of 2] Linking dist-newstyle/build/x86_64-linux/ghc-9.10.2/puresat-0.1/t/sat-simple-sudoku/build/sat-simple-sudoku/sat-simple-sudoku
Configuring test suite 'puresat-test' for puresat-0.1...
Preprocessing test suite 'puresat-test' for puresat-0.1...
Building test suite 'puresat-test' for puresat-0.1...
[1 of 1] Compiling Main
[2 of 2] Linking dist-newstyle/build/x86_64-linux/ghc-9.10.2/puresat-0.1/t/puresat-test/build/puresat-test/puresat-test
Configuring test suite 'puresat-small' for puresat-0.1...
Preprocessing test suite 'puresat-small' for puresat-0.1...
Building test suite 'puresat-small' for puresat-0.1...
[1 of 1] Compiling Main
[2 of 2] Linking dist-newstyle/build/x86_64-linux/ghc-9.10.2/puresat-0.1/t/puresat-small/build/puresat-small/puresat-small
