Resolving dependencies...
Build profile: -w ghc-9.10.2 -O1
In order, the following will be built (use -v for more details):
 - monad-control-1.0.3.1 (lib) (first run)
Configuring library for monad-control-1.0.3.1...
Warning: [git-protocol] Cloning over git:// might lead to an arbitrary code
execution vulnerability. Furthermore, popular forges like GitHub do not
support it. Use https:// or ssh:// instead.
Preprocessing library for monad-control-1.0.3.1...
Building library for monad-control-1.0.3.1...
[1 of 1] Compiling Control.Monad.Trans.Control
src/Control/Monad/Trans/Control.hs:207:19: warning: [GHC-39567] [-Wstar-is-type]
    Using ‘*’ (or its Unicode variant) to mean ‘Data.Kind.Type’
    relies on the StarIsType extension, which will become
    deprecated in the future.
    Suggested fix: Use ‘Type’ from ‘Data.Kind’ instead.
    |
207 |   type StT t a :: *
    |                   ^

src/Control/Monad/Trans/Control.hs:546:21: warning: [GHC-39567] [-Wstar-is-type]
    Using ‘*’ (or its Unicode variant) to mean ‘Data.Kind.Type’
    relies on the StarIsType extension, which will become
    deprecated in the future.
    Suggested fix: Use ‘Type’ from ‘Data.Kind’ instead.
    |
546 |     type StM m a :: *
    |                     ^

