Resolving dependencies...
Build profile: -w ghc-9.10.2 -O1
In order, the following will be built (use -v for more details):
 - toml-reader-parse-0.1.1.1 (lib) (first run)
 - toml-reader-parse-0.1.1.1 (test:toml-reader-tests) (first run)
Configuring library for toml-reader-parse-0.1.1.1...
Preprocessing library for toml-reader-parse-0.1.1.1...
Building library for toml-reader-parse-0.1.1.1...
[1 of 1] Compiling TOML.Parse
src/TOML/Parse.hs:204:1: warning: [GHC-65490] [-Wmissing-role-annotations]
    Missing role annotation: type role Validation representational
    |
204 | newtype Validation a = Validation
    | ^^^^^^^^^^^^^^^^^^^^^^^^^^^^^^^^^...

src/TOML/Parse.hs:282:1: warning: [GHC-65490] [-Wmissing-role-annotations]
    Missing role annotation: type role Parser representational
    |
282 | newtype Parser a = Parser
    | ^^^^^^^^^^^^^^^^^^^^^^^^^...

src/TOML/Parse.hs:322:1: warning: [GHC-65490] [-Wmissing-role-annotations]
    Missing role annotation: type role L representational
    |
322 | data L a = L ParseEnv a
    | ^^^^^^^^^^^^^^^^^^^^^^^...

Configuring test suite 'toml-reader-tests' for toml-reader-parse-0.1.1.1...
Preprocessing test suite 'toml-reader-tests' for toml-reader-parse-0.1.1.1...
Building test suite 'toml-reader-tests' for toml-reader-parse-0.1.1.1...
[1 of 1] Compiling TomlReaderTests
[2 of 2] Linking dist-newstyle/build/x86_64-linux/ghc-9.10.2/toml-reader-parse-0.1.1.1/t/toml-reader-tests/build/toml-reader-tests/toml-reader-tests
