Resolving dependencies...
Build profile: -w ghc-9.10.2 -O1
In order, the following will be built (use -v for more details):
 - yesod-core-1.6.27.1 (lib) (first run)
 - yesod-core-1.6.27.1 (test:test-routes) (first run)
 - yesod-core-1.6.27.1 (test:tests) (first run)
Configuring library for yesod-core-1.6.27.1...
Preprocessing library for yesod-core-1.6.27.1...
Building library for yesod-core-1.6.27.1...
[ 1 of 31] Compiling Paths_yesod_core
[ 2 of 31] Compiling Yesod.Core.Internal.Util
[ 3 of 31] Compiling Yesod.Core.TypeCache
[ 4 of 31] Compiling Yesod.Routes.Class
[ 5 of 31] Compiling Yesod.Core.Types
[ 6 of 31] Compiling Yesod.Core.Internal.Session
[ 7 of 31] Compiling Yesod.Core.Internal.Request
[ 8 of 31] Compiling Yesod.Core.Content
[ 9 of 31] Compiling Yesod.Core.Internal.Response
[10 of 31] Compiling Yesod.Core.Class.Handler
[11 of 31] Compiling Yesod.Core.Handler
[12 of 31] Compiling Yesod.Core.Widget
[13 of 31] Compiling Yesod.Core.Class.Yesod
src/Yesod/Core/Class/Yesod.hs:25:54: warning: [GHC-38856] [-Wunused-imports]
    The import of ‘foldl'’ from module ‘Data.List’ is redundant
   |
25 | import           Data.List                          (foldl', nub)
   |                                                      ^^^^^^

[14 of 31] Compiling Yesod.Core.Json
[15 of 31] Compiling Yesod.Core.Internal.Run
[16 of 31] Compiling Yesod.Core.Unsafe
[17 of 31] Compiling Yesod.Core.Class.Dispatch
[18 of 31] Compiling Yesod.Core.Internal.LiteApp
[19 of 31] Compiling Yesod.Core.Class.Breadcrumbs
[20 of 31] Compiling Yesod.Routes.TH.Types
[21 of 31] Compiling Yesod.Routes.TH.RouteAttrs
[22 of 31] Compiling Yesod.Routes.TH.RenderRoute
[23 of 31] Compiling Yesod.Routes.TH.Dispatch
src/Yesod/Routes/TH/Dispatch.hs:17:1: warning: [GHC-66111] [-Wunused-imports]
    The import of ‘Data.List’ is redundant
      except perhaps to import instances from ‘Data.List’
    To import instances alone, use: import Data.List()
   |
17 | import Data.List (foldl')
   | ^^^^^^^^^^^^^^^^^^^^^^^^^

[24 of 31] Compiling Yesod.Routes.TH.ParseRoute
[25 of 31] Compiling Yesod.Routes.TH
[26 of 31] Compiling Yesod.Routes.Overlap
[27 of 31] Compiling Yesod.Routes.Parse
src/Yesod/Routes/Parse.hs:24:19: warning: [GHC-38856] [-Wunused-imports]
    The import of ‘foldl'’ from module ‘Data.List’ is redundant
   |
24 | import Data.List (foldl', isPrefixOf)
   |                   ^^^^^^

[28 of 31] Compiling Yesod.Core.Internal.TH
src/Yesod/Core/Internal/TH.hs:57:1: warning: [GHC-66111] [-Wunused-imports]
    The import of ‘Data.List’ is redundant
      except perhaps to import instances from ‘Data.List’
    To import instances alone, use: import Data.List()
   |
57 | import Data.List (foldl')
   | ^^^^^^^^^^^^^^^^^^^^^^^^^

[29 of 31] Compiling Yesod.Core.Internal
[30 of 31] Compiling Yesod.Core.Dispatch
[31 of 31] Compiling Yesod.Core
Configuring test suite 'test-routes' for yesod-core-1.6.27.1...
Preprocessing test suite 'test-routes' for yesod-core-1.6.27.1...
Building test suite 'test-routes' for yesod-core-1.6.27.1...
[ 1 of 11] Compiling Yesod.Routes.Class
[ 2 of 11] Compiling Yesod.Routes.TH.Types
[ 3 of 11] Compiling Yesod.Routes.TH.RouteAttrs
[ 4 of 11] Compiling Yesod.Routes.TH.RenderRoute
[ 5 of 11] Compiling Yesod.Routes.TH.Dispatch
[ 6 of 11] Compiling Yesod.Routes.TH.ParseRoute
[ 7 of 11] Compiling Yesod.Routes.TH
[ 8 of 11] Compiling Yesod.Routes.Overlap
[ 9 of 11] Compiling Yesod.Routes.Parse
[10 of 11] Compiling Hierarchy
[11 of 11] Compiling Main
[12 of 12] Linking /tmp/workdir-yesod-core/yesod-core-1.6.27.1/dist-newstyle/build/x86_64-linux/ghc-9.10.2/yesod-core-1.6.27.1/t/test-routes/build/test-routes/test-routes
Configuring test suite 'tests' for yesod-core-1.6.27.1...
Preprocessing test suite 'tests' for yesod-core-1.6.27.1...
Building test suite 'tests' for yesod-core-1.6.27.1...
[ 1 of 42] Compiling YesodCoreTest.Auth
[ 2 of 42] Compiling YesodCoreTest.Breadcrumb
[ 3 of 42] Compiling YesodCoreTest.Cache
[ 4 of 42] Compiling YesodCoreTest.CleanPath
[ 5 of 42] Compiling YesodCoreTest.Csrf
[ 6 of 42] Compiling YesodCoreTest.ErrorHandling.CustomApp
[ 7 of 42] Compiling YesodCoreTest.ErrorHandling
[ 8 of 42] Compiling YesodCoreTest.Exceptions
[ 9 of 42] Compiling YesodCoreTest.Header
[10 of 42] Compiling YesodCoreTest.InternalRequest
[11 of 42] Compiling YesodCoreTest.JsAttributes
[12 of 42] Compiling YesodCoreTest.JsLoaderSites.Bottom
[13 of 42] Compiling YesodCoreTest.JsLoader
[14 of 42] Compiling YesodCoreTest.Json
[15 of 42] Compiling YesodCoreTest.Links
[16 of 42] Compiling YesodCoreTest.LiteApp
[17 of 42] Compiling YesodCoreTest.MediaData
[18 of 42] Compiling YesodCoreTest.Media
[19 of 42] Compiling YesodCoreTest.Meta
[20 of 42] Compiling YesodCoreTest.NoOverloadedStringsSub
[21 of 42] Compiling YesodCoreTest.NoOverloadedStrings
[22 of 42] Compiling YesodCoreTest.ParameterizedSite.Compat
[23 of 42] Compiling YesodCoreTest.ParameterizedSite.PolyAny
[24 of 42] Compiling YesodCoreTest.ParameterizedSite.PolyShow
[25 of 42] Compiling YesodCoreTest.ParameterizedSite
[26 of 42] Compiling YesodCoreTest.RawResponse
[27 of 42] Compiling YesodCoreTest.Reps
[28 of 42] Compiling YesodCoreTest.RequestBodySize
[29 of 42] Compiling YesodCoreTest.Streaming
[30 of 42] Compiling YesodCoreTest.StubLaxSameSite
[31 of 42] Compiling YesodCoreTest.StubSslOnly
[32 of 42] Compiling YesodCoreTest.StubStrictSameSite
[33 of 42] Compiling YesodCoreTest.StubUnsecured
[34 of 42] Compiling YesodCoreTest.Ssl
[35 of 42] Compiling YesodCoreTest.SubSubData
[36 of 42] Compiling YesodCoreTest.SubSub
[37 of 42] Compiling YesodCoreTest.Widget
[38 of 42] Compiling YesodCoreTest.YesodTest
[39 of 42] Compiling YesodCoreTest.WaiSubsite
[40 of 42] Compiling YesodCoreTest.Redirect
[41 of 42] Compiling YesodCoreTest
[42 of 42] Compiling Main
[43 of 43] Linking /tmp/workdir-yesod-core/yesod-core-1.6.27.1/dist-newstyle/build/x86_64-linux/ghc-9.10.2/yesod-core-1.6.27.1/t/tests/build/tests/tests
