Warning: The package description file ./binary-shared.cabal has warnings:
binary-shared.cabal:9:33: version operators used. To use version operators the
package needs to specify at least 'cabal-version: >= 1.8'.
binary-shared.cabal:22:13: empty FilePath
binary-shared.cabal:21:27: version operators used. To use version operators
the package needs to specify at least 'cabal-version: >= 1.8'.
Warning: The package description file
/tmp/workdir-binary-shared/binary-shared-0.8.3/binary-shared.cabal has
warnings:
/tmp/workdir-binary-shared/binary-shared-0.8.3/binary-shared.cabal:9:33:
version operators used. To use version operators the package needs to specify
at least 'cabal-version: >= 1.8'.
/tmp/workdir-binary-shared/binary-shared-0.8.3/binary-shared.cabal:22:13:
empty FilePath
/tmp/workdir-binary-shared/binary-shared-0.8.3/binary-shared.cabal:21:27:
version operators used. To use version operators the package needs to specify
at least 'cabal-version: >= 1.8'.
Resolving dependencies...
Build profile: -w ghc-9.10.2 -O1
In order, the following will be built (use -v for more details):
 - binary-shared-0.8.3 (lib:binary-shared) (first run)
Warning: binary-shared.cabal:9:33: version operators used. To use version
operators the package needs to specify at least 'cabal-version: >= 1.8'.
Warning: binary-shared.cabal:22:13: empty FilePath
Warning: binary-shared.cabal:21:27: version operators used. To use version
operators the package needs to specify at least 'cabal-version: >= 1.8'.
Configuring binary-shared-0.8.3...
Preprocessing library for binary-shared-0.8.3...
Building library for binary-shared-0.8.3...
[1 of 1] Compiling Data.Binary.Shared
src/Data/Binary/Shared.hs:175:1: warning: [GHC-94817] [-Wtabs]
    Tab character found here, and in five further locations.
    Suggested fix: Please use spaces instead.
    |
175 |                         Nothing -> error str
    | ^^^^^^^^

