Resolving dependencies...
Build profile: -w ghc-9.10.2 -O1
In order, the following will be built (use -v for more details):
 - bcp47-orphans-0.1.3.0 (lib) (first run)
 - bcp47-orphans-0.1.3.0 (test:spec) (first run)
Configuring library for bcp47-orphans-0.1.3.0...
Preprocessing library for bcp47-orphans-0.1.3.0...
Building library for bcp47-orphans-0.1.3.0...
[ 1 of 11] Compiling Data.BCP47.Autodocodec
[ 2 of 11] Compiling Data.BCP47.Aeson
[ 3 of 11] Compiling Data.BCP47.Csv
[ 4 of 11] Compiling Data.BCP47.Hashable
[ 5 of 11] Compiling Data.BCP47.HttpApiData
[ 6 of 11] Compiling Data.BCP47.OpenApi
[ 7 of 11] Compiling Data.BCP47.PathPieces
[ 8 of 11] Compiling Data.BCP47.Persist
[ 9 of 11] Compiling Data.BCP47.Esqueleto
[10 of 11] Compiling Data.BCP47.Serialise
[11 of 11] Compiling Paths_bcp47_orphans
Configuring test suite 'spec' for bcp47-orphans-0.1.3.0...
Preprocessing test suite 'spec' for bcp47-orphans-0.1.3.0...
Building test suite 'spec' for bcp47-orphans-0.1.3.0...
[1 of 8] Compiling Data.BCP47.AesonSpec
[2 of 8] Compiling Data.BCP47.Roundtrip
[3 of 8] Compiling Data.BCP47.PersistSpec
[4 of 8] Compiling Data.BCP47.PathPiecesSpec
[5 of 8] Compiling Data.BCP47.CsvSpec
[6 of 8] Compiling Data.BCP47.SerialiseSpec
[7 of 8] Compiling Main
[8 of 8] Compiling Paths_bcp47_orphans
[9 of 9] Linking dist-newstyle/build/x86_64-linux/ghc-9.10.2/bcp47-orphans-0.1.3.0/t/spec/build/spec/spec
