Resolving dependencies...
Build profile: -w ghc-9.10.2 -O1
In order, the following will be built (use -v for more details):
 - miniutter-0.5.1.2 (lib) (first run)
 - miniutter-0.5.1.2 (test:test-miniutter) (first run)
Warning: miniutter.cabal:56:5: Inconsistent indentation. Indentation jumps at
lines 56, 85
Configuring library for miniutter-0.5.1.2...
Preprocessing library for miniutter-0.5.1.2...
Building library for miniutter-0.5.1.2...
[1 of 1] Compiling NLP.Miniutter.English
./NLP/Miniutter/English.hs: warning: [-Wall-missed-specialisations]
    Could not specialise imported function ‘binary-0.8.9.3-4814:Data.Binary.Generic.$fGBinaryGetTYPE:+:1’
    Probable fix: add INLINABLE pragma on ‘binary-0.8.9.3-4814:Data.Binary.Generic.$fGBinaryGetTYPE:+:1’

./NLP/Miniutter/English.hs: warning: [-Wall-missed-specialisations]
    Could not specialise imported function ‘ghc-prim:GHC.Classes.$fOrdList_$ccompare’
    Probable fix: add INLINABLE pragma on ‘ghc-prim:GHC.Classes.$fOrdList_$ccompare’

./NLP/Miniutter/English.hs: warning: [-Wall-missed-specialisations]
    Could not specialise imported function ‘ghc-prim:GHC.Classes.C:Ord’
    Probable fix: add INLINABLE pragma on ‘ghc-prim:GHC.Classes.C:Ord’

./NLP/Miniutter/English.hs: warning: [-Wall-missed-specialisations]
    Could not specialise imported function ‘ghc-internal:GHC.Internal.Base.C:Monoid’
    Probable fix: add INLINABLE pragma on ‘ghc-internal:GHC.Internal.Base.C:Monoid’

./NLP/Miniutter/English.hs: warning: [-Wall-missed-specialisations]
    Could not specialise imported function ‘ghc-prim:GHC.Classes.$fEqList_$c==’
    Probable fix: add INLINABLE pragma on ‘ghc-prim:GHC.Classes.$fEqList_$c==’

Warning: miniutter.cabal:56:5: Inconsistent indentation. Indentation jumps at
lines 56, 85
Configuring test suite 'test-miniutter' for miniutter-0.5.1.2...
Preprocessing test suite 'test-miniutter' for miniutter-0.5.1.2...
Building test suite 'test-miniutter' for miniutter-0.5.1.2...
[1 of 1] Compiling Main
test/test-miniutter.hs: warning: [-Wall-missed-specialisations]
    Could not specialise imported function ‘test-framework-0.8.2.2-63354493279172b8e997622edc432b6b014f3bda15c1c0f25632efef54d86d89:Test.Framework.Core.Test’
    Probable fix: add INLINABLE pragma on ‘test-framework-0.8.2.2-63354493279172b8e997622edc432b6b014f3bda15c1c0f25632efef54d86d89:Test.Framework.Core.Test’

[2 of 2] Linking /tmp/workdir-miniutter/miniutter-0.5.1.2/dist-newstyle/build/x86_64-linux/ghc-9.10.2/miniutter-0.5.1.2/t/test-miniutter/build/test-miniutter/test-miniutter
