Warning: The package description file ./bower-json.cabal has warnings:
bower-json.cabal:58:3: Inconsistent indentation. Indentation jumps at lines 58
Warning: The package description file
/tmp/workdir-bower-json/bower-json-1.1.0.0/bower-json.cabal has warnings:
/tmp/workdir-bower-json/bower-json-1.1.0.0/bower-json.cabal:58:3: Inconsistent
indentation. Indentation jumps at lines 58
Resolving dependencies...
Build profile: -w ghc-9.10.2 -O1
In order, the following will be built (use -v for more details):
 - bower-json-1.1.0.0 (lib) (first run)
 - bower-json-1.1.0.0 (test:tests) (first run)
Warning: bower-json.cabal:58:3: Inconsistent indentation. Indentation jumps at
lines 58
Configuring library for bower-json-1.1.0.0...
Preprocessing library for bower-json-1.1.0.0...
Building library for bower-json-1.1.0.0...
[1 of 2] Compiling Web.Bower.PackageMeta.Internal
[2 of 2] Compiling Web.Bower.PackageMeta
Warning: bower-json.cabal:58:3: Inconsistent indentation. Indentation jumps at
lines 58
Configuring test suite 'tests' for bower-json-1.1.0.0...
Preprocessing test suite 'tests' for bower-json-1.1.0.0...
Building test suite 'tests' for bower-json-1.1.0.0...
[1 of 1] Compiling Main
test/Main.hs:92:1: warning: [GHC-62161] [-Wincomplete-uni-patterns]
    Pattern match(es) are non-exhaustive
    In a pattern binding:
        Patterns of type ‘Either PackageNameError PackageName’ not matched:
            Left _
   |
92 | Right pkgName = mkPackageName "test-package"
   | ^^^^^^^^^^^^^^^^^^^^^^^^^^^^^^^^^^^^^^^^^^^^

test/Main.hs:93:1: warning: [GHC-62161] [-Wincomplete-uni-patterns]
    Pattern match(es) are non-exhaustive
    In a pattern binding:
        Patterns of type ‘Either PackageNameError PackageName’ not matched:
            Left _
   |
93 | Right depPkgName = mkPackageName "dependency-package"
   | ^^^^^^^^^^^^^^^^^^^^^^^^^^^^^^^^^^^^^^^^^^^^^^^^^^^^^

[2 of 2] Linking dist-newstyle/build/x86_64-linux/ghc-9.10.2/bower-json-1.1.0.0/t/tests/build/tests/tests
