Resolving dependencies...
Build profile: -w ghc-9.10.2 -O1
In order, the following will be built (use -v for more details):
 - Vis-1.0.0 (lib) (first run)
Configuring library for Vis-1.0.0...
Preprocessing library for Vis-1.0.0...
Building library for Vis-1.0.0...
[1 of 6] Compiling Vis.Camera
[2 of 6] Compiling Vis.GlossColor
[3 of 6] Compiling Vis.VisObject
src/Vis/VisObject.hs:266:43: warning: [GHC-63394] [-Wx-partial]
    In the use of ‘tail’
    (imported from Prelude, but defined in GHC.Internal.List):
    "This is a partial function, it throws an error on empty lists. Replace it with 'drop' 1, or use pattern matching or 'GHC.Internal.Data.List.uncons' instead. Consider refactoring to use "Data.List.NonEmpty"."
    |
266 |     mapM_ drawSlices $ zip (init zSteps) (tail zSteps)
    |                                           ^^^^

[4 of 6] Compiling Vis.Vis
[5 of 6] Compiling Vis.Interface
[6 of 6] Compiling Vis
