Warning: The package description file ./io-storage.cabal has warnings:
io-storage.cabal:26:32: version operators used. To use version operators the
package needs to specify at least 'cabal-version: >= 1.8'.
Warning: The package description file
/tmp/workdir-io-storage/io-storage-0.3/io-storage.cabal has warnings:
/tmp/workdir-io-storage/io-storage-0.3/io-storage.cabal:26:32: version
operators used. To use version operators the package needs to specify at least
'cabal-version: >= 1.8'.
Resolving dependencies...
Build profile: -w ghc-9.10.2 -O1
In order, the following will be built (use -v for more details):
 - io-storage-0.3 (lib:io-storage) (first run)
Warning: io-storage.cabal:26:32: version operators used. To use version
operators the package needs to specify at least 'cabal-version: >= 1.8'.
Configuring io-storage-0.3...
Warning: [git-protocol] Cloning over git:// might lead to an arbitrary code
execution vulnerability. Furthermore, popular forges like GitHub do not
support it. Use https:// or ssh:// instead.
Preprocessing library for io-storage-0.3...
Building library for io-storage-0.3...
[1 of 1] Compiling System.IO.Storage
