Resolving dependencies...
Build profile: -w ghc-9.10.2 -O1
In order, the following will be built (use -v for more details):
 - semirings-0.7 (lib) (first run)
Configuring library for semirings-0.7...
Preprocessing library for semirings-0.7...
Building library for semirings-0.7...
[1 of 8] Compiling Data.Semiring
[2 of 8] Compiling Data.Ring.Ordered
[3 of 8] Compiling Data.Euclidean
[4 of 8] Compiling Data.Field
[5 of 8] Compiling Data.Semiring.Directed
Data/Semiring/Directed.hs:24:44: warning: [GHC-38856] [-Wunused-imports]
    The import of ‘<>’ from module ‘Data.Semigroup’ is redundant
   |
24 | import Data.Semigroup (Min(Min), Max(Max), (<>))
   |                                            ^^^^

[6 of 8] Compiling Data.Semiring.Generic
[7 of 8] Compiling Data.Star
[8 of 8] Compiling Data.Semiring.Tropical
