Resolving dependencies...
Build profile: -w ghc-9.10.2 -O1
In order, the following will be built (use -v for more details):
 - vcr-0.1.0 (lib) (first run)
 - vcr-0.1.0 (test:spec) (first run)
Configuring library for vcr-0.1.0...
Preprocessing library for vcr-0.1.0...
Building library for vcr-0.1.0...
[1 of 6] Compiling Imports
[2 of 6] Compiling Paths_vcr
[3 of 6] Compiling WebMock.Util
[4 of 6] Compiling WebMock
[5 of 6] Compiling VCR.Serialize
[6 of 6] Compiling VCR
Configuring test suite 'spec' for vcr-0.1.0...
Preprocessing test suite 'spec' for vcr-0.1.0...
Building test suite 'spec' for vcr-0.1.0...
[1 of 9] Compiling Imports
[2 of 9] Compiling Paths_vcr
[3 of 9] Compiling WebMock.Util
[4 of 9] Compiling WebMock
[5 of 9] Compiling VCR.Serialize
[6 of 9] Compiling VCR
[7 of 9] Compiling VCRSpec
[8 of 9] Compiling WebMock.UtilSpec
[9 of 9] Compiling Main
[10 of 10] Linking /tmp/workdir-vcr/vcr-0.1.0/dist-newstyle/build/x86_64-linux/ghc-9.10.2/vcr-0.1.0/t/spec/build/spec/spec
