Resolving dependencies...
Build profile: -w ghc-9.10.2 -O1
In order, the following will be built (use -v for more details):
 - http-semantics-0.3.0 (lib) (first run)
Configuring library for http-semantics-0.3.0...
Preprocessing library for http-semantics-0.3.0...
Building library for http-semantics-0.3.0...
[ 1 of 14] Compiling Network.HTTP.Semantics.ReadN
[ 2 of 14] Compiling Network.HTTP.Semantics.Token
[ 3 of 14] Compiling Network.HTTP.Semantics.Header
[ 4 of 14] Compiling Network.HTTP.Semantics.Trailer
[ 5 of 14] Compiling Network.HTTP.Semantics.Types
[ 6 of 14] Compiling Network.HTTP.Semantics.Server.Internal
[ 7 of 14] Compiling Network.HTTP.Semantics.Client.Internal
[ 8 of 14] Compiling Network.HTTP.Semantics
[ 9 of 14] Compiling Network.HTTP.Semantics.Status
[10 of 14] Compiling Network.HTTP.Semantics.File
[11 of 14] Compiling Network.HTTP.Semantics.Server
[12 of 14] Compiling Network.HTTP.Semantics.Client
[13 of 14] Compiling Network.HTTP.Semantics.FillBuf
[14 of 14] Compiling Network.HTTP.Semantics.IO
