Resolving dependencies...
Build profile: -w ghc-9.10.2 -O1
In order, the following will be built (use -v for more details):
 - slist-0.2.1.0 (lib) (first run)
 - slist-0.2.1.0 (test:slist-doctest) (first run)
 - slist-0.2.1.0 (test:slist-test) (first run)
Configuring library for slist-0.2.1.0...
Preprocessing library for slist-0.2.1.0...
Building library for slist-0.2.1.0...
[1 of 5] Compiling Slist.Size
[2 of 5] Compiling Slist.Type
src/Slist/Type.hs:29:57: warning: [GHC-38856] [-Wunused-imports]
    The import of ‘liftA2’
    from module ‘Control.Applicative’ is redundant
   |
29 | import Control.Applicative (Alternative (empty, (<|>)), liftA2)
   |                                                         ^^^^^^

[3 of 5] Compiling Slist.Maybe
[4 of 5] Compiling Slist.Containers
[5 of 5] Compiling Slist
src/Slist.hs:241:1: warning: [GHC-66111] [-Wunused-imports]
    The import of ‘Data.Foldable’ is redundant
      except perhaps to import instances from ‘Data.Foldable’
    To import instances alone, use: import Data.Foldable()
    |
241 | import Data.Foldable (foldl')
    | ^^^^^^^^^^^^^^^^^^^^^^^^^^^^^

src/Slist.hs:392:8: warning: [GHC-63394] [-Wx-partial]
    In the use of ‘head’
    (imported from Prelude, but defined in GHC.Internal.List):
    "This is a partial function, it throws an error on empty lists. Use pattern matching, 'Data.List.uncons' or 'Data.Maybe.listToMaybe' instead. Consider refactoring to use "Data.List.NonEmpty"."
    |
392 | head = P.head . sList
    |        ^^^^^^

src/Slist.hs:407:22: warning: [GHC-63394] [-Wx-partial]
    In the use of ‘head’
    (imported from Prelude, but defined in GHC.Internal.List):
    "This is a partial function, it throws an error on empty lists. Use pattern matching, 'Data.List.uncons' or 'Data.Maybe.listToMaybe' instead. Consider refactoring to use "Data.List.NonEmpty"."
    |
407 |     _      -> Just $ P.head sList
    |                      ^^^^^^

Configuring test suite 'slist-doctest' for slist-0.2.1.0...
Preprocessing test suite 'slist-doctest' for slist-0.2.1.0...
Building test suite 'slist-doctest' for slist-0.2.1.0...
[1 of 1] Compiling Main
[2 of 2] Linking dist-newstyle/build/x86_64-linux/ghc-9.10.2/slist-0.2.1.0/t/slist-doctest/build/slist-doctest/slist-doctest
Configuring test suite 'slist-test' for slist-0.2.1.0...
Preprocessing test suite 'slist-test' for slist-0.2.1.0...
Building test suite 'slist-test' for slist-0.2.1.0...
[1 of 2] Compiling Test.Slist.Size
[2 of 2] Compiling Main
[3 of 3] Linking dist-newstyle/build/x86_64-linux/ghc-9.10.2/slist-0.2.1.0/t/slist-test/build/slist-test/slist-test
