Resolving dependencies...
Build profile: -w ghc-9.10.2 -O1
In order, the following will be built (use -v for more details):
 - search-algorithms-0.3.4 (lib) (first run)
 - search-algorithms-0.3.4 (test:search-algorithms-test) (first run)
 - search-algorithms-0.3.4 (test:doc-test) (first run)
Configuring library for search-algorithms-0.3.4...
Preprocessing library for search-algorithms-0.3.4...
Building library for search-algorithms-0.3.4...
[1 of 1] Compiling Algorithm.Search
src/Algorithm/Search.hs:530:59: warning: [GHC-63394] [-Wx-partial]
    In the use of ‘tail’
    (imported from Prelude, but defined in GHC.Internal.List):
    "This is a partial function, it throws an error on empty lists. Replace it with 'drop' 1, or use pattern matching or 'GHC.Internal.Data.List.uncons' instead. Consider refactoring to use "Data.List.NonEmpty"."
    |
530 | incrementalCosts cost_fn states = zipWith cost_fn states (tail states)
    |                                                           ^^^^

src/Algorithm/Search.hs:545:57: warning: [GHC-63394] [-Wx-partial]
    In the use of ‘tail’
    (imported from Prelude, but defined in GHC.Internal.List):
    "This is a partial function, it throws an error on empty lists. Replace it with 'drop' 1, or use pattern matching or 'GHC.Internal.Data.List.uncons' instead. Consider refactoring to use "Data.List.NonEmpty"."
    |
545 | incrementalCostsM costM states = zipWithM costM states (tail states)
    |                                                         ^^^^

src/Algorithm/Search.hs:759:68: warning: [GHC-63394] [-Wx-partial]
    In the use of ‘tail’
    (imported from Prelude, but defined in GHC.Internal.List):
    "This is a partial function, it throws an error on empty lists. Replace it with 'drop' 1, or use pattern matching or 'GHC.Internal.Data.List.uncons' instead. Consider refactoring to use "Data.List.NonEmpty"."
    |
759 |       (k, a : _) -> Just ((k, a), LIFOHeap $ Map.updateMin (Just . tail) inner)
    |                                                                    ^^^^

Configuring test suite 'search-algorithms-test' for search-algorithms-0.3.4...
Preprocessing test suite 'search-algorithms-test' for search-algorithms-0.3.4...
Building test suite 'search-algorithms-test' for search-algorithms-0.3.4...
[1 of 2] Compiling Algorithm.SearchSpec
test/Algorithm/SearchSpec.hs:330:40: warning: [GHC-18042] [-Wtype-defaults]
    • Defaulting the type variable ‘a0’ to type ‘Integer’ in the following constraints
        (Integral a0)
          arising from a use of ‘even’
          at test/Algorithm/SearchSpec.hs:330:40-43
        (Show a0)
          arising from a use of ‘shouldBe’
          at test/Algorithm/SearchSpec.hs:330:48-57
        (Eq a0)
          arising from a use of ‘shouldBe’
          at test/Algorithm/SearchSpec.hs:330:48-57
        (Num a0)
          arising from the literal ‘2’ at test/Algorithm/SearchSpec.hs:330:19
    • In the second argument of ‘pruning’, namely ‘even’
      In the first argument of ‘shouldBe’, namely
        ‘((\ x -> [x, 2 * x, 3 * x]) `pruning` even) 3’
      In the second argument of ‘($)’, namely
        ‘((\ x -> [x, 2 * x, 3 * x]) `pruning` even) 3 `shouldBe` [3, 9]’
    |
330 |       ((\x -> [x, 2*x, 3*x]) `pruning` even) 3 `shouldBe` [3, 9]
    |                                        ^^^^

test/Algorithm/SearchSpec.hs:333:78: warning: [GHC-18042] [-Wtype-defaults]
    • Defaulting the type variable ‘a0’ to type ‘Integer’ in the following constraints
        (Show a0)
          arising from a use of ‘shouldBe’
          at test/Algorithm/SearchSpec.hs:333:78-87
        (Eq a0)
          arising from a use of ‘shouldBe’
          at test/Algorithm/SearchSpec.hs:333:78-87
        (Num a0)
          arising from the literal ‘1’ at test/Algorithm/SearchSpec.hs:333:20
        (Ord a0)
          arising from a use of ‘>’ at test/Algorithm/SearchSpec.hs:333:70
    • In the second argument of ‘($)’, namely
        ‘((\ x -> [(x, 1), (2 * x, 2)])
            `pruningAssoc` (\ (_, cost) -> cost > 1))
           3
           `shouldBe` [(3, 1)]’
      In a stmt of a 'do' block:
        it "filters according to its predicate"
          $ ((\ x -> [(x, 1), (2 * x, 2)])
               `pruningAssoc` (\ (_, cost) -> cost > 1))
              3
              `shouldBe` [(3, 1)]
      In the second argument of ‘($)’, namely
        ‘do it "filters according to its predicate"
              $ ((\ x -> [(x, 1), ....])
                   `pruningAssoc` (\ (_, cost) -> cost > 1))
                  3
                  `shouldBe` [(3, 1)]’
    |
333 |       ((\x -> [(x, 1), (2*x, 2)]) `pruningAssoc` (\(_, cost) -> cost > 1)) 3 `shouldBe` [(3, 1)]
    |                                                                              ^^^^^^^^^^

test/Algorithm/SearchSpec.hs:333:78: warning: [GHC-18042] [-Wtype-defaults]
    • Defaulting the type variable ‘state0’ to type ‘Integer’ in the following constraints
        (Show state0)
          arising from a use of ‘shouldBe’
          at test/Algorithm/SearchSpec.hs:333:78-87
        (Eq state0)
          arising from a use of ‘shouldBe’
          at test/Algorithm/SearchSpec.hs:333:78-87
        (Num state0)
          arising from the literal ‘2’ at test/Algorithm/SearchSpec.hs:333:25
    • In the second argument of ‘($)’, namely
        ‘((\ x -> [(x, 1), (2 * x, 2)])
            `pruningAssoc` (\ (_, cost) -> cost > 1))
           3
           `shouldBe` [(3, 1)]’
      In a stmt of a 'do' block:
        it "filters according to its predicate"
          $ ((\ x -> [(x, 1), (2 * x, 2)])
               `pruningAssoc` (\ (_, cost) -> cost > 1))
              3
              `shouldBe` [(3, 1)]
      In the second argument of ‘($)’, namely
        ‘do it "filters according to its predicate"
              $ ((\ x -> [(x, 1), ....])
                   `pruningAssoc` (\ (_, cost) -> cost > 1))
                  3
                  `shouldBe` [(3, 1)]’
    |
333 |       ((\x -> [(x, 1), (2*x, 2)]) `pruningAssoc` (\(_, cost) -> cost > 1)) 3 `shouldBe` [(3, 1)]
    |                                                                              ^^^^^^^^^^

test/Algorithm/SearchSpec.hs:336:61: warning: [GHC-18042] [-Wtype-defaults]
    • Defaulting the type variable ‘a0’ to type ‘Integer’ in the following constraints
        (Integral a0)
          arising from a use of ‘even’
          at test/Algorithm/SearchSpec.hs:336:61-64
        (Show a0)
          arising from a use of ‘shouldBe’
          at test/Algorithm/SearchSpec.hs:336:73-82
        (Eq a0)
          arising from a use of ‘shouldBe’
          at test/Algorithm/SearchSpec.hs:336:73-82
        (Num a0)
          arising from the literal ‘2’ at test/Algorithm/SearchSpec.hs:336:25
    • In the first argument of ‘Just’, namely ‘(even x)’
      In the expression: Just (even x)
      In the second argument of ‘pruningM’, namely
        ‘(\ x -> Just (even x))’
    |
336 |       ((\x -> (Just [x, 2*x, 3*x])) `pruningM` (\x -> Just (even x))) 3 `shouldBe` Just [3, 9]
    |                                                             ^^^^

test/Algorithm/SearchSpec.hs:339:92: warning: [GHC-18042] [-Wtype-defaults]
    • Defaulting the type variable ‘a0’ to type ‘Integer’ in the following constraints
        (Show a0)
          arising from a use of ‘shouldBe’
          at test/Algorithm/SearchSpec.hs:339:92-101
        (Eq a0)
          arising from a use of ‘shouldBe’
          at test/Algorithm/SearchSpec.hs:339:92-101
        (Num a0)
          arising from the literal ‘1’ at test/Algorithm/SearchSpec.hs:339:26
        (Ord a0)
          arising from a use of ‘>’ at test/Algorithm/SearchSpec.hs:339:83
    • In the second argument of ‘($)’, namely
        ‘((\ x -> Just [(x, 1), (2 * x, 2)])
            `pruningAssocM` (\ (_, cost) -> Just (cost > 1)))
           3
           `shouldBe` Just [(3, 1)]’
      In a stmt of a 'do' block:
        it "filters according to its predicate"
          $ ((\ x -> Just [(x, 1), (2 * x, 2)])
               `pruningAssocM` (\ (_, cost) -> Just (cost > 1)))
              3
              `shouldBe` Just [(3, 1)]
      In the second argument of ‘($)’, namely
        ‘do it "filters according to its predicate"
              $ ((\ x -> Just [(x, 1), ....])
                   `pruningAssocM` (\ (_, cost) -> Just (cost > 1)))
                  3
                  `shouldBe` Just [(3, 1)]’
    |
339 |        ((\x -> Just [(x, 1), (2*x, 2)]) `pruningAssocM` (\(_, cost) -> Just (cost > 1))) 3 `shouldBe` Just [(3, 1)]
    |                                                                                            ^^^^^^^^^^

test/Algorithm/SearchSpec.hs:339:92: warning: [GHC-18042] [-Wtype-defaults]
    • Defaulting the type variable ‘state0’ to type ‘Integer’ in the following constraints
        (Show state0)
          arising from a use of ‘shouldBe’
          at test/Algorithm/SearchSpec.hs:339:92-101
        (Eq state0)
          arising from a use of ‘shouldBe’
          at test/Algorithm/SearchSpec.hs:339:92-101
        (Num state0)
          arising from the literal ‘2’ at test/Algorithm/SearchSpec.hs:339:31
    • In the second argument of ‘($)’, namely
        ‘((\ x -> Just [(x, 1), (2 * x, 2)])
            `pruningAssocM` (\ (_, cost) -> Just (cost > 1)))
           3
           `shouldBe` Just [(3, 1)]’
      In a stmt of a 'do' block:
        it "filters according to its predicate"
          $ ((\ x -> Just [(x, 1), (2 * x, 2)])
               `pruningAssocM` (\ (_, cost) -> Just (cost > 1)))
              3
              `shouldBe` Just [(3, 1)]
      In the second argument of ‘($)’, namely
        ‘do it "filters according to its predicate"
              $ ((\ x -> Just [(x, 1), ....])
                   `pruningAssocM` (\ (_, cost) -> Just (cost > 1)))
                  3
                  `shouldBe` Just [(3, 1)]’
    |
339 |        ((\x -> Just [(x, 1), (2*x, 2)]) `pruningAssocM` (\(_, cost) -> Just (cost > 1))) 3 `shouldBe` Just [(3, 1)]
    |                                                                                            ^^^^^^^^^^

[2 of 2] Compiling Main
[3 of 3] Linking dist-newstyle/build/x86_64-linux/ghc-9.10.2/search-algorithms-0.3.4/t/search-algorithms-test/build/search-algorithms-test/search-algorithms-test
Configuring test suite 'doc-test' for search-algorithms-0.3.4...
Preprocessing test suite 'doc-test' for search-algorithms-0.3.4...
Building test suite 'doc-test' for search-algorithms-0.3.4...
[1 of 1] Compiling Main
[2 of 2] Linking dist-newstyle/build/x86_64-linux/ghc-9.10.2/search-algorithms-0.3.4/t/doc-test/build/doc-test/doc-test
