Resolving dependencies...
Build profile: -w ghc-9.10.2 -O1
In order, the following will be built (use -v for more details):
 - fits-parse-0.4.2 (lib) (first run)
 - fits-parse-0.4.2 (exe:omnibus) (first run)
 - fits-parse-0.4.2 (test:fits-tests) (first run)
Configuring library for fits-parse-0.4.2...
Preprocessing library for fits-parse-0.4.2...
Building library for fits-parse-0.4.2...
[1 of 4] Compiling Data.Fits
[2 of 4] Compiling Data.Fits.MegaParser
[3 of 4] Compiling Data.Fits.Read
[4 of 4] Compiling Paths_fits_parse
Configuring executable 'omnibus' for fits-parse-0.4.2...
Preprocessing executable 'omnibus' for fits-parse-0.4.2...
Building executable 'omnibus' for fits-parse-0.4.2...
[1 of 2] Compiling Main
[2 of 2] Compiling Paths_fits_parse
[3 of 3] Linking dist-newstyle/build/x86_64-linux/ghc-9.10.2/fits-parse-0.4.2/x/omnibus/build/omnibus/omnibus
Configuring test suite 'fits-tests' for fits-parse-0.4.2...
Preprocessing test suite 'fits-tests' for fits-parse-0.4.2...
Building test suite 'fits-tests' for fits-parse-0.4.2...
[1 of 2] Compiling Main
[2 of 2] Compiling Paths_fits_parse
[3 of 3] Linking dist-newstyle/build/x86_64-linux/ghc-9.10.2/fits-parse-0.4.2/t/fits-tests/build/fits-tests/fits-tests
