Resolving dependencies...
Build profile: -w ghc-9.10.2 -O1
In order, the following will be built (use -v for more details):
 - gogol-bigquery-1.0.0 (lib) (first run)
Configuring library for gogol-bigquery-1.0.0...
Warning: [git-protocol] Cloning over git:// might lead to an arbitrary code
execution vulnerability. Furthermore, popular forges like GitHub do not
support it. Use https:// or ssh:// instead.
Preprocessing library for gogol-bigquery-1.0.0...
Building library for gogol-bigquery-1.0.0...
[ 1 of 50] Compiling Gogol.BigQuery.Internal.Sum
[ 2 of 50] Compiling Gogol.BigQuery.Internal.Product
[ 3 of 50] Compiling Gogol.BigQuery.Types
[ 4 of 50] Compiling Gogol.BigQuery.Tables.Update
[ 5 of 50] Compiling Gogol.BigQuery.Tables.TestIamPermissions
[ 6 of 50] Compiling Gogol.BigQuery.Tables.SetIamPolicy
[ 7 of 50] Compiling Gogol.BigQuery.Tables.Patch
[ 8 of 50] Compiling Gogol.BigQuery.Tables.List
[ 9 of 50] Compiling Gogol.BigQuery.Tables.Insert
[10 of 50] Compiling Gogol.BigQuery.Tables.GetIamPolicy
[11 of 50] Compiling Gogol.BigQuery.Tables.Get
[12 of 50] Compiling Gogol.BigQuery.Tables.Delete
[13 of 50] Compiling Gogol.BigQuery.Tabledata.List
[14 of 50] Compiling Gogol.BigQuery.Tabledata.InsertAll
[15 of 50] Compiling Gogol.BigQuery.RowAccessPolicies.Update
[16 of 50] Compiling Gogol.BigQuery.RowAccessPolicies.TestIamPermissions
[17 of 50] Compiling Gogol.BigQuery.RowAccessPolicies.List
[18 of 50] Compiling Gogol.BigQuery.RowAccessPolicies.Insert
[19 of 50] Compiling Gogol.BigQuery.RowAccessPolicies.GetIamPolicy
[20 of 50] Compiling Gogol.BigQuery.RowAccessPolicies.Get
[21 of 50] Compiling Gogol.BigQuery.RowAccessPolicies.Delete
[22 of 50] Compiling Gogol.BigQuery.RowAccessPolicies.BatchDelete
[23 of 50] Compiling Gogol.BigQuery.Routines.Update
[24 of 50] Compiling Gogol.BigQuery.Routines.SetIamPolicy
[25 of 50] Compiling Gogol.BigQuery.Routines.List
[26 of 50] Compiling Gogol.BigQuery.Routines.Insert
[27 of 50] Compiling Gogol.BigQuery.Routines.GetIamPolicy
[28 of 50] Compiling Gogol.BigQuery.Routines.Get
[29 of 50] Compiling Gogol.BigQuery.Routines.Delete
[30 of 50] Compiling Gogol.BigQuery.Projects.List
[31 of 50] Compiling Gogol.BigQuery.Projects.GetServiceAccount
[32 of 50] Compiling Gogol.BigQuery.Models.Patch
[33 of 50] Compiling Gogol.BigQuery.Models.List
[34 of 50] Compiling Gogol.BigQuery.Models.Get
[35 of 50] Compiling Gogol.BigQuery.Models.Delete
[36 of 50] Compiling Gogol.BigQuery.Jobs.Query
[37 of 50] Compiling Gogol.BigQuery.Jobs.List
[38 of 50] Compiling Gogol.BigQuery.Jobs.Insert
[39 of 50] Compiling Gogol.BigQuery.Jobs.GetQueryResults
[40 of 50] Compiling Gogol.BigQuery.Jobs.Get
[41 of 50] Compiling Gogol.BigQuery.Jobs.Delete
[42 of 50] Compiling Gogol.BigQuery.Jobs.Cancel
[43 of 50] Compiling Gogol.BigQuery.Datasets.Update
[44 of 50] Compiling Gogol.BigQuery.Datasets.Undelete
[45 of 50] Compiling Gogol.BigQuery.Datasets.Patch
[46 of 50] Compiling Gogol.BigQuery.Datasets.List
[47 of 50] Compiling Gogol.BigQuery.Datasets.Insert
[48 of 50] Compiling Gogol.BigQuery.Datasets.Get
[49 of 50] Compiling Gogol.BigQuery.Datasets.Delete
[50 of 50] Compiling Gogol.BigQuery
