Resolving dependencies...
Build profile: -w ghc-9.10.2 -O1
In order, the following will be built (use -v for more details):
 - unboxed-ref-0.4.0.0 (lib) (first run)
 - unboxed-ref-0.4.0.0 (test:tests) (first run)
Configuring library for unboxed-ref-0.4.0.0...
Warning: [git-protocol] Cloning over git:// might lead to an arbitrary code
execution vulnerability. Furthermore, popular forges like GitHub do not
support it. Use https:// or ssh:// instead.
Preprocessing library for unboxed-ref-0.4.0.0...
Building library for unboxed-ref-0.4.0.0...
[1 of 3] Compiling Data.STRef.Unboxed.Internal
[2 of 3] Compiling Data.STRef.Unboxed
[3 of 3] Compiling Data.IORef.Unboxed
Configuring test suite 'tests' for unboxed-ref-0.4.0.0...
Warning: [git-protocol] Cloning over git:// might lead to an arbitrary code
execution vulnerability. Furthermore, popular forges like GitHub do not
support it. Use https:// or ssh:// instead.
Preprocessing test suite 'tests' for unboxed-ref-0.4.0.0...
Building test suite 'tests' for unboxed-ref-0.4.0.0...
[1 of 1] Compiling Main
[2 of 2] Linking dist-newstyle/build/x86_64-linux/ghc-9.10.2/unboxed-ref-0.4.0.0/t/tests/build/tests/tests
