Resolving dependencies...
Build profile: -w ghc-9.10.2 -O1
In order, the following will be built (use -v for more details):
 - effectful-2.6.0.0 (lib) (first run)
 - effectful-2.6.0.0 (test:test) (first run)
Configuring library for effectful-2.6.0.0...
Preprocessing library for effectful-2.6.0.0...
Building library for effectful-2.6.0.0...
[ 1 of 27] Compiling Effectful.Concurrent.Effect
[ 2 of 27] Compiling Effectful.Concurrent.Chan.Strict
[ 3 of 27] Compiling Effectful.Concurrent.Chan
[ 4 of 27] Compiling Effectful.Concurrent.Async
[ 5 of 27] Compiling Effectful.Concurrent
[ 6 of 27] Compiling Effectful.Concurrent.MVar
[ 7 of 27] Compiling Effectful.Concurrent.MVar.Strict
[ 8 of 27] Compiling Effectful.Concurrent.MVar.Strict.Compat
[ 9 of 27] Compiling Effectful.Concurrent.QSem
[10 of 27] Compiling Effectful.Concurrent.QSemN
[11 of 27] Compiling Effectful.Concurrent.STM
[12 of 27] Compiling Effectful.Console.Effect
[13 of 27] Compiling Effectful.Console.ByteString.Lazy
[14 of 27] Compiling Effectful.Console.ByteString
[15 of 27] Compiling Effectful.Environment
[16 of 27] Compiling Effectful.FileSystem.Effect
[17 of 27] Compiling Effectful.FileSystem
[18 of 27] Compiling Effectful.FileSystem.IO
[19 of 27] Compiling Effectful.FileSystem.IO.ByteString
[20 of 27] Compiling Effectful.FileSystem.IO.ByteString.Builder
[21 of 27] Compiling Effectful.FileSystem.IO.ByteString.Lazy
[22 of 27] Compiling Effectful.FileSystem.IO.File
[23 of 27] Compiling Effectful.Prim.IORef
[24 of 27] Compiling Effectful.Prim.IORef.Strict
[25 of 27] Compiling Effectful.Process
[26 of 27] Compiling Effectful.Temporary
[27 of 27] Compiling Effectful.Timeout
Configuring test suite 'test' for effectful-2.6.0.0...
Preprocessing test suite 'test' for effectful-2.6.0.0...
Building test suite 'test' for effectful-2.6.0.0...
[ 1 of 14] Compiling ErrorTests
[ 2 of 14] Compiling Utils
[ 3 of 14] Compiling UnliftTests
[ 4 of 14] Compiling TimeoutTests
[ 5 of 14] Compiling StateTests
[ 6 of 14] Compiling ReaderTests
[ 7 of 14] Compiling PrimTests
[ 8 of 14] Compiling NonDetTests
[ 9 of 14] Compiling LabeledTests
[10 of 14] Compiling EnvironmentTests
[11 of 14] Compiling EnvTests
[12 of 14] Compiling ConcurrencyTests
[13 of 14] Compiling AsyncTests
[14 of 14] Compiling Main
[15 of 15] Linking /tmp/workdir-effectful/effectful-2.6.0.0/dist-newstyle/build/x86_64-linux/ghc-9.10.2/effectful-2.6.0.0/t/test/build/test/test
