Resolving dependencies...
Build profile: -w ghc-9.10.2 -O1
In order, the following will be built (use -v for more details):
 - bzlib-conduit-0.3.0.4 (lib) (first run)
 - bzlib-conduit-0.3.0.4 (test:test) (first run)
Configuring library for bzlib-conduit-0.3.0.4...
Preprocessing library for bzlib-conduit-0.3.0.4...
Building library for bzlib-conduit-0.3.0.4...
[1 of 3] Compiling Data.Conduit.BZlib.Internal
[2 of 3] Compiling Data.Conduit.BZlib
src/Data/Conduit/BZlib.hs:68:15: warning: [GHC-63394] [-Wx-partial]
    In the use of ‘head’
    (imported from Prelude, but defined in GHC.Internal.List):
    "This is a partial function, it throws an error on empty lists. Use pattern matching, 'Data.List.uncons' or 'Data.Maybe.listToMaybe' instead. Consider refactoring to use "Data.List.NonEmpty"."
   |
68 |   let nsize = head [ s | x <- [0..], let s = bsize * 2 ^ (x :: Int), s >= len ]
   |               ^^^^

[3 of 3] Compiling Paths_bzlib_conduit
Configuring test suite 'test' for bzlib-conduit-0.3.0.4...
Preprocessing test suite 'test' for bzlib-conduit-0.3.0.4...
Building test suite 'test' for bzlib-conduit-0.3.0.4...
[1 of 2] Compiling Main
[2 of 2] Compiling Paths_bzlib_conduit
[3 of 3] Linking dist-newstyle/build/x86_64-linux/ghc-9.10.2/bzlib-conduit-0.3.0.4/t/test/build/test/test
