Resolving dependencies...
Build profile: -w ghc-9.10.2 -O1
In order, the following will be built (use -v for more details):
 - xmonad-contrib-0.18.1 (lib) (first run)
 - xmonad-contrib-0.18.1 (test:tests) (first run)
Configuring library for xmonad-contrib-0.18.1...
Preprocessing library for xmonad-contrib-0.18.1...
Building library for xmonad-contrib-0.18.1...
[  1 of 325] Compiling XMonad.Actions.AfterDrag
[  2 of 325] Compiling XMonad.Actions.BluetileCommands
[  3 of 325] Compiling XMonad.Actions.ConstrainedResize
[  4 of 325] Compiling XMonad.Actions.DeManage
[  5 of 325] Compiling XMonad.Actions.NoBorders
[  6 of 325] Compiling XMonad.Actions.PerLayoutKeys
[  7 of 325] Compiling XMonad.Actions.PerWindowKeys
[  8 of 325] Compiling XMonad.Actions.PerWorkspaceKeys
[  9 of 325] Compiling XMonad.Actions.Promote
[ 10 of 325] Compiling XMonad.Actions.RandomBackground
[ 11 of 325] Compiling XMonad.Actions.Repeatable
[ 12 of 325] Compiling XMonad.Config.Azerty
[ 13 of 325] Compiling XMonad.Config.Bepo
[ 14 of 325] Compiling XMonad.Doc.Configuring
[ 15 of 325] Compiling XMonad.Doc.Developing
[ 16 of 325] Compiling XMonad.Doc.Extending
[ 17 of 325] Compiling XMonad.Doc
[ 18 of 325] Compiling XMonad.Hooks.Script
[ 19 of 325] Compiling XMonad.Layout.Accordion
[ 20 of 325] Compiling XMonad.Layout.BinaryColumn
[ 21 of 325] Compiling XMonad.Layout.CenterMainFluid
[ 22 of 325] Compiling XMonad.Layout.Column
[ 23 of 325] Compiling XMonad.Layout.Columns
[ 24 of 325] Compiling XMonad.Layout.Grid
[ 25 of 325] Compiling XMonad.Layout.OneBig
[ 26 of 325] Compiling XMonad.Layout.Roledex
[ 27 of 325] Compiling XMonad.Layout.Simplest
[ 28 of 325] Compiling XMonad.Layout.Spiral
[ 29 of 325] Compiling XMonad.Layout.Square
[ 30 of 325] Compiling XMonad.Layout.TwoPane
[ 31 of 325] Compiling XMonad.Layout.TwoPanePersistent
[ 32 of 325] Compiling XMonad.Prelude
[ 33 of 325] Compiling XMonad.Layout.ToggleLayouts
[ 34 of 325] Compiling XMonad.Layout.ThreeColumns
[ 35 of 325] Compiling XMonad.Layout.StackTile
[ 36 of 325] Compiling XMonad.Layout.ResizableTile
[ 37 of 325] Compiling XMonad.Layout.ResizableThreeColumns
[ 38 of 325] Compiling XMonad.Layout.PerWorkspace
[ 39 of 325] Compiling XMonad.Layout.PerScreen
[ 40 of 325] Compiling XMonad.Layout.MultiToggle
[ 41 of 325] Compiling XMonad.Layout.MultiDishes
[ 42 of 325] Compiling XMonad.Layout.MultiColumns
[ 43 of 325] Compiling XMonad.Layout.MosaicAlt
[ 44 of 325] Compiling XMonad.Layout.Mosaic
[ 45 of 325] Compiling XMonad.Layout.LayoutScreens
[ 46 of 325] Compiling XMonad.Layout.LayoutModifier
[ 47 of 325] Compiling XMonad.Layout.WindowArranger
[ 48 of 325] Compiling XMonad.Layout.VoidBorders
[ 49 of 325] Compiling XMonad.Layout.SimplestFloat
[ 50 of 325] Compiling XMonad.Layout.Renamed
[ 51 of 325] Compiling XMonad.Layout.Reflect
[ 52 of 325] Compiling XMonad.Layout.OnHost
[ 53 of 325] Compiling XMonad.Layout.Named
[ 54 of 325] Compiling XMonad.Layout.MessageControl
[ 55 of 325] Compiling XMonad.Layout.Maximize
[ 56 of 325] Compiling XMonad.Layout.Master
[ 57 of 325] Compiling XMonad.Layout.Magnifier
[ 58 of 325] Compiling XMonad.Layout.LimitWindows
[ 59 of 325] Compiling XMonad.Layout.Hidden
[ 60 of 325] Compiling XMonad.Layout.DraggingVisualizer
[ 61 of 325] Compiling XMonad.Layout.CenteredMaster
[ 62 of 325] Compiling XMonad.Layout.IfMax
[ 63 of 325] Compiling XMonad.Layout.HintedTile
[ 64 of 325] Compiling XMonad.Layout.HintedGrid
[ 65 of 325] Compiling XMonad.Layout.GridVariants
[ 66 of 325] Compiling XMonad.Layout.FixedColumn
[ 67 of 325] Compiling XMonad.Layout.Dishes
[ 68 of 325] Compiling XMonad.Layout.Cross
[ 69 of 325] Compiling XMonad.Layout.CircleEx
[ 70 of 325] Compiling XMonad.Layout.Circle
[ 71 of 325] Compiling XMonad.Layout.CenteredIfSingle
[ 72 of 325] Compiling XMonad.Layout.AvoidFloats
[ 73 of 325] Compiling XMonad.Layout.AutoMaster
[ 74 of 325] Compiling XMonad.Hooks.XPropManage
[ 75 of 325] Compiling XMonad.Hooks.WorkspaceByPos
[ 76 of 325] Compiling XMonad.Hooks.TaffybarPagerHints
[ 77 of 325] Compiling XMonad.Hooks.SetWMName
[ 78 of 325] Compiling XMonad.Hooks.OnPropertyChange
[ 79 of 325] Compiling XMonad.Hooks.InsertPosition
[ 80 of 325] Compiling XMonad.Hooks.FadeInactive
[ 81 of 325] Compiling XMonad.Hooks.FadeWindows
[ 82 of 325] Compiling XMonad.Hooks.DynamicProperty
[ 83 of 325] Compiling XMonad.Hooks.DebugKeyEvents
[ 84 of 325] Compiling XMonad.Actions.WithAll
[ 85 of 325] Compiling XMonad.Actions.SinkAll
[ 86 of 325] Compiling XMonad.Actions.Warp
[ 87 of 325] Compiling XMonad.Actions.UpdatePointer
[ 88 of 325] Compiling XMonad.Layout.MagicFocus
[ 89 of 325] Compiling XMonad.Actions.UpdateFocus
[ 90 of 325] Compiling XMonad.Actions.TiledWindowDragging
[ 91 of 325] Compiling XMonad.Actions.RotSlaves
[ 92 of 325] Compiling XMonad.Actions.PhysicalScreens
[ 93 of 325] Compiling XMonad.Actions.OnScreen
[ 94 of 325] Compiling XMonad.Actions.MessageFeedback
[ 95 of 325] Compiling XMonad.Actions.FocusNth
[ 96 of 325] Compiling XMonad.Actions.FlexibleResize
[ 97 of 325] Compiling XMonad.Actions.FlexibleManipulate
[ 98 of 325] Compiling XMonad.Actions.FindEmptyWorkspace
[ 99 of 325] Compiling XMonad.Actions.DwmPromote
[100 of 325] Compiling XMonad.Actions.CycleWindows
[101 of 325] Compiling XMonad.Actions.CycleSelectedLayouts
[102 of 325] Compiling XMonad.Actions.CycleRecentWS
[103 of 325] Compiling XMonad.Prompt.FuzzyMatch
[104 of 325] Compiling XMonad.Util.Cursor
[105 of 325] Compiling XMonad.Util.CustomKeys
[106 of 325] Compiling XMonad.Util.DebugWindow
[107 of 325] Compiling XMonad.Hooks.DebugStack
[108 of 325] Compiling XMonad.Hooks.DebugEvents
XMonad/Hooks/DebugEvents.hs:36:1: warning: [GHC-66111] [-Wunused-imports]
    The import of ‘Control.Monad.Fail’ is redundant
      except perhaps to import instances from ‘Control.Monad.Fail’
    To import instances alone, use: import Control.Monad.Fail()
   |
36 | import           Control.Monad.Fail
   | ^^^^^^^^^^^^^^^^^^^^^^^^^^^^^^^^^^^

[109 of 325] Compiling XMonad.Util.ExtensibleConf
[110 of 325] Compiling XMonad.Hooks.Rescreen
[111 of 325] Compiling XMonad.Util.Font
[112 of 325] Compiling XMonad.Util.Grab
[113 of 325] Compiling XMonad.Util.History
[114 of 325] Compiling XMonad.Util.Image
[115 of 325] Compiling XMonad.Util.Invisible
[116 of 325] Compiling XMonad.Util.Minimize
[117 of 325] Compiling XMonad.Util.NamedWindows
[118 of 325] Compiling XMonad.Util.NoTaskbar
[119 of 325] Compiling XMonad.Util.Parser
[120 of 325] Compiling XMonad.Util.Process
[121 of 325] Compiling XMonad.Util.PureX
[122 of 325] Compiling XMonad.Util.ExtensibleState
[123 of 325] Compiling XMonad.Util.PositionStore
[124 of 325] Compiling XMonad.Layout.PositionStoreFloat
[125 of 325] Compiling XMonad.Util.DynamicScratchpads
[126 of 325] Compiling XMonad.Util.ActionQueue
[127 of 325] Compiling XMonad.Hooks.BorderPerWindow
[128 of 325] Compiling XMonad.Util.ActionCycle
[129 of 325] Compiling XMonad.Hooks.WorkspaceHistory
XMonad/Hooks/WorkspaceHistory.hs:37:38: warning: [GHC-38856] [-Wunused-imports]
    The import of ‘foldl'’ from module ‘XMonad.Prelude’ is redundant
   |
37 | import XMonad.Prelude (delete, find, foldl', groupBy, nub, sortBy, listToMaybe)
   |                                      ^^^^^^

[130 of 325] Compiling XMonad.Actions.CycleWorkspaceByScreen
[131 of 325] Compiling XMonad.Hooks.WallpaperSetter
[132 of 325] Compiling XMonad.Hooks.ToggleHook
[133 of 325] Compiling XMonad.Hooks.FloatNext
[134 of 325] Compiling XMonad.Hooks.ScreenCorners
[135 of 325] Compiling XMonad.Hooks.DynamicHooks
[136 of 325] Compiling XMonad.Hooks.CurrentWorkspaceOnTop
[137 of 325] Compiling XMonad.Actions.Workscreen
[138 of 325] Compiling XMonad.Actions.SwapPromote
[139 of 325] Compiling XMonad.Actions.RepeatAction
[140 of 325] Compiling XMonad.Actions.GroupNavigation
XMonad/Actions/GroupNavigation.hs:50:30: warning: [GHC-38856] [-Wunused-imports]
    The import of ‘foldl'’ from module ‘XMonad.Prelude’ is redundant
   |
50 | import XMonad.Prelude (elem, foldl', (>=>))
   |                              ^^^^^^

[141 of 325] Compiling XMonad.Actions.MostRecentlyUsed
[142 of 325] Compiling XMonad.Util.Rectangle
[143 of 325] Compiling XMonad.Layout.Spacing
[144 of 325] Compiling XMonad.Layout.NoBorders
[145 of 325] Compiling XMonad.Layout.MultiToggle.Instances
[146 of 325] Compiling XMonad.Util.Replace
[147 of 325] Compiling XMonad.Util.Run
[148 of 325] Compiling XMonad.Util.Dzen
[149 of 325] Compiling XMonad.Util.Dmenu
[150 of 325] Compiling XMonad.Actions.Commands
[151 of 325] Compiling XMonad.Hooks.ServerMode
[152 of 325] Compiling XMonad.Actions.SimpleDate
[153 of 325] Compiling XMonad.Actions.Plane
[154 of 325] Compiling XMonad.Util.SessionStart
[155 of 325] Compiling XMonad.Util.SpawnNamedPipe
[156 of 325] Compiling XMonad.Util.Stack
[157 of 325] Compiling XMonad.Layout.ZoomRow
[158 of 325] Compiling XMonad.Layout.Groups
[159 of 325] Compiling XMonad.Layout.Groups.Helpers
[160 of 325] Compiling XMonad.Layout.FocusTracking
[161 of 325] Compiling XMonad.Layout.TrackFloating
[162 of 325] Compiling XMonad.Layout.StateFull
[163 of 325] Compiling XMonad.Layout.BoringWindows
[164 of 325] Compiling XMonad.Layout.Minimize
[165 of 325] Compiling XMonad.Hooks.RefocusLast
[166 of 325] Compiling XMonad.Actions.WorkspaceCursors
[167 of 325] Compiling XMonad.Actions.Sift
[168 of 325] Compiling XMonad.Actions.RotateSome
[169 of 325] Compiling XMonad.Util.StringProp
[170 of 325] Compiling XMonad.Util.Timer
[171 of 325] Compiling XMonad.Util.TreeZipper
[172 of 325] Compiling XMonad.Actions.TreeSelect
[173 of 325] Compiling XMonad.Util.Types
[174 of 325] Compiling XMonad.Layout.Gaps
[175 of 325] Compiling XMonad.Layout.Dwindle
[176 of 325] Compiling XMonad.Actions.WindowNavigation
[177 of 325] Compiling XMonad.Actions.MouseGestures
[178 of 325] Compiling XMonad.Actions.FloatKeys
[179 of 325] Compiling XMonad.Hooks.Place
[180 of 325] Compiling XMonad.Util.Ungrab
[181 of 325] Compiling XMonad.Util.WindowState
[182 of 325] Compiling XMonad.Util.WorkspaceCompare
[183 of 325] Compiling XMonad.Actions.CycleWS
[184 of 325] Compiling XMonad.Actions.SwapWorkspaces
[185 of 325] Compiling XMonad.Actions.DynamicWorkspaceOrder
[186 of 325] Compiling XMonad.Util.XSelection
[187 of 325] Compiling XMonad.Prompt
[188 of 325] Compiling XMonad.Prompt.Zsh
[189 of 325] Compiling XMonad.Prompt.XMonad
[190 of 325] Compiling XMonad.Prompt.Workspace
[191 of 325] Compiling XMonad.Prompt.Unicode
[192 of 325] Compiling XMonad.Prompt.Ssh
[193 of 325] Compiling XMonad.Prompt.Shell
[194 of 325] Compiling XMonad.Actions.WindowGo
[195 of 325] Compiling XMonad.Prompt.RunOrRaise
[196 of 325] Compiling XMonad.Prompt.Pass
[197 of 325] Compiling XMonad.Prompt.OrgMode
[198 of 325] Compiling XMonad.Prompt.Man
[199 of 325] Compiling XMonad.Prompt.Layout
[200 of 325] Compiling XMonad.Prompt.Input
[201 of 325] Compiling XMonad.Prompt.Email
[202 of 325] Compiling XMonad.Prompt.Directory
[203 of 325] Compiling XMonad.Prompt.DirExec
[204 of 325] Compiling XMonad.Prompt.ConfirmPrompt
[205 of 325] Compiling XMonad.Prompt.AppendFile
[206 of 325] Compiling XMonad.Prompt.AppLauncher
[207 of 325] Compiling XMonad.Layout.WorkspaceDir
[208 of 325] Compiling XMonad.Actions.TagWindows
[209 of 325] Compiling XMonad.Util.WindowProperties
[210 of 325] Compiling XMonad.Util.RemoteWindows
[211 of 325] Compiling XMonad.Layout.Stoppable
[212 of 325] Compiling XMonad.Layout.SortedLayout
[213 of 325] Compiling XMonad.Layout.LayoutBuilder
[214 of 325] Compiling XMonad.Layout.IM
[215 of 325] Compiling XMonad.Layout.Drawer
[216 of 325] Compiling XMonad.Hooks.ManageHelpers
[217 of 325] Compiling XMonad.Layout.Monitor
[218 of 325] Compiling XMonad.Hooks.UrgencyHook
[219 of 325] Compiling XMonad.Hooks.StatusBar.PP
[220 of 325] Compiling XMonad.Util.Loggers
[221 of 325] Compiling XMonad.Util.ClickableWorkspaces
[222 of 325] Compiling XMonad.Layout.IndependentScreens
[223 of 325] Compiling XMonad.Actions.LinkWorkspaces
[224 of 325] Compiling XMonad.Hooks.StatusBar.WorkspaceScreen
[225 of 325] Compiling XMonad.Hooks.DynamicIcons
[226 of 325] Compiling XMonad.Actions.CopyWindow
[227 of 325] Compiling XMonad.Actions.WindowBringer
[228 of 325] Compiling XMonad.Prompt.Window
[229 of 325] Compiling XMonad.Actions.TopicSpace
[230 of 325] Compiling XMonad.Hooks.Focus
[231 of 325] Compiling XMonad.Hooks.FloatConfigureReq
[232 of 325] Compiling XMonad.Hooks.ManageDocks
[233 of 325] Compiling XMonad.Hooks.StatusBar
[234 of 325] Compiling XMonad.Util.Hacks
[235 of 325] Compiling XMonad.Hooks.DynamicLog
[236 of 325] Compiling XMonad.Hooks.DynamicBars
[237 of 325] Compiling XMonad.Actions.FloatSnap
[238 of 325] Compiling XMonad.Hooks.EwmhDesktops
[239 of 325] Compiling XMonad.Layout.Fullscreen
[240 of 325] Compiling XMonad.Config.Desktop
[241 of 325] Compiling XMonad.Config.Xfce
[242 of 325] Compiling XMonad.Config.Mate
[243 of 325] Compiling XMonad.Config.Kde
[244 of 325] Compiling XMonad.Config.Gnome
[245 of 325] Compiling XMonad.Actions.WorkspaceNames
[246 of 325] Compiling XMonad.Actions.ToggleFullFloat
[247 of 325] Compiling XMonad.Actions.Minimize
[248 of 325] Compiling XMonad.Hooks.Minimize
[249 of 325] Compiling XMonad.Util.ExclusiveScratchpads
[250 of 325] Compiling XMonad.Actions.SpawnOn
[251 of 325] Compiling XMonad.Util.SpawnOnce
[252 of 325] Compiling XMonad.Config.Dmwit
[253 of 325] Compiling XMonad.Actions.Profiles
[254 of 325] Compiling XMonad.Actions.Launcher
[255 of 325] Compiling XMonad.Actions.DynamicWorkspaces
[256 of 325] Compiling XMonad.Util.NamedScratchpad
XMonad/Util/NamedScratchpad.hs:65:1: warning: [GHC-38856] [-Wunused-imports]
    The import of ‘foldl', liftA2’
    from module ‘XMonad.Prelude’ is redundant
   |
65 | import XMonad.Prelude (appEndo, filterM, findM, foldl', for_, liftA2, unless, void, when, (<=<))
   | ^^^^^^^^^^^^^^^^^^^^^^^^^^^^^^^^^^^^^^^^^^^^^^^^^^^^^^^^^^^^^^^^^^^^^^^^^^^^^^^^^^^^^^^^^^^^^^^^

[257 of 325] Compiling XMonad.Util.Scratchpad
[258 of 325] Compiling XMonad.Util.Loggers.NamedScratchpad
[259 of 325] Compiling XMonad.Actions.DynamicWorkspaceGroups
[260 of 325] Compiling XMonad.Actions.DynamicProjects
[261 of 325] Compiling XMonad.Actions.Search
[262 of 325] Compiling XMonad.Util.XUtils
[263 of 325] Compiling XMonad.Layout.WindowNavigation
[264 of 325] Compiling XMonad.Layout.ComboP
[265 of 325] Compiling XMonad.Layout.Combo
[266 of 325] Compiling XMonad.Layout.ShowWName
[267 of 325] Compiling XMonad.Layout.MouseResizableTile
[268 of 325] Compiling XMonad.Layout.DragPane
[269 of 325] Compiling XMonad.Layout.LayoutCombinators
[270 of 325] Compiling XMonad.Layout.Decoration
[271 of 325] Compiling XMonad.Util.Themes
[272 of 325] Compiling XMonad.Prompt.Theme
[273 of 325] Compiling XMonad.Layout.TallMastersCombo
[274 of 325] Compiling XMonad.Layout.Tabbed
[275 of 325] Compiling XMonad.Config.Sjanssen
[276 of 325] Compiling XMonad.Config.Droundy
[277 of 325] Compiling XMonad.Layout.SubLayouts
[278 of 325] Compiling XMonad.Hooks.WindowSwallowing
[279 of 325] Compiling XMonad.Layout.SimpleDecoration
[280 of 325] Compiling XMonad.Layout.SideBorderDecoration
[281 of 325] Compiling XMonad.Layout.ResizeScreen
[282 of 325] Compiling XMonad.Layout.TabBarDecoration
[283 of 325] Compiling XMonad.Layout.MultiToggle.TabBarDecoration
[284 of 325] Compiling XMonad.Layout.NoFrillsDecoration
[285 of 325] Compiling XMonad.Layout.LayoutHints
[286 of 325] Compiling XMonad.Layout.Groups.Examples
[287 of 325] Compiling XMonad.Layout.Groups.Wmii
[288 of 325] Compiling XMonad.Layout.FixedAspectRatio
[289 of 325] Compiling XMonad.Layout.DwmStyle
[290 of 325] Compiling XMonad.Layout.DecorationEx.Geometry
[291 of 325] Compiling XMonad.Layout.DecorationEx.Common
[292 of 325] Compiling XMonad.Hooks.PositionStoreHooks
[293 of 325] Compiling XMonad.Actions.GridSelect
[294 of 325] Compiling XMonad.Actions.WindowMenu
[295 of 325] Compiling XMonad.Layout.DecorationAddons
[296 of 325] Compiling XMonad.Layout.ImageButtonDecoration
[297 of 325] Compiling XMonad.Layout.WindowSwitcherDecoration
[298 of 325] Compiling XMonad.Layout.DecorationEx.Engine
[299 of 325] Compiling XMonad.Layout.DecorationEx.Widgets
[300 of 325] Compiling XMonad.Layout.DecorationEx.LayoutModifier
[301 of 325] Compiling XMonad.Layout.DecorationEx.TextEngine
[302 of 325] Compiling XMonad.Layout.DecorationEx.TabbedGeometry
[303 of 325] Compiling XMonad.Layout.DecorationEx.DwmGeometry
[304 of 325] Compiling XMonad.Layout.DecorationEx
[305 of 325] Compiling XMonad.Layout.ButtonDecoration
[306 of 325] Compiling XMonad.Layout.BorderResize
[307 of 325] Compiling XMonad.Config.Bluetile
[308 of 325] Compiling XMonad.Layout.BinarySpacePartition
[309 of 325] Compiling XMonad.Hooks.ShowWName
[310 of 325] Compiling XMonad.Actions.Submap
[311 of 325] Compiling XMonad.Util.NamedActions
[312 of 325] Compiling XMonad.Util.EZConfig
[313 of 325] Compiling XMonad.Util.Paste
[314 of 325] Compiling XMonad.Actions.KeyRemap
[315 of 325] Compiling XMonad.Hooks.Modal
[316 of 325] Compiling XMonad.Hooks.ManageDebug
[317 of 325] Compiling XMonad.Config.Prime
[318 of 325] Compiling XMonad.Actions.Navigation2D
[319 of 325] Compiling XMonad.Actions.Prefix
[320 of 325] Compiling XMonad.Actions.ShowText
[321 of 325] Compiling XMonad.Actions.MouseResize
[322 of 325] Compiling XMonad.Layout.SimpleFloat
[323 of 325] Compiling XMonad.Config.Arossato
[324 of 325] Compiling XMonad.Layout.DecorationMadness
[325 of 325] Compiling XMonad.Actions.EasyMotion
Configuring test suite 'tests' for xmonad-contrib-0.18.1...
Preprocessing test suite 'tests' for xmonad-contrib-0.18.1...
Building test suite 'tests' for xmonad-contrib-0.18.1...
[ 1 of 65] Compiling Utils
[ 2 of 65] Compiling XMonad.Actions.Repeatable
[ 3 of 65] Compiling XMonad.Prelude
[ 4 of 65] Compiling XMonad.Layout.LayoutModifier
[ 5 of 65] Compiling XMonad.Layout.WindowArranger
[ 6 of 65] Compiling XMonad.Layout.LimitWindows
[ 7 of 65] Compiling Selective
[ 8 of 65] Compiling XMonad.Actions.PhysicalScreens
[ 9 of 65] Compiling XMonad.Actions.FocusNth
[10 of 65] Compiling XMonad.Actions.CycleRecentWS
[11 of 65] Compiling XMonad.Util.ExtensibleConf
[12 of 65] Compiling ExtensibleConf
[13 of 65] Compiling XMonad.Util.Font
[14 of 65] Compiling XMonad.Util.Image
[15 of 65] Compiling XMonad.Util.Invisible
[16 of 65] Compiling XMonad.Util.NamedWindows
[17 of 65] Compiling XMonad.Util.Parser
[18 of 65] Compiling XMonad.Util.Process
[19 of 65] Compiling XMonad.Util.PureX
[20 of 65] Compiling XMonad.Util.ExtensibleState
[21 of 65] Compiling XMonad.Hooks.WorkspaceHistory
XMonad/Hooks/WorkspaceHistory.hs:37:38: warning: [GHC-38856] [-Wunused-imports]
    The import of ‘foldl'’ from module ‘XMonad.Prelude’ is redundant
   |
37 | import XMonad.Prelude (delete, find, foldl', groupBy, nub, sortBy, listToMaybe)
   |                                      ^^^^^^

[22 of 65] Compiling XMonad.Util.Rectangle
[23 of 65] Compiling XMonad.Layout.NoBorders
[24 of 65] Compiling XMonad.Util.Run
[25 of 65] Compiling XMonad.Util.Dzen
[26 of 65] Compiling XMonad.Util.Dmenu
[27 of 65] Compiling XMonad.Util.Stack
[28 of 65] Compiling XMonad.Actions.RotateSome
[29 of 65] Compiling RotateSome
[30 of 65] Compiling XMonad.Util.Timer
[31 of 65] Compiling XMonad.Util.Types
[32 of 65] Compiling XMonad.Actions.WindowNavigation
[33 of 65] Compiling WindowNavigation
[34 of 65] Compiling XMonad.Util.WorkspaceCompare
[35 of 65] Compiling XMonad.Actions.CycleWS
[36 of 65] Compiling XMonad.Actions.SwapWorkspaces
[37 of 65] Compiling XMonad.Util.XSelection
[38 of 65] Compiling XMonad.Prompt
[39 of 65] Compiling XMonad.Prompt.Shell
[40 of 65] Compiling XMonad.Actions.WindowGo
[41 of 65] Compiling XMonad.Prompt.OrgMode
[42 of 65] Compiling OrgMode
[43 of 65] Compiling XMonad.Actions.TagWindows
[44 of 65] Compiling XMonad.Util.WindowProperties
[45 of 65] Compiling XMonad.Hooks.ManageHelpers
[46 of 65] Compiling XMonad.Hooks.UrgencyHook
[47 of 65] Compiling XMonad.Hooks.StatusBar.PP
[48 of 65] Compiling XMonad.Actions.CopyWindow
[49 of 65] Compiling XMonad.Actions.WindowBringer
[50 of 65] Compiling XMonad.Hooks.ManageDocks
[51 of 65] Compiling ManageDocks
[52 of 65] Compiling Instances
[53 of 65] Compiling SwapWorkspaces
[54 of 65] Compiling NoBorders
[55 of 65] Compiling CycleRecentWS
[56 of 65] Compiling XMonad.Util.XUtils
[57 of 65] Compiling XMonad.Layout.Decoration
[58 of 65] Compiling XMonad.Actions.GridSelect
[59 of 65] Compiling GridSelect
[60 of 65] Compiling XMonad.Actions.Submap
[61 of 65] Compiling XMonad.Util.NamedActions
[62 of 65] Compiling XMonad.Util.EZConfig
[63 of 65] Compiling EZConfig
[64 of 65] Compiling XPrompt
[65 of 65] Compiling Main
[66 of 66] Linking dist-newstyle/build/x86_64-linux/ghc-9.10.2/xmonad-contrib-0.18.1/t/tests/build/tests/tests
