Resolving dependencies...
Build profile: -w ghc-9.10.2 -O1
In order, the following will be built (use -v for more details):
 - open-witness-0.7 (lib) (first run)
 - open-witness-0.7 (test:tests) (first run)
Configuring library for open-witness-0.7...
Preprocessing library for open-witness-0.7...
Building library for open-witness-0.7...
[1 of 8] Compiling Data.Type.OpenWitness
[2 of 8] Compiling Data.Type.OpenWitness.Exception
[3 of 8] Compiling Data.Type.OpenWitness.ST
[4 of 8] Compiling Data.Type.OpenWitness.TypeRep
[5 of 8] Compiling Data.Type.OpenWitness.Instance
[6 of 8] Compiling Data.Type.OpenWitness.Typeable
[7 of 8] Compiling Data.Type.OpenWitness.Dynamic
[8 of 8] Compiling Data.Type.OpenWitness.Witnessed
Configuring test suite 'tests' for open-witness-0.7...
Preprocessing test suite 'tests' for open-witness-0.7...
Building test suite 'tests' for open-witness-0.7...
[1 of 2] Compiling Main
[2 of 2] Compiling Object
[3 of 3] Linking /tmp/workdir-open-witness/open-witness-0.7/dist-newstyle/build/x86_64-linux/ghc-9.10.2/open-witness-0.7/t/tests/build/tests/tests
