Resolving dependencies...
Build profile: -w ghc-9.10.2 -O1
In order, the following will be built (use -v for more details):
 - MissingH-1.6.0.2 (lib) (first run)
 - MissingH-1.6.0.2 (test:runtests) (first run)
Configuring library for MissingH-1.6.0.2...
Preprocessing library for MissingH-1.6.0.2...
Building library for MissingH-1.6.0.2...
[ 1 of 45] Compiling Control.Concurrent.Thread.Utils
[ 2 of 45] Compiling Data.BinPacking
src/Data/BinPacking.hs:109:62: warning: [GHC-63394] [-Wx-partial]
    In the use of ‘head’
    (imported from Prelude, but defined in GHC.Internal.List):
    "This is a partial function, it throws an error on empty lists. Use pattern matching, 'Data.List.uncons' or 'Data.Maybe.listToMaybe' instead. Consider refactoring to use "Data.List.NonEmpty"."
    |
109 |                      then Left $ BPSizeTooLarge thisbinsize (head sizelist)
    |                                                              ^^^^

[ 3 of 45] Compiling Data.Bits.Utils
[ 4 of 45] Compiling Data.CSV
[ 5 of 45] Compiling Data.Compression.Inflate
[ 6 of 45] Compiling Data.Either.Utils
[ 7 of 45] Compiling Data.Hash.CRC32.GZip
[ 8 of 45] Compiling Data.Hash.MD5
[ 9 of 45] Compiling Data.Hash.MD5.Zord64_HARD
[10 of 45] Compiling Data.List.Utils
[11 of 45] Compiling Data.Map.Utils
[12 of 45] Compiling Data.Maybe.Utils
[13 of 45] Compiling Data.Quantity
src/Data/Quantity.hs:66:35: warning: [GHC-63394] [-Wx-partial]
    In the use of ‘head’
    (imported from Prelude, but defined in GHC.Internal.List):
    "This is a partial function, it throws an error on empty lists. Use pattern matching, 'Data.List.uncons' or 'Data.Maybe.listToMaybe' instead. Consider refactoring to use "Data.List.NonEmpty"."
   |
66 | quantifyNum opts n = (\(x, s) -> (head x, s)) $ quantifyNums opts [n]
   |                                   ^^^^

src/Data/Quantity.hs:93:30: warning: [GHC-63394] [-Wx-partial]
    In the use of ‘head’
    (imported from Prelude, but defined in GHC.Internal.List):
    "This is a partial function, it throws an error on empty lists. Use pattern matching, 'Data.List.uncons' or 'Data.Maybe.listToMaybe' instead. Consider refactoring to use "Data.List.NonEmpty"."
   |
93 |                   Nothing -> head incrIdxList -- If not found, it's smaller than the first
   |                              ^^^^

[14 of 45] Compiling Data.String.Utils
[15 of 45] Compiling Data.Tuple.Utils
[16 of 45] Compiling Network.Email.Mailbox
[17 of 45] Compiling Network.Utils
src/Network/Utils.hs:96:1: warning: [GHC-62161] [-Wincomplete-patterns]
    Pattern match(es) are non-exhaustive
    In an equation for ‘showSockAddr’:
        Patterns of type ‘SockAddr’ not matched: SockAddrInet6 _ _ _ _
   |
96 | showSockAddr (SockAddrUnix x) = return $ "UNIX socket at " ++ x
   | ^^^^^^^^^^^^^^^^^^^^^^^^^^^^^^^^^^^^^^^^^^^^^^^^^^^^^^^^^^^^^^^...

[18 of 45] Compiling Network.SocketServer
[19 of 45] Compiling System.Cmd.Utils
[20 of 45] Compiling Network.Email.Sendmail
[21 of 45] Compiling System.Console.GetOpt.Utils
[22 of 45] Compiling System.Daemon
[23 of 45] Compiling System.Debian
[24 of 45] Compiling System.Debian.ControlParser
[25 of 45] Compiling System.FileArchive.GZip
src/System/FileArchive/GZip.hs:94:13: warning: [GHC-63394] [-Wx-partial]
    In the use of ‘head’
    (imported from Prelude, but defined in GHC.Internal.List):
    "This is a partial function, it throws an error on empty lists. Use pattern matching, 'Data.List.uncons' or 'Data.Maybe.listToMaybe' instead. Consider refactoring to use "Data.List.NonEmpty"."
   |
94 | split1 s = (head s, tail s)
   |             ^^^^

src/System/FileArchive/GZip.hs:94:21: warning: [GHC-63394] [-Wx-partial]
    In the use of ‘tail’
    (imported from Prelude, but defined in GHC.Internal.List):
    "This is a partial function, it throws an error on empty lists. Replace it with 'drop' 1, or use pattern matching or 'GHC.Internal.Data.List.uncons' instead. Consider refactoring to use "Data.List.NonEmpty"."
   |
94 | split1 s = (head s, tail s)
   |                     ^^^^

[26 of 45] Compiling System.IO.HVIO
src/System/IO/HVIO.hs:471:34: warning: [GHC-63394] [-Wx-partial]
    In the use of ‘head’
    (imported from Prelude, but defined in GHC.Internal.List):
    "This is a partial function, it throws an error on empty lists. Use pattern matching, 'Data.List.uncons' or 'Data.Maybe.listToMaybe' instead. Consider refactoring to use "Data.List.NonEmpty"."
    |
471 |                     let retval = head c
    |                                  ^^^^

src/System/IO/HVIO.hs:472:39: warning: [GHC-63394] [-Wx-partial]
    In the use of ‘tail’
    (imported from Prelude, but defined in GHC.Internal.List):
    "This is a partial function, it throws an error on empty lists. Replace it with 'drop' 1, or use pattern matching or 'GHC.Internal.Data.List.uncons' instead. Consider refactoring to use "Data.List.NonEmpty"."
    |
472 |                     vioc_set (srv h) (tail c)
    |                                       ^^^^

[27 of 45] Compiling System.IO.PlafCompat
[28 of 45] Compiling System.IO.Utils
[29 of 45] Compiling System.IO.WindowsCompat
[30 of 45] Compiling System.Path.NameManip
src/System/Path/NameManip.hs:56:22: warning: [GHC-63394] [-Wx-partial]
    In the use of ‘tail’
    (imported from Prelude, but defined in GHC.Internal.List):
    "This is a partial function, it throws an error on empty lists. Replace it with 'drop' 1, or use pattern matching or 'GHC.Internal.Data.List.uncons' instead. Consider refactoring to use "Data.List.NonEmpty"."
   |
56 |           tail' xs = tail xs
   |                      ^^^^

src/System/Path/NameManip.hs:116:19: warning: [GHC-62161] [-Wincomplete-uni-patterns]
    Pattern match(es) are non-exhaustive
    In a pattern binding: Patterns of type ‘[String]’ not matched: []
    |
116 |               let (base:suffixes) = slice_filename' (last comps)
    |                   ^^^^^^^^^^^^^^^^^^^^^^^^^^^^^^^^^^^^^^^^^^^^^^

src/System/Path/NameManip.hs:410:79: warning: [GHC-63394] [-Wx-partial]
    In the use of ‘tail’
    (imported from Prelude, but defined in GHC.Internal.List):
    "This is a partial function, it throws an error on empty lists. Replace it with 'drop' 1, or use pattern matching or 'GHC.Internal.Data.List.uncons' instead. Consider refactoring to use "Data.List.NonEmpty"."
    |
410 |       guess_dotdot_comps' schon ("..":teile) = guess_dotdot_comps' (reverse . tail . reverse $ schon) teile
    |                                                                               ^^^^

[31 of 45] Compiling System.Path.WildMatch
[32 of 45] Compiling System.Posix.Consts
[33 of 45] Compiling System.IO.StatCompat
[34 of 45] Compiling System.Time.Utils
[35 of 45] Compiling System.IO.HVFS
src/System/IO/HVFS.hs:299:1: warning: [GHC-90177] [-Worphans]
    Orphan class instance: instance Show FileStatus
    Suggested fix:
      Move the instance declaration to the module of the class or of the type, or
      wrap the type with a newtype and declare the instance on the new type.
    |
299 | instance Show FileStatus where
    | ^^^^^^^^^^^^^^^^^^^^^^^^^^^^^^...

[36 of 45] Compiling System.Path.Glob
src/System/Path/Glob.hs:107:31: warning: [GHC-63394] [-Wx-partial]
    In the use of ‘head’
    (imported from Prelude, but defined in GHC.Internal.List):
    "This is a partial function, it throws an error on empty lists. Use pattern matching, 'Data.List.uncons' or 'Data.Maybe.listToMaybe' instead. Consider refactoring to use "Data.List.NonEmpty"."
    |
107 |                         in if head patt == '.'
    |                               ^^^^

src/System/Path/Glob.hs:109:56: warning: [GHC-63394] [-Wx-partial]
    In the use of ‘head’
    (imported from Prelude, but defined in GHC.Internal.List):
    "This is a partial function, it throws an error on empty lists. Use pattern matching, 'Data.List.uncons' or 'Data.Maybe.listToMaybe' instead. Consider refactoring to use "Data.List.NonEmpty"."
    |
109 |                            else return $ filter (\x -> head x /= '.') matches
    |                                                        ^^^^

[37 of 45] Compiling System.IO.HVFS.Utils
[38 of 45] Compiling System.Path
[39 of 45] Compiling Data.MIME.Types
src/Data/MIME/Types.hs:105:34: warning: [GHC-63394] [-Wx-partial]
    In the use of ‘head’
    (imported from Prelude, but defined in GHC.Internal.List):
    "This is a partial function, it throws an error on empty lists. Use pattern matching, 'Data.List.uncons' or 'Data.Maybe.listToMaybe' instead. Consider refactoring to use "Data.List.NonEmpty"."
    |
105 |                    let thetype = head l2
    |                                  ^^^^

src/Data/MIME/Types.hs:106:37: warning: [GHC-63394] [-Wx-partial]
    In the use of ‘tail’
    (imported from Prelude, but defined in GHC.Internal.List):
    "This is a partial function, it throws an error on empty lists. Replace it with 'drop' 1, or use pattern matching or 'GHC.Internal.Data.List.uncons' instead. Consider refactoring to use "Data.List.NonEmpty"."
    |
106 |                        suffixlist = tail l2
    |                                     ^^^^

[40 of 45] Compiling System.IO.HVFS.InstanceHelpers
src/System/IO/HVFS/InstanceHelpers.hs:114:15: warning: [GHC-63394] [-Wx-partial]
    In the use of ‘head’
    (imported from Prelude, but defined in GHC.Internal.List):
    "This is a partial function, it throws an error on empty lists. Use pattern matching, 'Data.List.uncons' or 'Data.Maybe.listToMaybe' instead. Consider refactoring to use "Data.List.NonEmpty"."
    |
114 |           h = head sliced1
    |               ^^^^

src/System/IO/HVFS/InstanceHelpers.hs:115:15: warning: [GHC-63394] [-Wx-partial]
    In the use of ‘tail’
    (imported from Prelude, but defined in GHC.Internal.List):
    "This is a partial function, it throws an error on empty lists. Replace it with 'drop' 1, or use pattern matching or 'GHC.Internal.Data.List.uncons' instead. Consider refactoring to use "Data.List.NonEmpty"."
    |
115 |           t = tail sliced1
    |               ^^^^

src/System/IO/HVFS/InstanceHelpers.hs:116:39: warning: [GHC-63394] [-Wx-partial]
    In the use of ‘head’
    (imported from Prelude, but defined in GHC.Internal.List):
    "This is a partial function, it throws an error on empty lists. Use pattern matching, 'Data.List.uncons' or 'Data.Maybe.listToMaybe' instead. Consider refactoring to use "Data.List.NonEmpty"."
    |
116 |           newh =  if isPathSeparator (head h) then tail h else h
    |                                       ^^^^

src/System/IO/HVFS/InstanceHelpers.hs:116:52: warning: [GHC-63394] [-Wx-partial]
    In the use of ‘tail’
    (imported from Prelude, but defined in GHC.Internal.List):
    "This is a partial function, it throws an error on empty lists. Replace it with 'drop' 1, or use pattern matching or 'GHC.Internal.Data.List.uncons' instead. Consider refactoring to use "Data.List.NonEmpty"."
    |
116 |           newh =  if isPathSeparator (head h) then tail h else h
    |                                                    ^^^^

src/System/IO/HVFS/InstanceHelpers.hs:143:13: warning: [GHC-63394] [-Wx-partial]
    In the use of ‘head’
    (imported from Prelude, but defined in GHC.Internal.List):
    "This is a partial function, it throws an error on empty lists. Use pattern matching, 'Data.List.uncons' or 'Data.Maybe.listToMaybe' instead. Consider refactoring to use "Data.List.NonEmpty"."
    |
143 |         h = head sliced1
    |             ^^^^

src/System/IO/HVFS/InstanceHelpers.hs:144:13: warning: [GHC-63394] [-Wx-partial]
    In the use of ‘tail’
    (imported from Prelude, but defined in GHC.Internal.List):
    "This is a partial function, it throws an error on empty lists. Replace it with 'drop' 1, or use pattern matching or 'GHC.Internal.Data.List.uncons' instead. Consider refactoring to use "Data.List.NonEmpty"."
    |
144 |         t = tail sliced1
    |             ^^^^

src/System/IO/HVFS/InstanceHelpers.hs:145:62: warning: [GHC-63394] [-Wx-partial]
    In the use of ‘head’
    (imported from Prelude, but defined in GHC.Internal.List):
    "This is a partial function, it throws an error on empty lists. Use pattern matching, 'Data.List.uncons' or 'Data.Maybe.listToMaybe' instead. Consider refactoring to use "Data.List.NonEmpty"."
    |
145 |         newh = if (h /= [pathSeparator]) && isPathSeparator (head h) then tail h else h
    |                                                              ^^^^

src/System/IO/HVFS/InstanceHelpers.hs:145:75: warning: [GHC-63394] [-Wx-partial]
    In the use of ‘tail’
    (imported from Prelude, but defined in GHC.Internal.List):
    "This is a partial function, it throws an error on empty lists. Replace it with 'drop' 1, or use pattern matching or 'GHC.Internal.Data.List.uncons' instead. Consider refactoring to use "Data.List.NonEmpty"."
    |
145 |         newh = if (h /= [pathSeparator]) && isPathSeparator (head h) then tail h else h
    |                                                                           ^^^^

src/System/IO/HVFS/InstanceHelpers.hs:155:68: warning: [GHC-63394] [-Wx-partial]
    In the use of ‘head’
    (imported from Prelude, but defined in GHC.Internal.List):
    "This is a partial function, it throws an error on empty lists. Use pattern matching, 'Data.List.uncons' or 'Data.Maybe.listToMaybe' instead. Consider refactoring to use "Data.List.NonEmpty"."
    |
155 |               MemoryFile _ -> Left $ "Attempt to look up name " ++ head zs ++ " in file"
    |                                                                    ^^^^

src/System/IO/HVFS/InstanceHelpers.hs:157:45: warning: [GHC-63394] [-Wx-partial]
    In the use of ‘head’
    (imported from Prelude, but defined in GHC.Internal.List):
    "This is a partial function, it throws an error on empty lists. Use pattern matching, 'Data.List.uncons' or 'Data.Maybe.listToMaybe' instead. Consider refactoring to use "Data.List.NonEmpty"."
    |
157 |                 let newentry = case lookup (head zs) y of
    |                                             ^^^^

src/System/IO/HVFS/InstanceHelpers.hs:158:79: warning: [GHC-63394] [-Wx-partial]
    In the use of ‘head’
    (imported from Prelude, but defined in GHC.Internal.List):
    "This is a partial function, it throws an error on empty lists. Use pattern matching, 'Data.List.uncons' or 'Data.Maybe.listToMaybe' instead. Consider refactoring to use "Data.List.NonEmpty"."
    |
158 |                                   Nothing -> Left $ "Couldn't find entry " ++ head zs
    |                                                                               ^^^^

src/System/IO/HVFS/InstanceHelpers.hs:161:36: warning: [GHC-63394] [-Wx-partial]
    In the use of ‘tail’
    (imported from Prelude, but defined in GHC.Internal.List):
    "This is a partial function, it throws an error on empty lists. Replace it with 'drop' 1, or use pattern matching or 'GHC.Internal.Data.List.uncons' instead. Consider refactoring to use "Data.List.NonEmpty"."
    |
161 |                       walk newobj (tail zs)
    |                                    ^^^^

[41 of 45] Compiling System.IO.HVFS.Combinators
src/System/IO/HVFS/Combinators.hs:118:51: warning: [GHC-63394] [-Wx-partial]
    In the use of ‘head’
    (imported from Prelude, but defined in GHC.Internal.List):
    "This is a partial function, it throws an error on empty lists. Use pattern matching, 'Data.List.uncons' or 'Data.Maybe.listToMaybe' instead. Consider refactoring to use "Data.List.NonEmpty"."
    |
118 |     do full <- (fp ++) `fmap` if isPathSeparator (head locfp)
    |                                                   ^^^^

[42 of 45] Compiling System.IO.Binary
[43 of 45] Compiling Data.Progress.Tracker
[44 of 45] Compiling Data.Progress.Meter
src/Data/Progress/Meter.hs:228:22: warning: [GHC-63394] [-Wx-partial]
    In the use of ‘head’
    (imported from Prelude, but defined in GHC.Internal.List):
    "This is a partial function, it throws an error on empty lists. Use pattern matching, 'Data.List.uncons' or 'Data.Maybe.listToMaybe' instead. Consider refactoring to use "Data.List.NonEmpty"."
    |
228 |                      head renders ++ u ++ " " ++ pct ++ "]"
    |                      ^^^^

src/Data/Progress/Meter.hs:234:54: warning: [GHC-63394] [-Wx-partial]
    In the use of ‘head’
    (imported from Prelude, but defined in GHC.Internal.List):
    "This is a partial function, it throws an error on empty lists. Use pattern matching, 'Data.List.uncons' or 'Data.Maybe.listToMaybe' instead. Consider refactoring to use "Data.List.NonEmpty"."
    |
234 |                                             return $ head (rfunc [floor (speed :: Double)]) ++ u ++
    |                                                      ^^^^

[45 of 45] Compiling Text.ParserCombinators.Parsec.Utils
Configuring test suite 'runtests' for MissingH-1.6.0.2...
Preprocessing test suite 'runtests' for MissingH-1.6.0.2...
Building test suite 'runtests' for MissingH-1.6.0.2...
[ 1 of 20] Compiling Bitstest
testsrc/Bitstest.hs:15:1: warning: [GHC-38417] [-Wmissing-signatures]
    Top-level binding with no type signature: test_fromBytes :: [Test]
   |
15 | test_fromBytes =
   | ^^^^^^^^^^^^^^

testsrc/Bitstest.hs:17:15: warning: [GHC-63397] [-Wname-shadowing]
    This binding for ‘exp’ shadows the existing binding
      imported from ‘Prelude’ at testsrc/Bitstest.hs:10:8-15
      (and originally defined in ‘ghc-internal-9.1002.0:GHC.Internal.Float’)
   |
17 |         f inp exp = TestCase $ exp @=? fromBytes inp in
   |               ^^^

testsrc/Bitstest.hs:29:1: warning: [GHC-38417] [-Wmissing-signatures]
    Top-level binding with no type signature: test_getBytes :: [Test]
   |
29 | test_getBytes =
   | ^^^^^^^^^^^^^

testsrc/Bitstest.hs:31:15: warning: [GHC-63397] [-Wname-shadowing]
    This binding for ‘exp’ shadows the existing binding
      imported from ‘Prelude’ at testsrc/Bitstest.hs:10:8-15
      (and originally defined in ‘ghc-internal-9.1002.0:GHC.Internal.Float’)
   |
31 |         f inp exp = TestCase $ exp @=? getBytes inp in
   |               ^^^

testsrc/Bitstest.hs:41:1: warning: [GHC-38417] [-Wmissing-signatures]
    Top-level binding with no type signature: tests :: Test
   |
41 | tests = TestList [TestLabel "getBytes" (TestList test_getBytes),
   | ^^^^^

[ 2 of 20] Compiling CRC32GZIPtest
testsrc/CRC32GZIPtest.hs:14:1: warning: [GHC-38417] [-Wmissing-signatures]
    Top-level binding with no type signature: test_crcgzip :: [Test]
   |
14 | test_crcgzip =
   | ^^^^^^^^^^^^

testsrc/CRC32GZIPtest.hs:15:19: warning: [GHC-63397] [-Wname-shadowing]
    This binding for ‘exp’ shadows the existing binding
      imported from ‘Prelude’ at testsrc/CRC32GZIPtest.hs:10:8-20
      (and originally defined in ‘ghc-internal-9.1002.0:GHC.Internal.Float’)
   |
15 |     let f msg inp exp = TestLabel msg $ TestCase $ assertEqual "" exp (calc_crc32 inp) in
   |                   ^^^

testsrc/CRC32GZIPtest.hs:25:1: warning: [GHC-38417] [-Wmissing-signatures]
    Top-level binding with no type signature: tests :: Test
   |
25 | tests = TestList [TestLabel "crcgzip" (TestList test_crcgzip)
   | ^^^^^

[ 3 of 20] Compiling GZiptest
testsrc/GZiptest.hs:15:1: warning: [GHC-66111] [-Wunused-imports]
    The import of ‘System.IO’ is redundant
      except perhaps to import instances from ‘System.IO’
    To import instances alone, use: import System.IO()
   |
15 | import System.IO
   | ^^^^^^^^^^^^^^^^

testsrc/GZiptest.hs:17:1: warning: [GHC-66111] [-Wunused-imports]
    The import of ‘Data.List’ is redundant
      except perhaps to import instances from ‘Data.List’
    To import instances alone, use: import Data.List()
   |
17 | import Data.List
   | ^^^^^^^^^^^^^^^^

testsrc/GZiptest.hs:17:8: warning: [GHC-82347] [-Wcompat-unqualified-imports]
    To ensure compatibility with future core libraries changes
    imports to Data.List should be
    either qualified or have an explicit import list.
   |
17 | import Data.List
   |        ^^^^^^^^^

testsrc/GZiptest.hs:19:1: warning: [GHC-38417] [-Wmissing-signatures]
    Top-level binding with no type signature:
      mf :: (Eq a, Show a) => String -> a -> (String -> a) -> Test
   |
19 | mf fn exp conf = TestLabel fn $ TestCase $
   | ^^

testsrc/GZiptest.hs:19:7: warning: [GHC-63397] [-Wname-shadowing]
    This binding for ‘exp’ shadows the existing binding
      imported from ‘Prelude’ at testsrc/GZiptest.hs:9:8-15
      (and originally defined in ‘ghc-internal-9.1002.0:GHC.Internal.Float’)
   |
19 | mf fn exp conf = TestLabel fn $ TestCase $
   |       ^^^

testsrc/GZiptest.hs:41:1: warning: [GHC-38417] [-Wmissing-signatures]
    Top-level binding with no type signature: test_inflate :: [Test]
   |
41 | test_inflate =
   | ^^^^^^^^^^^^

testsrc/GZiptest.hs:42:14: warning: [GHC-63397] [-Wname-shadowing]
    This binding for ‘exp’ shadows the existing binding
      imported from ‘Prelude’ at testsrc/GZiptest.hs:9:8-15
      (and originally defined in ‘ghc-internal-9.1002.0:GHC.Internal.Float’)
   |
42 |     let f fn exp conv = mf fn exp (conv . snd . forceEither . read_header) in
   |              ^^^

testsrc/GZiptest.hs:55:1: warning: [GHC-38417] [-Wmissing-signatures]
    Top-level binding with no type signature: test_header :: [Test]
   |
55 | test_header =
   | ^^^^^^^^^^^

testsrc/GZiptest.hs:56:14: warning: [GHC-63397] [-Wname-shadowing]
    This binding for ‘exp’ shadows the existing binding
      imported from ‘Prelude’ at testsrc/GZiptest.hs:9:8-15
      (and originally defined in ‘ghc-internal-9.1002.0:GHC.Internal.Float’)
   |
56 |     let f fn exp = mf fn exp (fst . forceEither . read_header)
   |              ^^^

testsrc/GZiptest.hs:68:1: warning: [GHC-38417] [-Wmissing-signatures]
    Top-level binding with no type signature: test_gunzip :: [Test]
   |
68 | test_gunzip =
   | ^^^^^^^^^^^

testsrc/GZiptest.hs:69:14: warning: [GHC-63397] [-Wname-shadowing]
    This binding for ‘exp’ shadows the existing binding
      imported from ‘Prelude’ at testsrc/GZiptest.hs:9:8-15
      (and originally defined in ‘ghc-internal-9.1002.0:GHC.Internal.Float’)
   |
69 |     let f fn exp = mf fn exp decompress
   |              ^^^

testsrc/GZiptest.hs:83:1: warning: [GHC-38417] [-Wmissing-signatures]
    Top-level binding with no type signature: tests :: Test
   |
83 | tests = TestList [TestLabel "inflate" (TestList test_inflate),
   | ^^^^^

[ 4 of 20] Compiling Listtest
testsrc/Listtest.hs:10:18: warning: [GHC-82347] [-Wcompat-unqualified-imports]
    To ensure compatibility with future core libraries changes
    imports to Data.List should be
    either qualified or have an explicit import list.
   |
10 | import           Data.List
   |                  ^^^^^^^^^

testsrc/Listtest.hs:13:1: warning: [GHC-66111] [-Wunused-imports]
    The import of ‘Test.HUnit’ is redundant
      except perhaps to import instances from ‘Test.HUnit’
    To import instances alone, use: import Test.HUnit()
   |
13 | import           Test.HUnit
   | ^^^^^^^^^^^^^^^^^^^^^^^^^^^

testsrc/Listtest.hs:16:1: warning: [GHC-38417] [-Wmissing-signatures]
    Top-level binding with no type signature: test_delFromAL :: [Test]
   |
16 | test_delFromAL =
   | ^^^^^^^^^^^^^^

testsrc/Listtest.hs:18:15: warning: [GHC-63397] [-Wname-shadowing]
    This binding for ‘exp’ shadows the existing binding
      imported from ‘Prelude’ at testsrc/Listtest.hs:9:8-15
      (and originally defined in ‘ghc-internal-9.1002.0:GHC.Internal.Float’)
   |
18 |         f inp exp = TestCase $ exp @=? (delFromAL inp "testkey") in
   |               ^^^

testsrc/Listtest.hs:30:1: warning: [GHC-38417] [-Wmissing-signatures]
    Top-level binding with no type signature: test_addToAL :: [Test]
   |
30 | test_addToAL =
   | ^^^^^^^^^^^^

testsrc/Listtest.hs:32:15: warning: [GHC-63397] [-Wname-shadowing]
    This binding for ‘exp’ shadows the existing binding
      imported from ‘Prelude’ at testsrc/Listtest.hs:9:8-15
      (and originally defined in ‘ghc-internal-9.1002.0:GHC.Internal.Float’)
   |
32 |         f inp exp = TestCase $ exp @=? (addToAL inp "testkey" 101) in
   |               ^^^

testsrc/Listtest.hs:39:1: warning: [GHC-38417] [-Wmissing-signatures]
    Top-level binding with no type signature: test_split :: [Test]
   |
39 | test_split =
   | ^^^^^^^^^^

testsrc/Listtest.hs:40:21: warning: [GHC-63397] [-Wname-shadowing]
    This binding for ‘exp’ shadows the existing binding
      imported from ‘Prelude’ at testsrc/Listtest.hs:9:8-15
      (and originally defined in ‘ghc-internal-9.1002.0:GHC.Internal.Float’)
   |
40 |     let f delim inp exp = TestCase $ exp @=? split delim inp in
   |                     ^^^

testsrc/Listtest.hs:48:1: warning: [GHC-38417] [-Wmissing-signatures]
    Top-level binding with no type signature: test_join :: [Test]
   |
48 | test_join =
   | ^^^^^^^^^

testsrc/Listtest.hs:50:21: warning: [GHC-63397] [-Wname-shadowing]
    This binding for ‘exp’ shadows the existing binding
      imported from ‘Prelude’ at testsrc/Listtest.hs:9:8-15
      (and originally defined in ‘ghc-internal-9.1002.0:GHC.Internal.Float’)
   |
50 |         f delim inp exp = TestCase $ exp @=? join delim inp in
   |                     ^^^

testsrc/Listtest.hs:58:1: warning: [GHC-38417] [-Wmissing-signatures]
    Top-level binding with no type signature: test_replace :: [Test]
   |
58 | test_replace =
   | ^^^^^^^^^^^^

testsrc/Listtest.hs:59:23: warning: [GHC-63397] [-Wname-shadowing]
    This binding for ‘exp’ shadows the existing binding
      imported from ‘Prelude’ at testsrc/Listtest.hs:9:8-15
      (and originally defined in ‘ghc-internal-9.1002.0:GHC.Internal.Float’)
   |
59 |     let f old new inp exp = TestCase $ exp @=? replace old new inp in
   |                       ^^^

testsrc/Listtest.hs:69:1: warning: [GHC-38417] [-Wmissing-signatures]
    Top-level binding with no type signature:
      test_genericJoin :: [Test]
   |
69 | test_genericJoin =
   | ^^^^^^^^^^^^^^^^

testsrc/Listtest.hs:70:21: warning: [GHC-63397] [-Wname-shadowing]
    This binding for ‘exp’ shadows the existing binding
      imported from ‘Prelude’ at testsrc/Listtest.hs:9:8-15
      (and originally defined in ‘ghc-internal-9.1002.0:GHC.Internal.Float’)
   |
70 |     let f delim inp exp = TestCase $ exp @=? genericJoin delim inp in
   |                     ^^^

testsrc/Listtest.hs:72:10: warning: [GHC-18042] [-Wtype-defaults]
    • Defaulting the type variable ‘a0’ to type ‘Integer’ in the following constraints
        (Show a0) arising from a use of ‘f’ at testsrc/Listtest.hs:72:10
        (Num a0) arising from the literal ‘1’ at testsrc/Listtest.hs:72:18
    • In the expression: f ", " [1, 2, 3, 4] "1, 2, 3, 4"
      In the expression:
        [f ", " [1, 2, ....] "1, 2, 3, 4", f ", " ([] :: [Int]) "",
         f "|" ["foo", "bar", ....] "\"foo\"|\"bar\"|\"baz\"",
         f ", " [5] "5"]
      In the expression:
        let f delim inp exp = TestCase $ exp @=? genericJoin delim inp
        in
          [f ", " [1, ....] "1, 2, 3, 4", f ", " ([] :: [Int]) "",
           f "|" ["foo", ....] "\"foo\"|\"bar\"|\"baz\"", ....]
   |
72 |          f ", " [1, 2, 3, 4] "1, 2, 3, 4"
   |          ^

testsrc/Listtest.hs:75:10: warning: [GHC-18042] [-Wtype-defaults]
    • Defaulting the type variable ‘a0’ to type ‘Integer’ in the following constraints
        (Show a0) arising from a use of ‘f’ at testsrc/Listtest.hs:75:10
        (Num a0) arising from the literal ‘5’ at testsrc/Listtest.hs:75:18
    • In the expression: f ", " [5] "5"
      In the expression:
        [f ", " [1, 2, ....] "1, 2, 3, 4", f ", " ([] :: [Int]) "",
         f "|" ["foo", "bar", ....] "\"foo\"|\"bar\"|\"baz\"",
         f ", " [5] "5"]
      In the expression:
        let f delim inp exp = TestCase $ exp @=? genericJoin delim inp
        in
          [f ", " [1, ....] "1, 2, 3, 4", f ", " ([] :: [Int]) "",
           f "|" ["foo", ....] "\"foo\"|\"bar\"|\"baz\"", ....]
   |
75 |         ,f ", " [5] "5"
   |          ^

testsrc/Listtest.hs:78:1: warning: [GHC-38417] [-Wmissing-signatures]
    Top-level binding with no type signature: test_flipAL :: [Test]
   |
78 | test_flipAL =
   | ^^^^^^^^^^^

testsrc/Listtest.hs:79:15: warning: [GHC-63397] [-Wname-shadowing]
    This binding for ‘exp’ shadows the existing binding
      imported from ‘Prelude’ at testsrc/Listtest.hs:9:8-15
      (and originally defined in ‘ghc-internal-9.1002.0:GHC.Internal.Float’)
   |
79 |     let f inp exp = TestCase $ exp @=? flipAL inp in
   |               ^^^

testsrc/Listtest.hs:90:1: warning: [GHC-38417] [-Wmissing-signatures]
    Top-level binding with no type signature: test_uniq :: [Test]
   |
90 | test_uniq =
   | ^^^^^^^^^

testsrc/Listtest.hs:91:15: warning: [GHC-63397] [-Wname-shadowing]
    This binding for ‘exp’ shadows the existing binding
      imported from ‘Prelude’ at testsrc/Listtest.hs:9:8-15
      (and originally defined in ‘ghc-internal-9.1002.0:GHC.Internal.Float’)
   |
91 |     let f inp exp = TestCase $ exp @=? uniq inp in
   |               ^^^

testsrc/Listtest.hs:106:1: warning: [GHC-38417] [-Wmissing-signatures]
    Top-level binding with no type signature: test_trunc :: [Test]
    |
106 | test_trunc =
    | ^^^^^^^^^^

testsrc/Listtest.hs:107:19: warning: [GHC-63397] [-Wname-shadowing]
    This binding for ‘exp’ shadows the existing binding
      imported from ‘Prelude’ at testsrc/Listtest.hs:9:8-15
      (and originally defined in ‘ghc-internal-9.1002.0:GHC.Internal.Float’)
    |
107 |     let f len inp exp = TestCase $ exp @=? take len inp in
    |                   ^^^

testsrc/Listtest.hs:114:10: warning: [GHC-18042] [-Wtype-defaults]
    • Defaulting the type variable ‘a0’ to type ‘Integer’ in the following constraints
        (Eq a0) arising from a use of ‘f’ at testsrc/Listtest.hs:114:10
        (Show a0) arising from a use of ‘f’ at testsrc/Listtest.hs:114:10
        (Num a0) arising from the literal ‘1’ at testsrc/Listtest.hs:114:15
    • In the expression: f 2 [1, 2, 3, 4, ....] [1, 2]
      In the expression:
        [f 2 "Hello" "He", f 1 "Hello" "H", f 0 "Hello" "", f 2 "H" "H",
         ....]
      In the expression:
        let f len inp exp = TestCase $ exp @=? take len inp
        in [f 2 "Hello" "He", f 1 "Hello" "H", f 0 "Hello" "", ....]
    |
114 |         ,f 2 [1, 2, 3, 4, 5] [1, 2]
    |          ^

testsrc/Listtest.hs:119:1: warning: [GHC-38417] [-Wmissing-signatures]
    Top-level binding with no type signature: test_contains :: [Test]
    |
119 | test_contains =
    | ^^^^^^^^^^^^^

testsrc/Listtest.hs:120:28: warning: [GHC-63397] [-Wname-shadowing]
    This binding for ‘exp’ shadows the existing binding
      imported from ‘Prelude’ at testsrc/Listtest.hs:9:8-15
      (and originally defined in ‘ghc-internal-9.1002.0:GHC.Internal.Float’)
    |
120 |     let f msg sub testlist exp = TestCase $ assertEqual msg exp (contains sub testlist) in
    |                            ^^^

testsrc/Listtest.hs:135:1: warning: [GHC-38417] [-Wmissing-signatures]
    Top-level binding with no type signature: test_elemRIndex :: [Test]
    |
135 | test_elemRIndex =
    | ^^^^^^^^^^^^^^^

testsrc/Listtest.hs:136:20: warning: [GHC-63397] [-Wname-shadowing]
    This binding for ‘exp’ shadows the existing binding
      imported from ‘Prelude’ at testsrc/Listtest.hs:9:8-15
      (and originally defined in ‘ghc-internal-9.1002.0:GHC.Internal.Float’)
    |
136 |     let f item inp exp = TestCase $ exp @=? elemRIndex item inp in
    |                    ^^^

testsrc/Listtest.hs:148:1: warning: [GHC-38417] [-Wmissing-signatures]
    Top-level binding with no type signature:
      test_alwaysElemRIndex :: [Test]
    |
148 | test_alwaysElemRIndex =
    | ^^^^^^^^^^^^^^^^^^^^^

testsrc/Listtest.hs:149:20: warning: [GHC-63397] [-Wname-shadowing]
    This binding for ‘exp’ shadows the existing binding
      imported from ‘Prelude’ at testsrc/Listtest.hs:9:8-15
      (and originally defined in ‘ghc-internal-9.1002.0:GHC.Internal.Float’)
    |
149 |     let f item inp exp = TestCase $ exp @=? alwaysElemRIndex item inp in
    |                    ^^^

testsrc/Listtest.hs:156:1: warning: [GHC-38417] [-Wmissing-signatures]
    Top-level binding with no type signature: test_subIndex :: [Test]
    |
156 | test_subIndex =
    | ^^^^^^^^^^^^^

testsrc/Listtest.hs:157:20: warning: [GHC-63397] [-Wname-shadowing]
    This binding for ‘exp’ shadows the existing binding
      imported from ‘Prelude’ at testsrc/Listtest.hs:9:8-15
      (and originally defined in ‘ghc-internal-9.1002.0:GHC.Internal.Float’)
    |
157 |     let f item inp exp = TestCase $ exp @=? subIndex item inp in
    |                    ^^^

testsrc/Listtest.hs:166:1: warning: [GHC-38417] [-Wmissing-signatures]
    Top-level binding with no type signature: test_fixedWidth :: [Test]
    |
166 | test_fixedWidth =
    | ^^^^^^^^^^^^^^^

testsrc/Listtest.hs:167:26: warning: [GHC-63397] [-Wname-shadowing]
    This binding for ‘exp’ shadows the existing binding
      imported from ‘Prelude’ at testsrc/Listtest.hs:9:8-15
      (and originally defined in ‘ghc-internal-9.1002.0:GHC.Internal.Float’)
    |
167 |     let f inplen inplist exp = TestLabel ((show inplen) ++ ", " ++
    |                          ^^^

testsrc/Listtest.hs:172:10: warning: [GHC-18042] [-Wtype-defaults]
    • Defaulting the type variable ‘a0’ to type ‘Integer’ in the following constraints
        (Show a0) arising from a use of ‘f’ at testsrc/Listtest.hs:172:10
        (Eq a0) arising from a use of ‘f’ at testsrc/Listtest.hs:172:10
        (Num a0) arising from the literal ‘5’ at testsrc/Listtest.hs:172:17
    • In the expression: f [1] [5] [[5]]
      In the expression:
        [f [] ([] :: [Int]) ([] :: [[Int]]), f [1] [5] [[5]],
         f [1] [3, 4, ....] [[3], [4, ....]],
         f [1] ([] :: [Int]) ([] :: [[Int]]), ....]
      In the expression:
        let
          f inplen inplist exp
            = TestLabel ((show inplen) ++ ", " ++ (show inplist))
                $ TestCase $ wholeMap (fixedWidth inplen) inplist @=? exp
        in
          [f [] ([] :: [Int]) ([] :: [[Int]]), f [1] [5] [[...]],
           f [1] [3, ....] [[...], ....], ....]
    |
172 |         ,f [1] [5] [[5]]
    |          ^

testsrc/Listtest.hs:173:10: warning: [GHC-18042] [-Wtype-defaults]
    • Defaulting the type variable ‘a0’ to type ‘Integer’ in the following constraints
        (Show a0) arising from a use of ‘f’ at testsrc/Listtest.hs:173:10
        (Eq a0) arising from a use of ‘f’ at testsrc/Listtest.hs:173:10
        (Num a0) arising from the literal ‘3’ at testsrc/Listtest.hs:173:17
    • In the expression: f [1] [3, 4, 5, 6] [[3], [4, 5, 6]]
      In the expression:
        [f [] ([] :: [Int]) ([] :: [[Int]]), f [1] [5] [[5]],
         f [1] [3, 4, ....] [[3], [4, ....]],
         f [1] ([] :: [Int]) ([] :: [[Int]]), ....]
      In the expression:
        let
          f inplen inplist exp
            = TestLabel ((show inplen) ++ ", " ++ (show inplist))
                $ TestCase $ wholeMap (fixedWidth inplen) inplist @=? exp
        in
          [f [] ([] :: [Int]) ([] :: [[Int]]), f [1] [5] [[...]],
           f [1] [3, ....] [[...], ....], ....]
    |
173 |         ,f [1] [3, 4, 5, 6] [[3], [4, 5, 6]]
    |          ^

testsrc/Listtest.hs:175:10: warning: [GHC-18042] [-Wtype-defaults]
    • Defaulting the type variable ‘a0’ to type ‘Integer’ in the following constraints
        (Show a0) arising from a use of ‘f’ at testsrc/Listtest.hs:175:10
        (Eq a0) arising from a use of ‘f’ at testsrc/Listtest.hs:175:10
        (Num a0) arising from the literal ‘3’ at testsrc/Listtest.hs:175:17
    • In the expression: f [2] [3] [[3]]
      In the expression:
        [f [] ([] :: [Int]) ([] :: [[Int]]), f [1] [5] [[5]],
         f [1] [3, 4, ....] [[3], [4, ....]],
         f [1] ([] :: [Int]) ([] :: [[Int]]), ....]
      In the expression:
        let
          f inplen inplist exp
            = TestLabel ((show inplen) ++ ", " ++ (show inplist))
                $ TestCase $ wholeMap (fixedWidth inplen) inplist @=? exp
        in
          [f [] ([] :: [Int]) ([] :: [[Int]]), f [1] [5] [[...]],
           f [1] [3, ....] [[...], ....], ....]
    |
175 |         ,f [2] [3] [[3]]
    |          ^

testsrc/Listtest.hs:176:10: warning: [GHC-18042] [-Wtype-defaults]
    • Defaulting the type variable ‘a0’ to type ‘Integer’ in the following constraints
        (Show a0) arising from a use of ‘f’ at testsrc/Listtest.hs:176:10
        (Eq a0) arising from a use of ‘f’ at testsrc/Listtest.hs:176:10
        (Num a0) arising from the literal ‘3’ at testsrc/Listtest.hs:176:17
    • In the expression: f [2] [3, 4, 5, 6] [[3, 4], [5, 6]]
      In the expression:
        [f [] ([] :: [Int]) ([] :: [[Int]]), f [1] [5] [[5]],
         f [1] [3, 4, ....] [[3], [4, ....]],
         f [1] ([] :: [Int]) ([] :: [[Int]]), ....]
      In the expression:
        let
          f inplen inplist exp
            = TestLabel ((show inplen) ++ ", " ++ (show inplist))
                $ TestCase $ wholeMap (fixedWidth inplen) inplist @=? exp
        in
          [f [] ([] :: [Int]) ([] :: [[Int]]), f [1] [5] [[...]],
           f [1] [3, ....] [[...], ....], ....]
    |
176 |         ,f [2] [3, 4, 5, 6] [[3, 4], [5, 6]]
    |          ^

testsrc/Listtest.hs:177:10: warning: [GHC-18042] [-Wtype-defaults]
    • Defaulting the type variable ‘a0’ to type ‘Integer’ in the following constraints
        (Show a0) arising from a use of ‘f’ at testsrc/Listtest.hs:177:10
        (Eq a0) arising from a use of ‘f’ at testsrc/Listtest.hs:177:10
        (Num a0) arising from the literal ‘3’ at testsrc/Listtest.hs:177:17
    • In the expression: f [2] [3, 4, 5] [[3, 4], [5]]
      In the expression:
        [f [] ([] :: [Int]) ([] :: [[Int]]), f [1] [5] [[5]],
         f [1] [3, 4, ....] [[3], [4, ....]],
         f [1] ([] :: [Int]) ([] :: [[Int]]), ....]
      In the expression:
        let
          f inplen inplist exp
            = TestLabel ((show inplen) ++ ", " ++ (show inplist))
                $ TestCase $ wholeMap (fixedWidth inplen) inplist @=? exp
        in
          [f [] ([] :: [Int]) ([] :: [[Int]]), f [1] [5] [[...]],
           f [1] [3, ....] [[...], ....], ....]
    |
177 |         ,f [2] [3, 4, 5] [[3, 4], [5]]
    |          ^

testsrc/Listtest.hs:185:1: warning: [GHC-38417] [-Wmissing-signatures]
    Top-level binding with no type signature: test_strToAL :: [Test]
    |
185 | test_strToAL =
    | ^^^^^^^^^^^^

testsrc/Listtest.hs:186:15: warning: [GHC-63397] [-Wname-shadowing]
    This binding for ‘exp’ shadows the existing binding
      imported from ‘Prelude’ at testsrc/Listtest.hs:9:8-15
      (and originally defined in ‘ghc-internal-9.1002.0:GHC.Internal.Float’)
    |
186 |     let f inp exp = TestLabel (show inp) $ TestCase $ do let r = strFromAL inp
    |               ^^^

testsrc/Listtest.hs:200:1: warning: [GHC-38417] [-Wmissing-signatures]
    Top-level binding with no type signature: test_spanList :: [Test]
    |
200 | test_spanList =
    | ^^^^^^^^^^^^^

testsrc/Listtest.hs:201:20: warning: [GHC-63397] [-Wname-shadowing]
    This binding for ‘exp’ shadows the existing binding
      imported from ‘Prelude’ at testsrc/Listtest.hs:9:8-15
      (and originally defined in ‘ghc-internal-9.1002.0:GHC.Internal.Float’)
    |
201 |     let f func inp exp = TestLabel (show inp) $ TestCase $ exp @=? spanList func inp
    |                    ^^^

testsrc/Listtest.hs:213:1: warning: [GHC-38417] [-Wmissing-signatures]
    Top-level binding with no type signature:
      prop_merge :: [Int] -> [Int] -> Bool
    |
213 | prop_merge xs ys =
    | ^^^^^^^^^^

testsrc/Listtest.hs:213:1: warning: [GHC-40910] [-Wunused-top-binds]
    Defined but not used: ‘prop_merge’
    |
213 | prop_merge xs ys =
    | ^^^^^^^^^^

testsrc/Listtest.hs:215:17: warning: [GHC-40910] [-Wunused-local-binds]
    Defined but not used: ‘types’
    |
215 |           where types = xs :: [Int]
    |                 ^^^^^

testsrc/Listtest.hs:220:1: warning: [GHC-38417] [-Wmissing-signatures]
    Top-level binding with no type signature:
      prop_mergeBy :: [Int] -> [Int] -> Bool
    |
220 | prop_mergeBy xs ys =
    | ^^^^^^^^^^^^

testsrc/Listtest.hs:220:1: warning: [GHC-40910] [-Wunused-top-binds]
    Defined but not used: ‘prop_mergeBy’
    |
220 | prop_mergeBy xs ys =
    | ^^^^^^^^^^^^

testsrc/Listtest.hs:222:17: warning: [GHC-40910] [-Wunused-local-binds]
    Defined but not used: ‘types’
    |
222 |           where types = xs :: [Int]
    |                 ^^^^^

testsrc/Listtest.hs:225:1: warning: [GHC-38417] [-Wmissing-signatures]
    Top-level binding with no type signature: tests :: Test
    |
225 | tests = TestList [-- test_merge,
    | ^^^^^

[ 5 of 20] Compiling MIMETypestest
testsrc/MIMETypestest.hs:11:8: warning: [GHC-82347] [-Wcompat-unqualified-imports]
    To ensure compatibility with future core libraries changes
    imports to Data.List should be
    either qualified or have an explicit import list.
   |
11 | import Data.List
   |        ^^^^^^^^^

testsrc/MIMETypestest.hs:14:1: warning: [GHC-38417] [-Wmissing-signatures]
    Top-level binding with no type signature:
      test_readMIMETypes :: [Test]
   |
14 | test_readMIMETypes =
   | ^^^^^^^^^^^^^^^^^^

testsrc/MIMETypestest.hs:16:25: warning: [GHC-63397] [-Wname-shadowing]
    This binding for ‘exp’ shadows the existing binding
      imported from ‘Prelude’ at testsrc/MIMETypestest.hs:9:8-20
      (and originally defined in ‘ghc-internal-9.1002.0:GHC.Internal.Float’)
   |
16 |         f = \strict inp exp -> TestCase $ do
   |                         ^^^

testsrc/MIMETypestest.hs:19:26: warning: [GHC-63397] [-Wname-shadowing]
    This binding for ‘exp’ shadows the existing binding
      imported from ‘Prelude’ at testsrc/MIMETypestest.hs:9:8-20
      (and originally defined in ‘ghc-internal-9.1002.0:GHC.Internal.Float’)
   |
19 |         fe = \strict inp exp -> TestCase $ do mtd <- omtd
   |                          ^^^

testsrc/MIMETypestest.hs:34:1: warning: [GHC-38417] [-Wmissing-signatures]
    Top-level binding with no type signature:
      test_guessAllExtensions :: [Test]
   |
34 | test_guessAllExtensions =
   | ^^^^^^^^^^^^^^^^^^^^^^^

testsrc/MIMETypestest.hs:35:22: warning: [GHC-63397] [-Wname-shadowing]
    This binding for ‘exp’ shadows the existing binding
      imported from ‘Prelude’ at testsrc/MIMETypestest.hs:9:8-20
      (and originally defined in ‘ghc-internal-9.1002.0:GHC.Internal.Float’)
   |
35 |     let f strict inp exp = TestCase $ (sort exp) @=? sort (guessAllExtensions defaultmtd strict inp) in
   |                      ^^^

testsrc/MIMETypestest.hs:45:1: warning: [GHC-38417] [-Wmissing-signatures]
    Top-level binding with no type signature: test_guessType :: [Test]
   |
45 | test_guessType =
   | ^^^^^^^^^^^^^^

testsrc/MIMETypestest.hs:46:22: warning: [GHC-63397] [-Wname-shadowing]
    This binding for ‘exp’ shadows the existing binding
      imported from ‘Prelude’ at testsrc/MIMETypestest.hs:9:8-20
      (and originally defined in ‘ghc-internal-9.1002.0:GHC.Internal.Float’)
   |
46 |     let f strict inp exp = TestCase $ exp @=? guessType defaultmtd strict inp in
   |                      ^^^

testsrc/MIMETypestest.hs:62:1: warning: [GHC-38417] [-Wmissing-signatures]
    Top-level binding with no type signature: tests :: Test
   |
62 | tests = TestList [TestLabel "guessType" (TestList test_guessType),
   | ^^^^^

[ 6 of 20] Compiling Maptest
testsrc/Maptest.hs:15:1: warning: [GHC-38417] [-Wmissing-signatures]
    Top-level binding with no type signature: test_flipM :: [Test]
   |
15 | test_flipM =
   | ^^^^^^^^^^

testsrc/Maptest.hs:16:15: warning: [GHC-63397] [-Wname-shadowing]
    This binding for ‘exp’ shadows the existing binding
      imported from ‘Prelude’ at testsrc/Maptest.hs:10:8-14
      (and originally defined in ‘ghc-internal-9.1002.0:GHC.Internal.Float’)
   |
16 |     let f inp exp = TestCase $ (M.fromList exp) @=? flipM (M.fromList inp) in
   |               ^^^

testsrc/Maptest.hs:27:1: warning: [GHC-38417] [-Wmissing-signatures]
    Top-level binding with no type signature:
      test_flippedLookupM :: [Test]
   |
27 | test_flippedLookupM =
   | ^^^^^^^^^^^^^^^^^^^

testsrc/Maptest.hs:28:20: warning: [GHC-63397] [-Wname-shadowing]
    This binding for ‘exp’ shadows the existing binding
      imported from ‘Prelude’ at testsrc/Maptest.hs:10:8-14
      (and originally defined in ‘ghc-internal-9.1002.0:GHC.Internal.Float’)
   |
28 |     let f item inp exp = TestCase $ exp @=? flippedLookupM item (M.fromList inp) in
   |                    ^^^

testsrc/Maptest.hs:36:1: warning: [GHC-38417] [-Wmissing-signatures]
    Top-level binding with no type signature: tests :: Test
   |
36 | tests = TestList [TestLabel "flipM" (TestList test_flipM),
   | ^^^^^

[ 7 of 20] Compiling Pathtest
testsrc/Pathtest.hs:15:1: warning: [GHC-38417] [-Wmissing-signatures]
    Top-level binding with no type signature: sep :: [Char] -> [Char]
   |
15 | sep = map (\c -> if c == '/' then pathSeparator else c)
   | ^^^

testsrc/Pathtest.hs:17:1: warning: [GHC-38417] [-Wmissing-signatures]
    Top-level binding with no type signature:
      test_absNormPath :: [Test]
   |
17 | test_absNormPath =
   | ^^^^^^^^^^^^^^^^

testsrc/Pathtest.hs:22:31: warning: [GHC-63397] [-Wname-shadowing]
    This binding for ‘exp’ shadows the existing binding
      imported from ‘Prelude’ at testsrc/Pathtest.hs:10:8-15
      (and originally defined in ‘ghc-internal-9.1002.0:GHC.Internal.Float’)
   |
22 |                               exp  = fmap sep exp'
   |                               ^^^

testsrc/Pathtest.hs:40:1: warning: [GHC-38417] [-Wmissing-signatures]
    Top-level binding with no type signature:
      test_secureAbsNormPath :: [Test]
   |
40 | test_secureAbsNormPath =
   | ^^^^^^^^^^^^^^^^^^^^^^

testsrc/Pathtest.hs:45:31: warning: [GHC-63397] [-Wname-shadowing]
    This binding for ‘exp’ shadows the existing binding
      imported from ‘Prelude’ at testsrc/Pathtest.hs:10:8-15
      (and originally defined in ‘ghc-internal-9.1002.0:GHC.Internal.Float’)
   |
45 |                               exp  = fmap sep exp'
   |                               ^^^

testsrc/Pathtest.hs:65:1: warning: [GHC-38417] [-Wmissing-signatures]
    Top-level binding with no type signature: test_splitExt :: [Test]
   |
65 | test_splitExt =
   | ^^^^^^^^^^^^^

testsrc/Pathtest.hs:69:31: warning: [GHC-63397] [-Wname-shadowing]
    This binding for ‘exp’ shadows the existing binding
      imported from ‘Prelude’ at testsrc/Pathtest.hs:10:8-15
      (and originally defined in ‘ghc-internal-9.1002.0:GHC.Internal.Float’)
   |
69 |                               exp = (\(x,y) -> (sep x, y)) exp'
   |                               ^^^

testsrc/Pathtest.hs:79:1: warning: [GHC-38417] [-Wmissing-signatures]
    Top-level binding with no type signature: tests :: Test
   |
79 | tests = TestList [TestLabel "splitExt" (TestList test_splitExt)
   | ^^^^^

[ 8 of 20] Compiling ProgressTrackertest
testsrc/ProgressTrackertest.hs:14:1: warning: [GHC-38417] [-Wmissing-signatures]
    Top-level binding with no type signature:
      setup :: IO (Progress, MVar Integer)
   |
14 | setup =
   | ^^^^^

testsrc/ProgressTrackertest.hs:20:1: warning: [GHC-38417] [-Wmissing-signatures]
    Top-level binding with no type signature:
      settime :: MVar a -> a -> IO ()
   |
20 | settime timem newval = swapMVar timem newval >> return ()
   | ^^^^^^^

testsrc/ProgressTrackertest.hs:22:1: warning: [GHC-38417] [-Wmissing-signatures]
    Top-level binding with no type signature: test_incrP :: IO ()
   |
22 | test_incrP =
   | ^^^^^^^^^^

testsrc/ProgressTrackertest.hs:23:13: warning: [GHC-40910] [-Wunused-matches]
    Defined but not used: ‘timem’
   |
23 |     do (po, timem) <- setup
   |             ^^^^^

testsrc/ProgressTrackertest.hs:45:1: warning: [GHC-38417] [-Wmissing-signatures]
    Top-level binding with no type signature: test_setP :: IO ()
   |
45 | test_setP =
   | ^^^^^^^^^

testsrc/ProgressTrackertest.hs:46:13: warning: [GHC-40910] [-Wunused-matches]
    Defined but not used: ‘timem’
   |
46 |     do (po, timem) <- setup
   |             ^^^^^

testsrc/ProgressTrackertest.hs:68:1: warning: [GHC-38417] [-Wmissing-signatures]
    Top-level binding with no type signature: test_speed :: IO ()
   |
68 | test_speed =
   | ^^^^^^^^^^

testsrc/ProgressTrackertest.hs:70:8: warning: [GHC-18042] [-Wtype-defaults]
    • Defaulting the type variable ‘a0’ to type ‘Double’ in the following constraints
        (Fractional a0)
          arising from a use of ‘getSpeed’
          at testsrc/ProgressTrackertest.hs:70:8-15
        (Eq a0)
          arising from a use of ‘assertEqual’
          at testsrc/ProgressTrackertest.hs:70:24-34
        (Show a0)
          arising from a use of ‘assertEqual’
          at testsrc/ProgressTrackertest.hs:70:24-34
        (Num a0)
          arising from the literal ‘0’
          at testsrc/ProgressTrackertest.hs:70:52
    • In the first argument of ‘(>>=)’, namely ‘getSpeed po’
      In a stmt of a 'do' block:
        getSpeed po >>= assertEqual "initial speed" 0
      In the expression:
        do (po, timem) <- setup
           getSpeed po >>= assertEqual "initial speed" 0
           getETR po >>= assertEqual "initial ETR" 0
           getETA po >>= assertEqual "initial ETA" 0
           ....
   |
70 |        getSpeed po >>= assertEqual "initial speed" 0
   |        ^^^^^^^^

testsrc/ProgressTrackertest.hs:75:8: warning: [GHC-18042] [-Wtype-defaults]
    • Defaulting the type variable ‘a0’ to type ‘Double’ in the following constraints
        (Fractional a0)
          arising from a use of ‘getSpeed’
          at testsrc/ProgressTrackertest.hs:75:8-15
        (Eq a0)
          arising from a use of ‘assertEqual’
          at testsrc/ProgressTrackertest.hs:75:24-34
        (Show a0)
          arising from a use of ‘assertEqual’
          at testsrc/ProgressTrackertest.hs:75:24-34
        (Num a0)
          arising from the literal ‘0’
          at testsrc/ProgressTrackertest.hs:75:55
    • In the first argument of ‘(>>=)’, namely ‘getSpeed po’
      In a stmt of a 'do' block:
        getSpeed po >>= assertEqual "speed after incr" 0
      In the expression:
        do (po, timem) <- setup
           getSpeed po >>= assertEqual "initial speed" 0
           getETR po >>= assertEqual "initial ETR" 0
           getETA po >>= assertEqual "initial ETA" 0
           ....
   |
75 |        getSpeed po >>= assertEqual "speed after incr" 0
   |        ^^^^^^^^

testsrc/ProgressTrackertest.hs:80:8: warning: [GHC-18042] [-Wtype-defaults]
    • Defaulting the type variable ‘a0’ to type ‘Double’ in the following constraints
        (Fractional a0)
          arising from a use of ‘getSpeed’
          at testsrc/ProgressTrackertest.hs:80:8-15
        (Eq a0)
          arising from a use of ‘assertEqual’
          at testsrc/ProgressTrackertest.hs:80:24-34
        (Show a0)
          arising from a use of ‘assertEqual’
          at testsrc/ProgressTrackertest.hs:80:24-34
    • In the first argument of ‘(>>=)’, namely ‘getSpeed po’
      In a stmt of a 'do' block:
        getSpeed po >>= assertEqual "first speed" 2.0
      In the expression:
        do (po, timem) <- setup
           getSpeed po >>= assertEqual "initial speed" 0
           getETR po >>= assertEqual "initial ETR" 0
           getETA po >>= assertEqual "initial ETA" 0
           ....
   |
80 |        getSpeed po >>= assertEqual "first speed" 2.0
   |        ^^^^^^^^

testsrc/ProgressTrackertest.hs:85:8: warning: [GHC-18042] [-Wtype-defaults]
    • Defaulting the type variable ‘a0’ to type ‘Double’ in the following constraints
        (Fractional a0)
          arising from a use of ‘getSpeed’
          at testsrc/ProgressTrackertest.hs:85:8-15
        (Eq a0)
          arising from a use of ‘assertEqual’
          at testsrc/ProgressTrackertest.hs:85:24-34
        (Show a0)
          arising from a use of ‘assertEqual’
          at testsrc/ProgressTrackertest.hs:85:24-34
    • In the first argument of ‘(>>=)’, namely ‘getSpeed po’
      In a stmt of a 'do' block:
        getSpeed po >>= assertEqual "speed 2" 20.0
      In the expression:
        do (po, timem) <- setup
           getSpeed po >>= assertEqual "initial speed" 0
           getETR po >>= assertEqual "initial ETR" 0
           getETA po >>= assertEqual "initial ETA" 0
           ....
   |
85 |        getSpeed po >>= assertEqual "speed 2" 20.0
   |        ^^^^^^^^

testsrc/ProgressTrackertest.hs:91:8: warning: [GHC-18042] [-Wtype-defaults]
    • Defaulting the type variable ‘a0’ to type ‘Double’ in the following constraints
        (Fractional a0)
          arising from a use of ‘getSpeed’
          at testsrc/ProgressTrackertest.hs:91:8-15
        (Eq a0)
          arising from a use of ‘assertEqual’
          at testsrc/ProgressTrackertest.hs:91:24-34
        (Show a0)
          arising from a use of ‘assertEqual’
          at testsrc/ProgressTrackertest.hs:91:24-34
    • In the first argument of ‘(>>=)’, namely ‘getSpeed po’
      In a stmt of a 'do' block:
        getSpeed po >>= assertEqual "speed 3" 0.225
      In the expression:
        do (po, timem) <- setup
           getSpeed po >>= assertEqual "initial speed" 0
           getETR po >>= assertEqual "initial ETR" 0
           getETA po >>= assertEqual "initial ETA" 0
           ....
   |
91 |        getSpeed po >>= assertEqual "speed 3" 0.225
   |        ^^^^^^^^

testsrc/ProgressTrackertest.hs:95:1: warning: [GHC-38417] [-Wmissing-signatures]
    Top-level binding with no type signature: test_callback :: IO ()
   |
95 | test_callback =
   | ^^^^^^^^^^^^^

testsrc/ProgressTrackertest.hs:98:8: warning: [GHC-40910] [-Wunused-matches]
    Defined but not used: ‘mcounter1’
   |
98 |        mcounter1 <- newMVar (0::Int)
   |        ^^^^^^^^^

testsrc/ProgressTrackertest.hs:101:9: warning: [GHC-40910] [-Wunused-matches]
    Defined but not used: ‘po3’
    |
101 |        (po3, _) <- setup
    |         ^^^

testsrc/ProgressTrackertest.hs:128:1: warning: [GHC-38417] [-Wmissing-signatures]
    Top-level binding with no type signature: tests :: Test
    |
128 | tests = TestList [TestLabel "incrP" (TestCase test_incrP),
    | ^^^^^

[ 9 of 20] Compiling Str.CSVtest
testsrc/Str/CSVtest.hs:15:1: warning: [GHC-38417] [-Wmissing-signatures]
    Top-level binding with no type signature: test_csv :: [Test]
   |
15 | test_csv =
   | ^^^^^^^^

testsrc/Str/CSVtest.hs:16:15: warning: [GHC-63397] [-Wname-shadowing]
    This binding for ‘exp’ shadows the existing binding
      imported from ‘Prelude’ at testsrc/Str/CSVtest.hs:10:8-18
      (and originally defined in ‘ghc-internal-9.1002.0:GHC.Internal.Float’)
   |
16 |     let f inp exp = TestLabel inp $ TestCase $
   |               ^^^

testsrc/Str/CSVtest.hs:32:1: warning: [GHC-38417] [-Wmissing-signatures]
    Top-level binding with no type signature: tests :: Test
   |
32 | tests = TestList [TestLabel "csv" (TestList test_csv)]
   | ^^^^^

[10 of 20] Compiling TestUtils
testsrc/TestUtils.hs:33:1: warning: [GHC-53633] [-Woverlapping-patterns]
    Pattern match is redundant
    In an equation for ‘errorCallMsg’:
        errorCallMsg (ErrorCallWithLocation msg _) = ...
   |
33 | errorCallMsg (ErrorCallWithLocation msg _) = msg
   | ^^^^^^^^^^^^^^^^^^^^^^^^^^^^^^^^^^^^^^^^^^^^^^^^

[11 of 20] Compiling Strtest
testsrc/Strtest.hs:16:1: warning: [GHC-38417] [-Wmissing-signatures]
    Top-level binding with no type signature: test_lstrip :: [Test]
   |
16 | test_lstrip =
   | ^^^^^^^^^^^

testsrc/Strtest.hs:25:1: warning: [GHC-38417] [-Wmissing-signatures]
    Top-level binding with no type signature: test_rstrip :: [Test]
   |
25 | test_rstrip =
   | ^^^^^^^^^^^

testsrc/Strtest.hs:34:1: warning: [GHC-38417] [-Wmissing-signatures]
    Top-level binding with no type signature: test_strip :: [Test]
   |
34 | test_strip =
   | ^^^^^^^^^^

testsrc/Strtest.hs:45:1: warning: [GHC-38417] [-Wmissing-signatures]
    Top-level binding with no type signature: test_splitWs :: [Test]
   |
45 | test_splitWs =
   | ^^^^^^^^^^^^

testsrc/Strtest.hs:46:11: warning: [GHC-63397] [-Wname-shadowing]
    This binding for ‘exp’ shadows the existing binding
      imported from ‘Prelude’ at testsrc/Strtest.hs:9:8-14
      (and originally defined in ‘ghc-internal-9.1002.0:GHC.Internal.Float’)
   |
46 |     let f exp inp = TestCase $ exp @=? splitWs inp
   |           ^^^

testsrc/Strtest.hs:55:1: warning: [GHC-38417] [-Wmissing-signatures]
    Top-level binding with no type signature: test_escapeRe :: [Test]
   |
55 | test_escapeRe =
   | ^^^^^^^^^^^^^

testsrc/Strtest.hs:66:1: warning: [GHC-38417] [-Wmissing-signatures]
    Top-level binding with no type signature: tests :: Test
   |
66 | tests = TestList [TestLabel "lstrip" (TestList test_lstrip),
   | ^^^^^

[12 of 20] Compiling IOtest
testsrc/IOtest.hs:11:1: warning: [GHC-66111] [-Wunused-imports]
    The import of ‘Test.HUnit’ is redundant
      except perhaps to import instances from ‘Test.HUnit’
    To import instances alone, use: import Test.HUnit()
   |
11 | import Test.HUnit
   | ^^^^^^^^^^^^^^^^^

testsrc/IOtest.hs:12:1: warning: [GHC-66111] [-Wunused-imports]
    The import of ‘System.IO’ is redundant
      except perhaps to import instances from ‘System.IO’
    To import instances alone, use: import System.IO()
   |
12 | import System.IO
   | ^^^^^^^^^^^^^^^^

testsrc/IOtest.hs:13:1: warning: [GHC-66111] [-Wunused-imports]
    The import of ‘TestUtils’ is redundant
      except perhaps to import instances from ‘TestUtils’
    To import instances alone, use: import TestUtils()
   |
13 | import TestUtils
   | ^^^^^^^^^^^^^^^^

[13 of 20] Compiling HVIOtest
testsrc/HVIOtest.hs:10:1: warning: [GHC-66111] [-Wunused-imports]
    The import of ‘Control.Exception’ is redundant
      except perhaps to import instances from ‘Control.Exception’
    To import instances alone, use: import Control.Exception()
   |
10 | import Control.Exception
   | ^^^^^^^^^^^^^^^^^^^^^^^^

testsrc/HVIOtest.hs:18:6: warning: [GHC-63397] [-Wname-shadowing]
    This binding for ‘exp’ shadows the existing binding
      imported from ‘Prelude’ at testsrc/HVIOtest.hs:9:8-15
      (and originally defined in ‘ghc-internal-9.1002.0:GHC.Internal.Float’)
   |
18 | ioeq exp inp = do x <- inp
   |      ^^^

testsrc/HVIOtest.hs:21:1: warning: [GHC-38417] [-Wmissing-signatures]
    Top-level binding with no type signature:
      test_MemoryBuffer :: [Test]
   |
21 | test_MemoryBuffer =
   | ^^^^^^^^^^^^^^^^^

testsrc/HVIOtest.hs:53:1: warning: [GHC-38417] [-Wmissing-signatures]
    Top-level binding with no type signature:
      test_StreamReader :: [Test]
   |
53 | test_StreamReader =
   | ^^^^^^^^^^^^^^^^^

testsrc/HVIOtest.hs:83:1: warning: [GHC-38417] [-Wmissing-signatures]
    Top-level binding with no type signature: tests :: Test
   |
83 | tests = TestList [TestLabel "streamReader" (TestList test_StreamReader),
   | ^^^^^

[14 of 20] Compiling HVFStest
testsrc/HVFStest.hs:15:1: warning: [GHC-66111] [-Wunused-imports]
    The import of ‘TestUtils’ is redundant
      except perhaps to import instances from ‘TestUtils’
    To import instances alone, use: import TestUtils()
   |
15 | import TestUtils
   | ^^^^^^^^^^^^^^^^

testsrc/HVFStest.hs:17:1: warning: [GHC-66111] [-Wunused-imports]
    The import of ‘System.IO.Error’ is redundant
      except perhaps to import instances from ‘System.IO.Error’
    To import instances alone, use: import System.IO.Error()
   |
17 | import System.IO.Error
   | ^^^^^^^^^^^^^^^^^^^^^^

testsrc/HVFStest.hs:18:1: warning: [GHC-66111] [-Wunused-imports]
    The import of ‘Control.Exception’ is redundant
      except perhaps to import instances from ‘Control.Exception’
    To import instances alone, use: import Control.Exception()
   |
18 | import Control.Exception
   | ^^^^^^^^^^^^^^^^^^^^^^^^

testsrc/HVFStest.hs:21:1: warning: [GHC-38417] [-Wmissing-signatures]
    Top-level binding with no type signature: sep :: [Char] -> [Char]
   |
21 | sep = map (\c -> if c == '/' then pathSeparator else c)
   | ^^^

testsrc/HVFStest.hs:24:6: warning: [GHC-63397] [-Wname-shadowing]
    This binding for ‘exp’ shadows the existing binding
      imported from ‘Prelude’ at testsrc/HVFStest.hs:9:8-15
      (and originally defined in ‘ghc-internal-9.1002.0:GHC.Internal.Float’)
   |
24 | ioeq exp inp = do x <- inp
   |      ^^^

testsrc/HVFStest.hs:27:1: warning: [GHC-38417] [-Wmissing-signatures]
    Top-level binding with no type signature:
      testTree :: [(String, MemoryEntry)]
   |
27 | testTree = [("test.txt", MemoryFile "line1\nline2\n"),
   | ^^^^^^^^

testsrc/HVFStest.hs:38:1: warning: [GHC-38417] [-Wmissing-signatures]
    Top-level binding with no type signature: test_nice_slice :: [Test]
   |
38 | test_nice_slice =
   | ^^^^^^^^^^^^^^^

testsrc/HVFStest.hs:39:11: warning: [GHC-63397] [-Wname-shadowing]
    This binding for ‘exp’ shadows the existing binding
      imported from ‘Prelude’ at testsrc/HVFStest.hs:9:8-15
      (and originally defined in ‘ghc-internal-9.1002.0:GHC.Internal.Float’)
   |
39 |     let f exp fp' = TestLabel fp $ TestCase $ exp @=? nice_slice fp
   |           ^^^

testsrc/HVFStest.hs:48:1: warning: [GHC-38417] [-Wmissing-signatures]
    Top-level binding with no type signature: test_content :: [Test]
   |
48 | test_content =
   | ^^^^^^^^^^^^

testsrc/HVFStest.hs:49:11: warning: [GHC-63397] [-Wname-shadowing]
    This binding for ‘exp’ shadows the existing binding
      imported from ‘Prelude’ at testsrc/HVFStest.hs:9:8-15
      (and originally defined in ‘ghc-internal-9.1002.0:GHC.Internal.Float’)
   |
49 |     let f exp fp' = TestLabel fp $ TestCase $
   |           ^^^

testsrc/HVFStest.hs:64:1: warning: [GHC-38417] [-Wmissing-signatures]
    Top-level binding with no type signature: test_chroot :: [Test]
   |
64 | test_chroot =
   | ^^^^^^^^^^^

testsrc/HVFStest.hs:96:1: warning: [GHC-38417] [-Wmissing-signatures]
    Top-level binding with no type signature: test_structure :: [Test]
   |
96 | test_structure =
   | ^^^^^^^^^^^^^^

testsrc/HVFStest.hs:119:1: warning: [GHC-38417] [-Wmissing-signatures]
    Top-level binding with no type signature: tests :: Test
    |
119 | tests = TestList [TestLabel "nice_slice" (TestList test_nice_slice)
    | ^^^^^

[15 of 20] Compiling Globtest
testsrc/Globtest.hs:17:1: warning: [GHC-66111] [-Wunused-imports]
    The import of ‘TestUtils’ is redundant
      except perhaps to import instances from ‘TestUtils’
    To import instances alone, use: import TestUtils()
   |
17 | import TestUtils
   | ^^^^^^^^^^^^^^^^

testsrc/Globtest.hs:21:1: warning: [GHC-66111] [-Wunused-imports]
    The import of ‘System.Posix.Directory’ is redundant
      except perhaps to import instances from ‘System.Posix.Directory’
    To import instances alone, use: import System.Posix.Directory()
   |
21 | import System.Posix.Directory hiding (createDirectory)
   | ^^^^^^^^^^^^^^^^^^^^^^^^^^^^^^^^^^^^^^^^^^^^^^^^^^^^^^

testsrc/Globtest.hs:25:8: warning: [GHC-82347] [-Wcompat-unqualified-imports]
    To ensure compatibility with future core libraries changes
    imports to Data.List should be
    either qualified or have an explicit import list.
   |
25 | import Data.List
   |        ^^^^^^^^^

testsrc/Globtest.hs:28:1: warning: [GHC-38417] [-Wmissing-signatures]
    Top-level binding with no type signature: sep :: [Char] -> [Char]
   |
28 | sep = map (\c -> if c == '/' then pathSeparator else c)
   | ^^^

testsrc/Globtest.hs:30:1: warning: [GHC-38417] [-Wmissing-signatures]
    Top-level binding with no type signature: bp :: String
   |
30 | bp = "testtmp"
   | ^^

testsrc/Globtest.hs:31:1: warning: [GHC-38417] [-Wmissing-signatures]
    Top-level binding with no type signature: touch :: [Char] -> IO ()
   |
31 | touch x = writeFile (sep x) ""
   | ^^^^^

testsrc/Globtest.hs:33:1: warning: [GHC-38417] [-Wmissing-signatures]
    Top-level binding with no type signature: globtest :: IO c -> IO c
   |
33 | globtest thetest =
   | ^^^^^^^^

testsrc/Globtest.hs:51:1: warning: [GHC-38417] [-Wmissing-signatures]
    Top-level binding with no type signature:
      eq :: (Show a, Ord a) => String -> [a] -> [a] -> Assertion
   |
51 | eq msg exp res =
   | ^^

testsrc/Globtest.hs:51:8: warning: [GHC-63397] [-Wname-shadowing]
    This binding for ‘exp’ shadows the existing binding
      imported from ‘Prelude’ at testsrc/Globtest.hs:13:8-15
      (and originally defined in ‘ghc-internal-9.1002.0:GHC.Internal.Float’)
   |
51 | eq msg exp res =
   |        ^^^

testsrc/Globtest.hs:53:1: warning: [GHC-38417] [-Wmissing-signatures]
    Top-level binding with no type signature:
      mf :: String -> IO () -> Test
   |
53 | mf msg func = TestLabel msg $ TestCase $ globtest func
   | ^^

testsrc/Globtest.hs:53:1: warning: [GHC-40910] [-Wunused-top-binds]
    Defined but not used: ‘mf’
   |
53 | mf msg func = TestLabel msg $ TestCase $ globtest func
   | ^^

testsrc/Globtest.hs:54:1: warning: [GHC-38417] [-Wmissing-signatures]
    Top-level binding with no type signature: f :: IO () -> Test
   |
54 | f func = TestCase $ globtest func
   | ^

testsrc/Globtest.hs:55:1: warning: [GHC-38417] [-Wmissing-signatures]
    Top-level binding with no type signature:
      preppath :: [Char] -> [Char]
   |
55 | preppath x = sep (bp ++ "/" ++ x)
   | ^^^^^^^^

testsrc/Globtest.hs:57:1: warning: [GHC-38417] [-Wmissing-signatures]
    Top-level binding with no type signature: test_literal :: [Test]
   |
57 | test_literal =
   | ^^^^^^^^^^^^

testsrc/Globtest.hs:65:1: warning: [GHC-38417] [-Wmissing-signatures]
    Top-level binding with no type signature: test_one_dir :: [Test]
   |
65 | test_one_dir =
   | ^^^^^^^^^^^^

testsrc/Globtest.hs:74:1: warning: [GHC-38417] [-Wmissing-signatures]
    Top-level binding with no type signature: test_nested_dir :: [Test]
   |
74 | test_nested_dir =
   | ^^^^^^^^^^^^^^^

testsrc/Globtest.hs:81:1: warning: [GHC-38417] [-Wmissing-signatures]
    Top-level binding with no type signature: test_dirnames :: [Test]
   |
81 | test_dirnames =
   | ^^^^^^^^^^^^^

testsrc/Globtest.hs:89:1: warning: [GHC-38417] [-Wmissing-signatures]
    Top-level binding with no type signature:
      test_brokensymlinks :: [Test]
   |
89 | test_brokensymlinks =
   | ^^^^^^^^^^^^^^^^^^^

testsrc/Globtest.hs:101:1: warning: [GHC-38417] [-Wmissing-signatures]
    Top-level binding with no type signature: tests :: Test
    |
101 | tests = TestList [TestLabel "test_literal" (TestList test_literal),
    | ^^^^^

[16 of 20] Compiling Eithertest
testsrc/Eithertest.hs:13:1: warning: [GHC-66111] [-Wunused-imports]
    The import of ‘Control.Exception’ is redundant
      except perhaps to import instances from ‘Control.Exception’
    To import instances alone, use: import Control.Exception()
   |
13 | import           Control.Exception
   | ^^^^^^^^^^^^^^^^^^^^^^^^^^^^^^^^^^

testsrc/Eithertest.hs:21:1: warning: [GHC-38417] [-Wmissing-signatures]
    Top-level binding with no type signature:
      test_maybeToEither :: [Test]
   |
21 | test_maybeToEither =
   | ^^^^^^^^^^^^^^^^^^

testsrc/Eithertest.hs:22:19: warning: [GHC-63397] [-Wname-shadowing]
    This binding for ‘exp’ shadows the existing binding
      imported from ‘Prelude’ at testsrc/Eithertest.hs:11:8-17
      (and originally defined in ‘ghc-internal-9.1002.0:GHC.Internal.Float’)
   |
22 |     let f msg inp exp = TestLabel msg $ TestCase $ assertEqual "" exp inp in
   |                   ^^^

testsrc/Eithertest.hs:33:1: warning: [GHC-38417] [-Wmissing-signatures]
    Top-level binding with no type signature:
      test_forceEither :: [Test]
   |
33 | test_forceEither =
   | ^^^^^^^^^^^^^^^^

testsrc/Eithertest.hs:34:19: warning: [GHC-63397] [-Wname-shadowing]
    This binding for ‘exp’ shadows the existing binding
      imported from ‘Prelude’ at testsrc/Eithertest.hs:11:8-17
      (and originally defined in ‘ghc-internal-9.1002.0:GHC.Internal.Float’)
   |
34 |     let f msg inp exp = TestLabel msg $ TestCase $ assertEqual "" exp inp in
   |                   ^^^

testsrc/Eithertest.hs:41:1: warning: [GHC-38417] [-Wmissing-signatures]
    Top-level binding with no type signature: tests :: Test
   |
41 | tests = TestList [TestLabel "test_maybeToEither" (TestList test_maybeToEither),
   | ^^^^^

[17 of 20] Compiling Timetest
testsrc/Timetest.hs:15:1: warning: [GHC-38417] [-Wmissing-signatures]
    Top-level binding with no type signature: base :: CalendarTime
   |
15 | base =CalendarTime {ctYear = 2005, ctMonth = January, ctDay = 21,
   | ^^^^

testsrc/Timetest.hs:19:1: warning: [GHC-38417] [-Wmissing-signatures]
    Top-level binding with no type signature: test_ctu2e :: [Test]
   |
19 | test_ctu2e =
   | ^^^^^^^^^^

testsrc/Timetest.hs:20:11: warning: [GHC-63397] [-Wname-shadowing]
    This binding for ‘base’ shadows the existing binding
      defined at testsrc/Timetest.hs:15:1
   |
20 |     let f base exp = TestLabel (show base) $ TestCase $ exp @=? timegm base in
   |           ^^^^

testsrc/Timetest.hs:20:16: warning: [GHC-63397] [-Wname-shadowing]
    This binding for ‘exp’ shadows the existing binding
      imported from ‘Prelude’ at testsrc/Timetest.hs:10:8-15
      (and originally defined in ‘ghc-internal-9.1002.0:GHC.Internal.Float’)
   |
20 |     let f base exp = TestLabel (show base) $ TestCase $ exp @=? timegm base in
   |                ^^^

testsrc/Timetest.hs:32:1: warning: [GHC-38417] [-Wmissing-signatures]
    Top-level binding with no type signature: test_ct2e :: [Test]
   |
32 | test_ct2e =
   | ^^^^^^^^^

testsrc/Timetest.hs:32:1: warning: [GHC-40910] [-Wunused-top-binds]
    Defined but not used: ‘test_ct2e’
   |
32 | test_ct2e =
   | ^^^^^^^^^

testsrc/Timetest.hs:33:11: warning: [GHC-63397] [-Wname-shadowing]
    This binding for ‘base’ shadows the existing binding
      defined at testsrc/Timetest.hs:15:1
   |
33 |     let f base exp = TestLabel (show base) $ TestCase $
   |           ^^^^

testsrc/Timetest.hs:33:16: warning: [GHC-63397] [-Wname-shadowing]
    This binding for ‘exp’ shadows the existing binding
      imported from ‘Prelude’ at testsrc/Timetest.hs:10:8-15
      (and originally defined in ‘ghc-internal-9.1002.0:GHC.Internal.Float’)
   |
33 |     let f base exp = TestLabel (show base) $ TestCase $
   |                ^^^

testsrc/Timetest.hs:45:1: warning: [GHC-38417] [-Wmissing-signatures]
    Top-level binding with no type signature: tests :: Test
   |
45 | tests = TestList [TestLabel "ctu2e" (TestList test_ctu2e)]
   | ^^^^^

[18 of 20] Compiling WildMatchtest
testsrc/WildMatchtest.hs:14:1: warning: [GHC-66111] [-Wunused-imports]
    The import of ‘TestUtils’ is redundant
      except perhaps to import instances from ‘TestUtils’
    To import instances alone, use: import TestUtils()
   |
14 | import TestUtils
   | ^^^^^^^^^^^^^^^^

testsrc/WildMatchtest.hs:16:1: warning: [GHC-38417] [-Wmissing-signatures]
    Top-level binding with no type signature:
      test_wildCheckCase :: [Test]
   |
16 | test_wildCheckCase =
   | ^^^^^^^^^^^^^^^^^^

testsrc/WildMatchtest.hs:39:1: warning: [GHC-38417] [-Wmissing-signatures]
    Top-level binding with no type signature: tests :: Test
   |
39 | tests = TestList [TestLabel "wildCheckCase" (TestList test_wildCheckCase)]
   | ^^^^^

[19 of 20] Compiling Tests
testsrc/Tests.hs:16:1: warning: [GHC-66111] [-Wunused-imports]
    The qualified import of ‘IOtest’ is redundant
      except perhaps to import instances from ‘IOtest’
    To import instances alone, use: import IOtest()
   |
16 | import qualified IOtest
   | ^^^^^^^^^^^^^^^^^^^^^^^

testsrc/Tests.hs:29:1: warning: [GHC-38417] [-Wmissing-signatures]
    Top-level binding with no type signature: test1 :: Test
   |
29 | test1 = TestCase ("x" @=? "x")
   | ^^^^^

testsrc/Tests.hs:31:1: warning: [GHC-38417] [-Wmissing-signatures]
    Top-level binding with no type signature: tests :: Test
   |
31 | tests = TestList [TestLabel "test1" test1,
   | ^^^^^

[20 of 20] Compiling Main
testsrc/runtests.hs:15:1: warning: [GHC-38417] [-Wmissing-signatures]
    Top-level binding with no type signature: main :: IO Counts
   |
15 | main = runTestTT tests
   | ^^^^

[21 of 21] Linking dist-newstyle/build/x86_64-linux/ghc-9.10.2/MissingH-1.6.0.2/t/runtests/build/runtests/runtests
