Resolving dependencies...
Build profile: -w ghc-9.10.2 -O1
In order, the following will be built (use -v for more details):
 - hspec-need-env-0.1.0.12 (lib) (first run)
 - hspec-need-env-0.1.0.12 (test:spec) (first run)
Configuring library for hspec-need-env-0.1.0.12...
Preprocessing library for hspec-need-env-0.1.0.12...
Building library for hspec-need-env-0.1.0.12...
[1 of 1] Compiling Test.Hspec.NeedEnv
Configuring test suite 'spec' for hspec-need-env-0.1.0.12...
Preprocessing test suite 'spec' for hspec-need-env-0.1.0.12...
Building test suite 'spec' for hspec-need-env-0.1.0.12...
[1 of 3] Compiling Synopsis
[2 of 3] Compiling Test.Hspec.NeedEnvSpec
test/Test/Hspec/NeedEnvSpec.hs:10:1: warning: [GHC-15328] [-Wdeprecations]
    Module ‘Test.Hspec.Core.Formatters’ is deprecated:
      "Use [Test.Hspec.Api.Formatters.V1](https://hackage.haskell.org/package/hspec-api/docs/Test-Hspec-Api-Formatters-V1.html) instead."
   |
10 | import Test.Hspec.Core.Formatters (Formatter)
   | ^^^^^^^^^^^^^^^^^^^^^^^^^^^^^^^^^^^^^^^^^^^^^

test/Test/Hspec/NeedEnvSpec.hs:11:1: warning: [GHC-15328] [-Wdeprecations]
    Module ‘Test.Hspec.Core.Formatters’ is deprecated:
      "Use [Test.Hspec.Api.Formatters.V1](https://hackage.haskell.org/package/hspec-api/docs/Test-Hspec-Api-Formatters-V1.html) instead."
   |
11 | import qualified Test.Hspec.Core.Formatters as F
   | ^^^^^^^^^^^^^^^^^^^^^^^^^^^^^^^^^^^^^^^^^^^^^^^^

test/Test/Hspec/NeedEnvSpec.hs:146:30: warning: [GHC-68441] [-Wdeprecations]
    In the use of record field of Config ‘configFormatter’
    (imported from Test.Hspec.Core.Runner, but defined in Test.Hspec.Core.Config.Definition):
    Deprecated: "Use [@useFormatter@](https://hackage.haskell.org/package/hspec-api/docs/Test-Hspec-Api-Formatters-V1.html#v:useFormatter) instead."
    |
146 |                              configFormatter = Just fmt
    |                              ^^^^^^^^^^^^^^^

[3 of 3] Compiling Main
[4 of 4] Linking /tmp/workdir-hspec-need-env/hspec-need-env-0.1.0.12/dist-newstyle/build/x86_64-linux/ghc-9.10.2/hspec-need-env-0.1.0.12/t/spec/build/spec/spec
