Resolving dependencies...
Build profile: -w ghc-9.10.2 -O1
In order, the following will be built (use -v for more details):
 - gi-gmodule-2.0.6 (lib:gi-gmodule) (first run)
[1 of 2] Compiling Main             ( dist-newstyle/build/x86_64-linux/ghc-9.10.2/gi-gmodule-2.0.6/setup/setup.hs, dist-newstyle/build/x86_64-linux/ghc-9.10.2/gi-gmodule-2.0.6/setup/Main.o )
[2 of 2] Linking dist-newstyle/build/x86_64-linux/ghc-9.10.2/gi-gmodule-2.0.6/setup/setup
Configuring gi-gmodule-2.0.6...
Preprocessing library for gi-gmodule-2.0.6...
Building library for gi-gmodule-2.0.6...
[ 1 of 11] Compiling GI.GModule.Config
[ 2 of 11] Compiling GI.GModule.Constants
[ 3 of 11] Compiling GI.GModule.Enums[boot]
[ 4 of 11] Compiling GI.GModule.Enums
[ 5 of 11] Compiling GI.GModule.Flags[boot]
[ 6 of 11] Compiling GI.GModule.Flags
[ 7 of 11] Compiling GI.GModule.Structs.Module[boot]
[ 8 of 11] Compiling GI.GModule.Structs.Module
[ 9 of 11] Compiling GI.GModule.Structs
[10 of 11] Compiling GI.GModule.Callbacks
[11 of 11] Compiling GI.GModule
