Resolving dependencies...
Build profile: -w ghc-9.10.2 -O1
In order, the following will be built (use -v for more details):
 - gogol-admin-directory-1.0.0 (lib) (first run)
Configuring library for gogol-admin-directory-1.0.0...
Preprocessing library for gogol-admin-directory-1.0.0...
Building library for gogol-admin-directory-1.0.0...
[  1 of 130] Compiling Gogol.Admin.Directory.Internal.Sum
[  2 of 130] Compiling Gogol.Admin.Directory.Internal.Product
[  3 of 130] Compiling Gogol.Admin.Directory.Types
[  4 of 130] Compiling Gogol.Admin.Directory.TwoStepVerification.TurnOff
[  5 of 130] Compiling Gogol.Admin.Directory.Tokens.List
[  6 of 130] Compiling Gogol.Admin.Directory.Tokens.Get
[  7 of 130] Compiling Gogol.Admin.Directory.Tokens.Delete
[  8 of 130] Compiling Gogol.Admin.Directory.Schemas.Update
[  9 of 130] Compiling Gogol.Admin.Directory.Schemas.Patch
[ 10 of 130] Compiling Gogol.Admin.Directory.Schemas.List
[ 11 of 130] Compiling Gogol.Admin.Directory.Schemas.Insert
[ 12 of 130] Compiling Gogol.Admin.Directory.Schemas.Get
[ 13 of 130] Compiling Gogol.Admin.Directory.Schemas.Delete
[ 14 of 130] Compiling Gogol.Admin.Directory.Roles.Update
[ 15 of 130] Compiling Gogol.Admin.Directory.Roles.Patch
[ 16 of 130] Compiling Gogol.Admin.Directory.Roles.List
[ 17 of 130] Compiling Gogol.Admin.Directory.Roles.Insert
[ 18 of 130] Compiling Gogol.Admin.Directory.Roles.Get
[ 19 of 130] Compiling Gogol.Admin.Directory.Roles.Delete
[ 20 of 130] Compiling Gogol.Admin.Directory.RoleAssignments.List
[ 21 of 130] Compiling Gogol.Admin.Directory.RoleAssignments.Insert
[ 22 of 130] Compiling Gogol.Admin.Directory.RoleAssignments.Get
[ 23 of 130] Compiling Gogol.Admin.Directory.RoleAssignments.Delete
[ 24 of 130] Compiling Gogol.Admin.Directory.Resources.Features.Update
[ 25 of 130] Compiling Gogol.Admin.Directory.Resources.Features.Rename
[ 26 of 130] Compiling Gogol.Admin.Directory.Resources.Features.Patch
[ 27 of 130] Compiling Gogol.Admin.Directory.Resources.Features.List
[ 28 of 130] Compiling Gogol.Admin.Directory.Resources.Features.Insert
[ 29 of 130] Compiling Gogol.Admin.Directory.Resources.Features.Get
[ 30 of 130] Compiling Gogol.Admin.Directory.Resources.Features.Delete
[ 31 of 130] Compiling Gogol.Admin.Directory.Resources.Calendars.Update
[ 32 of 130] Compiling Gogol.Admin.Directory.Resources.Calendars.Patch
[ 33 of 130] Compiling Gogol.Admin.Directory.Resources.Calendars.List
[ 34 of 130] Compiling Gogol.Admin.Directory.Resources.Calendars.Insert
[ 35 of 130] Compiling Gogol.Admin.Directory.Resources.Calendars.Get
[ 36 of 130] Compiling Gogol.Admin.Directory.Resources.Calendars.Delete
[ 37 of 130] Compiling Gogol.Admin.Directory.Resources.Buildings.Update
[ 38 of 130] Compiling Gogol.Admin.Directory.Resources.Buildings.Patch
[ 39 of 130] Compiling Gogol.Admin.Directory.Resources.Buildings.List
[ 40 of 130] Compiling Gogol.Admin.Directory.Resources.Buildings.Insert
[ 41 of 130] Compiling Gogol.Admin.Directory.Resources.Buildings.Get
[ 42 of 130] Compiling Gogol.Admin.Directory.Resources.Buildings.Delete
[ 43 of 130] Compiling Gogol.Admin.Directory.Privileges.List
[ 44 of 130] Compiling Gogol.Admin.Directory.Orgunits.Update
[ 45 of 130] Compiling Gogol.Admin.Directory.Orgunits.Patch
[ 46 of 130] Compiling Gogol.Admin.Directory.Orgunits.List
[ 47 of 130] Compiling Gogol.Admin.Directory.Orgunits.Insert
[ 48 of 130] Compiling Gogol.Admin.Directory.Orgunits.Get
[ 49 of 130] Compiling Gogol.Admin.Directory.Orgunits.Delete
[ 50 of 130] Compiling Gogol.Admin.Directory.Mobiledevices.List
[ 51 of 130] Compiling Gogol.Admin.Directory.Mobiledevices.Get
[ 52 of 130] Compiling Gogol.Admin.Directory.Mobiledevices.Delete
[ 53 of 130] Compiling Gogol.Admin.Directory.Mobiledevices.Action
[ 54 of 130] Compiling Gogol.Admin.Directory.Members.Update
[ 55 of 130] Compiling Gogol.Admin.Directory.Members.Patch
[ 56 of 130] Compiling Gogol.Admin.Directory.Members.List
[ 57 of 130] Compiling Gogol.Admin.Directory.Members.Insert
[ 58 of 130] Compiling Gogol.Admin.Directory.Members.HasMember
[ 59 of 130] Compiling Gogol.Admin.Directory.Members.Get
[ 60 of 130] Compiling Gogol.Admin.Directory.Members.Delete
[ 61 of 130] Compiling Gogol.Admin.Directory.Groups.Update
[ 62 of 130] Compiling Gogol.Admin.Directory.Groups.Patch
[ 63 of 130] Compiling Gogol.Admin.Directory.Groups.List
[ 64 of 130] Compiling Gogol.Admin.Directory.Groups.Insert
[ 65 of 130] Compiling Gogol.Admin.Directory.Groups.Get
[ 66 of 130] Compiling Gogol.Admin.Directory.Groups.Delete
[ 67 of 130] Compiling Gogol.Admin.Directory.Groups.Aliases.List
[ 68 of 130] Compiling Gogol.Admin.Directory.Groups.Aliases.Insert
[ 69 of 130] Compiling Gogol.Admin.Directory.Groups.Aliases.Delete
[ 70 of 130] Compiling Gogol.Admin.Directory.Domains.List
[ 71 of 130] Compiling Gogol.Admin.Directory.Domains.Insert
[ 72 of 130] Compiling Gogol.Admin.Directory.Domains.Get
[ 73 of 130] Compiling Gogol.Admin.Directory.Domains.Delete
[ 74 of 130] Compiling Gogol.Admin.Directory.DomainAliases.List
[ 75 of 130] Compiling Gogol.Admin.Directory.DomainAliases.Insert
[ 76 of 130] Compiling Gogol.Admin.Directory.DomainAliases.Get
[ 77 of 130] Compiling Gogol.Admin.Directory.DomainAliases.Delete
[ 78 of 130] Compiling Gogol.Admin.Directory.Customers.Update
[ 79 of 130] Compiling Gogol.Admin.Directory.Customers.Patch
[ 80 of 130] Compiling Gogol.Admin.Directory.Customers.Get
[ 81 of 130] Compiling Gogol.Admin.Directory.Chromeosdevices.Update
[ 82 of 130] Compiling Gogol.Admin.Directory.Chromeosdevices.Patch
[ 83 of 130] Compiling Gogol.Admin.Directory.Chromeosdevices.MoveDevicesToOu
[ 84 of 130] Compiling Gogol.Admin.Directory.Chromeosdevices.List
[ 85 of 130] Compiling Gogol.Admin.Directory.Chromeosdevices.Get
[ 86 of 130] Compiling Gogol.Admin.Directory.Chromeosdevices.Action
[ 87 of 130] Compiling Gogol.Admin.Directory.Asps.List
[ 88 of 130] Compiling Gogol.Admin.Directory.Asps.Get
[ 89 of 130] Compiling Gogol.Admin.Directory.Asps.Delete
[ 90 of 130] Compiling Gogol.Admin.Directory.Admin.Customers.Chrome.Printers.Patch
[ 91 of 130] Compiling Gogol.Admin.Directory.Admin.Customers.Chrome.Printers.ListPrinterModels
[ 92 of 130] Compiling Gogol.Admin.Directory.Admin.Customers.Chrome.Printers.List
[ 93 of 130] Compiling Gogol.Admin.Directory.Admin.Customers.Chrome.Printers.Get
[ 94 of 130] Compiling Gogol.Admin.Directory.Admin.Customers.Chrome.Printers.Delete
[ 95 of 130] Compiling Gogol.Admin.Directory.Admin.Customers.Chrome.Printers.Create
[ 96 of 130] Compiling Gogol.Admin.Directory.Admin.Customers.Chrome.Printers.BatchDeletePrinters
[ 97 of 130] Compiling Gogol.Admin.Directory.Admin.Customers.Chrome.Printers.BatchCreatePrinters
[ 98 of 130] Compiling Gogol.Admin.Directory.Admin.Customers.Chrome.PrintServers.Patch
[ 99 of 130] Compiling Gogol.Admin.Directory.Admin.Customers.Chrome.PrintServers.List
[100 of 130] Compiling Gogol.Admin.Directory.Admin.Customers.Chrome.PrintServers.Get
[101 of 130] Compiling Gogol.Admin.Directory.Admin.Customers.Chrome.PrintServers.Delete
[102 of 130] Compiling Gogol.Admin.Directory.Admin.Customers.Chrome.PrintServers.Create
[103 of 130] Compiling Gogol.Admin.Directory.Admin.Customers.Chrome.PrintServers.BatchDeletePrintServers
[104 of 130] Compiling Gogol.Admin.Directory.Admin.Customers.Chrome.PrintServers.BatchCreatePrintServers
[105 of 130] Compiling Gogol.Admin.Directory.Admin.Customer.Devices.Chromeos.IssueCommand
[106 of 130] Compiling Gogol.Admin.Directory.Admin.Customer.Devices.Chromeos.Commands.Get
[107 of 130] Compiling Gogol.Admin.Directory.Admin.Customer.Devices.Chromeos.BatchChangeStatus
[108 of 130] Compiling Gogol.Admin.Directory.Admin.Channels.Stop
[109 of 130] Compiling Gogol.Admin.Directory.Users.Aliases.Delete
[110 of 130] Compiling Gogol.Admin.Directory.Users.Aliases.Insert
[111 of 130] Compiling Gogol.Admin.Directory.Users.Aliases.List
[112 of 130] Compiling Gogol.Admin.Directory.Users.Aliases.Watch
[113 of 130] Compiling Gogol.Admin.Directory.Users.Delete
[114 of 130] Compiling Gogol.Admin.Directory.Users.Get
[115 of 130] Compiling Gogol.Admin.Directory.Users.Insert
[116 of 130] Compiling Gogol.Admin.Directory.Users.List
[117 of 130] Compiling Gogol.Admin.Directory.Users.MakeAdmin
[118 of 130] Compiling Gogol.Admin.Directory.Users.Patch
[119 of 130] Compiling Gogol.Admin.Directory.Users.Photos.Delete
[120 of 130] Compiling Gogol.Admin.Directory.Users.Photos.Get
[121 of 130] Compiling Gogol.Admin.Directory.Users.Photos.Patch
[122 of 130] Compiling Gogol.Admin.Directory.Users.Photos.Update
[123 of 130] Compiling Gogol.Admin.Directory.Users.SignOut
[124 of 130] Compiling Gogol.Admin.Directory.Users.Undelete
[125 of 130] Compiling Gogol.Admin.Directory.Users.Update
[126 of 130] Compiling Gogol.Admin.Directory.Users.Watch
[127 of 130] Compiling Gogol.Admin.Directory.VerificationCodes.Generate
[128 of 130] Compiling Gogol.Admin.Directory.VerificationCodes.Invalidate
[129 of 130] Compiling Gogol.Admin.Directory.VerificationCodes.List
[130 of 130] Compiling Gogol.Admin.Directory
