Resolving dependencies...
Build profile: -w ghc-9.10.2 -O1
In order, the following will be built (use -v for more details):
 - tasty-html-0.4.2.2 (lib) (first run)
 - tasty-html-0.4.2.2 (exe:tasty-html-pass) (first run)
 - tasty-html-0.4.2.2 (exe:tasty-html-fail) (first run)
Configuring library for tasty-html-0.4.2.2...
Warning: [git-protocol] Cloning over git:// might lead to an arbitrary code
execution vulnerability. Furthermore, popular forges like GitHub do not
support it. Use https:// or ssh:// instead.
Preprocessing library for tasty-html-0.4.2.2...
Building library for tasty-html-0.4.2.2...
[1 of 2] Compiling Paths_tasty_html
[2 of 2] Compiling Test.Tasty.Runners.Html
Configuring executable 'tasty-html-pass' for tasty-html-0.4.2.2...
Warning: [git-protocol] Cloning over git:// might lead to an arbitrary code
execution vulnerability. Furthermore, popular forges like GitHub do not
support it. Use https:// or ssh:// instead.
Preprocessing executable 'tasty-html-pass' for tasty-html-0.4.2.2...
Building executable 'tasty-html-pass' for tasty-html-0.4.2.2...
[1 of 1] Compiling Main
examples/pass.hs:24:28: warning: [GHC-18042] [-Wtype-defaults]
    • Defaulting the type variable ‘b0’ to type ‘Integer’ in the following constraints
        (Integral b0) arising from a use of ‘^’ at examples/pass.hs:24:28
        (Num b0) arising from the literal ‘7’ at examples/pass.hs:24:29
    • In the first argument of ‘(-)’, namely ‘(x :: Integer) ^ 7’
      In the first argument of ‘mod’, namely ‘((x :: Integer) ^ 7 - x)’
      In the first argument of ‘(==)’, namely
        ‘((x :: Integer) ^ 7 - x) `mod` 7’
   |
24 |       \x -> ((x :: Integer)^7 - x) `mod` 7 == 0
   |                            ^

examples/pass.hs:32:28: warning: [GHC-18042] [-Wtype-defaults]
    • Defaulting the type variable ‘b0’ to type ‘Integer’ in the following constraints
        (Integral b0) arising from a use of ‘^’ at examples/pass.hs:32:28
        (Num b0) arising from the literal ‘7’ at examples/pass.hs:32:29
    • In the first argument of ‘(-)’, namely ‘(x :: Integer) ^ 7’
      In the first argument of ‘mod’, namely ‘((x :: Integer) ^ 7 - x)’
      In the first argument of ‘(==)’, namely
        ‘((x :: Integer) ^ 7 - x) `mod` 7’
   |
32 |       \x -> ((x :: Integer)^7 - x) `mod` 7 == 0
   |                            ^

examples/pass.hs:38:8: warning: [GHC-18042] [-Wtype-defaults]
    • Defaulting the type variable ‘a0’ to type ‘Integer’ in the following constraints
        (Num a0) arising from the literal ‘1’ at examples/pass.hs:38:8
        (Ord a0)
          arising from a use of ‘compare’ at examples/pass.hs:38:17-25
    • In the expression: 1
      In the first argument of ‘compare’, namely ‘[1, 2, 3]’
      In the first argument of ‘(@?=)’, namely
        ‘[1, 2, 3] `compare` [1, 2]’
   |
38 |       [1, 2, 3] `compare` [1,2] @?= GT
   |        ^

[2 of 2] Linking dist-newstyle/build/x86_64-linux/ghc-9.10.2/tasty-html-0.4.2.2/x/tasty-html-pass/build/tasty-html-pass/tasty-html-pass
Configuring executable 'tasty-html-fail' for tasty-html-0.4.2.2...
Warning: [git-protocol] Cloning over git:// might lead to an arbitrary code
execution vulnerability. Furthermore, popular forges like GitHub do not
support it. Use https:// or ssh:// instead.
Preprocessing executable 'tasty-html-fail' for tasty-html-0.4.2.2...
Building executable 'tasty-html-fail' for tasty-html-0.4.2.2...
[1 of 1] Compiling Main
examples/fail.hs:24:29: warning: [GHC-18042] [-Wtype-defaults]
    • Defaulting the type variable ‘b0’ to type ‘Integer’ in the following constraints
        (Num b0) arising from the literal ‘7’ at examples/fail.hs:24:29
        (Integral b0) arising from a use of ‘^’ at examples/fail.hs:24:28
    • In the second argument of ‘(^)’, namely ‘7’
      In the first argument of ‘(-)’, namely ‘(x :: Integer) ^ 7’
      In the first argument of ‘mod’, namely ‘((x :: Integer) ^ 7 - x)’
   |
24 |       \x -> ((x :: Integer)^7 - x) `mod` 7 == 0
   |                             ^

examples/fail.hs:36:29: warning: [GHC-18042] [-Wtype-defaults]
    • Defaulting the type variable ‘b0’ to type ‘Integer’ in the following constraints
        (Num b0) arising from the literal ‘7’ at examples/fail.hs:36:29
        (Integral b0) arising from a use of ‘^’ at examples/fail.hs:36:28
    • In the second argument of ‘(^)’, namely ‘7’
      In the first argument of ‘(-)’, namely ‘(x :: Integer) ^ 7’
      In the first argument of ‘mod’, namely ‘((x :: Integer) ^ 7 - x)’
   |
36 |       \x -> ((x :: Integer)^7 - x) `mod` 7 == 0
   |                             ^

examples/fail.hs:46:8: warning: [GHC-18042] [-Wtype-defaults]
    • Defaulting the type variable ‘a0’ to type ‘Integer’ in the following constraints
        (Num a0) arising from the literal ‘1’ at examples/fail.hs:46:8
        (Ord a0)
          arising from a use of ‘compare’ at examples/fail.hs:46:17-25
    • In the expression: 1
      In the first argument of ‘compare’, namely ‘[1, 2, 3]’
      In the first argument of ‘(@?=)’, namely
        ‘[1, 2, 3] `compare` [1, 2]’
   |
46 |       [1, 2, 3] `compare` [1,2] @?= GT
   |        ^

examples/fail.hs:50:8: warning: [GHC-18042] [-Wtype-defaults]
    • Defaulting the type variable ‘a0’ to type ‘Integer’ in the following constraints
        (Num a0) arising from the literal ‘1’ at examples/fail.hs:50:8
        (Ord a0)
          arising from a use of ‘compare’ at examples/fail.hs:50:17-25
    • In the expression: 1
      In the first argument of ‘compare’, namely ‘[1, 2, 3]’
      In the first argument of ‘(@?=)’, namely
        ‘[1, 2, 3] `compare` [1, 2, 2]’
   |
50 |       [1, 2, 3] `compare` [1,2,2] @?= LT
   |        ^

[2 of 2] Linking dist-newstyle/build/x86_64-linux/ghc-9.10.2/tasty-html-0.4.2.2/x/tasty-html-fail/build/tasty-html-fail/tasty-html-fail
