Resolving dependencies...
Build profile: -w ghc-9.10.2 -O1
In order, the following will be built (use -v for more details):
 - gogol-fitness-1.0.0 (lib) (first run)
Configuring library for gogol-fitness-1.0.0...
Warning: [git-protocol] Cloning over git:// might lead to an arbitrary code
execution vulnerability. Furthermore, popular forges like GitHub do not
support it. Use https:// or ssh:// instead.
Preprocessing library for gogol-fitness-1.0.0...
Building library for gogol-fitness-1.0.0...
[ 1 of 17] Compiling Gogol.Fitness.Internal.Sum
[ 2 of 17] Compiling Gogol.Fitness.Internal.Product
[ 3 of 17] Compiling Gogol.Fitness.Types
[ 4 of 17] Compiling Gogol.Fitness.Users.DataSources.Create
[ 5 of 17] Compiling Gogol.Fitness.Users.DataSources.DataPointChanges.List
[ 6 of 17] Compiling Gogol.Fitness.Users.DataSources.Datasets.Delete
[ 7 of 17] Compiling Gogol.Fitness.Users.DataSources.Datasets.Get
[ 8 of 17] Compiling Gogol.Fitness.Users.DataSources.Datasets.Patch
[ 9 of 17] Compiling Gogol.Fitness.Users.DataSources.Delete
[10 of 17] Compiling Gogol.Fitness.Users.DataSources.Get
[11 of 17] Compiling Gogol.Fitness.Users.DataSources.List
[12 of 17] Compiling Gogol.Fitness.Users.DataSources.Update
[13 of 17] Compiling Gogol.Fitness.Users.Dataset.Aggregate
[14 of 17] Compiling Gogol.Fitness.Users.Sessions.Delete
[15 of 17] Compiling Gogol.Fitness.Users.Sessions.List
[16 of 17] Compiling Gogol.Fitness.Users.Sessions.Update
[17 of 17] Compiling Gogol.Fitness
