Resolving dependencies...
Build profile: -w ghc-9.10.2 -O1
In order, the following will be built (use -v for more details):
 - threepenny-gui-0.9.4.2 (lib) (first run)
Configuring library for threepenny-gui-0.9.4.2...
Preprocessing library for threepenny-gui-0.9.4.2...
Building library for threepenny-gui-0.9.4.2...
[ 1 of 29] Compiling Foreign.JavaScript.Include
[ 2 of 29] Compiling Foreign.JavaScript.Resources
[ 3 of 29] Compiling Foreign.RemotePtr
[ 4 of 29] Compiling Foreign.JavaScript.Types
[ 5 of 29] Compiling Foreign.JavaScript.Server
[ 6 of 29] Compiling Foreign.JavaScript.CallBuffer
[ 7 of 29] Compiling Foreign.JavaScript.EventLoop
[ 8 of 29] Compiling Foreign.JavaScript.Marshal
[ 9 of 29] Compiling Foreign.JavaScript
[10 of 29] Compiling Paths_threepenny_gui
[11 of 29] Compiling Reactive.Threepenny.Memo
[12 of 29] Compiling Reactive.Threepenny.Types
[13 of 29] Compiling Reactive.Threepenny.Monads
[14 of 29] Compiling Reactive.Threepenny.PulseLatch
[15 of 29] Compiling Reactive.Threepenny
[16 of 29] Compiling Graphics.UI.Threepenny.Internal
[17 of 29] Compiling Graphics.UI.Threepenny.Core
[18 of 29] Compiling Graphics.UI.Threepenny.Timer
[19 of 29] Compiling Graphics.UI.Threepenny.SVG.Elements
[20 of 29] Compiling Graphics.UI.Threepenny.SVG.Attributes
[21 of 29] Compiling Graphics.UI.Threepenny.SVG
[22 of 29] Compiling Graphics.UI.Threepenny.JQuery
[23 of 29] Compiling Graphics.UI.Threepenny.Elements
[24 of 29] Compiling Graphics.UI.Threepenny.DragNDrop
[25 of 29] Compiling Graphics.UI.Threepenny.Canvas
[26 of 29] Compiling Graphics.UI.Threepenny.Attributes
[27 of 29] Compiling Graphics.UI.Threepenny.Events
src/Graphics/UI/Threepenny/Events.hs:140:34: warning: [GHC-63394] [-Wx-partial]
    In the use of ‘head’
    (imported from Prelude, but defined in GHC.Internal.List):
    "This is a partial function, it throws an error on empty lists. Use pattern matching, 'Data.List.uncons' or 'Data.Maybe.listToMaybe' instead. Consider refactoring to use "Data.List.NonEmpty"."
    |
140 | keypress = fmap (toEnum . read . head . unsafeFromJSON) . domEvent "keypress"
    |                                  ^^^^

[28 of 29] Compiling Graphics.UI.Threepenny.Widgets
[29 of 29] Compiling Graphics.UI.Threepenny
