Resolving dependencies...
Build profile: -w ghc-9.10.2 -O1
In order, the following will be built (use -v for more details):
 - generic-lexicographic-order-0.1.0.1 (lib) (first run)
 - generic-lexicographic-order-0.1.0.1 (test:spec) (first run)
Configuring library for generic-lexicographic-order-0.1.0.1...
Preprocessing library for generic-lexicographic-order-0.1.0.1...
Building library for generic-lexicographic-order-0.1.0.1...
[1 of 2] Compiling Data.Lexicographic.Generic.Internal
[2 of 2] Compiling Data.Lexicographic.Generic
Configuring test suite 'spec' for generic-lexicographic-order-0.1.0.1...
Preprocessing test suite 'spec' for generic-lexicographic-order-0.1.0.1...
Building test suite 'spec' for generic-lexicographic-order-0.1.0.1...
[1 of 3] Compiling Data.Lexicographic.Generic.Internal
[2 of 3] Compiling Data.Lexicographic.Generic
[3 of 3] Compiling Main
spec/spec.hs:39:67: warning: [GHC-63394] [-Wx-partial]
    In the use of ‘tail’
    (imported from Prelude, but defined in GHC.Internal.List):
    "This is a partial function, it throws an error on empty lists. Replace it with 'drop' 1, or use pattern matching or 'GHC.Internal.Data.List.uncons' instead. Consider refactoring to use "Data.List.NonEmpty"."
   |
39 |   assert "coherent with Ord" $ pure $ and $ zipWith (<) subject $ tail subject
   |                                                                   ^^^^

[4 of 4] Linking dist-newstyle/build/x86_64-linux/ghc-9.10.2/generic-lexicographic-order-0.1.0.1/t/spec/build/spec/spec
