Resolving dependencies...
Build profile: -w ghc-9.10.2 -O1
In order, the following will be built (use -v for more details):
 - tools-yj-0.1.0.45 (lib) (first run)
 - tools-yj-0.1.0.45 (test:tools-yj-test) (first run)
Configuring library for tools-yj-0.1.0.45...
Preprocessing library for tools-yj-0.1.0.45...
Building library for tools-yj-0.1.0.45...
[ 1 of 24] Compiling Control.Concurrent.STM.ToolsYj
[ 2 of 24] Compiling Control.Monad.ToolsYj
src/Control/Monad/ToolsYj.hs:1:1: warning: [GHC-85401] [-Wmissing-export-lists]
    The export item ‘module Control.Monad.ToolsYj’ is missing an export list
  |
1 | {-# LANGUAGE BlockArguments #-}
  | ^

[ 3 of 24] Compiling Data.Bits.ToolsYj
[ 4 of 24] Compiling Data.Bool.ToolsYj
[ 5 of 24] Compiling Data.ByteString.Lazy.ToolsYj
[ 6 of 24] Compiling Data.ByteString.ToolsYj
[ 7 of 24] Compiling Data.Either.ToolsYj
[ 8 of 24] Compiling Data.Function.ToolsYj
[ 9 of 24] Compiling Data.IORef.ToolsYj
[10 of 24] Compiling Data.List.ToolsYj
[11 of 24] Compiling Data.Maybe.ToolsYj
[12 of 24] Compiling Data.Ord.ToolsYj
[13 of 24] Compiling Data.Sequence.ToolsYj
[14 of 24] Compiling Data.Sequence.Word8
[15 of 24] Compiling Data.Sequences.ToolsYj
[16 of 24] Compiling Data.Text.ToolsYj
[17 of 24] Compiling Data.Tuple.ToolsYj
[18 of 24] Compiling Data.Word.Adler32
[19 of 24] Compiling Data.Word.Crc32
[20 of 24] Compiling Data.Word.ToolsYj
[21 of 24] Compiling Data.Word.Word8
src/Data/Word/Word8.hs:1:1: warning: [GHC-85401] [-Wmissing-export-lists]
    The export item ‘module Data.Word.Word8’ is missing an export list
  |
1 | {-# LANGUAGE ScopedTypeVariables, TypeApplications #-}
  | ^

[22 of 24] Compiling Foreign.C.ByteArray
src/Foreign/C/ByteArray.hs:1:1: warning: [GHC-85401] [-Wmissing-export-lists]
    The export item ‘module Foreign.C.ByteArray’ is missing an export list
  |
1 | {-# LANGUAGE ImportQualifiedPost #-}
  | ^

[23 of 24] Compiling Paths_tools_yj
[24 of 24] Compiling Text.Show.ToolsYj
Configuring test suite 'tools-yj-test' for tools-yj-0.1.0.45...
Preprocessing test suite 'tools-yj-test' for tools-yj-0.1.0.45...
Building test suite 'tools-yj-test' for tools-yj-0.1.0.45...
[1 of 2] Compiling Main
[2 of 2] Compiling Paths_tools_yj
[3 of 3] Linking /tmp/workdir-tools-yj/tools-yj-0.1.0.45/dist-newstyle/build/x86_64-linux/ghc-9.10.2/tools-yj-0.1.0.45/t/tools-yj-test/build/tools-yj-test/tools-yj-test
