Resolving dependencies...
Build profile: -w ghc-9.10.2 -O1
In order, the following will be built (use -v for more details):
 - constrained-categories-0.4.2.0 (lib) (first run)
Configuring library for constrained-categories-0.4.2.0...
Preprocessing library for constrained-categories-0.4.2.0...
Building library for constrained-categories-0.4.2.0...
[ 1 of 13] Compiling Control.Category.Discrete
[ 2 of 13] Compiling Control.Category.Hask
[ 3 of 13] Compiling Data.CategoryObject.Product
Data/CategoryObject/Product.hs:48:3: warning: [GHC-50928] [-Wnoncanonical-monoid-instances]
    Noncanonical ‘mappend’ definition detected
    in the instance declaration for ‘Monoid (ProductCatObj a b)’.
    ‘mappend’ will eventually be removed in favour of ‘(<>)’
    Suggested fix:
      Either remove definition for ‘mappend’ (recommended) or define as ‘mappend = (<>)’
      See also: https://gitlab.haskell.org/ghc/ghc/-/wikis/proposal/semigroup-monoid
   |
48 |   mappend (ProductCatObj x y) (ProductCatObj w z)
   |   ^^^^^^^^^^^^^^^^^^^^^^^^^^^^^^^^^^^^^^^^^^^^^^^...

[ 4 of 13] Compiling Control.Category.Constrained
Control/Category/Constrained.hs:135:35: warning: [GHC-39567] [-Wstar-is-type]
    Using ‘*’ (or its Unicode variant) to mean ‘Data.Kind.Type’
    relies on the StarIsType extension, which will become
    deprecated in the future.
    Suggested fix: Use ‘Type’ from ‘Data.Kind’ instead.
    |
135 | newtype ConstrainedCategory (k :: * -> * -> *) (o :: * -> Constraint) (a :: *) (b :: *)
    |                                   ^

Control/Category/Constrained.hs:135:40: warning: [GHC-39567] [-Wstar-is-type]
    Using ‘*’ (or its Unicode variant) to mean ‘Data.Kind.Type’
    relies on the StarIsType extension, which will become
    deprecated in the future.
    Suggested fix: Use ‘Type’ from ‘Data.Kind’ instead.
    |
135 | newtype ConstrainedCategory (k :: * -> * -> *) (o :: * -> Constraint) (a :: *) (b :: *)
    |                                        ^

Control/Category/Constrained.hs:135:45: warning: [GHC-39567] [-Wstar-is-type]
    Using ‘*’ (or its Unicode variant) to mean ‘Data.Kind.Type’
    relies on the StarIsType extension, which will become
    deprecated in the future.
    Suggested fix: Use ‘Type’ from ‘Data.Kind’ instead.
    |
135 | newtype ConstrainedCategory (k :: * -> * -> *) (o :: * -> Constraint) (a :: *) (b :: *)
    |                                             ^

Control/Category/Constrained.hs:135:54: warning: [GHC-39567] [-Wstar-is-type]
    Using ‘*’ (or its Unicode variant) to mean ‘Data.Kind.Type’
    relies on the StarIsType extension, which will become
    deprecated in the future.
    Suggested fix: Use ‘Type’ from ‘Data.Kind’ instead.
    |
135 | newtype ConstrainedCategory (k :: * -> * -> *) (o :: * -> Constraint) (a :: *) (b :: *)
    |                                                      ^

Control/Category/Constrained.hs:135:77: warning: [GHC-39567] [-Wstar-is-type]
    Using ‘*’ (or its Unicode variant) to mean ‘Data.Kind.Type’
    relies on the StarIsType extension, which will become
    deprecated in the future.
    Suggested fix: Use ‘Type’ from ‘Data.Kind’ instead.
    |
135 | newtype ConstrainedCategory (k :: * -> * -> *) (o :: * -> Constraint) (a :: *) (b :: *)
    |                                                                             ^

Control/Category/Constrained.hs:135:86: warning: [GHC-39567] [-Wstar-is-type]
    Using ‘*’ (or its Unicode variant) to mean ‘Data.Kind.Type’
    relies on the StarIsType extension, which will become
    deprecated in the future.
    Suggested fix: Use ‘Type’ from ‘Data.Kind’ instead.
    |
135 | newtype ConstrainedCategory (k :: * -> * -> *) (o :: * -> Constraint) (a :: *) (b :: *)
    |                                                                                      ^

Control/Category/Constrained.hs:253:24: warning: [GHC-39567] [-Wstar-is-type]
    Using ‘*’ (or its Unicode variant) to mean ‘Data.Kind.Type’
    relies on the StarIsType extension, which will become
    deprecated in the future.
    Suggested fix: Use ‘Type’ from ‘Data.Kind’ instead.
    |
253 |   type UnitObject k :: *
    |                        ^

Control/Category/Constrained.hs:318:24: warning: [GHC-39567] [-Wstar-is-type]
    Using ‘*’ (or its Unicode variant) to mean ‘Data.Kind.Type’
    relies on the StarIsType extension, which will become
    deprecated in the future.
    Suggested fix: Use ‘Type’ from ‘Data.Kind’ instead.
    |
318 |   type ZeroObject k :: *
    |                        ^

Control/Category/Constrained.hs:460:26: warning: [GHC-39567] [-Wstar-is-type]
    Using ‘*’ (or its Unicode variant) to mean ‘Data.Kind.Type’
    relies on the StarIsType extension, which will become
    deprecated in the future.
    Suggested fix: Use ‘Type’ from ‘Data.Kind’ instead.
    |
460 |   type AgentVal k a v :: *
    |                          ^

[ 5 of 13] Compiling Control.Functor.Constrained
[ 6 of 13] Compiling Control.Arrow.Constrained
[ 7 of 13] Compiling Control.Applicative.Constrained
[ 8 of 13] Compiling Data.Foldable.Constrained
Data/Foldable/Constrained.hs:86:25: warning: [GHC-39567] [-Wstar-is-type]
    Using ‘*’ (or its Unicode variant) to mean ‘Data.Kind.Type’
    relies on the StarIsType extension, which will become
    deprecated in the future.
    Suggested fix: Use ‘Type’ from ‘Data.Kind’ instead.
   |
86 | newtype Monoidal_ (r :: * -> * -> *) (s :: * -> * -> *) (f :: * -> *) (u :: *) 
   |                         ^

Data/Foldable/Constrained.hs:86:30: warning: [GHC-39567] [-Wstar-is-type]
    Using ‘*’ (or its Unicode variant) to mean ‘Data.Kind.Type’
    relies on the StarIsType extension, which will become
    deprecated in the future.
    Suggested fix: Use ‘Type’ from ‘Data.Kind’ instead.
   |
86 | newtype Monoidal_ (r :: * -> * -> *) (s :: * -> * -> *) (f :: * -> *) (u :: *) 
   |                              ^

Data/Foldable/Constrained.hs:86:35: warning: [GHC-39567] [-Wstar-is-type]
    Using ‘*’ (or its Unicode variant) to mean ‘Data.Kind.Type’
    relies on the StarIsType extension, which will become
    deprecated in the future.
    Suggested fix: Use ‘Type’ from ‘Data.Kind’ instead.
   |
86 | newtype Monoidal_ (r :: * -> * -> *) (s :: * -> * -> *) (f :: * -> *) (u :: *) 
   |                                   ^

Data/Foldable/Constrained.hs:86:44: warning: [GHC-39567] [-Wstar-is-type]
    Using ‘*’ (or its Unicode variant) to mean ‘Data.Kind.Type’
    relies on the StarIsType extension, which will become
    deprecated in the future.
    Suggested fix: Use ‘Type’ from ‘Data.Kind’ instead.
   |
86 | newtype Monoidal_ (r :: * -> * -> *) (s :: * -> * -> *) (f :: * -> *) (u :: *) 
   |                                            ^

Data/Foldable/Constrained.hs:86:49: warning: [GHC-39567] [-Wstar-is-type]
    Using ‘*’ (or its Unicode variant) to mean ‘Data.Kind.Type’
    relies on the StarIsType extension, which will become
    deprecated in the future.
    Suggested fix: Use ‘Type’ from ‘Data.Kind’ instead.
   |
86 | newtype Monoidal_ (r :: * -> * -> *) (s :: * -> * -> *) (f :: * -> *) (u :: *) 
   |                                                 ^

Data/Foldable/Constrained.hs:86:54: warning: [GHC-39567] [-Wstar-is-type]
    Using ‘*’ (or its Unicode variant) to mean ‘Data.Kind.Type’
    relies on the StarIsType extension, which will become
    deprecated in the future.
    Suggested fix: Use ‘Type’ from ‘Data.Kind’ instead.
   |
86 | newtype Monoidal_ (r :: * -> * -> *) (s :: * -> * -> *) (f :: * -> *) (u :: *) 
   |                                                      ^

Data/Foldable/Constrained.hs:86:63: warning: [GHC-39567] [-Wstar-is-type]
    Using ‘*’ (or its Unicode variant) to mean ‘Data.Kind.Type’
    relies on the StarIsType extension, which will become
    deprecated in the future.
    Suggested fix: Use ‘Type’ from ‘Data.Kind’ instead.
   |
86 | newtype Monoidal_ (r :: * -> * -> *) (s :: * -> * -> *) (f :: * -> *) (u :: *) 
   |                                                               ^

Data/Foldable/Constrained.hs:86:68: warning: [GHC-39567] [-Wstar-is-type]
    Using ‘*’ (or its Unicode variant) to mean ‘Data.Kind.Type’
    relies on the StarIsType extension, which will become
    deprecated in the future.
    Suggested fix: Use ‘Type’ from ‘Data.Kind’ instead.
   |
86 | newtype Monoidal_ (r :: * -> * -> *) (s :: * -> * -> *) (f :: * -> *) (u :: *) 
   |                                                                    ^

Data/Foldable/Constrained.hs:86:77: warning: [GHC-39567] [-Wstar-is-type]
    Using ‘*’ (or its Unicode variant) to mean ‘Data.Kind.Type’
    relies on the StarIsType extension, which will become
    deprecated in the future.
    Suggested fix: Use ‘Type’ from ‘Data.Kind’ instead.
   |
86 | newtype Monoidal_ (r :: * -> * -> *) (s :: * -> * -> *) (f :: * -> *) (u :: *) 
   |                                                                             ^

[ 9 of 13] Compiling Data.Traversable.Constrained
[10 of 13] Compiling Control.Monad.Constrained
Control/Monad/Constrained.hs:195:46: warning: [GHC-47082] [-Woperator-whitespace-ext-conflict]
    The prefix use of a ‘$’ would denote an untyped splice
      were the TemplateHaskell extension enabled.
    Suggested fix: Add whitespace after the ‘$’.
    |
195 |                \(b,c) -> join . fmap (arr $ ($c) . runKleisli) . fCur $ b
    |                                              ^

[11 of 13] Compiling Control.Category.Constrained.Prelude
[12 of 13] Compiling Control.Category.Constrained.Reified
Control/Category/Constrained/Reified.hs:90:23: warning: [GHC-39567] [-Wstar-is-type]
    Using ‘*’ (or its Unicode variant) to mean ‘Data.Kind.Type’
    relies on the StarIsType extension, which will become
    deprecated in the future.
    Suggested fix: Use ‘Type’ from ‘Data.Kind’ instead.
   |
90 | data ReCategory (k :: * -> * -> *) (α :: *) (β :: *) where
   |                       ^

Control/Category/Constrained/Reified.hs:90:28: warning: [GHC-39567] [-Wstar-is-type]
    Using ‘*’ (or its Unicode variant) to mean ‘Data.Kind.Type’
    relies on the StarIsType extension, which will become
    deprecated in the future.
    Suggested fix: Use ‘Type’ from ‘Data.Kind’ instead.
   |
90 | data ReCategory (k :: * -> * -> *) (α :: *) (β :: *) where
   |                            ^

Control/Category/Constrained/Reified.hs:90:33: warning: [GHC-39567] [-Wstar-is-type]
    Using ‘*’ (or its Unicode variant) to mean ‘Data.Kind.Type’
    relies on the StarIsType extension, which will become
    deprecated in the future.
    Suggested fix: Use ‘Type’ from ‘Data.Kind’ instead.
   |
90 | data ReCategory (k :: * -> * -> *) (α :: *) (β :: *) where
   |                                 ^

Control/Category/Constrained/Reified.hs:90:42: warning: [GHC-39567] [-Wstar-is-type]
    Using ‘*’ (or its Unicode variant) to mean ‘Data.Kind.Type’
    relies on the StarIsType extension, which will become
    deprecated in the future.
    Suggested fix: Use ‘Type’ from ‘Data.Kind’ instead.
   |
90 | data ReCategory (k :: * -> * -> *) (α :: *) (β :: *) where
   |                                          ^

Control/Category/Constrained/Reified.hs:90:51: warning: [GHC-39567] [-Wstar-is-type]
    Using ‘*’ (or its Unicode variant) to mean ‘Data.Kind.Type’
    relies on the StarIsType extension, which will become
    deprecated in the future.
    Suggested fix: Use ‘Type’ from ‘Data.Kind’ instead.
   |
90 | data ReCategory (k :: * -> * -> *) (α :: *) (β :: *) where
   |                                                   ^

Control/Category/Constrained/Reified.hs:134:24: warning: [GHC-39567] [-Wstar-is-type]
    Using ‘*’ (or its Unicode variant) to mean ‘Data.Kind.Type’
    relies on the StarIsType extension, which will become
    deprecated in the future.
    Suggested fix: Use ‘Type’ from ‘Data.Kind’ instead.
    |
134 | data ReCartesian (k :: * -> * -> *) (α :: *) (β :: *) where
    |                        ^

Control/Category/Constrained/Reified.hs:134:29: warning: [GHC-39567] [-Wstar-is-type]
    Using ‘*’ (or its Unicode variant) to mean ‘Data.Kind.Type’
    relies on the StarIsType extension, which will become
    deprecated in the future.
    Suggested fix: Use ‘Type’ from ‘Data.Kind’ instead.
    |
134 | data ReCartesian (k :: * -> * -> *) (α :: *) (β :: *) where
    |                             ^

Control/Category/Constrained/Reified.hs:134:34: warning: [GHC-39567] [-Wstar-is-type]
    Using ‘*’ (or its Unicode variant) to mean ‘Data.Kind.Type’
    relies on the StarIsType extension, which will become
    deprecated in the future.
    Suggested fix: Use ‘Type’ from ‘Data.Kind’ instead.
    |
134 | data ReCartesian (k :: * -> * -> *) (α :: *) (β :: *) where
    |                                  ^

Control/Category/Constrained/Reified.hs:134:43: warning: [GHC-39567] [-Wstar-is-type]
    Using ‘*’ (or its Unicode variant) to mean ‘Data.Kind.Type’
    relies on the StarIsType extension, which will become
    deprecated in the future.
    Suggested fix: Use ‘Type’ from ‘Data.Kind’ instead.
    |
134 | data ReCartesian (k :: * -> * -> *) (α :: *) (β :: *) where
    |                                           ^

Control/Category/Constrained/Reified.hs:134:52: warning: [GHC-39567] [-Wstar-is-type]
    Using ‘*’ (or its Unicode variant) to mean ‘Data.Kind.Type’
    relies on the StarIsType extension, which will become
    deprecated in the future.
    Suggested fix: Use ‘Type’ from ‘Data.Kind’ instead.
    |
134 | data ReCartesian (k :: * -> * -> *) (α :: *) (β :: *) where
    |                                                    ^

Control/Category/Constrained/Reified.hs:135:322: warning: [GHC-58520] [-Wtype-equality-requires-operators]
    The use of ‘~’ without TypeOperators
    will become an error in a future GHC release.
    Suggested fix: Perhaps you intended to use TypeOperators
    |
135 |     RECARTESIAN(Cartesian)
    |                                                                                                                                                                                                                                                                                                                                  ^

Control/Category/Constrained/Reified.hs:135:420: warning: [GHC-58520] [-Wtype-equality-requires-operators]
    The use of ‘~’ without TypeOperators
    will become an error in a future GHC release.
    Suggested fix: Perhaps you intended to use TypeOperators
    |
135 |     RECARTESIAN(Cartesian)
    |                                                                                                                                                                                                                                                                                                                                                                                                                                    ^

Control/Category/Constrained/Reified.hs:181:23: warning: [GHC-39567] [-Wstar-is-type]
    Using ‘*’ (or its Unicode variant) to mean ‘Data.Kind.Type’
    relies on the StarIsType extension, which will become
    deprecated in the future.
    Suggested fix: Use ‘Type’ from ‘Data.Kind’ instead.
    |
181 | data ReMorphism (k :: * -> * -> *) (α :: *) (β :: *) where
    |                       ^

Control/Category/Constrained/Reified.hs:181:28: warning: [GHC-39567] [-Wstar-is-type]
    Using ‘*’ (or its Unicode variant) to mean ‘Data.Kind.Type’
    relies on the StarIsType extension, which will become
    deprecated in the future.
    Suggested fix: Use ‘Type’ from ‘Data.Kind’ instead.
    |
181 | data ReMorphism (k :: * -> * -> *) (α :: *) (β :: *) where
    |                            ^

Control/Category/Constrained/Reified.hs:181:33: warning: [GHC-39567] [-Wstar-is-type]
    Using ‘*’ (or its Unicode variant) to mean ‘Data.Kind.Type’
    relies on the StarIsType extension, which will become
    deprecated in the future.
    Suggested fix: Use ‘Type’ from ‘Data.Kind’ instead.
    |
181 | data ReMorphism (k :: * -> * -> *) (α :: *) (β :: *) where
    |                                 ^

Control/Category/Constrained/Reified.hs:181:42: warning: [GHC-39567] [-Wstar-is-type]
    Using ‘*’ (or its Unicode variant) to mean ‘Data.Kind.Type’
    relies on the StarIsType extension, which will become
    deprecated in the future.
    Suggested fix: Use ‘Type’ from ‘Data.Kind’ instead.
    |
181 | data ReMorphism (k :: * -> * -> *) (α :: *) (β :: *) where
    |                                          ^

Control/Category/Constrained/Reified.hs:181:51: warning: [GHC-39567] [-Wstar-is-type]
    Using ‘*’ (or its Unicode variant) to mean ‘Data.Kind.Type’
    relies on the StarIsType extension, which will become
    deprecated in the future.
    Suggested fix: Use ‘Type’ from ‘Data.Kind’ instead.
    |
181 | data ReMorphism (k :: * -> * -> *) (α :: *) (β :: *) where
    |                                                   ^

Control/Category/Constrained/Reified.hs:182:311: warning: [GHC-58520] [-Wtype-equality-requires-operators]
    The use of ‘~’ without TypeOperators
    will become an error in a future GHC release.
    Suggested fix: Perhaps you intended to use TypeOperators
    |
182 |     REMORPHISM(Morphism)
    |                                                                                                                                                                                                                                                                                                                       ^

Control/Category/Constrained/Reified.hs:182:407: warning: [GHC-58520] [-Wtype-equality-requires-operators]
    The use of ‘~’ without TypeOperators
    will become an error in a future GHC release.
    Suggested fix: Perhaps you intended to use TypeOperators
    |
182 |     REMORPHISM(Morphism)
    |                                                                                                                                                                                                                                                                                                                                                                                                                       ^

Control/Category/Constrained/Reified.hs:234:23: warning: [GHC-39567] [-Wstar-is-type]
    Using ‘*’ (or its Unicode variant) to mean ‘Data.Kind.Type’
    relies on the StarIsType extension, which will become
    deprecated in the future.
    Suggested fix: Use ‘Type’ from ‘Data.Kind’ instead.
    |
234 | data RePreArrow (k :: * -> * -> *) (α :: *) (β :: *) where
    |                       ^

Control/Category/Constrained/Reified.hs:234:28: warning: [GHC-39567] [-Wstar-is-type]
    Using ‘*’ (or its Unicode variant) to mean ‘Data.Kind.Type’
    relies on the StarIsType extension, which will become
    deprecated in the future.
    Suggested fix: Use ‘Type’ from ‘Data.Kind’ instead.
    |
234 | data RePreArrow (k :: * -> * -> *) (α :: *) (β :: *) where
    |                            ^

Control/Category/Constrained/Reified.hs:234:33: warning: [GHC-39567] [-Wstar-is-type]
    Using ‘*’ (or its Unicode variant) to mean ‘Data.Kind.Type’
    relies on the StarIsType extension, which will become
    deprecated in the future.
    Suggested fix: Use ‘Type’ from ‘Data.Kind’ instead.
    |
234 | data RePreArrow (k :: * -> * -> *) (α :: *) (β :: *) where
    |                                 ^

Control/Category/Constrained/Reified.hs:234:42: warning: [GHC-39567] [-Wstar-is-type]
    Using ‘*’ (or its Unicode variant) to mean ‘Data.Kind.Type’
    relies on the StarIsType extension, which will become
    deprecated in the future.
    Suggested fix: Use ‘Type’ from ‘Data.Kind’ instead.
    |
234 | data RePreArrow (k :: * -> * -> *) (α :: *) (β :: *) where
    |                                          ^

Control/Category/Constrained/Reified.hs:234:51: warning: [GHC-39567] [-Wstar-is-type]
    Using ‘*’ (or its Unicode variant) to mean ‘Data.Kind.Type’
    relies on the StarIsType extension, which will become
    deprecated in the future.
    Suggested fix: Use ‘Type’ from ‘Data.Kind’ instead.
    |
234 | data RePreArrow (k :: * -> * -> *) (α :: *) (β :: *) where
    |                                                   ^

Control/Category/Constrained/Reified.hs:235:311: warning: [GHC-58520] [-Wtype-equality-requires-operators]
    The use of ‘~’ without TypeOperators
    will become an error in a future GHC release.
    Suggested fix: Perhaps you intended to use TypeOperators
    |
235 |     REPREARROW(PreArrow)
    |                                                                                                                                                                                                                                                                                                                       ^

Control/Category/Constrained/Reified.hs:235:407: warning: [GHC-58520] [-Wtype-equality-requires-operators]
    The use of ‘~’ without TypeOperators
    will become an error in a future GHC release.
    Suggested fix: Perhaps you intended to use TypeOperators
    |
235 |     REPREARROW(PreArrow)
    |                                                                                                                                                                                                                                                                                                                                                                                                                       ^

Control/Category/Constrained/Reified.hs:298:26: warning: [GHC-39567] [-Wstar-is-type]
    Using ‘*’ (or its Unicode variant) to mean ‘Data.Kind.Type’
    relies on the StarIsType extension, which will become
    deprecated in the future.
    Suggested fix: Use ‘Type’ from ‘Data.Kind’ instead.
    |
298 | data ReWellPointed (k :: * -> * -> *) (α :: *) (β :: *) where
    |                          ^

Control/Category/Constrained/Reified.hs:298:31: warning: [GHC-39567] [-Wstar-is-type]
    Using ‘*’ (or its Unicode variant) to mean ‘Data.Kind.Type’
    relies on the StarIsType extension, which will become
    deprecated in the future.
    Suggested fix: Use ‘Type’ from ‘Data.Kind’ instead.
    |
298 | data ReWellPointed (k :: * -> * -> *) (α :: *) (β :: *) where
    |                               ^

Control/Category/Constrained/Reified.hs:298:36: warning: [GHC-39567] [-Wstar-is-type]
    Using ‘*’ (or its Unicode variant) to mean ‘Data.Kind.Type’
    relies on the StarIsType extension, which will become
    deprecated in the future.
    Suggested fix: Use ‘Type’ from ‘Data.Kind’ instead.
    |
298 | data ReWellPointed (k :: * -> * -> *) (α :: *) (β :: *) where
    |                                    ^

Control/Category/Constrained/Reified.hs:298:45: warning: [GHC-39567] [-Wstar-is-type]
    Using ‘*’ (or its Unicode variant) to mean ‘Data.Kind.Type’
    relies on the StarIsType extension, which will become
    deprecated in the future.
    Suggested fix: Use ‘Type’ from ‘Data.Kind’ instead.
    |
298 | data ReWellPointed (k :: * -> * -> *) (α :: *) (β :: *) where
    |                                             ^

Control/Category/Constrained/Reified.hs:298:54: warning: [GHC-39567] [-Wstar-is-type]
    Using ‘*’ (or its Unicode variant) to mean ‘Data.Kind.Type’
    relies on the StarIsType extension, which will become
    deprecated in the future.
    Suggested fix: Use ‘Type’ from ‘Data.Kind’ instead.
    |
298 | data ReWellPointed (k :: * -> * -> *) (α :: *) (β :: *) where
    |                                                      ^

Control/Category/Constrained/Reified.hs:299:344: warning: [GHC-58520] [-Wtype-equality-requires-operators]
    The use of ‘~’ without TypeOperators
    will become an error in a future GHC release.
    Suggested fix: Perhaps you intended to use TypeOperators
    |
299 |     REWELLPOINTED(WellPointed)
    |                                                                                                                                                                                                                                                                                                                                                        ^

Control/Category/Constrained/Reified.hs:299:446: warning: [GHC-58520] [-Wtype-equality-requires-operators]
    The use of ‘~’ without TypeOperators
    will become an error in a future GHC release.
    Suggested fix: Perhaps you intended to use TypeOperators
    |
299 |     REWELLPOINTED(WellPointed)
    |                                                                                                                                                                                                                                                                                                                                                                                                                                                              ^

[13 of 13] Compiling Control.Category.Constrained.Reified.PolyPattern
Control/Category/Constrained/Reified/PolyPattern.hs:66:25: warning: [GHC-39567] [-Wstar-is-type]
    Using ‘*’ (or its Unicode variant) to mean ‘Data.Kind.Type’
    relies on the StarIsType extension, which will become
    deprecated in the future.
    Suggested fix: Use ‘Type’ from ‘Data.Kind’ instead.
   |
66 |   type SpecificCat k :: * -> * -> *
   |                         ^

Control/Category/Constrained/Reified/PolyPattern.hs:66:30: warning: [GHC-39567] [-Wstar-is-type]
    Using ‘*’ (or its Unicode variant) to mean ‘Data.Kind.Type’
    relies on the StarIsType extension, which will become
    deprecated in the future.
    Suggested fix: Use ‘Type’ from ‘Data.Kind’ instead.
   |
66 |   type SpecificCat k :: * -> * -> *
   |                              ^

Control/Category/Constrained/Reified/PolyPattern.hs:66:35: warning: [GHC-39567] [-Wstar-is-type]
    Using ‘*’ (or its Unicode variant) to mean ‘Data.Kind.Type’
    relies on the StarIsType extension, which will become
    deprecated in the future.
    Suggested fix: Use ‘Type’ from ‘Data.Kind’ instead.
   |
66 |   type SpecificCat k :: * -> * -> *
   |                                   ^

Control/Category/Constrained/Reified/PolyPattern.hs:106:47: warning: [GHC-58520] [-Wtype-equality-requires-operators]
    The use of ‘~’ without TypeOperators
    will become an error in a future GHC release.
    Suggested fix: Perhaps you intended to use TypeOperators
    |
106 |     IsAttachUnit :: (Object k α, UnitObject k ~ u, ObjectPair k α u)
    |                                               ^

Control/Category/Constrained/Reified/PolyPattern.hs:110:47: warning: [GHC-58520] [-Wtype-equality-requires-operators]
    The use of ‘~’ without TypeOperators
    will become an error in a future GHC release.
    Suggested fix: Perhaps you intended to use TypeOperators
    |
110 |     IsDetachUnit :: (Object k α, UnitObject k ~ u, ObjectPair k α u)
    |                                               ^

Control/Category/Constrained/Reified/PolyPattern.hs:236:45: warning: [GHC-58520] [-Wtype-equality-requires-operators]
    The use of ‘~’ without TypeOperators
    will become an error in a future GHC release.
    Suggested fix: Perhaps you intended to use TypeOperators
    |
236 |     IsTerminal :: (Object k α, UnitObject k ~ u)
    |                                             ^

