Resolving dependencies...
Build profile: -w ghc-9.10.2 -O1
In order, the following will be built (use -v for more details):
 - chimera-0.4.1.0 (lib) (first run)
 - chimera-0.4.1.0 (test:chimera-test) (first run)
Configuring library for chimera-0.4.1.0...
Preprocessing library for chimera-0.4.1.0...
Building library for chimera-0.4.1.0...
[1 of 7] Compiling Data.Chimera.Compat
[2 of 7] Compiling Data.Chimera.FromIntegral
[3 of 7] Compiling Data.Chimera.ContinuousMapping
[4 of 7] Compiling Data.Chimera.Internal
[5 of 7] Compiling Data.Chimera.Memoize
[6 of 7] Compiling Data.Chimera
[7 of 7] Compiling Data.Chimera.WheelMapping
Configuring test suite 'chimera-test' for chimera-0.4.1.0...
Preprocessing test suite 'chimera-test' for chimera-0.4.1.0...
Building test suite 'chimera-test' for chimera-0.4.1.0...
[1 of 1] Compiling Main
[2 of 2] Linking dist-newstyle/build/x86_64-linux/ghc-9.10.2/chimera-0.4.1.0/t/chimera-test/build/chimera-test/chimera-test
