Resolving dependencies...
Build profile: -w ghc-9.10.2 -O1
In order, the following will be built (use -v for more details):
 - quickcheck-instances-0.3.33 (lib) (first run)
 - quickcheck-instances-0.3.33 (test:self-test) (first run)
Configuring library for quickcheck-instances-0.3.33...
Preprocessing library for quickcheck-instances-0.3.33...
Building library for quickcheck-instances-0.3.33...
[ 1 of 26] Compiling Test.QuickCheck.Instances.Containers
[ 2 of 26] Compiling Test.QuickCheck.Instances.CustomPrelude
[ 3 of 26] Compiling Test.QuickCheck.Instances.CaseInsensitive
[ 4 of 26] Compiling Test.QuickCheck.Instances.ByteString
[ 5 of 26] Compiling Test.QuickCheck.Instances.Array
[ 6 of 26] Compiling Test.QuickCheck.Instances.DataFix
[ 7 of 26] Compiling Test.QuickCheck.Instances.Hashable
[ 8 of 26] Compiling Test.QuickCheck.Instances.Natural
[ 9 of 26] Compiling Test.QuickCheck.Instances.OldTime
[10 of 26] Compiling Test.QuickCheck.Instances.Primitive
[11 of 26] Compiling Test.QuickCheck.Instances.Array.Byte
[12 of 26] Compiling Test.QuickCheck.Instances.Scientific
[13 of 26] Compiling Test.QuickCheck.Instances.Semigroup
[14 of 26] Compiling Test.QuickCheck.Instances.Solo
[15 of 26] Compiling Test.QuickCheck.Instances.Strict
[16 of 26] Compiling Test.QuickCheck.Instances.Tagged
[17 of 26] Compiling Test.QuickCheck.Instances.Text
[18 of 26] Compiling Test.QuickCheck.Instances.Text.Short
[19 of 26] Compiling Test.QuickCheck.Instances.These
[20 of 26] Compiling Test.QuickCheck.Instances.Time
[21 of 26] Compiling Test.QuickCheck.Instances.Transformer
[22 of 26] Compiling Test.QuickCheck.Instances.UUID
[23 of 26] Compiling Test.QuickCheck.Instances.UnorderedContainers
[24 of 26] Compiling Test.QuickCheck.Instances.Vector
[25 of 26] Compiling Test.QuickCheck.Instances.Void
[26 of 26] Compiling Test.QuickCheck.Instances
Configuring test suite 'self-test' for quickcheck-instances-0.3.33...
Preprocessing test suite 'self-test' for quickcheck-instances-0.3.33...
Building test suite 'self-test' for quickcheck-instances-0.3.33...
[1 of 1] Compiling Main
[2 of 2] Linking dist-newstyle/build/x86_64-linux/ghc-9.10.2/quickcheck-instances-0.3.33/t/self-test/build/self-test/self-test
