Resolving dependencies...
Build profile: -w ghc-9.10.2 -O1
In order, the following will be built (use -v for more details):
 - web-routes-0.27.16 (lib) (first run)
 - web-routes-0.27.16 (test:Test) (first run)
Configuring library for web-routes-0.27.16...
Preprocessing library for web-routes-0.27.16...
Building library for web-routes-0.27.16...
[1 of 6] Compiling Web.Routes.Base
[2 of 6] Compiling Web.Routes.RouteT
Web/Routes/RouteT.hs:93:5: warning: [GHC-22705] [-Wnoncanonical-monad-instances]
    Noncanonical ‘return’ definition detected
    in the instance declaration for ‘Monad (RouteT url m)’.
    ‘return’ will eventually be removed in favour of ‘pure’
    Suggested fix:
      Either remove definition for ‘return’ (recommended) or define as ‘return = pure’
      See also: https://gitlab.haskell.org/ghc/ghc/-/wikis/proposal/monad-of-no-return
   |
93 |     return   = liftRouteT . return
   |     ^^^^^^^^^^^^^^^^^^^^^^^^^^^^^^

[3 of 6] Compiling Web.Routes.Site
[4 of 6] Compiling Web.Routes.PathInfo
[5 of 6] Compiling Web.Routes.QuickCheck
[6 of 6] Compiling Web.Routes
Configuring test suite 'Test' for web-routes-0.27.16...
Preprocessing test suite 'Test' for web-routes-0.27.16...
Building test suite 'Test' for web-routes-0.27.16...
[1 of 1] Compiling Main
[2 of 2] Linking dist-newstyle/build/x86_64-linux/ghc-9.10.2/web-routes-0.27.16/t/Test/build/Test/Test
